{"progress": "real-map-BurstGuides-m10202-f20202-p1-direct_guide-sitebait1-e85507bb", "time": 10.0, "bait_deployed": 0.1, "policy_bait_ready": false, "encounter": 0.1, "oracle_handoff": null, "children": 8, "active_guide_id": 8, "guide_alive": true, "active_guide_alive": true, "guided_delivered": 0}
{"progress": "real-map-BurstGuides-m10202-f20202-p1-direct_guide-sitebait1-e85507bb", "time": 20.0, "bait_deployed": 0.1, "policy_bait_ready": false, "encounter": 0.1, "oracle_handoff": null, "children": 8, "active_guide_id": 1, "guide_alive": true, "active_guide_alive": true, "guided_delivered": 0}
{"progress": "real-map-BurstGuides-m10202-f20202-p1-direct_guide-sitebait1-e85507bb", "time": 30.0, "bait_deployed": 0.1, "policy_bait_ready": false, "encounter": 0.1, "oracle_handoff": null, "children": 8, "active_guide_id": 7, "guide_alive": true, "active_guide_alive": true, "guided_delivered": 0}
{"progress": "real-map-BurstGuides-m10202-f20202-p1-direct_guide-sitebait1-e85507bb", "time": 40.0, "bait_deployed": 0.1, "policy_bait_ready": false, "encounter": 0.1, "oracle_handoff": null, "children": 8, "active_guide_id": 5, "guide_alive": true, "active_guide_alive": true, "guided_delivered": 0}
{"progress": "real-map-BurstGuides-m10202-f20202-p1-direct_guide-sitebait1-e85507bb", "time": 50.0, "bait_deployed": 0.1, "policy_bait_ready": false, "encounter": 0.1, "oracle_handoff": null, "children": 8, "active_guide_id": 9, "guide_alive": true, "active_guide_alive": true, "guided_delivered": 0}
{"progress": "real-map-BurstGuides-m10202-f20202-p1-direct_guide-sitebait1-e85507bb", "time": 60.0, "bait_deployed": 0.1, "policy_bait_ready": false, "encounter": 0.1, "oracle_handoff": null, "children": 8, "active_guide_id": 5, "guide_alive": true, "active_guide_alive": true, "guided_delivered": 0}
{"progress": "real-map-BurstGuides-m10202-f20202-p1-direct_guide-sitebait1-e85507bb", "time": 70.0, "bait_deployed": 0.1, "policy_bait_ready": false, "encounter": 0.1, "oracle_handoff": null, "children": 8, "active_guide_id": 5, "guide_alive": true, "active_guide_alive": true, "guided_delivered": 0}
{"progress": "real-map-BurstGuides-m10202-f20202-p1-direct_guide-sitebait1-e85507bb", "time": 80.0, "bait_deployed": 0.1, "policy_bait_ready": false, "encounter": 0.1, "oracle_handoff": null, "children": 8, "active_guide_id": 5, "guide_alive": true, "active_guide_alive": true, "guided_delivered": 0}
{"progress": "real-map-BurstGuides-m10202-f20202-p1-direct_guide-sitebait1-e85507bb", "time": 90.0, "bait_deployed": 0.1, "policy_bait_ready": false, "encounter": 0.1, "oracle_handoff": null, "children": 8, "active_guide_id": 5, "guide_alive": true, "active_guide_alive": true, "guided_delivered": 0}
{"progress": "real-map-BurstGuides-m10202-f20202-p1-direct_guide-sitebait1-e85507bb", "time": 100.0, "bait_deployed": 0.1, "policy_bait_ready": false, "encounter": 0.1, "oracle_handoff": null, "children": 8, "active_guide_id": 5, "guide_alive": true, "active_guide_alive": true, "guided_delivered": 0}
{"progress": "real-map-BurstGuides-m10202-f20202-p1-direct_guide-sitebait1-e85507bb", "time": 110.0, "bait_deployed": 0.1, "policy_bait_ready": false, "encounter": 0.1, "oracle_handoff": null, "children": 8, "active_guide_id": 5, "guide_alive": true, "active_guide_alive": true, "guided_delivered": 0}
{"progress": "real-map-BurstGuides-m10202-f20202-p1-direct_guide-sitebait1-e85507bb", "time": 120.0, "bait_deployed": 0.1, "policy_bait_ready": false, "encounter": 0.1, "oracle_handoff": null, "children": 8, "active_guide_id": 5, "guide_alive": true, "active_guide_alive": true, "guided_delivered": 0}
{"progress": "real-map-BurstGuides-m10202-f20202-p1-direct_guide-sitebait1-e85507bb", "time": 130.0, "bait_deployed": 0.1, "policy_bait_ready": false, "encounter": 0.1, "oracle_handoff": null, "children": 8, "active_guide_id": 5, "guide_alive": true, "active_guide_alive": true, "guided_delivered": 0}
{"progress": "real-map-BurstGuides-m10202-f20202-p1-direct_guide-sitebait1-e85507bb", "time": 140.0, "bait_deployed": 0.1, "policy_bait_ready": false, "encounter": 0.1, "oracle_handoff": null, "children": 8, "active_guide_id": 1, "guide_alive": true, "active_guide_alive": true, "guided_delivered": 0}
{"progress": "real-map-BurstGuides-m10202-f20202-p1-direct_guide-sitebait1-e85507bb", "time": 150.0, "bait_deployed": 0.1, "policy_bait_ready": false, "encounter": 0.1, "oracle_handoff": null, "children": 8, "active_guide_id": 1, "guide_alive": true, "active_guide_alive": true, "guided_delivered": 0}
{"progress": "real-map-BurstGuides-m10202-f20202-p1-direct_guide-sitebait1-e85507bb", "time": 160.0, "bait_deployed": 0.1, "policy_bait_ready": false, "encounter": 0.1, "oracle_handoff": null, "children": 8, "active_guide_id": 1, "guide_alive": true, "active_guide_alive": true, "guided_delivered": 0}
{"progress": "real-map-BurstGuides-m10202-f20202-p1-direct_guide-sitebait1-e85507bb", "time": 170.0, "bait_deployed": 0.1, "policy_bait_ready": false, "encounter": 0.1, "oracle_handoff": null, "children": 8, "active_guide_id": 1, "guide_alive": true, "active_guide_alive": true, "guided_delivered": 0}
{"progress": "real-map-BurstGuides-m10202-f20202-p1-direct_guide-sitebait1-e85507bb", "time": 180.0, "bait_deployed": 0.1, "policy_bait_ready": false, "encounter": 0.1, "oracle_handoff": null, "children": 8, "active_guide_id": 4, "guide_alive": true, "active_guide_alive": true, "guided_delivered": 0}
{"progress": "real-map-BurstGuides-m10202-f20202-p1-direct_guide-sitebait1-e85507bb", "time": 190.0, "bait_deployed": 0.1, "policy_bait_ready": false, "encounter": 0.1, "oracle_handoff": null, "children": 8, "active_guide_id": 1, "guide_alive": true, "active_guide_alive": true, "guided_delivered": 0}
{"progress": "real-map-BurstGuides-m10202-f20202-p1-direct_guide-sitebait1-e85507bb", "time": 200.0, "bait_deployed": 0.1, "policy_bait_ready": false, "encounter": 0.1, "oracle_handoff": null, "children": 8, "active_guide_id": 1, "guide_alive": true, "active_guide_alive": true, "guided_delivered": 0}
{"progress": "real-map-BurstGuides-m10202-f20202-p1-direct_guide-sitebait1-e85507bb", "time": 210.0, "bait_deployed": 0.1, "policy_bait_ready": false, "encounter": 0.1, "oracle_handoff": null, "children": 8, "active_guide_id": 1, "guide_alive": true, "active_guide_alive": true, "guided_delivered": 0}
{"progress": "real-map-BurstGuides-m10202-f20202-p1-direct_guide-sitebait1-e85507bb", "time": 220.0, "bait_deployed": 0.1, "policy_bait_ready": false, "encounter": 0.1, "oracle_handoff": null, "children": 8, "active_guide_id": 1, "guide_alive": true, "active_guide_alive": true, "guided_delivered": 0}
{"progress": "real-map-BurstGuides-m10202-f20202-p1-direct_guide-sitebait1-e85507bb", "time": 230.0, "bait_deployed": 0.1, "policy_bait_ready": false, "encounter": 0.1, "oracle_handoff": null, "children": 8, "active_guide_id": 1, "guide_alive": true, "active_guide_alive": true, "guided_delivered": 0}
{"progress": "real-map-BurstGuides-m10202-f20202-p1-direct_guide-sitebait1-e85507bb", "time": 240.0, "bait_deployed": 0.1, "policy_bait_ready": false, "encounter": 0.1, "oracle_handoff": null, "children": 8, "active_guide_id": 1, "guide_alive": true, "active_guide_alive": true, "guided_delivered": 0}
{"progress": "real-map-BurstGuides-m10202-f20202-p1-direct_guide-sitebait1-e85507bb", "time": 250.0, "bait_deployed": 0.1, "policy_bait_ready": false, "encounter": 0.1, "oracle_handoff": null, "children": 8, "active_guide_id": 1, "guide_alive": true, "active_guide_alive": true, "guided_delivered": 0}
{"progress": "real-map-BurstGuides-m10202-f20202-p1-direct_guide-sitebait1-e85507bb", "time": 260.0, "bait_deployed": 0.1, "policy_bait_ready": false, "encounter": 0.1, "oracle_handoff": null, "children": 8, "active_guide_id": 1, "guide_alive": true, "active_guide_alive": true, "guided_delivered": 0}
{"progress": "real-map-BurstGuides-m10202-f20202-p1-direct_guide-sitebait1-e85507bb", "time": 270.0, "bait_deployed": 0.1, "policy_bait_ready": false, "encounter": 0.1, "oracle_handoff": null, "children": 8, "active_guide_id": 1, "guide_alive": true, "active_guide_alive": true, "guided_delivered": 0}
{"progress": "real-map-BurstGuides-m10202-f20202-p1-direct_guide-sitebait1-e85507bb", "time": 280.0, "bait_deployed": 0.1, "policy_bait_ready": false, "encounter": 0.1, "oracle_handoff": null, "children": 8, "active_guide_id": 1, "guide_alive": true, "active_guide_alive": true, "guided_delivered": 0}
{"progress": "real-map-BurstGuides-m10202-f20202-p1-direct_guide-sitebait1-e85507bb", "time": 290.0, "bait_deployed": 0.1, "policy_bait_ready": false, "encounter": 0.1, "oracle_handoff": null, "children": 8, "active_guide_id": 1, "guide_alive": true, "active_guide_alive": true, "guided_delivered": 0}
{"progress": "real-map-BurstGuides-m10202-f20202-p1-direct_guide-sitebait1-e85507bb", "time": 300.0, "bait_deployed": 0.1, "policy_bait_ready": false, "encounter": 0.1, "oracle_handoff": null, "children": 8, "active_guide_id": 1, "guide_alive": true, "active_guide_alive": true, "guided_delivered": 0}
{"viewer_manifest_refresh": {"status": "deferred", "reason": "bounded-memory runs defer full-replay viewer processing"}}
{
  "schema": "real-map-intake-result-v2",
  "policy": "backup_guides.burst:BurstGuides",
  "policy_hash": "642725a431ee4778c1adcf100ffb45e7d85faf9c4e086f5923097f43202b7d9d",
  "harness_hashes": {
    "research/simple_chase/run_streaming_v2.py": "837e02b05d1ba3af71df0949cb30beb18a8b2844f090f8b383c692192c52719a",
    "research/simple_chase/sampling.py": "1efb7d309c4cc79bc87916c1bea72a7845e78d0c2cdf0aeaf9e2a758ceed48ab",
    "research/simple_chase/static_map.py": "197b16cbe9dd2e3dd06b81fe9481986a97bd92d9c2a55f33597cc9b7280faf3c",
    "debugger/streaming_recorder_v2.py": "d5ecda6bb39ec74a9ad86fb20458df5de7f466d73052558af9e2877be3d99b19"
  },
  "mode": "direct_guide",
  "map_seed": 10202,
  "fixture_seed": 20202,
  "static_map_hash": "77d29b78fcbcceaeb5df9594100e70f145c19a5c3efd9a5a5729656abf4e5061",
  "site": {
    "mouth": [
      1090.0198,
      571.3019
    ],
    "inward": [
      0.0,
      1.0
    ],
    "cross": [
      -1.0,
      0.0
    ],
    "goal": [
      1090.0198,
      576.3019
    ],
    "far": [
      1090.0198,
      446.3019
    ],
    "hold": [
      1090.0198,
      496.3019
    ],
    "gap": 12.8254,
    "overlap": 32.7871,
    "runup": [
      1090.0198,
      321.3019
    ],
    "approach_lane_offset": 0.0,
    "offset_approach": false,
    "obstacle_indices": [
      51,
      73
    ],
    "axis": 0,
    "other_mouth": [
      1090.0198,
      604.089
    ],
    "replacement_entry": [
      1090.0198,
      624.089
    ],
    "second_access_clear": true,
    "second_access_radius": 5.01,
    "bait_depth": 5.0,
    "boundary_indices": [],
    "geometric_replacement_access_only": true
  },
  "station_bait": true,
  "requested_seconds": 300.0,
  "seconds": 300.0,
  "reason": "horizon",
  "native_render": true,
  "reproduction_of": null,
  "record_every_ticks": 1,
  "replay_frames": 3001,
  "initial_predators": 1,
  "final_predators_total": 3,
  "tracked_predators_present_final": 1,
  "ambient_predators_spawned": 2,
  "ambient_predators_present_final": 2,
  "agent_energy_refilled": true,
  "predator_state_native": false,
  "predator_dynamics_native_after_setup": true,
  "arranged_adjacent_awake_start": true,
  "bait_id": 0,
  "guide_id": 1,
  "bait_alive": true,
  "guide_alive": true,
  "deaths": [
    {
      "time": 0.3,
      "agent_id": 2,
      "role": "native_child"
    },
    {
      "time": 186.4,
      "agent_id": 3,
      "role": "native_child"
    },
    {
      "time": 186.4,
      "agent_id": 4,
      "role": "native_child"
    },
    {
      "time": 186.4,
      "agent_id": 5,
      "role": "native_child"
    },
    {
      "time": 186.4,
      "agent_id": 6,
      "role": "native_child"
    },
    {
      "time": 186.4,
      "agent_id": 7,
      "role": "native_child"
    },
    {
      "time": 186.4,
      "agent_id": 9,
      "role": "native_child"
    }
  ],
  "spawn_requests": [
    {
      "time": 0.1,
      "parent_id": 1
    },
    {
      "time": 0.2,
      "parent_id": 1
    },
    {
      "time": 0.3,
      "parent_id": 3
    },
    {
      "time": 0.4,
      "parent_id": 3
    },
    {
      "time": 0.5,
      "parent_id": 5
    },
    {
      "time": 0.6,
      "parent_id": 5
    },
    {
      "time": 0.7,
      "parent_id": 5
    },
    {
      "time": 0.8,
      "parent_id": 3
    }
  ],
  "child_births": [
    {
      "time": 0.1,
      "child_id": 2,
      "x": 1124.8639,
      "y": 273.8569,
      "requesting_parent_ids": [
        1
      ],
      "native_parent_proximity_spawn": true
    },
    {
      "time": 0.2,
      "child_id": 3,
      "x": 1153.7791,
      "y": 289.7952,
      "requesting_parent_ids": [
        1
      ],
      "native_parent_proximity_spawn": true
    },
    {
      "time": 0.3,
      "child_id": 4,
      "x": 1153.8423,
      "y": 309.7951,
      "requesting_parent_ids": [
        3
      ],
      "native_parent_proximity_spawn": true
    },
    {
      "time": 0.4,
      "child_id": 5,
      "x": 1153.3044,
      "y": 329.7879,
      "requesting_parent_ids": [
        3
      ],
      "native_parent_proximity_spawn": true
    },
    {
      "time": 0.5,
      "child_id": 6,
      "x": 1139.0403,
      "y": 340.1792,
      "requesting_parent_ids": [
        5
      ],
      "native_parent_proximity_spawn": true
    },
    {
      "time": 0.6,
      "child_id": 7,
      "x": 1177.49,
      "y": 369.0809,
      "requesting_parent_ids": [
        5
      ],
      "native_parent_proximity_spawn": true
    },
    {
      "time": 0.7,
      "child_id": 8,
      "x": 1127.4976,
      "y": 375.6753,
      "requesting_parent_ids": [
        5
      ],
      "native_parent_proximity_spawn": true
    },
    {
      "time": 0.8,
      "child_id": 9,
      "x": 1121.9161,
      "y": 391.3758,
      "requesting_parent_ids": [
        3
      ],
      "native_parent_proximity_spawn": true
    }
  ],
  "fruit_consumptions": [
    {
      "time": 6.2,
      "agent_id": 6,
      "x": 1078.5591,
      "y": 376.9557
    },
    {
      "time": 32.8,
      "agent_id": 1,
      "x": 897.3136,
      "y": 305.7442
    },
    {
      "time": 50.3,
      "agent_id": 3,
      "x": 1005.5975,
      "y": 552.936
    },
    {
      "time": 52.3,
      "agent_id": 6,
      "x": 1033.2347,
      "y": 583.6045
    },
    {
      "time": 52.9,
      "agent_id": 1,
      "x": 1029.4013,
      "y": 592.2106
    },
    {
      "time": 81.6,
      "agent_id": 0,
      "x": 1086.9122,
      "y": 578.03
    },
    {
      "time": 123.3,
      "agent_id": 1,
      "x": 1084.6045,
      "y": 681.5245
    }
  ],
  "parent_fruit_consumed_before_tracked_encounter": 0,
  "tracked_encounter_times": [
    0.1
  ],
  "conditional_delivery_denominator": true,
  "conditional_delivery_status": "not_applicable",
  "setup_oracle": false,
  "setup_oracle_target": null,
  "setup_oracle_ticks": 0,
  "setup_oracle_routing": null,
  "setup_oracle_route_resets": 0,
  "setup_oracle_policy_reset_before_handoff_act": false,
  "setup_oracle_handoff_time": null,
  "dynamic_action_privilege_ended_at": null,
  "target_switches": [
    {
      "time": 0.1,
      "tracked_predator_slot": 0,
      "target": 1
    },
    {
      "time": 0.2,
      "tracked_predator_slot": 0,
      "target": 2
    },
    {
      "time": 0.3,
      "tracked_predator_slot": 0,
      "target": 1
    },
    {
      "time": 0.5,
      "tracked_predator_slot": 0,
      "target": 4
    },
    {
      "time": 0.7,
      "tracked_predator_slot": 0,
      "target": 6
    },
    {
      "time": 0.9,
      "tracked_predator_slot": 0,
      "target": 7
    },
    {
      "time": 1.0,
      "tracked_predator_slot": 0,
      "target": 9
    },
    {
      "time": 1.4,
      "tracked_predator_slot": 0,
      "target": 1
    },
    {
      "time": 1.6,
      "tracked_predator_slot": 0,
      "target": 4
    },
    {
      "time": 2.4,
      "tracked_predator_slot": 0,
      "target": 6
    },
    {
      "time": 2.6,
      "tracked_predator_slot": 0,
      "target": 4
    },
    {
      "time": 2.7,
      "tracked_predator_slot": 0,
      "target": 9
    },
    {
      "time": 2.8,
      "tracked_predator_slot": 0,
      "target": 4
    },
    {
      "time": 2.9,
      "tracked_predator_slot": 0,
      "target": 6
    },
    {
      "time": 3.0,
      "tracked_predator_slot": 0,
      "target": 4
    },
    {
      "time": 3.1,
      "tracked_predator_slot": 0,
      "target": 6
    },
    {
      "time": 3.3,
      "tracked_predator_slot": 0,
      "target": 4
    },
    {
      "time": 3.4,
      "tracked_predator_slot": 0,
      "target": 6
    },
    {
      "time": 3.5,
      "tracked_predator_slot": 0,
      "target": 8
    },
    {
      "time": 3.6,
      "tracked_predator_slot": 0,
      "target": 3
    },
    {
      "time": 3.8,
      "tracked_predator_slot": 0,
      "target": 4
    },
    {
      "time": 4.0,
      "tracked_predator_slot": 0,
      "target": 6
    },
    {
      "time": 4.5,
      "tracked_predator_slot": 0,
      "target": 9
    },
    {
      "time": 4.7,
      "tracked_predator_slot": 0,
      "target": 6
    },
    {
      "time": 4.8,
      "tracked_predator_slot": 0,
      "target": 4
    },
    {
      "time": 4.9,
      "tracked_predator_slot": 0,
      "target": 6
    },
    {
      "time": 5.0,
      "tracked_predator_slot": 0,
      "target": 4
    },
    {
      "time": 5.1,
      "tracked_predator_slot": 0,
      "target": 5
    },
    {
      "time": 5.2,
      "tracked_predator_slot": 0,
      "target": 4
    },
    {
      "time": 5.3,
      "tracked_predator_slot": 0,
      "target": 7
    },
    {
      "time": 5.4,
      "tracked_predator_slot": 0,
      "target": 4
    },
    {
      "time": 5.7,
      "tracked_predator_slot": 0,
      "target": 1
    },
    {
      "time": 6.1,
      "tracked_predator_slot": 0,
      "target": 9
    },
    {
      "time": 6.2,
      "tracked_predator_slot": 0,
      "target": 1
    },
    {
      "time": 6.3,
      "tracked_predator_slot": 0,
      "target": null
    },
    {
      "time": 6.4,
      "tracked_predator_slot": 0,
      "target": 8
    },
    {
      "time": 6.5,
      "tracked_predator_slot": 0,
      "target": 4
    },
    {
      "time": 6.6,
      "tracked_predator_slot": 0,
      "target": 6
    },
    {
      "time": 6.7,
      "tracked_predator_slot": 0,
      "target": null
    },
    {
      "time": 6.8,
      "tracked_predator_slot": 0,
      "target": 9
    },
    {
      "time": 6.9,
      "tracked_predator_slot": 0,
      "target": 6
    },
    {
      "time": 7.0,
      "tracked_predator_slot": 0,
      "target": 4
    },
    {
      "time": 7.2,
      "tracked_predator_slot": 0,
      "target": 3
    },
    {
      "time": 7.3,
      "tracked_predator_slot": 0,
      "target": 7
    },
    {
      "time": 7.4,
      "tracked_predator_slot": 0,
      "target": 5
    },
    {
      "time": 7.5,
      "tracked_predator_slot": 0,
      "target": 8
    },
    {
      "time": 7.6,
      "tracked_predator_slot": 0,
      "target": 6
    },
    {
      "time": 7.8,
      "tracked_predator_slot": 0,
      "target": 7
    },
    {
      "time": 7.9,
      "tracked_predator_slot": 0,
      "target": 6
    },
    {
      "time": 8.1,
      "tracked_predator_slot": 0,
      "target": 8
    },
    {
      "time": 8.5,
      "tracked_predator_slot": 0,
      "target": null
    },
    {
      "time": 8.8,
      "tracked_predator_slot": 0,
      "target": 5
    },
    {
      "time": 8.9,
      "tracked_predator_slot": 0,
      "target": null
    },
    {
      "time": 9.0,
      "tracked_predator_slot": 0,
      "target": 8
    },
    {
      "time": 9.2,
      "tracked_predator_slot": 0,
      "target": 1
    },
    {
      "time": 9.3,
      "tracked_predator_slot": 0,
      "target": 3
    },
    {
      "time": 9.4,
      "tracked_predator_slot": 0,
      "target": 1
    },
    {
      "time": 9.5,
      "tracked_predator_slot": 0,
      "target": 5
    },
    {
      "time": 9.6,
      "tracked_predator_slot": 0,
      "target": 3
    },
    {
      "time": 9.8,
      "tracked_predator_slot": 0,
      "target": 8
    },
    {
      "time": 9.9,
      "tracked_predator_slot": 0,
      "target": 3
    },
    {
      "time": 10.1,
      "tracked_predator_slot": 0,
      "target": 5
    },
    {
      "time": 10.2,
      "tracked_predator_slot": 0,
      "target": 7
    },
    {
      "time": 10.3,
      "tracked_predator_slot": 0,
      "target": 4
    },
    {
      "time": 10.4,
      "tracked_predator_slot": 0,
      "target": 7
    },
    {
      "time": 10.5,
      "tracked_predator_slot": 0,
      "target": 8
    },
    {
      "time": 10.6,
      "tracked_predator_slot": 0,
      "target": 1
    },
    {
      "time": 10.7,
      "tracked_predator_slot": 0,
      "target": 3
    },
    {
      "time": 10.8,
      "tracked_predator_slot": 0,
      "target": 1
    },
    {
      "time": 10.9,
      "tracked_predator_slot": 0,
      "target": 5
    },
    {
      "time": 11.0,
      "tracked_predator_slot": 0,
      "target": 3
    },
    {
      "time": 11.1,
      "tracked_predator_slot": 0,
      "target": 5
    },
    {
      "time": 11.2,
      "tracked_predator_slot": 0,
      "target": 3
    },
    {
      "time": 11.5,
      "tracked_predator_slot": 0,
      "target": 7
    },
    {
      "time": 11.6,
      "tracked_predator_slot": 0,
      "target": 6
    },
    {
      "time": 11.7,
      "tracked_predator_slot": 0,
      "target": 7
    },
    {
      "time": 12.3,
      "tracked_predator_slot": 0,
      "target": 5
    },
    {
      "time": 12.4,
      "tracked_predator_slot": 0,
      "target": 8
    },
    {
      "time": 12.5,
      "tracked_predator_slot": 0,
      "target": 6
    },
    {
      "time": 12.7,
      "tracked_predator_slot": 0,
      "target": 3
    },
    {
      "time": 12.8,
      "tracked_predator_slot": 0,
      "target": 1
    },
    {
      "time": 12.9,
      "tracked_predator_slot": 0,
      "target": 8
    },
    {
      "time": 13.1,
      "tracked_predator_slot": 0,
      "target": "resting"
    },
    {
      "time": 16.6,
      "tracked_predator_slot": 0,
      "target": 5
    },
    {
      "time": 16.7,
      "tracked_predator_slot": 0,
      "target": null
    },
    {
      "time": 16.8,
      "tracked_predator_slot": 0,
      "target": 1
    },
    {
      "time": 16.9,
      "tracked_predator_slot": 0,
      "target": 5
    },
    {
      "time": 17.0,
      "tracked_predator_slot": 0,
      "target": 9
    },
    {
      "time": 17.1,
      "tracked_predator_slot": 0,
      "target": 3
    },
    {
      "time": 17.3,
      "tracked_predator_slot": 0,
      "target": 6
    },
    {
      "time": 17.4,
      "tracked_predator_slot": 0,
      "target": 3
    },
    {
      "time": 17.5,
      "tracked_predator_slot": 0,
      "target": 8
    },
    {
      "time": 17.6,
      "tracked_predator_slot": 0,
      "target": 3
    },
    {
      "time": 17.7,
      "tracked_predator_slot": 0,
      "target": null
    },
    {
      "time": 18.2,
      "tracked_predator_slot": 0,
      "target": 7
    },
    {
      "time": 18.4,
      "tracked_predator_slot": 0,
      "target": 6
    },
    {
      "time": 18.5,
      "tracked_predator_slot": 0,
      "target": 5
    },
    {
      "time": 18.6,
      "tracked_predator_slot": 0,
      "target": null
    },
    {
      "time": 22.6,
      "tracked_predator_slot": 0,
      "target": 1
    },
    {
      "time": 27.3,
      "tracked_predator_slot": 0,
      "target": 5
    },
    {
      "time": 27.4,
      "tracked_predator_slot": 0,
      "target": "resting"
    },
    {
      "time": 30.9,
      "tracked_predator_slot": 0,
      "target": 6
    },
    {
      "time": 31.1,
      "tracked_predator_slot": 0,
      "target": 3
    },
    {
      "time": 31.2,
      "tracked_predator_slot": 0,
      "target": 7
    },
    {
      "time": 31.3,
      "tracked_predator_slot": 0,
      "target": 1
    },
    {
      "time": 31.4,
      "tracked_predator_slot": 0,
      "target": 7
    },
    {
      "time": 31.5,
      "tracked_predator_slot": 0,
      "target": 6
    },
    {
      "time": 31.7,
      "tracked_predator_slot": 0,
      "target": 3
    },
    {
      "time": 31.9,
      "tracked_predator_slot": 0,
      "target": 9
    },
    {
      "time": 32.1,
      "tracked_predator_slot": 0,
      "target": 1
    },
    {
      "time": 32.2,
      "tracked_predator_slot": 0,
      "target": 4
    },
    {
      "time": 32.6,
      "tracked_predator_slot": 0,
      "target": null
    },
    {
      "time": 32.7,
      "tracked_predator_slot": 0,
      "target": 8
    },
    {
      "time": 32.8,
      "tracked_predator_slot": 0,
      "target": 7
    },
    {
      "time": 32.9,
      "tracked_predator_slot": 0,
      "target": 4
    },
    {
      "time": 33.0,
      "tracked_predator_slot": 0,
      "target": 3
    },
    {
      "time": 33.4,
      "tracked_predator_slot": 0,
      "target": 8
    },
    {
      "time": 33.5,
      "tracked_predator_slot": 0,
      "target": null
    },
    {
      "time": 33.6,
      "tracked_predator_slot": 0,
      "target": 6
    },
    {
      "time": 33.7,
      "tracked_predator_slot": 0,
      "target": 7
    },
    {
      "time": 33.8,
      "tracked_predator_slot": 0,
      "target": 3
    },
    {
      "time": 33.9,
      "tracked_predator_slot": 0,
      "target": null
    },
    {
      "time": 35.4,
      "tracked_predator_slot": 0,
      "target": 4
    },
    {
      "time": 35.6,
      "tracked_predator_slot": 0,
      "target": null
    },
    {
      "time": 35.9,
      "tracked_predator_slot": 0,
      "target": 4
    },
    {
      "time": 36.8,
      "tracked_predator_slot": 0,
      "target": 9
    },
    {
      "time": 37.0,
      "tracked_predator_slot": 0,
      "target": 8
    },
    {
      "time": 37.3,
      "tracked_predator_slot": 0,
      "target": 9
    },
    {
      "time": 37.9,
      "tracked_predator_slot": 0,
      "target": 8
    },
    {
      "time": 38.0,
      "tracked_predator_slot": 0,
      "target": 9
    },
    {
      "time": 38.2,
      "tracked_predator_slot": 0,
      "target": 8
    },
    {
      "time": 38.3,
      "tracked_predator_slot": 0,
      "target": 9
    },
    {
      "time": 38.6,
      "tracked_predator_slot": 0,
      "target": 4
    },
    {
      "time": 38.7,
      "tracked_predator_slot": 0,
      "target": 8
    },
    {
      "time": 38.9,
      "tracked_predator_slot": 0,
      "target": 9
    },
    {
      "time": 39.2,
      "tracked_predator_slot": 0,
      "target": 5
    },
    {
      "time": 39.9,
      "tracked_predator_slot": 0,
      "target": "resting"
    },
    {
      "time": 43.4,
      "tracked_predator_slot": 0,
      "target": 9
    },
    {
      "time": 43.5,
      "tracked_predator_slot": 0,
      "target": 4
    },
    {
      "time": 44.8,
      "tracked_predator_slot": 0,
      "target": 3
    },
    {
      "time": 44.9,
      "tracked_predator_slot": 0,
      "target": 7
    },
    {
      "time": 45.0,
      "tracked_predator_slot": 0,
      "target": 6
    },
    {
      "time": 45.1,
      "tracked_predator_slot": 0,
      "target": 3
    },
    {
      "time": 45.2,
      "tracked_predator_slot": 0,
      "target": 8
    },
    {
      "time": 45.3,
      "tracked_predator_slot": 0,
      "target": 1
    },
    {
      "time": 45.4,
      "tracked_predator_slot": 0,
      "target": null
    },
    {
      "time": 46.1,
      "tracked_predator_slot": 0,
      "target": 5
    },
    {
      "time": 46.4,
      "tracked_predator_slot": 0,
      "target": null
    },
    {
      "time": 46.5,
      "tracked_predator_slot": 0,
      "target": 5
    },
    {
      "time": 46.6,
      "tracked_predator_slot": 0,
      "target": 4
    },
    {
      "time": 46.8,
      "tracked_predator_slot": 0,
      "target": 6
    },
    {
      "time": 46.9,
      "tracked_predator_slot": 0,
      "target": 5
    },
    {
      "time": 47.0,
      "tracked_predator_slot": 0,
      "target": 6
    },
    {
      "time": 47.1,
      "tracked_predator_slot": 0,
      "target": 7
    },
    {
      "time": 47.2,
      "tracked_predator_slot": 0,
      "target": 1
    },
    {
      "time": 47.8,
      "tracked_predator_slot": 0,
      "target": 9
    },
    {
      "time": 47.9,
      "tracked_predator_slot": 0,
      "target": 1
    },
    {
      "time": 48.0,
      "tracked_predator_slot": 0,
      "target": 6
    },
    {
      "time": 48.1,
      "tracked_predator_slot": 0,
      "target": 7
    },
    {
      "time": 48.2,
      "tracked_predator_slot": 0,
      "target": 9
    },
    {
      "time": 48.4,
      "tracked_predator_slot": 0,
      "target": 5
    },
    {
      "time": 48.6,
      "tracked_predator_slot": 0,
      "target": 4
    },
    {
      "time": 48.8,
      "tracked_predator_slot": 0,
      "target": 7
    },
    {
      "time": 49.0,
      "tracked_predator_slot": 0,
      "target": 9
    },
    {
      "time": 49.1,
      "tracked_predator_slot": 0,
      "target": 4
    },
    {
      "time": 49.2,
      "tracked_predator_slot": 0,
      "target": 5
    },
    {
      "time": 49.3,
      "tracked_predator_slot": 0,
      "target": 6
    },
    {
      "time": 49.4,
      "tracked_predator_slot": 0,
      "target": 5
    },
    {
      "time": 50.4,
      "tracked_predator_slot": 0,
      "target": 9
    },
    {
      "time": 50.5,
      "tracked_predator_slot": 0,
      "target": 0
    },
    {
      "time": 52.8,
      "tracked_predator_slot": 0,
      "target": "resting"
    },
    {
      "time": 56.3,
      "tracked_predator_slot": 0,
      "target": 0
    },
    {
      "time": 65.4,
      "tracked_predator_slot": 0,
      "target": "resting"
    },
    {
      "time": 68.9,
      "tracked_predator_slot": 0,
      "target": 0
    },
    {
      "time": 78.1,
      "tracked_predator_slot": 0,
      "target": "resting"
    },
    {
      "time": 81.6,
      "tracked_predator_slot": 0,
      "target": 0
    },
    {
      "time": 90.8,
      "tracked_predator_slot": 0,
      "target": "resting"
    },
    {
      "time": 94.3,
      "tracked_predator_slot": 0,
      "target": 0
    },
    {
      "time": 103.4,
      "tracked_predator_slot": 0,
      "target": "resting"
    },
    {
      "time": 106.9,
      "tracked_predator_slot": 0,
      "target": 0
    },
    {
      "time": 116.1,
      "tracked_predator_slot": 0,
      "target": "resting"
    },
    {
      "time": 119.6,
      "tracked_predator_slot": 0,
      "target": 0
    },
    {
      "time": 128.8,
      "tracked_predator_slot": 0,
      "target": "resting"
    },
    {
      "time": 132.3,
      "tracked_predator_slot": 0,
      "target": 0
    },
    {
      "time": 141.4,
      "tracked_predator_slot": 0,
      "target": "resting"
    },
    {
      "time": 144.9,
      "tracked_predator_slot": 0,
      "target": 0
    },
    {
      "time": 154.1,
      "tracked_predator_slot": 0,
      "target": "resting"
    },
    {
      "time": 157.6,
      "tracked_predator_slot": 0,
      "target": 0
    },
    {
      "time": 166.7,
      "tracked_predator_slot": 0,
      "target": "resting"
    },
    {
      "time": 170.2,
      "tracked_predator_slot": 0,
      "target": 0
    },
    {
      "time": 179.4,
      "tracked_predator_slot": 0,
      "target": "resting"
    },
    {
      "time": 182.9,
      "tracked_predator_slot": 0,
      "target": 0
    },
    {
      "time": 192.1,
      "tracked_predator_slot": 0,
      "target": "resting"
    },
    {
      "time": 195.6,
      "tracked_predator_slot": 0,
      "target": 0
    },
    {
      "time": 204.8,
      "tracked_predator_slot": 0,
      "target": "resting"
    },
    {
      "time": 208.3,
      "tracked_predator_slot": 0,
      "target": 0
    },
    {
      "time": 217.4,
      "tracked_predator_slot": 0,
      "target": "resting"
    },
    {
      "time": 220.9,
      "tracked_predator_slot": 0,
      "target": 0
    },
    {
      "time": 230.1,
      "tracked_predator_slot": 0,
      "target": "resting"
    },
    {
      "time": 233.6,
      "tracked_predator_slot": 0,
      "target": 0
    },
    {
      "time": 242.7,
      "tracked_predator_slot": 0,
      "target": "resting"
    },
    {
      "time": 246.2,
      "tracked_predator_slot": 0,
      "target": 0
    },
    {
      "time": 255.4,
      "tracked_predator_slot": 0,
      "target": "resting"
    },
    {
      "time": 258.9,
      "tracked_predator_slot": 0,
      "target": 0
    },
    {
      "time": 268.1,
      "tracked_predator_slot": 0,
      "target": "resting"
    },
    {
      "time": 271.6,
      "tracked_predator_slot": 0,
      "target": 0
    },
    {
      "time": 280.8,
      "tracked_predator_slot": 0,
      "target": "resting"
    },
    {
      "time": 284.3,
      "tracked_predator_slot": 0,
      "target": 0
    },
    {
      "time": 293.4,
      "tracked_predator_slot": 0,
      "target": "resting"
    },
    {
      "time": 296.9,
      "tracked_predator_slot": 0,
      "target": 0
    }
  ],
  "guide_role_trace": [
    {
      "time": 0,
      "active_guide_id": 1
    },
    {
      "time": 0.5,
      "active_guide_id": 4
    },
    {
      "time": 0.7,
      "active_guide_id": 6
    },
    {
      "time": 1.1,
      "active_guide_id": 9
    },
    {
      "time": 1.4,
      "active_guide_id": 1
    },
    {
      "time": 1.6,
      "active_guide_id": 4
    },
    {
      "time": 2.4,
      "active_guide_id": 1
    },
    {
      "time": 2.5,
      "active_guide_id": 8
    },
    {
      "time": 2.6,
      "active_guide_id": 4
    },
    {
      "time": 2.7,
      "active_guide_id": 9
    },
    {
      "time": 3.0,
      "active_guide_id": 4
    },
    {
      "time": 3.1,
      "active_guide_id": 6
    },
    {
      "time": 3.7,
      "active_guide_id": 3
    },
    {
      "time": 4.0,
      "active_guide_id": 4
    },
    {
      "time": 4.2,
      "active_guide_id": 3
    },
    {
      "time": 4.3,
      "active_guide_id": 6
    },
    {
      "time": 4.4,
      "active_guide_id": 8
    },
    {
      "time": 4.5,
      "active_guide_id": 7
    },
    {
      "time": 4.6,
      "active_guide_id": 9
    },
    {
      "time": 4.8,
      "active_guide_id": 4
    },
    {
      "time": 4.9,
      "active_guide_id": 6
    },
    {
      "time": 5.0,
      "active_guide_id": 4
    },
    {
      "time": 5.1,
      "active_guide_id": 5
    },
    {
      "time": 5.3,
      "active_guide_id": 7
    },
    {
      "time": 5.4,
      "active_guide_id": 4
    },
    {
      "time": 5.7,
      "active_guide_id": 1
    },
    {
      "time": 6.1,
      "active_guide_id": 6
    },
    {
      "time": 6.3,
      "active_guide_id": 4
    },
    {
      "time": 6.4,
      "active_guide_id": 8
    },
    {
      "time": 6.5,
      "active_guide_id": 6
    },
    {
      "time": 6.7,
      "active_guide_id": 9
    },
    {
      "time": 7.0,
      "active_guide_id": 4
    },
    {
      "time": 7.7,
      "active_guide_id": 6
    },
    {
      "time": 7.8,
      "active_guide_id": 7
    },
    {
      "time": 8.0,
      "active_guide_id": 6
    },
    {
      "time": 8.4,
      "active_guide_id": 1
    },
    {
      "time": 8.5,
      "active_guide_id": 5
    },
    {
      "time": 8.9,
      "active_guide_id": 8
    },
    {
      "time": 9.2,
      "active_guide_id": 1
    },
    {
      "time": 9.3,
      "active_guide_id": 3
    },
    {
      "time": 9.5,
      "active_guide_id": 5
    },
    {
      "time": 9.7,
      "active_guide_id": 3
    },
    {
      "time": 9.8,
      "active_guide_id": 8
    },
    {
      "time": 10.0,
      "active_guide_id": 3
    },
    {
      "time": 10.1,
      "active_guide_id": 5
    },
    {
      "time": 10.4,
      "active_guide_id": 6
    },
    {
      "time": 10.5,
      "active_guide_id": 8
    },
    {
      "time": 10.6,
      "active_guide_id": 1
    },
    {
      "time": 10.7,
      "active_guide_id": 3
    },
    {
      "time": 11.1,
      "active_guide_id": 8
    },
    {
      "time": 11.2,
      "active_guide_id": 3
    },
    {
      "time": 11.6,
      "active_guide_id": 6
    },
    {
      "time": 11.7,
      "active_guide_id": 7
    },
    {
      "time": 12.2,
      "active_guide_id": 5
    },
    {
      "time": 12.4,
      "active_guide_id": 8
    },
    {
      "time": 12.5,
      "active_guide_id": 6
    },
    {
      "time": 12.7,
      "active_guide_id": 7
    },
    {
      "time": 12.8,
      "active_guide_id": 1
    },
    {
      "time": 12.9,
      "active_guide_id": 8
    },
    {
      "time": 13.3,
      "active_guide_id": 7
    },
    {
      "time": 13.6,
      "active_guide_id": 1
    },
    {
      "time": 14.4,
      "active_guide_id": 3
    },
    {
      "time": 14.5,
      "active_guide_id": 5
    },
    {
      "time": 14.6,
      "active_guide_id": 3
    },
    {
      "time": 14.7,
      "active_guide_id": 5
    },
    {
      "time": 17.1,
      "active_guide_id": 3
    },
    {
      "time": 17.3,
      "active_guide_id": 4
    },
    {
      "time": 17.4,
      "active_guide_id": 8
    },
    {
      "time": 17.6,
      "active_guide_id": 4
    },
    {
      "time": 17.7,
      "active_guide_id": 3
    },
    {
      "time": 18.0,
      "active_guide_id": 7
    },
    {
      "time": 19.3,
      "active_guide_id": 1
    },
    {
      "time": 27.3,
      "active_guide_id": 5
    },
    {
      "time": 27.4,
      "active_guide_id": 4
    },
    {
      "time": 27.5,
      "active_guide_id": 9
    },
    {
      "time": 27.6,
      "active_guide_id": 7
    },
    {
      "time": 31.3,
      "active_guide_id": 1
    },
    {
      "time": 31.6,
      "active_guide_id": 6
    },
    {
      "time": 31.8,
      "active_guide_id": 3
    },
    {
      "time": 31.9,
      "active_guide_id": 9
    },
    {
      "time": 32.2,
      "active_guide_id": 4
    },
    {
      "time": 32.6,
      "active_guide_id": 8
    },
    {
      "time": 32.8,
      "active_guide_id": 1
    },
    {
      "time": 32.9,
      "active_guide_id": 4
    },
    {
      "time": 33.0,
      "active_guide_id": 3
    },
    {
      "time": 33.1,
      "active_guide_id": 8
    },
    {
      "time": 33.2,
      "active_guide_id": 3
    },
    {
      "time": 33.5,
      "active_guide_id": 6
    },
    {
      "time": 33.7,
      "active_guide_id": 7
    },
    {
      "time": 33.8,
      "active_guide_id": 3
    },
    {
      "time": 34.4,
      "active_guide_id": 9
    },
    {
      "time": 34.6,
      "active_guide_id": 4
    },
    {
      "time": 37.0,
      "active_guide_id": 8
    },
    {
      "time": 37.2,
      "active_guide_id": 7
    },
    {
      "time": 37.5,
      "active_guide_id": 9
    },
    {
      "time": 37.9,
      "active_guide_id": 8
    },
    {
      "time": 39.0,
      "active_guide_id": 9
    },
    {
      "time": 39.4,
      "active_guide_id": 5
    },
    {
      "time": 40.2,
      "active_guide_id": 9
    },
    {
      "time": 40.7,
      "active_guide_id": 6
    },
    {
      "time": 40.8,
      "active_guide_id": 9
    },
    {
      "time": 43.6,
      "active_guide_id": 7
    },
    {
      "time": 43.7,
      "active_guide_id": 4
    },
    {
      "time": 44.5,
      "active_guide_id": 1
    },
    {
      "time": 44.6,
      "active_guide_id": 3
    },
    {
      "time": 44.7,
      "active_guide_id": 7
    },
    {
      "time": 45.0,
      "active_guide_id": 6
    },
    {
      "time": 45.3,
      "active_guide_id": 1
    },
    {
      "time": 45.4,
      "active_guide_id": 5
    },
    {
      "time": 45.5,
      "active_guide_id": 4
    },
    {
      "time": 45.7,
      "active_guide_id": 5
    },
    {
      "time": 46.6,
      "active_guide_id": 4
    },
    {
      "time": 46.9,
      "active_guide_id": 5
    },
    {
      "time": 47.1,
      "active_guide_id": 7
    },
    {
      "time": 47.4,
      "active_guide_id": 1
    },
    {
      "time": 48.0,
      "active_guide_id": 6
    },
    {
      "time": 48.5,
      "active_guide_id": 5
    },
    {
      "time": 48.7,
      "active_guide_id": 4
    },
    {
      "time": 48.8,
      "active_guide_id": 7
    },
    {
      "time": 49.0,
      "active_guide_id": 9
    },
    {
      "time": 50.1,
      "active_guide_id": 5
    },
    {
      "time": 50.2,
      "active_guide_id": 3
    },
    {
      "time": 50.4,
      "active_guide_id": 9
    },
    {
      "time": 50.5,
      "active_guide_id": 6
    },
    {
      "time": 50.8,
      "active_guide_id": 7
    },
    {
      "time": 51.0,
      "active_guide_id": 5
    },
    {
      "time": 131.4,
      "active_guide_id": 1
    },
    {
      "time": 174.8,
      "active_guide_id": 3
    },
    {
      "time": 178.2,
      "active_guide_id": 4
    },
    {
      "time": 186.4,
      "active_guide_id": 1
    }
  ],
  "guide_follow_trace": [
    {
      "time": 0.1,
      "active_guide_id": 1,
      "tracked_predator_slot": 0
    },
    {
      "time": 0.6,
      "active_guide_id": 4,
      "tracked_predator_slot": 0
    },
    {
      "time": 0.8,
      "active_guide_id": 6,
      "tracked_predator_slot": 0
    },
    {
      "time": 1.2,
      "active_guide_id": 9,
      "tracked_predator_slot": 0
    },
    {
      "time": 1.5,
      "active_guide_id": 1,
      "tracked_predator_slot": 0
    },
    {
      "time": 1.7,
      "active_guide_id": 4,
      "tracked_predator_slot": 0
    },
    {
      "time": 3.2,
      "active_guide_id": 6,
      "tracked_predator_slot": 0
    },
    {
      "time": 4.4,
      "active_guide_id": 6,
      "tracked_predator_slot": 0
    },
    {
      "time": 5.5,
      "active_guide_id": 4,
      "tracked_predator_slot": 0
    },
    {
      "time": 5.8,
      "active_guide_id": 1,
      "tracked_predator_slot": 0
    },
    {
      "time": 6.6,
      "active_guide_id": 6,
      "tracked_predator_slot": 0
    },
    {
      "time": 6.8,
      "active_guide_id": 9,
      "tracked_predator_slot": 0
    },
    {
      "time": 7.1,
      "active_guide_id": 4,
      "tracked_predator_slot": 0
    },
    {
      "time": 8.8,
      "active_guide_id": 5,
      "tracked_predator_slot": 0
    },
    {
      "time": 9.0,
      "active_guide_id": 8,
      "tracked_predator_slot": 0
    },
    {
      "time": 11.0,
      "active_guide_id": 3,
      "tracked_predator_slot": 0
    },
    {
      "time": 11.3,
      "active_guide_id": 3,
      "tracked_predator_slot": 0
    },
    {
      "time": 11.8,
      "active_guide_id": 7,
      "tracked_predator_slot": 0
    },
    {
      "time": 12.3,
      "active_guide_id": 5,
      "tracked_predator_slot": 0
    },
    {
      "time": 12.6,
      "active_guide_id": 6,
      "tracked_predator_slot": 0
    },
    {
      "time": 13.0,
      "active_guide_id": 8,
      "tracked_predator_slot": 0
    },
    {
      "time": 16.6,
      "active_guide_id": 5,
      "tracked_predator_slot": 0
    },
    {
      "time": 17.2,
      "active_guide_id": 3,
      "tracked_predator_slot": 0
    },
    {
      "time": 17.5,
      "active_guide_id": 8,
      "tracked_predator_slot": 0
    },
    {
      "time": 18.2,
      "active_guide_id": 7,
      "tracked_predator_slot": 0
    },
    {
      "time": 22.6,
      "active_guide_id": 1,
      "tracked_predator_slot": 0
    },
    {
      "time": 31.2,
      "active_guide_id": 7,
      "tracked_predator_slot": 0
    },
    {
      "time": 32.0,
      "active_guide_id": 9,
      "tracked_predator_slot": 0
    },
    {
      "time": 32.3,
      "active_guide_id": 4,
      "tracked_predator_slot": 0
    },
    {
      "time": 32.7,
      "active_guide_id": 8,
      "tracked_predator_slot": 0
    },
    {
      "time": 33.1,
      "active_guide_id": 3,
      "tracked_predator_slot": 0
    },
    {
      "time": 33.3,
      "active_guide_id": 3,
      "tracked_predator_slot": 0
    },
    {
      "time": 33.6,
      "active_guide_id": 6,
      "tracked_predator_slot": 0
    },
    {
      "time": 35.4,
      "active_guide_id": 4,
      "tracked_predator_slot": 0
    },
    {
      "time": 37.1,
      "active_guide_id": 8,
      "tracked_predator_slot": 0
    },
    {
      "time": 37.6,
      "active_guide_id": 9,
      "tracked_predator_slot": 0
    },
    {
      "time": 38.2,
      "active_guide_id": 8,
      "tracked_predator_slot": 0
    },
    {
      "time": 39.1,
      "active_guide_id": 9,
      "tracked_predator_slot": 0
    },
    {
      "time": 39.5,
      "active_guide_id": 5,
      "tracked_predator_slot": 0
    },
    {
      "time": 43.4,
      "active_guide_id": 9,
      "tracked_predator_slot": 0
    },
    {
      "time": 43.8,
      "active_guide_id": 4,
      "tracked_predator_slot": 0
    },
    {
      "time": 44.9,
      "active_guide_id": 7,
      "tracked_predator_slot": 0
    },
    {
      "time": 46.1,
      "active_guide_id": 5,
      "tracked_predator_slot": 0
    },
    {
      "time": 46.7,
      "active_guide_id": 4,
      "tracked_predator_slot": 0
    },
    {
      "time": 47.5,
      "active_guide_id": 1,
      "tracked_predator_slot": 0
    },
    {
      "time": 48.9,
      "active_guide_id": 7,
      "tracked_predator_slot": 0
    },
    {
      "time": 50.2,
      "active_guide_id": 5,
      "tracked_predator_slot": 0
    }
  ],
  "guide_role": "parent",
  "parent_role": "guide",
  "child_role": "gather_evade",
  "active_guide_id_final": 1,
  "active_guide_alive_final": true,
  "guide_role_ids": [
    1,
    2,
    3,
    4,
    5,
    6,
    7,
    8,
    9
  ],
  "bait_deployed_at": 0.1,
  "policy_bait_ready_final": false,
  "bait_left_after_deployment": null,
  "final_bait_distance_to_goal": 0.0,
  "first_guide_predator_observation": 0.1,
  "first_predator_following_guide": 0.1,
  "first_predator_following_active_guide": null,
  "tracked_seen_by_guide": 1,
  "tracked_followed_active_guide": 0,
  "physical_entered": 1,
  "guided_delivered": 0,
  "physical_losses_after_delivery": 0,
  "target_losses_after_delivery": 0,
  "physical_entry_times": [
    50.3
  ],
  "guided_delivery_times": [
    null
  ],
  "loss_times": [
    null
  ],
  "target_loss_times": [
    null
  ],
  "tail_seconds": 30.0,
  "tail_physical_min": 1,
  "tail_contained_min": 1,
  "final_distance_from_mouth": [
    13.7837
  ],
  "max_distance_after_delivery": [
    0.0
  ],
  "policy_events": [
    {
      "time": 0.1,
      "kind": "bounded_emergency_reserve_birth",
      "parent_id": 1,
      "request_number": 1,
      "observed_distance": 55.0
    },
    {
      "time": 0.2,
      "kind": "native_backup_registered",
      "agent_id": 2
    },
    {
      "time": 0.2,
      "kind": "bounded_emergency_reserve_birth",
      "parent_id": 1,
      "request_number": 2,
      "observed_distance": 58.8298
    },
    {
      "time": 0.3,
      "kind": "native_backup_registered",
      "agent_id": 3
    },
    {
      "time": 0.3,
      "kind": "bounded_emergency_reserve_birth",
      "parent_id": 3,
      "request_number": 3,
      "observed_distance": 57.8945
    },
    {
      "time": 0.4,
      "kind": "native_backup_registered",
      "agent_id": 4
    },
    {
      "time": 0.4,
      "kind": "bounded_emergency_reserve_birth",
      "parent_id": 3,
      "request_number": 4,
      "observed_distance": 55.85
    },
    {
      "time": 0.5,
      "kind": "native_backup_registered",
      "agent_id": 5
    },
    {
      "time": 0.5,
      "kind": "public_dto_active_guide",
      "agent_id": 4,
      "reason": "minimum_observed_predator_distance_hysteresis"
    },
    {
      "time": 0.5,
      "kind": "bounded_emergency_reserve_birth",
      "parent_id": 5,
      "request_number": 5,
      "observed_distance": 58.6494
    },
    {
      "time": 0.6,
      "kind": "native_backup_registered",
      "agent_id": 6
    },
    {
      "time": 0.6,
      "kind": "bounded_emergency_reserve_birth",
      "parent_id": 5,
      "request_number": 6,
      "observed_distance": 64.6534
    },
    {
      "time": 0.7,
      "kind": "native_backup_registered",
      "agent_id": 7
    },
    {
      "time": 0.7,
      "kind": "public_dto_active_guide",
      "agent_id": 6,
      "reason": "minimum_observed_predator_distance_hysteresis"
    },
    {
      "time": 0.7,
      "kind": "bounded_emergency_reserve_birth",
      "parent_id": 5,
      "request_number": 7,
      "observed_distance": 69.9779
    },
    {
      "time": 0.8,
      "kind": "native_backup_registered",
      "agent_id": 8
    },
    {
      "time": 0.8,
      "kind": "bounded_emergency_reserve_birth",
      "parent_id": 3,
      "request_number": 8,
      "observed_distance": 73.7918
    },
    {
      "time": 0.9,
      "kind": "native_backup_registered",
      "agent_id": 9
    },
    {
      "time": 1.1,
      "kind": "public_dto_active_guide",
      "agent_id": 9,
      "reason": "minimum_observed_predator_distance_hysteresis"
    },
    {
      "time": 1.4,
      "kind": "public_dto_active_guide",
      "agent_id": 1,
      "reason": "minimum_observed_predator_distance_hysteresis"
    },
    {
      "time": 1.6,
      "kind": "public_dto_active_guide",
      "agent_id": 4,
      "reason": "minimum_observed_predator_distance_hysteresis"
    },
    {
      "time": 2.4,
      "kind": "public_dto_active_guide",
      "agent_id": 1,
      "reason": "minimum_observed_predator_distance_hysteresis"
    },
    {
      "time": 2.5,
      "kind": "public_dto_active_guide",
      "agent_id": 8,
      "reason": "minimum_observed_predator_distance_hysteresis"
    },
    {
      "time": 2.6,
      "kind": "public_dto_active_guide",
      "agent_id": 4,
      "reason": "minimum_observed_predator_distance_hysteresis"
    },
    {
      "time": 2.7,
      "kind": "public_dto_active_guide",
      "agent_id": 9,
      "reason": "minimum_observed_predator_distance_hysteresis"
    },
    {
      "time": 3.0,
      "kind": "public_dto_active_guide",
      "agent_id": 4,
      "reason": "minimum_observed_predator_distance_hysteresis"
    },
    {
      "time": 3.1,
      "kind": "public_dto_active_guide",
      "agent_id": 6,
      "reason": "minimum_observed_predator_distance_hysteresis"
    },
    {
      "time": 3.7,
      "kind": "public_dto_active_guide",
      "agent_id": 3,
      "reason": "minimum_observed_predator_distance_hysteresis"
    },
    {
      "time": 4.0,
      "kind": "public_dto_active_guide",
      "agent_id": 4,
      "reason": "minimum_observed_predator_distance_hysteresis"
    },
    {
      "time": 4.2,
      "kind": "public_dto_active_guide",
      "agent_id": 3,
      "reason": "minimum_observed_predator_distance_hysteresis"
    },
    {
      "time": 4.3,
      "kind": "public_dto_active_guide",
      "agent_id": 6,
      "reason": "minimum_observed_predator_distance_hysteresis"
    },
    {
      "time": 4.4,
      "kind": "public_dto_active_guide",
      "agent_id": 8,
      "reason": "minimum_observed_predator_distance_hysteresis"
    },
    {
      "time": 4.5,
      "kind": "public_dto_active_guide",
      "agent_id": 7,
      "reason": "minimum_observed_predator_distance_hysteresis"
    },
    {
      "time": 4.6,
      "kind": "public_dto_active_guide",
      "agent_id": 9,
      "reason": "minimum_observed_predator_distance_hysteresis"
    },
    {
      "time": 4.8,
      "kind": "public_dto_active_guide",
      "agent_id": 4,
      "reason": "minimum_observed_predator_distance_hysteresis"
    },
    {
      "time": 4.9,
      "kind": "public_dto_active_guide",
      "agent_id": 6,
      "reason": "minimum_observed_predator_distance_hysteresis"
    },
    {
      "time": 5.0,
      "kind": "public_dto_active_guide",
      "agent_id": 4,
      "reason": "minimum_observed_predator_distance_hysteresis"
    },
    {
      "time": 5.1,
      "kind": "public_dto_active_guide",
      "agent_id": 5,
      "reason": "minimum_observed_predator_distance_hysteresis"
    },
    {
      "time": 5.3,
      "kind": "public_dto_active_guide",
      "agent_id": 7,
      "reason": "minimum_observed_predator_distance_hysteresis"
    },
    {
      "time": 5.4,
      "kind": "public_dto_active_guide",
      "agent_id": 4,
      "reason": "minimum_observed_predator_distance_hysteresis"
    },
    {
      "time": 5.7,
      "kind": "public_dto_active_guide",
      "agent_id": 1,
      "reason": "minimum_observed_predator_distance_hysteresis"
    },
    {
      "time": 6.1,
      "kind": "public_dto_active_guide",
      "agent_id": 6,
      "reason": "minimum_observed_predator_distance_hysteresis"
    },
    {
      "time": 6.3,
      "kind": "public_dto_active_guide",
      "agent_id": 4,
      "reason": "minimum_observed_predator_distance_hysteresis"
    },
    {
      "time": 6.4,
      "kind": "public_dto_active_guide",
      "agent_id": 8,
      "reason": "minimum_observed_predator_distance_hysteresis"
    },
    {
      "time": 6.5,
      "kind": "public_dto_active_guide",
      "agent_id": 6,
      "reason": "minimum_observed_predator_distance_hysteresis"
    },
    {
      "time": 6.7,
      "kind": "public_dto_active_guide",
      "agent_id": 9,
      "reason": "minimum_observed_predator_distance_hysteresis"
    },
    {
      "time": 7.0,
      "kind": "public_dto_active_guide",
      "agent_id": 4,
      "reason": "minimum_observed_predator_distance_hysteresis"
    },
    {
      "time": 7.7,
      "kind": "public_dto_active_guide",
      "agent_id": 6,
      "reason": "minimum_observed_predator_distance_hysteresis"
    },
    {
      "time": 7.8,
      "kind": "public_dto_active_guide",
      "agent_id": 7,
      "reason": "minimum_observed_predator_distance_hysteresis"
    },
    {
      "time": 8.0,
      "kind": "public_dto_active_guide",
      "agent_id": 6,
      "reason": "minimum_observed_predator_distance_hysteresis"
    },
    {
      "time": 8.4,
      "kind": "public_dto_active_guide",
      "agent_id": 1,
      "reason": "minimum_observed_predator_distance_hysteresis"
    },
    {
      "time": 8.5,
      "kind": "public_dto_active_guide",
      "agent_id": 5,
      "reason": "minimum_observed_predator_distance_hysteresis"
    },
    {
      "time": 8.9,
      "kind": "public_dto_active_guide",
      "agent_id": 8,
      "reason": "minimum_observed_predator_distance_hysteresis"
    },
    {
      "time": 9.2,
      "kind": "public_dto_active_guide",
      "agent_id": 1,
      "reason": "minimum_observed_predator_distance_hysteresis"
    },
    {
      "time": 9.3,
      "kind": "public_dto_active_guide",
      "agent_id": 3,
      "reason": "minimum_observed_predator_distance_hysteresis"
    },
    {
      "time": 9.5,
      "kind": "public_dto_active_guide",
      "agent_id": 5,
      "reason": "minimum_observed_predator_distance_hysteresis"
    },
    {
      "time": 9.7,
      "kind": "public_dto_active_guide",
      "agent_id": 3,
      "reason": "minimum_observed_predator_distance_hysteresis"
    },
    {
      "time": 9.8,
      "kind": "public_dto_active_guide",
      "agent_id": 8,
      "reason": "minimum_observed_predator_distance_hysteresis"
    },
    {
      "time": 10.0,
      "kind": "public_dto_active_guide",
      "agent_id": 3,
      "reason": "minimum_observed_predator_distance_hysteresis"
    },
    {
      "time": 10.1,
      "kind": "public_dto_active_guide",
      "agent_id": 5,
      "reason": "minimum_observed_predator_distance_hysteresis"
    },
    {
      "time": 10.4,
      "kind": "public_dto_active_guide",
      "agent_id": 6,
      "reason": "minimum_observed_predator_distance_hysteresis"
    },
    {
      "time": 10.5,
      "kind": "public_dto_active_guide",
      "agent_id": 8,
      "reason": "minimum_observed_predator_distance_hysteresis"
    },
    {
      "time": 10.6,
      "kind": "public_dto_active_guide",
      "agent_id": 1,
      "reason": "minimum_observed_predator_distance_hysteresis"
    },
    {
      "time": 10.7,
      "kind": "public_dto_active_guide",
      "agent_id": 3,
      "reason": "minimum_observed_predator_distance_hysteresis"
    },
    {
      "time": 11.1,
      "kind": "public_dto_active_guide",
      "agent_id": 8,
      "reason": "minimum_observed_predator_distance_hysteresis"
    },
    {
      "time": 11.2,
      "kind": "public_dto_active_guide",
      "agent_id": 3,
      "reason": "minimum_observed_predator_distance_hysteresis"
    },
    {
      "time": 11.6,
      "kind": "public_dto_active_guide",
      "agent_id": 6,
      "reason": "minimum_observed_predator_distance_hysteresis"
    },
    {
      "time": 11.7,
      "kind": "public_dto_active_guide",
      "agent_id": 7,
      "reason": "minimum_observed_predator_distance_hysteresis"
    },
    {
      "time": 12.2,
      "kind": "public_dto_active_guide",
      "agent_id": 5,
      "reason": "minimum_observed_predator_distance_hysteresis"
    },
    {
      "time": 12.4,
      "kind": "public_dto_active_guide",
      "agent_id": 8,
      "reason": "minimum_observed_predator_distance_hysteresis"
    },
    {
      "time": 12.5,
      "kind": "public_dto_active_guide",
      "agent_id": 6,
      "reason": "minimum_observed_predator_distance_hysteresis"
    },
    {
      "time": 12.7,
      "kind": "public_dto_active_guide",
      "agent_id": 7,
      "reason": "minimum_observed_predator_distance_hysteresis"
    },
    {
      "time": 12.8,
      "kind": "public_dto_active_guide",
      "agent_id": 1,
      "reason": "minimum_observed_predator_distance_hysteresis"
    },
    {
      "time": 12.9,
      "kind": "public_dto_active_guide",
      "agent_id": 8,
      "reason": "minimum_observed_predator_distance_hysteresis"
    },
    {
      "time": 13.3,
      "kind": "public_dto_active_guide",
      "agent_id": 7,
      "reason": "minimum_observed_predator_distance_hysteresis"
    },
    {
      "time": 13.6,
      "kind": "public_dto_active_guide",
      "agent_id": 1,
      "reason": "minimum_observed_predator_distance_hysteresis"
    },
    {
      "time": 14.4,
      "kind": "public_dto_active_guide",
      "agent_id": 3,
      "reason": "minimum_observed_predator_distance_hysteresis"
    },
    {
      "time": 14.5,
      "kind": "public_dto_active_guide",
      "agent_id": 5,
      "reason": "minimum_observed_predator_distance_hysteresis"
    },
    {
      "time": 14.6,
      "kind": "public_dto_active_guide",
      "agent_id": 3,
      "reason": "minimum_observed_predator_distance_hysteresis"
    },
    {
      "time": 14.7,
      "kind": "public_dto_active_guide",
      "agent_id": 5,
      "reason": "minimum_observed_predator_distance_hysteresis"
    },
    {
      "time": 17.1,
      "kind": "public_dto_active_guide",
      "agent_id": 3,
      "reason": "minimum_observed_predator_distance_hysteresis"
    },
    {
      "time": 17.3,
      "kind": "public_dto_active_guide",
      "agent_id": 4,
      "reason": "minimum_observed_predator_distance_hysteresis"
    },
    {
      "time": 17.4,
      "kind": "public_dto_active_guide",
      "agent_id": 8,
      "reason": "minimum_observed_predator_distance_hysteresis"
    },
    {
      "time": 17.6,
      "kind": "public_dto_active_guide",
      "agent_id": 4,
      "reason": "minimum_observed_predator_distance_hysteresis"
    },
    {
      "time": 17.7,
      "kind": "public_dto_active_guide",
      "agent_id": 3,
      "reason": "minimum_observed_predator_distance_hysteresis"
    },
    {
      "time": 18.0,
      "kind": "public_dto_active_guide",
      "agent_id": 7,
      "reason": "minimum_observed_predator_distance_hysteresis"
    },
    {
      "time": 19.3,
      "kind": "public_dto_active_guide",
      "agent_id": 1,
      "reason": "minimum_observed_predator_distance_hysteresis"
    },
    {
      "time": 27.3,
      "kind": "public_dto_active_guide",
      "agent_id": 5,
      "reason": "minimum_observed_predator_distance_hysteresis"
    },
    {
      "time": 27.4,
      "kind": "public_dto_active_guide",
      "agent_id": 4,
      "reason": "minimum_observed_predator_distance_hysteresis"
    },
    {
      "time": 27.5,
      "kind": "public_dto_active_guide",
      "agent_id": 9,
      "reason": "minimum_observed_predator_distance_hysteresis"
    },
    {
      "time": 27.6,
      "kind": "public_dto_active_guide",
      "agent_id": 7,
      "reason": "minimum_observed_predator_distance_hysteresis"
    },
    {
      "time": 31.3,
      "kind": "public_dto_active_guide",
      "agent_id": 1,
      "reason": "minimum_observed_predator_distance_hysteresis"
    },
    {
      "time": 31.6,
      "kind": "public_dto_active_guide",
      "agent_id": 6,
      "reason": "minimum_observed_predator_distance_hysteresis"
    },
    {
      "time": 31.8,
      "kind": "public_dto_active_guide",
      "agent_id": 3,
      "reason": "minimum_observed_predator_distance_hysteresis"
    },
    {
      "time": 31.9,
      "kind": "public_dto_active_guide",
      "agent_id": 9,
      "reason": "minimum_observed_predator_distance_hysteresis"
    },
    {
      "time": 32.2,
      "kind": "public_dto_active_guide",
      "agent_id": 4,
      "reason": "minimum_observed_predator_distance_hysteresis"
    },
    {
      "time": 32.6,
      "kind": "public_dto_active_guide",
      "agent_id": 8,
      "reason": "minimum_observed_predator_distance_hysteresis"
    },
    {
      "time": 32.8,
      "kind": "public_dto_active_guide",
      "agent_id": 1,
      "reason": "minimum_observed_predator_distance_hysteresis"
    },
    {
      "time": 32.9,
      "kind": "public_dto_active_guide",
      "agent_id": 4,
      "reason": "minimum_observed_predator_distance_hysteresis"
    },
    {
      "time": 33.0,
      "kind": "public_dto_active_guide",
      "agent_id": 3,
      "reason": "minimum_observed_predator_distance_hysteresis"
    },
    {
      "time": 33.1,
      "kind": "public_dto_active_guide",
      "agent_id": 8,
      "reason": "minimum_observed_predator_distance_hysteresis"
    },
    {
      "time": 33.2,
      "kind": "public_dto_active_guide",
      "agent_id": 3,
      "reason": "minimum_observed_predator_distance_hysteresis"
    },
    {
      "time": 33.5,
      "kind": "public_dto_active_guide",
      "agent_id": 6,
      "reason": "minimum_observed_predator_distance_hysteresis"
    },
    {
      "time": 33.7,
      "kind": "public_dto_active_guide",
      "agent_id": 7,
      "reason": "minimum_observed_predator_distance_hysteresis"
    },
    {
      "time": 33.8,
      "kind": "public_dto_active_guide",
      "agent_id": 3,
      "reason": "minimum_observed_predator_distance_hysteresis"
    },
    {
      "time": 34.4,
      "kind": "public_dto_active_guide",
      "agent_id": 9,
      "reason": "minimum_observed_predator_distance_hysteresis"
    },
    {
      "time": 34.6,
      "kind": "public_dto_active_guide",
      "agent_id": 4,
      "reason": "minimum_observed_predator_distance_hysteresis"
    },
    {
      "time": 37.0,
      "kind": "public_dto_active_guide",
      "agent_id": 8,
      "reason": "minimum_observed_predator_distance_hysteresis"
    },
    {
      "time": 37.2,
      "kind": "public_dto_active_guide",
      "agent_id": 7,
      "reason": "minimum_observed_predator_distance_hysteresis"
    },
    {
      "time": 37.5,
      "kind": "public_dto_active_guide",
      "agent_id": 9,
      "reason": "minimum_observed_predator_distance_hysteresis"
    },
    {
      "time": 37.9,
      "kind": "public_dto_active_guide",
      "agent_id": 8,
      "reason": "minimum_observed_predator_distance_hysteresis"
    },
    {
      "time": 39.0,
      "kind": "public_dto_active_guide",
      "agent_id": 9,
      "reason": "minimum_observed_predator_distance_hysteresis"
    },
    {
      "time": 39.4,
      "kind": "public_dto_active_guide",
      "agent_id": 5,
      "reason": "minimum_observed_predator_distance_hysteresis"
    },
    {
      "time": 40.2,
      "kind": "public_dto_active_guide",
      "agent_id": 9,
      "reason": "minimum_observed_predator_distance_hysteresis"
    },
    {
      "time": 40.7,
      "kind": "public_dto_active_guide",
      "agent_id": 6,
      "reason": "minimum_observed_predator_distance_hysteresis"
    },
    {
      "time": 40.8,
      "kind": "public_dto_active_guide",
      "agent_id": 9,
      "reason": "minimum_observed_predator_distance_hysteresis"
    },
    {
      "time": 43.6,
      "kind": "public_dto_active_guide",
      "agent_id": 7,
      "reason": "minimum_observed_predator_distance_hysteresis"
    },
    {
      "time": 43.7,
      "kind": "public_dto_active_guide",
      "agent_id": 4,
      "reason": "minimum_observed_predator_distance_hysteresis"
    },
    {
      "time": 44.5,
      "kind": "public_dto_active_guide",
      "agent_id": 1,
      "reason": "minimum_observed_predator_distance_hysteresis"
    },
    {
      "time": 44.6,
      "kind": "public_dto_active_guide",
      "agent_id": 3,
      "reason": "minimum_observed_predator_distance_hysteresis"
    },
    {
      "time": 44.7,
      "kind": "public_dto_active_guide",
      "agent_id": 7,
      "reason": "minimum_observed_predator_distance_hysteresis"
    },
    {
      "time": 45.0,
      "kind": "public_dto_active_guide",
      "agent_id": 6,
      "reason": "minimum_observed_predator_distance_hysteresis"
    },
    {
      "time": 45.3,
      "kind": "public_dto_active_guide",
      "agent_id": 1,
      "reason": "minimum_observed_predator_distance_hysteresis"
    },
    {
      "time": 45.4,
      "kind": "public_dto_active_guide",
      "agent_id": 5,
      "reason": "minimum_observed_predator_distance_hysteresis"
    },
    {
      "time": 45.5,
      "kind": "public_dto_active_guide",
      "agent_id": 4,
      "reason": "minimum_observed_predator_distance_hysteresis"
    },
    {
      "time": 45.7,
      "kind": "public_dto_active_guide",
      "agent_id": 5,
      "reason": "minimum_observed_predator_distance_hysteresis"
    },
    {
      "time": 46.6,
      "kind": "public_dto_active_guide",
      "agent_id": 4,
      "reason": "minimum_observed_predator_distance_hysteresis"
    },
    {
      "time": 46.9,
      "kind": "public_dto_active_guide",
      "agent_id": 5,
      "reason": "minimum_observed_predator_distance_hysteresis"
    },
    {
      "time": 47.1,
      "kind": "public_dto_active_guide",
      "agent_id": 7,
      "reason": "minimum_observed_predator_distance_hysteresis"
    },
    {
      "time": 47.4,
      "kind": "public_dto_active_guide",
      "agent_id": 1,
      "reason": "minimum_observed_predator_distance_hysteresis"
    },
    {
      "time": 48.0,
      "kind": "public_dto_active_guide",
      "agent_id": 6,
      "reason": "minimum_observed_predator_distance_hysteresis"
    },
    {
      "time": 48.5,
      "kind": "public_dto_active_guide",
      "agent_id": 5,
      "reason": "minimum_observed_predator_distance_hysteresis"
    },
    {
      "time": 48.7,
      "kind": "public_dto_active_guide",
      "agent_id": 4,
      "reason": "minimum_observed_predator_distance_hysteresis"
    },
    {
      "time": 48.8,
      "kind": "public_dto_active_guide",
      "agent_id": 7,
      "reason": "minimum_observed_predator_distance_hysteresis"
    },
    {
      "time": 49.0,
      "kind": "public_dto_active_guide",
      "agent_id": 9,
      "reason": "minimum_observed_predator_distance_hysteresis"
    },
    {
      "time": 50.1,
      "kind": "public_dto_active_guide",
      "agent_id": 5,
      "reason": "minimum_observed_predator_distance_hysteresis"
    },
    {
      "time": 50.2,
      "kind": "public_dto_active_guide",
      "agent_id": 3,
      "reason": "minimum_observed_predator_distance_hysteresis"
    },
    {
      "time": 50.4,
      "kind": "public_dto_active_guide",
      "agent_id": 9,
      "reason": "minimum_observed_predator_distance_hysteresis"
    },
    {
      "time": 50.5,
      "kind": "public_dto_active_guide",
      "agent_id": 6,
      "reason": "minimum_observed_predator_distance_hysteresis"
    },
    {
      "time": 50.8,
      "kind": "public_dto_active_guide",
      "agent_id": 7,
      "reason": "minimum_observed_predator_distance_hysteresis"
    },
    {
      "time": 51.0,
      "kind": "public_dto_active_guide",
      "agent_id": 5,
      "reason": "minimum_observed_predator_distance_hysteresis"
    },
    {
      "time": 131.4,
      "kind": "public_dto_active_guide",
      "agent_id": 1,
      "reason": "minimum_observed_predator_distance_hysteresis"
    },
    {
      "time": 174.8,
      "kind": "public_dto_active_guide",
      "agent_id": 3,
      "reason": "minimum_observed_predator_distance_hysteresis"
    },
    {
      "time": 178.2,
      "kind": "public_dto_active_guide",
      "agent_id": 4,
      "reason": "minimum_observed_predator_distance_hysteresis"
    },
    {
      "time": 186.4,
      "kind": "public_dto_active_guide",
      "agent_id": 1,
      "reason": "minimum_observed_predator_distance_hysteresis"
    }
  ],
  "success": false,
  "replay": "results/simple_chase/replays/real-map-BurstGuides-m10202-f20202-p1-direct_guide-sitebait1-e85507bb.json.gz"
}
/home/Ucals/projects/NordicCupAI-wall-funneling/survival-simulator/oscar-trap-research/survival/results/simple_chase/real-map-BurstGuides-m10202-f20202-p1-direct_guide-sitebait1-e85507bb.json
