Running as unit: run-p888730-i905948.scope; invocation ID: 9c7fd3a3163749c296931dfdd26de104
{"progress": "real-map-Guide-m10263-f20263-p1-direct_guide-sitebait1-241a59f9", "time": 10.0, "bait_deployed": 0.1, "policy_bait_ready": false, "encounter": 0.1, "oracle_handoff": null, "children": 0, "active_guide_id": 1, "guide_alive": true, "active_guide_alive": true, "guided_delivered": 0}
{"progress": "real-map-Guide-m10263-f20263-p1-direct_guide-sitebait1-241a59f9", "time": 20.0, "bait_deployed": 0.1, "policy_bait_ready": false, "encounter": 0.1, "oracle_handoff": null, "children": 0, "active_guide_id": 1, "guide_alive": true, "active_guide_alive": true, "guided_delivered": 0}
{"progress": "real-map-Guide-m10263-f20263-p1-direct_guide-sitebait1-241a59f9", "time": 30.0, "bait_deployed": 0.1, "policy_bait_ready": false, "encounter": 0.1, "oracle_handoff": null, "children": 0, "active_guide_id": 1, "guide_alive": true, "active_guide_alive": true, "guided_delivered": 0}
{"progress": "real-map-Guide-m10263-f20263-p1-direct_guide-sitebait1-241a59f9", "time": 40.0, "bait_deployed": 0.1, "policy_bait_ready": false, "encounter": 0.1, "oracle_handoff": null, "children": 0, "active_guide_id": 1, "guide_alive": false, "active_guide_alive": false, "guided_delivered": 0}
{"progress": "real-map-Guide-m10263-f20263-p1-direct_guide-sitebait1-241a59f9", "time": 50.0, "bait_deployed": 0.1, "policy_bait_ready": false, "encounter": 0.1, "oracle_handoff": null, "children": 0, "active_guide_id": 1, "guide_alive": false, "active_guide_alive": false, "guided_delivered": 0}
{"progress": "real-map-Guide-m10263-f20263-p1-direct_guide-sitebait1-241a59f9", "time": 60.0, "bait_deployed": 0.1, "policy_bait_ready": false, "encounter": 0.1, "oracle_handoff": null, "children": 0, "active_guide_id": 1, "guide_alive": false, "active_guide_alive": false, "guided_delivered": 0}
{"progress": "real-map-Guide-m10263-f20263-p1-direct_guide-sitebait1-241a59f9", "time": 70.0, "bait_deployed": 0.1, "policy_bait_ready": false, "encounter": 0.1, "oracle_handoff": null, "children": 0, "active_guide_id": 1, "guide_alive": false, "active_guide_alive": false, "guided_delivered": 0}
{"progress": "real-map-Guide-m10263-f20263-p1-direct_guide-sitebait1-241a59f9", "time": 80.0, "bait_deployed": 0.1, "policy_bait_ready": false, "encounter": 0.1, "oracle_handoff": null, "children": 0, "active_guide_id": 1, "guide_alive": false, "active_guide_alive": false, "guided_delivered": 0}
{"progress": "real-map-Guide-m10263-f20263-p1-direct_guide-sitebait1-241a59f9", "time": 90.0, "bait_deployed": 0.1, "policy_bait_ready": false, "encounter": 0.1, "oracle_handoff": null, "children": 0, "active_guide_id": 1, "guide_alive": false, "active_guide_alive": false, "guided_delivered": 0}
{"progress": "real-map-Guide-m10263-f20263-p1-direct_guide-sitebait1-241a59f9", "time": 100.0, "bait_deployed": 0.1, "policy_bait_ready": false, "encounter": 0.1, "oracle_handoff": null, "children": 0, "active_guide_id": 1, "guide_alive": false, "active_guide_alive": false, "guided_delivered": 0}
{"progress": "real-map-Guide-m10263-f20263-p1-direct_guide-sitebait1-241a59f9", "time": 110.0, "bait_deployed": 0.1, "policy_bait_ready": false, "encounter": 0.1, "oracle_handoff": null, "children": 0, "active_guide_id": 1, "guide_alive": false, "active_guide_alive": false, "guided_delivered": 0}
{"progress": "real-map-Guide-m10263-f20263-p1-direct_guide-sitebait1-241a59f9", "time": 120.0, "bait_deployed": 0.1, "policy_bait_ready": false, "encounter": 0.1, "oracle_handoff": null, "children": 0, "active_guide_id": 1, "guide_alive": false, "active_guide_alive": false, "guided_delivered": 0}
{"progress": "real-map-Guide-m10263-f20263-p1-direct_guide-sitebait1-241a59f9", "time": 130.0, "bait_deployed": 0.1, "policy_bait_ready": false, "encounter": 0.1, "oracle_handoff": null, "children": 0, "active_guide_id": 1, "guide_alive": false, "active_guide_alive": false, "guided_delivered": 0}
{"progress": "real-map-Guide-m10263-f20263-p1-direct_guide-sitebait1-241a59f9", "time": 140.0, "bait_deployed": 0.1, "policy_bait_ready": false, "encounter": 0.1, "oracle_handoff": null, "children": 0, "active_guide_id": 1, "guide_alive": false, "active_guide_alive": false, "guided_delivered": 0}
{"progress": "real-map-Guide-m10263-f20263-p1-direct_guide-sitebait1-241a59f9", "time": 150.0, "bait_deployed": 0.1, "policy_bait_ready": false, "encounter": 0.1, "oracle_handoff": null, "children": 0, "active_guide_id": 1, "guide_alive": false, "active_guide_alive": false, "guided_delivered": 0}
{"progress": "real-map-Guide-m10263-f20263-p1-direct_guide-sitebait1-241a59f9", "time": 160.0, "bait_deployed": 0.1, "policy_bait_ready": false, "encounter": 0.1, "oracle_handoff": null, "children": 0, "active_guide_id": 1, "guide_alive": false, "active_guide_alive": false, "guided_delivered": 0}
{"progress": "real-map-Guide-m10263-f20263-p1-direct_guide-sitebait1-241a59f9", "time": 170.0, "bait_deployed": 0.1, "policy_bait_ready": false, "encounter": 0.1, "oracle_handoff": null, "children": 0, "active_guide_id": 1, "guide_alive": false, "active_guide_alive": false, "guided_delivered": 0}
{"progress": "real-map-Guide-m10263-f20263-p1-direct_guide-sitebait1-241a59f9", "time": 180.0, "bait_deployed": 0.1, "policy_bait_ready": false, "encounter": 0.1, "oracle_handoff": null, "children": 0, "active_guide_id": 1, "guide_alive": false, "active_guide_alive": false, "guided_delivered": 0}
{"progress": "real-map-Guide-m10263-f20263-p1-direct_guide-sitebait1-241a59f9", "time": 190.0, "bait_deployed": 0.1, "policy_bait_ready": false, "encounter": 0.1, "oracle_handoff": null, "children": 0, "active_guide_id": 1, "guide_alive": false, "active_guide_alive": false, "guided_delivered": 0}
{"progress": "real-map-Guide-m10263-f20263-p1-direct_guide-sitebait1-241a59f9", "time": 200.0, "bait_deployed": 0.1, "policy_bait_ready": false, "encounter": 0.1, "oracle_handoff": null, "children": 0, "active_guide_id": 1, "guide_alive": false, "active_guide_alive": false, "guided_delivered": 0}
{"progress": "real-map-Guide-m10263-f20263-p1-direct_guide-sitebait1-241a59f9", "time": 210.0, "bait_deployed": 0.1, "policy_bait_ready": false, "encounter": 0.1, "oracle_handoff": null, "children": 0, "active_guide_id": 1, "guide_alive": false, "active_guide_alive": false, "guided_delivered": 0}
{"progress": "real-map-Guide-m10263-f20263-p1-direct_guide-sitebait1-241a59f9", "time": 220.0, "bait_deployed": 0.1, "policy_bait_ready": false, "encounter": 0.1, "oracle_handoff": null, "children": 0, "active_guide_id": 1, "guide_alive": false, "active_guide_alive": false, "guided_delivered": 0}
{"progress": "real-map-Guide-m10263-f20263-p1-direct_guide-sitebait1-241a59f9", "time": 230.0, "bait_deployed": 0.1, "policy_bait_ready": false, "encounter": 0.1, "oracle_handoff": null, "children": 0, "active_guide_id": 1, "guide_alive": false, "active_guide_alive": false, "guided_delivered": 0}
{"progress": "real-map-Guide-m10263-f20263-p1-direct_guide-sitebait1-241a59f9", "time": 240.0, "bait_deployed": 0.1, "policy_bait_ready": false, "encounter": 0.1, "oracle_handoff": null, "children": 0, "active_guide_id": 1, "guide_alive": false, "active_guide_alive": false, "guided_delivered": 0}
{"progress": "real-map-Guide-m10263-f20263-p1-direct_guide-sitebait1-241a59f9", "time": 250.0, "bait_deployed": 0.1, "policy_bait_ready": false, "encounter": 0.1, "oracle_handoff": null, "children": 0, "active_guide_id": 1, "guide_alive": false, "active_guide_alive": false, "guided_delivered": 0}
{"progress": "real-map-Guide-m10263-f20263-p1-direct_guide-sitebait1-241a59f9", "time": 260.0, "bait_deployed": 0.1, "policy_bait_ready": false, "encounter": 0.1, "oracle_handoff": null, "children": 0, "active_guide_id": 1, "guide_alive": false, "active_guide_alive": false, "guided_delivered": 0}
{"progress": "real-map-Guide-m10263-f20263-p1-direct_guide-sitebait1-241a59f9", "time": 270.0, "bait_deployed": 0.1, "policy_bait_ready": false, "encounter": 0.1, "oracle_handoff": null, "children": 0, "active_guide_id": 1, "guide_alive": false, "active_guide_alive": false, "guided_delivered": 0}
{"progress": "real-map-Guide-m10263-f20263-p1-direct_guide-sitebait1-241a59f9", "time": 280.0, "bait_deployed": 0.1, "policy_bait_ready": false, "encounter": 0.1, "oracle_handoff": null, "children": 0, "active_guide_id": 1, "guide_alive": false, "active_guide_alive": false, "guided_delivered": 0}
{"progress": "real-map-Guide-m10263-f20263-p1-direct_guide-sitebait1-241a59f9", "time": 290.0, "bait_deployed": 0.1, "policy_bait_ready": false, "encounter": 0.1, "oracle_handoff": null, "children": 0, "active_guide_id": 1, "guide_alive": false, "active_guide_alive": false, "guided_delivered": 0}
{"progress": "real-map-Guide-m10263-f20263-p1-direct_guide-sitebait1-241a59f9", "time": 300.0, "bait_deployed": 0.1, "policy_bait_ready": false, "encounter": 0.1, "oracle_handoff": null, "children": 0, "active_guide_id": 1, "guide_alive": false, "active_guide_alive": false, "guided_delivered": 0}
{"viewer_manifest_refresh": {"status": "deferred", "reason": "bounded-memory runs defer full-replay viewer processing"}}
{
  "schema": "real-map-intake-result-v2",
  "policy": "integrated_guide.viability:Guide",
  "policy_hash": "42e9c2d9d66a722b23449fe39dc0d37725da089e9bb2f24861d0db8d4dc37615",
  "harness_hashes": {
    "research/simple_chase/run_streaming_v2.py": "837e02b05d1ba3af71df0949cb30beb18a8b2844f090f8b383c692192c52719a",
    "research/simple_chase/sampling.py": "1efb7d309c4cc79bc87916c1bea72a7845e78d0c2cdf0aeaf9e2a758ceed48ab",
    "research/simple_chase/static_map.py": "197b16cbe9dd2e3dd06b81fe9481986a97bd92d9c2a55f33597cc9b7280faf3c",
    "debugger/streaming_recorder_v2.py": "d5ecda6bb39ec74a9ad86fb20458df5de7f466d73052558af9e2877be3d99b19"
  },
  "mode": "direct_guide",
  "map_seed": 10263,
  "fixture_seed": 20263,
  "static_map_hash": "b46a326bc08bc9073f236e0f39816f40000c1990b6c542631f76856f760a144c",
  "site": {
    "mouth": [
      606.6671,
      512.1795
    ],
    "inward": [
      0.0,
      -1.0
    ],
    "cross": [
      1.0,
      0.0
    ],
    "goal": [
      606.6671,
      507.1795
    ],
    "far": [
      606.6671,
      637.1795
    ],
    "hold": [
      606.6671,
      587.1795
    ],
    "gap": 11.8122,
    "overlap": 70.8264,
    "runup": [
      606.6671,
      762.1795
    ],
    "approach_lane_offset": 0.0,
    "offset_approach": false,
    "obstacle_indices": [
      59,
      5
    ],
    "axis": 0,
    "other_mouth": [
      606.6671,
      441.3531
    ],
    "replacement_entry": [
      606.6671,
      421.3531
    ],
    "second_access_clear": true,
    "second_access_radius": 5.01,
    "bait_depth": 5.0,
    "boundary_indices": [],
    "geometric_replacement_access_only": true
  },
  "station_bait": true,
  "requested_seconds": 300.0,
  "seconds": 300.0,
  "reason": "horizon",
  "native_render": true,
  "reproduction_of": null,
  "record_every_ticks": 1,
  "replay_frames": 3001,
  "initial_predators": 1,
  "final_predators_total": 3,
  "tracked_predators_present_final": 1,
  "ambient_predators_spawned": 2,
  "ambient_predators_present_final": 2,
  "agent_energy_refilled": true,
  "predator_state_native": false,
  "predator_dynamics_native_after_setup": true,
  "arranged_adjacent_awake_start": true,
  "bait_id": 0,
  "guide_id": 1,
  "bait_alive": true,
  "guide_alive": false,
  "deaths": [
    {
      "time": 38.2,
      "agent_id": 1,
      "role": "parent_guide"
    }
  ],
  "spawn_requests": [],
  "child_births": [],
  "fruit_consumptions": [
    {
      "time": 11.0,
      "agent_id": 1,
      "x": 307.4859,
      "y": 917.1462
    },
    {
      "time": 15.2,
      "agent_id": 1,
      "x": 431.2746,
      "y": 1076.3612
    },
    {
      "time": 17.2,
      "agent_id": 1,
      "x": 792.997,
      "y": 1058.0386
    },
    {
      "time": 35.6,
      "agent_id": 1,
      "x": 968.3087,
      "y": 110.791
    },
    {
      "time": 37.1,
      "agent_id": 1,
      "x": 1046.5157,
      "y": 74.7237
    }
  ],
  "parent_fruit_consumed_before_tracked_encounter": 0,
  "tracked_encounter_times": [
    0.1
  ],
  "conditional_delivery_denominator": true,
  "conditional_delivery_status": "not_applicable",
  "setup_oracle": false,
  "setup_oracle_target": null,
  "setup_oracle_ticks": 0,
  "setup_oracle_routing": null,
  "setup_oracle_route_resets": 0,
  "setup_oracle_policy_reset_before_handoff_act": false,
  "setup_oracle_handoff_time": null,
  "dynamic_action_privilege_ended_at": null,
  "target_switches": [
    {
      "time": 0.1,
      "tracked_predator_slot": 0,
      "target": 1
    },
    {
      "time": 1.7,
      "tracked_predator_slot": 0,
      "target": null
    },
    {
      "time": 1.8,
      "tracked_predator_slot": 0,
      "target": 1
    },
    {
      "time": 1.9,
      "tracked_predator_slot": 0,
      "target": null
    },
    {
      "time": 29.7,
      "tracked_predator_slot": 0,
      "target": "resting"
    },
    {
      "time": 33.2,
      "tracked_predator_slot": 0,
      "target": null
    },
    {
      "time": 36.7,
      "tracked_predator_slot": 0,
      "target": 1
    },
    {
      "time": 38.2,
      "tracked_predator_slot": 0,
      "target": null
    },
    {
      "time": 73.9,
      "tracked_predator_slot": 0,
      "target": "resting"
    },
    {
      "time": 77.4,
      "tracked_predator_slot": 0,
      "target": null
    },
    {
      "time": 95.4,
      "tracked_predator_slot": 0,
      "target": "resting"
    },
    {
      "time": 98.9,
      "tracked_predator_slot": 0,
      "target": null
    },
    {
      "time": 117.1,
      "tracked_predator_slot": 0,
      "target": "resting"
    },
    {
      "time": 120.6,
      "tracked_predator_slot": 0,
      "target": null
    },
    {
      "time": 138.7,
      "tracked_predator_slot": 0,
      "target": "resting"
    },
    {
      "time": 142.2,
      "tracked_predator_slot": 0,
      "target": null
    },
    {
      "time": 160.3,
      "tracked_predator_slot": 0,
      "target": "resting"
    },
    {
      "time": 163.8,
      "tracked_predator_slot": 0,
      "target": null
    },
    {
      "time": 182.0,
      "tracked_predator_slot": 0,
      "target": "resting"
    },
    {
      "time": 185.5,
      "tracked_predator_slot": 0,
      "target": null
    },
    {
      "time": 203.5,
      "tracked_predator_slot": 0,
      "target": "resting"
    },
    {
      "time": 207.0,
      "tracked_predator_slot": 0,
      "target": null
    },
    {
      "time": 225.2,
      "tracked_predator_slot": 0,
      "target": "resting"
    },
    {
      "time": 228.7,
      "tracked_predator_slot": 0,
      "target": null
    },
    {
      "time": 247.0,
      "tracked_predator_slot": 0,
      "target": "resting"
    },
    {
      "time": 250.5,
      "tracked_predator_slot": 0,
      "target": null
    },
    {
      "time": 268.5,
      "tracked_predator_slot": 0,
      "target": "resting"
    },
    {
      "time": 272.0,
      "tracked_predator_slot": 0,
      "target": null
    },
    {
      "time": 290.2,
      "tracked_predator_slot": 0,
      "target": "resting"
    },
    {
      "time": 293.7,
      "tracked_predator_slot": 0,
      "target": null
    }
  ],
  "guide_role_trace": [
    {
      "time": 0,
      "active_guide_id": 1
    }
  ],
  "guide_follow_trace": [
    {
      "time": 0.1,
      "active_guide_id": 1,
      "tracked_predator_slot": 0
    }
  ],
  "guide_role": "parent",
  "parent_role": "guide",
  "child_role": "gather_evade",
  "active_guide_id_final": 1,
  "active_guide_alive_final": false,
  "guide_role_ids": [
    1
  ],
  "bait_deployed_at": 0.1,
  "policy_bait_ready_final": false,
  "bait_left_after_deployment": null,
  "final_bait_distance_to_goal": 0.0,
  "first_guide_predator_observation": 0.1,
  "first_predator_following_guide": 0.1,
  "first_predator_following_active_guide": 0.1,
  "tracked_seen_by_guide": 1,
  "tracked_followed_active_guide": 1,
  "physical_entered": 0,
  "guided_delivered": 0,
  "physical_losses_after_delivery": 0,
  "target_losses_after_delivery": 0,
  "physical_entry_times": [
    null
  ],
  "guided_delivery_times": [
    null
  ],
  "loss_times": [
    null
  ],
  "target_loss_times": [
    null
  ],
  "tail_seconds": 30.0,
  "tail_physical_min": 0,
  "tail_contained_min": 0,
  "final_distance_from_mouth": [
    505.2856
  ],
  "max_distance_after_delivery": [
    0.0
  ],
  "policy_events": [],
  "success": false,
  "replay": "results/simple_chase/replays/real-map-Guide-m10263-f20263-p1-direct_guide-sitebait1-241a59f9.json.gz"
}
/home/Ucals/projects/NordicCupAI-wall-funneling/survival-simulator/oscar-trap-research/survival/results/simple_chase/real-map-Guide-m10263-f20263-p1-direct_guide-sitebait1-241a59f9.json
