Running as unit: run-p884746-i880040.scope; invocation ID: 79c2257ce33a4c28bbbc6a0225f41598
{"progress": "real-map-Guide-m10260-f20260-p1-direct_guide-sitebait1-80187990", "time": 10.0, "bait_deployed": 0.1, "policy_bait_ready": false, "encounter": 0.1, "oracle_handoff": null, "children": 0, "active_guide_id": 1, "guide_alive": true, "active_guide_alive": true, "guided_delivered": 0}
{"progress": "real-map-Guide-m10260-f20260-p1-direct_guide-sitebait1-80187990", "time": 20.0, "bait_deployed": 0.1, "policy_bait_ready": false, "encounter": 0.1, "oracle_handoff": null, "children": 0, "active_guide_id": 1, "guide_alive": true, "active_guide_alive": true, "guided_delivered": 0}
{"progress": "real-map-Guide-m10260-f20260-p1-direct_guide-sitebait1-80187990", "time": 30.0, "bait_deployed": 0.1, "policy_bait_ready": false, "encounter": 0.1, "oracle_handoff": null, "children": 0, "active_guide_id": 1, "guide_alive": true, "active_guide_alive": true, "guided_delivered": 0}
{"progress": "real-map-Guide-m10260-f20260-p1-direct_guide-sitebait1-80187990", "time": 40.0, "bait_deployed": 0.1, "policy_bait_ready": false, "encounter": 0.1, "oracle_handoff": null, "children": 0, "active_guide_id": 1, "guide_alive": true, "active_guide_alive": true, "guided_delivered": 0}
{"progress": "real-map-Guide-m10260-f20260-p1-direct_guide-sitebait1-80187990", "time": 50.0, "bait_deployed": 0.1, "policy_bait_ready": false, "encounter": 0.1, "oracle_handoff": null, "children": 0, "active_guide_id": 1, "guide_alive": true, "active_guide_alive": true, "guided_delivered": 1}
{"progress": "real-map-Guide-m10260-f20260-p1-direct_guide-sitebait1-80187990", "time": 60.0, "bait_deployed": 0.1, "policy_bait_ready": false, "encounter": 0.1, "oracle_handoff": null, "children": 0, "active_guide_id": 1, "guide_alive": true, "active_guide_alive": true, "guided_delivered": 1}
{"progress": "real-map-Guide-m10260-f20260-p1-direct_guide-sitebait1-80187990", "time": 70.0, "bait_deployed": 0.1, "policy_bait_ready": false, "encounter": 0.1, "oracle_handoff": null, "children": 0, "active_guide_id": 1, "guide_alive": true, "active_guide_alive": true, "guided_delivered": 1}
{"progress": "real-map-Guide-m10260-f20260-p1-direct_guide-sitebait1-80187990", "time": 80.0, "bait_deployed": 0.1, "policy_bait_ready": false, "encounter": 0.1, "oracle_handoff": null, "children": 0, "active_guide_id": 1, "guide_alive": true, "active_guide_alive": true, "guided_delivered": 1}
{"progress": "real-map-Guide-m10260-f20260-p1-direct_guide-sitebait1-80187990", "time": 90.0, "bait_deployed": 0.1, "policy_bait_ready": false, "encounter": 0.1, "oracle_handoff": null, "children": 0, "active_guide_id": 1, "guide_alive": true, "active_guide_alive": true, "guided_delivered": 1}
{"progress": "real-map-Guide-m10260-f20260-p1-direct_guide-sitebait1-80187990", "time": 100.0, "bait_deployed": 0.1, "policy_bait_ready": false, "encounter": 0.1, "oracle_handoff": null, "children": 0, "active_guide_id": 1, "guide_alive": true, "active_guide_alive": true, "guided_delivered": 1}
{"progress": "real-map-Guide-m10260-f20260-p1-direct_guide-sitebait1-80187990", "time": 110.0, "bait_deployed": 0.1, "policy_bait_ready": false, "encounter": 0.1, "oracle_handoff": null, "children": 0, "active_guide_id": 1, "guide_alive": true, "active_guide_alive": true, "guided_delivered": 1}
{"progress": "real-map-Guide-m10260-f20260-p1-direct_guide-sitebait1-80187990", "time": 120.0, "bait_deployed": 0.1, "policy_bait_ready": false, "encounter": 0.1, "oracle_handoff": null, "children": 0, "active_guide_id": 1, "guide_alive": true, "active_guide_alive": true, "guided_delivered": 1}
{"progress": "real-map-Guide-m10260-f20260-p1-direct_guide-sitebait1-80187990", "time": 130.0, "bait_deployed": 0.1, "policy_bait_ready": false, "encounter": 0.1, "oracle_handoff": null, "children": 0, "active_guide_id": 1, "guide_alive": true, "active_guide_alive": true, "guided_delivered": 1}
{"progress": "real-map-Guide-m10260-f20260-p1-direct_guide-sitebait1-80187990", "time": 140.0, "bait_deployed": 0.1, "policy_bait_ready": false, "encounter": 0.1, "oracle_handoff": null, "children": 0, "active_guide_id": 1, "guide_alive": true, "active_guide_alive": true, "guided_delivered": 1}
{"progress": "real-map-Guide-m10260-f20260-p1-direct_guide-sitebait1-80187990", "time": 150.0, "bait_deployed": 0.1, "policy_bait_ready": false, "encounter": 0.1, "oracle_handoff": null, "children": 0, "active_guide_id": 1, "guide_alive": true, "active_guide_alive": true, "guided_delivered": 1}
{"progress": "real-map-Guide-m10260-f20260-p1-direct_guide-sitebait1-80187990", "time": 160.0, "bait_deployed": 0.1, "policy_bait_ready": false, "encounter": 0.1, "oracle_handoff": null, "children": 0, "active_guide_id": 1, "guide_alive": true, "active_guide_alive": true, "guided_delivered": 1}
{"progress": "real-map-Guide-m10260-f20260-p1-direct_guide-sitebait1-80187990", "time": 170.0, "bait_deployed": 0.1, "policy_bait_ready": false, "encounter": 0.1, "oracle_handoff": null, "children": 0, "active_guide_id": 1, "guide_alive": true, "active_guide_alive": true, "guided_delivered": 1}
{"progress": "real-map-Guide-m10260-f20260-p1-direct_guide-sitebait1-80187990", "time": 180.0, "bait_deployed": 0.1, "policy_bait_ready": false, "encounter": 0.1, "oracle_handoff": null, "children": 0, "active_guide_id": 1, "guide_alive": true, "active_guide_alive": true, "guided_delivered": 1}
{"progress": "real-map-Guide-m10260-f20260-p1-direct_guide-sitebait1-80187990", "time": 190.0, "bait_deployed": 0.1, "policy_bait_ready": false, "encounter": 0.1, "oracle_handoff": null, "children": 0, "active_guide_id": 1, "guide_alive": true, "active_guide_alive": true, "guided_delivered": 1}
{"progress": "real-map-Guide-m10260-f20260-p1-direct_guide-sitebait1-80187990", "time": 200.0, "bait_deployed": 0.1, "policy_bait_ready": false, "encounter": 0.1, "oracle_handoff": null, "children": 0, "active_guide_id": 1, "guide_alive": true, "active_guide_alive": true, "guided_delivered": 1}
{"progress": "real-map-Guide-m10260-f20260-p1-direct_guide-sitebait1-80187990", "time": 210.0, "bait_deployed": 0.1, "policy_bait_ready": false, "encounter": 0.1, "oracle_handoff": null, "children": 0, "active_guide_id": 1, "guide_alive": true, "active_guide_alive": true, "guided_delivered": 1}
{"progress": "real-map-Guide-m10260-f20260-p1-direct_guide-sitebait1-80187990", "time": 220.0, "bait_deployed": 0.1, "policy_bait_ready": false, "encounter": 0.1, "oracle_handoff": null, "children": 0, "active_guide_id": 1, "guide_alive": true, "active_guide_alive": true, "guided_delivered": 1}
{"progress": "real-map-Guide-m10260-f20260-p1-direct_guide-sitebait1-80187990", "time": 230.0, "bait_deployed": 0.1, "policy_bait_ready": false, "encounter": 0.1, "oracle_handoff": null, "children": 0, "active_guide_id": 1, "guide_alive": true, "active_guide_alive": true, "guided_delivered": 1}
{"progress": "real-map-Guide-m10260-f20260-p1-direct_guide-sitebait1-80187990", "time": 240.0, "bait_deployed": 0.1, "policy_bait_ready": false, "encounter": 0.1, "oracle_handoff": null, "children": 0, "active_guide_id": 1, "guide_alive": true, "active_guide_alive": true, "guided_delivered": 1}
{"progress": "real-map-Guide-m10260-f20260-p1-direct_guide-sitebait1-80187990", "time": 250.0, "bait_deployed": 0.1, "policy_bait_ready": false, "encounter": 0.1, "oracle_handoff": null, "children": 0, "active_guide_id": 1, "guide_alive": true, "active_guide_alive": true, "guided_delivered": 1}
{"progress": "real-map-Guide-m10260-f20260-p1-direct_guide-sitebait1-80187990", "time": 260.0, "bait_deployed": 0.1, "policy_bait_ready": false, "encounter": 0.1, "oracle_handoff": null, "children": 0, "active_guide_id": 1, "guide_alive": true, "active_guide_alive": true, "guided_delivered": 1}
{"progress": "real-map-Guide-m10260-f20260-p1-direct_guide-sitebait1-80187990", "time": 270.0, "bait_deployed": 0.1, "policy_bait_ready": false, "encounter": 0.1, "oracle_handoff": null, "children": 0, "active_guide_id": 1, "guide_alive": true, "active_guide_alive": true, "guided_delivered": 1}
{"progress": "real-map-Guide-m10260-f20260-p1-direct_guide-sitebait1-80187990", "time": 280.0, "bait_deployed": 0.1, "policy_bait_ready": false, "encounter": 0.1, "oracle_handoff": null, "children": 0, "active_guide_id": 1, "guide_alive": true, "active_guide_alive": true, "guided_delivered": 1}
{"progress": "real-map-Guide-m10260-f20260-p1-direct_guide-sitebait1-80187990", "time": 290.0, "bait_deployed": 0.1, "policy_bait_ready": false, "encounter": 0.1, "oracle_handoff": null, "children": 0, "active_guide_id": 1, "guide_alive": true, "active_guide_alive": true, "guided_delivered": 1}
{"progress": "real-map-Guide-m10260-f20260-p1-direct_guide-sitebait1-80187990", "time": 300.0, "bait_deployed": 0.1, "policy_bait_ready": false, "encounter": 0.1, "oracle_handoff": null, "children": 0, "active_guide_id": 1, "guide_alive": true, "active_guide_alive": true, "guided_delivered": 1}
{"viewer_manifest_refresh": {"status": "deferred", "reason": "bounded-memory runs defer full-replay viewer processing"}}
{
  "schema": "real-map-intake-result-v2",
  "policy": "integrated_guide.viability:Guide",
  "policy_hash": "42e9c2d9d66a722b23449fe39dc0d37725da089e9bb2f24861d0db8d4dc37615",
  "harness_hashes": {
    "research/simple_chase/run_streaming_v2.py": "837e02b05d1ba3af71df0949cb30beb18a8b2844f090f8b383c692192c52719a",
    "research/simple_chase/sampling.py": "1efb7d309c4cc79bc87916c1bea72a7845e78d0c2cdf0aeaf9e2a758ceed48ab",
    "research/simple_chase/static_map.py": "197b16cbe9dd2e3dd06b81fe9481986a97bd92d9c2a55f33597cc9b7280faf3c",
    "debugger/streaming_recorder_v2.py": "d5ecda6bb39ec74a9ad86fb20458df5de7f466d73052558af9e2877be3d99b19"
  },
  "mode": "direct_guide",
  "map_seed": 10260,
  "fixture_seed": 20260,
  "static_map_hash": "21a2fc3ac114ade5a615a0d35e954bdb5feedf9176d91349b2b9289d63791645",
  "site": {
    "mouth": [
      116.4889,
      345.3742
    ],
    "inward": [
      0.0,
      1.0
    ],
    "cross": [
      -1.0,
      0.0
    ],
    "goal": [
      116.4889,
      350.3742
    ],
    "far": [
      116.4889,
      220.3742
    ],
    "hold": [
      116.4889,
      270.3742
    ],
    "gap": 15.9958,
    "overlap": 52.7101,
    "runup": [
      116.4889,
      145.3742
    ],
    "approach_lane_offset": 0.0,
    "offset_approach": false,
    "obstacle_indices": [
      55,
      67
    ],
    "axis": 0,
    "other_mouth": [
      116.4889,
      398.0843
    ],
    "replacement_entry": [
      116.4889,
      418.0843
    ],
    "second_access_clear": true,
    "second_access_radius": 5.01,
    "bait_depth": 5.0,
    "boundary_indices": [],
    "geometric_replacement_access_only": true
  },
  "station_bait": true,
  "requested_seconds": 300.0,
  "seconds": 300.0,
  "reason": "horizon",
  "native_render": true,
  "reproduction_of": null,
  "record_every_ticks": 1,
  "replay_frames": 3001,
  "initial_predators": 1,
  "final_predators_total": 3,
  "tracked_predators_present_final": 1,
  "ambient_predators_spawned": 2,
  "ambient_predators_present_final": 2,
  "agent_energy_refilled": true,
  "predator_state_native": false,
  "predator_dynamics_native_after_setup": true,
  "arranged_adjacent_awake_start": true,
  "bait_id": 0,
  "guide_id": 1,
  "bait_alive": true,
  "guide_alive": true,
  "deaths": [],
  "spawn_requests": [],
  "child_births": [],
  "fruit_consumptions": [
    {
      "time": 2.2,
      "agent_id": 1,
      "x": 779.4598,
      "y": 877.4313
    },
    {
      "time": 23.3,
      "agent_id": 1,
      "x": 493.0388,
      "y": 422.3152
    },
    {
      "time": 23.8,
      "agent_id": 1,
      "x": 452.297,
      "y": 455.401
    },
    {
      "time": 37.7,
      "agent_id": 1,
      "x": 99.0059,
      "y": 263.5097
    }
  ],
  "parent_fruit_consumed_before_tracked_encounter": 0,
  "tracked_encounter_times": [
    0.1
  ],
  "conditional_delivery_denominator": true,
  "conditional_delivery_status": "not_applicable",
  "setup_oracle": false,
  "setup_oracle_target": null,
  "setup_oracle_ticks": 0,
  "setup_oracle_routing": null,
  "setup_oracle_route_resets": 0,
  "setup_oracle_policy_reset_before_handoff_act": false,
  "setup_oracle_handoff_time": null,
  "dynamic_action_privilege_ended_at": null,
  "target_switches": [
    {
      "time": 0.1,
      "tracked_predator_slot": 0,
      "target": 1
    },
    {
      "time": 3.8,
      "tracked_predator_slot": 0,
      "target": null
    },
    {
      "time": 3.9,
      "tracked_predator_slot": 0,
      "target": 1
    },
    {
      "time": 4.0,
      "tracked_predator_slot": 0,
      "target": null
    },
    {
      "time": 4.6,
      "tracked_predator_slot": 0,
      "target": 1
    },
    {
      "time": 9.5,
      "tracked_predator_slot": 0,
      "target": null
    },
    {
      "time": 9.6,
      "tracked_predator_slot": 0,
      "target": 1
    },
    {
      "time": 13.6,
      "tracked_predator_slot": 0,
      "target": "resting"
    },
    {
      "time": 17.1,
      "tracked_predator_slot": 0,
      "target": 1
    },
    {
      "time": 26.3,
      "tracked_predator_slot": 0,
      "target": "resting"
    },
    {
      "time": 29.8,
      "tracked_predator_slot": 0,
      "target": 1
    },
    {
      "time": 30.0,
      "tracked_predator_slot": 0,
      "target": null
    },
    {
      "time": 31.7,
      "tracked_predator_slot": 0,
      "target": 1
    },
    {
      "time": 38.4,
      "tracked_predator_slot": 0,
      "target": null
    },
    {
      "time": 38.5,
      "tracked_predator_slot": 0,
      "target": 1
    },
    {
      "time": 38.6,
      "tracked_predator_slot": 0,
      "target": null
    },
    {
      "time": 38.8,
      "tracked_predator_slot": 0,
      "target": 1
    },
    {
      "time": 39.7,
      "tracked_predator_slot": 0,
      "target": "resting"
    },
    {
      "time": 43.2,
      "tracked_predator_slot": 0,
      "target": 0
    },
    {
      "time": 52.2,
      "tracked_predator_slot": 0,
      "target": "resting"
    },
    {
      "time": 55.7,
      "tracked_predator_slot": 0,
      "target": 0
    },
    {
      "time": 64.9,
      "tracked_predator_slot": 0,
      "target": "resting"
    },
    {
      "time": 68.4,
      "tracked_predator_slot": 0,
      "target": 0
    },
    {
      "time": 77.4,
      "tracked_predator_slot": 0,
      "target": "resting"
    },
    {
      "time": 80.9,
      "tracked_predator_slot": 0,
      "target": 0
    },
    {
      "time": 90.2,
      "tracked_predator_slot": 0,
      "target": "resting"
    },
    {
      "time": 93.7,
      "tracked_predator_slot": 0,
      "target": 0
    },
    {
      "time": 102.9,
      "tracked_predator_slot": 0,
      "target": "resting"
    },
    {
      "time": 106.4,
      "tracked_predator_slot": 0,
      "target": 0
    },
    {
      "time": 115.7,
      "tracked_predator_slot": 0,
      "target": "resting"
    },
    {
      "time": 119.2,
      "tracked_predator_slot": 0,
      "target": 0
    },
    {
      "time": 128.5,
      "tracked_predator_slot": 0,
      "target": "resting"
    },
    {
      "time": 132.0,
      "tracked_predator_slot": 0,
      "target": 0
    },
    {
      "time": 141.3,
      "tracked_predator_slot": 0,
      "target": "resting"
    },
    {
      "time": 144.8,
      "tracked_predator_slot": 0,
      "target": 0
    },
    {
      "time": 154.0,
      "tracked_predator_slot": 0,
      "target": "resting"
    },
    {
      "time": 157.5,
      "tracked_predator_slot": 0,
      "target": 0
    },
    {
      "time": 166.8,
      "tracked_predator_slot": 0,
      "target": "resting"
    },
    {
      "time": 170.3,
      "tracked_predator_slot": 0,
      "target": 0
    },
    {
      "time": 179.6,
      "tracked_predator_slot": 0,
      "target": "resting"
    },
    {
      "time": 183.1,
      "tracked_predator_slot": 0,
      "target": 0
    },
    {
      "time": 192.3,
      "tracked_predator_slot": 0,
      "target": "resting"
    },
    {
      "time": 195.8,
      "tracked_predator_slot": 0,
      "target": 0
    },
    {
      "time": 204.8,
      "tracked_predator_slot": 0,
      "target": "resting"
    },
    {
      "time": 208.3,
      "tracked_predator_slot": 0,
      "target": 0
    },
    {
      "time": 217.5,
      "tracked_predator_slot": 0,
      "target": "resting"
    },
    {
      "time": 221.0,
      "tracked_predator_slot": 0,
      "target": 0
    },
    {
      "time": 229.9,
      "tracked_predator_slot": 0,
      "target": "resting"
    },
    {
      "time": 233.4,
      "tracked_predator_slot": 0,
      "target": 0
    },
    {
      "time": 242.7,
      "tracked_predator_slot": 0,
      "target": "resting"
    },
    {
      "time": 246.2,
      "tracked_predator_slot": 0,
      "target": 0
    },
    {
      "time": 255.4,
      "tracked_predator_slot": 0,
      "target": "resting"
    },
    {
      "time": 258.9,
      "tracked_predator_slot": 0,
      "target": 0
    },
    {
      "time": 268.1,
      "tracked_predator_slot": 0,
      "target": "resting"
    },
    {
      "time": 271.6,
      "tracked_predator_slot": 0,
      "target": 0
    },
    {
      "time": 280.8,
      "tracked_predator_slot": 0,
      "target": "resting"
    },
    {
      "time": 284.3,
      "tracked_predator_slot": 0,
      "target": 0
    },
    {
      "time": 293.5,
      "tracked_predator_slot": 0,
      "target": "resting"
    },
    {
      "time": 297.0,
      "tracked_predator_slot": 0,
      "target": 0
    }
  ],
  "guide_role_trace": [
    {
      "time": 0,
      "active_guide_id": 1
    }
  ],
  "guide_follow_trace": [
    {
      "time": 0.1,
      "active_guide_id": 1,
      "tracked_predator_slot": 0
    }
  ],
  "guide_role": "parent",
  "parent_role": "guide",
  "child_role": "gather_evade",
  "active_guide_id_final": 1,
  "active_guide_alive_final": true,
  "guide_role_ids": [
    1
  ],
  "bait_deployed_at": 0.1,
  "policy_bait_ready_final": false,
  "bait_left_after_deployment": null,
  "final_bait_distance_to_goal": 0.0,
  "first_guide_predator_observation": 0.1,
  "first_predator_following_guide": 0.1,
  "first_predator_following_active_guide": 0.1,
  "tracked_seen_by_guide": 1,
  "tracked_followed_active_guide": 1,
  "physical_entered": 1,
  "guided_delivered": 1,
  "physical_losses_after_delivery": 0,
  "target_losses_after_delivery": 0,
  "physical_entry_times": [
    43.6
  ],
  "guided_delivery_times": [
    43.6
  ],
  "loss_times": [
    null
  ],
  "target_loss_times": [
    null
  ],
  "tail_seconds": 30.0,
  "tail_physical_min": 1,
  "tail_contained_min": 1,
  "final_distance_from_mouth": [
    17.2638
  ],
  "max_distance_after_delivery": [
    28.8559
  ],
  "policy_events": [
    {
      "time": 50.6,
      "kind": "guide_release_observed",
      "agent_id": 1
    },
    {
      "time": 51.7,
      "kind": "guide_returned_to_staging",
      "agent_id": 1
    }
  ],
  "success": true,
  "replay": "results/simple_chase/replays/real-map-Guide-m10260-f20260-p1-direct_guide-sitebait1-80187990.json.gz"
}
/home/Ucals/projects/NordicCupAI-wall-funneling/survival-simulator/oscar-trap-research/survival/results/simple_chase/real-map-Guide-m10260-f20260-p1-direct_guide-sitebait1-80187990.json
