Running as unit: run-p891218-i890014.scope; invocation ID: 2e01f2a4dd1b4bb1a0ece19910367af0
{"progress": "real-map-Guide-m10264-f20264-p1-direct_guide-sitebait1-8669d698", "time": 10.0, "bait_deployed": 0.1, "policy_bait_ready": false, "encounter": 0.1, "oracle_handoff": null, "children": 0, "active_guide_id": 1, "guide_alive": true, "active_guide_alive": true, "guided_delivered": 1}
{"progress": "real-map-Guide-m10264-f20264-p1-direct_guide-sitebait1-8669d698", "time": 20.0, "bait_deployed": 0.1, "policy_bait_ready": false, "encounter": 0.1, "oracle_handoff": null, "children": 0, "active_guide_id": 1, "guide_alive": true, "active_guide_alive": true, "guided_delivered": 1}
{"progress": "real-map-Guide-m10264-f20264-p1-direct_guide-sitebait1-8669d698", "time": 30.0, "bait_deployed": 0.1, "policy_bait_ready": false, "encounter": 0.1, "oracle_handoff": null, "children": 0, "active_guide_id": 1, "guide_alive": true, "active_guide_alive": true, "guided_delivered": 1}
{"progress": "real-map-Guide-m10264-f20264-p1-direct_guide-sitebait1-8669d698", "time": 40.0, "bait_deployed": 0.1, "policy_bait_ready": false, "encounter": 0.1, "oracle_handoff": null, "children": 0, "active_guide_id": 1, "guide_alive": true, "active_guide_alive": true, "guided_delivered": 1}
{"progress": "real-map-Guide-m10264-f20264-p1-direct_guide-sitebait1-8669d698", "time": 50.0, "bait_deployed": 0.1, "policy_bait_ready": false, "encounter": 0.1, "oracle_handoff": null, "children": 0, "active_guide_id": 1, "guide_alive": true, "active_guide_alive": true, "guided_delivered": 1}
{"progress": "real-map-Guide-m10264-f20264-p1-direct_guide-sitebait1-8669d698", "time": 60.0, "bait_deployed": 0.1, "policy_bait_ready": false, "encounter": 0.1, "oracle_handoff": null, "children": 0, "active_guide_id": 1, "guide_alive": true, "active_guide_alive": true, "guided_delivered": 1}
{"progress": "real-map-Guide-m10264-f20264-p1-direct_guide-sitebait1-8669d698", "time": 70.0, "bait_deployed": 0.1, "policy_bait_ready": false, "encounter": 0.1, "oracle_handoff": null, "children": 0, "active_guide_id": 1, "guide_alive": true, "active_guide_alive": true, "guided_delivered": 1}
{"progress": "real-map-Guide-m10264-f20264-p1-direct_guide-sitebait1-8669d698", "time": 80.0, "bait_deployed": 0.1, "policy_bait_ready": false, "encounter": 0.1, "oracle_handoff": null, "children": 0, "active_guide_id": 1, "guide_alive": true, "active_guide_alive": true, "guided_delivered": 1}
{"progress": "real-map-Guide-m10264-f20264-p1-direct_guide-sitebait1-8669d698", "time": 90.0, "bait_deployed": 0.1, "policy_bait_ready": false, "encounter": 0.1, "oracle_handoff": null, "children": 0, "active_guide_id": 1, "guide_alive": true, "active_guide_alive": true, "guided_delivered": 1}
{"progress": "real-map-Guide-m10264-f20264-p1-direct_guide-sitebait1-8669d698", "time": 100.0, "bait_deployed": 0.1, "policy_bait_ready": false, "encounter": 0.1, "oracle_handoff": null, "children": 0, "active_guide_id": 1, "guide_alive": true, "active_guide_alive": true, "guided_delivered": 1}
{"progress": "real-map-Guide-m10264-f20264-p1-direct_guide-sitebait1-8669d698", "time": 110.0, "bait_deployed": 0.1, "policy_bait_ready": false, "encounter": 0.1, "oracle_handoff": null, "children": 0, "active_guide_id": 1, "guide_alive": true, "active_guide_alive": true, "guided_delivered": 1}
{"progress": "real-map-Guide-m10264-f20264-p1-direct_guide-sitebait1-8669d698", "time": 120.0, "bait_deployed": 0.1, "policy_bait_ready": false, "encounter": 0.1, "oracle_handoff": null, "children": 0, "active_guide_id": 1, "guide_alive": true, "active_guide_alive": true, "guided_delivered": 1}
{"progress": "real-map-Guide-m10264-f20264-p1-direct_guide-sitebait1-8669d698", "time": 130.0, "bait_deployed": 0.1, "policy_bait_ready": false, "encounter": 0.1, "oracle_handoff": null, "children": 0, "active_guide_id": 1, "guide_alive": true, "active_guide_alive": true, "guided_delivered": 1}
{"progress": "real-map-Guide-m10264-f20264-p1-direct_guide-sitebait1-8669d698", "time": 140.0, "bait_deployed": 0.1, "policy_bait_ready": false, "encounter": 0.1, "oracle_handoff": null, "children": 0, "active_guide_id": 1, "guide_alive": true, "active_guide_alive": true, "guided_delivered": 1}
{"progress": "real-map-Guide-m10264-f20264-p1-direct_guide-sitebait1-8669d698", "time": 150.0, "bait_deployed": 0.1, "policy_bait_ready": false, "encounter": 0.1, "oracle_handoff": null, "children": 0, "active_guide_id": 1, "guide_alive": true, "active_guide_alive": true, "guided_delivered": 1}
{"progress": "real-map-Guide-m10264-f20264-p1-direct_guide-sitebait1-8669d698", "time": 160.0, "bait_deployed": 0.1, "policy_bait_ready": false, "encounter": 0.1, "oracle_handoff": null, "children": 0, "active_guide_id": 1, "guide_alive": true, "active_guide_alive": true, "guided_delivered": 1}
{"progress": "real-map-Guide-m10264-f20264-p1-direct_guide-sitebait1-8669d698", "time": 170.0, "bait_deployed": 0.1, "policy_bait_ready": false, "encounter": 0.1, "oracle_handoff": null, "children": 0, "active_guide_id": 1, "guide_alive": true, "active_guide_alive": true, "guided_delivered": 1}
{"progress": "real-map-Guide-m10264-f20264-p1-direct_guide-sitebait1-8669d698", "time": 180.0, "bait_deployed": 0.1, "policy_bait_ready": false, "encounter": 0.1, "oracle_handoff": null, "children": 0, "active_guide_id": 1, "guide_alive": true, "active_guide_alive": true, "guided_delivered": 1}
{"progress": "real-map-Guide-m10264-f20264-p1-direct_guide-sitebait1-8669d698", "time": 190.0, "bait_deployed": 0.1, "policy_bait_ready": false, "encounter": 0.1, "oracle_handoff": null, "children": 0, "active_guide_id": 1, "guide_alive": true, "active_guide_alive": true, "guided_delivered": 1}
{"progress": "real-map-Guide-m10264-f20264-p1-direct_guide-sitebait1-8669d698", "time": 200.0, "bait_deployed": 0.1, "policy_bait_ready": false, "encounter": 0.1, "oracle_handoff": null, "children": 0, "active_guide_id": 1, "guide_alive": true, "active_guide_alive": true, "guided_delivered": 1}
{"progress": "real-map-Guide-m10264-f20264-p1-direct_guide-sitebait1-8669d698", "time": 210.0, "bait_deployed": 0.1, "policy_bait_ready": false, "encounter": 0.1, "oracle_handoff": null, "children": 0, "active_guide_id": 1, "guide_alive": true, "active_guide_alive": true, "guided_delivered": 1}
{"progress": "real-map-Guide-m10264-f20264-p1-direct_guide-sitebait1-8669d698", "time": 220.0, "bait_deployed": 0.1, "policy_bait_ready": false, "encounter": 0.1, "oracle_handoff": null, "children": 0, "active_guide_id": 1, "guide_alive": true, "active_guide_alive": true, "guided_delivered": 1}
{"progress": "real-map-Guide-m10264-f20264-p1-direct_guide-sitebait1-8669d698", "time": 230.0, "bait_deployed": 0.1, "policy_bait_ready": false, "encounter": 0.1, "oracle_handoff": null, "children": 0, "active_guide_id": 1, "guide_alive": true, "active_guide_alive": true, "guided_delivered": 1}
{"progress": "real-map-Guide-m10264-f20264-p1-direct_guide-sitebait1-8669d698", "time": 240.0, "bait_deployed": 0.1, "policy_bait_ready": false, "encounter": 0.1, "oracle_handoff": null, "children": 0, "active_guide_id": 1, "guide_alive": true, "active_guide_alive": true, "guided_delivered": 1}
{"progress": "real-map-Guide-m10264-f20264-p1-direct_guide-sitebait1-8669d698", "time": 250.0, "bait_deployed": 0.1, "policy_bait_ready": false, "encounter": 0.1, "oracle_handoff": null, "children": 0, "active_guide_id": 1, "guide_alive": false, "active_guide_alive": false, "guided_delivered": 1}
{"progress": "real-map-Guide-m10264-f20264-p1-direct_guide-sitebait1-8669d698", "time": 260.0, "bait_deployed": 0.1, "policy_bait_ready": false, "encounter": 0.1, "oracle_handoff": null, "children": 0, "active_guide_id": 1, "guide_alive": false, "active_guide_alive": false, "guided_delivered": 1}
{"progress": "real-map-Guide-m10264-f20264-p1-direct_guide-sitebait1-8669d698", "time": 270.0, "bait_deployed": 0.1, "policy_bait_ready": false, "encounter": 0.1, "oracle_handoff": null, "children": 0, "active_guide_id": 1, "guide_alive": false, "active_guide_alive": false, "guided_delivered": 1}
{"progress": "real-map-Guide-m10264-f20264-p1-direct_guide-sitebait1-8669d698", "time": 280.0, "bait_deployed": 0.1, "policy_bait_ready": false, "encounter": 0.1, "oracle_handoff": null, "children": 0, "active_guide_id": 1, "guide_alive": false, "active_guide_alive": false, "guided_delivered": 1}
{"progress": "real-map-Guide-m10264-f20264-p1-direct_guide-sitebait1-8669d698", "time": 290.0, "bait_deployed": 0.1, "policy_bait_ready": false, "encounter": 0.1, "oracle_handoff": null, "children": 0, "active_guide_id": 1, "guide_alive": false, "active_guide_alive": false, "guided_delivered": 1}
{"progress": "real-map-Guide-m10264-f20264-p1-direct_guide-sitebait1-8669d698", "time": 300.0, "bait_deployed": 0.1, "policy_bait_ready": false, "encounter": 0.1, "oracle_handoff": null, "children": 0, "active_guide_id": 1, "guide_alive": false, "active_guide_alive": false, "guided_delivered": 1}
{"viewer_manifest_refresh": {"status": "deferred", "reason": "bounded-memory runs defer full-replay viewer processing"}}
{
  "schema": "real-map-intake-result-v2",
  "policy": "integrated_guide.viability:Guide",
  "policy_hash": "42e9c2d9d66a722b23449fe39dc0d37725da089e9bb2f24861d0db8d4dc37615",
  "harness_hashes": {
    "research/simple_chase/run_streaming_v2.py": "837e02b05d1ba3af71df0949cb30beb18a8b2844f090f8b383c692192c52719a",
    "research/simple_chase/sampling.py": "1efb7d309c4cc79bc87916c1bea72a7845e78d0c2cdf0aeaf9e2a758ceed48ab",
    "research/simple_chase/static_map.py": "197b16cbe9dd2e3dd06b81fe9481986a97bd92d9c2a55f33597cc9b7280faf3c",
    "debugger/streaming_recorder_v2.py": "d5ecda6bb39ec74a9ad86fb20458df5de7f466d73052558af9e2877be3d99b19"
  },
  "mode": "direct_guide",
  "map_seed": 10264,
  "fixture_seed": 20264,
  "static_map_hash": "d529f587ecc86b9b9d8bb538ed872d9b55c4c455f1a50fef674f9e47604ec41f",
  "site": {
    "mouth": [
      1134.9549,
      495.4373
    ],
    "inward": [
      0.0,
      -1.0
    ],
    "cross": [
      1.0,
      0.0
    ],
    "goal": [
      1134.9549,
      490.4373
    ],
    "far": [
      1134.9549,
      620.4373
    ],
    "hold": [
      1134.9549,
      570.4373
    ],
    "gap": 11.1058,
    "overlap": 49.0601,
    "runup": [
      1134.9549,
      720.4373
    ],
    "approach_lane_offset": 0.0,
    "offset_approach": false,
    "obstacle_indices": [
      80,
      77
    ],
    "axis": 0,
    "other_mouth": [
      1134.9549,
      446.3772
    ],
    "replacement_entry": [
      1134.9549,
      426.3772
    ],
    "second_access_clear": true,
    "second_access_radius": 5.01,
    "bait_depth": 5.0,
    "boundary_indices": [],
    "geometric_replacement_access_only": true
  },
  "station_bait": true,
  "requested_seconds": 300.0,
  "seconds": 300.0,
  "reason": "horizon",
  "native_render": true,
  "reproduction_of": null,
  "record_every_ticks": 1,
  "replay_frames": 3001,
  "initial_predators": 1,
  "final_predators_total": 3,
  "tracked_predators_present_final": 1,
  "ambient_predators_spawned": 2,
  "ambient_predators_present_final": 2,
  "agent_energy_refilled": true,
  "predator_state_native": false,
  "predator_dynamics_native_after_setup": true,
  "arranged_adjacent_awake_start": true,
  "bait_id": 0,
  "guide_id": 1,
  "bait_alive": true,
  "guide_alive": false,
  "deaths": [
    {
      "time": 244.0,
      "agent_id": 1,
      "role": "parent_guide"
    }
  ],
  "spawn_requests": [],
  "child_births": [],
  "fruit_consumptions": [
    {
      "time": 56.7,
      "agent_id": 1,
      "x": 1140.2529,
      "y": 721.4192
    },
    {
      "time": 224.2,
      "agent_id": 1,
      "x": 1134.1156,
      "y": 707.0114
    }
  ],
  "parent_fruit_consumed_before_tracked_encounter": 0,
  "tracked_encounter_times": [
    0.1
  ],
  "conditional_delivery_denominator": true,
  "conditional_delivery_status": "not_applicable",
  "setup_oracle": false,
  "setup_oracle_target": null,
  "setup_oracle_ticks": 0,
  "setup_oracle_routing": null,
  "setup_oracle_route_resets": 0,
  "setup_oracle_policy_reset_before_handoff_act": false,
  "setup_oracle_handoff_time": null,
  "dynamic_action_privilege_ended_at": null,
  "target_switches": [
    {
      "time": 0.1,
      "tracked_predator_slot": 0,
      "target": 1
    },
    {
      "time": 5.5,
      "tracked_predator_slot": 0,
      "target": 0
    },
    {
      "time": 13.3,
      "tracked_predator_slot": 0,
      "target": "resting"
    },
    {
      "time": 16.8,
      "tracked_predator_slot": 0,
      "target": 0
    },
    {
      "time": 26.1,
      "tracked_predator_slot": 0,
      "target": "resting"
    },
    {
      "time": 29.6,
      "tracked_predator_slot": 0,
      "target": 0
    },
    {
      "time": 38.6,
      "tracked_predator_slot": 0,
      "target": "resting"
    },
    {
      "time": 42.1,
      "tracked_predator_slot": 0,
      "target": 0
    },
    {
      "time": 51.4,
      "tracked_predator_slot": 0,
      "target": "resting"
    },
    {
      "time": 54.9,
      "tracked_predator_slot": 0,
      "target": 0
    },
    {
      "time": 64.2,
      "tracked_predator_slot": 0,
      "target": "resting"
    },
    {
      "time": 67.7,
      "tracked_predator_slot": 0,
      "target": 0
    },
    {
      "time": 76.7,
      "tracked_predator_slot": 0,
      "target": "resting"
    },
    {
      "time": 80.2,
      "tracked_predator_slot": 0,
      "target": 0
    },
    {
      "time": 89.2,
      "tracked_predator_slot": 0,
      "target": "resting"
    },
    {
      "time": 92.7,
      "tracked_predator_slot": 0,
      "target": 0
    },
    {
      "time": 102.0,
      "tracked_predator_slot": 0,
      "target": "resting"
    },
    {
      "time": 105.5,
      "tracked_predator_slot": 0,
      "target": 0
    },
    {
      "time": 114.8,
      "tracked_predator_slot": 0,
      "target": "resting"
    },
    {
      "time": 118.3,
      "tracked_predator_slot": 0,
      "target": 0
    },
    {
      "time": 127.6,
      "tracked_predator_slot": 0,
      "target": "resting"
    },
    {
      "time": 131.1,
      "tracked_predator_slot": 0,
      "target": 0
    },
    {
      "time": 140.4,
      "tracked_predator_slot": 0,
      "target": "resting"
    },
    {
      "time": 143.9,
      "tracked_predator_slot": 0,
      "target": 0
    },
    {
      "time": 153.2,
      "tracked_predator_slot": 0,
      "target": "resting"
    },
    {
      "time": 156.7,
      "tracked_predator_slot": 0,
      "target": 0
    },
    {
      "time": 165.7,
      "tracked_predator_slot": 0,
      "target": "resting"
    },
    {
      "time": 169.2,
      "tracked_predator_slot": 0,
      "target": 0
    },
    {
      "time": 178.2,
      "tracked_predator_slot": 0,
      "target": "resting"
    },
    {
      "time": 181.7,
      "tracked_predator_slot": 0,
      "target": 0
    },
    {
      "time": 191.0,
      "tracked_predator_slot": 0,
      "target": "resting"
    },
    {
      "time": 194.5,
      "tracked_predator_slot": 0,
      "target": 0
    },
    {
      "time": 203.8,
      "tracked_predator_slot": 0,
      "target": "resting"
    },
    {
      "time": 207.3,
      "tracked_predator_slot": 0,
      "target": 0
    },
    {
      "time": 216.6,
      "tracked_predator_slot": 0,
      "target": "resting"
    },
    {
      "time": 220.1,
      "tracked_predator_slot": 0,
      "target": 0
    },
    {
      "time": 229.4,
      "tracked_predator_slot": 0,
      "target": "resting"
    },
    {
      "time": 232.9,
      "tracked_predator_slot": 0,
      "target": 0
    },
    {
      "time": 242.2,
      "tracked_predator_slot": 0,
      "target": "resting"
    },
    {
      "time": 245.7,
      "tracked_predator_slot": 0,
      "target": 0
    },
    {
      "time": 255.0,
      "tracked_predator_slot": 0,
      "target": "resting"
    },
    {
      "time": 258.5,
      "tracked_predator_slot": 0,
      "target": 0
    },
    {
      "time": 267.8,
      "tracked_predator_slot": 0,
      "target": "resting"
    },
    {
      "time": 271.3,
      "tracked_predator_slot": 0,
      "target": 0
    },
    {
      "time": 280.6,
      "tracked_predator_slot": 0,
      "target": "resting"
    },
    {
      "time": 284.1,
      "tracked_predator_slot": 0,
      "target": 0
    },
    {
      "time": 293.4,
      "tracked_predator_slot": 0,
      "target": "resting"
    },
    {
      "time": 296.9,
      "tracked_predator_slot": 0,
      "target": 0
    }
  ],
  "guide_role_trace": [
    {
      "time": 0,
      "active_guide_id": 1
    }
  ],
  "guide_follow_trace": [
    {
      "time": 0.1,
      "active_guide_id": 1,
      "tracked_predator_slot": 0
    }
  ],
  "guide_role": "parent",
  "parent_role": "guide",
  "child_role": "gather_evade",
  "active_guide_id_final": 1,
  "active_guide_alive_final": false,
  "guide_role_ids": [
    1
  ],
  "bait_deployed_at": 0.1,
  "policy_bait_ready_final": false,
  "bait_left_after_deployment": null,
  "final_bait_distance_to_goal": 0.0,
  "first_guide_predator_observation": 0.1,
  "first_predator_following_guide": 0.1,
  "first_predator_following_active_guide": 0.1,
  "tracked_seen_by_guide": 1,
  "tracked_followed_active_guide": 1,
  "physical_entered": 1,
  "guided_delivered": 1,
  "physical_losses_after_delivery": 0,
  "target_losses_after_delivery": 0,
  "physical_entry_times": [
    4.4
  ],
  "guided_delivery_times": [
    5.5
  ],
  "loss_times": [
    null
  ],
  "target_loss_times": [
    null
  ],
  "tail_seconds": 30.0,
  "tail_physical_min": 1,
  "tail_contained_min": 1,
  "final_distance_from_mouth": [
    11.1639
  ],
  "max_distance_after_delivery": [
    26.3696
  ],
  "policy_events": [
    {
      "time": 14.0,
      "kind": "guide_release_observed",
      "agent_id": 1
    },
    {
      "time": 15.8,
      "kind": "guide_returned_to_staging",
      "agent_id": 1
    }
  ],
  "success": true,
  "replay": "results/simple_chase/replays/real-map-Guide-m10264-f20264-p1-direct_guide-sitebait1-8669d698.json.gz"
}
/home/Ucals/projects/NordicCupAI-wall-funneling/survival-simulator/oscar-trap-research/survival/results/simple_chase/real-map-Guide-m10264-f20264-p1-direct_guide-sitebait1-8669d698.json
