Running as unit: run-p884745-i894082.scope; invocation ID: ee1381e0b400424392b4222cc760e692
{"progress": "real-map-Guide-m10261-f20261-p1-direct_guide-sitebait1-3bd19dee", "time": 10.0, "bait_deployed": 0.1, "policy_bait_ready": false, "encounter": 0.1, "oracle_handoff": null, "children": 0, "active_guide_id": 1, "guide_alive": true, "active_guide_alive": true, "guided_delivered": 0}
{"progress": "real-map-Guide-m10261-f20261-p1-direct_guide-sitebait1-3bd19dee", "time": 20.0, "bait_deployed": 0.1, "policy_bait_ready": false, "encounter": 0.1, "oracle_handoff": null, "children": 0, "active_guide_id": 1, "guide_alive": true, "active_guide_alive": true, "guided_delivered": 0}
{"progress": "real-map-Guide-m10261-f20261-p1-direct_guide-sitebait1-3bd19dee", "time": 30.0, "bait_deployed": 0.1, "policy_bait_ready": false, "encounter": 0.1, "oracle_handoff": null, "children": 0, "active_guide_id": 1, "guide_alive": true, "active_guide_alive": true, "guided_delivered": 0}
{"progress": "real-map-Guide-m10261-f20261-p1-direct_guide-sitebait1-3bd19dee", "time": 40.0, "bait_deployed": 0.1, "policy_bait_ready": false, "encounter": 0.1, "oracle_handoff": null, "children": 0, "active_guide_id": 1, "guide_alive": false, "active_guide_alive": false, "guided_delivered": 0}
{"progress": "real-map-Guide-m10261-f20261-p1-direct_guide-sitebait1-3bd19dee", "time": 50.0, "bait_deployed": 0.1, "policy_bait_ready": false, "encounter": 0.1, "oracle_handoff": null, "children": 0, "active_guide_id": 1, "guide_alive": false, "active_guide_alive": false, "guided_delivered": 1}
{"progress": "real-map-Guide-m10261-f20261-p1-direct_guide-sitebait1-3bd19dee", "time": 60.0, "bait_deployed": 0.1, "policy_bait_ready": false, "encounter": 0.1, "oracle_handoff": null, "children": 0, "active_guide_id": 1, "guide_alive": false, "active_guide_alive": false, "guided_delivered": 1}
{"progress": "real-map-Guide-m10261-f20261-p1-direct_guide-sitebait1-3bd19dee", "time": 70.0, "bait_deployed": 0.1, "policy_bait_ready": false, "encounter": 0.1, "oracle_handoff": null, "children": 0, "active_guide_id": 1, "guide_alive": false, "active_guide_alive": false, "guided_delivered": 1}
{"progress": "real-map-Guide-m10261-f20261-p1-direct_guide-sitebait1-3bd19dee", "time": 80.0, "bait_deployed": 0.1, "policy_bait_ready": false, "encounter": 0.1, "oracle_handoff": null, "children": 0, "active_guide_id": 1, "guide_alive": false, "active_guide_alive": false, "guided_delivered": 1}
{"progress": "real-map-Guide-m10261-f20261-p1-direct_guide-sitebait1-3bd19dee", "time": 90.0, "bait_deployed": 0.1, "policy_bait_ready": false, "encounter": 0.1, "oracle_handoff": null, "children": 0, "active_guide_id": 1, "guide_alive": false, "active_guide_alive": false, "guided_delivered": 1}
{"progress": "real-map-Guide-m10261-f20261-p1-direct_guide-sitebait1-3bd19dee", "time": 100.0, "bait_deployed": 0.1, "policy_bait_ready": false, "encounter": 0.1, "oracle_handoff": null, "children": 0, "active_guide_id": 1, "guide_alive": false, "active_guide_alive": false, "guided_delivered": 1}
{"progress": "real-map-Guide-m10261-f20261-p1-direct_guide-sitebait1-3bd19dee", "time": 110.0, "bait_deployed": 0.1, "policy_bait_ready": false, "encounter": 0.1, "oracle_handoff": null, "children": 0, "active_guide_id": 1, "guide_alive": false, "active_guide_alive": false, "guided_delivered": 1}
{"progress": "real-map-Guide-m10261-f20261-p1-direct_guide-sitebait1-3bd19dee", "time": 120.0, "bait_deployed": 0.1, "policy_bait_ready": false, "encounter": 0.1, "oracle_handoff": null, "children": 0, "active_guide_id": 1, "guide_alive": false, "active_guide_alive": false, "guided_delivered": 1}
{"progress": "real-map-Guide-m10261-f20261-p1-direct_guide-sitebait1-3bd19dee", "time": 130.0, "bait_deployed": 0.1, "policy_bait_ready": false, "encounter": 0.1, "oracle_handoff": null, "children": 0, "active_guide_id": 1, "guide_alive": false, "active_guide_alive": false, "guided_delivered": 1}
{"progress": "real-map-Guide-m10261-f20261-p1-direct_guide-sitebait1-3bd19dee", "time": 140.0, "bait_deployed": 0.1, "policy_bait_ready": false, "encounter": 0.1, "oracle_handoff": null, "children": 0, "active_guide_id": 1, "guide_alive": false, "active_guide_alive": false, "guided_delivered": 1}
{"progress": "real-map-Guide-m10261-f20261-p1-direct_guide-sitebait1-3bd19dee", "time": 150.0, "bait_deployed": 0.1, "policy_bait_ready": false, "encounter": 0.1, "oracle_handoff": null, "children": 0, "active_guide_id": 1, "guide_alive": false, "active_guide_alive": false, "guided_delivered": 1}
{"progress": "real-map-Guide-m10261-f20261-p1-direct_guide-sitebait1-3bd19dee", "time": 160.0, "bait_deployed": 0.1, "policy_bait_ready": false, "encounter": 0.1, "oracle_handoff": null, "children": 0, "active_guide_id": 1, "guide_alive": false, "active_guide_alive": false, "guided_delivered": 1}
{"progress": "real-map-Guide-m10261-f20261-p1-direct_guide-sitebait1-3bd19dee", "time": 170.0, "bait_deployed": 0.1, "policy_bait_ready": false, "encounter": 0.1, "oracle_handoff": null, "children": 0, "active_guide_id": 1, "guide_alive": false, "active_guide_alive": false, "guided_delivered": 1}
{"progress": "real-map-Guide-m10261-f20261-p1-direct_guide-sitebait1-3bd19dee", "time": 180.0, "bait_deployed": 0.1, "policy_bait_ready": false, "encounter": 0.1, "oracle_handoff": null, "children": 0, "active_guide_id": 1, "guide_alive": false, "active_guide_alive": false, "guided_delivered": 1}
{"progress": "real-map-Guide-m10261-f20261-p1-direct_guide-sitebait1-3bd19dee", "time": 190.0, "bait_deployed": 0.1, "policy_bait_ready": false, "encounter": 0.1, "oracle_handoff": null, "children": 0, "active_guide_id": 1, "guide_alive": false, "active_guide_alive": false, "guided_delivered": 1}
{"progress": "real-map-Guide-m10261-f20261-p1-direct_guide-sitebait1-3bd19dee", "time": 200.0, "bait_deployed": 0.1, "policy_bait_ready": false, "encounter": 0.1, "oracle_handoff": null, "children": 0, "active_guide_id": 1, "guide_alive": false, "active_guide_alive": false, "guided_delivered": 1}
{"progress": "real-map-Guide-m10261-f20261-p1-direct_guide-sitebait1-3bd19dee", "time": 210.0, "bait_deployed": 0.1, "policy_bait_ready": false, "encounter": 0.1, "oracle_handoff": null, "children": 0, "active_guide_id": 1, "guide_alive": false, "active_guide_alive": false, "guided_delivered": 1}
{"progress": "real-map-Guide-m10261-f20261-p1-direct_guide-sitebait1-3bd19dee", "time": 220.0, "bait_deployed": 0.1, "policy_bait_ready": false, "encounter": 0.1, "oracle_handoff": null, "children": 0, "active_guide_id": 1, "guide_alive": false, "active_guide_alive": false, "guided_delivered": 1}
{"progress": "real-map-Guide-m10261-f20261-p1-direct_guide-sitebait1-3bd19dee", "time": 230.0, "bait_deployed": 0.1, "policy_bait_ready": false, "encounter": 0.1, "oracle_handoff": null, "children": 0, "active_guide_id": 1, "guide_alive": false, "active_guide_alive": false, "guided_delivered": 1}
{"progress": "real-map-Guide-m10261-f20261-p1-direct_guide-sitebait1-3bd19dee", "time": 240.0, "bait_deployed": 0.1, "policy_bait_ready": false, "encounter": 0.1, "oracle_handoff": null, "children": 0, "active_guide_id": 1, "guide_alive": false, "active_guide_alive": false, "guided_delivered": 1}
{"progress": "real-map-Guide-m10261-f20261-p1-direct_guide-sitebait1-3bd19dee", "time": 250.0, "bait_deployed": 0.1, "policy_bait_ready": false, "encounter": 0.1, "oracle_handoff": null, "children": 0, "active_guide_id": 1, "guide_alive": false, "active_guide_alive": false, "guided_delivered": 1}
{"progress": "real-map-Guide-m10261-f20261-p1-direct_guide-sitebait1-3bd19dee", "time": 260.0, "bait_deployed": 0.1, "policy_bait_ready": false, "encounter": 0.1, "oracle_handoff": null, "children": 0, "active_guide_id": 1, "guide_alive": false, "active_guide_alive": false, "guided_delivered": 1}
{"progress": "real-map-Guide-m10261-f20261-p1-direct_guide-sitebait1-3bd19dee", "time": 270.0, "bait_deployed": 0.1, "policy_bait_ready": false, "encounter": 0.1, "oracle_handoff": null, "children": 0, "active_guide_id": 1, "guide_alive": false, "active_guide_alive": false, "guided_delivered": 1}
{"progress": "real-map-Guide-m10261-f20261-p1-direct_guide-sitebait1-3bd19dee", "time": 280.0, "bait_deployed": 0.1, "policy_bait_ready": false, "encounter": 0.1, "oracle_handoff": null, "children": 0, "active_guide_id": 1, "guide_alive": false, "active_guide_alive": false, "guided_delivered": 1}
{"progress": "real-map-Guide-m10261-f20261-p1-direct_guide-sitebait1-3bd19dee", "time": 290.0, "bait_deployed": 0.1, "policy_bait_ready": false, "encounter": 0.1, "oracle_handoff": null, "children": 0, "active_guide_id": 1, "guide_alive": false, "active_guide_alive": false, "guided_delivered": 1}
{"progress": "real-map-Guide-m10261-f20261-p1-direct_guide-sitebait1-3bd19dee", "time": 300.0, "bait_deployed": 0.1, "policy_bait_ready": false, "encounter": 0.1, "oracle_handoff": null, "children": 0, "active_guide_id": 1, "guide_alive": false, "active_guide_alive": false, "guided_delivered": 1}
{"viewer_manifest_refresh": {"status": "deferred", "reason": "bounded-memory runs defer full-replay viewer processing"}}
{
  "schema": "real-map-intake-result-v2",
  "policy": "integrated_guide.viability:Guide",
  "policy_hash": "42e9c2d9d66a722b23449fe39dc0d37725da089e9bb2f24861d0db8d4dc37615",
  "harness_hashes": {
    "research/simple_chase/run_streaming_v2.py": "837e02b05d1ba3af71df0949cb30beb18a8b2844f090f8b383c692192c52719a",
    "research/simple_chase/sampling.py": "1efb7d309c4cc79bc87916c1bea72a7845e78d0c2cdf0aeaf9e2a758ceed48ab",
    "research/simple_chase/static_map.py": "197b16cbe9dd2e3dd06b81fe9481986a97bd92d9c2a55f33597cc9b7280faf3c",
    "debugger/streaming_recorder_v2.py": "d5ecda6bb39ec74a9ad86fb20458df5de7f466d73052558af9e2877be3d99b19"
  },
  "mode": "direct_guide",
  "map_seed": 10261,
  "fixture_seed": 20261,
  "static_map_hash": "7ed502330cbc6990a0bef4a144959666e9d50d7498d3ade343fff1315e7b7b82",
  "site": {
    "mouth": [
      1043.9916,
      407.7819
    ],
    "inward": [
      0.0,
      -1.0
    ],
    "cross": [
      1.0,
      0.0
    ],
    "goal": [
      1043.9916,
      402.7819
    ],
    "far": [
      1043.9916,
      532.7819
    ],
    "hold": [
      1043.9916,
      482.7819
    ],
    "gap": 13.3519,
    "overlap": 54.6076,
    "runup": [
      1043.9916,
      587.7819
    ],
    "approach_lane_offset": 0.0,
    "offset_approach": false,
    "obstacle_indices": [
      40,
      11
    ],
    "axis": 0,
    "other_mouth": [
      1043.9916,
      353.1744
    ],
    "replacement_entry": [
      1043.9916,
      333.1744
    ],
    "second_access_clear": true,
    "second_access_radius": 5.01,
    "bait_depth": 5.0,
    "boundary_indices": [],
    "geometric_replacement_access_only": true
  },
  "station_bait": true,
  "requested_seconds": 300.0,
  "seconds": 300.0,
  "reason": "horizon",
  "native_render": true,
  "reproduction_of": null,
  "record_every_ticks": 1,
  "replay_frames": 3001,
  "initial_predators": 1,
  "final_predators_total": 2,
  "tracked_predators_present_final": 1,
  "ambient_predators_spawned": 1,
  "ambient_predators_present_final": 1,
  "agent_energy_refilled": true,
  "predator_state_native": false,
  "predator_dynamics_native_after_setup": true,
  "arranged_adjacent_awake_start": true,
  "bait_id": 0,
  "guide_id": 1,
  "bait_alive": true,
  "guide_alive": false,
  "deaths": [
    {
      "time": 39.0,
      "agent_id": 1,
      "role": "parent_guide"
    }
  ],
  "spawn_requests": [],
  "child_births": [],
  "fruit_consumptions": [
    {
      "time": 6.4,
      "agent_id": 1,
      "x": 1378.9061,
      "y": 148.1972
    },
    {
      "time": 18.7,
      "agent_id": 1,
      "x": 1178.5594,
      "y": 575.9099
    },
    {
      "time": 26.9,
      "agent_id": 1,
      "x": 963.519,
      "y": 753.0982
    },
    {
      "time": 27.3,
      "agent_id": 1,
      "x": 941.7851,
      "y": 741.1547
    }
  ],
  "parent_fruit_consumed_before_tracked_encounter": 0,
  "tracked_encounter_times": [
    0.1
  ],
  "conditional_delivery_denominator": true,
  "conditional_delivery_status": "not_applicable",
  "setup_oracle": false,
  "setup_oracle_target": null,
  "setup_oracle_ticks": 0,
  "setup_oracle_routing": null,
  "setup_oracle_route_resets": 0,
  "setup_oracle_policy_reset_before_handoff_act": false,
  "setup_oracle_handoff_time": null,
  "dynamic_action_privilege_ended_at": null,
  "target_switches": [
    {
      "time": 0.1,
      "tracked_predator_slot": 0,
      "target": 1
    },
    {
      "time": 11.1,
      "tracked_predator_slot": 0,
      "target": null
    },
    {
      "time": 11.2,
      "tracked_predator_slot": 0,
      "target": 1
    },
    {
      "time": 13.3,
      "tracked_predator_slot": 0,
      "target": "resting"
    },
    {
      "time": 16.8,
      "tracked_predator_slot": 0,
      "target": 1
    },
    {
      "time": 19.1,
      "tracked_predator_slot": 0,
      "target": null
    },
    {
      "time": 21.5,
      "tracked_predator_slot": 0,
      "target": 1
    },
    {
      "time": 21.7,
      "tracked_predator_slot": 0,
      "target": null
    },
    {
      "time": 23.8,
      "tracked_predator_slot": 0,
      "target": 1
    },
    {
      "time": 23.9,
      "tracked_predator_slot": 0,
      "target": null
    },
    {
      "time": 24.1,
      "tracked_predator_slot": 0,
      "target": 1
    },
    {
      "time": 24.2,
      "tracked_predator_slot": 0,
      "target": null
    },
    {
      "time": 24.3,
      "tracked_predator_slot": 0,
      "target": 1
    },
    {
      "time": 24.4,
      "tracked_predator_slot": 0,
      "target": null
    },
    {
      "time": 24.5,
      "tracked_predator_slot": 0,
      "target": 1
    },
    {
      "time": 26.1,
      "tracked_predator_slot": 0,
      "target": "resting"
    },
    {
      "time": 29.6,
      "tracked_predator_slot": 0,
      "target": 1
    },
    {
      "time": 31.1,
      "tracked_predator_slot": 0,
      "target": null
    },
    {
      "time": 31.8,
      "tracked_predator_slot": 0,
      "target": 1
    },
    {
      "time": 32.0,
      "tracked_predator_slot": 0,
      "target": null
    },
    {
      "time": 32.2,
      "tracked_predator_slot": 0,
      "target": 1
    },
    {
      "time": 32.3,
      "tracked_predator_slot": 0,
      "target": null
    },
    {
      "time": 34.5,
      "tracked_predator_slot": 0,
      "target": 1
    },
    {
      "time": 34.6,
      "tracked_predator_slot": 0,
      "target": null
    },
    {
      "time": 35.2,
      "tracked_predator_slot": 0,
      "target": 1
    },
    {
      "time": 35.3,
      "tracked_predator_slot": 0,
      "target": null
    },
    {
      "time": 35.6,
      "tracked_predator_slot": 0,
      "target": 1
    },
    {
      "time": 39.0,
      "tracked_predator_slot": 0,
      "target": 0
    },
    {
      "time": 51.9,
      "tracked_predator_slot": 0,
      "target": "resting"
    },
    {
      "time": 55.4,
      "tracked_predator_slot": 0,
      "target": 0
    },
    {
      "time": 64.6,
      "tracked_predator_slot": 0,
      "target": "resting"
    },
    {
      "time": 68.1,
      "tracked_predator_slot": 0,
      "target": 0
    },
    {
      "time": 77.3,
      "tracked_predator_slot": 0,
      "target": "resting"
    },
    {
      "time": 80.8,
      "tracked_predator_slot": 0,
      "target": 0
    },
    {
      "time": 90.1,
      "tracked_predator_slot": 0,
      "target": "resting"
    },
    {
      "time": 93.6,
      "tracked_predator_slot": 0,
      "target": 0
    },
    {
      "time": 102.9,
      "tracked_predator_slot": 0,
      "target": "resting"
    },
    {
      "time": 106.4,
      "tracked_predator_slot": 0,
      "target": 0
    },
    {
      "time": 115.6,
      "tracked_predator_slot": 0,
      "target": "resting"
    },
    {
      "time": 119.1,
      "tracked_predator_slot": 0,
      "target": 0
    },
    {
      "time": 128.4,
      "tracked_predator_slot": 0,
      "target": "resting"
    },
    {
      "time": 131.9,
      "tracked_predator_slot": 0,
      "target": 0
    },
    {
      "time": 141.2,
      "tracked_predator_slot": 0,
      "target": "resting"
    },
    {
      "time": 144.7,
      "tracked_predator_slot": 0,
      "target": 0
    },
    {
      "time": 153.9,
      "tracked_predator_slot": 0,
      "target": "resting"
    },
    {
      "time": 157.4,
      "tracked_predator_slot": 0,
      "target": 0
    },
    {
      "time": 166.7,
      "tracked_predator_slot": 0,
      "target": "resting"
    },
    {
      "time": 170.2,
      "tracked_predator_slot": 0,
      "target": 0
    },
    {
      "time": 179.4,
      "tracked_predator_slot": 0,
      "target": "resting"
    },
    {
      "time": 182.9,
      "tracked_predator_slot": 0,
      "target": 0
    },
    {
      "time": 192.2,
      "tracked_predator_slot": 0,
      "target": "resting"
    },
    {
      "time": 195.7,
      "tracked_predator_slot": 0,
      "target": 0
    },
    {
      "time": 205.0,
      "tracked_predator_slot": 0,
      "target": "resting"
    },
    {
      "time": 208.5,
      "tracked_predator_slot": 0,
      "target": 0
    },
    {
      "time": 217.8,
      "tracked_predator_slot": 0,
      "target": "resting"
    },
    {
      "time": 221.3,
      "tracked_predator_slot": 0,
      "target": 0
    },
    {
      "time": 230.5,
      "tracked_predator_slot": 0,
      "target": "resting"
    },
    {
      "time": 234.0,
      "tracked_predator_slot": 0,
      "target": 0
    },
    {
      "time": 243.3,
      "tracked_predator_slot": 0,
      "target": "resting"
    },
    {
      "time": 246.8,
      "tracked_predator_slot": 0,
      "target": 0
    },
    {
      "time": 256.1,
      "tracked_predator_slot": 0,
      "target": "resting"
    },
    {
      "time": 259.6,
      "tracked_predator_slot": 0,
      "target": 0
    },
    {
      "time": 268.8,
      "tracked_predator_slot": 0,
      "target": "resting"
    },
    {
      "time": 272.3,
      "tracked_predator_slot": 0,
      "target": 0
    },
    {
      "time": 281.5,
      "tracked_predator_slot": 0,
      "target": "resting"
    },
    {
      "time": 285.0,
      "tracked_predator_slot": 0,
      "target": 0
    },
    {
      "time": 294.3,
      "tracked_predator_slot": 0,
      "target": "resting"
    },
    {
      "time": 297.8,
      "tracked_predator_slot": 0,
      "target": 0
    }
  ],
  "guide_role_trace": [
    {
      "time": 0,
      "active_guide_id": 1
    }
  ],
  "guide_follow_trace": [
    {
      "time": 0.1,
      "active_guide_id": 1,
      "tracked_predator_slot": 0
    }
  ],
  "guide_role": "parent",
  "parent_role": "guide",
  "child_role": "gather_evade",
  "active_guide_id_final": 1,
  "active_guide_alive_final": false,
  "guide_role_ids": [
    1
  ],
  "bait_deployed_at": 0.1,
  "policy_bait_ready_final": false,
  "bait_left_after_deployment": null,
  "final_bait_distance_to_goal": 0.0,
  "first_guide_predator_observation": 0.1,
  "first_predator_following_guide": 0.1,
  "first_predator_following_active_guide": 0.1,
  "tracked_seen_by_guide": 1,
  "tracked_followed_active_guide": 1,
  "physical_entered": 1,
  "guided_delivered": 1,
  "physical_losses_after_delivery": 0,
  "target_losses_after_delivery": 0,
  "physical_entry_times": [
    39.3
  ],
  "guided_delivery_times": [
    39.3
  ],
  "loss_times": [
    null
  ],
  "target_loss_times": [
    null
  ],
  "tail_seconds": 30.0,
  "tail_physical_min": 1,
  "tail_contained_min": 1,
  "final_distance_from_mouth": [
    23.3898
  ],
  "max_distance_after_delivery": [
    25.5286
  ],
  "policy_events": [],
  "success": true,
  "replay": "results/simple_chase/replays/real-map-Guide-m10261-f20261-p1-direct_guide-sitebait1-3bd19dee.json.gz"
}
/home/Ucals/projects/NordicCupAI-wall-funneling/survival-simulator/oscar-trap-research/survival/results/simple_chase/real-map-Guide-m10261-f20261-p1-direct_guide-sitebait1-3bd19dee.json
