Running as unit: run-p894651-i906392.scope; invocation ID: a904623a80e64aab857d921919f50c64
{"progress": "real-map-Guide-m10267-f20267-p1-direct_guide-sitebait1-2bdeae3c", "time": 10.0, "bait_deployed": 0.1, "policy_bait_ready": false, "encounter": 0.1, "oracle_handoff": null, "children": 0, "active_guide_id": 1, "guide_alive": true, "active_guide_alive": true, "guided_delivered": 0}
{"progress": "real-map-Guide-m10267-f20267-p1-direct_guide-sitebait1-2bdeae3c", "time": 20.0, "bait_deployed": 0.1, "policy_bait_ready": false, "encounter": 0.1, "oracle_handoff": null, "children": 0, "active_guide_id": 1, "guide_alive": true, "active_guide_alive": true, "guided_delivered": 0}
{"progress": "real-map-Guide-m10267-f20267-p1-direct_guide-sitebait1-2bdeae3c", "time": 30.0, "bait_deployed": 0.1, "policy_bait_ready": false, "encounter": 0.1, "oracle_handoff": null, "children": 0, "active_guide_id": 1, "guide_alive": true, "active_guide_alive": true, "guided_delivered": 0}
{"progress": "real-map-Guide-m10267-f20267-p1-direct_guide-sitebait1-2bdeae3c", "time": 40.0, "bait_deployed": 0.1, "policy_bait_ready": false, "encounter": 0.1, "oracle_handoff": null, "children": 0, "active_guide_id": 1, "guide_alive": false, "active_guide_alive": false, "guided_delivered": 0}
{"progress": "real-map-Guide-m10267-f20267-p1-direct_guide-sitebait1-2bdeae3c", "time": 50.0, "bait_deployed": 0.1, "policy_bait_ready": false, "encounter": 0.1, "oracle_handoff": null, "children": 0, "active_guide_id": 1, "guide_alive": false, "active_guide_alive": false, "guided_delivered": 1}
{"progress": "real-map-Guide-m10267-f20267-p1-direct_guide-sitebait1-2bdeae3c", "time": 60.0, "bait_deployed": 0.1, "policy_bait_ready": false, "encounter": 0.1, "oracle_handoff": null, "children": 0, "active_guide_id": 1, "guide_alive": false, "active_guide_alive": false, "guided_delivered": 1}
{"progress": "real-map-Guide-m10267-f20267-p1-direct_guide-sitebait1-2bdeae3c", "time": 70.0, "bait_deployed": 0.1, "policy_bait_ready": false, "encounter": 0.1, "oracle_handoff": null, "children": 0, "active_guide_id": 1, "guide_alive": false, "active_guide_alive": false, "guided_delivered": 1}
{"progress": "real-map-Guide-m10267-f20267-p1-direct_guide-sitebait1-2bdeae3c", "time": 80.0, "bait_deployed": 0.1, "policy_bait_ready": false, "encounter": 0.1, "oracle_handoff": null, "children": 0, "active_guide_id": 1, "guide_alive": false, "active_guide_alive": false, "guided_delivered": 1}
{"progress": "real-map-Guide-m10267-f20267-p1-direct_guide-sitebait1-2bdeae3c", "time": 90.0, "bait_deployed": 0.1, "policy_bait_ready": false, "encounter": 0.1, "oracle_handoff": null, "children": 0, "active_guide_id": 1, "guide_alive": false, "active_guide_alive": false, "guided_delivered": 1}
{"progress": "real-map-Guide-m10267-f20267-p1-direct_guide-sitebait1-2bdeae3c", "time": 100.0, "bait_deployed": 0.1, "policy_bait_ready": false, "encounter": 0.1, "oracle_handoff": null, "children": 0, "active_guide_id": 1, "guide_alive": false, "active_guide_alive": false, "guided_delivered": 1}
{"progress": "real-map-Guide-m10267-f20267-p1-direct_guide-sitebait1-2bdeae3c", "time": 110.0, "bait_deployed": 0.1, "policy_bait_ready": false, "encounter": 0.1, "oracle_handoff": null, "children": 0, "active_guide_id": 1, "guide_alive": false, "active_guide_alive": false, "guided_delivered": 1}
{"progress": "real-map-Guide-m10267-f20267-p1-direct_guide-sitebait1-2bdeae3c", "time": 120.0, "bait_deployed": 0.1, "policy_bait_ready": false, "encounter": 0.1, "oracle_handoff": null, "children": 0, "active_guide_id": 1, "guide_alive": false, "active_guide_alive": false, "guided_delivered": 1}
{"progress": "real-map-Guide-m10267-f20267-p1-direct_guide-sitebait1-2bdeae3c", "time": 130.0, "bait_deployed": 0.1, "policy_bait_ready": false, "encounter": 0.1, "oracle_handoff": null, "children": 0, "active_guide_id": 1, "guide_alive": false, "active_guide_alive": false, "guided_delivered": 1}
{"progress": "real-map-Guide-m10267-f20267-p1-direct_guide-sitebait1-2bdeae3c", "time": 140.0, "bait_deployed": 0.1, "policy_bait_ready": false, "encounter": 0.1, "oracle_handoff": null, "children": 0, "active_guide_id": 1, "guide_alive": false, "active_guide_alive": false, "guided_delivered": 1}
{"progress": "real-map-Guide-m10267-f20267-p1-direct_guide-sitebait1-2bdeae3c", "time": 150.0, "bait_deployed": 0.1, "policy_bait_ready": false, "encounter": 0.1, "oracle_handoff": null, "children": 0, "active_guide_id": 1, "guide_alive": false, "active_guide_alive": false, "guided_delivered": 1}
{"progress": "real-map-Guide-m10267-f20267-p1-direct_guide-sitebait1-2bdeae3c", "time": 160.0, "bait_deployed": 0.1, "policy_bait_ready": false, "encounter": 0.1, "oracle_handoff": null, "children": 0, "active_guide_id": 1, "guide_alive": false, "active_guide_alive": false, "guided_delivered": 1}
{"progress": "real-map-Guide-m10267-f20267-p1-direct_guide-sitebait1-2bdeae3c", "time": 170.0, "bait_deployed": 0.1, "policy_bait_ready": false, "encounter": 0.1, "oracle_handoff": null, "children": 0, "active_guide_id": 1, "guide_alive": false, "active_guide_alive": false, "guided_delivered": 1}
{"progress": "real-map-Guide-m10267-f20267-p1-direct_guide-sitebait1-2bdeae3c", "time": 180.0, "bait_deployed": 0.1, "policy_bait_ready": false, "encounter": 0.1, "oracle_handoff": null, "children": 0, "active_guide_id": 1, "guide_alive": false, "active_guide_alive": false, "guided_delivered": 1}
{"progress": "real-map-Guide-m10267-f20267-p1-direct_guide-sitebait1-2bdeae3c", "time": 190.0, "bait_deployed": 0.1, "policy_bait_ready": false, "encounter": 0.1, "oracle_handoff": null, "children": 0, "active_guide_id": 1, "guide_alive": false, "active_guide_alive": false, "guided_delivered": 1}
{"progress": "real-map-Guide-m10267-f20267-p1-direct_guide-sitebait1-2bdeae3c", "time": 200.0, "bait_deployed": 0.1, "policy_bait_ready": false, "encounter": 0.1, "oracle_handoff": null, "children": 0, "active_guide_id": 1, "guide_alive": false, "active_guide_alive": false, "guided_delivered": 1}
{"progress": "real-map-Guide-m10267-f20267-p1-direct_guide-sitebait1-2bdeae3c", "time": 210.0, "bait_deployed": 0.1, "policy_bait_ready": false, "encounter": 0.1, "oracle_handoff": null, "children": 0, "active_guide_id": 1, "guide_alive": false, "active_guide_alive": false, "guided_delivered": 1}
{"progress": "real-map-Guide-m10267-f20267-p1-direct_guide-sitebait1-2bdeae3c", "time": 220.0, "bait_deployed": 0.1, "policy_bait_ready": false, "encounter": 0.1, "oracle_handoff": null, "children": 0, "active_guide_id": 1, "guide_alive": false, "active_guide_alive": false, "guided_delivered": 1}
{"progress": "real-map-Guide-m10267-f20267-p1-direct_guide-sitebait1-2bdeae3c", "time": 230.0, "bait_deployed": 0.1, "policy_bait_ready": false, "encounter": 0.1, "oracle_handoff": null, "children": 0, "active_guide_id": 1, "guide_alive": false, "active_guide_alive": false, "guided_delivered": 1}
{"progress": "real-map-Guide-m10267-f20267-p1-direct_guide-sitebait1-2bdeae3c", "time": 240.0, "bait_deployed": 0.1, "policy_bait_ready": false, "encounter": 0.1, "oracle_handoff": null, "children": 0, "active_guide_id": 1, "guide_alive": false, "active_guide_alive": false, "guided_delivered": 1}
{"progress": "real-map-Guide-m10267-f20267-p1-direct_guide-sitebait1-2bdeae3c", "time": 250.0, "bait_deployed": 0.1, "policy_bait_ready": false, "encounter": 0.1, "oracle_handoff": null, "children": 0, "active_guide_id": 1, "guide_alive": false, "active_guide_alive": false, "guided_delivered": 1}
{"progress": "real-map-Guide-m10267-f20267-p1-direct_guide-sitebait1-2bdeae3c", "time": 260.0, "bait_deployed": 0.1, "policy_bait_ready": false, "encounter": 0.1, "oracle_handoff": null, "children": 0, "active_guide_id": 1, "guide_alive": false, "active_guide_alive": false, "guided_delivered": 1}
{"progress": "real-map-Guide-m10267-f20267-p1-direct_guide-sitebait1-2bdeae3c", "time": 270.0, "bait_deployed": 0.1, "policy_bait_ready": false, "encounter": 0.1, "oracle_handoff": null, "children": 0, "active_guide_id": 1, "guide_alive": false, "active_guide_alive": false, "guided_delivered": 1}
{"progress": "real-map-Guide-m10267-f20267-p1-direct_guide-sitebait1-2bdeae3c", "time": 280.0, "bait_deployed": 0.1, "policy_bait_ready": false, "encounter": 0.1, "oracle_handoff": null, "children": 0, "active_guide_id": 1, "guide_alive": false, "active_guide_alive": false, "guided_delivered": 1}
{"progress": "real-map-Guide-m10267-f20267-p1-direct_guide-sitebait1-2bdeae3c", "time": 290.0, "bait_deployed": 0.1, "policy_bait_ready": false, "encounter": 0.1, "oracle_handoff": null, "children": 0, "active_guide_id": 1, "guide_alive": false, "active_guide_alive": false, "guided_delivered": 1}
{"progress": "real-map-Guide-m10267-f20267-p1-direct_guide-sitebait1-2bdeae3c", "time": 300.0, "bait_deployed": 0.1, "policy_bait_ready": false, "encounter": 0.1, "oracle_handoff": null, "children": 0, "active_guide_id": 1, "guide_alive": false, "active_guide_alive": false, "guided_delivered": 1}
{"viewer_manifest_refresh": {"status": "deferred", "reason": "bounded-memory runs defer full-replay viewer processing"}}
{
  "schema": "real-map-intake-result-v2",
  "policy": "integrated_guide.viability:Guide",
  "policy_hash": "42e9c2d9d66a722b23449fe39dc0d37725da089e9bb2f24861d0db8d4dc37615",
  "harness_hashes": {
    "research/simple_chase/run_streaming_v2.py": "837e02b05d1ba3af71df0949cb30beb18a8b2844f090f8b383c692192c52719a",
    "research/simple_chase/sampling.py": "1efb7d309c4cc79bc87916c1bea72a7845e78d0c2cdf0aeaf9e2a758ceed48ab",
    "research/simple_chase/static_map.py": "197b16cbe9dd2e3dd06b81fe9481986a97bd92d9c2a55f33597cc9b7280faf3c",
    "debugger/streaming_recorder_v2.py": "d5ecda6bb39ec74a9ad86fb20458df5de7f466d73052558af9e2877be3d99b19"
  },
  "mode": "direct_guide",
  "map_seed": 10267,
  "fixture_seed": 20267,
  "static_map_hash": "9a89631eb808bee04b7b8edf74d8bfd862986cba0011f74709baad01b5f18ca4",
  "site": {
    "mouth": [
      175.4085,
      288.381
    ],
    "inward": [
      0.0,
      1.0
    ],
    "cross": [
      -1.0,
      0.0
    ],
    "goal": [
      175.4085,
      293.381
    ],
    "far": [
      175.4085,
      163.381
    ],
    "hold": [
      175.4085,
      213.381
    ],
    "gap": 15.1619,
    "overlap": 48.4652,
    "runup": [
      175.4085,
      63.381
    ],
    "approach_lane_offset": 0.0,
    "offset_approach": false,
    "obstacle_indices": [
      59,
      78
    ],
    "axis": 0,
    "other_mouth": [
      175.4085,
      336.8462
    ],
    "replacement_entry": [
      175.4085,
      356.8462
    ],
    "second_access_clear": true,
    "second_access_radius": 5.01,
    "bait_depth": 5.0,
    "boundary_indices": [],
    "geometric_replacement_access_only": true
  },
  "station_bait": true,
  "requested_seconds": 300.0,
  "seconds": 300.0,
  "reason": "horizon",
  "native_render": true,
  "reproduction_of": null,
  "record_every_ticks": 1,
  "replay_frames": 3001,
  "initial_predators": 1,
  "final_predators_total": 2,
  "tracked_predators_present_final": 1,
  "ambient_predators_spawned": 1,
  "ambient_predators_present_final": 1,
  "agent_energy_refilled": true,
  "predator_state_native": false,
  "predator_dynamics_native_after_setup": true,
  "arranged_adjacent_awake_start": true,
  "bait_id": 0,
  "guide_id": 1,
  "bait_alive": true,
  "guide_alive": false,
  "deaths": [
    {
      "time": 39.3,
      "agent_id": 1,
      "role": "parent_guide"
    }
  ],
  "spawn_requests": [],
  "child_births": [],
  "fruit_consumptions": [
    {
      "time": 2.5,
      "agent_id": 1,
      "x": 1280.7361,
      "y": 925.6451
    },
    {
      "time": 18.0,
      "agent_id": 1,
      "x": 740.2147,
      "y": 446.8605
    },
    {
      "time": 21.4,
      "agent_id": 1,
      "x": 432.3472,
      "y": 168.961
    },
    {
      "time": 24.6,
      "agent_id": 1,
      "x": 320.9533,
      "y": 324.9834
    },
    {
      "time": 25.2,
      "agent_id": 1,
      "x": 326.5179,
      "y": 265.9751
    }
  ],
  "parent_fruit_consumed_before_tracked_encounter": 0,
  "tracked_encounter_times": [
    0.1
  ],
  "conditional_delivery_denominator": true,
  "conditional_delivery_status": "not_applicable",
  "setup_oracle": false,
  "setup_oracle_target": null,
  "setup_oracle_ticks": 0,
  "setup_oracle_routing": null,
  "setup_oracle_route_resets": 0,
  "setup_oracle_policy_reset_before_handoff_act": false,
  "setup_oracle_handoff_time": null,
  "dynamic_action_privilege_ended_at": null,
  "target_switches": [
    {
      "time": 0.1,
      "tracked_predator_slot": 0,
      "target": 1
    },
    {
      "time": 3.0,
      "tracked_predator_slot": 0,
      "target": null
    },
    {
      "time": 4.7,
      "tracked_predator_slot": 0,
      "target": 1
    },
    {
      "time": 14.1,
      "tracked_predator_slot": 0,
      "target": "resting"
    },
    {
      "time": 17.6,
      "tracked_predator_slot": 0,
      "target": 1
    },
    {
      "time": 25.6,
      "tracked_predator_slot": 0,
      "target": null
    },
    {
      "time": 25.7,
      "tracked_predator_slot": 0,
      "target": 1
    },
    {
      "time": 25.8,
      "tracked_predator_slot": 0,
      "target": null
    },
    {
      "time": 26.0,
      "tracked_predator_slot": 0,
      "target": 1
    },
    {
      "time": 26.2,
      "tracked_predator_slot": 0,
      "target": null
    },
    {
      "time": 26.3,
      "tracked_predator_slot": 0,
      "target": 1
    },
    {
      "time": 26.6,
      "tracked_predator_slot": 0,
      "target": null
    },
    {
      "time": 26.8,
      "tracked_predator_slot": 0,
      "target": "resting"
    },
    {
      "time": 30.3,
      "tracked_predator_slot": 0,
      "target": null
    },
    {
      "time": 30.4,
      "tracked_predator_slot": 0,
      "target": 1
    },
    {
      "time": 39.3,
      "tracked_predator_slot": 0,
      "target": 0
    },
    {
      "time": 52.2,
      "tracked_predator_slot": 0,
      "target": "resting"
    },
    {
      "time": 55.7,
      "tracked_predator_slot": 0,
      "target": 0
    },
    {
      "time": 65.0,
      "tracked_predator_slot": 0,
      "target": "resting"
    },
    {
      "time": 68.5,
      "tracked_predator_slot": 0,
      "target": 0
    },
    {
      "time": 77.7,
      "tracked_predator_slot": 0,
      "target": "resting"
    },
    {
      "time": 81.2,
      "tracked_predator_slot": 0,
      "target": 0
    },
    {
      "time": 90.5,
      "tracked_predator_slot": 0,
      "target": "resting"
    },
    {
      "time": 94.0,
      "tracked_predator_slot": 0,
      "target": 0
    },
    {
      "time": 103.3,
      "tracked_predator_slot": 0,
      "target": "resting"
    },
    {
      "time": 106.8,
      "tracked_predator_slot": 0,
      "target": 0
    },
    {
      "time": 116.1,
      "tracked_predator_slot": 0,
      "target": "resting"
    },
    {
      "time": 119.6,
      "tracked_predator_slot": 0,
      "target": 0
    },
    {
      "time": 128.9,
      "tracked_predator_slot": 0,
      "target": "resting"
    },
    {
      "time": 132.4,
      "tracked_predator_slot": 0,
      "target": 0
    },
    {
      "time": 141.6,
      "tracked_predator_slot": 0,
      "target": "resting"
    },
    {
      "time": 145.1,
      "tracked_predator_slot": 0,
      "target": 0
    },
    {
      "time": 154.4,
      "tracked_predator_slot": 0,
      "target": "resting"
    },
    {
      "time": 157.9,
      "tracked_predator_slot": 0,
      "target": 0
    },
    {
      "time": 167.2,
      "tracked_predator_slot": 0,
      "target": "resting"
    },
    {
      "time": 170.7,
      "tracked_predator_slot": 0,
      "target": 0
    },
    {
      "time": 179.9,
      "tracked_predator_slot": 0,
      "target": "resting"
    },
    {
      "time": 183.4,
      "tracked_predator_slot": 0,
      "target": 0
    },
    {
      "time": 192.4,
      "tracked_predator_slot": 0,
      "target": "resting"
    },
    {
      "time": 195.9,
      "tracked_predator_slot": 0,
      "target": 0
    },
    {
      "time": 205.2,
      "tracked_predator_slot": 0,
      "target": "resting"
    },
    {
      "time": 208.7,
      "tracked_predator_slot": 0,
      "target": 0
    },
    {
      "time": 217.9,
      "tracked_predator_slot": 0,
      "target": "resting"
    },
    {
      "time": 221.4,
      "tracked_predator_slot": 0,
      "target": 0
    },
    {
      "time": 230.7,
      "tracked_predator_slot": 0,
      "target": "resting"
    },
    {
      "time": 234.2,
      "tracked_predator_slot": 0,
      "target": 0
    },
    {
      "time": 243.5,
      "tracked_predator_slot": 0,
      "target": "resting"
    },
    {
      "time": 247.0,
      "tracked_predator_slot": 0,
      "target": 0
    },
    {
      "time": 256.3,
      "tracked_predator_slot": 0,
      "target": "resting"
    },
    {
      "time": 259.8,
      "tracked_predator_slot": 0,
      "target": 0
    },
    {
      "time": 269.1,
      "tracked_predator_slot": 0,
      "target": "resting"
    },
    {
      "time": 272.6,
      "tracked_predator_slot": 0,
      "target": 0
    },
    {
      "time": 281.9,
      "tracked_predator_slot": 0,
      "target": "resting"
    },
    {
      "time": 285.4,
      "tracked_predator_slot": 0,
      "target": 0
    },
    {
      "time": 294.6,
      "tracked_predator_slot": 0,
      "target": "resting"
    },
    {
      "time": 298.1,
      "tracked_predator_slot": 0,
      "target": 0
    }
  ],
  "guide_role_trace": [
    {
      "time": 0,
      "active_guide_id": 1
    }
  ],
  "guide_follow_trace": [
    {
      "time": 0.1,
      "active_guide_id": 1,
      "tracked_predator_slot": 0
    }
  ],
  "guide_role": "parent",
  "parent_role": "guide",
  "child_role": "gather_evade",
  "active_guide_id_final": 1,
  "active_guide_alive_final": false,
  "guide_role_ids": [
    1
  ],
  "bait_deployed_at": 0.1,
  "policy_bait_ready_final": false,
  "bait_left_after_deployment": null,
  "final_bait_distance_to_goal": 0.0,
  "first_guide_predator_observation": 0.1,
  "first_predator_following_guide": 0.1,
  "first_predator_following_active_guide": 0.1,
  "tracked_seen_by_guide": 1,
  "tracked_followed_active_guide": 1,
  "physical_entered": 1,
  "guided_delivered": 1,
  "physical_losses_after_delivery": 0,
  "target_losses_after_delivery": 0,
  "physical_entry_times": [
    39.5
  ],
  "guided_delivery_times": [
    39.5
  ],
  "loss_times": [
    null
  ],
  "target_loss_times": [
    null
  ],
  "tail_seconds": 30.0,
  "tail_physical_min": 1,
  "tail_contained_min": 1,
  "final_distance_from_mouth": [
    21.664
  ],
  "max_distance_after_delivery": [
    24.7912
  ],
  "policy_events": [],
  "success": true,
  "replay": "results/simple_chase/replays/real-map-Guide-m10267-f20267-p1-direct_guide-sitebait1-2bdeae3c.json.gz"
}
/home/Ucals/projects/NordicCupAI-wall-funneling/survival-simulator/oscar-trap-research/survival/results/simple_chase/real-map-Guide-m10267-f20267-p1-direct_guide-sitebait1-2bdeae3c.json
