Running as unit: run-p894238-i876364.scope; invocation ID: 18005f9160f149498a4beee9c914f265
{"progress": "real-map-Guide-m10266-f20266-p1-direct_guide-sitebait1-f8cb8530", "time": 10.0, "bait_deployed": 0.1, "policy_bait_ready": false, "encounter": 0.2, "oracle_handoff": null, "children": 0, "active_guide_id": 1, "guide_alive": true, "active_guide_alive": true, "guided_delivered": 0}
{"progress": "real-map-Guide-m10266-f20266-p1-direct_guide-sitebait1-f8cb8530", "time": 20.0, "bait_deployed": 0.1, "policy_bait_ready": false, "encounter": 0.2, "oracle_handoff": null, "children": 0, "active_guide_id": 1, "guide_alive": true, "active_guide_alive": true, "guided_delivered": 1}
{"progress": "real-map-Guide-m10266-f20266-p1-direct_guide-sitebait1-f8cb8530", "time": 30.0, "bait_deployed": 0.1, "policy_bait_ready": false, "encounter": 0.2, "oracle_handoff": null, "children": 0, "active_guide_id": 1, "guide_alive": true, "active_guide_alive": true, "guided_delivered": 1}
{"progress": "real-map-Guide-m10266-f20266-p1-direct_guide-sitebait1-f8cb8530", "time": 40.0, "bait_deployed": 0.1, "policy_bait_ready": false, "encounter": 0.2, "oracle_handoff": null, "children": 0, "active_guide_id": 1, "guide_alive": true, "active_guide_alive": true, "guided_delivered": 1}
{"progress": "real-map-Guide-m10266-f20266-p1-direct_guide-sitebait1-f8cb8530", "time": 50.0, "bait_deployed": 0.1, "policy_bait_ready": false, "encounter": 0.2, "oracle_handoff": null, "children": 0, "active_guide_id": 1, "guide_alive": true, "active_guide_alive": true, "guided_delivered": 1}
{"progress": "real-map-Guide-m10266-f20266-p1-direct_guide-sitebait1-f8cb8530", "time": 60.0, "bait_deployed": 0.1, "policy_bait_ready": false, "encounter": 0.2, "oracle_handoff": null, "children": 0, "active_guide_id": 1, "guide_alive": true, "active_guide_alive": true, "guided_delivered": 1}
{"progress": "real-map-Guide-m10266-f20266-p1-direct_guide-sitebait1-f8cb8530", "time": 70.0, "bait_deployed": 0.1, "policy_bait_ready": false, "encounter": 0.2, "oracle_handoff": null, "children": 0, "active_guide_id": 1, "guide_alive": true, "active_guide_alive": true, "guided_delivered": 1}
{"progress": "real-map-Guide-m10266-f20266-p1-direct_guide-sitebait1-f8cb8530", "time": 80.0, "bait_deployed": 0.1, "policy_bait_ready": false, "encounter": 0.2, "oracle_handoff": null, "children": 0, "active_guide_id": 1, "guide_alive": true, "active_guide_alive": true, "guided_delivered": 1}
{"progress": "real-map-Guide-m10266-f20266-p1-direct_guide-sitebait1-f8cb8530", "time": 90.0, "bait_deployed": 0.1, "policy_bait_ready": false, "encounter": 0.2, "oracle_handoff": null, "children": 0, "active_guide_id": 1, "guide_alive": true, "active_guide_alive": true, "guided_delivered": 1}
{"progress": "real-map-Guide-m10266-f20266-p1-direct_guide-sitebait1-f8cb8530", "time": 100.0, "bait_deployed": 0.1, "policy_bait_ready": false, "encounter": 0.2, "oracle_handoff": null, "children": 0, "active_guide_id": 1, "guide_alive": true, "active_guide_alive": true, "guided_delivered": 1}
{"progress": "real-map-Guide-m10266-f20266-p1-direct_guide-sitebait1-f8cb8530", "time": 110.0, "bait_deployed": 0.1, "policy_bait_ready": false, "encounter": 0.2, "oracle_handoff": null, "children": 0, "active_guide_id": 1, "guide_alive": true, "active_guide_alive": true, "guided_delivered": 1}
{"progress": "real-map-Guide-m10266-f20266-p1-direct_guide-sitebait1-f8cb8530", "time": 120.0, "bait_deployed": 0.1, "policy_bait_ready": false, "encounter": 0.2, "oracle_handoff": null, "children": 0, "active_guide_id": 1, "guide_alive": true, "active_guide_alive": true, "guided_delivered": 1}
{"progress": "real-map-Guide-m10266-f20266-p1-direct_guide-sitebait1-f8cb8530", "time": 130.0, "bait_deployed": 0.1, "policy_bait_ready": false, "encounter": 0.2, "oracle_handoff": null, "children": 0, "active_guide_id": 1, "guide_alive": true, "active_guide_alive": true, "guided_delivered": 1}
{"progress": "real-map-Guide-m10266-f20266-p1-direct_guide-sitebait1-f8cb8530", "time": 140.0, "bait_deployed": 0.1, "policy_bait_ready": false, "encounter": 0.2, "oracle_handoff": null, "children": 0, "active_guide_id": 1, "guide_alive": true, "active_guide_alive": true, "guided_delivered": 1}
{"progress": "real-map-Guide-m10266-f20266-p1-direct_guide-sitebait1-f8cb8530", "time": 150.0, "bait_deployed": 0.1, "policy_bait_ready": false, "encounter": 0.2, "oracle_handoff": null, "children": 0, "active_guide_id": 1, "guide_alive": true, "active_guide_alive": true, "guided_delivered": 1}
{"progress": "real-map-Guide-m10266-f20266-p1-direct_guide-sitebait1-f8cb8530", "time": 160.0, "bait_deployed": 0.1, "policy_bait_ready": false, "encounter": 0.2, "oracle_handoff": null, "children": 0, "active_guide_id": 1, "guide_alive": true, "active_guide_alive": true, "guided_delivered": 1}
{"progress": "real-map-Guide-m10266-f20266-p1-direct_guide-sitebait1-f8cb8530", "time": 170.0, "bait_deployed": 0.1, "policy_bait_ready": false, "encounter": 0.2, "oracle_handoff": null, "children": 0, "active_guide_id": 1, "guide_alive": true, "active_guide_alive": true, "guided_delivered": 1}
{"progress": "real-map-Guide-m10266-f20266-p1-direct_guide-sitebait1-f8cb8530", "time": 180.0, "bait_deployed": 0.1, "policy_bait_ready": false, "encounter": 0.2, "oracle_handoff": null, "children": 0, "active_guide_id": 1, "guide_alive": true, "active_guide_alive": true, "guided_delivered": 1}
{"progress": "real-map-Guide-m10266-f20266-p1-direct_guide-sitebait1-f8cb8530", "time": 190.0, "bait_deployed": 0.1, "policy_bait_ready": false, "encounter": 0.2, "oracle_handoff": null, "children": 0, "active_guide_id": 1, "guide_alive": true, "active_guide_alive": true, "guided_delivered": 1}
{"progress": "real-map-Guide-m10266-f20266-p1-direct_guide-sitebait1-f8cb8530", "time": 200.0, "bait_deployed": 0.1, "policy_bait_ready": false, "encounter": 0.2, "oracle_handoff": null, "children": 0, "active_guide_id": 1, "guide_alive": true, "active_guide_alive": true, "guided_delivered": 1}
{"progress": "real-map-Guide-m10266-f20266-p1-direct_guide-sitebait1-f8cb8530", "time": 210.0, "bait_deployed": 0.1, "policy_bait_ready": false, "encounter": 0.2, "oracle_handoff": null, "children": 0, "active_guide_id": 1, "guide_alive": false, "active_guide_alive": false, "guided_delivered": 1}
{"progress": "real-map-Guide-m10266-f20266-p1-direct_guide-sitebait1-f8cb8530", "time": 220.0, "bait_deployed": 0.1, "policy_bait_ready": false, "encounter": 0.2, "oracle_handoff": null, "children": 0, "active_guide_id": 1, "guide_alive": false, "active_guide_alive": false, "guided_delivered": 1}
{"progress": "real-map-Guide-m10266-f20266-p1-direct_guide-sitebait1-f8cb8530", "time": 230.0, "bait_deployed": 0.1, "policy_bait_ready": false, "encounter": 0.2, "oracle_handoff": null, "children": 0, "active_guide_id": 1, "guide_alive": false, "active_guide_alive": false, "guided_delivered": 1}
{"progress": "real-map-Guide-m10266-f20266-p1-direct_guide-sitebait1-f8cb8530", "time": 240.0, "bait_deployed": 0.1, "policy_bait_ready": false, "encounter": 0.2, "oracle_handoff": null, "children": 0, "active_guide_id": 1, "guide_alive": false, "active_guide_alive": false, "guided_delivered": 1}
{"progress": "real-map-Guide-m10266-f20266-p1-direct_guide-sitebait1-f8cb8530", "time": 250.0, "bait_deployed": 0.1, "policy_bait_ready": false, "encounter": 0.2, "oracle_handoff": null, "children": 0, "active_guide_id": 1, "guide_alive": false, "active_guide_alive": false, "guided_delivered": 1}
{"progress": "real-map-Guide-m10266-f20266-p1-direct_guide-sitebait1-f8cb8530", "time": 260.0, "bait_deployed": 0.1, "policy_bait_ready": false, "encounter": 0.2, "oracle_handoff": null, "children": 0, "active_guide_id": 1, "guide_alive": false, "active_guide_alive": false, "guided_delivered": 1}
{"progress": "real-map-Guide-m10266-f20266-p1-direct_guide-sitebait1-f8cb8530", "time": 270.0, "bait_deployed": 0.1, "policy_bait_ready": false, "encounter": 0.2, "oracle_handoff": null, "children": 0, "active_guide_id": 1, "guide_alive": false, "active_guide_alive": false, "guided_delivered": 1}
{"progress": "real-map-Guide-m10266-f20266-p1-direct_guide-sitebait1-f8cb8530", "time": 280.0, "bait_deployed": 0.1, "policy_bait_ready": false, "encounter": 0.2, "oracle_handoff": null, "children": 0, "active_guide_id": 1, "guide_alive": false, "active_guide_alive": false, "guided_delivered": 1}
{"progress": "real-map-Guide-m10266-f20266-p1-direct_guide-sitebait1-f8cb8530", "time": 290.0, "bait_deployed": 0.1, "policy_bait_ready": false, "encounter": 0.2, "oracle_handoff": null, "children": 0, "active_guide_id": 1, "guide_alive": false, "active_guide_alive": false, "guided_delivered": 1}
{"progress": "real-map-Guide-m10266-f20266-p1-direct_guide-sitebait1-f8cb8530", "time": 300.0, "bait_deployed": 0.1, "policy_bait_ready": false, "encounter": 0.2, "oracle_handoff": null, "children": 0, "active_guide_id": 1, "guide_alive": false, "active_guide_alive": false, "guided_delivered": 1}
{"viewer_manifest_refresh": {"status": "deferred", "reason": "bounded-memory runs defer full-replay viewer processing"}}
{
  "schema": "real-map-intake-result-v2",
  "policy": "integrated_guide.viability:Guide",
  "policy_hash": "42e9c2d9d66a722b23449fe39dc0d37725da089e9bb2f24861d0db8d4dc37615",
  "harness_hashes": {
    "research/simple_chase/run_streaming_v2.py": "837e02b05d1ba3af71df0949cb30beb18a8b2844f090f8b383c692192c52719a",
    "research/simple_chase/sampling.py": "1efb7d309c4cc79bc87916c1bea72a7845e78d0c2cdf0aeaf9e2a758ceed48ab",
    "research/simple_chase/static_map.py": "197b16cbe9dd2e3dd06b81fe9481986a97bd92d9c2a55f33597cc9b7280faf3c",
    "debugger/streaming_recorder_v2.py": "d5ecda6bb39ec74a9ad86fb20458df5de7f466d73052558af9e2877be3d99b19"
  },
  "mode": "direct_guide",
  "map_seed": 10266,
  "fixture_seed": 20266,
  "static_map_hash": "5351f025a2d57f7e15d7e001cc22850f7c34d6ef0014601d1021359797386426",
  "site": {
    "mouth": [
      426.7955,
      519.1155
    ],
    "inward": [
      0.0,
      -1.0
    ],
    "cross": [
      1.0,
      0.0
    ],
    "goal": [
      426.7955,
      514.1155
    ],
    "far": [
      426.7955,
      644.1155
    ],
    "hold": [
      426.7955,
      594.1155
    ],
    "gap": 12.1393,
    "overlap": 71.4825,
    "runup": [
      426.7955,
      769.1155
    ],
    "approach_lane_offset": 0.0,
    "offset_approach": false,
    "obstacle_indices": [
      74,
      36
    ],
    "axis": 0,
    "other_mouth": [
      426.7955,
      447.633
    ],
    "replacement_entry": [
      426.7955,
      427.633
    ],
    "second_access_clear": true,
    "second_access_radius": 5.01,
    "bait_depth": 5.0,
    "boundary_indices": [],
    "geometric_replacement_access_only": true
  },
  "station_bait": true,
  "requested_seconds": 300.0,
  "seconds": 300.0,
  "reason": "horizon",
  "native_render": true,
  "reproduction_of": null,
  "record_every_ticks": 1,
  "replay_frames": 3001,
  "initial_predators": 1,
  "final_predators_total": 3,
  "tracked_predators_present_final": 1,
  "ambient_predators_spawned": 2,
  "ambient_predators_present_final": 2,
  "agent_energy_refilled": true,
  "predator_state_native": false,
  "predator_dynamics_native_after_setup": true,
  "arranged_adjacent_awake_start": true,
  "bait_id": 0,
  "guide_id": 1,
  "bait_alive": true,
  "guide_alive": false,
  "deaths": [
    {
      "time": 206.2,
      "agent_id": 1,
      "role": "parent_guide"
    }
  ],
  "spawn_requests": [],
  "child_births": [],
  "fruit_consumptions": [
    {
      "time": 3.9,
      "agent_id": 1,
      "x": 593.8033,
      "y": 843.4369
    },
    {
      "time": 22.1,
      "agent_id": 1,
      "x": 425.528,
      "y": 759.6825
    },
    {
      "time": 264.2,
      "agent_id": 0,
      "x": 423.2835,
      "y": 524.5555
    }
  ],
  "parent_fruit_consumed_before_tracked_encounter": 0,
  "tracked_encounter_times": [
    0.2
  ],
  "conditional_delivery_denominator": true,
  "conditional_delivery_status": "not_applicable",
  "setup_oracle": false,
  "setup_oracle_target": null,
  "setup_oracle_ticks": 0,
  "setup_oracle_routing": null,
  "setup_oracle_route_resets": 0,
  "setup_oracle_policy_reset_before_handoff_act": false,
  "setup_oracle_handoff_time": null,
  "dynamic_action_privilege_ended_at": null,
  "target_switches": [
    {
      "time": 0.1,
      "tracked_predator_slot": 0,
      "target": 1
    },
    {
      "time": 13.3,
      "tracked_predator_slot": 0,
      "target": "resting"
    },
    {
      "time": 16.8,
      "tracked_predator_slot": 0,
      "target": 0
    },
    {
      "time": 26.2,
      "tracked_predator_slot": 0,
      "target": "resting"
    },
    {
      "time": 29.7,
      "tracked_predator_slot": 0,
      "target": 0
    },
    {
      "time": 38.8,
      "tracked_predator_slot": 0,
      "target": "resting"
    },
    {
      "time": 42.3,
      "tracked_predator_slot": 0,
      "target": 0
    },
    {
      "time": 51.4,
      "tracked_predator_slot": 0,
      "target": "resting"
    },
    {
      "time": 54.9,
      "tracked_predator_slot": 0,
      "target": 0
    },
    {
      "time": 64.3,
      "tracked_predator_slot": 0,
      "target": "resting"
    },
    {
      "time": 67.8,
      "tracked_predator_slot": 0,
      "target": 0
    },
    {
      "time": 76.9,
      "tracked_predator_slot": 0,
      "target": "resting"
    },
    {
      "time": 80.4,
      "tracked_predator_slot": 0,
      "target": 0
    },
    {
      "time": 89.5,
      "tracked_predator_slot": 0,
      "target": "resting"
    },
    {
      "time": 93.0,
      "tracked_predator_slot": 0,
      "target": 0
    },
    {
      "time": 102.4,
      "tracked_predator_slot": 0,
      "target": "resting"
    },
    {
      "time": 105.9,
      "tracked_predator_slot": 0,
      "target": 0
    },
    {
      "time": 115.0,
      "tracked_predator_slot": 0,
      "target": "resting"
    },
    {
      "time": 118.5,
      "tracked_predator_slot": 0,
      "target": 0
    },
    {
      "time": 127.6,
      "tracked_predator_slot": 0,
      "target": "resting"
    },
    {
      "time": 131.1,
      "tracked_predator_slot": 0,
      "target": 0
    },
    {
      "time": 140.2,
      "tracked_predator_slot": 0,
      "target": "resting"
    },
    {
      "time": 143.7,
      "tracked_predator_slot": 0,
      "target": 0
    },
    {
      "time": 153.1,
      "tracked_predator_slot": 0,
      "target": "resting"
    },
    {
      "time": 156.6,
      "tracked_predator_slot": 0,
      "target": 0
    },
    {
      "time": 165.7,
      "tracked_predator_slot": 0,
      "target": "resting"
    },
    {
      "time": 169.2,
      "tracked_predator_slot": 0,
      "target": 0
    },
    {
      "time": 178.6,
      "tracked_predator_slot": 0,
      "target": "resting"
    },
    {
      "time": 182.1,
      "tracked_predator_slot": 0,
      "target": 0
    },
    {
      "time": 191.2,
      "tracked_predator_slot": 0,
      "target": "resting"
    },
    {
      "time": 194.7,
      "tracked_predator_slot": 0,
      "target": 0
    },
    {
      "time": 203.8,
      "tracked_predator_slot": 0,
      "target": "resting"
    },
    {
      "time": 207.3,
      "tracked_predator_slot": 0,
      "target": 0
    },
    {
      "time": 216.4,
      "tracked_predator_slot": 0,
      "target": "resting"
    },
    {
      "time": 219.9,
      "tracked_predator_slot": 0,
      "target": 0
    },
    {
      "time": 229.3,
      "tracked_predator_slot": 0,
      "target": "resting"
    },
    {
      "time": 232.8,
      "tracked_predator_slot": 0,
      "target": 0
    },
    {
      "time": 241.9,
      "tracked_predator_slot": 0,
      "target": "resting"
    },
    {
      "time": 245.4,
      "tracked_predator_slot": 0,
      "target": 0
    },
    {
      "time": 254.5,
      "tracked_predator_slot": 0,
      "target": "resting"
    },
    {
      "time": 258.0,
      "tracked_predator_slot": 0,
      "target": 0
    },
    {
      "time": 267.1,
      "tracked_predator_slot": 0,
      "target": "resting"
    },
    {
      "time": 270.6,
      "tracked_predator_slot": 0,
      "target": 0
    },
    {
      "time": 280.0,
      "tracked_predator_slot": 0,
      "target": "resting"
    },
    {
      "time": 283.5,
      "tracked_predator_slot": 0,
      "target": 0
    },
    {
      "time": 292.6,
      "tracked_predator_slot": 0,
      "target": "resting"
    },
    {
      "time": 296.1,
      "tracked_predator_slot": 0,
      "target": 0
    }
  ],
  "guide_role_trace": [
    {
      "time": 0,
      "active_guide_id": 1
    }
  ],
  "guide_follow_trace": [
    {
      "time": 0.1,
      "active_guide_id": 1,
      "tracked_predator_slot": 0
    }
  ],
  "guide_role": "parent",
  "parent_role": "guide",
  "child_role": "gather_evade",
  "active_guide_id_final": 1,
  "active_guide_alive_final": false,
  "guide_role_ids": [
    1
  ],
  "bait_deployed_at": 0.1,
  "policy_bait_ready_final": false,
  "bait_left_after_deployment": null,
  "final_bait_distance_to_goal": 0.0,
  "first_guide_predator_observation": 0.2,
  "first_predator_following_guide": 0.1,
  "first_predator_following_active_guide": 0.1,
  "tracked_seen_by_guide": 1,
  "tracked_followed_active_guide": 1,
  "physical_entered": 1,
  "guided_delivered": 1,
  "physical_losses_after_delivery": 0,
  "target_losses_after_delivery": 0,
  "physical_entry_times": [
    12.7
  ],
  "guided_delivery_times": [
    13.3
  ],
  "loss_times": [
    null
  ],
  "target_loss_times": [
    null
  ],
  "tail_seconds": 30.0,
  "tail_physical_min": 1,
  "tail_contained_min": 1,
  "final_distance_from_mouth": [
    13.1937
  ],
  "max_distance_after_delivery": [
    41.2364
  ],
  "policy_events": [
    {
      "time": 18.9,
      "kind": "guide_release_observed",
      "agent_id": 1
    },
    {
      "time": 22.4,
      "kind": "guide_returned_to_staging",
      "agent_id": 1
    }
  ],
  "success": true,
  "replay": "results/simple_chase/replays/real-map-Guide-m10266-f20266-p1-direct_guide-sitebait1-f8cb8530.json.gz"
}
/home/Ucals/projects/NordicCupAI-wall-funneling/survival-simulator/oscar-trap-research/survival/results/simple_chase/real-map-Guide-m10266-f20266-p1-direct_guide-sitebait1-f8cb8530.json
