23 2 None 30 None 0.30000000000000004 0.3333333333333333 0 0
/Users/bumblebee/Github_repos/Projects/nordic-ai-cup-2026/survival/results/water_deployment/acquisition.json
23 2 None 45 None 27.000000000000114 0.9555555555555556 0 0
/Users/bumblebee/Github_repos/Projects/nordic-ai-cup-2026/survival/results/water_deployment/acquisition.json
23 3 None 30 None 0.30000000000000004 0.3333333333333333 0 0
/Users/bumblebee/Github_repos/Projects/nordic-ai-cup-2026/survival/results/water_deployment/acquisition.json
23 3 None 45 None 26.200000000000102 0.9770992366412213 0 0
/Users/bumblebee/Github_repos/Projects/nordic-ai-cup-2026/survival/results/water_deployment/acquisition.json
37 8 None 30 None 0.30000000000000004 0.3333333333333333 0 0
/Users/bumblebee/Github_repos/Projects/nordic-ai-cup-2026/survival/results/water_deployment/acquisition.json
37 8 None 45 None 53.200000000000486 0.9943609022556391 0 0
/Users/bumblebee/Github_repos/Projects/nordic-ai-cup-2026/survival/results/water_deployment/acquisition.json
37 10 None 30 None 0.30000000000000004 0.3333333333333333 0 0
/Users/bumblebee/Github_repos/Projects/nordic-ai-cup-2026/survival/results/water_deployment/acquisition.json
37 10 None 45 None 37.700000000000266 0.9920424403183024 0 0
/Users/bumblebee/Github_repos/Projects/nordic-ai-cup-2026/survival/results/water_deployment/acquisition.json
37 11 None 30 None 0.30000000000000004 0.3333333333333333 0 0
/Users/bumblebee/Github_repos/Projects/nordic-ai-cup-2026/survival/results/water_deployment/acquisition.json
37 11 None 45 None 33.90000000000021 0.9911504424778761 0 0
/Users/bumblebee/Github_repos/Projects/nordic-ai-cup-2026/survival/results/water_deployment/acquisition.json
