1 11.598594768836904 -0.3 60.00000000000058 None 1.0
/Users/bumblebee/Github_repos/Projects/nordic-ai-cup-2026/survival/results/water_deployment/alternative-gap-native-all-terrain.json
1 11.598594768836904 0.3 60.00000000000058 None 1.0
/Users/bumblebee/Github_repos/Projects/nordic-ai-cup-2026/survival/results/water_deployment/alternative-gap-native-all-terrain.json
2 11.010881563962528 -0.3 60.00000000000058 None 1.0
/Users/bumblebee/Github_repos/Projects/nordic-ai-cup-2026/survival/results/water_deployment/alternative-gap-native-all-terrain.json
2 11.010881563962528 0.3 60.00000000000058 None 1.0
/Users/bumblebee/Github_repos/Projects/nordic-ai-cup-2026/survival/results/water_deployment/alternative-gap-native-all-terrain.json
7 14.165282722752693 -0.3 60.00000000000058 None 1.0
/Users/bumblebee/Github_repos/Projects/nordic-ai-cup-2026/survival/results/water_deployment/alternative-gap-native-all-terrain.json
7 14.165282722752693 0.3 60.00000000000058 None 1.0
/Users/bumblebee/Github_repos/Projects/nordic-ai-cup-2026/survival/results/water_deployment/alternative-gap-native-all-terrain.json
8 18.562114423280264 -0.3 60.00000000000058 None 1.0
/Users/bumblebee/Github_repos/Projects/nordic-ai-cup-2026/survival/results/water_deployment/alternative-gap-native-all-terrain.json
8 18.562114423280264 0.3 60.00000000000058 None 1.0
/Users/bumblebee/Github_repos/Projects/nordic-ai-cup-2026/survival/results/water_deployment/alternative-gap-native-all-terrain.json
9 14.045644774460413 -0.3 60.00000000000058 None 1.0
/Users/bumblebee/Github_repos/Projects/nordic-ai-cup-2026/survival/results/water_deployment/alternative-gap-native-all-terrain.json
9 14.045644774460413 0.3 60.00000000000058 None 1.0
/Users/bumblebee/Github_repos/Projects/nordic-ai-cup-2026/survival/results/water_deployment/alternative-gap-native-all-terrain.json
11 14.966920902528898 -0.3 60.00000000000058 None 1.0
/Users/bumblebee/Github_repos/Projects/nordic-ai-cup-2026/survival/results/water_deployment/alternative-gap-native-all-terrain.json
11 14.966920902528898 0.3 60.00000000000058 None 1.0
/Users/bumblebee/Github_repos/Projects/nordic-ai-cup-2026/survival/results/water_deployment/alternative-gap-native-all-terrain.json
13 15.02350905823748 -0.3 60.00000000000058 None 1.0
/Users/bumblebee/Github_repos/Projects/nordic-ai-cup-2026/survival/results/water_deployment/alternative-gap-native-all-terrain.json
13 15.02350905823748 0.3 60.00000000000058 None 1.0
/Users/bumblebee/Github_repos/Projects/nordic-ai-cup-2026/survival/results/water_deployment/alternative-gap-native-all-terrain.json
16 15.614106217426013 -0.3 60.00000000000058 None 1.0
/Users/bumblebee/Github_repos/Projects/nordic-ai-cup-2026/survival/results/water_deployment/alternative-gap-native-all-terrain.json
16 15.614106217426013 0.3 60.00000000000058 None 1.0
/Users/bumblebee/Github_repos/Projects/nordic-ai-cup-2026/survival/results/water_deployment/alternative-gap-native-all-terrain.json
18 17.983124341705206 -0.3 60.00000000000058 None 1.0
/Users/bumblebee/Github_repos/Projects/nordic-ai-cup-2026/survival/results/water_deployment/alternative-gap-native-all-terrain.json
18 17.983124341705206 0.3 60.00000000000058 None 1.0
/Users/bumblebee/Github_repos/Projects/nordic-ai-cup-2026/survival/results/water_deployment/alternative-gap-native-all-terrain.json
