21 11.1454527549663 -0.3 60.00000000000058 None 1.0
/Users/bumblebee/Github_repos/Projects/nordic-ai-cup-2026/survival/results/water_deployment/alternative-gap-native-21-40-all-terrain.json
21 11.1454527549663 0.3 60.00000000000058 None 1.0
/Users/bumblebee/Github_repos/Projects/nordic-ai-cup-2026/survival/results/water_deployment/alternative-gap-native-21-40-all-terrain.json
23 18.609884824912456 -0.3 60.00000000000058 None 1.0
/Users/bumblebee/Github_repos/Projects/nordic-ai-cup-2026/survival/results/water_deployment/alternative-gap-native-21-40-all-terrain.json
23 18.609884824912456 0.3 60.00000000000058 None 1.0
/Users/bumblebee/Github_repos/Projects/nordic-ai-cup-2026/survival/results/water_deployment/alternative-gap-native-21-40-all-terrain.json
24 11.933266020180895 -0.3 60.00000000000058 None 1.0
/Users/bumblebee/Github_repos/Projects/nordic-ai-cup-2026/survival/results/water_deployment/alternative-gap-native-21-40-all-terrain.json
24 11.933266020180895 0.3 60.00000000000058 None 1.0
/Users/bumblebee/Github_repos/Projects/nordic-ai-cup-2026/survival/results/water_deployment/alternative-gap-native-21-40-all-terrain.json
25 16.033940933840995 -0.3 60.00000000000058 None 1.0
/Users/bumblebee/Github_repos/Projects/nordic-ai-cup-2026/survival/results/water_deployment/alternative-gap-native-21-40-all-terrain.json
25 16.033940933840995 0.3 60.00000000000058 None 1.0
/Users/bumblebee/Github_repos/Projects/nordic-ai-cup-2026/survival/results/water_deployment/alternative-gap-native-21-40-all-terrain.json
28 15.326311819067314 -0.3 60.00000000000058 None 1.0
/Users/bumblebee/Github_repos/Projects/nordic-ai-cup-2026/survival/results/water_deployment/alternative-gap-native-21-40-all-terrain.json
28 15.326311819067314 0.3 60.00000000000058 None 1.0
/Users/bumblebee/Github_repos/Projects/nordic-ai-cup-2026/survival/results/water_deployment/alternative-gap-native-21-40-all-terrain.json
32 13.963460686596136 -0.3 60.00000000000058 None 1.0
/Users/bumblebee/Github_repos/Projects/nordic-ai-cup-2026/survival/results/water_deployment/alternative-gap-native-21-40-all-terrain.json
32 13.963460686596136 0.3 60.00000000000058 None 1.0
/Users/bumblebee/Github_repos/Projects/nordic-ai-cup-2026/survival/results/water_deployment/alternative-gap-native-21-40-all-terrain.json
36 17.571485523814772 -0.3 60.00000000000058 None 1.0
/Users/bumblebee/Github_repos/Projects/nordic-ai-cup-2026/survival/results/water_deployment/alternative-gap-native-21-40-all-terrain.json
36 17.571485523814772 0.3 60.00000000000058 None 1.0
/Users/bumblebee/Github_repos/Projects/nordic-ai-cup-2026/survival/results/water_deployment/alternative-gap-native-21-40-all-terrain.json
37 11.0455131962716 -0.3 60.00000000000058 None 1.0
/Users/bumblebee/Github_repos/Projects/nordic-ai-cup-2026/survival/results/water_deployment/alternative-gap-native-21-40-all-terrain.json
37 11.0455131962716 0.3 60.00000000000058 None 1.0
/Users/bumblebee/Github_repos/Projects/nordic-ai-cup-2026/survival/results/water_deployment/alternative-gap-native-21-40-all-terrain.json
38 12.413659638152922 -0.3 60.00000000000058 None 1.0
/Users/bumblebee/Github_repos/Projects/nordic-ai-cup-2026/survival/results/water_deployment/alternative-gap-native-21-40-all-terrain.json
38 12.413659638152922 0.3 60.00000000000058 None 1.0
/Users/bumblebee/Github_repos/Projects/nordic-ai-cup-2026/survival/results/water_deployment/alternative-gap-native-21-40-all-terrain.json
40 16.128661890115836 -0.3 60.00000000000058 None 1.0
/Users/bumblebee/Github_repos/Projects/nordic-ai-cup-2026/survival/results/water_deployment/alternative-gap-native-21-40-all-terrain.json
40 16.128661890115836 0.3 60.00000000000058 None 1.0
/Users/bumblebee/Github_repos/Projects/nordic-ai-cup-2026/survival/results/water_deployment/alternative-gap-native-21-40-all-terrain.json
