None 12 -0.3 60.00000000000058 None 1.0
/Users/bumblebee/Github_repos/Projects/nordic-ai-cup-2026/survival/results/water_deployment/alternative-gap-controlled.json
None 12 0.3 60.00000000000058 None 1.0
/Users/bumblebee/Github_repos/Projects/nordic-ai-cup-2026/survival/results/water_deployment/alternative-gap-controlled.json
None 12 -0.3 60.00000000000058 None 1.0
/Users/bumblebee/Github_repos/Projects/nordic-ai-cup-2026/survival/results/water_deployment/alternative-gap-controlled.json
None 12 0.3 60.00000000000058 None 1.0
/Users/bumblebee/Github_repos/Projects/nordic-ai-cup-2026/survival/results/water_deployment/alternative-gap-controlled.json
None 15 -0.3 60.00000000000058 None 1.0
/Users/bumblebee/Github_repos/Projects/nordic-ai-cup-2026/survival/results/water_deployment/alternative-gap-controlled.json
None 15 0.3 60.00000000000058 None 1.0
/Users/bumblebee/Github_repos/Projects/nordic-ai-cup-2026/survival/results/water_deployment/alternative-gap-controlled.json
None 15 -0.3 60.00000000000058 None 1.0
/Users/bumblebee/Github_repos/Projects/nordic-ai-cup-2026/survival/results/water_deployment/alternative-gap-controlled.json
None 15 0.3 60.00000000000058 None 1.0
/Users/bumblebee/Github_repos/Projects/nordic-ai-cup-2026/survival/results/water_deployment/alternative-gap-controlled.json
None 18 -0.3 60.00000000000058 None 1.0
/Users/bumblebee/Github_repos/Projects/nordic-ai-cup-2026/survival/results/water_deployment/alternative-gap-controlled.json
None 18 0.3 60.00000000000058 None 1.0
/Users/bumblebee/Github_repos/Projects/nordic-ai-cup-2026/survival/results/water_deployment/alternative-gap-controlled.json
None 18 -0.3 60.00000000000058 None 1.0
/Users/bumblebee/Github_repos/Projects/nordic-ai-cup-2026/survival/results/water_deployment/alternative-gap-controlled.json
None 18 0.3 60.00000000000058 None 1.0
/Users/bumblebee/Github_repos/Projects/nordic-ai-cup-2026/survival/results/water_deployment/alternative-gap-controlled.json
None 22 -0.3 0.5 0.5 0.0
/Users/bumblebee/Github_repos/Projects/nordic-ai-cup-2026/survival/results/water_deployment/alternative-gap-controlled.json
None 22 0.3 0.5 0.5 0.0
/Users/bumblebee/Github_repos/Projects/nordic-ai-cup-2026/survival/results/water_deployment/alternative-gap-controlled.json
None 22 -0.3 0.5 0.5 0.0
/Users/bumblebee/Github_repos/Projects/nordic-ai-cup-2026/survival/results/water_deployment/alternative-gap-controlled.json
None 22 0.3 0.5 0.5 0.0
/Users/bumblebee/Github_repos/Projects/nordic-ai-cup-2026/survival/results/water_deployment/alternative-gap-controlled.json
None 15 -0.3 60.00000000000058 None 1.0
/Users/bumblebee/Github_repos/Projects/nordic-ai-cup-2026/survival/results/water_deployment/alternative-gap-controlled.json
None 15 0.3 60.00000000000058 None 1.0
/Users/bumblebee/Github_repos/Projects/nordic-ai-cup-2026/survival/results/water_deployment/alternative-gap-controlled.json
