1 1 1
/Users/bumblebee/Github_repos/Projects/nordic-ai-cup-2026/survival/results/water_deployment/alternative-gap-survey.json
2 1 0
/Users/bumblebee/Github_repos/Projects/nordic-ai-cup-2026/survival/results/water_deployment/alternative-gap-survey.json
3 0 0
/Users/bumblebee/Github_repos/Projects/nordic-ai-cup-2026/survival/results/water_deployment/alternative-gap-survey.json
4 0 0
/Users/bumblebee/Github_repos/Projects/nordic-ai-cup-2026/survival/results/water_deployment/alternative-gap-survey.json
5 0 0
/Users/bumblebee/Github_repos/Projects/nordic-ai-cup-2026/survival/results/water_deployment/alternative-gap-survey.json
6 0 0
/Users/bumblebee/Github_repos/Projects/nordic-ai-cup-2026/survival/results/water_deployment/alternative-gap-survey.json
7 2 2
/Users/bumblebee/Github_repos/Projects/nordic-ai-cup-2026/survival/results/water_deployment/alternative-gap-survey.json
8 2 2
/Users/bumblebee/Github_repos/Projects/nordic-ai-cup-2026/survival/results/water_deployment/alternative-gap-survey.json
9 1 1
/Users/bumblebee/Github_repos/Projects/nordic-ai-cup-2026/survival/results/water_deployment/alternative-gap-survey.json
10 0 0
/Users/bumblebee/Github_repos/Projects/nordic-ai-cup-2026/survival/results/water_deployment/alternative-gap-survey.json
11 2 0
/Users/bumblebee/Github_repos/Projects/nordic-ai-cup-2026/survival/results/water_deployment/alternative-gap-survey.json
12 0 0
/Users/bumblebee/Github_repos/Projects/nordic-ai-cup-2026/survival/results/water_deployment/alternative-gap-survey.json
13 1 0
/Users/bumblebee/Github_repos/Projects/nordic-ai-cup-2026/survival/results/water_deployment/alternative-gap-survey.json
14 0 0
/Users/bumblebee/Github_repos/Projects/nordic-ai-cup-2026/survival/results/water_deployment/alternative-gap-survey.json
15 0 0
/Users/bumblebee/Github_repos/Projects/nordic-ai-cup-2026/survival/results/water_deployment/alternative-gap-survey.json
16 4 0
/Users/bumblebee/Github_repos/Projects/nordic-ai-cup-2026/survival/results/water_deployment/alternative-gap-survey.json
17 0 0
/Users/bumblebee/Github_repos/Projects/nordic-ai-cup-2026/survival/results/water_deployment/alternative-gap-survey.json
18 1 0
/Users/bumblebee/Github_repos/Projects/nordic-ai-cup-2026/survival/results/water_deployment/alternative-gap-survey.json
19 0 0
/Users/bumblebee/Github_repos/Projects/nordic-ai-cup-2026/survival/results/water_deployment/alternative-gap-survey.json
20 0 0
/Users/bumblebee/Github_repos/Projects/nordic-ai-cup-2026/survival/results/water_deployment/alternative-gap-survey.json
