37 0 0 53.100000000000485 1.0
/Users/bumblebee/Github_repos/Projects/nordic-ai-cup-2026/survival/results/water_deployment/corridor.json
37 0 0.35 3.600000000000002 0.5277777777777778
/Users/bumblebee/Github_repos/Projects/nordic-ai-cup-2026/survival/results/water_deployment/corridor.json
37 9 0 63.20000000000063 1.0
/Users/bumblebee/Github_repos/Projects/nordic-ai-cup-2026/survival/results/water_deployment/corridor.json
37 9 0.35 2.700000000000001 0.8148148148148148
/Users/bumblebee/Github_repos/Projects/nordic-ai-cup-2026/survival/results/water_deployment/corridor.json
58 0 0 53.100000000000485 1.0
/Users/bumblebee/Github_repos/Projects/nordic-ai-cup-2026/survival/results/water_deployment/corridor.json
58 0 0.35 7.29999999999999 0.3013698630136986
/Users/bumblebee/Github_repos/Projects/nordic-ai-cup-2026/survival/results/water_deployment/corridor.json
70 5 0 15.59999999999996 0.9294871794871795
/Users/bumblebee/Github_repos/Projects/nordic-ai-cup-2026/survival/results/water_deployment/corridor.json
70 5 0.35 3.1000000000000014 0.7096774193548387
/Users/bumblebee/Github_repos/Projects/nordic-ai-cup-2026/survival/results/water_deployment/corridor.json
37 8 0 53.50000000000049 1.0
/Users/bumblebee/Github_repos/Projects/nordic-ai-cup-2026/survival/results/water_deployment/corridor.json
37 8 0.35 3.900000000000002 0.5641025641025641
/Users/bumblebee/Github_repos/Projects/nordic-ai-cup-2026/survival/results/water_deployment/corridor.json
37 10 0 52.80000000000048 1.0
/Users/bumblebee/Github_repos/Projects/nordic-ai-cup-2026/survival/results/water_deployment/corridor.json
37 10 0.35 53.60000000000049 1.0
/Users/bumblebee/Github_repos/Projects/nordic-ai-cup-2026/survival/results/water_deployment/corridor.json
37 twin 0 4.300000000000001 0.8837209302325582
/Users/bumblebee/Github_repos/Projects/nordic-ai-cup-2026/survival/results/water_deployment/corridor.json
37 twin 0.35 3.900000000000002 0.3333333333333333
/Users/bumblebee/Github_repos/Projects/nordic-ai-cup-2026/survival/results/water_deployment/corridor.json
