23 2 none None None 52.70000000000048 1.0 0 0
/Users/bumblebee/Github_repos/Projects/nordic-ai-cup-2026/survival/results/water_deployment/native-renewal.json
23 2 reserve None None 69.50000000000033 1.0 3 0
/Users/bumblebee/Github_repos/Projects/nordic-ai-cup-2026/survival/results/water_deployment/native-renewal.json
23 2 renewal None None 69.50000000000033 1.0 3 0
/Users/bumblebee/Github_repos/Projects/nordic-ai-cup-2026/survival/results/water_deployment/native-renewal.json
23 3 none None None 51.90000000000047 1.0 0 0
/Users/bumblebee/Github_repos/Projects/nordic-ai-cup-2026/survival/results/water_deployment/native-renewal.json
23 3 reserve None None 51.90000000000047 1.0 1 0
/Users/bumblebee/Github_repos/Projects/nordic-ai-cup-2026/survival/results/water_deployment/native-renewal.json
23 3 renewal None None 51.90000000000047 1.0 1 1
/Users/bumblebee/Github_repos/Projects/nordic-ai-cup-2026/survival/results/water_deployment/native-renewal.json
37 8 none None None 52.70000000000048 1.0 0 0
/Users/bumblebee/Github_repos/Projects/nordic-ai-cup-2026/survival/results/water_deployment/native-renewal.json
37 8 reserve None None 88.19999999999926 1.0 3 0
/Users/bumblebee/Github_repos/Projects/nordic-ai-cup-2026/survival/results/water_deployment/native-renewal.json
37 8 renewal None None 89.1999999999992 1.0 3 1
/Users/bumblebee/Github_repos/Projects/nordic-ai-cup-2026/survival/results/water_deployment/native-renewal.json
37 10 none None None 52.10000000000047 1.0 0 0
/Users/bumblebee/Github_repos/Projects/nordic-ai-cup-2026/survival/results/water_deployment/native-renewal.json
37 10 reserve None None 90.59999999999913 1.0 2 0
/Users/bumblebee/Github_repos/Projects/nordic-ai-cup-2026/survival/results/water_deployment/native-renewal.json
37 10 renewal None None 76.19999999999995 1.0 3 1
/Users/bumblebee/Github_repos/Projects/nordic-ai-cup-2026/survival/results/water_deployment/native-renewal.json
37 11 none None blocked_start None None 0 0
/Users/bumblebee/Github_repos/Projects/nordic-ai-cup-2026/survival/results/water_deployment/native-renewal.json
37 11 reserve None blocked_start None None 0 0
/Users/bumblebee/Github_repos/Projects/nordic-ai-cup-2026/survival/results/water_deployment/native-renewal.json
37 11 renewal None blocked_start None None 0 0
/Users/bumblebee/Github_repos/Projects/nordic-ai-cup-2026/survival/results/water_deployment/native-renewal.json
