1 0 0
/Users/bumblebee/Github_repos/Projects/nordic-ai-cup-2026/survival/results/water_deployment/sites-1-40.json
2 0 0
/Users/bumblebee/Github_repos/Projects/nordic-ai-cup-2026/survival/results/water_deployment/sites-1-40.json
3 0 0
/Users/bumblebee/Github_repos/Projects/nordic-ai-cup-2026/survival/results/water_deployment/sites-1-40.json
4 0 0
/Users/bumblebee/Github_repos/Projects/nordic-ai-cup-2026/survival/results/water_deployment/sites-1-40.json
5 0 0
/Users/bumblebee/Github_repos/Projects/nordic-ai-cup-2026/survival/results/water_deployment/sites-1-40.json
6 0 0
/Users/bumblebee/Github_repos/Projects/nordic-ai-cup-2026/survival/results/water_deployment/sites-1-40.json
7 0 0
/Users/bumblebee/Github_repos/Projects/nordic-ai-cup-2026/survival/results/water_deployment/sites-1-40.json
8 0 0
/Users/bumblebee/Github_repos/Projects/nordic-ai-cup-2026/survival/results/water_deployment/sites-1-40.json
9 0 0
/Users/bumblebee/Github_repos/Projects/nordic-ai-cup-2026/survival/results/water_deployment/sites-1-40.json
10 0 0
/Users/bumblebee/Github_repos/Projects/nordic-ai-cup-2026/survival/results/water_deployment/sites-1-40.json
11 0 0
/Users/bumblebee/Github_repos/Projects/nordic-ai-cup-2026/survival/results/water_deployment/sites-1-40.json
12 0 0
/Users/bumblebee/Github_repos/Projects/nordic-ai-cup-2026/survival/results/water_deployment/sites-1-40.json
13 0 0
/Users/bumblebee/Github_repos/Projects/nordic-ai-cup-2026/survival/results/water_deployment/sites-1-40.json
14 0 0
/Users/bumblebee/Github_repos/Projects/nordic-ai-cup-2026/survival/results/water_deployment/sites-1-40.json
15 0 0
/Users/bumblebee/Github_repos/Projects/nordic-ai-cup-2026/survival/results/water_deployment/sites-1-40.json
16 0 0
/Users/bumblebee/Github_repos/Projects/nordic-ai-cup-2026/survival/results/water_deployment/sites-1-40.json
17 0 0
/Users/bumblebee/Github_repos/Projects/nordic-ai-cup-2026/survival/results/water_deployment/sites-1-40.json
18 0 0
/Users/bumblebee/Github_repos/Projects/nordic-ai-cup-2026/survival/results/water_deployment/sites-1-40.json
19 0 0
/Users/bumblebee/Github_repos/Projects/nordic-ai-cup-2026/survival/results/water_deployment/sites-1-40.json
20 0 0
/Users/bumblebee/Github_repos/Projects/nordic-ai-cup-2026/survival/results/water_deployment/sites-1-40.json
21 0 0
/Users/bumblebee/Github_repos/Projects/nordic-ai-cup-2026/survival/results/water_deployment/sites-1-40.json
22 0 0
/Users/bumblebee/Github_repos/Projects/nordic-ai-cup-2026/survival/results/water_deployment/sites-1-40.json
23 7 0
/Users/bumblebee/Github_repos/Projects/nordic-ai-cup-2026/survival/results/water_deployment/sites-1-40.json
24 0 0
/Users/bumblebee/Github_repos/Projects/nordic-ai-cup-2026/survival/results/water_deployment/sites-1-40.json
25 0 0
/Users/bumblebee/Github_repos/Projects/nordic-ai-cup-2026/survival/results/water_deployment/sites-1-40.json
26 1 0
/Users/bumblebee/Github_repos/Projects/nordic-ai-cup-2026/survival/results/water_deployment/sites-1-40.json
27 0 0
/Users/bumblebee/Github_repos/Projects/nordic-ai-cup-2026/survival/results/water_deployment/sites-1-40.json
28 0 0
/Users/bumblebee/Github_repos/Projects/nordic-ai-cup-2026/survival/results/water_deployment/sites-1-40.json
29 0 0
/Users/bumblebee/Github_repos/Projects/nordic-ai-cup-2026/survival/results/water_deployment/sites-1-40.json
30 0 0
/Users/bumblebee/Github_repos/Projects/nordic-ai-cup-2026/survival/results/water_deployment/sites-1-40.json
31 0 0
/Users/bumblebee/Github_repos/Projects/nordic-ai-cup-2026/survival/results/water_deployment/sites-1-40.json
32 0 0
/Users/bumblebee/Github_repos/Projects/nordic-ai-cup-2026/survival/results/water_deployment/sites-1-40.json
33 0 0
/Users/bumblebee/Github_repos/Projects/nordic-ai-cup-2026/survival/results/water_deployment/sites-1-40.json
34 0 0
/Users/bumblebee/Github_repos/Projects/nordic-ai-cup-2026/survival/results/water_deployment/sites-1-40.json
35 0 0
/Users/bumblebee/Github_repos/Projects/nordic-ai-cup-2026/survival/results/water_deployment/sites-1-40.json
36 0 0
/Users/bumblebee/Github_repos/Projects/nordic-ai-cup-2026/survival/results/water_deployment/sites-1-40.json
37 12 2
/Users/bumblebee/Github_repos/Projects/nordic-ai-cup-2026/survival/results/water_deployment/sites-1-40.json
38 3 0
/Users/bumblebee/Github_repos/Projects/nordic-ai-cup-2026/survival/results/water_deployment/sites-1-40.json
39 3 0
/Users/bumblebee/Github_repos/Projects/nordic-ai-cup-2026/survival/results/water_deployment/sites-1-40.json
40 0 0
/Users/bumblebee/Github_repos/Projects/nordic-ai-cup-2026/survival/results/water_deployment/sites-1-40.json
