/Users/bumblebee/Github_repos/Projects/nordic-ai-cup-2026/survival/results/water_deployment/summary.json
{
  "maps_surveyed": 80,
  "maps_with_candidates": 9,
  "candidate_sites": 38,
  "clear_sampled_corridors": 2,
  "suites": {
    "native": {
      "cases": 20,
      "skipped": 0,
      "captures": 8,
      "joint_at_least_99pct": 11,
      "maximum_elapsed_s": 67.90000000000042,
      "handoffs": 0,
      "births": 0
    },
    "relay": {
      "cases": 9,
      "skipped": 0,
      "captures": 0,
      "joint_at_least_99pct": 9,
      "maximum_elapsed_s": 69.30000000000034,
      "handoffs": 12,
      "births": 6
    },
    "orchard": {
      "cases": 9,
      "skipped": 0,
      "captures": 0,
      "joint_at_least_99pct": 9,
      "maximum_elapsed_s": 91.89999999999905,
      "handoffs": 12,
      "births": 6
    },
    "heldout": {
      "cases": 8,
      "skipped": 4,
      "captures": 2,
      "joint_at_least_99pct": 1,
      "maximum_elapsed_s": 72.30000000000017,
      "handoffs": 0,
      "births": 0
    },
    "acquisition": {
      "cases": 10,
      "skipped": 0,
      "captures": 7,
      "joint_at_least_99pct": 3,
      "maximum_elapsed_s": 53.200000000000486,
      "handoffs": 0,
      "births": 0
    },
    "native-renewal": {
      "cases": 15,
      "skipped": 3,
      "captures": 0,
      "joint_at_least_99pct": 12,
      "maximum_elapsed_s": 90.59999999999913,
      "handoffs": 19,
      "births": 3
    },
    "native-renewal-v3": {
      "cases": 5,
      "skipped": 1,
      "captures": 2,
      "joint_at_least_99pct": 2,
      "maximum_elapsed_s": 71.50000000000021,
      "handoffs": 10,
      "births": 8
    },
    "renewal": {
      "cases": 6,
      "skipped": 0,
      "captures": 0,
      "joint_at_least_99pct": 6,
      "maximum_elapsed_s": 83.29999999999954,
      "handoffs": 16,
      "births": 12
    },
    "renewal-v3": {
      "cases": 6,
      "skipped": 0,
      "captures": 0,
      "joint_at_least_99pct": 6,
      "maximum_elapsed_s": 75.49999999999999,
      "handoffs": 18,
      "births": 15
    },
    "dogleg": {
      "cases": 5,
      "skipped": 0,
      "captures": 5,
      "joint_at_least_99pct": 0,
      "maximum_elapsed_s": 0.9999999999999999,
      "handoffs": 0,
      "births": 0
    },
    "multi": {
      "cases": 6,
      "skipped": 0,
      "captures": 6,
      "joint_at_least_99pct": 0,
      "maximum_elapsed_s": 2.500000000000001,
      "handoffs": 0,
      "births": 0
    },
    "twins": {
      "cases": 8,
      "skipped": 0,
      "captures": 2,
      "joint_at_least_99pct": 6,
      "maximum_elapsed_s": 52.20000000000047,
      "handoffs": 0,
      "births": 0
    },
    "association": {
      "cases": 8,
      "skipped": 0,
      "captures": 0,
      "joint_at_least_99pct": 8,
      "maximum_elapsed_s": 52.400000000000475,
      "handoffs": 0,
      "births": 0
    },
    "corridor": {
      "cases": 14,
      "skipped": 0,
      "captures": 8,
      "joint_at_least_99pct": 6,
      "maximum_elapsed_s": 63.20000000000063,
      "handoffs": 0,
      "births": 0
    },
    "approach-relay": {
      "cases": 4,
      "skipped": 1,
      "captures": 1,
      "joint_at_least_99pct": 2,
      "maximum_elapsed_s": 87.89999999999928,
      "handoffs": 5,
      "births": 0
    }
  },
  "matched_score_comparison": [
    {
      "site": 8,
      "strategy": "nursery",
      "score": 143.65464691766294,
      "fallback_s": 0,
      "total_captures": 8,
      "initial_shore_workers": [
        {
          "id": 2,
          "t": 5.4999999999999964,
          "cause": "capture"
        },
        {
          "id": 3,
          "t": 12.399999999999972,
          "cause": "depletion"
        }
      ]
    },
    {
      "site": 8,
      "strategy": "water",
      "score": 150.54747846783326,
      "fallback_s": 88.19999999999926,
      "total_captures": 7,
      "initial_shore_workers": [
        {
          "id": 2,
          "t": 89.09999999999921,
          "cause": "capture"
        },
        {
          "id": 3,
          "t": 94.39999999999891,
          "cause": "capture"
        }
      ]
    },
    {
      "site": 10,
      "strategy": "nursery",
      "score": 151.44602390590444,
      "fallback_s": 0,
      "total_captures": 2,
      "initial_shore_workers": [
        {
          "id": 2,
          "t": 23.400000000000063,
          "cause": "depletion"
        },
        {
          "id": 3,
          "t": 95.79999999999883,
          "cause": "depletion"
        }
      ]
    },
    {
      "site": 10,
      "strategy": "water",
      "score": 153.955774119763,
      "fallback_s": 90.59999999999913,
      "total_captures": 1,
      "initial_shore_workers": [
        {
          "id": 2,
          "t": 90.59999999999913,
          "cause": "depletion"
        },
        {
          "id": 3,
          "t": 137.79999999999646,
          "cause": "capture"
        }
      ]
    }
  ]
}
