Running as unit: run-p939752-i947154.scope; invocation ID: be3e009a80654634bd89b6b7d4131e1b
{"progress": "real-map-EmergencyGuides-m10332-f20332-p1-direct_guide-sitebait1-aeb622e5", "time": 10.0, "bait_deployed": 0.1, "policy_bait_ready": false, "encounter": 0.1, "oracle_handoff": null, "children": 0, "active_guide_id": 1, "guide_alive": true, "active_guide_alive": true, "guided_delivered": 0}
{"progress": "real-map-EmergencyGuides-m10332-f20332-p1-direct_guide-sitebait1-aeb622e5", "time": 20.0, "bait_deployed": 0.1, "policy_bait_ready": false, "encounter": 0.1, "oracle_handoff": null, "children": 0, "active_guide_id": 1, "guide_alive": true, "active_guide_alive": true, "guided_delivered": 0}
{"progress": "real-map-EmergencyGuides-m10332-f20332-p1-direct_guide-sitebait1-aeb622e5", "time": 30.0, "bait_deployed": 0.1, "policy_bait_ready": false, "encounter": 0.1, "oracle_handoff": null, "children": 0, "active_guide_id": 1, "guide_alive": true, "active_guide_alive": true, "guided_delivered": 0}
{"progress": "real-map-EmergencyGuides-m10332-f20332-p1-direct_guide-sitebait1-aeb622e5", "time": 40.0, "bait_deployed": 0.1, "policy_bait_ready": false, "encounter": 0.1, "oracle_handoff": null, "children": 0, "active_guide_id": 1, "guide_alive": true, "active_guide_alive": true, "guided_delivered": 0}
{"progress": "real-map-EmergencyGuides-m10332-f20332-p1-direct_guide-sitebait1-aeb622e5", "time": 50.0, "bait_deployed": 0.1, "policy_bait_ready": false, "encounter": 0.1, "oracle_handoff": null, "children": 0, "active_guide_id": 1, "guide_alive": true, "active_guide_alive": true, "guided_delivered": 0}
{"progress": "real-map-EmergencyGuides-m10332-f20332-p1-direct_guide-sitebait1-aeb622e5", "time": 60.0, "bait_deployed": 0.1, "policy_bait_ready": false, "encounter": 0.1, "oracle_handoff": null, "children": 0, "active_guide_id": 1, "guide_alive": true, "active_guide_alive": true, "guided_delivered": 0}
{"progress": "real-map-EmergencyGuides-m10332-f20332-p1-direct_guide-sitebait1-aeb622e5", "time": 70.0, "bait_deployed": 0.1, "policy_bait_ready": false, "encounter": 0.1, "oracle_handoff": null, "children": 0, "active_guide_id": 1, "guide_alive": true, "active_guide_alive": true, "guided_delivered": 0}
{"progress": "real-map-EmergencyGuides-m10332-f20332-p1-direct_guide-sitebait1-aeb622e5", "time": 80.0, "bait_deployed": 0.1, "policy_bait_ready": false, "encounter": 0.1, "oracle_handoff": null, "children": 0, "active_guide_id": 1, "guide_alive": true, "active_guide_alive": true, "guided_delivered": 0}
{"progress": "real-map-EmergencyGuides-m10332-f20332-p1-direct_guide-sitebait1-aeb622e5", "time": 90.0, "bait_deployed": 0.1, "policy_bait_ready": false, "encounter": 0.1, "oracle_handoff": null, "children": 0, "active_guide_id": 1, "guide_alive": true, "active_guide_alive": true, "guided_delivered": 0}
{"progress": "real-map-EmergencyGuides-m10332-f20332-p1-direct_guide-sitebait1-aeb622e5", "time": 100.0, "bait_deployed": 0.1, "policy_bait_ready": false, "encounter": 0.1, "oracle_handoff": null, "children": 0, "active_guide_id": 1, "guide_alive": true, "active_guide_alive": true, "guided_delivered": 1}
{"progress": "real-map-EmergencyGuides-m10332-f20332-p1-direct_guide-sitebait1-aeb622e5", "time": 110.0, "bait_deployed": 0.1, "policy_bait_ready": false, "encounter": 0.1, "oracle_handoff": null, "children": 0, "active_guide_id": 1, "guide_alive": true, "active_guide_alive": true, "guided_delivered": 1}
{"progress": "real-map-EmergencyGuides-m10332-f20332-p1-direct_guide-sitebait1-aeb622e5", "time": 120.0, "bait_deployed": 0.1, "policy_bait_ready": false, "encounter": 0.1, "oracle_handoff": null, "children": 0, "active_guide_id": 1, "guide_alive": true, "active_guide_alive": true, "guided_delivered": 1}
{"progress": "real-map-EmergencyGuides-m10332-f20332-p1-direct_guide-sitebait1-aeb622e5", "time": 130.0, "bait_deployed": 0.1, "policy_bait_ready": false, "encounter": 0.1, "oracle_handoff": null, "children": 0, "active_guide_id": 1, "guide_alive": true, "active_guide_alive": true, "guided_delivered": 1}
{"progress": "real-map-EmergencyGuides-m10332-f20332-p1-direct_guide-sitebait1-aeb622e5", "time": 140.0, "bait_deployed": 0.1, "policy_bait_ready": false, "encounter": 0.1, "oracle_handoff": null, "children": 0, "active_guide_id": 1, "guide_alive": true, "active_guide_alive": true, "guided_delivered": 1}
{"progress": "real-map-EmergencyGuides-m10332-f20332-p1-direct_guide-sitebait1-aeb622e5", "time": 150.0, "bait_deployed": 0.1, "policy_bait_ready": false, "encounter": 0.1, "oracle_handoff": null, "children": 0, "active_guide_id": 1, "guide_alive": true, "active_guide_alive": true, "guided_delivered": 1}
{"progress": "real-map-EmergencyGuides-m10332-f20332-p1-direct_guide-sitebait1-aeb622e5", "time": 160.0, "bait_deployed": 0.1, "policy_bait_ready": false, "encounter": 0.1, "oracle_handoff": null, "children": 0, "active_guide_id": 1, "guide_alive": false, "active_guide_alive": false, "guided_delivered": 1}
{"progress": "real-map-EmergencyGuides-m10332-f20332-p1-direct_guide-sitebait1-aeb622e5", "time": 170.0, "bait_deployed": 0.1, "policy_bait_ready": false, "encounter": 0.1, "oracle_handoff": null, "children": 0, "active_guide_id": 1, "guide_alive": false, "active_guide_alive": false, "guided_delivered": 1}
{"progress": "real-map-EmergencyGuides-m10332-f20332-p1-direct_guide-sitebait1-aeb622e5", "time": 180.0, "bait_deployed": 0.1, "policy_bait_ready": false, "encounter": 0.1, "oracle_handoff": null, "children": 0, "active_guide_id": 1, "guide_alive": false, "active_guide_alive": false, "guided_delivered": 1}
{"progress": "real-map-EmergencyGuides-m10332-f20332-p1-direct_guide-sitebait1-aeb622e5", "time": 190.0, "bait_deployed": 0.1, "policy_bait_ready": false, "encounter": 0.1, "oracle_handoff": null, "children": 0, "active_guide_id": 1, "guide_alive": false, "active_guide_alive": false, "guided_delivered": 1}
{"progress": "real-map-EmergencyGuides-m10332-f20332-p1-direct_guide-sitebait1-aeb622e5", "time": 200.0, "bait_deployed": 0.1, "policy_bait_ready": false, "encounter": 0.1, "oracle_handoff": null, "children": 0, "active_guide_id": 1, "guide_alive": false, "active_guide_alive": false, "guided_delivered": 1}
{"progress": "real-map-EmergencyGuides-m10332-f20332-p1-direct_guide-sitebait1-aeb622e5", "time": 210.0, "bait_deployed": 0.1, "policy_bait_ready": false, "encounter": 0.1, "oracle_handoff": null, "children": 0, "active_guide_id": 1, "guide_alive": false, "active_guide_alive": false, "guided_delivered": 1}
{"progress": "real-map-EmergencyGuides-m10332-f20332-p1-direct_guide-sitebait1-aeb622e5", "time": 220.0, "bait_deployed": 0.1, "policy_bait_ready": false, "encounter": 0.1, "oracle_handoff": null, "children": 0, "active_guide_id": 1, "guide_alive": false, "active_guide_alive": false, "guided_delivered": 1}
{"progress": "real-map-EmergencyGuides-m10332-f20332-p1-direct_guide-sitebait1-aeb622e5", "time": 230.0, "bait_deployed": 0.1, "policy_bait_ready": false, "encounter": 0.1, "oracle_handoff": null, "children": 0, "active_guide_id": 1, "guide_alive": false, "active_guide_alive": false, "guided_delivered": 1}
{"progress": "real-map-EmergencyGuides-m10332-f20332-p1-direct_guide-sitebait1-aeb622e5", "time": 240.0, "bait_deployed": 0.1, "policy_bait_ready": false, "encounter": 0.1, "oracle_handoff": null, "children": 0, "active_guide_id": 1, "guide_alive": false, "active_guide_alive": false, "guided_delivered": 1}
{"progress": "real-map-EmergencyGuides-m10332-f20332-p1-direct_guide-sitebait1-aeb622e5", "time": 250.0, "bait_deployed": 0.1, "policy_bait_ready": false, "encounter": 0.1, "oracle_handoff": null, "children": 0, "active_guide_id": 1, "guide_alive": false, "active_guide_alive": false, "guided_delivered": 1}
{"progress": "real-map-EmergencyGuides-m10332-f20332-p1-direct_guide-sitebait1-aeb622e5", "time": 260.0, "bait_deployed": 0.1, "policy_bait_ready": false, "encounter": 0.1, "oracle_handoff": null, "children": 0, "active_guide_id": 1, "guide_alive": false, "active_guide_alive": false, "guided_delivered": 1}
{"progress": "real-map-EmergencyGuides-m10332-f20332-p1-direct_guide-sitebait1-aeb622e5", "time": 270.0, "bait_deployed": 0.1, "policy_bait_ready": false, "encounter": 0.1, "oracle_handoff": null, "children": 0, "active_guide_id": 1, "guide_alive": false, "active_guide_alive": false, "guided_delivered": 1}
{"progress": "real-map-EmergencyGuides-m10332-f20332-p1-direct_guide-sitebait1-aeb622e5", "time": 280.0, "bait_deployed": 0.1, "policy_bait_ready": false, "encounter": 0.1, "oracle_handoff": null, "children": 0, "active_guide_id": 1, "guide_alive": false, "active_guide_alive": false, "guided_delivered": 1}
{"progress": "real-map-EmergencyGuides-m10332-f20332-p1-direct_guide-sitebait1-aeb622e5", "time": 290.0, "bait_deployed": 0.1, "policy_bait_ready": false, "encounter": 0.1, "oracle_handoff": null, "children": 0, "active_guide_id": 1, "guide_alive": false, "active_guide_alive": false, "guided_delivered": 1}
{"progress": "real-map-EmergencyGuides-m10332-f20332-p1-direct_guide-sitebait1-aeb622e5", "time": 300.0, "bait_deployed": 0.1, "policy_bait_ready": false, "encounter": 0.1, "oracle_handoff": null, "children": 0, "active_guide_id": 1, "guide_alive": false, "active_guide_alive": false, "guided_delivered": 1}
{"viewer_manifest_refresh": {"status": "deferred", "reason": "bounded-memory runs defer full-replay viewer processing"}}
{
  "schema": "real-map-intake-result-v2",
  "policy": "integrated_guide.policy_v27:EmergencyGuides",
  "policy_hash": "b786cab54310e7e1c2d2fa370f5c59b5697bdddcad4ef2940a9e6b0443aac6dd",
  "harness_hashes": {
    "research/simple_chase/run_streaming_v2.py": "837e02b05d1ba3af71df0949cb30beb18a8b2844f090f8b383c692192c52719a",
    "research/simple_chase/sampling.py": "1efb7d309c4cc79bc87916c1bea72a7845e78d0c2cdf0aeaf9e2a758ceed48ab",
    "research/simple_chase/static_map.py": "197b16cbe9dd2e3dd06b81fe9481986a97bd92d9c2a55f33597cc9b7280faf3c",
    "debugger/streaming_recorder_v2.py": "d5ecda6bb39ec74a9ad86fb20458df5de7f466d73052558af9e2877be3d99b19"
  },
  "mode": "direct_guide",
  "map_seed": 10332,
  "fixture_seed": 20332,
  "static_map_hash": "d4806ef194be0c83205e24bf442076944f717be725d3fccdc0f7f112c0daacb0",
  "site": {
    "mouth": [
      397.9419,
      531.2065
    ],
    "inward": [
      0.0,
      1.0
    ],
    "cross": [
      -1.0,
      0.0
    ],
    "goal": [
      397.9419,
      536.2065
    ],
    "far": [
      397.9419,
      406.2065
    ],
    "hold": [
      397.9419,
      456.2065
    ],
    "gap": 14.1432,
    "overlap": 36.9983,
    "runup": [
      397.9419,
      386.2065
    ],
    "approach_lane_offset": 0.0,
    "offset_approach": false,
    "obstacle_indices": [
      46,
      25
    ],
    "axis": 0,
    "other_mouth": [
      397.9419,
      568.2048
    ],
    "replacement_entry": [
      397.9419,
      588.2048
    ],
    "second_access_clear": true,
    "second_access_radius": 5.01,
    "bait_depth": 5.0,
    "boundary_indices": [],
    "geometric_replacement_access_only": true
  },
  "station_bait": true,
  "requested_seconds": 300.0,
  "seconds": 300.0,
  "reason": "horizon",
  "native_render": true,
  "reproduction_of": null,
  "record_every_ticks": 1,
  "replay_frames": 3001,
  "initial_predators": 1,
  "final_predators_total": 3,
  "tracked_predators_present_final": 1,
  "ambient_predators_spawned": 2,
  "ambient_predators_present_final": 2,
  "agent_energy_refilled": true,
  "predator_state_native": false,
  "predator_dynamics_native_after_setup": true,
  "arranged_adjacent_awake_start": true,
  "bait_id": 0,
  "guide_id": 1,
  "bait_alive": true,
  "guide_alive": false,
  "deaths": [
    {
      "time": 156.8,
      "agent_id": 1,
      "role": "parent_guide"
    }
  ],
  "spawn_requests": [],
  "child_births": [],
  "fruit_consumptions": [
    {
      "time": 3.9,
      "agent_id": 1,
      "x": 287.2304,
      "y": 571.3786
    },
    {
      "time": 5.3,
      "agent_id": 1,
      "x": 342.2975,
      "y": 490.876
    },
    {
      "time": 14.5,
      "agent_id": 1,
      "x": 980.8863,
      "y": 420.878
    },
    {
      "time": 36.4,
      "agent_id": 1,
      "x": 770.7391,
      "y": 745.7814
    },
    {
      "time": 36.7,
      "agent_id": 1,
      "x": 822.6237,
      "y": 740.0888
    },
    {
      "time": 45.3,
      "agent_id": 1,
      "x": 913.2965,
      "y": 926.6196
    },
    {
      "time": 45.8,
      "agent_id": 1,
      "x": 815.8555,
      "y": 904.519
    },
    {
      "time": 45.9,
      "agent_id": 1,
      "x": 808.051,
      "y": 895.3336
    },
    {
      "time": 46.5,
      "agent_id": 1,
      "x": 680.2962,
      "y": 905.6371
    },
    {
      "time": 46.9,
      "agent_id": 1,
      "x": 599.1192,
      "y": 903.9326
    },
    {
      "time": 53.1,
      "agent_id": 1,
      "x": 196.937,
      "y": 1065.8917
    },
    {
      "time": 53.2,
      "agent_id": 1,
      "x": 211.6026,
      "y": 1054.1175
    },
    {
      "time": 55.8,
      "agent_id": 1,
      "x": 509.2839,
      "y": 1071.7086
    },
    {
      "time": 55.9,
      "agent_id": 1,
      "x": 523.004,
      "y": 1074.5698
    },
    {
      "time": 56.4,
      "agent_id": 1,
      "x": 635.2551,
      "y": 1047.7581
    },
    {
      "time": 57.2,
      "agent_id": 1,
      "x": 771.8581,
      "y": 1032.802
    },
    {
      "time": 64.1,
      "agent_id": 1,
      "x": 1169.3728,
      "y": 775.9941
    },
    {
      "time": 64.1,
      "agent_id": 1,
      "x": 1168.1064,
      "y": 776.0942
    },
    {
      "time": 67.9,
      "agent_id": 1,
      "x": 868.2503,
      "y": 566.8376
    },
    {
      "time": 68.1,
      "agent_id": 1,
      "x": 865.0377,
      "y": 535.8304
    },
    {
      "time": 71.1,
      "agent_id": 1,
      "x": 554.4384,
      "y": 360.0864
    },
    {
      "time": 71.5,
      "agent_id": 1,
      "x": 487.8988,
      "y": 316.6058
    },
    {
      "time": 74.2,
      "agent_id": 1,
      "x": 217.5905,
      "y": 171.3739
    },
    {
      "time": 74.3,
      "agent_id": 1,
      "x": 206.4002,
      "y": 159.0219
    },
    {
      "time": 74.6,
      "agent_id": 1,
      "x": 173.3585,
      "y": 133.785
    },
    {
      "time": 77.3,
      "agent_id": 1,
      "x": 438.1791,
      "y": 106.0308
    },
    {
      "time": 81.6,
      "agent_id": 1,
      "x": 953.8101,
      "y": 88.8686
    },
    {
      "time": 84.6,
      "agent_id": 1,
      "x": 1185.4401,
      "y": 137.8151
    },
    {
      "time": 84.6,
      "agent_id": 1,
      "x": 1172.1616,
      "y": 125.6084
    },
    {
      "time": 88.8,
      "agent_id": 1,
      "x": 835.7104,
      "y": 222.8785
    },
    {
      "time": 94.6,
      "agent_id": 1,
      "x": 177.4714,
      "y": 260.1143
    },
    {
      "time": 94.9,
      "agent_id": 1,
      "x": 140.2842,
      "y": 253.5931
    },
    {
      "time": 96.0,
      "agent_id": 1,
      "x": 107.6687,
      "y": 339.9883
    },
    {
      "time": 96.1,
      "agent_id": 1,
      "x": 96.3318,
      "y": 343.7976
    },
    {
      "time": 96.1,
      "agent_id": 1,
      "x": 93.532,
      "y": 344.1844
    },
    {
      "time": 96.4,
      "agent_id": 1,
      "x": 109.6286,
      "y": 365.2359
    },
    {
      "time": 97.0,
      "agent_id": 1,
      "x": 133.0337,
      "y": 408.2706
    },
    {
      "time": 99.6,
      "agent_id": 1,
      "x": 493.1989,
      "y": 390.085
    },
    {
      "time": 99.6,
      "agent_id": 1,
      "x": 495.675,
      "y": 393.3842
    },
    {
      "time": 102.8,
      "agent_id": 1,
      "x": 877.0644,
      "y": 408.2623
    },
    {
      "time": 106.1,
      "agent_id": 1,
      "x": 1200.4763,
      "y": 407.8044
    },
    {
      "time": 106.3,
      "agent_id": 1,
      "x": 1215.1024,
      "y": 435.1011
    },
    {
      "time": 109.5,
      "agent_id": 1,
      "x": 1253.1765,
      "y": 570.6722
    },
    {
      "time": 111.7,
      "agent_id": 1,
      "x": 1028.8167,
      "y": 583.3623
    },
    {
      "time": 114.1,
      "agent_id": 1,
      "x": 790.7475,
      "y": 577.7268
    },
    {
      "time": 114.5,
      "agent_id": 1,
      "x": 763.6429,
      "y": 589.1081
    }
  ],
  "parent_fruit_consumed_before_tracked_encounter": 0,
  "tracked_encounter_times": [
    0.1
  ],
  "conditional_delivery_denominator": true,
  "conditional_delivery_status": "not_applicable",
  "setup_oracle": false,
  "setup_oracle_target": null,
  "setup_oracle_ticks": 0,
  "setup_oracle_routing": null,
  "setup_oracle_route_resets": 0,
  "setup_oracle_policy_reset_before_handoff_act": false,
  "setup_oracle_handoff_time": null,
  "dynamic_action_privilege_ended_at": null,
  "target_switches": [
    {
      "time": 0.1,
      "tracked_predator_slot": 0,
      "target": 1
    },
    {
      "time": 5.5,
      "tracked_predator_slot": 0,
      "target": null
    },
    {
      "time": 6.2,
      "tracked_predator_slot": 0,
      "target": 1
    },
    {
      "time": 6.3,
      "tracked_predator_slot": 0,
      "target": null
    },
    {
      "time": 6.4,
      "tracked_predator_slot": 0,
      "target": 0
    },
    {
      "time": 6.7,
      "tracked_predator_slot": 0,
      "target": null
    },
    {
      "time": 14.0,
      "tracked_predator_slot": 0,
      "target": "resting"
    },
    {
      "time": 17.5,
      "tracked_predator_slot": 0,
      "target": null
    },
    {
      "time": 35.7,
      "tracked_predator_slot": 0,
      "target": "resting"
    },
    {
      "time": 39.2,
      "tracked_predator_slot": 0,
      "target": null
    },
    {
      "time": 56.7,
      "tracked_predator_slot": 0,
      "target": "resting"
    },
    {
      "time": 60.2,
      "tracked_predator_slot": 0,
      "target": null
    },
    {
      "time": 78.4,
      "tracked_predator_slot": 0,
      "target": "resting"
    },
    {
      "time": 81.9,
      "tracked_predator_slot": 0,
      "target": null
    },
    {
      "time": 90.5,
      "tracked_predator_slot": 0,
      "target": 1
    },
    {
      "time": 92.3,
      "tracked_predator_slot": 0,
      "target": null
    },
    {
      "time": 97.3,
      "tracked_predator_slot": 0,
      "target": 0
    },
    {
      "time": 98.0,
      "tracked_predator_slot": 0,
      "target": "resting"
    },
    {
      "time": 101.5,
      "tracked_predator_slot": 0,
      "target": 0
    },
    {
      "time": 110.8,
      "tracked_predator_slot": 0,
      "target": "resting"
    },
    {
      "time": 114.3,
      "tracked_predator_slot": 0,
      "target": 0
    },
    {
      "time": 123.5,
      "tracked_predator_slot": 0,
      "target": "resting"
    },
    {
      "time": 127.0,
      "tracked_predator_slot": 0,
      "target": 0
    },
    {
      "time": 136.2,
      "tracked_predator_slot": 0,
      "target": "resting"
    },
    {
      "time": 139.7,
      "tracked_predator_slot": 0,
      "target": 0
    },
    {
      "time": 148.9,
      "tracked_predator_slot": 0,
      "target": "resting"
    },
    {
      "time": 152.4,
      "tracked_predator_slot": 0,
      "target": 0
    },
    {
      "time": 161.7,
      "tracked_predator_slot": 0,
      "target": "resting"
    },
    {
      "time": 165.2,
      "tracked_predator_slot": 0,
      "target": 0
    },
    {
      "time": 174.4,
      "tracked_predator_slot": 0,
      "target": "resting"
    },
    {
      "time": 177.9,
      "tracked_predator_slot": 0,
      "target": 0
    },
    {
      "time": 187.1,
      "tracked_predator_slot": 0,
      "target": "resting"
    },
    {
      "time": 190.6,
      "tracked_predator_slot": 0,
      "target": 0
    },
    {
      "time": 199.8,
      "tracked_predator_slot": 0,
      "target": "resting"
    },
    {
      "time": 203.3,
      "tracked_predator_slot": 0,
      "target": 0
    },
    {
      "time": 212.6,
      "tracked_predator_slot": 0,
      "target": "resting"
    },
    {
      "time": 216.1,
      "tracked_predator_slot": 0,
      "target": 0
    },
    {
      "time": 225.3,
      "tracked_predator_slot": 0,
      "target": "resting"
    },
    {
      "time": 228.8,
      "tracked_predator_slot": 0,
      "target": 0
    },
    {
      "time": 238.0,
      "tracked_predator_slot": 0,
      "target": "resting"
    },
    {
      "time": 241.5,
      "tracked_predator_slot": 0,
      "target": 0
    },
    {
      "time": 250.7,
      "tracked_predator_slot": 0,
      "target": "resting"
    },
    {
      "time": 254.2,
      "tracked_predator_slot": 0,
      "target": 0
    },
    {
      "time": 263.5,
      "tracked_predator_slot": 0,
      "target": "resting"
    },
    {
      "time": 267.0,
      "tracked_predator_slot": 0,
      "target": 0
    },
    {
      "time": 276.2,
      "tracked_predator_slot": 0,
      "target": "resting"
    },
    {
      "time": 279.7,
      "tracked_predator_slot": 0,
      "target": 0
    },
    {
      "time": 289.0,
      "tracked_predator_slot": 0,
      "target": "resting"
    },
    {
      "time": 292.5,
      "tracked_predator_slot": 0,
      "target": 0
    }
  ],
  "guide_role_trace": [
    {
      "time": 0,
      "active_guide_id": 1
    }
  ],
  "guide_follow_trace": [
    {
      "time": 0.1,
      "active_guide_id": 1,
      "tracked_predator_slot": 0
    }
  ],
  "guide_role": "parent",
  "parent_role": "guide",
  "child_role": "gather_evade",
  "active_guide_id_final": 1,
  "active_guide_alive_final": false,
  "guide_role_ids": [
    1
  ],
  "bait_deployed_at": 0.1,
  "policy_bait_ready_final": false,
  "bait_left_after_deployment": null,
  "final_bait_distance_to_goal": 0.0,
  "first_guide_predator_observation": 0.1,
  "first_predator_following_guide": 0.1,
  "first_predator_following_active_guide": 0.1,
  "tracked_seen_by_guide": 1,
  "tracked_followed_active_guide": 1,
  "physical_entered": 1,
  "guided_delivered": 1,
  "physical_losses_after_delivery": 0,
  "target_losses_after_delivery": 0,
  "physical_entry_times": [
    97.1
  ],
  "guided_delivery_times": [
    97.3
  ],
  "loss_times": [
    null
  ],
  "target_loss_times": [
    null
  ],
  "tail_seconds": 30.0,
  "tail_physical_min": 1,
  "tail_contained_min": 1,
  "final_distance_from_mouth": [
    20.6763
  ],
  "max_distance_after_delivery": [
    28.8092
  ],
  "policy_events": [],
  "success": true,
  "replay": "results/simple_chase/replays/real-map-EmergencyGuides-m10332-f20332-p1-direct_guide-sitebait1-aeb622e5.json.gz"
}
/home/Ucals/projects/NordicCupAI-wall-funneling/survival-simulator/oscar-trap-research/survival/results/simple_chase/real-map-EmergencyGuides-m10332-f20332-p1-direct_guide-sitebait1-aeb622e5.json
