Running as unit: run-p912837-i908108.scope; invocation ID: 8288f0d53ccc40419582624c31646a39
{"progress": "real-map-EmergencyGuides-m10325-f20325-p1-direct_guide-sitebait1-ba9099f5", "time": 10.0, "bait_deployed": 0.1, "policy_bait_ready": false, "encounter": 0.1, "oracle_handoff": null, "children": 0, "active_guide_id": 1, "guide_alive": true, "active_guide_alive": true, "guided_delivered": 0}
{"progress": "real-map-EmergencyGuides-m10325-f20325-p1-direct_guide-sitebait1-ba9099f5", "time": 20.0, "bait_deployed": 0.1, "policy_bait_ready": false, "encounter": 0.1, "oracle_handoff": null, "children": 8, "active_guide_id": 4, "guide_alive": true, "active_guide_alive": true, "guided_delivered": 0}
{"progress": "real-map-EmergencyGuides-m10325-f20325-p1-direct_guide-sitebait1-ba9099f5", "time": 30.0, "bait_deployed": 0.1, "policy_bait_ready": false, "encounter": 0.1, "oracle_handoff": null, "children": 8, "active_guide_id": 8, "guide_alive": true, "active_guide_alive": true, "guided_delivered": 0}
{"progress": "real-map-EmergencyGuides-m10325-f20325-p1-direct_guide-sitebait1-ba9099f5", "time": 40.0, "bait_deployed": 0.1, "policy_bait_ready": false, "encounter": 0.1, "oracle_handoff": null, "children": 8, "active_guide_id": 9, "guide_alive": false, "active_guide_alive": true, "guided_delivered": 0}
{"progress": "real-map-EmergencyGuides-m10325-f20325-p1-direct_guide-sitebait1-ba9099f5", "time": 50.0, "bait_deployed": 0.1, "policy_bait_ready": false, "encounter": 0.1, "oracle_handoff": null, "children": 8, "active_guide_id": 8, "guide_alive": false, "active_guide_alive": true, "guided_delivered": 0}
{"progress": "real-map-EmergencyGuides-m10325-f20325-p1-direct_guide-sitebait1-ba9099f5", "time": 60.0, "bait_deployed": 0.1, "policy_bait_ready": false, "encounter": 0.1, "oracle_handoff": null, "children": 8, "active_guide_id": 8, "guide_alive": false, "active_guide_alive": true, "guided_delivered": 0}
{"progress": "real-map-EmergencyGuides-m10325-f20325-p1-direct_guide-sitebait1-ba9099f5", "time": 70.0, "bait_deployed": 0.1, "policy_bait_ready": false, "encounter": 0.1, "oracle_handoff": null, "children": 8, "active_guide_id": 5, "guide_alive": false, "active_guide_alive": true, "guided_delivered": 0}
{"progress": "real-map-EmergencyGuides-m10325-f20325-p1-direct_guide-sitebait1-ba9099f5", "time": 80.0, "bait_deployed": 0.1, "policy_bait_ready": false, "encounter": 0.1, "oracle_handoff": null, "children": 8, "active_guide_id": 9, "guide_alive": false, "active_guide_alive": true, "guided_delivered": 0}
{"progress": "real-map-EmergencyGuides-m10325-f20325-p1-direct_guide-sitebait1-ba9099f5", "time": 90.0, "bait_deployed": 0.1, "policy_bait_ready": false, "encounter": 0.1, "oracle_handoff": null, "children": 8, "active_guide_id": 9, "guide_alive": false, "active_guide_alive": true, "guided_delivered": 0}
{"progress": "real-map-EmergencyGuides-m10325-f20325-p1-direct_guide-sitebait1-ba9099f5", "time": 100.0, "bait_deployed": 0.1, "policy_bait_ready": false, "encounter": 0.1, "oracle_handoff": null, "children": 8, "active_guide_id": 9, "guide_alive": false, "active_guide_alive": true, "guided_delivered": 0}
{"progress": "real-map-EmergencyGuides-m10325-f20325-p1-direct_guide-sitebait1-ba9099f5", "time": 110.0, "bait_deployed": 0.1, "policy_bait_ready": false, "encounter": 0.1, "oracle_handoff": null, "children": 8, "active_guide_id": 9, "guide_alive": false, "active_guide_alive": true, "guided_delivered": 0}
{"progress": "real-map-EmergencyGuides-m10325-f20325-p1-direct_guide-sitebait1-ba9099f5", "time": 120.0, "bait_deployed": 0.1, "policy_bait_ready": false, "encounter": 0.1, "oracle_handoff": null, "children": 8, "active_guide_id": 9, "guide_alive": false, "active_guide_alive": true, "guided_delivered": 0}
{"progress": "real-map-EmergencyGuides-m10325-f20325-p1-direct_guide-sitebait1-ba9099f5", "time": 130.0, "bait_deployed": 0.1, "policy_bait_ready": false, "encounter": 0.1, "oracle_handoff": null, "children": 8, "active_guide_id": 9, "guide_alive": false, "active_guide_alive": true, "guided_delivered": 0}
{"progress": "real-map-EmergencyGuides-m10325-f20325-p1-direct_guide-sitebait1-ba9099f5", "time": 140.0, "bait_deployed": 0.1, "policy_bait_ready": false, "encounter": 0.1, "oracle_handoff": null, "children": 8, "active_guide_id": 9, "guide_alive": false, "active_guide_alive": true, "guided_delivered": 0}
{"progress": "real-map-EmergencyGuides-m10325-f20325-p1-direct_guide-sitebait1-ba9099f5", "time": 150.0, "bait_deployed": 0.1, "policy_bait_ready": false, "encounter": 0.1, "oracle_handoff": null, "children": 8, "active_guide_id": 9, "guide_alive": false, "active_guide_alive": true, "guided_delivered": 0}
{"progress": "real-map-EmergencyGuides-m10325-f20325-p1-direct_guide-sitebait1-ba9099f5", "time": 160.0, "bait_deployed": 0.1, "policy_bait_ready": false, "encounter": 0.1, "oracle_handoff": null, "children": 8, "active_guide_id": 9, "guide_alive": false, "active_guide_alive": true, "guided_delivered": 0}
{"progress": "real-map-EmergencyGuides-m10325-f20325-p1-direct_guide-sitebait1-ba9099f5", "time": 170.0, "bait_deployed": 0.1, "policy_bait_ready": false, "encounter": 0.1, "oracle_handoff": null, "children": 8, "active_guide_id": 9, "guide_alive": false, "active_guide_alive": true, "guided_delivered": 0}
{"progress": "real-map-EmergencyGuides-m10325-f20325-p1-direct_guide-sitebait1-ba9099f5", "time": 180.0, "bait_deployed": 0.1, "policy_bait_ready": false, "encounter": 0.1, "oracle_handoff": null, "children": 8, "active_guide_id": 9, "guide_alive": false, "active_guide_alive": true, "guided_delivered": 0}
{"progress": "real-map-EmergencyGuides-m10325-f20325-p1-direct_guide-sitebait1-ba9099f5", "time": 190.0, "bait_deployed": 0.1, "policy_bait_ready": false, "encounter": 0.1, "oracle_handoff": null, "children": 8, "active_guide_id": 9, "guide_alive": false, "active_guide_alive": true, "guided_delivered": 0}
{"progress": "real-map-EmergencyGuides-m10325-f20325-p1-direct_guide-sitebait1-ba9099f5", "time": 200.0, "bait_deployed": 0.1, "policy_bait_ready": false, "encounter": 0.1, "oracle_handoff": null, "children": 8, "active_guide_id": 9, "guide_alive": false, "active_guide_alive": true, "guided_delivered": 0}
{"progress": "real-map-EmergencyGuides-m10325-f20325-p1-direct_guide-sitebait1-ba9099f5", "time": 210.0, "bait_deployed": 0.1, "policy_bait_ready": false, "encounter": 0.1, "oracle_handoff": null, "children": 8, "active_guide_id": 9, "guide_alive": false, "active_guide_alive": true, "guided_delivered": 0}
{"progress": "real-map-EmergencyGuides-m10325-f20325-p1-direct_guide-sitebait1-ba9099f5", "time": 220.0, "bait_deployed": 0.1, "policy_bait_ready": false, "encounter": 0.1, "oracle_handoff": null, "children": 8, "active_guide_id": 9, "guide_alive": false, "active_guide_alive": true, "guided_delivered": 0}
{"progress": "real-map-EmergencyGuides-m10325-f20325-p1-direct_guide-sitebait1-ba9099f5", "time": 230.0, "bait_deployed": 0.1, "policy_bait_ready": false, "encounter": 0.1, "oracle_handoff": null, "children": 8, "active_guide_id": 9, "guide_alive": false, "active_guide_alive": true, "guided_delivered": 0}
{"progress": "real-map-EmergencyGuides-m10325-f20325-p1-direct_guide-sitebait1-ba9099f5", "time": 240.0, "bait_deployed": 0.1, "policy_bait_ready": false, "encounter": 0.1, "oracle_handoff": null, "children": 8, "active_guide_id": 9, "guide_alive": false, "active_guide_alive": true, "guided_delivered": 0}
{"progress": "real-map-EmergencyGuides-m10325-f20325-p1-direct_guide-sitebait1-ba9099f5", "time": 250.0, "bait_deployed": 0.1, "policy_bait_ready": false, "encounter": 0.1, "oracle_handoff": null, "children": 8, "active_guide_id": 9, "guide_alive": false, "active_guide_alive": true, "guided_delivered": 0}
{"progress": "real-map-EmergencyGuides-m10325-f20325-p1-direct_guide-sitebait1-ba9099f5", "time": 260.0, "bait_deployed": 0.1, "policy_bait_ready": false, "encounter": 0.1, "oracle_handoff": null, "children": 8, "active_guide_id": 9, "guide_alive": false, "active_guide_alive": true, "guided_delivered": 0}
{"progress": "real-map-EmergencyGuides-m10325-f20325-p1-direct_guide-sitebait1-ba9099f5", "time": 270.0, "bait_deployed": 0.1, "policy_bait_ready": false, "encounter": 0.1, "oracle_handoff": null, "children": 8, "active_guide_id": 9, "guide_alive": false, "active_guide_alive": true, "guided_delivered": 0}
{"progress": "real-map-EmergencyGuides-m10325-f20325-p1-direct_guide-sitebait1-ba9099f5", "time": 280.0, "bait_deployed": 0.1, "policy_bait_ready": false, "encounter": 0.1, "oracle_handoff": null, "children": 8, "active_guide_id": 9, "guide_alive": false, "active_guide_alive": true, "guided_delivered": 0}
{"progress": "real-map-EmergencyGuides-m10325-f20325-p1-direct_guide-sitebait1-ba9099f5", "time": 290.0, "bait_deployed": 0.1, "policy_bait_ready": false, "encounter": 0.1, "oracle_handoff": null, "children": 8, "active_guide_id": 9, "guide_alive": false, "active_guide_alive": true, "guided_delivered": 0}
{"progress": "real-map-EmergencyGuides-m10325-f20325-p1-direct_guide-sitebait1-ba9099f5", "time": 300.0, "bait_deployed": 0.1, "policy_bait_ready": false, "encounter": 0.1, "oracle_handoff": null, "children": 8, "active_guide_id": 9, "guide_alive": false, "active_guide_alive": true, "guided_delivered": 0}
{"viewer_manifest_refresh": {"status": "deferred", "reason": "bounded-memory runs defer full-replay viewer processing"}}
{
  "schema": "real-map-intake-result-v2",
  "policy": "integrated_guide.policy_v27:EmergencyGuides",
  "policy_hash": "b786cab54310e7e1c2d2fa370f5c59b5697bdddcad4ef2940a9e6b0443aac6dd",
  "harness_hashes": {
    "research/simple_chase/run_streaming_v2.py": "837e02b05d1ba3af71df0949cb30beb18a8b2844f090f8b383c692192c52719a",
    "research/simple_chase/sampling.py": "1efb7d309c4cc79bc87916c1bea72a7845e78d0c2cdf0aeaf9e2a758ceed48ab",
    "research/simple_chase/static_map.py": "197b16cbe9dd2e3dd06b81fe9481986a97bd92d9c2a55f33597cc9b7280faf3c",
    "debugger/streaming_recorder_v2.py": "d5ecda6bb39ec74a9ad86fb20458df5de7f466d73052558af9e2877be3d99b19"
  },
  "mode": "direct_guide",
  "map_seed": 10325,
  "fixture_seed": 20325,
  "static_map_hash": "bb83daabdabbef4bbd08d9ff2601a8dba894388528190b517e909cdd737066d3",
  "site": {
    "mouth": [
      168.2381,
      510.603
    ],
    "inward": [
      0.0,
      -1.0
    ],
    "cross": [
      1.0,
      0.0
    ],
    "goal": [
      168.2381,
      505.603
    ],
    "far": [
      168.2381,
      635.603
    ],
    "hold": [
      168.2381,
      585.603
    ],
    "gap": 15.8695,
    "overlap": 73.2794,
    "runup": [
      168.2381,
      760.603
    ],
    "approach_lane_offset": 0.0,
    "offset_approach": false,
    "obstacle_indices": [
      80,
      37
    ],
    "axis": 0,
    "other_mouth": [
      168.2381,
      437.3236
    ],
    "replacement_entry": [
      168.2381,
      417.3236
    ],
    "second_access_clear": true,
    "second_access_radius": 5.01,
    "bait_depth": 5.0,
    "boundary_indices": [],
    "geometric_replacement_access_only": true
  },
  "station_bait": true,
  "requested_seconds": 300.0,
  "seconds": 300.0,
  "reason": "horizon",
  "native_render": true,
  "reproduction_of": null,
  "record_every_ticks": 1,
  "replay_frames": 3001,
  "initial_predators": 1,
  "final_predators_total": 3,
  "tracked_predators_present_final": 1,
  "ambient_predators_spawned": 2,
  "ambient_predators_present_final": 2,
  "agent_energy_refilled": true,
  "predator_state_native": false,
  "predator_dynamics_native_after_setup": true,
  "arranged_adjacent_awake_start": true,
  "bait_id": 0,
  "guide_id": 1,
  "bait_alive": true,
  "guide_alive": false,
  "deaths": [
    {
      "time": 19.0,
      "agent_id": 2,
      "role": "native_child"
    },
    {
      "time": 20.6,
      "agent_id": 4,
      "role": "native_child"
    },
    {
      "time": 31.8,
      "agent_id": 1,
      "role": "parent_guide"
    },
    {
      "time": 31.8,
      "agent_id": 3,
      "role": "native_child"
    },
    {
      "time": 31.8,
      "agent_id": 6,
      "role": "native_child"
    },
    {
      "time": 31.8,
      "agent_id": 7,
      "role": "native_child"
    }
  ],
  "spawn_requests": [
    {
      "time": 18.9,
      "parent_id": 1
    },
    {
      "time": 19.0,
      "parent_id": 1
    },
    {
      "time": 19.1,
      "parent_id": 1
    },
    {
      "time": 19.2,
      "parent_id": 1
    },
    {
      "time": 19.3,
      "parent_id": 3
    },
    {
      "time": 19.4,
      "parent_id": 3
    },
    {
      "time": 19.5,
      "parent_id": 3
    },
    {
      "time": 19.6,
      "parent_id": 3
    }
  ],
  "child_births": [
    {
      "time": 18.9,
      "child_id": 2,
      "x": 231.2767,
      "y": 738.7274,
      "requesting_parent_ids": [
        1
      ],
      "native_parent_proximity_spawn": true
    },
    {
      "time": 19.0,
      "child_id": 3,
      "x": 199.2163,
      "y": 743.8592,
      "requesting_parent_ids": [
        1
      ],
      "native_parent_proximity_spawn": true
    },
    {
      "time": 19.1,
      "child_id": 4,
      "x": 177.5037,
      "y": 760.2796,
      "requesting_parent_ids": [
        1
      ],
      "native_parent_proximity_spawn": true
    },
    {
      "time": 19.2,
      "child_id": 5,
      "x": 163.352,
      "y": 744.0128,
      "requesting_parent_ids": [
        1
      ],
      "native_parent_proximity_spawn": true
    },
    {
      "time": 19.3,
      "child_id": 6,
      "x": 151.6555,
      "y": 687.7965,
      "requesting_parent_ids": [
        3
      ],
      "native_parent_proximity_spawn": true
    },
    {
      "time": 19.4,
      "child_id": 7,
      "x": 122.8039,
      "y": 696.7187,
      "requesting_parent_ids": [
        3
      ],
      "native_parent_proximity_spawn": true
    },
    {
      "time": 19.5,
      "child_id": 8,
      "x": 147.034,
      "y": 702.2785,
      "requesting_parent_ids": [
        3
      ],
      "native_parent_proximity_spawn": true
    },
    {
      "time": 19.6,
      "child_id": 9,
      "x": 168.2058,
      "y": 680.2843,
      "requesting_parent_ids": [
        3
      ],
      "native_parent_proximity_spawn": true
    }
  ],
  "fruit_consumptions": [
    {
      "time": 9.2,
      "agent_id": 1,
      "x": 499.4956,
      "y": 675.8214
    },
    {
      "time": 19.3,
      "agent_id": 5,
      "x": 158.1027,
      "y": 753.0903
    },
    {
      "time": 41.0,
      "agent_id": 9,
      "x": 366.1711,
      "y": 669.2497
    },
    {
      "time": 52.1,
      "agent_id": 8,
      "x": 130.1588,
      "y": 739.2828
    },
    {
      "time": 56.2,
      "agent_id": 9,
      "x": 196.9405,
      "y": 775.9114
    },
    {
      "time": 57.7,
      "agent_id": 9,
      "x": 148.8272,
      "y": 748.4685
    },
    {
      "time": 76.5,
      "agent_id": 8,
      "x": 190.1632,
      "y": 660.0488
    },
    {
      "time": 77.2,
      "agent_id": 8,
      "x": 206.9727,
      "y": 575.59
    },
    {
      "time": 77.2,
      "agent_id": 8,
      "x": 205.7332,
      "y": 586.9797
    }
  ],
  "parent_fruit_consumed_before_tracked_encounter": 0,
  "tracked_encounter_times": [
    0.1
  ],
  "conditional_delivery_denominator": true,
  "conditional_delivery_status": "not_applicable",
  "setup_oracle": false,
  "setup_oracle_target": null,
  "setup_oracle_ticks": 0,
  "setup_oracle_routing": null,
  "setup_oracle_route_resets": 0,
  "setup_oracle_policy_reset_before_handoff_act": false,
  "setup_oracle_handoff_time": null,
  "dynamic_action_privilege_ended_at": null,
  "target_switches": [
    {
      "time": 0.1,
      "tracked_predator_slot": 0,
      "target": 1
    },
    {
      "time": 2.2,
      "tracked_predator_slot": 0,
      "target": null
    },
    {
      "time": 2.3,
      "tracked_predator_slot": 0,
      "target": 1
    },
    {
      "time": 2.4,
      "tracked_predator_slot": 0,
      "target": null
    },
    {
      "time": 2.5,
      "tracked_predator_slot": 0,
      "target": 1
    },
    {
      "time": 2.7,
      "tracked_predator_slot": 0,
      "target": null
    },
    {
      "time": 3.7,
      "tracked_predator_slot": 0,
      "target": 1
    },
    {
      "time": 3.8,
      "tracked_predator_slot": 0,
      "target": null
    },
    {
      "time": 5.3,
      "tracked_predator_slot": 0,
      "target": 1
    },
    {
      "time": 13.8,
      "tracked_predator_slot": 0,
      "target": null
    },
    {
      "time": 13.9,
      "tracked_predator_slot": 0,
      "target": 1
    },
    {
      "time": 14.3,
      "tracked_predator_slot": 0,
      "target": null
    },
    {
      "time": 14.5,
      "tracked_predator_slot": 0,
      "target": 1
    },
    {
      "time": 14.6,
      "tracked_predator_slot": 0,
      "target": null
    },
    {
      "time": 14.7,
      "tracked_predator_slot": 0,
      "target": "resting"
    },
    {
      "time": 18.2,
      "tracked_predator_slot": 0,
      "target": 1
    },
    {
      "time": 19.1,
      "tracked_predator_slot": 0,
      "target": 3
    },
    {
      "time": 19.3,
      "tracked_predator_slot": 0,
      "target": 4
    },
    {
      "time": 19.4,
      "tracked_predator_slot": 0,
      "target": 5
    },
    {
      "time": 19.7,
      "tracked_predator_slot": 0,
      "target": 4
    },
    {
      "time": 20.2,
      "tracked_predator_slot": 0,
      "target": 1
    },
    {
      "time": 20.5,
      "tracked_predator_slot": 0,
      "target": 5
    },
    {
      "time": 20.6,
      "tracked_predator_slot": 0,
      "target": 1
    },
    {
      "time": 20.7,
      "tracked_predator_slot": 0,
      "target": 3
    },
    {
      "time": 20.8,
      "tracked_predator_slot": 0,
      "target": 6
    },
    {
      "time": 20.9,
      "tracked_predator_slot": 0,
      "target": 3
    },
    {
      "time": 21.1,
      "tracked_predator_slot": 0,
      "target": 9
    },
    {
      "time": 21.5,
      "tracked_predator_slot": 0,
      "target": 7
    },
    {
      "time": 21.6,
      "tracked_predator_slot": 0,
      "target": 9
    },
    {
      "time": 22.2,
      "tracked_predator_slot": 0,
      "target": 5
    },
    {
      "time": 22.3,
      "tracked_predator_slot": 0,
      "target": 1
    },
    {
      "time": 22.5,
      "tracked_predator_slot": 0,
      "target": 9
    },
    {
      "time": 22.6,
      "tracked_predator_slot": 0,
      "target": 5
    },
    {
      "time": 22.7,
      "tracked_predator_slot": 0,
      "target": 9
    },
    {
      "time": 22.8,
      "tracked_predator_slot": 0,
      "target": 6
    },
    {
      "time": 22.9,
      "tracked_predator_slot": 0,
      "target": 7
    },
    {
      "time": 23.0,
      "tracked_predator_slot": 0,
      "target": 3
    },
    {
      "time": 23.1,
      "tracked_predator_slot": 0,
      "target": 7
    },
    {
      "time": 23.2,
      "tracked_predator_slot": 0,
      "target": 6
    },
    {
      "time": 23.4,
      "tracked_predator_slot": 0,
      "target": 5
    },
    {
      "time": 23.5,
      "tracked_predator_slot": 0,
      "target": 6
    },
    {
      "time": 24.0,
      "tracked_predator_slot": 0,
      "target": 9
    },
    {
      "time": 24.4,
      "tracked_predator_slot": 0,
      "target": 8
    },
    {
      "time": 24.6,
      "tracked_predator_slot": 0,
      "target": 5
    },
    {
      "time": 24.8,
      "tracked_predator_slot": 0,
      "target": 8
    },
    {
      "time": 25.0,
      "tracked_predator_slot": 0,
      "target": 5
    },
    {
      "time": 25.2,
      "tracked_predator_slot": 0,
      "target": 7
    },
    {
      "time": 25.3,
      "tracked_predator_slot": 0,
      "target": 1
    },
    {
      "time": 25.4,
      "tracked_predator_slot": 0,
      "target": 6
    },
    {
      "time": 25.6,
      "tracked_predator_slot": 0,
      "target": 1
    },
    {
      "time": 26.1,
      "tracked_predator_slot": 0,
      "target": 8
    },
    {
      "time": 26.2,
      "tracked_predator_slot": 0,
      "target": 5
    },
    {
      "time": 26.3,
      "tracked_predator_slot": 0,
      "target": 6
    },
    {
      "time": 27.1,
      "tracked_predator_slot": 0,
      "target": 3
    },
    {
      "time": 27.4,
      "tracked_predator_slot": 0,
      "target": 9
    },
    {
      "time": 27.7,
      "tracked_predator_slot": 0,
      "target": 6
    },
    {
      "time": 27.8,
      "tracked_predator_slot": 0,
      "target": 8
    },
    {
      "time": 27.9,
      "tracked_predator_slot": 0,
      "target": 9
    },
    {
      "time": 28.0,
      "tracked_predator_slot": 0,
      "target": 8
    },
    {
      "time": 28.1,
      "tracked_predator_slot": 0,
      "target": 9
    },
    {
      "time": 28.7,
      "tracked_predator_slot": 0,
      "target": 8
    },
    {
      "time": 30.1,
      "tracked_predator_slot": 0,
      "target": 9
    },
    {
      "time": 30.2,
      "tracked_predator_slot": 0,
      "target": 8
    },
    {
      "time": 30.3,
      "tracked_predator_slot": 0,
      "target": 9
    },
    {
      "time": 30.4,
      "tracked_predator_slot": 0,
      "target": 8
    },
    {
      "time": 30.7,
      "tracked_predator_slot": 0,
      "target": 9
    },
    {
      "time": 30.9,
      "tracked_predator_slot": 0,
      "target": 7
    },
    {
      "time": 31.1,
      "tracked_predator_slot": 0,
      "target": 3
    },
    {
      "time": 31.3,
      "tracked_predator_slot": 0,
      "target": 5
    },
    {
      "time": 31.4,
      "tracked_predator_slot": 0,
      "target": 6
    },
    {
      "time": 31.8,
      "tracked_predator_slot": 0,
      "target": 8
    },
    {
      "time": 31.9,
      "tracked_predator_slot": 0,
      "target": 0
    },
    {
      "time": 32.4,
      "tracked_predator_slot": 0,
      "target": 5
    },
    {
      "time": 32.5,
      "tracked_predator_slot": 0,
      "target": 9
    },
    {
      "time": 32.7,
      "tracked_predator_slot": 0,
      "target": null
    },
    {
      "time": 33.1,
      "tracked_predator_slot": 0,
      "target": 9
    },
    {
      "time": 33.3,
      "tracked_predator_slot": 0,
      "target": null
    },
    {
      "time": 33.4,
      "tracked_predator_slot": 0,
      "target": 9
    },
    {
      "time": 33.5,
      "tracked_predator_slot": 0,
      "target": 5
    },
    {
      "time": 33.6,
      "tracked_predator_slot": 0,
      "target": 9
    },
    {
      "time": 33.8,
      "tracked_predator_slot": 0,
      "target": null
    },
    {
      "time": 33.9,
      "tracked_predator_slot": 0,
      "target": 8
    },
    {
      "time": 34.0,
      "tracked_predator_slot": 0,
      "target": null
    },
    {
      "time": 34.6,
      "tracked_predator_slot": 0,
      "target": 9
    },
    {
      "time": 35.2,
      "tracked_predator_slot": 0,
      "target": 5
    },
    {
      "time": 35.6,
      "tracked_predator_slot": 0,
      "target": 8
    },
    {
      "time": 35.8,
      "tracked_predator_slot": 0,
      "target": 9
    },
    {
      "time": 35.9,
      "tracked_predator_slot": 0,
      "target": 8
    },
    {
      "time": 36.0,
      "tracked_predator_slot": 0,
      "target": 9
    },
    {
      "time": 36.3,
      "tracked_predator_slot": 0,
      "target": 8
    },
    {
      "time": 37.5,
      "tracked_predator_slot": 0,
      "target": 9
    },
    {
      "time": 37.8,
      "tracked_predator_slot": 0,
      "target": 5
    },
    {
      "time": 38.2,
      "tracked_predator_slot": 0,
      "target": null
    },
    {
      "time": 38.7,
      "tracked_predator_slot": 0,
      "target": 9
    },
    {
      "time": 38.9,
      "tracked_predator_slot": 0,
      "target": null
    },
    {
      "time": 41.6,
      "tracked_predator_slot": 0,
      "target": 9
    },
    {
      "time": 42.2,
      "tracked_predator_slot": 0,
      "target": null
    },
    {
      "time": 42.3,
      "tracked_predator_slot": 0,
      "target": 9
    },
    {
      "time": 44.3,
      "tracked_predator_slot": 0,
      "target": 8
    },
    {
      "time": 44.4,
      "tracked_predator_slot": 0,
      "target": 5
    },
    {
      "time": 44.5,
      "tracked_predator_slot": 0,
      "target": 8
    },
    {
      "time": 45.1,
      "tracked_predator_slot": 0,
      "target": null
    },
    {
      "time": 45.2,
      "tracked_predator_slot": 0,
      "target": 8
    },
    {
      "time": 45.3,
      "tracked_predator_slot": 0,
      "target": 5
    },
    {
      "time": 45.7,
      "tracked_predator_slot": 0,
      "target": "resting"
    },
    {
      "time": 49.2,
      "tracked_predator_slot": 0,
      "target": 5
    },
    {
      "time": 49.3,
      "tracked_predator_slot": 0,
      "target": 9
    },
    {
      "time": 49.6,
      "tracked_predator_slot": 0,
      "target": 5
    },
    {
      "time": 49.8,
      "tracked_predator_slot": 0,
      "target": 8
    },
    {
      "time": 50.2,
      "tracked_predator_slot": 0,
      "target": 0
    },
    {
      "time": 50.5,
      "tracked_predator_slot": 0,
      "target": null
    },
    {
      "time": 50.6,
      "tracked_predator_slot": 0,
      "target": 8
    },
    {
      "time": 50.9,
      "tracked_predator_slot": 0,
      "target": 9
    },
    {
      "time": 51.0,
      "tracked_predator_slot": 0,
      "target": 8
    },
    {
      "time": 51.4,
      "tracked_predator_slot": 0,
      "target": 5
    },
    {
      "time": 51.6,
      "tracked_predator_slot": 0,
      "target": 8
    },
    {
      "time": 51.7,
      "tracked_predator_slot": 0,
      "target": null
    },
    {
      "time": 52.0,
      "tracked_predator_slot": 0,
      "target": 9
    },
    {
      "time": 52.1,
      "tracked_predator_slot": 0,
      "target": 8
    },
    {
      "time": 52.4,
      "tracked_predator_slot": 0,
      "target": 5
    },
    {
      "time": 52.5,
      "tracked_predator_slot": 0,
      "target": 8
    },
    {
      "time": 52.6,
      "tracked_predator_slot": 0,
      "target": 5
    },
    {
      "time": 52.7,
      "tracked_predator_slot": 0,
      "target": 9
    },
    {
      "time": 52.9,
      "tracked_predator_slot": 0,
      "target": 5
    },
    {
      "time": 53.0,
      "tracked_predator_slot": 0,
      "target": 9
    },
    {
      "time": 53.1,
      "tracked_predator_slot": 0,
      "target": 8
    },
    {
      "time": 53.2,
      "tracked_predator_slot": 0,
      "target": 9
    },
    {
      "time": 53.3,
      "tracked_predator_slot": 0,
      "target": 8
    },
    {
      "time": 53.9,
      "tracked_predator_slot": 0,
      "target": 5
    },
    {
      "time": 54.2,
      "tracked_predator_slot": 0,
      "target": 9
    },
    {
      "time": 55.3,
      "tracked_predator_slot": 0,
      "target": 8
    },
    {
      "time": 55.4,
      "tracked_predator_slot": 0,
      "target": 9
    },
    {
      "time": 55.8,
      "tracked_predator_slot": 0,
      "target": null
    },
    {
      "time": 56.0,
      "tracked_predator_slot": 0,
      "target": 8
    },
    {
      "time": 56.2,
      "tracked_predator_slot": 0,
      "target": 9
    },
    {
      "time": 56.3,
      "tracked_predator_slot": 0,
      "target": 8
    },
    {
      "time": 56.8,
      "tracked_predator_slot": 0,
      "target": 5
    },
    {
      "time": 56.9,
      "tracked_predator_slot": 0,
      "target": 9
    },
    {
      "time": 57.0,
      "tracked_predator_slot": 0,
      "target": 5
    },
    {
      "time": 57.2,
      "tracked_predator_slot": 0,
      "target": 9
    },
    {
      "time": 57.8,
      "tracked_predator_slot": 0,
      "target": 8
    },
    {
      "time": 57.9,
      "tracked_predator_slot": 0,
      "target": 9
    },
    {
      "time": 58.2,
      "tracked_predator_slot": 0,
      "target": "resting"
    },
    {
      "time": 61.7,
      "tracked_predator_slot": 0,
      "target": 8
    },
    {
      "time": 61.8,
      "tracked_predator_slot": 0,
      "target": 9
    },
    {
      "time": 62.1,
      "tracked_predator_slot": 0,
      "target": 8
    },
    {
      "time": 62.2,
      "tracked_predator_slot": 0,
      "target": 9
    },
    {
      "time": 62.7,
      "tracked_predator_slot": 0,
      "target": 8
    },
    {
      "time": 62.8,
      "tracked_predator_slot": 0,
      "target": 5
    },
    {
      "time": 62.9,
      "tracked_predator_slot": 0,
      "target": 9
    },
    {
      "time": 63.0,
      "tracked_predator_slot": 0,
      "target": 5
    },
    {
      "time": 63.1,
      "tracked_predator_slot": 0,
      "target": 9
    },
    {
      "time": 63.2,
      "tracked_predator_slot": 0,
      "target": 5
    },
    {
      "time": 63.4,
      "tracked_predator_slot": 0,
      "target": 8
    },
    {
      "time": 64.0,
      "tracked_predator_slot": 0,
      "target": 9
    },
    {
      "time": 64.2,
      "tracked_predator_slot": 0,
      "target": 8
    },
    {
      "time": 64.3,
      "tracked_predator_slot": 0,
      "target": 9
    },
    {
      "time": 66.0,
      "tracked_predator_slot": 0,
      "target": 8
    },
    {
      "time": 66.1,
      "tracked_predator_slot": 0,
      "target": 9
    },
    {
      "time": 66.2,
      "tracked_predator_slot": 0,
      "target": 8
    },
    {
      "time": 66.4,
      "tracked_predator_slot": 0,
      "target": 9
    },
    {
      "time": 66.5,
      "tracked_predator_slot": 0,
      "target": 8
    },
    {
      "time": 66.6,
      "tracked_predator_slot": 0,
      "target": 9
    },
    {
      "time": 66.9,
      "tracked_predator_slot": 0,
      "target": 5
    },
    {
      "time": 67.1,
      "tracked_predator_slot": 0,
      "target": 9
    },
    {
      "time": 67.2,
      "tracked_predator_slot": 0,
      "target": 8
    },
    {
      "time": 67.3,
      "tracked_predator_slot": 0,
      "target": 9
    },
    {
      "time": 67.4,
      "tracked_predator_slot": 0,
      "target": 8
    },
    {
      "time": 67.5,
      "tracked_predator_slot": 0,
      "target": 9
    },
    {
      "time": 67.6,
      "tracked_predator_slot": 0,
      "target": 8
    },
    {
      "time": 67.9,
      "tracked_predator_slot": 0,
      "target": 9
    },
    {
      "time": 68.0,
      "tracked_predator_slot": 0,
      "target": 5
    },
    {
      "time": 68.1,
      "tracked_predator_slot": 0,
      "target": 8
    },
    {
      "time": 68.3,
      "tracked_predator_slot": 0,
      "target": 9
    },
    {
      "time": 68.4,
      "tracked_predator_slot": 0,
      "target": 8
    },
    {
      "time": 68.9,
      "tracked_predator_slot": 0,
      "target": 9
    },
    {
      "time": 69.0,
      "tracked_predator_slot": 0,
      "target": 8
    },
    {
      "time": 69.2,
      "tracked_predator_slot": 0,
      "target": 9
    },
    {
      "time": 69.6,
      "tracked_predator_slot": 0,
      "target": 5
    },
    {
      "time": 70.6,
      "tracked_predator_slot": 0,
      "target": 9
    },
    {
      "time": 70.7,
      "tracked_predator_slot": 0,
      "target": "resting"
    },
    {
      "time": 74.2,
      "tracked_predator_slot": 0,
      "target": 9
    },
    {
      "time": 74.5,
      "tracked_predator_slot": 0,
      "target": null
    },
    {
      "time": 75.0,
      "tracked_predator_slot": 0,
      "target": 5
    },
    {
      "time": 75.1,
      "tracked_predator_slot": 0,
      "target": 9
    },
    {
      "time": 75.2,
      "tracked_predator_slot": 0,
      "target": 5
    },
    {
      "time": 75.3,
      "tracked_predator_slot": 0,
      "target": 8
    },
    {
      "time": 75.5,
      "tracked_predator_slot": 0,
      "target": 9
    },
    {
      "time": 75.7,
      "tracked_predator_slot": 0,
      "target": 5
    },
    {
      "time": 75.8,
      "tracked_predator_slot": 0,
      "target": 8
    },
    {
      "time": 76.0,
      "tracked_predator_slot": 0,
      "target": 9
    },
    {
      "time": 76.1,
      "tracked_predator_slot": 0,
      "target": 5
    },
    {
      "time": 76.6,
      "tracked_predator_slot": 0,
      "target": null
    },
    {
      "time": 76.8,
      "tracked_predator_slot": 0,
      "target": 0
    },
    {
      "time": 83.6,
      "tracked_predator_slot": 0,
      "target": "resting"
    },
    {
      "time": 87.1,
      "tracked_predator_slot": 0,
      "target": 0
    },
    {
      "time": 96.3,
      "tracked_predator_slot": 0,
      "target": "resting"
    },
    {
      "time": 99.8,
      "tracked_predator_slot": 0,
      "target": 0
    },
    {
      "time": 109.0,
      "tracked_predator_slot": 0,
      "target": "resting"
    },
    {
      "time": 112.5,
      "tracked_predator_slot": 0,
      "target": 0
    },
    {
      "time": 121.8,
      "tracked_predator_slot": 0,
      "target": "resting"
    },
    {
      "time": 125.3,
      "tracked_predator_slot": 0,
      "target": 0
    },
    {
      "time": 134.5,
      "tracked_predator_slot": 0,
      "target": "resting"
    },
    {
      "time": 138.0,
      "tracked_predator_slot": 0,
      "target": 0
    },
    {
      "time": 147.2,
      "tracked_predator_slot": 0,
      "target": "resting"
    },
    {
      "time": 150.7,
      "tracked_predator_slot": 0,
      "target": 0
    },
    {
      "time": 159.9,
      "tracked_predator_slot": 0,
      "target": "resting"
    },
    {
      "time": 163.4,
      "tracked_predator_slot": 0,
      "target": 0
    },
    {
      "time": 172.6,
      "tracked_predator_slot": 0,
      "target": "resting"
    },
    {
      "time": 176.1,
      "tracked_predator_slot": 0,
      "target": 0
    },
    {
      "time": 185.3,
      "tracked_predator_slot": 0,
      "target": "resting"
    },
    {
      "time": 188.8,
      "tracked_predator_slot": 0,
      "target": 0
    },
    {
      "time": 198.1,
      "tracked_predator_slot": 0,
      "target": "resting"
    },
    {
      "time": 201.6,
      "tracked_predator_slot": 0,
      "target": 0
    },
    {
      "time": 210.8,
      "tracked_predator_slot": 0,
      "target": "resting"
    },
    {
      "time": 214.3,
      "tracked_predator_slot": 0,
      "target": 0
    },
    {
      "time": 223.5,
      "tracked_predator_slot": 0,
      "target": "resting"
    },
    {
      "time": 227.0,
      "tracked_predator_slot": 0,
      "target": 0
    },
    {
      "time": 236.2,
      "tracked_predator_slot": 0,
      "target": "resting"
    },
    {
      "time": 239.7,
      "tracked_predator_slot": 0,
      "target": 0
    },
    {
      "time": 248.9,
      "tracked_predator_slot": 0,
      "target": "resting"
    },
    {
      "time": 252.4,
      "tracked_predator_slot": 0,
      "target": 0
    },
    {
      "time": 261.7,
      "tracked_predator_slot": 0,
      "target": "resting"
    },
    {
      "time": 265.2,
      "tracked_predator_slot": 0,
      "target": 0
    },
    {
      "time": 274.4,
      "tracked_predator_slot": 0,
      "target": "resting"
    },
    {
      "time": 277.9,
      "tracked_predator_slot": 0,
      "target": 0
    },
    {
      "time": 287.1,
      "tracked_predator_slot": 0,
      "target": "resting"
    },
    {
      "time": 290.6,
      "tracked_predator_slot": 0,
      "target": 0
    },
    {
      "time": 299.8,
      "tracked_predator_slot": 0,
      "target": "resting"
    }
  ],
  "guide_role_trace": [
    {
      "time": 0,
      "active_guide_id": 1
    },
    {
      "time": 19.4,
      "active_guide_id": 5
    },
    {
      "time": 19.8,
      "active_guide_id": 4
    },
    {
      "time": 20.1,
      "active_guide_id": 1
    },
    {
      "time": 20.7,
      "active_guide_id": 3
    },
    {
      "time": 20.9,
      "active_guide_id": 1
    },
    {
      "time": 21.1,
      "active_guide_id": 9
    },
    {
      "time": 21.4,
      "active_guide_id": 8
    },
    {
      "time": 21.7,
      "active_guide_id": 9
    },
    {
      "time": 22.2,
      "active_guide_id": 5
    },
    {
      "time": 22.3,
      "active_guide_id": 9
    },
    {
      "time": 22.4,
      "active_guide_id": 1
    },
    {
      "time": 22.5,
      "active_guide_id": 9
    },
    {
      "time": 22.6,
      "active_guide_id": 5
    },
    {
      "time": 22.7,
      "active_guide_id": 9
    },
    {
      "time": 22.8,
      "active_guide_id": 6
    },
    {
      "time": 22.9,
      "active_guide_id": 7
    },
    {
      "time": 23.0,
      "active_guide_id": 3
    },
    {
      "time": 23.4,
      "active_guide_id": 5
    },
    {
      "time": 23.5,
      "active_guide_id": 6
    },
    {
      "time": 24.0,
      "active_guide_id": 9
    },
    {
      "time": 24.2,
      "active_guide_id": 6
    },
    {
      "time": 24.5,
      "active_guide_id": 8
    },
    {
      "time": 25.0,
      "active_guide_id": 5
    },
    {
      "time": 25.2,
      "active_guide_id": 3
    },
    {
      "time": 25.4,
      "active_guide_id": 6
    },
    {
      "time": 25.6,
      "active_guide_id": 1
    },
    {
      "time": 26.0,
      "active_guide_id": 8
    },
    {
      "time": 26.6,
      "active_guide_id": 6
    },
    {
      "time": 27.1,
      "active_guide_id": 3
    },
    {
      "time": 27.3,
      "active_guide_id": 5
    },
    {
      "time": 27.4,
      "active_guide_id": 9
    },
    {
      "time": 27.8,
      "active_guide_id": 8
    },
    {
      "time": 27.9,
      "active_guide_id": 9
    },
    {
      "time": 28.8,
      "active_guide_id": 8
    },
    {
      "time": 29.1,
      "active_guide_id": 9
    },
    {
      "time": 29.3,
      "active_guide_id": 5
    },
    {
      "time": 29.4,
      "active_guide_id": 9
    },
    {
      "time": 29.5,
      "active_guide_id": 8
    },
    {
      "time": 30.7,
      "active_guide_id": 9
    },
    {
      "time": 30.9,
      "active_guide_id": 7
    },
    {
      "time": 31.2,
      "active_guide_id": 8
    },
    {
      "time": 31.4,
      "active_guide_id": 6
    },
    {
      "time": 31.8,
      "active_guide_id": 8
    },
    {
      "time": 32.4,
      "active_guide_id": 5
    },
    {
      "time": 32.5,
      "active_guide_id": 9
    },
    {
      "time": 35.3,
      "active_guide_id": 5
    },
    {
      "time": 35.6,
      "active_guide_id": 8
    },
    {
      "time": 35.8,
      "active_guide_id": 9
    },
    {
      "time": 35.9,
      "active_guide_id": 8
    },
    {
      "time": 37.5,
      "active_guide_id": 9
    },
    {
      "time": 37.8,
      "active_guide_id": 5
    },
    {
      "time": 38.1,
      "active_guide_id": 8
    },
    {
      "time": 38.4,
      "active_guide_id": 9
    },
    {
      "time": 38.6,
      "active_guide_id": 8
    },
    {
      "time": 38.7,
      "active_guide_id": 9
    },
    {
      "time": 44.4,
      "active_guide_id": 5
    },
    {
      "time": 44.5,
      "active_guide_id": 8
    },
    {
      "time": 45.3,
      "active_guide_id": 5
    },
    {
      "time": 46.0,
      "active_guide_id": 8
    },
    {
      "time": 46.2,
      "active_guide_id": 5
    },
    {
      "time": 49.8,
      "active_guide_id": 8
    },
    {
      "time": 50.1,
      "active_guide_id": 5
    },
    {
      "time": 50.2,
      "active_guide_id": 9
    },
    {
      "time": 50.7,
      "active_guide_id": 8
    },
    {
      "time": 51.7,
      "active_guide_id": 9
    },
    {
      "time": 52.1,
      "active_guide_id": 8
    },
    {
      "time": 52.6,
      "active_guide_id": 5
    },
    {
      "time": 52.7,
      "active_guide_id": 9
    },
    {
      "time": 52.9,
      "active_guide_id": 5
    },
    {
      "time": 53.3,
      "active_guide_id": 8
    },
    {
      "time": 53.9,
      "active_guide_id": 9
    },
    {
      "time": 54.8,
      "active_guide_id": 8
    },
    {
      "time": 54.9,
      "active_guide_id": 9
    },
    {
      "time": 55.3,
      "active_guide_id": 8
    },
    {
      "time": 55.4,
      "active_guide_id": 9
    },
    {
      "time": 55.9,
      "active_guide_id": 8
    },
    {
      "time": 56.2,
      "active_guide_id": 9
    },
    {
      "time": 56.3,
      "active_guide_id": 8
    },
    {
      "time": 57.0,
      "active_guide_id": 5
    },
    {
      "time": 57.4,
      "active_guide_id": 9
    },
    {
      "time": 57.8,
      "active_guide_id": 8
    },
    {
      "time": 57.9,
      "active_guide_id": 9
    },
    {
      "time": 58.9,
      "active_guide_id": 8
    },
    {
      "time": 62.2,
      "active_guide_id": 5
    },
    {
      "time": 62.3,
      "active_guide_id": 9
    },
    {
      "time": 62.7,
      "active_guide_id": 8
    },
    {
      "time": 62.8,
      "active_guide_id": 5
    },
    {
      "time": 62.9,
      "active_guide_id": 9
    },
    {
      "time": 63.3,
      "active_guide_id": 5
    },
    {
      "time": 63.5,
      "active_guide_id": 8
    },
    {
      "time": 63.8,
      "active_guide_id": 9
    },
    {
      "time": 64.2,
      "active_guide_id": 8
    },
    {
      "time": 64.4,
      "active_guide_id": 9
    },
    {
      "time": 64.8,
      "active_guide_id": 5
    },
    {
      "time": 64.9,
      "active_guide_id": 9
    },
    {
      "time": 66.3,
      "active_guide_id": 5
    },
    {
      "time": 66.4,
      "active_guide_id": 9
    },
    {
      "time": 66.9,
      "active_guide_id": 5
    },
    {
      "time": 67.1,
      "active_guide_id": 9
    },
    {
      "time": 67.2,
      "active_guide_id": 8
    },
    {
      "time": 67.3,
      "active_guide_id": 9
    },
    {
      "time": 67.6,
      "active_guide_id": 8
    },
    {
      "time": 67.9,
      "active_guide_id": 5
    },
    {
      "time": 68.2,
      "active_guide_id": 8
    },
    {
      "time": 68.3,
      "active_guide_id": 9
    },
    {
      "time": 69.1,
      "active_guide_id": 8
    },
    {
      "time": 69.6,
      "active_guide_id": 5
    },
    {
      "time": 70.6,
      "active_guide_id": 9
    },
    {
      "time": 70.9,
      "active_guide_id": 5
    },
    {
      "time": 71.0,
      "active_guide_id": 9
    },
    {
      "time": 74.5,
      "active_guide_id": 5
    },
    {
      "time": 74.9,
      "active_guide_id": 8
    },
    {
      "time": 75.0,
      "active_guide_id": 5
    },
    {
      "time": 75.1,
      "active_guide_id": 9
    },
    {
      "time": 75.3,
      "active_guide_id": 8
    },
    {
      "time": 75.5,
      "active_guide_id": 9
    },
    {
      "time": 75.7,
      "active_guide_id": 5
    },
    {
      "time": 75.8,
      "active_guide_id": 8
    },
    {
      "time": 76.2,
      "active_guide_id": 5
    },
    {
      "time": 76.5,
      "active_guide_id": 8
    },
    {
      "time": 77.0,
      "active_guide_id": 9
    },
    {
      "time": 77.1,
      "active_guide_id": 8
    },
    {
      "time": 77.5,
      "active_guide_id": 9
    },
    {
      "time": 78.1,
      "active_guide_id": 8
    },
    {
      "time": 79.6,
      "active_guide_id": 9
    }
  ],
  "guide_follow_trace": [
    {
      "time": 0.1,
      "active_guide_id": 1,
      "tracked_predator_slot": 0
    },
    {
      "time": 19.5,
      "active_guide_id": 5,
      "tracked_predator_slot": 0
    },
    {
      "time": 19.9,
      "active_guide_id": 4,
      "tracked_predator_slot": 0
    },
    {
      "time": 20.2,
      "active_guide_id": 1,
      "tracked_predator_slot": 0
    },
    {
      "time": 20.9,
      "active_guide_id": 3,
      "tracked_predator_slot": 0
    },
    {
      "time": 21.2,
      "active_guide_id": 9,
      "tracked_predator_slot": 0
    },
    {
      "time": 21.8,
      "active_guide_id": 9,
      "tracked_predator_slot": 0
    },
    {
      "time": 23.6,
      "active_guide_id": 6,
      "tracked_predator_slot": 0
    },
    {
      "time": 24.1,
      "active_guide_id": 9,
      "tracked_predator_slot": 0
    },
    {
      "time": 24.8,
      "active_guide_id": 8,
      "tracked_predator_slot": 0
    },
    {
      "time": 25.1,
      "active_guide_id": 5,
      "tracked_predator_slot": 0
    },
    {
      "time": 25.5,
      "active_guide_id": 6,
      "tracked_predator_slot": 0
    },
    {
      "time": 25.7,
      "active_guide_id": 1,
      "tracked_predator_slot": 0
    },
    {
      "time": 26.1,
      "active_guide_id": 8,
      "tracked_predator_slot": 0
    },
    {
      "time": 26.7,
      "active_guide_id": 6,
      "tracked_predator_slot": 0
    },
    {
      "time": 27.2,
      "active_guide_id": 3,
      "tracked_predator_slot": 0
    },
    {
      "time": 27.5,
      "active_guide_id": 9,
      "tracked_predator_slot": 0
    },
    {
      "time": 28.1,
      "active_guide_id": 9,
      "tracked_predator_slot": 0
    },
    {
      "time": 28.9,
      "active_guide_id": 8,
      "tracked_predator_slot": 0
    },
    {
      "time": 29.6,
      "active_guide_id": 8,
      "tracked_predator_slot": 0
    },
    {
      "time": 30.8,
      "active_guide_id": 9,
      "tracked_predator_slot": 0
    },
    {
      "time": 31.0,
      "active_guide_id": 7,
      "tracked_predator_slot": 0
    },
    {
      "time": 31.5,
      "active_guide_id": 6,
      "tracked_predator_slot": 0
    },
    {
      "time": 32.6,
      "active_guide_id": 9,
      "tracked_predator_slot": 0
    },
    {
      "time": 35.4,
      "active_guide_id": 5,
      "tracked_predator_slot": 0
    },
    {
      "time": 35.7,
      "active_guide_id": 8,
      "tracked_predator_slot": 0
    },
    {
      "time": 36.3,
      "active_guide_id": 8,
      "tracked_predator_slot": 0
    },
    {
      "time": 37.6,
      "active_guide_id": 9,
      "tracked_predator_slot": 0
    },
    {
      "time": 37.9,
      "active_guide_id": 5,
      "tracked_predator_slot": 0
    },
    {
      "time": 38.8,
      "active_guide_id": 9,
      "tracked_predator_slot": 0
    },
    {
      "time": 44.6,
      "active_guide_id": 8,
      "tracked_predator_slot": 0
    },
    {
      "time": 45.4,
      "active_guide_id": 5,
      "tracked_predator_slot": 0
    },
    {
      "time": 49.2,
      "active_guide_id": 5,
      "tracked_predator_slot": 0
    },
    {
      "time": 49.9,
      "active_guide_id": 8,
      "tracked_predator_slot": 0
    },
    {
      "time": 50.8,
      "active_guide_id": 8,
      "tracked_predator_slot": 0
    },
    {
      "time": 52.0,
      "active_guide_id": 9,
      "tracked_predator_slot": 0
    },
    {
      "time": 52.2,
      "active_guide_id": 8,
      "tracked_predator_slot": 0
    },
    {
      "time": 52.8,
      "active_guide_id": 9,
      "tracked_predator_slot": 0
    },
    {
      "time": 53.4,
      "active_guide_id": 8,
      "tracked_predator_slot": 0
    },
    {
      "time": 54.2,
      "active_guide_id": 9,
      "tracked_predator_slot": 0
    },
    {
      "time": 55.0,
      "active_guide_id": 9,
      "tracked_predator_slot": 0
    },
    {
      "time": 55.5,
      "active_guide_id": 9,
      "tracked_predator_slot": 0
    },
    {
      "time": 56.0,
      "active_guide_id": 8,
      "tracked_predator_slot": 0
    },
    {
      "time": 56.4,
      "active_guide_id": 8,
      "tracked_predator_slot": 0
    },
    {
      "time": 57.1,
      "active_guide_id": 5,
      "tracked_predator_slot": 0
    },
    {
      "time": 57.5,
      "active_guide_id": 9,
      "tracked_predator_slot": 0
    },
    {
      "time": 58.0,
      "active_guide_id": 9,
      "tracked_predator_slot": 0
    },
    {
      "time": 61.7,
      "active_guide_id": 8,
      "tracked_predator_slot": 0
    },
    {
      "time": 62.4,
      "active_guide_id": 9,
      "tracked_predator_slot": 0
    },
    {
      "time": 63.1,
      "active_guide_id": 9,
      "tracked_predator_slot": 0
    },
    {
      "time": 63.6,
      "active_guide_id": 8,
      "tracked_predator_slot": 0
    },
    {
      "time": 64.0,
      "active_guide_id": 9,
      "tracked_predator_slot": 0
    },
    {
      "time": 64.5,
      "active_guide_id": 9,
      "tracked_predator_slot": 0
    },
    {
      "time": 65.0,
      "active_guide_id": 9,
      "tracked_predator_slot": 0
    },
    {
      "time": 66.6,
      "active_guide_id": 9,
      "tracked_predator_slot": 0
    },
    {
      "time": 67.0,
      "active_guide_id": 5,
      "tracked_predator_slot": 0
    },
    {
      "time": 67.5,
      "active_guide_id": 9,
      "tracked_predator_slot": 0
    },
    {
      "time": 67.7,
      "active_guide_id": 8,
      "tracked_predator_slot": 0
    },
    {
      "time": 68.0,
      "active_guide_id": 5,
      "tracked_predator_slot": 0
    },
    {
      "time": 68.9,
      "active_guide_id": 9,
      "tracked_predator_slot": 0
    },
    {
      "time": 69.7,
      "active_guide_id": 5,
      "tracked_predator_slot": 0
    },
    {
      "time": 74.2,
      "active_guide_id": 9,
      "tracked_predator_slot": 0
    },
    {
      "time": 75.4,
      "active_guide_id": 8,
      "tracked_predator_slot": 0
    },
    {
      "time": 75.6,
      "active_guide_id": 9,
      "tracked_predator_slot": 0
    },
    {
      "time": 75.9,
      "active_guide_id": 8,
      "tracked_predator_slot": 0
    },
    {
      "time": 76.3,
      "active_guide_id": 5,
      "tracked_predator_slot": 0
    }
  ],
  "guide_role": "child",
  "parent_role": "gather_evade",
  "child_role": "guide",
  "active_guide_id_final": 9,
  "active_guide_alive_final": true,
  "guide_role_ids": [
    1,
    3,
    4,
    5,
    6,
    7,
    8,
    9
  ],
  "bait_deployed_at": 0.1,
  "policy_bait_ready_final": false,
  "bait_left_after_deployment": null,
  "final_bait_distance_to_goal": 0.0,
  "first_guide_predator_observation": 0.1,
  "first_predator_following_guide": 0.1,
  "first_predator_following_active_guide": null,
  "tracked_seen_by_guide": 1,
  "tracked_followed_active_guide": 0,
  "physical_entered": 1,
  "guided_delivered": 0,
  "physical_losses_after_delivery": 0,
  "target_losses_after_delivery": 0,
  "physical_entry_times": [
    76.7
  ],
  "guided_delivery_times": [
    null
  ],
  "loss_times": [
    null
  ],
  "target_loss_times": [
    null
  ],
  "tail_seconds": 30.0,
  "tail_physical_min": 1,
  "tail_contained_min": 1,
  "final_distance_from_mouth": [
    11.9149
  ],
  "max_distance_after_delivery": [
    0.0
  ],
  "policy_events": [
    {
      "time": 18.9,
      "kind": "emergency_reserve_budget_enabled",
      "observed_distance": 36.0127,
      "blocked_escape_cone": false,
      "close_wall": true,
      "agent_id": 1
    },
    {
      "time": 18.9,
      "kind": "bounded_emergency_reserve_birth",
      "parent_id": 1,
      "request_number": 1,
      "observed_distance": 36.0127
    },
    {
      "time": 19.0,
      "kind": "bounded_emergency_reserve_birth",
      "parent_id": 1,
      "request_number": 2,
      "observed_distance": 40.1991
    },
    {
      "time": 19.1,
      "kind": "native_backup_registered",
      "agent_id": 3
    },
    {
      "time": 19.1,
      "kind": "bounded_emergency_reserve_birth",
      "parent_id": 1,
      "request_number": 3,
      "observed_distance": 48.0541
    },
    {
      "time": 19.2,
      "kind": "native_backup_registered",
      "agent_id": 4
    },
    {
      "time": 19.2,
      "kind": "bounded_emergency_reserve_birth",
      "parent_id": 1,
      "request_number": 4,
      "observed_distance": 55.692
    },
    {
      "time": 19.3,
      "kind": "native_backup_registered",
      "agent_id": 5
    },
    {
      "time": 19.3,
      "kind": "bounded_emergency_reserve_birth",
      "parent_id": 3,
      "request_number": 5,
      "observed_distance": 59.2724
    },
    {
      "time": 19.4,
      "kind": "native_backup_registered",
      "agent_id": 6
    },
    {
      "time": 19.4,
      "kind": "public_dto_active_guide",
      "agent_id": 5,
      "reason": "minimum_observed_predator_distance_hysteresis"
    },
    {
      "time": 19.4,
      "kind": "bounded_emergency_reserve_birth",
      "parent_id": 3,
      "request_number": 6,
      "observed_distance": 65.8562
    },
    {
      "time": 19.5,
      "kind": "native_backup_registered",
      "agent_id": 7
    },
    {
      "time": 19.5,
      "kind": "bounded_emergency_reserve_birth",
      "parent_id": 3,
      "request_number": 7,
      "observed_distance": 73.6611
    },
    {
      "time": 19.6,
      "kind": "native_backup_registered",
      "agent_id": 8
    },
    {
      "time": 19.6,
      "kind": "bounded_emergency_reserve_birth",
      "parent_id": 3,
      "request_number": 8,
      "observed_distance": 65.0494
    },
    {
      "time": 19.7,
      "kind": "native_backup_registered",
      "agent_id": 9
    },
    {
      "time": 19.8,
      "kind": "public_dto_active_guide",
      "agent_id": 4,
      "reason": "minimum_observed_predator_distance_hysteresis"
    },
    {
      "time": 20.1,
      "kind": "public_dto_active_guide",
      "agent_id": 1,
      "reason": "minimum_observed_predator_distance_hysteresis"
    },
    {
      "time": 20.7,
      "kind": "public_dto_active_guide",
      "agent_id": 3,
      "reason": "minimum_observed_predator_distance_hysteresis"
    },
    {
      "time": 20.9,
      "kind": "public_dto_active_guide",
      "agent_id": 1,
      "reason": "minimum_observed_predator_distance_hysteresis"
    },
    {
      "time": 21.1,
      "kind": "public_dto_active_guide",
      "agent_id": 9,
      "reason": "minimum_observed_predator_distance_hysteresis"
    },
    {
      "time": 21.4,
      "kind": "public_dto_active_guide",
      "agent_id": 8,
      "reason": "minimum_observed_predator_distance_hysteresis"
    },
    {
      "time": 21.7,
      "kind": "public_dto_active_guide",
      "agent_id": 9,
      "reason": "minimum_observed_predator_distance_hysteresis"
    },
    {
      "time": 22.2,
      "kind": "public_dto_active_guide",
      "agent_id": 5,
      "reason": "minimum_observed_predator_distance_hysteresis"
    },
    {
      "time": 22.3,
      "kind": "public_dto_active_guide",
      "agent_id": 9,
      "reason": "minimum_observed_predator_distance_hysteresis"
    },
    {
      "time": 22.4,
      "kind": "public_dto_active_guide",
      "agent_id": 1,
      "reason": "minimum_observed_predator_distance_hysteresis"
    },
    {
      "time": 22.5,
      "kind": "public_dto_active_guide",
      "agent_id": 9,
      "reason": "minimum_observed_predator_distance_hysteresis"
    },
    {
      "time": 22.6,
      "kind": "public_dto_active_guide",
      "agent_id": 5,
      "reason": "minimum_observed_predator_distance_hysteresis"
    },
    {
      "time": 22.7,
      "kind": "public_dto_active_guide",
      "agent_id": 9,
      "reason": "minimum_observed_predator_distance_hysteresis"
    },
    {
      "time": 22.8,
      "kind": "public_dto_active_guide",
      "agent_id": 6,
      "reason": "minimum_observed_predator_distance_hysteresis"
    },
    {
      "time": 22.9,
      "kind": "public_dto_active_guide",
      "agent_id": 7,
      "reason": "minimum_observed_predator_distance_hysteresis"
    },
    {
      "time": 23.0,
      "kind": "public_dto_active_guide",
      "agent_id": 3,
      "reason": "minimum_observed_predator_distance_hysteresis"
    },
    {
      "time": 23.4,
      "kind": "public_dto_active_guide",
      "agent_id": 5,
      "reason": "minimum_observed_predator_distance_hysteresis"
    },
    {
      "time": 23.5,
      "kind": "public_dto_active_guide",
      "agent_id": 6,
      "reason": "minimum_observed_predator_distance_hysteresis"
    },
    {
      "time": 24.0,
      "kind": "public_dto_active_guide",
      "agent_id": 9,
      "reason": "minimum_observed_predator_distance_hysteresis"
    },
    {
      "time": 24.2,
      "kind": "public_dto_active_guide",
      "agent_id": 6,
      "reason": "minimum_observed_predator_distance_hysteresis"
    },
    {
      "time": 24.5,
      "kind": "public_dto_active_guide",
      "agent_id": 8,
      "reason": "minimum_observed_predator_distance_hysteresis"
    },
    {
      "time": 25.0,
      "kind": "public_dto_active_guide",
      "agent_id": 5,
      "reason": "minimum_observed_predator_distance_hysteresis"
    },
    {
      "time": 25.2,
      "kind": "public_dto_active_guide",
      "agent_id": 3,
      "reason": "minimum_observed_predator_distance_hysteresis"
    },
    {
      "time": 25.4,
      "kind": "public_dto_active_guide",
      "agent_id": 6,
      "reason": "minimum_observed_predator_distance_hysteresis"
    },
    {
      "time": 25.6,
      "kind": "public_dto_active_guide",
      "agent_id": 1,
      "reason": "minimum_observed_predator_distance_hysteresis"
    },
    {
      "time": 26.0,
      "kind": "public_dto_active_guide",
      "agent_id": 8,
      "reason": "minimum_observed_predator_distance_hysteresis"
    },
    {
      "time": 26.6,
      "kind": "public_dto_active_guide",
      "agent_id": 6,
      "reason": "minimum_observed_predator_distance_hysteresis"
    },
    {
      "time": 27.1,
      "kind": "public_dto_active_guide",
      "agent_id": 3,
      "reason": "minimum_observed_predator_distance_hysteresis"
    },
    {
      "time": 27.3,
      "kind": "public_dto_active_guide",
      "agent_id": 5,
      "reason": "minimum_observed_predator_distance_hysteresis"
    },
    {
      "time": 27.4,
      "kind": "public_dto_active_guide",
      "agent_id": 9,
      "reason": "minimum_observed_predator_distance_hysteresis"
    },
    {
      "time": 27.8,
      "kind": "public_dto_active_guide",
      "agent_id": 8,
      "reason": "minimum_observed_predator_distance_hysteresis"
    },
    {
      "time": 27.9,
      "kind": "public_dto_active_guide",
      "agent_id": 9,
      "reason": "minimum_observed_predator_distance_hysteresis"
    },
    {
      "time": 28.8,
      "kind": "public_dto_active_guide",
      "agent_id": 8,
      "reason": "minimum_observed_predator_distance_hysteresis"
    },
    {
      "time": 29.1,
      "kind": "public_dto_active_guide",
      "agent_id": 9,
      "reason": "minimum_observed_predator_distance_hysteresis"
    },
    {
      "time": 29.3,
      "kind": "public_dto_active_guide",
      "agent_id": 5,
      "reason": "minimum_observed_predator_distance_hysteresis"
    },
    {
      "time": 29.4,
      "kind": "public_dto_active_guide",
      "agent_id": 9,
      "reason": "minimum_observed_predator_distance_hysteresis"
    },
    {
      "time": 29.5,
      "kind": "public_dto_active_guide",
      "agent_id": 8,
      "reason": "minimum_observed_predator_distance_hysteresis"
    },
    {
      "time": 30.7,
      "kind": "public_dto_active_guide",
      "agent_id": 9,
      "reason": "minimum_observed_predator_distance_hysteresis"
    },
    {
      "time": 30.9,
      "kind": "public_dto_active_guide",
      "agent_id": 7,
      "reason": "minimum_observed_predator_distance_hysteresis"
    },
    {
      "time": 31.2,
      "kind": "public_dto_active_guide",
      "agent_id": 8,
      "reason": "minimum_observed_predator_distance_hysteresis"
    },
    {
      "time": 31.4,
      "kind": "public_dto_active_guide",
      "agent_id": 6,
      "reason": "minimum_observed_predator_distance_hysteresis"
    },
    {
      "time": 31.8,
      "kind": "public_dto_active_guide",
      "agent_id": 8,
      "reason": "minimum_observed_predator_distance_hysteresis"
    },
    {
      "time": 32.4,
      "kind": "public_dto_active_guide",
      "agent_id": 5,
      "reason": "minimum_observed_predator_distance_hysteresis"
    },
    {
      "time": 32.5,
      "kind": "public_dto_active_guide",
      "agent_id": 9,
      "reason": "minimum_observed_predator_distance_hysteresis"
    },
    {
      "time": 35.3,
      "kind": "public_dto_active_guide",
      "agent_id": 5,
      "reason": "minimum_observed_predator_distance_hysteresis"
    },
    {
      "time": 35.6,
      "kind": "public_dto_active_guide",
      "agent_id": 8,
      "reason": "minimum_observed_predator_distance_hysteresis"
    },
    {
      "time": 35.8,
      "kind": "public_dto_active_guide",
      "agent_id": 9,
      "reason": "minimum_observed_predator_distance_hysteresis"
    },
    {
      "time": 35.9,
      "kind": "public_dto_active_guide",
      "agent_id": 8,
      "reason": "minimum_observed_predator_distance_hysteresis"
    },
    {
      "time": 37.5,
      "kind": "public_dto_active_guide",
      "agent_id": 9,
      "reason": "minimum_observed_predator_distance_hysteresis"
    },
    {
      "time": 37.8,
      "kind": "public_dto_active_guide",
      "agent_id": 5,
      "reason": "minimum_observed_predator_distance_hysteresis"
    },
    {
      "time": 38.1,
      "kind": "public_dto_active_guide",
      "agent_id": 8,
      "reason": "minimum_observed_predator_distance_hysteresis"
    },
    {
      "time": 38.4,
      "kind": "public_dto_active_guide",
      "agent_id": 9,
      "reason": "minimum_observed_predator_distance_hysteresis"
    },
    {
      "time": 38.6,
      "kind": "public_dto_active_guide",
      "agent_id": 8,
      "reason": "minimum_observed_predator_distance_hysteresis"
    },
    {
      "time": 38.7,
      "kind": "public_dto_active_guide",
      "agent_id": 9,
      "reason": "minimum_observed_predator_distance_hysteresis"
    },
    {
      "time": 44.4,
      "kind": "public_dto_active_guide",
      "agent_id": 5,
      "reason": "minimum_observed_predator_distance_hysteresis"
    },
    {
      "time": 44.5,
      "kind": "public_dto_active_guide",
      "agent_id": 8,
      "reason": "minimum_observed_predator_distance_hysteresis"
    },
    {
      "time": 45.3,
      "kind": "public_dto_active_guide",
      "agent_id": 5,
      "reason": "minimum_observed_predator_distance_hysteresis"
    },
    {
      "time": 46.0,
      "kind": "public_dto_active_guide",
      "agent_id": 8,
      "reason": "minimum_observed_predator_distance_hysteresis"
    },
    {
      "time": 46.2,
      "kind": "public_dto_active_guide",
      "agent_id": 5,
      "reason": "minimum_observed_predator_distance_hysteresis"
    },
    {
      "time": 49.8,
      "kind": "public_dto_active_guide",
      "agent_id": 8,
      "reason": "minimum_observed_predator_distance_hysteresis"
    },
    {
      "time": 50.1,
      "kind": "public_dto_active_guide",
      "agent_id": 5,
      "reason": "minimum_observed_predator_distance_hysteresis"
    },
    {
      "time": 50.2,
      "kind": "public_dto_active_guide",
      "agent_id": 9,
      "reason": "minimum_observed_predator_distance_hysteresis"
    },
    {
      "time": 50.7,
      "kind": "public_dto_active_guide",
      "agent_id": 8,
      "reason": "minimum_observed_predator_distance_hysteresis"
    },
    {
      "time": 51.7,
      "kind": "public_dto_active_guide",
      "agent_id": 9,
      "reason": "minimum_observed_predator_distance_hysteresis"
    },
    {
      "time": 52.1,
      "kind": "public_dto_active_guide",
      "agent_id": 8,
      "reason": "minimum_observed_predator_distance_hysteresis"
    },
    {
      "time": 52.6,
      "kind": "public_dto_active_guide",
      "agent_id": 5,
      "reason": "minimum_observed_predator_distance_hysteresis"
    },
    {
      "time": 52.7,
      "kind": "public_dto_active_guide",
      "agent_id": 9,
      "reason": "minimum_observed_predator_distance_hysteresis"
    },
    {
      "time": 52.9,
      "kind": "public_dto_active_guide",
      "agent_id": 5,
      "reason": "minimum_observed_predator_distance_hysteresis"
    },
    {
      "time": 53.3,
      "kind": "public_dto_active_guide",
      "agent_id": 8,
      "reason": "minimum_observed_predator_distance_hysteresis"
    },
    {
      "time": 53.9,
      "kind": "public_dto_active_guide",
      "agent_id": 9,
      "reason": "minimum_observed_predator_distance_hysteresis"
    },
    {
      "time": 54.8,
      "kind": "public_dto_active_guide",
      "agent_id": 8,
      "reason": "minimum_observed_predator_distance_hysteresis"
    },
    {
      "time": 54.9,
      "kind": "public_dto_active_guide",
      "agent_id": 9,
      "reason": "minimum_observed_predator_distance_hysteresis"
    },
    {
      "time": 55.3,
      "kind": "public_dto_active_guide",
      "agent_id": 8,
      "reason": "minimum_observed_predator_distance_hysteresis"
    },
    {
      "time": 55.4,
      "kind": "public_dto_active_guide",
      "agent_id": 9,
      "reason": "minimum_observed_predator_distance_hysteresis"
    },
    {
      "time": 55.9,
      "kind": "public_dto_active_guide",
      "agent_id": 8,
      "reason": "minimum_observed_predator_distance_hysteresis"
    },
    {
      "time": 56.2,
      "kind": "public_dto_active_guide",
      "agent_id": 9,
      "reason": "minimum_observed_predator_distance_hysteresis"
    },
    {
      "time": 56.3,
      "kind": "public_dto_active_guide",
      "agent_id": 8,
      "reason": "minimum_observed_predator_distance_hysteresis"
    },
    {
      "time": 57.0,
      "kind": "public_dto_active_guide",
      "agent_id": 5,
      "reason": "minimum_observed_predator_distance_hysteresis"
    },
    {
      "time": 57.4,
      "kind": "public_dto_active_guide",
      "agent_id": 9,
      "reason": "minimum_observed_predator_distance_hysteresis"
    },
    {
      "time": 57.8,
      "kind": "public_dto_active_guide",
      "agent_id": 8,
      "reason": "minimum_observed_predator_distance_hysteresis"
    },
    {
      "time": 57.9,
      "kind": "public_dto_active_guide",
      "agent_id": 9,
      "reason": "minimum_observed_predator_distance_hysteresis"
    },
    {
      "time": 58.9,
      "kind": "public_dto_active_guide",
      "agent_id": 8,
      "reason": "minimum_observed_predator_distance_hysteresis"
    },
    {
      "time": 62.2,
      "kind": "public_dto_active_guide",
      "agent_id": 5,
      "reason": "minimum_observed_predator_distance_hysteresis"
    },
    {
      "time": 62.3,
      "kind": "public_dto_active_guide",
      "agent_id": 9,
      "reason": "minimum_observed_predator_distance_hysteresis"
    },
    {
      "time": 62.7,
      "kind": "public_dto_active_guide",
      "agent_id": 8,
      "reason": "minimum_observed_predator_distance_hysteresis"
    },
    {
      "time": 62.8,
      "kind": "public_dto_active_guide",
      "agent_id": 5,
      "reason": "minimum_observed_predator_distance_hysteresis"
    },
    {
      "time": 62.9,
      "kind": "public_dto_active_guide",
      "agent_id": 9,
      "reason": "minimum_observed_predator_distance_hysteresis"
    },
    {
      "time": 63.3,
      "kind": "public_dto_active_guide",
      "agent_id": 5,
      "reason": "minimum_observed_predator_distance_hysteresis"
    },
    {
      "time": 63.5,
      "kind": "public_dto_active_guide",
      "agent_id": 8,
      "reason": "minimum_observed_predator_distance_hysteresis"
    },
    {
      "time": 63.8,
      "kind": "public_dto_active_guide",
      "agent_id": 9,
      "reason": "minimum_observed_predator_distance_hysteresis"
    },
    {
      "time": 64.2,
      "kind": "public_dto_active_guide",
      "agent_id": 8,
      "reason": "minimum_observed_predator_distance_hysteresis"
    },
    {
      "time": 64.4,
      "kind": "public_dto_active_guide",
      "agent_id": 9,
      "reason": "minimum_observed_predator_distance_hysteresis"
    },
    {
      "time": 64.8,
      "kind": "public_dto_active_guide",
      "agent_id": 5,
      "reason": "minimum_observed_predator_distance_hysteresis"
    },
    {
      "time": 64.9,
      "kind": "public_dto_active_guide",
      "agent_id": 9,
      "reason": "minimum_observed_predator_distance_hysteresis"
    },
    {
      "time": 66.3,
      "kind": "public_dto_active_guide",
      "agent_id": 5,
      "reason": "minimum_observed_predator_distance_hysteresis"
    },
    {
      "time": 66.4,
      "kind": "public_dto_active_guide",
      "agent_id": 9,
      "reason": "minimum_observed_predator_distance_hysteresis"
    },
    {
      "time": 66.9,
      "kind": "public_dto_active_guide",
      "agent_id": 5,
      "reason": "minimum_observed_predator_distance_hysteresis"
    },
    {
      "time": 67.1,
      "kind": "public_dto_active_guide",
      "agent_id": 9,
      "reason": "minimum_observed_predator_distance_hysteresis"
    },
    {
      "time": 67.2,
      "kind": "public_dto_active_guide",
      "agent_id": 8,
      "reason": "minimum_observed_predator_distance_hysteresis"
    },
    {
      "time": 67.3,
      "kind": "public_dto_active_guide",
      "agent_id": 9,
      "reason": "minimum_observed_predator_distance_hysteresis"
    },
    {
      "time": 67.6,
      "kind": "public_dto_active_guide",
      "agent_id": 8,
      "reason": "minimum_observed_predator_distance_hysteresis"
    },
    {
      "time": 67.9,
      "kind": "public_dto_active_guide",
      "agent_id": 5,
      "reason": "minimum_observed_predator_distance_hysteresis"
    },
    {
      "time": 68.2,
      "kind": "public_dto_active_guide",
      "agent_id": 8,
      "reason": "minimum_observed_predator_distance_hysteresis"
    },
    {
      "time": 68.3,
      "kind": "public_dto_active_guide",
      "agent_id": 9,
      "reason": "minimum_observed_predator_distance_hysteresis"
    },
    {
      "time": 69.1,
      "kind": "public_dto_active_guide",
      "agent_id": 8,
      "reason": "minimum_observed_predator_distance_hysteresis"
    },
    {
      "time": 69.6,
      "kind": "public_dto_active_guide",
      "agent_id": 5,
      "reason": "minimum_observed_predator_distance_hysteresis"
    },
    {
      "time": 70.6,
      "kind": "public_dto_active_guide",
      "agent_id": 9,
      "reason": "minimum_observed_predator_distance_hysteresis"
    },
    {
      "time": 70.9,
      "kind": "public_dto_active_guide",
      "agent_id": 5,
      "reason": "minimum_observed_predator_distance_hysteresis"
    },
    {
      "time": 71.0,
      "kind": "public_dto_active_guide",
      "agent_id": 9,
      "reason": "minimum_observed_predator_distance_hysteresis"
    },
    {
      "time": 74.5,
      "kind": "public_dto_active_guide",
      "agent_id": 5,
      "reason": "minimum_observed_predator_distance_hysteresis"
    },
    {
      "time": 74.9,
      "kind": "public_dto_active_guide",
      "agent_id": 8,
      "reason": "minimum_observed_predator_distance_hysteresis"
    },
    {
      "time": 75.0,
      "kind": "public_dto_active_guide",
      "agent_id": 5,
      "reason": "minimum_observed_predator_distance_hysteresis"
    },
    {
      "time": 75.1,
      "kind": "public_dto_active_guide",
      "agent_id": 9,
      "reason": "minimum_observed_predator_distance_hysteresis"
    },
    {
      "time": 75.3,
      "kind": "public_dto_active_guide",
      "agent_id": 8,
      "reason": "minimum_observed_predator_distance_hysteresis"
    },
    {
      "time": 75.5,
      "kind": "public_dto_active_guide",
      "agent_id": 9,
      "reason": "minimum_observed_predator_distance_hysteresis"
    },
    {
      "time": 75.7,
      "kind": "public_dto_active_guide",
      "agent_id": 5,
      "reason": "minimum_observed_predator_distance_hysteresis"
    },
    {
      "time": 75.8,
      "kind": "public_dto_active_guide",
      "agent_id": 8,
      "reason": "minimum_observed_predator_distance_hysteresis"
    },
    {
      "time": 76.2,
      "kind": "public_dto_active_guide",
      "agent_id": 5,
      "reason": "minimum_observed_predator_distance_hysteresis"
    },
    {
      "time": 76.5,
      "kind": "public_dto_active_guide",
      "agent_id": 8,
      "reason": "minimum_observed_predator_distance_hysteresis"
    },
    {
      "time": 77.0,
      "kind": "public_dto_active_guide",
      "agent_id": 9,
      "reason": "minimum_observed_predator_distance_hysteresis"
    },
    {
      "time": 77.1,
      "kind": "public_dto_active_guide",
      "agent_id": 8,
      "reason": "minimum_observed_predator_distance_hysteresis"
    },
    {
      "time": 77.5,
      "kind": "public_dto_active_guide",
      "agent_id": 9,
      "reason": "minimum_observed_predator_distance_hysteresis"
    },
    {
      "time": 78.1,
      "kind": "public_dto_active_guide",
      "agent_id": 8,
      "reason": "minimum_observed_predator_distance_hysteresis"
    },
    {
      "time": 79.6,
      "kind": "public_dto_active_guide",
      "agent_id": 9,
      "reason": "minimum_observed_predator_distance_hysteresis"
    }
  ],
  "success": false,
  "replay": "results/simple_chase/replays/real-map-EmergencyGuides-m10325-f20325-p1-direct_guide-sitebait1-ba9099f5.json.gz"
}
/home/Ucals/projects/NordicCupAI-wall-funneling/survival-simulator/oscar-trap-research/survival/results/simple_chase/real-map-EmergencyGuides-m10325-f20325-p1-direct_guide-sitebait1-ba9099f5.json
