Running as unit: run-p942203-i919008.scope; invocation ID: fc43d08441514a2484eb2ce662b399e0
{"progress": "real-map-EmergencyGuides-m10333-f20333-p1-direct_guide-sitebait1-9ff1c519", "time": 10.0, "bait_deployed": 0.1, "policy_bait_ready": false, "encounter": 0.1, "oracle_handoff": null, "children": 3, "active_guide_id": 3, "guide_alive": false, "active_guide_alive": true, "guided_delivered": 0}
{"progress": "real-map-EmergencyGuides-m10333-f20333-p1-direct_guide-sitebait1-9ff1c519", "time": 20.0, "bait_deployed": 0.1, "policy_bait_ready": false, "encounter": 0.1, "oracle_handoff": null, "children": 8, "active_guide_id": 9, "guide_alive": false, "active_guide_alive": true, "guided_delivered": 0}
{"progress": "real-map-EmergencyGuides-m10333-f20333-p1-direct_guide-sitebait1-9ff1c519", "time": 30.0, "bait_deployed": 0.1, "policy_bait_ready": false, "encounter": 0.1, "oracle_handoff": null, "children": 8, "active_guide_id": 9, "guide_alive": false, "active_guide_alive": true, "guided_delivered": 0}
{"progress": "real-map-EmergencyGuides-m10333-f20333-p1-direct_guide-sitebait1-9ff1c519", "time": 40.0, "bait_deployed": 0.1, "policy_bait_ready": false, "encounter": 0.1, "oracle_handoff": null, "children": 8, "active_guide_id": 9, "guide_alive": false, "active_guide_alive": true, "guided_delivered": 0}
{"progress": "real-map-EmergencyGuides-m10333-f20333-p1-direct_guide-sitebait1-9ff1c519", "time": 50.0, "bait_deployed": 0.1, "policy_bait_ready": false, "encounter": 0.1, "oracle_handoff": null, "children": 8, "active_guide_id": 9, "guide_alive": false, "active_guide_alive": true, "guided_delivered": 0}
{"progress": "real-map-EmergencyGuides-m10333-f20333-p1-direct_guide-sitebait1-9ff1c519", "time": 60.0, "bait_deployed": 0.1, "policy_bait_ready": false, "encounter": 0.1, "oracle_handoff": null, "children": 8, "active_guide_id": 9, "guide_alive": false, "active_guide_alive": true, "guided_delivered": 0}
{"progress": "real-map-EmergencyGuides-m10333-f20333-p1-direct_guide-sitebait1-9ff1c519", "time": 70.0, "bait_deployed": 0.1, "policy_bait_ready": false, "encounter": 0.1, "oracle_handoff": null, "children": 8, "active_guide_id": 9, "guide_alive": false, "active_guide_alive": true, "guided_delivered": 0}
{"progress": "real-map-EmergencyGuides-m10333-f20333-p1-direct_guide-sitebait1-9ff1c519", "time": 80.0, "bait_deployed": 0.1, "policy_bait_ready": false, "encounter": 0.1, "oracle_handoff": null, "children": 8, "active_guide_id": 9, "guide_alive": false, "active_guide_alive": true, "guided_delivered": 0}
{"progress": "real-map-EmergencyGuides-m10333-f20333-p1-direct_guide-sitebait1-9ff1c519", "time": 90.0, "bait_deployed": 0.1, "policy_bait_ready": false, "encounter": 0.1, "oracle_handoff": null, "children": 8, "active_guide_id": 9, "guide_alive": false, "active_guide_alive": true, "guided_delivered": 0}
{"progress": "real-map-EmergencyGuides-m10333-f20333-p1-direct_guide-sitebait1-9ff1c519", "time": 100.0, "bait_deployed": 0.1, "policy_bait_ready": false, "encounter": 0.1, "oracle_handoff": null, "children": 8, "active_guide_id": 9, "guide_alive": false, "active_guide_alive": true, "guided_delivered": 0}
{"progress": "real-map-EmergencyGuides-m10333-f20333-p1-direct_guide-sitebait1-9ff1c519", "time": 110.0, "bait_deployed": 0.1, "policy_bait_ready": false, "encounter": 0.1, "oracle_handoff": null, "children": 8, "active_guide_id": 9, "guide_alive": false, "active_guide_alive": true, "guided_delivered": 0}
{"progress": "real-map-EmergencyGuides-m10333-f20333-p1-direct_guide-sitebait1-9ff1c519", "time": 120.0, "bait_deployed": 0.1, "policy_bait_ready": false, "encounter": 0.1, "oracle_handoff": null, "children": 8, "active_guide_id": 9, "guide_alive": false, "active_guide_alive": true, "guided_delivered": 0}
{"progress": "real-map-EmergencyGuides-m10333-f20333-p1-direct_guide-sitebait1-9ff1c519", "time": 130.0, "bait_deployed": 0.1, "policy_bait_ready": false, "encounter": 0.1, "oracle_handoff": null, "children": 8, "active_guide_id": 9, "guide_alive": false, "active_guide_alive": true, "guided_delivered": 0}
{"progress": "real-map-EmergencyGuides-m10333-f20333-p1-direct_guide-sitebait1-9ff1c519", "time": 140.0, "bait_deployed": 0.1, "policy_bait_ready": false, "encounter": 0.1, "oracle_handoff": null, "children": 8, "active_guide_id": 9, "guide_alive": false, "active_guide_alive": true, "guided_delivered": 0}
{"progress": "real-map-EmergencyGuides-m10333-f20333-p1-direct_guide-sitebait1-9ff1c519", "time": 150.0, "bait_deployed": 0.1, "policy_bait_ready": false, "encounter": 0.1, "oracle_handoff": null, "children": 8, "active_guide_id": 9, "guide_alive": false, "active_guide_alive": true, "guided_delivered": 0}
{"progress": "real-map-EmergencyGuides-m10333-f20333-p1-direct_guide-sitebait1-9ff1c519", "time": 160.0, "bait_deployed": 0.1, "policy_bait_ready": false, "encounter": 0.1, "oracle_handoff": null, "children": 8, "active_guide_id": 9, "guide_alive": false, "active_guide_alive": true, "guided_delivered": 0}
{"progress": "real-map-EmergencyGuides-m10333-f20333-p1-direct_guide-sitebait1-9ff1c519", "time": 170.0, "bait_deployed": 0.1, "policy_bait_ready": false, "encounter": 0.1, "oracle_handoff": null, "children": 8, "active_guide_id": 9, "guide_alive": false, "active_guide_alive": true, "guided_delivered": 0}
{"progress": "real-map-EmergencyGuides-m10333-f20333-p1-direct_guide-sitebait1-9ff1c519", "time": 180.0, "bait_deployed": 0.1, "policy_bait_ready": false, "encounter": 0.1, "oracle_handoff": null, "children": 8, "active_guide_id": 9, "guide_alive": false, "active_guide_alive": true, "guided_delivered": 0}
{"progress": "real-map-EmergencyGuides-m10333-f20333-p1-direct_guide-sitebait1-9ff1c519", "time": 190.0, "bait_deployed": 0.1, "policy_bait_ready": false, "encounter": 0.1, "oracle_handoff": null, "children": 8, "active_guide_id": 9, "guide_alive": false, "active_guide_alive": true, "guided_delivered": 0}
{"progress": "real-map-EmergencyGuides-m10333-f20333-p1-direct_guide-sitebait1-9ff1c519", "time": 200.0, "bait_deployed": 0.1, "policy_bait_ready": false, "encounter": 0.1, "oracle_handoff": null, "children": 8, "active_guide_id": 9, "guide_alive": false, "active_guide_alive": true, "guided_delivered": 0}
{"progress": "real-map-EmergencyGuides-m10333-f20333-p1-direct_guide-sitebait1-9ff1c519", "time": 210.0, "bait_deployed": 0.1, "policy_bait_ready": false, "encounter": 0.1, "oracle_handoff": null, "children": 8, "active_guide_id": 9, "guide_alive": false, "active_guide_alive": true, "guided_delivered": 0}
{"progress": "real-map-EmergencyGuides-m10333-f20333-p1-direct_guide-sitebait1-9ff1c519", "time": 220.0, "bait_deployed": 0.1, "policy_bait_ready": false, "encounter": 0.1, "oracle_handoff": null, "children": 8, "active_guide_id": 9, "guide_alive": false, "active_guide_alive": true, "guided_delivered": 0}
{"progress": "real-map-EmergencyGuides-m10333-f20333-p1-direct_guide-sitebait1-9ff1c519", "time": 230.0, "bait_deployed": 0.1, "policy_bait_ready": false, "encounter": 0.1, "oracle_handoff": null, "children": 8, "active_guide_id": 9, "guide_alive": false, "active_guide_alive": true, "guided_delivered": 0}
{"progress": "real-map-EmergencyGuides-m10333-f20333-p1-direct_guide-sitebait1-9ff1c519", "time": 240.0, "bait_deployed": 0.1, "policy_bait_ready": false, "encounter": 0.1, "oracle_handoff": null, "children": 8, "active_guide_id": 9, "guide_alive": false, "active_guide_alive": true, "guided_delivered": 0}
{"progress": "real-map-EmergencyGuides-m10333-f20333-p1-direct_guide-sitebait1-9ff1c519", "time": 250.0, "bait_deployed": 0.1, "policy_bait_ready": false, "encounter": 0.1, "oracle_handoff": null, "children": 8, "active_guide_id": 9, "guide_alive": false, "active_guide_alive": true, "guided_delivered": 0}
{"progress": "real-map-EmergencyGuides-m10333-f20333-p1-direct_guide-sitebait1-9ff1c519", "time": 260.0, "bait_deployed": 0.1, "policy_bait_ready": false, "encounter": 0.1, "oracle_handoff": null, "children": 8, "active_guide_id": 9, "guide_alive": false, "active_guide_alive": true, "guided_delivered": 0}
{"progress": "real-map-EmergencyGuides-m10333-f20333-p1-direct_guide-sitebait1-9ff1c519", "time": 270.0, "bait_deployed": 0.1, "policy_bait_ready": false, "encounter": 0.1, "oracle_handoff": null, "children": 8, "active_guide_id": 9, "guide_alive": false, "active_guide_alive": true, "guided_delivered": 0}
{"progress": "real-map-EmergencyGuides-m10333-f20333-p1-direct_guide-sitebait1-9ff1c519", "time": 280.0, "bait_deployed": 0.1, "policy_bait_ready": false, "encounter": 0.1, "oracle_handoff": null, "children": 8, "active_guide_id": 9, "guide_alive": false, "active_guide_alive": true, "guided_delivered": 0}
{"progress": "real-map-EmergencyGuides-m10333-f20333-p1-direct_guide-sitebait1-9ff1c519", "time": 290.0, "bait_deployed": 0.1, "policy_bait_ready": false, "encounter": 0.1, "oracle_handoff": null, "children": 8, "active_guide_id": 9, "guide_alive": false, "active_guide_alive": true, "guided_delivered": 0}
{"progress": "real-map-EmergencyGuides-m10333-f20333-p1-direct_guide-sitebait1-9ff1c519", "time": 300.0, "bait_deployed": 0.1, "policy_bait_ready": false, "encounter": 0.1, "oracle_handoff": null, "children": 8, "active_guide_id": 9, "guide_alive": false, "active_guide_alive": true, "guided_delivered": 0}
{"viewer_manifest_refresh": {"status": "deferred", "reason": "bounded-memory runs defer full-replay viewer processing"}}
{
  "schema": "real-map-intake-result-v2",
  "policy": "integrated_guide.policy_v27:EmergencyGuides",
  "policy_hash": "b786cab54310e7e1c2d2fa370f5c59b5697bdddcad4ef2940a9e6b0443aac6dd",
  "harness_hashes": {
    "research/simple_chase/run_streaming_v2.py": "837e02b05d1ba3af71df0949cb30beb18a8b2844f090f8b383c692192c52719a",
    "research/simple_chase/sampling.py": "1efb7d309c4cc79bc87916c1bea72a7845e78d0c2cdf0aeaf9e2a758ceed48ab",
    "research/simple_chase/static_map.py": "197b16cbe9dd2e3dd06b81fe9481986a97bd92d9c2a55f33597cc9b7280faf3c",
    "debugger/streaming_recorder_v2.py": "d5ecda6bb39ec74a9ad86fb20458df5de7f466d73052558af9e2877be3d99b19"
  },
  "mode": "direct_guide",
  "map_seed": 10333,
  "fixture_seed": 20333,
  "static_map_hash": "9c4b24eb49df35fe63dd9ed81346c730ddc051ece4c5f15c6a01cbc7d44eef9d",
  "site": {
    "mouth": [
      459.7076,
      508.1186
    ],
    "inward": [
      0.0,
      1.0
    ],
    "cross": [
      -1.0,
      0.0
    ],
    "goal": [
      459.7076,
      513.1186
    ],
    "far": [
      459.7076,
      383.1186
    ],
    "hold": [
      459.7076,
      433.1186
    ],
    "gap": 13.9701,
    "overlap": 85.3875,
    "runup": [
      459.7076,
      258.1186
    ],
    "approach_lane_offset": 0.0,
    "offset_approach": false,
    "obstacle_indices": [
      12,
      69
    ],
    "axis": 0,
    "other_mouth": [
      459.7076,
      593.506
    ],
    "replacement_entry": [
      459.7076,
      613.506
    ],
    "second_access_clear": true,
    "second_access_radius": 5.01,
    "bait_depth": 5.0,
    "boundary_indices": [],
    "geometric_replacement_access_only": true
  },
  "station_bait": true,
  "requested_seconds": 300.0,
  "seconds": 300.0,
  "reason": "horizon",
  "native_render": true,
  "reproduction_of": null,
  "record_every_ticks": 1,
  "replay_frames": 3001,
  "initial_predators": 1,
  "final_predators_total": 3,
  "tracked_predators_present_final": 1,
  "ambient_predators_spawned": 2,
  "ambient_predators_present_final": 2,
  "agent_energy_refilled": true,
  "predator_state_native": false,
  "predator_dynamics_native_after_setup": true,
  "arranged_adjacent_awake_start": true,
  "bait_id": 0,
  "guide_id": 1,
  "bait_alive": true,
  "guide_alive": false,
  "deaths": [
    {
      "time": 9.8,
      "agent_id": 2,
      "role": "native_child"
    },
    {
      "time": 9.9,
      "agent_id": 1,
      "role": "parent_guide"
    },
    {
      "time": 10.0,
      "agent_id": 4,
      "role": "native_child"
    }
  ],
  "spawn_requests": [
    {
      "time": 9.7,
      "parent_id": 1
    },
    {
      "time": 9.8,
      "parent_id": 1
    },
    {
      "time": 9.9,
      "parent_id": 3
    },
    {
      "time": 10.0,
      "parent_id": 3
    },
    {
      "time": 10.1,
      "parent_id": 5
    },
    {
      "time": 10.2,
      "parent_id": 6
    },
    {
      "time": 10.3,
      "parent_id": 7
    },
    {
      "time": 10.4,
      "parent_id": 6
    }
  ],
  "child_births": [
    {
      "time": 9.7,
      "child_id": 2,
      "x": 445.9737,
      "y": 427.9957,
      "requesting_parent_ids": [
        1
      ],
      "native_parent_proximity_spawn": true
    },
    {
      "time": 9.8,
      "child_id": 3,
      "x": 453.0922,
      "y": 446.911,
      "requesting_parent_ids": [
        1
      ],
      "native_parent_proximity_spawn": true
    },
    {
      "time": 9.9,
      "child_id": 4,
      "x": 453.3164,
      "y": 449.4069,
      "requesting_parent_ids": [
        3
      ],
      "native_parent_proximity_spawn": true
    },
    {
      "time": 10.0,
      "child_id": 5,
      "x": 452.7937,
      "y": 486.6813,
      "requesting_parent_ids": [
        3
      ],
      "native_parent_proximity_spawn": true
    },
    {
      "time": 10.1,
      "child_id": 6,
      "x": 471.2713,
      "y": 494.335,
      "requesting_parent_ids": [
        5
      ],
      "native_parent_proximity_spawn": true
    },
    {
      "time": 10.2,
      "child_id": 7,
      "x": 461.4503,
      "y": 511.7576,
      "requesting_parent_ids": [
        6
      ],
      "native_parent_proximity_spawn": true
    },
    {
      "time": 10.3,
      "child_id": 8,
      "x": 461.4503,
      "y": 531.7576,
      "requesting_parent_ids": [
        7
      ],
      "native_parent_proximity_spawn": true
    },
    {
      "time": 10.4,
      "child_id": 9,
      "x": 457.9821,
      "y": 551.4546,
      "requesting_parent_ids": [
        6
      ],
      "native_parent_proximity_spawn": true
    }
  ],
  "fruit_consumptions": [
    {
      "time": 5.7,
      "agent_id": 1,
      "x": 461.6833,
      "y": 253.3638
    },
    {
      "time": 7.2,
      "agent_id": 1,
      "x": 466.3521,
      "y": 393.5978
    }
  ],
  "parent_fruit_consumed_before_tracked_encounter": 0,
  "tracked_encounter_times": [
    0.1
  ],
  "conditional_delivery_denominator": true,
  "conditional_delivery_status": "not_applicable",
  "setup_oracle": false,
  "setup_oracle_target": null,
  "setup_oracle_ticks": 0,
  "setup_oracle_routing": null,
  "setup_oracle_route_resets": 0,
  "setup_oracle_policy_reset_before_handoff_act": false,
  "setup_oracle_handoff_time": null,
  "dynamic_action_privilege_ended_at": null,
  "target_switches": [
    {
      "time": 0.1,
      "tracked_predator_slot": 0,
      "target": 1
    },
    {
      "time": 9.9,
      "tracked_predator_slot": 0,
      "target": 3
    },
    {
      "time": 10.3,
      "tracked_predator_slot": 0,
      "target": 6
    },
    {
      "time": 10.4,
      "tracked_predator_slot": 0,
      "target": 0
    },
    {
      "time": 22.8,
      "tracked_predator_slot": 0,
      "target": "resting"
    },
    {
      "time": 26.3,
      "tracked_predator_slot": 0,
      "target": 0
    },
    {
      "time": 35.6,
      "tracked_predator_slot": 0,
      "target": "resting"
    },
    {
      "time": 39.1,
      "tracked_predator_slot": 0,
      "target": 0
    },
    {
      "time": 48.3,
      "tracked_predator_slot": 0,
      "target": "resting"
    },
    {
      "time": 51.8,
      "tracked_predator_slot": 0,
      "target": 0
    },
    {
      "time": 61.0,
      "tracked_predator_slot": 0,
      "target": "resting"
    },
    {
      "time": 64.5,
      "tracked_predator_slot": 0,
      "target": 0
    },
    {
      "time": 73.7,
      "tracked_predator_slot": 0,
      "target": "resting"
    },
    {
      "time": 77.2,
      "tracked_predator_slot": 0,
      "target": 0
    },
    {
      "time": 86.4,
      "tracked_predator_slot": 0,
      "target": "resting"
    },
    {
      "time": 89.9,
      "tracked_predator_slot": 0,
      "target": 0
    },
    {
      "time": 98.9,
      "tracked_predator_slot": 0,
      "target": "resting"
    },
    {
      "time": 102.4,
      "tracked_predator_slot": 0,
      "target": 0
    },
    {
      "time": 111.6,
      "tracked_predator_slot": 0,
      "target": "resting"
    },
    {
      "time": 115.1,
      "tracked_predator_slot": 0,
      "target": 0
    },
    {
      "time": 124.3,
      "tracked_predator_slot": 0,
      "target": "resting"
    },
    {
      "time": 127.8,
      "tracked_predator_slot": 0,
      "target": 0
    },
    {
      "time": 137.1,
      "tracked_predator_slot": 0,
      "target": "resting"
    },
    {
      "time": 140.6,
      "tracked_predator_slot": 0,
      "target": 0
    },
    {
      "time": 149.8,
      "tracked_predator_slot": 0,
      "target": "resting"
    },
    {
      "time": 153.3,
      "tracked_predator_slot": 0,
      "target": 0
    },
    {
      "time": 162.5,
      "tracked_predator_slot": 0,
      "target": "resting"
    },
    {
      "time": 166.0,
      "tracked_predator_slot": 0,
      "target": 0
    },
    {
      "time": 175.3,
      "tracked_predator_slot": 0,
      "target": "resting"
    },
    {
      "time": 178.8,
      "tracked_predator_slot": 0,
      "target": 0
    },
    {
      "time": 188.0,
      "tracked_predator_slot": 0,
      "target": "resting"
    },
    {
      "time": 191.5,
      "tracked_predator_slot": 0,
      "target": 0
    },
    {
      "time": 200.8,
      "tracked_predator_slot": 0,
      "target": "resting"
    },
    {
      "time": 204.3,
      "tracked_predator_slot": 0,
      "target": 0
    },
    {
      "time": 213.5,
      "tracked_predator_slot": 0,
      "target": "resting"
    },
    {
      "time": 217.0,
      "tracked_predator_slot": 0,
      "target": 0
    },
    {
      "time": 226.3,
      "tracked_predator_slot": 0,
      "target": "resting"
    },
    {
      "time": 229.8,
      "tracked_predator_slot": 0,
      "target": 0
    },
    {
      "time": 239.0,
      "tracked_predator_slot": 0,
      "target": "resting"
    },
    {
      "time": 242.5,
      "tracked_predator_slot": 0,
      "target": 0
    },
    {
      "time": 251.8,
      "tracked_predator_slot": 0,
      "target": "resting"
    },
    {
      "time": 255.3,
      "tracked_predator_slot": 0,
      "target": 0
    },
    {
      "time": 264.5,
      "tracked_predator_slot": 0,
      "target": "resting"
    },
    {
      "time": 268.0,
      "tracked_predator_slot": 0,
      "target": 0
    },
    {
      "time": 277.3,
      "tracked_predator_slot": 0,
      "target": "resting"
    },
    {
      "time": 280.8,
      "tracked_predator_slot": 0,
      "target": 0
    },
    {
      "time": 290.0,
      "tracked_predator_slot": 0,
      "target": "resting"
    },
    {
      "time": 293.5,
      "tracked_predator_slot": 0,
      "target": 0
    }
  ],
  "guide_role_trace": [
    {
      "time": 0,
      "active_guide_id": 1
    },
    {
      "time": 9.9,
      "active_guide_id": 3
    },
    {
      "time": 10.6,
      "active_guide_id": 7
    },
    {
      "time": 10.7,
      "active_guide_id": 3
    },
    {
      "time": 11.2,
      "active_guide_id": 7
    },
    {
      "time": 11.5,
      "active_guide_id": 5
    },
    {
      "time": 11.7,
      "active_guide_id": 6
    },
    {
      "time": 12.0,
      "active_guide_id": 7
    },
    {
      "time": 12.1,
      "active_guide_id": 8
    },
    {
      "time": 12.2,
      "active_guide_id": 7
    },
    {
      "time": 12.3,
      "active_guide_id": 8
    },
    {
      "time": 12.4,
      "active_guide_id": 7
    },
    {
      "time": 12.5,
      "active_guide_id": 8
    },
    {
      "time": 12.6,
      "active_guide_id": 7
    },
    {
      "time": 12.7,
      "active_guide_id": 8
    },
    {
      "time": 12.8,
      "active_guide_id": 7
    },
    {
      "time": 12.9,
      "active_guide_id": 8
    },
    {
      "time": 13.0,
      "active_guide_id": 7
    },
    {
      "time": 13.1,
      "active_guide_id": 8
    },
    {
      "time": 13.2,
      "active_guide_id": 7
    },
    {
      "time": 13.3,
      "active_guide_id": 8
    },
    {
      "time": 13.4,
      "active_guide_id": 7
    },
    {
      "time": 13.5,
      "active_guide_id": 8
    },
    {
      "time": 13.6,
      "active_guide_id": 7
    },
    {
      "time": 13.7,
      "active_guide_id": 8
    },
    {
      "time": 13.8,
      "active_guide_id": 7
    },
    {
      "time": 13.9,
      "active_guide_id": 8
    },
    {
      "time": 15.0,
      "active_guide_id": 7
    },
    {
      "time": 15.1,
      "active_guide_id": 8
    },
    {
      "time": 15.2,
      "active_guide_id": 7
    },
    {
      "time": 15.3,
      "active_guide_id": 8
    },
    {
      "time": 15.4,
      "active_guide_id": 7
    },
    {
      "time": 15.5,
      "active_guide_id": 8
    },
    {
      "time": 15.6,
      "active_guide_id": 7
    },
    {
      "time": 15.7,
      "active_guide_id": 8
    },
    {
      "time": 15.8,
      "active_guide_id": 7
    },
    {
      "time": 15.9,
      "active_guide_id": 8
    },
    {
      "time": 16.0,
      "active_guide_id": 7
    },
    {
      "time": 16.1,
      "active_guide_id": 8
    },
    {
      "time": 16.2,
      "active_guide_id": 7
    },
    {
      "time": 16.3,
      "active_guide_id": 8
    },
    {
      "time": 16.4,
      "active_guide_id": 7
    },
    {
      "time": 16.5,
      "active_guide_id": 6
    },
    {
      "time": 16.6,
      "active_guide_id": 7
    },
    {
      "time": 16.8,
      "active_guide_id": 8
    },
    {
      "time": 18.2,
      "active_guide_id": 9
    },
    {
      "time": 18.3,
      "active_guide_id": 6
    },
    {
      "time": 18.4,
      "active_guide_id": 9
    },
    {
      "time": 18.5,
      "active_guide_id": 6
    },
    {
      "time": 18.6,
      "active_guide_id": 9
    },
    {
      "time": 18.7,
      "active_guide_id": 6
    },
    {
      "time": 18.8,
      "active_guide_id": 9
    },
    {
      "time": 18.9,
      "active_guide_id": 6
    },
    {
      "time": 19.0,
      "active_guide_id": 9
    }
  ],
  "guide_follow_trace": [
    {
      "time": 0.1,
      "active_guide_id": 1,
      "tracked_predator_slot": 0
    },
    {
      "time": 10.0,
      "active_guide_id": 3,
      "tracked_predator_slot": 0
    }
  ],
  "guide_role": "child",
  "parent_role": "gather_evade",
  "child_role": "guide",
  "active_guide_id_final": 9,
  "active_guide_alive_final": true,
  "guide_role_ids": [
    1,
    3,
    5,
    6,
    7,
    8,
    9
  ],
  "bait_deployed_at": 0.1,
  "policy_bait_ready_final": false,
  "bait_left_after_deployment": null,
  "final_bait_distance_to_goal": 0.0,
  "first_guide_predator_observation": 0.1,
  "first_predator_following_guide": 0.1,
  "first_predator_following_active_guide": null,
  "tracked_seen_by_guide": 1,
  "tracked_followed_active_guide": 0,
  "physical_entered": 1,
  "guided_delivered": 0,
  "physical_losses_after_delivery": 0,
  "target_losses_after_delivery": 0,
  "physical_entry_times": [
    10.0
  ],
  "guided_delivery_times": [
    null
  ],
  "loss_times": [
    null
  ],
  "target_loss_times": [
    null
  ],
  "tail_seconds": 30.0,
  "tail_physical_min": 1,
  "tail_contained_min": 1,
  "final_distance_from_mouth": [
    20.2696
  ],
  "max_distance_after_delivery": [
    0.0
  ],
  "policy_events": [
    {
      "time": 9.7,
      "kind": "emergency_reserve_budget_enabled",
      "observed_distance": 37.0783,
      "blocked_escape_cone": false,
      "close_wall": true,
      "agent_id": 1
    },
    {
      "time": 9.7,
      "kind": "bounded_emergency_reserve_birth",
      "parent_id": 1,
      "request_number": 1,
      "observed_distance": 37.0783
    },
    {
      "time": 9.8,
      "kind": "bounded_emergency_reserve_birth",
      "parent_id": 1,
      "request_number": 2,
      "observed_distance": 28.0956
    },
    {
      "time": 9.9,
      "kind": "native_backup_registered",
      "agent_id": 3
    },
    {
      "time": 9.9,
      "kind": "public_dto_active_guide",
      "agent_id": 3,
      "reason": "minimum_observed_predator_distance_hysteresis"
    },
    {
      "time": 9.9,
      "kind": "bounded_emergency_reserve_birth",
      "parent_id": 3,
      "request_number": 3,
      "observed_distance": 30.2927
    },
    {
      "time": 10.0,
      "kind": "bounded_emergency_reserve_birth",
      "parent_id": 3,
      "request_number": 4,
      "observed_distance": 35.9674
    },
    {
      "time": 10.1,
      "kind": "native_backup_registered",
      "agent_id": 5
    },
    {
      "time": 10.1,
      "kind": "bounded_emergency_reserve_birth",
      "parent_id": 5,
      "request_number": 5,
      "observed_distance": 40.5173
    },
    {
      "time": 10.2,
      "kind": "native_backup_registered",
      "agent_id": 6
    },
    {
      "time": 10.2,
      "kind": "bounded_emergency_reserve_birth",
      "parent_id": 6,
      "request_number": 6,
      "observed_distance": 36.2842
    },
    {
      "time": 10.3,
      "kind": "native_backup_registered",
      "agent_id": 7
    },
    {
      "time": 10.3,
      "kind": "bounded_emergency_reserve_birth",
      "parent_id": 7,
      "request_number": 7,
      "observed_distance": 35.7482
    },
    {
      "time": 10.4,
      "kind": "native_backup_registered",
      "agent_id": 8
    },
    {
      "time": 10.4,
      "kind": "bounded_emergency_reserve_birth",
      "parent_id": 6,
      "request_number": 8,
      "observed_distance": 42.8319
    },
    {
      "time": 10.5,
      "kind": "native_backup_registered",
      "agent_id": 9
    },
    {
      "time": 10.6,
      "kind": "public_dto_active_guide",
      "agent_id": 7,
      "reason": "minimum_observed_predator_distance_hysteresis"
    },
    {
      "time": 10.7,
      "kind": "public_dto_active_guide",
      "agent_id": 3,
      "reason": "minimum_observed_predator_distance_hysteresis"
    },
    {
      "time": 11.2,
      "kind": "public_dto_active_guide",
      "agent_id": 7,
      "reason": "minimum_observed_predator_distance_hysteresis"
    },
    {
      "time": 11.5,
      "kind": "public_dto_active_guide",
      "agent_id": 5,
      "reason": "minimum_observed_predator_distance_hysteresis"
    },
    {
      "time": 11.7,
      "kind": "public_dto_active_guide",
      "agent_id": 6,
      "reason": "minimum_observed_predator_distance_hysteresis"
    },
    {
      "time": 12.0,
      "kind": "public_dto_active_guide",
      "agent_id": 7,
      "reason": "minimum_observed_predator_distance_hysteresis"
    },
    {
      "time": 12.1,
      "kind": "public_dto_active_guide",
      "agent_id": 8,
      "reason": "minimum_observed_predator_distance_hysteresis"
    },
    {
      "time": 12.2,
      "kind": "public_dto_active_guide",
      "agent_id": 7,
      "reason": "minimum_observed_predator_distance_hysteresis"
    },
    {
      "time": 12.3,
      "kind": "public_dto_active_guide",
      "agent_id": 8,
      "reason": "minimum_observed_predator_distance_hysteresis"
    },
    {
      "time": 12.4,
      "kind": "public_dto_active_guide",
      "agent_id": 7,
      "reason": "minimum_observed_predator_distance_hysteresis"
    },
    {
      "time": 12.5,
      "kind": "public_dto_active_guide",
      "agent_id": 8,
      "reason": "minimum_observed_predator_distance_hysteresis"
    },
    {
      "time": 12.6,
      "kind": "public_dto_active_guide",
      "agent_id": 7,
      "reason": "minimum_observed_predator_distance_hysteresis"
    },
    {
      "time": 12.7,
      "kind": "public_dto_active_guide",
      "agent_id": 8,
      "reason": "minimum_observed_predator_distance_hysteresis"
    },
    {
      "time": 12.8,
      "kind": "public_dto_active_guide",
      "agent_id": 7,
      "reason": "minimum_observed_predator_distance_hysteresis"
    },
    {
      "time": 12.9,
      "kind": "public_dto_active_guide",
      "agent_id": 8,
      "reason": "minimum_observed_predator_distance_hysteresis"
    },
    {
      "time": 13.0,
      "kind": "public_dto_active_guide",
      "agent_id": 7,
      "reason": "minimum_observed_predator_distance_hysteresis"
    },
    {
      "time": 13.1,
      "kind": "public_dto_active_guide",
      "agent_id": 8,
      "reason": "minimum_observed_predator_distance_hysteresis"
    },
    {
      "time": 13.2,
      "kind": "public_dto_active_guide",
      "agent_id": 7,
      "reason": "minimum_observed_predator_distance_hysteresis"
    },
    {
      "time": 13.3,
      "kind": "public_dto_active_guide",
      "agent_id": 8,
      "reason": "minimum_observed_predator_distance_hysteresis"
    },
    {
      "time": 13.4,
      "kind": "public_dto_active_guide",
      "agent_id": 7,
      "reason": "minimum_observed_predator_distance_hysteresis"
    },
    {
      "time": 13.5,
      "kind": "public_dto_active_guide",
      "agent_id": 8,
      "reason": "minimum_observed_predator_distance_hysteresis"
    },
    {
      "time": 13.6,
      "kind": "public_dto_active_guide",
      "agent_id": 7,
      "reason": "minimum_observed_predator_distance_hysteresis"
    },
    {
      "time": 13.7,
      "kind": "public_dto_active_guide",
      "agent_id": 8,
      "reason": "minimum_observed_predator_distance_hysteresis"
    },
    {
      "time": 13.8,
      "kind": "public_dto_active_guide",
      "agent_id": 7,
      "reason": "minimum_observed_predator_distance_hysteresis"
    },
    {
      "time": 13.9,
      "kind": "public_dto_active_guide",
      "agent_id": 8,
      "reason": "minimum_observed_predator_distance_hysteresis"
    },
    {
      "time": 15.0,
      "kind": "public_dto_active_guide",
      "agent_id": 7,
      "reason": "minimum_observed_predator_distance_hysteresis"
    },
    {
      "time": 15.1,
      "kind": "public_dto_active_guide",
      "agent_id": 8,
      "reason": "minimum_observed_predator_distance_hysteresis"
    },
    {
      "time": 15.2,
      "kind": "public_dto_active_guide",
      "agent_id": 7,
      "reason": "minimum_observed_predator_distance_hysteresis"
    },
    {
      "time": 15.3,
      "kind": "public_dto_active_guide",
      "agent_id": 8,
      "reason": "minimum_observed_predator_distance_hysteresis"
    },
    {
      "time": 15.4,
      "kind": "public_dto_active_guide",
      "agent_id": 7,
      "reason": "minimum_observed_predator_distance_hysteresis"
    },
    {
      "time": 15.5,
      "kind": "public_dto_active_guide",
      "agent_id": 8,
      "reason": "minimum_observed_predator_distance_hysteresis"
    },
    {
      "time": 15.6,
      "kind": "public_dto_active_guide",
      "agent_id": 7,
      "reason": "minimum_observed_predator_distance_hysteresis"
    },
    {
      "time": 15.7,
      "kind": "public_dto_active_guide",
      "agent_id": 8,
      "reason": "minimum_observed_predator_distance_hysteresis"
    },
    {
      "time": 15.8,
      "kind": "public_dto_active_guide",
      "agent_id": 7,
      "reason": "minimum_observed_predator_distance_hysteresis"
    },
    {
      "time": 15.9,
      "kind": "public_dto_active_guide",
      "agent_id": 8,
      "reason": "minimum_observed_predator_distance_hysteresis"
    },
    {
      "time": 16.0,
      "kind": "public_dto_active_guide",
      "agent_id": 7,
      "reason": "minimum_observed_predator_distance_hysteresis"
    },
    {
      "time": 16.1,
      "kind": "public_dto_active_guide",
      "agent_id": 8,
      "reason": "minimum_observed_predator_distance_hysteresis"
    },
    {
      "time": 16.2,
      "kind": "public_dto_active_guide",
      "agent_id": 7,
      "reason": "minimum_observed_predator_distance_hysteresis"
    },
    {
      "time": 16.3,
      "kind": "public_dto_active_guide",
      "agent_id": 8,
      "reason": "minimum_observed_predator_distance_hysteresis"
    },
    {
      "time": 16.4,
      "kind": "public_dto_active_guide",
      "agent_id": 7,
      "reason": "minimum_observed_predator_distance_hysteresis"
    },
    {
      "time": 16.5,
      "kind": "public_dto_active_guide",
      "agent_id": 6,
      "reason": "minimum_observed_predator_distance_hysteresis"
    },
    {
      "time": 16.6,
      "kind": "public_dto_active_guide",
      "agent_id": 7,
      "reason": "minimum_observed_predator_distance_hysteresis"
    },
    {
      "time": 16.8,
      "kind": "public_dto_active_guide",
      "agent_id": 8,
      "reason": "minimum_observed_predator_distance_hysteresis"
    },
    {
      "time": 18.2,
      "kind": "public_dto_active_guide",
      "agent_id": 9,
      "reason": "minimum_observed_predator_distance_hysteresis"
    },
    {
      "time": 18.3,
      "kind": "public_dto_active_guide",
      "agent_id": 6,
      "reason": "minimum_observed_predator_distance_hysteresis"
    },
    {
      "time": 18.4,
      "kind": "public_dto_active_guide",
      "agent_id": 9,
      "reason": "minimum_observed_predator_distance_hysteresis"
    },
    {
      "time": 18.5,
      "kind": "public_dto_active_guide",
      "agent_id": 6,
      "reason": "minimum_observed_predator_distance_hysteresis"
    },
    {
      "time": 18.6,
      "kind": "public_dto_active_guide",
      "agent_id": 9,
      "reason": "minimum_observed_predator_distance_hysteresis"
    },
    {
      "time": 18.7,
      "kind": "public_dto_active_guide",
      "agent_id": 6,
      "reason": "minimum_observed_predator_distance_hysteresis"
    },
    {
      "time": 18.8,
      "kind": "public_dto_active_guide",
      "agent_id": 9,
      "reason": "minimum_observed_predator_distance_hysteresis"
    },
    {
      "time": 18.9,
      "kind": "public_dto_active_guide",
      "agent_id": 6,
      "reason": "minimum_observed_predator_distance_hysteresis"
    },
    {
      "time": 19.0,
      "kind": "public_dto_active_guide",
      "agent_id": 9,
      "reason": "minimum_observed_predator_distance_hysteresis"
    }
  ],
  "success": false,
  "replay": "results/simple_chase/replays/real-map-EmergencyGuides-m10333-f20333-p1-direct_guide-sitebait1-9ff1c519.json.gz"
}
/home/Ucals/projects/NordicCupAI-wall-funneling/survival-simulator/oscar-trap-research/survival/results/simple_chase/real-map-EmergencyGuides-m10333-f20333-p1-direct_guide-sitebait1-9ff1c519.json
