Running as unit: run-p920519-i950614.scope; invocation ID: 3100fdd92cb642aca72738d3dbbdfe51
{"progress": "real-map-EmergencyGuides-m10329-f20329-p1-direct_guide-sitebait1-f2d24e52", "time": 10.0, "bait_deployed": 0.1, "policy_bait_ready": false, "encounter": 0.1, "oracle_handoff": null, "children": 0, "active_guide_id": 1, "guide_alive": true, "active_guide_alive": true, "guided_delivered": 0}
{"progress": "real-map-EmergencyGuides-m10329-f20329-p1-direct_guide-sitebait1-f2d24e52", "time": 20.0, "bait_deployed": 0.1, "policy_bait_ready": false, "encounter": 0.1, "oracle_handoff": null, "children": 8, "active_guide_id": 2, "guide_alive": true, "active_guide_alive": true, "guided_delivered": 0}
{"progress": "real-map-EmergencyGuides-m10329-f20329-p1-direct_guide-sitebait1-f2d24e52", "time": 30.0, "bait_deployed": 0.1, "policy_bait_ready": false, "encounter": 0.1, "oracle_handoff": null, "children": 8, "active_guide_id": 9, "guide_alive": false, "active_guide_alive": true, "guided_delivered": 0}
{"progress": "real-map-EmergencyGuides-m10329-f20329-p1-direct_guide-sitebait1-f2d24e52", "time": 40.0, "bait_deployed": 0.1, "policy_bait_ready": false, "encounter": 0.1, "oracle_handoff": null, "children": 8, "active_guide_id": 6, "guide_alive": false, "active_guide_alive": false, "guided_delivered": 1}
{"progress": "real-map-EmergencyGuides-m10329-f20329-p1-direct_guide-sitebait1-f2d24e52", "time": 50.0, "bait_deployed": 0.1, "policy_bait_ready": false, "encounter": 0.1, "oracle_handoff": null, "children": 8, "active_guide_id": 6, "guide_alive": false, "active_guide_alive": false, "guided_delivered": 1}
{"progress": "real-map-EmergencyGuides-m10329-f20329-p1-direct_guide-sitebait1-f2d24e52", "time": 60.0, "bait_deployed": 0.1, "policy_bait_ready": false, "encounter": 0.1, "oracle_handoff": null, "children": 8, "active_guide_id": 6, "guide_alive": false, "active_guide_alive": false, "guided_delivered": 1}
{"progress": "real-map-EmergencyGuides-m10329-f20329-p1-direct_guide-sitebait1-f2d24e52", "time": 70.0, "bait_deployed": 0.1, "policy_bait_ready": false, "encounter": 0.1, "oracle_handoff": null, "children": 8, "active_guide_id": 6, "guide_alive": false, "active_guide_alive": false, "guided_delivered": 1}
{"progress": "real-map-EmergencyGuides-m10329-f20329-p1-direct_guide-sitebait1-f2d24e52", "time": 80.0, "bait_deployed": 0.1, "policy_bait_ready": false, "encounter": 0.1, "oracle_handoff": null, "children": 8, "active_guide_id": 6, "guide_alive": false, "active_guide_alive": false, "guided_delivered": 1}
{"progress": "real-map-EmergencyGuides-m10329-f20329-p1-direct_guide-sitebait1-f2d24e52", "time": 90.0, "bait_deployed": 0.1, "policy_bait_ready": false, "encounter": 0.1, "oracle_handoff": null, "children": 8, "active_guide_id": 6, "guide_alive": false, "active_guide_alive": false, "guided_delivered": 1}
{"progress": "real-map-EmergencyGuides-m10329-f20329-p1-direct_guide-sitebait1-f2d24e52", "time": 100.0, "bait_deployed": 0.1, "policy_bait_ready": false, "encounter": 0.1, "oracle_handoff": null, "children": 8, "active_guide_id": 6, "guide_alive": false, "active_guide_alive": false, "guided_delivered": 1}
{"progress": "real-map-EmergencyGuides-m10329-f20329-p1-direct_guide-sitebait1-f2d24e52", "time": 110.0, "bait_deployed": 0.1, "policy_bait_ready": false, "encounter": 0.1, "oracle_handoff": null, "children": 8, "active_guide_id": 6, "guide_alive": false, "active_guide_alive": false, "guided_delivered": 1}
{"progress": "real-map-EmergencyGuides-m10329-f20329-p1-direct_guide-sitebait1-f2d24e52", "time": 120.0, "bait_deployed": 0.1, "policy_bait_ready": false, "encounter": 0.1, "oracle_handoff": null, "children": 8, "active_guide_id": 6, "guide_alive": false, "active_guide_alive": false, "guided_delivered": 1}
{"progress": "real-map-EmergencyGuides-m10329-f20329-p1-direct_guide-sitebait1-f2d24e52", "time": 130.0, "bait_deployed": 0.1, "policy_bait_ready": false, "encounter": 0.1, "oracle_handoff": null, "children": 8, "active_guide_id": 6, "guide_alive": false, "active_guide_alive": false, "guided_delivered": 1}
{"progress": "real-map-EmergencyGuides-m10329-f20329-p1-direct_guide-sitebait1-f2d24e52", "time": 140.0, "bait_deployed": 0.1, "policy_bait_ready": false, "encounter": 0.1, "oracle_handoff": null, "children": 8, "active_guide_id": 6, "guide_alive": false, "active_guide_alive": false, "guided_delivered": 1}
{"progress": "real-map-EmergencyGuides-m10329-f20329-p1-direct_guide-sitebait1-f2d24e52", "time": 150.0, "bait_deployed": 0.1, "policy_bait_ready": false, "encounter": 0.1, "oracle_handoff": null, "children": 8, "active_guide_id": 6, "guide_alive": false, "active_guide_alive": false, "guided_delivered": 1}
{"progress": "real-map-EmergencyGuides-m10329-f20329-p1-direct_guide-sitebait1-f2d24e52", "time": 160.0, "bait_deployed": 0.1, "policy_bait_ready": false, "encounter": 0.1, "oracle_handoff": null, "children": 8, "active_guide_id": 6, "guide_alive": false, "active_guide_alive": false, "guided_delivered": 1}
{"progress": "real-map-EmergencyGuides-m10329-f20329-p1-direct_guide-sitebait1-f2d24e52", "time": 170.0, "bait_deployed": 0.1, "policy_bait_ready": false, "encounter": 0.1, "oracle_handoff": null, "children": 8, "active_guide_id": 6, "guide_alive": false, "active_guide_alive": false, "guided_delivered": 1}
{"progress": "real-map-EmergencyGuides-m10329-f20329-p1-direct_guide-sitebait1-f2d24e52", "time": 180.0, "bait_deployed": 0.1, "policy_bait_ready": false, "encounter": 0.1, "oracle_handoff": null, "children": 8, "active_guide_id": 6, "guide_alive": false, "active_guide_alive": false, "guided_delivered": 1}
{"progress": "real-map-EmergencyGuides-m10329-f20329-p1-direct_guide-sitebait1-f2d24e52", "time": 190.0, "bait_deployed": 0.1, "policy_bait_ready": false, "encounter": 0.1, "oracle_handoff": null, "children": 8, "active_guide_id": 6, "guide_alive": false, "active_guide_alive": false, "guided_delivered": 1}
{"progress": "real-map-EmergencyGuides-m10329-f20329-p1-direct_guide-sitebait1-f2d24e52", "time": 200.0, "bait_deployed": 0.1, "policy_bait_ready": false, "encounter": 0.1, "oracle_handoff": null, "children": 8, "active_guide_id": 6, "guide_alive": false, "active_guide_alive": false, "guided_delivered": 1}
{"progress": "real-map-EmergencyGuides-m10329-f20329-p1-direct_guide-sitebait1-f2d24e52", "time": 210.0, "bait_deployed": 0.1, "policy_bait_ready": false, "encounter": 0.1, "oracle_handoff": null, "children": 8, "active_guide_id": 6, "guide_alive": false, "active_guide_alive": false, "guided_delivered": 1}
{"progress": "real-map-EmergencyGuides-m10329-f20329-p1-direct_guide-sitebait1-f2d24e52", "time": 220.0, "bait_deployed": 0.1, "policy_bait_ready": false, "encounter": 0.1, "oracle_handoff": null, "children": 8, "active_guide_id": 6, "guide_alive": false, "active_guide_alive": false, "guided_delivered": 1}
{"progress": "real-map-EmergencyGuides-m10329-f20329-p1-direct_guide-sitebait1-f2d24e52", "time": 230.0, "bait_deployed": 0.1, "policy_bait_ready": false, "encounter": 0.1, "oracle_handoff": null, "children": 8, "active_guide_id": 6, "guide_alive": false, "active_guide_alive": false, "guided_delivered": 1}
{"progress": "real-map-EmergencyGuides-m10329-f20329-p1-direct_guide-sitebait1-f2d24e52", "time": 240.0, "bait_deployed": 0.1, "policy_bait_ready": false, "encounter": 0.1, "oracle_handoff": null, "children": 8, "active_guide_id": 6, "guide_alive": false, "active_guide_alive": false, "guided_delivered": 1}
{"progress": "real-map-EmergencyGuides-m10329-f20329-p1-direct_guide-sitebait1-f2d24e52", "time": 250.0, "bait_deployed": 0.1, "policy_bait_ready": false, "encounter": 0.1, "oracle_handoff": null, "children": 8, "active_guide_id": 6, "guide_alive": false, "active_guide_alive": false, "guided_delivered": 1}
{"progress": "real-map-EmergencyGuides-m10329-f20329-p1-direct_guide-sitebait1-f2d24e52", "time": 260.0, "bait_deployed": 0.1, "policy_bait_ready": false, "encounter": 0.1, "oracle_handoff": null, "children": 8, "active_guide_id": 6, "guide_alive": false, "active_guide_alive": false, "guided_delivered": 1}
{"progress": "real-map-EmergencyGuides-m10329-f20329-p1-direct_guide-sitebait1-f2d24e52", "time": 270.0, "bait_deployed": 0.1, "policy_bait_ready": false, "encounter": 0.1, "oracle_handoff": null, "children": 8, "active_guide_id": 6, "guide_alive": false, "active_guide_alive": false, "guided_delivered": 1}
{"progress": "real-map-EmergencyGuides-m10329-f20329-p1-direct_guide-sitebait1-f2d24e52", "time": 280.0, "bait_deployed": 0.1, "policy_bait_ready": false, "encounter": 0.1, "oracle_handoff": null, "children": 8, "active_guide_id": 6, "guide_alive": false, "active_guide_alive": false, "guided_delivered": 1}
{"progress": "real-map-EmergencyGuides-m10329-f20329-p1-direct_guide-sitebait1-f2d24e52", "time": 290.0, "bait_deployed": 0.1, "policy_bait_ready": false, "encounter": 0.1, "oracle_handoff": null, "children": 8, "active_guide_id": 6, "guide_alive": false, "active_guide_alive": false, "guided_delivered": 1}
{"progress": "real-map-EmergencyGuides-m10329-f20329-p1-direct_guide-sitebait1-f2d24e52", "time": 300.0, "bait_deployed": 0.1, "policy_bait_ready": false, "encounter": 0.1, "oracle_handoff": null, "children": 8, "active_guide_id": 6, "guide_alive": false, "active_guide_alive": false, "guided_delivered": 1}
{"viewer_manifest_refresh": {"status": "deferred", "reason": "bounded-memory runs defer full-replay viewer processing"}}
{
  "schema": "real-map-intake-result-v2",
  "policy": "integrated_guide.policy_v27:EmergencyGuides",
  "policy_hash": "b786cab54310e7e1c2d2fa370f5c59b5697bdddcad4ef2940a9e6b0443aac6dd",
  "harness_hashes": {
    "research/simple_chase/run_streaming_v2.py": "837e02b05d1ba3af71df0949cb30beb18a8b2844f090f8b383c692192c52719a",
    "research/simple_chase/sampling.py": "1efb7d309c4cc79bc87916c1bea72a7845e78d0c2cdf0aeaf9e2a758ceed48ab",
    "research/simple_chase/static_map.py": "197b16cbe9dd2e3dd06b81fe9481986a97bd92d9c2a55f33597cc9b7280faf3c",
    "debugger/streaming_recorder_v2.py": "d5ecda6bb39ec74a9ad86fb20458df5de7f466d73052558af9e2877be3d99b19"
  },
  "mode": "direct_guide",
  "map_seed": 10329,
  "fixture_seed": 20329,
  "static_map_hash": "c6f529bbabf0d2b7661b1371096a4e5a6df055198ec21b2a58a55105e719f092",
  "site": {
    "mouth": [
      867.8383,
      497.9841
    ],
    "inward": [
      1.0,
      0.0
    ],
    "cross": [
      -0.0,
      1.0
    ],
    "goal": [
      872.8383,
      497.9841
    ],
    "far": [
      742.8383,
      497.9841
    ],
    "hold": [
      792.8383,
      497.9841
    ],
    "gap": 14.9028,
    "overlap": 47.6874,
    "runup": [
      617.8383,
      497.9841
    ],
    "approach_lane_offset": 0.0,
    "offset_approach": false,
    "obstacle_indices": [
      64,
      36
    ],
    "axis": 1,
    "other_mouth": [
      915.5257,
      497.9841
    ],
    "replacement_entry": [
      935.5257,
      497.9841
    ],
    "second_access_clear": true,
    "second_access_radius": 5.01,
    "bait_depth": 5.0,
    "boundary_indices": [],
    "geometric_replacement_access_only": true
  },
  "station_bait": true,
  "requested_seconds": 300.0,
  "seconds": 300.0,
  "reason": "horizon",
  "native_render": true,
  "reproduction_of": null,
  "record_every_ticks": 1,
  "replay_frames": 3001,
  "initial_predators": 1,
  "final_predators_total": 3,
  "tracked_predators_present_final": 1,
  "ambient_predators_spawned": 2,
  "ambient_predators_present_final": 2,
  "agent_energy_refilled": true,
  "predator_state_native": false,
  "predator_dynamics_native_after_setup": true,
  "arranged_adjacent_awake_start": true,
  "bait_id": 0,
  "guide_id": 1,
  "bait_alive": true,
  "guide_alive": false,
  "deaths": [
    {
      "time": 24.0,
      "agent_id": 1,
      "role": "parent_guide"
    },
    {
      "time": 24.0,
      "agent_id": 2,
      "role": "native_child"
    },
    {
      "time": 24.0,
      "agent_id": 3,
      "role": "native_child"
    },
    {
      "time": 24.0,
      "agent_id": 4,
      "role": "native_child"
    },
    {
      "time": 24.0,
      "agent_id": 5,
      "role": "native_child"
    },
    {
      "time": 24.0,
      "agent_id": 7,
      "role": "native_child"
    },
    {
      "time": 24.0,
      "agent_id": 8,
      "role": "native_child"
    },
    {
      "time": 37.7,
      "agent_id": 6,
      "role": "native_child"
    },
    {
      "time": 37.7,
      "agent_id": 9,
      "role": "native_child"
    }
  ],
  "spawn_requests": [
    {
      "time": 12.9,
      "parent_id": 1
    },
    {
      "time": 13.0,
      "parent_id": 1
    },
    {
      "time": 13.1,
      "parent_id": 1
    },
    {
      "time": 13.2,
      "parent_id": 2
    },
    {
      "time": 13.3,
      "parent_id": 3
    },
    {
      "time": 13.4,
      "parent_id": 2
    },
    {
      "time": 13.5,
      "parent_id": 1
    },
    {
      "time": 13.6,
      "parent_id": 2
    }
  ],
  "child_births": [
    {
      "time": 12.9,
      "child_id": 2,
      "x": 581.9808,
      "y": 355.3435,
      "requesting_parent_ids": [
        1
      ],
      "native_parent_proximity_spawn": true
    },
    {
      "time": 13.0,
      "child_id": 3,
      "x": 594.0383,
      "y": 367.328,
      "requesting_parent_ids": [
        1
      ],
      "native_parent_proximity_spawn": true
    },
    {
      "time": 13.1,
      "child_id": 4,
      "x": 608.0132,
      "y": 385.4267,
      "requesting_parent_ids": [
        1
      ],
      "native_parent_proximity_spawn": true
    },
    {
      "time": 13.2,
      "child_id": 5,
      "x": 555.8897,
      "y": 387.6087,
      "requesting_parent_ids": [
        2
      ],
      "native_parent_proximity_spawn": true
    },
    {
      "time": 13.3,
      "child_id": 6,
      "x": 575.9344,
      "y": 438.4829,
      "requesting_parent_ids": [
        3
      ],
      "native_parent_proximity_spawn": true
    },
    {
      "time": 13.4,
      "child_id": 7,
      "x": 546.2983,
      "y": 428.9211,
      "requesting_parent_ids": [
        2
      ],
      "native_parent_proximity_spawn": true
    },
    {
      "time": 13.5,
      "child_id": 8,
      "x": 626.2468,
      "y": 435.1823,
      "requesting_parent_ids": [
        1
      ],
      "native_parent_proximity_spawn": true
    },
    {
      "time": 13.6,
      "child_id": 9,
      "x": 563.846,
      "y": 407.0794,
      "requesting_parent_ids": [
        2
      ],
      "native_parent_proximity_spawn": true
    }
  ],
  "fruit_consumptions": [
    {
      "time": 11.9,
      "agent_id": 1,
      "x": 590.5741,
      "y": 478.6928
    },
    {
      "time": 16.1,
      "agent_id": 5,
      "x": 565.3285,
      "y": 585.9008
    },
    {
      "time": 19.2,
      "agent_id": 4,
      "x": 691.7541,
      "y": 484.2474
    },
    {
      "time": 21.5,
      "agent_id": 8,
      "x": 681.6873,
      "y": 494.3199
    },
    {
      "time": 22.7,
      "agent_id": 1,
      "x": 766.9625,
      "y": 510.1644
    },
    {
      "time": 27.2,
      "agent_id": 9,
      "x": 621.3848,
      "y": 474.3845
    }
  ],
  "parent_fruit_consumed_before_tracked_encounter": 0,
  "tracked_encounter_times": [
    0.1
  ],
  "conditional_delivery_denominator": true,
  "conditional_delivery_status": "not_applicable",
  "setup_oracle": false,
  "setup_oracle_target": null,
  "setup_oracle_ticks": 0,
  "setup_oracle_routing": null,
  "setup_oracle_route_resets": 0,
  "setup_oracle_policy_reset_before_handoff_act": false,
  "setup_oracle_handoff_time": null,
  "dynamic_action_privilege_ended_at": null,
  "target_switches": [
    {
      "time": 0.1,
      "tracked_predator_slot": 0,
      "target": 1
    },
    {
      "time": 1.8,
      "tracked_predator_slot": 0,
      "target": null
    },
    {
      "time": 3.0,
      "tracked_predator_slot": 0,
      "target": 1
    },
    {
      "time": 3.2,
      "tracked_predator_slot": 0,
      "target": null
    },
    {
      "time": 3.3,
      "tracked_predator_slot": 0,
      "target": 1
    },
    {
      "time": 3.5,
      "tracked_predator_slot": 0,
      "target": null
    },
    {
      "time": 3.6,
      "tracked_predator_slot": 0,
      "target": 1
    },
    {
      "time": 3.7,
      "tracked_predator_slot": 0,
      "target": null
    },
    {
      "time": 3.8,
      "tracked_predator_slot": 0,
      "target": 1
    },
    {
      "time": 5.1,
      "tracked_predator_slot": 0,
      "target": null
    },
    {
      "time": 6.0,
      "tracked_predator_slot": 0,
      "target": 1
    },
    {
      "time": 6.2,
      "tracked_predator_slot": 0,
      "target": null
    },
    {
      "time": 6.3,
      "tracked_predator_slot": 0,
      "target": 1
    },
    {
      "time": 6.4,
      "tracked_predator_slot": 0,
      "target": null
    },
    {
      "time": 7.2,
      "tracked_predator_slot": 0,
      "target": 1
    },
    {
      "time": 11.5,
      "tracked_predator_slot": 0,
      "target": null
    },
    {
      "time": 12.1,
      "tracked_predator_slot": 0,
      "target": 1
    },
    {
      "time": 12.2,
      "tracked_predator_slot": 0,
      "target": null
    },
    {
      "time": 12.7,
      "tracked_predator_slot": 0,
      "target": 1
    },
    {
      "time": 13.0,
      "tracked_predator_slot": 0,
      "target": 2
    },
    {
      "time": 13.1,
      "tracked_predator_slot": 0,
      "target": 3
    },
    {
      "time": 13.2,
      "tracked_predator_slot": 0,
      "target": 1
    },
    {
      "time": 13.5,
      "tracked_predator_slot": 0,
      "target": 4
    },
    {
      "time": 13.6,
      "tracked_predator_slot": 0,
      "target": 1
    },
    {
      "time": 13.7,
      "tracked_predator_slot": 0,
      "target": 8
    },
    {
      "time": 13.8,
      "tracked_predator_slot": 0,
      "target": 4
    },
    {
      "time": 13.9,
      "tracked_predator_slot": 0,
      "target": 6
    },
    {
      "time": 14.0,
      "tracked_predator_slot": 0,
      "target": 8
    },
    {
      "time": 14.1,
      "tracked_predator_slot": 0,
      "target": 6
    },
    {
      "time": 14.4,
      "tracked_predator_slot": 0,
      "target": 8
    },
    {
      "time": 14.5,
      "tracked_predator_slot": 0,
      "target": 7
    },
    {
      "time": 14.7,
      "tracked_predator_slot": 0,
      "target": 9
    },
    {
      "time": 14.8,
      "tracked_predator_slot": 0,
      "target": 3
    },
    {
      "time": 15.1,
      "tracked_predator_slot": 0,
      "target": 4
    },
    {
      "time": 15.3,
      "tracked_predator_slot": 0,
      "target": "resting"
    },
    {
      "time": 18.8,
      "tracked_predator_slot": 0,
      "target": 6
    },
    {
      "time": 18.9,
      "tracked_predator_slot": 0,
      "target": 1
    },
    {
      "time": 19.0,
      "tracked_predator_slot": 0,
      "target": 7
    },
    {
      "time": 19.1,
      "tracked_predator_slot": 0,
      "target": 2
    },
    {
      "time": 19.2,
      "tracked_predator_slot": 0,
      "target": 7
    },
    {
      "time": 19.4,
      "tracked_predator_slot": 0,
      "target": 3
    },
    {
      "time": 19.5,
      "tracked_predator_slot": 0,
      "target": 2
    },
    {
      "time": 20.3,
      "tracked_predator_slot": 0,
      "target": 6
    },
    {
      "time": 20.4,
      "tracked_predator_slot": 0,
      "target": 2
    },
    {
      "time": 20.6,
      "tracked_predator_slot": 0,
      "target": 6
    },
    {
      "time": 20.7,
      "tracked_predator_slot": 0,
      "target": 9
    },
    {
      "time": 20.8,
      "tracked_predator_slot": 0,
      "target": 6
    },
    {
      "time": 20.9,
      "tracked_predator_slot": 0,
      "target": 9
    },
    {
      "time": 21.0,
      "tracked_predator_slot": 0,
      "target": 1
    },
    {
      "time": 21.1,
      "tracked_predator_slot": 0,
      "target": 4
    },
    {
      "time": 21.3,
      "tracked_predator_slot": 0,
      "target": 7
    },
    {
      "time": 21.4,
      "tracked_predator_slot": 0,
      "target": 9
    },
    {
      "time": 21.8,
      "tracked_predator_slot": 0,
      "target": 8
    },
    {
      "time": 21.9,
      "tracked_predator_slot": 0,
      "target": 4
    },
    {
      "time": 22.0,
      "tracked_predator_slot": 0,
      "target": 8
    },
    {
      "time": 22.6,
      "tracked_predator_slot": 0,
      "target": null
    },
    {
      "time": 22.7,
      "tracked_predator_slot": 0,
      "target": 1
    },
    {
      "time": 22.8,
      "tracked_predator_slot": 0,
      "target": 7
    },
    {
      "time": 23.1,
      "tracked_predator_slot": 0,
      "target": 6
    },
    {
      "time": 23.2,
      "tracked_predator_slot": 0,
      "target": 9
    },
    {
      "time": 23.3,
      "tracked_predator_slot": 0,
      "target": 1
    },
    {
      "time": 23.4,
      "tracked_predator_slot": 0,
      "target": 7
    },
    {
      "time": 23.5,
      "tracked_predator_slot": 0,
      "target": 1
    },
    {
      "time": 24.0,
      "tracked_predator_slot": 0,
      "target": 9
    },
    {
      "time": 24.3,
      "tracked_predator_slot": 0,
      "target": 6
    },
    {
      "time": 24.4,
      "tracked_predator_slot": 0,
      "target": 9
    },
    {
      "time": 24.7,
      "tracked_predator_slot": 0,
      "target": 6
    },
    {
      "time": 24.8,
      "tracked_predator_slot": 0,
      "target": 9
    },
    {
      "time": 24.9,
      "tracked_predator_slot": 0,
      "target": 6
    },
    {
      "time": 25.3,
      "tracked_predator_slot": 0,
      "target": 9
    },
    {
      "time": 25.6,
      "tracked_predator_slot": 0,
      "target": 6
    },
    {
      "time": 26.2,
      "tracked_predator_slot": 0,
      "target": 9
    },
    {
      "time": 26.3,
      "tracked_predator_slot": 0,
      "target": 6
    },
    {
      "time": 26.6,
      "tracked_predator_slot": 0,
      "target": 9
    },
    {
      "time": 26.8,
      "tracked_predator_slot": 0,
      "target": 6
    },
    {
      "time": 27.2,
      "tracked_predator_slot": 0,
      "target": null
    },
    {
      "time": 28.1,
      "tracked_predator_slot": 0,
      "target": 6
    },
    {
      "time": 28.2,
      "tracked_predator_slot": 0,
      "target": null
    },
    {
      "time": 28.3,
      "tracked_predator_slot": 0,
      "target": 9
    },
    {
      "time": 28.7,
      "tracked_predator_slot": 0,
      "target": 6
    },
    {
      "time": 29.1,
      "tracked_predator_slot": 0,
      "target": 9
    },
    {
      "time": 29.3,
      "tracked_predator_slot": 0,
      "target": 6
    },
    {
      "time": 29.5,
      "tracked_predator_slot": 0,
      "target": 9
    },
    {
      "time": 30.3,
      "tracked_predator_slot": 0,
      "target": null
    },
    {
      "time": 30.6,
      "tracked_predator_slot": 0,
      "target": 9
    },
    {
      "time": 30.7,
      "tracked_predator_slot": 0,
      "target": null
    },
    {
      "time": 31.1,
      "tracked_predator_slot": 0,
      "target": 6
    },
    {
      "time": 31.2,
      "tracked_predator_slot": 0,
      "target": 9
    },
    {
      "time": 31.4,
      "tracked_predator_slot": 0,
      "target": 6
    },
    {
      "time": 31.5,
      "tracked_predator_slot": 0,
      "target": null
    },
    {
      "time": 31.7,
      "tracked_predator_slot": 0,
      "target": 9
    },
    {
      "time": 32.2,
      "tracked_predator_slot": 0,
      "target": 6
    },
    {
      "time": 32.3,
      "tracked_predator_slot": 0,
      "target": 9
    },
    {
      "time": 32.4,
      "tracked_predator_slot": 0,
      "target": 6
    },
    {
      "time": 32.5,
      "tracked_predator_slot": 0,
      "target": 9
    },
    {
      "time": 32.6,
      "tracked_predator_slot": 0,
      "target": 6
    },
    {
      "time": 33.1,
      "tracked_predator_slot": 0,
      "target": 9
    },
    {
      "time": 33.5,
      "tracked_predator_slot": 0,
      "target": 6
    },
    {
      "time": 33.9,
      "tracked_predator_slot": 0,
      "target": 9
    },
    {
      "time": 34.0,
      "tracked_predator_slot": 0,
      "target": 6
    },
    {
      "time": 34.3,
      "tracked_predator_slot": 0,
      "target": 9
    },
    {
      "time": 34.5,
      "tracked_predator_slot": 0,
      "target": 6
    },
    {
      "time": 34.7,
      "tracked_predator_slot": 0,
      "target": 9
    },
    {
      "time": 35.2,
      "tracked_predator_slot": 0,
      "target": 6
    },
    {
      "time": 35.3,
      "tracked_predator_slot": 0,
      "target": 9
    },
    {
      "time": 35.5,
      "tracked_predator_slot": 0,
      "target": 6
    },
    {
      "time": 36.0,
      "tracked_predator_slot": 0,
      "target": 9
    },
    {
      "time": 36.5,
      "tracked_predator_slot": 0,
      "target": 6
    },
    {
      "time": 36.7,
      "tracked_predator_slot": 0,
      "target": 9
    },
    {
      "time": 37.1,
      "tracked_predator_slot": 0,
      "target": 6
    },
    {
      "time": 37.7,
      "tracked_predator_slot": 0,
      "target": 0
    },
    {
      "time": 50.8,
      "tracked_predator_slot": 0,
      "target": "resting"
    },
    {
      "time": 54.3,
      "tracked_predator_slot": 0,
      "target": 0
    },
    {
      "time": 63.4,
      "tracked_predator_slot": 0,
      "target": "resting"
    },
    {
      "time": 66.9,
      "tracked_predator_slot": 0,
      "target": 0
    },
    {
      "time": 76.3,
      "tracked_predator_slot": 0,
      "target": "resting"
    },
    {
      "time": 79.8,
      "tracked_predator_slot": 0,
      "target": 0
    },
    {
      "time": 89.2,
      "tracked_predator_slot": 0,
      "target": "resting"
    },
    {
      "time": 92.7,
      "tracked_predator_slot": 0,
      "target": 0
    },
    {
      "time": 101.8,
      "tracked_predator_slot": 0,
      "target": "resting"
    },
    {
      "time": 105.3,
      "tracked_predator_slot": 0,
      "target": 0
    },
    {
      "time": 114.7,
      "tracked_predator_slot": 0,
      "target": "resting"
    },
    {
      "time": 118.2,
      "tracked_predator_slot": 0,
      "target": 0
    },
    {
      "time": 127.6,
      "tracked_predator_slot": 0,
      "target": "resting"
    },
    {
      "time": 131.1,
      "tracked_predator_slot": 0,
      "target": 0
    },
    {
      "time": 140.2,
      "tracked_predator_slot": 0,
      "target": "resting"
    },
    {
      "time": 143.7,
      "tracked_predator_slot": 0,
      "target": 0
    },
    {
      "time": 153.1,
      "tracked_predator_slot": 0,
      "target": "resting"
    },
    {
      "time": 156.6,
      "tracked_predator_slot": 0,
      "target": 0
    },
    {
      "time": 165.7,
      "tracked_predator_slot": 0,
      "target": "resting"
    },
    {
      "time": 169.2,
      "tracked_predator_slot": 0,
      "target": 0
    },
    {
      "time": 178.3,
      "tracked_predator_slot": 0,
      "target": "resting"
    },
    {
      "time": 181.8,
      "tracked_predator_slot": 0,
      "target": 0
    },
    {
      "time": 191.2,
      "tracked_predator_slot": 0,
      "target": "resting"
    },
    {
      "time": 194.7,
      "tracked_predator_slot": 0,
      "target": 0
    },
    {
      "time": 204.1,
      "tracked_predator_slot": 0,
      "target": "resting"
    },
    {
      "time": 207.6,
      "tracked_predator_slot": 0,
      "target": 0
    },
    {
      "time": 217.0,
      "tracked_predator_slot": 0,
      "target": "resting"
    },
    {
      "time": 220.5,
      "tracked_predator_slot": 0,
      "target": 0
    },
    {
      "time": 229.6,
      "tracked_predator_slot": 0,
      "target": "resting"
    },
    {
      "time": 233.1,
      "tracked_predator_slot": 0,
      "target": 0
    },
    {
      "time": 242.5,
      "tracked_predator_slot": 0,
      "target": "resting"
    },
    {
      "time": 246.0,
      "tracked_predator_slot": 0,
      "target": 0
    },
    {
      "time": 255.1,
      "tracked_predator_slot": 0,
      "target": "resting"
    },
    {
      "time": 258.6,
      "tracked_predator_slot": 0,
      "target": 0
    },
    {
      "time": 267.7,
      "tracked_predator_slot": 0,
      "target": "resting"
    },
    {
      "time": 271.2,
      "tracked_predator_slot": 0,
      "target": 0
    },
    {
      "time": 280.6,
      "tracked_predator_slot": 0,
      "target": "resting"
    },
    {
      "time": 284.1,
      "tracked_predator_slot": 0,
      "target": 0
    },
    {
      "time": 293.5,
      "tracked_predator_slot": 0,
      "target": "resting"
    },
    {
      "time": 297.0,
      "tracked_predator_slot": 0,
      "target": 0
    }
  ],
  "guide_role_trace": [
    {
      "time": 0,
      "active_guide_id": 1
    },
    {
      "time": 13.1,
      "active_guide_id": 2
    },
    {
      "time": 13.2,
      "active_guide_id": 1
    },
    {
      "time": 13.5,
      "active_guide_id": 4
    },
    {
      "time": 13.6,
      "active_guide_id": 1
    },
    {
      "time": 14.0,
      "active_guide_id": 8
    },
    {
      "time": 14.2,
      "active_guide_id": 9
    },
    {
      "time": 14.5,
      "active_guide_id": 6
    },
    {
      "time": 14.6,
      "active_guide_id": 9
    },
    {
      "time": 14.9,
      "active_guide_id": 3
    },
    {
      "time": 15.1,
      "active_guide_id": 2
    },
    {
      "time": 15.3,
      "active_guide_id": 4
    },
    {
      "time": 15.4,
      "active_guide_id": 6
    },
    {
      "time": 15.5,
      "active_guide_id": 2
    },
    {
      "time": 15.6,
      "active_guide_id": 5
    },
    {
      "time": 16.1,
      "active_guide_id": 9
    },
    {
      "time": 19.3,
      "active_guide_id": 7
    },
    {
      "time": 19.7,
      "active_guide_id": 8
    },
    {
      "time": 19.8,
      "active_guide_id": 6
    },
    {
      "time": 19.9,
      "active_guide_id": 2
    },
    {
      "time": 20.3,
      "active_guide_id": 4
    },
    {
      "time": 20.4,
      "active_guide_id": 2
    },
    {
      "time": 20.6,
      "active_guide_id": 6
    },
    {
      "time": 20.7,
      "active_guide_id": 9
    },
    {
      "time": 20.8,
      "active_guide_id": 6
    },
    {
      "time": 21.1,
      "active_guide_id": 2
    },
    {
      "time": 21.3,
      "active_guide_id": 7
    },
    {
      "time": 21.4,
      "active_guide_id": 9
    },
    {
      "time": 21.9,
      "active_guide_id": 4
    },
    {
      "time": 22.4,
      "active_guide_id": 9
    },
    {
      "time": 22.7,
      "active_guide_id": 1
    },
    {
      "time": 22.8,
      "active_guide_id": 7
    },
    {
      "time": 23.1,
      "active_guide_id": 6
    },
    {
      "time": 23.2,
      "active_guide_id": 9
    },
    {
      "time": 23.3,
      "active_guide_id": 1
    },
    {
      "time": 23.4,
      "active_guide_id": 7
    },
    {
      "time": 24.0,
      "active_guide_id": 9
    },
    {
      "time": 24.3,
      "active_guide_id": 6
    },
    {
      "time": 28.3,
      "active_guide_id": 9
    },
    {
      "time": 30.2,
      "active_guide_id": 6
    },
    {
      "time": 30.3,
      "active_guide_id": 9
    },
    {
      "time": 30.7,
      "active_guide_id": 6
    },
    {
      "time": 31.2,
      "active_guide_id": 9
    },
    {
      "time": 31.4,
      "active_guide_id": 6
    },
    {
      "time": 31.6,
      "active_guide_id": 9
    },
    {
      "time": 32.2,
      "active_guide_id": 6
    },
    {
      "time": 32.3,
      "active_guide_id": 9
    },
    {
      "time": 32.4,
      "active_guide_id": 6
    },
    {
      "time": 32.5,
      "active_guide_id": 9
    },
    {
      "time": 32.6,
      "active_guide_id": 6
    },
    {
      "time": 36.0,
      "active_guide_id": 9
    },
    {
      "time": 36.5,
      "active_guide_id": 6
    },
    {
      "time": 36.8,
      "active_guide_id": 9
    },
    {
      "time": 37.1,
      "active_guide_id": 6
    }
  ],
  "guide_follow_trace": [
    {
      "time": 0.1,
      "active_guide_id": 1,
      "tracked_predator_slot": 0
    },
    {
      "time": 13.3,
      "active_guide_id": 1,
      "tracked_predator_slot": 0
    },
    {
      "time": 14.7,
      "active_guide_id": 9,
      "tracked_predator_slot": 0
    },
    {
      "time": 15.0,
      "active_guide_id": 3,
      "tracked_predator_slot": 0
    },
    {
      "time": 20.0,
      "active_guide_id": 2,
      "tracked_predator_slot": 0
    },
    {
      "time": 20.5,
      "active_guide_id": 2,
      "tracked_predator_slot": 0
    },
    {
      "time": 21.5,
      "active_guide_id": 9,
      "tracked_predator_slot": 0
    },
    {
      "time": 22.9,
      "active_guide_id": 7,
      "tracked_predator_slot": 0
    },
    {
      "time": 24.1,
      "active_guide_id": 9,
      "tracked_predator_slot": 0
    },
    {
      "time": 24.7,
      "active_guide_id": 6,
      "tracked_predator_slot": 0
    },
    {
      "time": 28.4,
      "active_guide_id": 9,
      "tracked_predator_slot": 0
    },
    {
      "time": 30.6,
      "active_guide_id": 9,
      "tracked_predator_slot": 0
    },
    {
      "time": 31.1,
      "active_guide_id": 6,
      "tracked_predator_slot": 0
    },
    {
      "time": 31.3,
      "active_guide_id": 9,
      "tracked_predator_slot": 0
    },
    {
      "time": 31.7,
      "active_guide_id": 9,
      "tracked_predator_slot": 0
    },
    {
      "time": 32.7,
      "active_guide_id": 6,
      "tracked_predator_slot": 0
    },
    {
      "time": 36.1,
      "active_guide_id": 9,
      "tracked_predator_slot": 0
    },
    {
      "time": 36.6,
      "active_guide_id": 6,
      "tracked_predator_slot": 0
    },
    {
      "time": 36.9,
      "active_guide_id": 9,
      "tracked_predator_slot": 0
    },
    {
      "time": 37.2,
      "active_guide_id": 6,
      "tracked_predator_slot": 0
    }
  ],
  "guide_role": "child",
  "parent_role": "gather_evade",
  "child_role": "guide",
  "active_guide_id_final": 6,
  "active_guide_alive_final": false,
  "guide_role_ids": [
    1,
    2,
    3,
    4,
    5,
    6,
    7,
    8,
    9
  ],
  "bait_deployed_at": 0.1,
  "policy_bait_ready_final": false,
  "bait_left_after_deployment": null,
  "final_bait_distance_to_goal": 0.0,
  "first_guide_predator_observation": 0.1,
  "first_predator_following_guide": 0.1,
  "first_predator_following_active_guide": 37.2,
  "tracked_seen_by_guide": 1,
  "tracked_followed_active_guide": 1,
  "physical_entered": 1,
  "guided_delivered": 1,
  "physical_losses_after_delivery": 0,
  "target_losses_after_delivery": 0,
  "physical_entry_times": [
    37.9
  ],
  "guided_delivery_times": [
    37.9
  ],
  "loss_times": [
    null
  ],
  "target_loss_times": [
    null
  ],
  "tail_seconds": 30.0,
  "tail_physical_min": 1,
  "tail_contained_min": 1,
  "final_distance_from_mouth": [
    14.0052
  ],
  "max_distance_after_delivery": [
    19.5645
  ],
  "policy_events": [
    {
      "time": 12.9,
      "kind": "emergency_reserve_budget_enabled",
      "observed_distance": 36.2425,
      "blocked_escape_cone": false,
      "close_wall": true,
      "agent_id": 1
    },
    {
      "time": 12.9,
      "kind": "bounded_emergency_reserve_birth",
      "parent_id": 1,
      "request_number": 1,
      "observed_distance": 36.2425
    },
    {
      "time": 13.0,
      "kind": "native_backup_registered",
      "agent_id": 2
    },
    {
      "time": 13.0,
      "kind": "bounded_emergency_reserve_birth",
      "parent_id": 1,
      "request_number": 2,
      "observed_distance": 64.5443
    },
    {
      "time": 13.1,
      "kind": "native_backup_registered",
      "agent_id": 3
    },
    {
      "time": 13.1,
      "kind": "public_dto_active_guide",
      "agent_id": 2,
      "reason": "minimum_observed_predator_distance_hysteresis"
    },
    {
      "time": 13.1,
      "kind": "bounded_emergency_reserve_birth",
      "parent_id": 1,
      "request_number": 3,
      "observed_distance": 73.233
    },
    {
      "time": 13.2,
      "kind": "native_backup_registered",
      "agent_id": 4
    },
    {
      "time": 13.2,
      "kind": "public_dto_active_guide",
      "agent_id": 1,
      "reason": "minimum_observed_predator_distance_hysteresis"
    },
    {
      "time": 13.2,
      "kind": "bounded_emergency_reserve_birth",
      "parent_id": 2,
      "request_number": 4,
      "observed_distance": 56.7881
    },
    {
      "time": 13.3,
      "kind": "native_backup_registered",
      "agent_id": 5
    },
    {
      "time": 13.3,
      "kind": "bounded_emergency_reserve_birth",
      "parent_id": 3,
      "request_number": 5,
      "observed_distance": 63.7779
    },
    {
      "time": 13.4,
      "kind": "native_backup_registered",
      "agent_id": 6
    },
    {
      "time": 13.4,
      "kind": "bounded_emergency_reserve_birth",
      "parent_id": 2,
      "request_number": 6,
      "observed_distance": 74.4283
    },
    {
      "time": 13.5,
      "kind": "native_backup_registered",
      "agent_id": 7
    },
    {
      "time": 13.5,
      "kind": "public_dto_active_guide",
      "agent_id": 4,
      "reason": "minimum_observed_predator_distance_hysteresis"
    },
    {
      "time": 13.5,
      "kind": "bounded_emergency_reserve_birth",
      "parent_id": 1,
      "request_number": 7,
      "observed_distance": 63.8752
    },
    {
      "time": 13.6,
      "kind": "native_backup_registered",
      "agent_id": 8
    },
    {
      "time": 13.6,
      "kind": "public_dto_active_guide",
      "agent_id": 1,
      "reason": "minimum_observed_predator_distance_hysteresis"
    },
    {
      "time": 13.6,
      "kind": "bounded_emergency_reserve_birth",
      "parent_id": 2,
      "request_number": 8,
      "observed_distance": 66.8175
    },
    {
      "time": 13.7,
      "kind": "native_backup_registered",
      "agent_id": 9
    },
    {
      "time": 14.0,
      "kind": "public_dto_active_guide",
      "agent_id": 8,
      "reason": "minimum_observed_predator_distance_hysteresis"
    },
    {
      "time": 14.2,
      "kind": "public_dto_active_guide",
      "agent_id": 9,
      "reason": "minimum_observed_predator_distance_hysteresis"
    },
    {
      "time": 14.5,
      "kind": "public_dto_active_guide",
      "agent_id": 6,
      "reason": "minimum_observed_predator_distance_hysteresis"
    },
    {
      "time": 14.6,
      "kind": "public_dto_active_guide",
      "agent_id": 9,
      "reason": "minimum_observed_predator_distance_hysteresis"
    },
    {
      "time": 14.9,
      "kind": "public_dto_active_guide",
      "agent_id": 3,
      "reason": "minimum_observed_predator_distance_hysteresis"
    },
    {
      "time": 15.1,
      "kind": "public_dto_active_guide",
      "agent_id": 2,
      "reason": "minimum_observed_predator_distance_hysteresis"
    },
    {
      "time": 15.3,
      "kind": "public_dto_active_guide",
      "agent_id": 4,
      "reason": "minimum_observed_predator_distance_hysteresis"
    },
    {
      "time": 15.4,
      "kind": "public_dto_active_guide",
      "agent_id": 6,
      "reason": "minimum_observed_predator_distance_hysteresis"
    },
    {
      "time": 15.5,
      "kind": "public_dto_active_guide",
      "agent_id": 2,
      "reason": "minimum_observed_predator_distance_hysteresis"
    },
    {
      "time": 15.6,
      "kind": "public_dto_active_guide",
      "agent_id": 5,
      "reason": "minimum_observed_predator_distance_hysteresis"
    },
    {
      "time": 16.1,
      "kind": "public_dto_active_guide",
      "agent_id": 9,
      "reason": "minimum_observed_predator_distance_hysteresis"
    },
    {
      "time": 19.3,
      "kind": "public_dto_active_guide",
      "agent_id": 7,
      "reason": "minimum_observed_predator_distance_hysteresis"
    },
    {
      "time": 19.7,
      "kind": "public_dto_active_guide",
      "agent_id": 8,
      "reason": "minimum_observed_predator_distance_hysteresis"
    },
    {
      "time": 19.8,
      "kind": "public_dto_active_guide",
      "agent_id": 6,
      "reason": "minimum_observed_predator_distance_hysteresis"
    },
    {
      "time": 19.9,
      "kind": "public_dto_active_guide",
      "agent_id": 2,
      "reason": "minimum_observed_predator_distance_hysteresis"
    },
    {
      "time": 20.3,
      "kind": "public_dto_active_guide",
      "agent_id": 4,
      "reason": "minimum_observed_predator_distance_hysteresis"
    },
    {
      "time": 20.4,
      "kind": "public_dto_active_guide",
      "agent_id": 2,
      "reason": "minimum_observed_predator_distance_hysteresis"
    },
    {
      "time": 20.6,
      "kind": "public_dto_active_guide",
      "agent_id": 6,
      "reason": "minimum_observed_predator_distance_hysteresis"
    },
    {
      "time": 20.7,
      "kind": "public_dto_active_guide",
      "agent_id": 9,
      "reason": "minimum_observed_predator_distance_hysteresis"
    },
    {
      "time": 20.8,
      "kind": "public_dto_active_guide",
      "agent_id": 6,
      "reason": "minimum_observed_predator_distance_hysteresis"
    },
    {
      "time": 21.1,
      "kind": "public_dto_active_guide",
      "agent_id": 2,
      "reason": "minimum_observed_predator_distance_hysteresis"
    },
    {
      "time": 21.3,
      "kind": "public_dto_active_guide",
      "agent_id": 7,
      "reason": "minimum_observed_predator_distance_hysteresis"
    },
    {
      "time": 21.4,
      "kind": "public_dto_active_guide",
      "agent_id": 9,
      "reason": "minimum_observed_predator_distance_hysteresis"
    },
    {
      "time": 21.9,
      "kind": "public_dto_active_guide",
      "agent_id": 4,
      "reason": "minimum_observed_predator_distance_hysteresis"
    },
    {
      "time": 22.4,
      "kind": "public_dto_active_guide",
      "agent_id": 9,
      "reason": "minimum_observed_predator_distance_hysteresis"
    },
    {
      "time": 22.7,
      "kind": "public_dto_active_guide",
      "agent_id": 1,
      "reason": "minimum_observed_predator_distance_hysteresis"
    },
    {
      "time": 22.8,
      "kind": "public_dto_active_guide",
      "agent_id": 7,
      "reason": "minimum_observed_predator_distance_hysteresis"
    },
    {
      "time": 23.1,
      "kind": "public_dto_active_guide",
      "agent_id": 6,
      "reason": "minimum_observed_predator_distance_hysteresis"
    },
    {
      "time": 23.2,
      "kind": "public_dto_active_guide",
      "agent_id": 9,
      "reason": "minimum_observed_predator_distance_hysteresis"
    },
    {
      "time": 23.3,
      "kind": "public_dto_active_guide",
      "agent_id": 1,
      "reason": "minimum_observed_predator_distance_hysteresis"
    },
    {
      "time": 23.4,
      "kind": "public_dto_active_guide",
      "agent_id": 7,
      "reason": "minimum_observed_predator_distance_hysteresis"
    },
    {
      "time": 24.0,
      "kind": "public_dto_active_guide",
      "agent_id": 9,
      "reason": "minimum_observed_predator_distance_hysteresis"
    },
    {
      "time": 24.3,
      "kind": "public_dto_active_guide",
      "agent_id": 6,
      "reason": "minimum_observed_predator_distance_hysteresis"
    },
    {
      "time": 28.3,
      "kind": "public_dto_active_guide",
      "agent_id": 9,
      "reason": "minimum_observed_predator_distance_hysteresis"
    },
    {
      "time": 30.2,
      "kind": "public_dto_active_guide",
      "agent_id": 6,
      "reason": "minimum_observed_predator_distance_hysteresis"
    },
    {
      "time": 30.3,
      "kind": "public_dto_active_guide",
      "agent_id": 9,
      "reason": "minimum_observed_predator_distance_hysteresis"
    },
    {
      "time": 30.7,
      "kind": "public_dto_active_guide",
      "agent_id": 6,
      "reason": "minimum_observed_predator_distance_hysteresis"
    },
    {
      "time": 31.2,
      "kind": "public_dto_active_guide",
      "agent_id": 9,
      "reason": "minimum_observed_predator_distance_hysteresis"
    },
    {
      "time": 31.4,
      "kind": "public_dto_active_guide",
      "agent_id": 6,
      "reason": "minimum_observed_predator_distance_hysteresis"
    },
    {
      "time": 31.6,
      "kind": "public_dto_active_guide",
      "agent_id": 9,
      "reason": "minimum_observed_predator_distance_hysteresis"
    },
    {
      "time": 32.2,
      "kind": "public_dto_active_guide",
      "agent_id": 6,
      "reason": "minimum_observed_predator_distance_hysteresis"
    },
    {
      "time": 32.3,
      "kind": "public_dto_active_guide",
      "agent_id": 9,
      "reason": "minimum_observed_predator_distance_hysteresis"
    },
    {
      "time": 32.4,
      "kind": "public_dto_active_guide",
      "agent_id": 6,
      "reason": "minimum_observed_predator_distance_hysteresis"
    },
    {
      "time": 32.5,
      "kind": "public_dto_active_guide",
      "agent_id": 9,
      "reason": "minimum_observed_predator_distance_hysteresis"
    },
    {
      "time": 32.6,
      "kind": "public_dto_active_guide",
      "agent_id": 6,
      "reason": "minimum_observed_predator_distance_hysteresis"
    },
    {
      "time": 36.0,
      "kind": "public_dto_active_guide",
      "agent_id": 9,
      "reason": "minimum_observed_predator_distance_hysteresis"
    },
    {
      "time": 36.5,
      "kind": "public_dto_active_guide",
      "agent_id": 6,
      "reason": "minimum_observed_predator_distance_hysteresis"
    },
    {
      "time": 36.8,
      "kind": "public_dto_active_guide",
      "agent_id": 9,
      "reason": "minimum_observed_predator_distance_hysteresis"
    },
    {
      "time": 37.1,
      "kind": "public_dto_active_guide",
      "agent_id": 6,
      "reason": "minimum_observed_predator_distance_hysteresis"
    }
  ],
  "success": true,
  "replay": "results/simple_chase/replays/real-map-EmergencyGuides-m10329-f20329-p1-direct_guide-sitebait1-f2d24e52.json.gz"
}
/home/Ucals/projects/NordicCupAI-wall-funneling/survival-simulator/oscar-trap-research/survival/results/simple_chase/real-map-EmergencyGuides-m10329-f20329-p1-direct_guide-sitebait1-f2d24e52.json
