Running as unit: run-p937942-i971590.scope; invocation ID: f4ff058b940f4f2b8df00759648f1f0c
{"progress": "real-map-EmergencyGuides-m10331-f20331-p1-direct_guide-sitebait1-57203c07", "time": 10.0, "bait_deployed": 0.1, "policy_bait_ready": false, "encounter": 0.1, "oracle_handoff": null, "children": 8, "active_guide_id": 2, "guide_alive": true, "active_guide_alive": true, "guided_delivered": 0}
{"progress": "real-map-EmergencyGuides-m10331-f20331-p1-direct_guide-sitebait1-57203c07", "time": 20.0, "bait_deployed": 0.1, "policy_bait_ready": false, "encounter": 0.1, "oracle_handoff": null, "children": 8, "active_guide_id": 7, "guide_alive": false, "active_guide_alive": true, "guided_delivered": 0}
{"progress": "real-map-EmergencyGuides-m10331-f20331-p1-direct_guide-sitebait1-57203c07", "time": 30.0, "bait_deployed": 0.1, "policy_bait_ready": false, "encounter": 0.1, "oracle_handoff": null, "children": 8, "active_guide_id": 7, "guide_alive": false, "active_guide_alive": true, "guided_delivered": 0}
{"progress": "real-map-EmergencyGuides-m10331-f20331-p1-direct_guide-sitebait1-57203c07", "time": 40.0, "bait_deployed": 0.1, "policy_bait_ready": false, "encounter": 0.1, "oracle_handoff": null, "children": 8, "active_guide_id": 7, "guide_alive": false, "active_guide_alive": true, "guided_delivered": 0}
{"progress": "real-map-EmergencyGuides-m10331-f20331-p1-direct_guide-sitebait1-57203c07", "time": 50.0, "bait_deployed": 0.1, "policy_bait_ready": false, "encounter": 0.1, "oracle_handoff": null, "children": 8, "active_guide_id": 7, "guide_alive": false, "active_guide_alive": true, "guided_delivered": 0}
{"progress": "real-map-EmergencyGuides-m10331-f20331-p1-direct_guide-sitebait1-57203c07", "time": 60.0, "bait_deployed": 0.1, "policy_bait_ready": false, "encounter": 0.1, "oracle_handoff": null, "children": 8, "active_guide_id": 7, "guide_alive": false, "active_guide_alive": true, "guided_delivered": 0}
{"progress": "real-map-EmergencyGuides-m10331-f20331-p1-direct_guide-sitebait1-57203c07", "time": 70.0, "bait_deployed": 0.1, "policy_bait_ready": false, "encounter": 0.1, "oracle_handoff": null, "children": 8, "active_guide_id": 7, "guide_alive": false, "active_guide_alive": true, "guided_delivered": 0}
{"progress": "real-map-EmergencyGuides-m10331-f20331-p1-direct_guide-sitebait1-57203c07", "time": 80.0, "bait_deployed": 0.1, "policy_bait_ready": false, "encounter": 0.1, "oracle_handoff": null, "children": 8, "active_guide_id": 7, "guide_alive": false, "active_guide_alive": true, "guided_delivered": 0}
{"progress": "real-map-EmergencyGuides-m10331-f20331-p1-direct_guide-sitebait1-57203c07", "time": 90.0, "bait_deployed": 0.1, "policy_bait_ready": false, "encounter": 0.1, "oracle_handoff": null, "children": 8, "active_guide_id": 7, "guide_alive": false, "active_guide_alive": true, "guided_delivered": 0}
{"progress": "real-map-EmergencyGuides-m10331-f20331-p1-direct_guide-sitebait1-57203c07", "time": 100.0, "bait_deployed": 0.1, "policy_bait_ready": false, "encounter": 0.1, "oracle_handoff": null, "children": 8, "active_guide_id": 7, "guide_alive": false, "active_guide_alive": true, "guided_delivered": 0}
{"progress": "real-map-EmergencyGuides-m10331-f20331-p1-direct_guide-sitebait1-57203c07", "time": 110.0, "bait_deployed": 0.1, "policy_bait_ready": false, "encounter": 0.1, "oracle_handoff": null, "children": 8, "active_guide_id": 7, "guide_alive": false, "active_guide_alive": true, "guided_delivered": 0}
{"progress": "real-map-EmergencyGuides-m10331-f20331-p1-direct_guide-sitebait1-57203c07", "time": 120.0, "bait_deployed": 0.1, "policy_bait_ready": false, "encounter": 0.1, "oracle_handoff": null, "children": 8, "active_guide_id": 7, "guide_alive": false, "active_guide_alive": true, "guided_delivered": 0}
{"progress": "real-map-EmergencyGuides-m10331-f20331-p1-direct_guide-sitebait1-57203c07", "time": 130.0, "bait_deployed": 0.1, "policy_bait_ready": false, "encounter": 0.1, "oracle_handoff": null, "children": 8, "active_guide_id": 7, "guide_alive": false, "active_guide_alive": false, "guided_delivered": 0}
{"progress": "real-map-EmergencyGuides-m10331-f20331-p1-direct_guide-sitebait1-57203c07", "time": 140.0, "bait_deployed": 0.1, "policy_bait_ready": false, "encounter": 0.1, "oracle_handoff": null, "children": 8, "active_guide_id": 7, "guide_alive": false, "active_guide_alive": false, "guided_delivered": 0}
{"progress": "real-map-EmergencyGuides-m10331-f20331-p1-direct_guide-sitebait1-57203c07", "time": 150.0, "bait_deployed": 0.1, "policy_bait_ready": false, "encounter": 0.1, "oracle_handoff": null, "children": 8, "active_guide_id": 7, "guide_alive": false, "active_guide_alive": false, "guided_delivered": 0}
{"progress": "real-map-EmergencyGuides-m10331-f20331-p1-direct_guide-sitebait1-57203c07", "time": 160.0, "bait_deployed": 0.1, "policy_bait_ready": false, "encounter": 0.1, "oracle_handoff": null, "children": 8, "active_guide_id": 7, "guide_alive": false, "active_guide_alive": false, "guided_delivered": 0}
{"progress": "real-map-EmergencyGuides-m10331-f20331-p1-direct_guide-sitebait1-57203c07", "time": 170.0, "bait_deployed": 0.1, "policy_bait_ready": false, "encounter": 0.1, "oracle_handoff": null, "children": 8, "active_guide_id": 7, "guide_alive": false, "active_guide_alive": false, "guided_delivered": 0}
{"progress": "real-map-EmergencyGuides-m10331-f20331-p1-direct_guide-sitebait1-57203c07", "time": 180.0, "bait_deployed": 0.1, "policy_bait_ready": false, "encounter": 0.1, "oracle_handoff": null, "children": 8, "active_guide_id": 7, "guide_alive": false, "active_guide_alive": false, "guided_delivered": 0}
{"progress": "real-map-EmergencyGuides-m10331-f20331-p1-direct_guide-sitebait1-57203c07", "time": 190.0, "bait_deployed": 0.1, "policy_bait_ready": false, "encounter": 0.1, "oracle_handoff": null, "children": 8, "active_guide_id": 7, "guide_alive": false, "active_guide_alive": false, "guided_delivered": 0}
{"progress": "real-map-EmergencyGuides-m10331-f20331-p1-direct_guide-sitebait1-57203c07", "time": 200.0, "bait_deployed": 0.1, "policy_bait_ready": false, "encounter": 0.1, "oracle_handoff": null, "children": 8, "active_guide_id": 7, "guide_alive": false, "active_guide_alive": false, "guided_delivered": 0}
{"progress": "real-map-EmergencyGuides-m10331-f20331-p1-direct_guide-sitebait1-57203c07", "time": 210.0, "bait_deployed": 0.1, "policy_bait_ready": false, "encounter": 0.1, "oracle_handoff": null, "children": 8, "active_guide_id": 7, "guide_alive": false, "active_guide_alive": false, "guided_delivered": 0}
{"progress": "real-map-EmergencyGuides-m10331-f20331-p1-direct_guide-sitebait1-57203c07", "time": 220.0, "bait_deployed": 0.1, "policy_bait_ready": false, "encounter": 0.1, "oracle_handoff": null, "children": 8, "active_guide_id": 7, "guide_alive": false, "active_guide_alive": false, "guided_delivered": 0}
{"progress": "real-map-EmergencyGuides-m10331-f20331-p1-direct_guide-sitebait1-57203c07", "time": 230.0, "bait_deployed": 0.1, "policy_bait_ready": false, "encounter": 0.1, "oracle_handoff": null, "children": 8, "active_guide_id": 7, "guide_alive": false, "active_guide_alive": false, "guided_delivered": 0}
{"progress": "real-map-EmergencyGuides-m10331-f20331-p1-direct_guide-sitebait1-57203c07", "time": 240.0, "bait_deployed": 0.1, "policy_bait_ready": false, "encounter": 0.1, "oracle_handoff": null, "children": 8, "active_guide_id": 7, "guide_alive": false, "active_guide_alive": false, "guided_delivered": 0}
{"progress": "real-map-EmergencyGuides-m10331-f20331-p1-direct_guide-sitebait1-57203c07", "time": 250.0, "bait_deployed": 0.1, "policy_bait_ready": false, "encounter": 0.1, "oracle_handoff": null, "children": 8, "active_guide_id": 7, "guide_alive": false, "active_guide_alive": false, "guided_delivered": 0}
{"progress": "real-map-EmergencyGuides-m10331-f20331-p1-direct_guide-sitebait1-57203c07", "time": 260.0, "bait_deployed": 0.1, "policy_bait_ready": false, "encounter": 0.1, "oracle_handoff": null, "children": 8, "active_guide_id": 7, "guide_alive": false, "active_guide_alive": false, "guided_delivered": 0}
{"progress": "real-map-EmergencyGuides-m10331-f20331-p1-direct_guide-sitebait1-57203c07", "time": 270.0, "bait_deployed": 0.1, "policy_bait_ready": false, "encounter": 0.1, "oracle_handoff": null, "children": 8, "active_guide_id": 7, "guide_alive": false, "active_guide_alive": false, "guided_delivered": 0}
{"progress": "real-map-EmergencyGuides-m10331-f20331-p1-direct_guide-sitebait1-57203c07", "time": 280.0, "bait_deployed": 0.1, "policy_bait_ready": false, "encounter": 0.1, "oracle_handoff": null, "children": 8, "active_guide_id": 7, "guide_alive": false, "active_guide_alive": false, "guided_delivered": 0}
{"progress": "real-map-EmergencyGuides-m10331-f20331-p1-direct_guide-sitebait1-57203c07", "time": 290.0, "bait_deployed": 0.1, "policy_bait_ready": false, "encounter": 0.1, "oracle_handoff": null, "children": 8, "active_guide_id": 7, "guide_alive": false, "active_guide_alive": false, "guided_delivered": 0}
{"progress": "real-map-EmergencyGuides-m10331-f20331-p1-direct_guide-sitebait1-57203c07", "time": 300.0, "bait_deployed": 0.1, "policy_bait_ready": false, "encounter": 0.1, "oracle_handoff": null, "children": 8, "active_guide_id": 7, "guide_alive": false, "active_guide_alive": false, "guided_delivered": 0}
{"viewer_manifest_refresh": {"status": "deferred", "reason": "bounded-memory runs defer full-replay viewer processing"}}
{
  "schema": "real-map-intake-result-v2",
  "policy": "integrated_guide.policy_v27:EmergencyGuides",
  "policy_hash": "b786cab54310e7e1c2d2fa370f5c59b5697bdddcad4ef2940a9e6b0443aac6dd",
  "harness_hashes": {
    "research/simple_chase/run_streaming_v2.py": "837e02b05d1ba3af71df0949cb30beb18a8b2844f090f8b383c692192c52719a",
    "research/simple_chase/sampling.py": "1efb7d309c4cc79bc87916c1bea72a7845e78d0c2cdf0aeaf9e2a758ceed48ab",
    "research/simple_chase/static_map.py": "197b16cbe9dd2e3dd06b81fe9481986a97bd92d9c2a55f33597cc9b7280faf3c",
    "debugger/streaming_recorder_v2.py": "d5ecda6bb39ec74a9ad86fb20458df5de7f466d73052558af9e2877be3d99b19"
  },
  "mode": "direct_guide",
  "map_seed": 10331,
  "fixture_seed": 20331,
  "static_map_hash": "99ccd9f2403169435ea9ce53c19faa62e103f37ef639e02862eb10770afce677",
  "site": {
    "mouth": [
      974.5523,
      544.288
    ],
    "inward": [
      1.0,
      0.0
    ],
    "cross": [
      -0.0,
      1.0
    ],
    "goal": [
      979.5523,
      544.288
    ],
    "far": [
      849.5523,
      544.288
    ],
    "hold": [
      899.5523,
      544.288
    ],
    "gap": 15.8639,
    "overlap": 46.4301,
    "runup": [
      724.5523,
      544.288
    ],
    "approach_lane_offset": 0.0,
    "offset_approach": false,
    "obstacle_indices": [
      42,
      47
    ],
    "axis": 1,
    "other_mouth": [
      1020.9823,
      544.288
    ],
    "replacement_entry": [
      1040.9823,
      544.288
    ],
    "second_access_clear": true,
    "second_access_radius": 5.01,
    "bait_depth": 5.0,
    "boundary_indices": [],
    "geometric_replacement_access_only": true
  },
  "station_bait": true,
  "requested_seconds": 300.0,
  "seconds": 300.0,
  "reason": "horizon",
  "native_render": true,
  "reproduction_of": null,
  "record_every_ticks": 1,
  "replay_frames": 3001,
  "initial_predators": 1,
  "final_predators_total": 4,
  "tracked_predators_present_final": 1,
  "ambient_predators_spawned": 3,
  "ambient_predators_present_final": 3,
  "agent_energy_refilled": true,
  "predator_state_native": false,
  "predator_dynamics_native_after_setup": true,
  "arranged_adjacent_awake_start": true,
  "bait_id": 0,
  "guide_id": 1,
  "bait_alive": true,
  "guide_alive": false,
  "deaths": [
    {
      "time": 0.3,
      "agent_id": 3,
      "role": "native_child"
    },
    {
      "time": 19.1,
      "agent_id": 1,
      "role": "parent_guide"
    },
    {
      "time": 19.1,
      "agent_id": 2,
      "role": "native_child"
    },
    {
      "time": 19.1,
      "agent_id": 4,
      "role": "native_child"
    },
    {
      "time": 19.1,
      "agent_id": 5,
      "role": "native_child"
    },
    {
      "time": 19.1,
      "agent_id": 6,
      "role": "native_child"
    },
    {
      "time": 19.1,
      "agent_id": 8,
      "role": "native_child"
    },
    {
      "time": 19.1,
      "agent_id": 9,
      "role": "native_child"
    },
    {
      "time": 127.3,
      "agent_id": 7,
      "role": "native_child"
    }
  ],
  "spawn_requests": [
    {
      "time": 0.1,
      "parent_id": 1
    },
    {
      "time": 0.2,
      "parent_id": 2
    },
    {
      "time": 0.3,
      "parent_id": 1
    },
    {
      "time": 0.4,
      "parent_id": 1
    },
    {
      "time": 0.5,
      "parent_id": 1
    },
    {
      "time": 0.6,
      "parent_id": 2
    },
    {
      "time": 0.7,
      "parent_id": 1
    },
    {
      "time": 0.8,
      "parent_id": 1
    }
  ],
  "child_births": [
    {
      "time": 0.1,
      "child_id": 2,
      "x": 34.2078,
      "y": 293.7166,
      "requesting_parent_ids": [
        1
      ],
      "native_parent_proximity_spawn": true
    },
    {
      "time": 0.2,
      "child_id": 3,
      "x": 46.5058,
      "y": 285.407,
      "requesting_parent_ids": [
        2
      ],
      "native_parent_proximity_spawn": true
    },
    {
      "time": 0.3,
      "child_id": 4,
      "x": 45.314,
      "y": 258.5307,
      "requesting_parent_ids": [
        1
      ],
      "native_parent_proximity_spawn": true
    },
    {
      "time": 0.4,
      "child_id": 5,
      "x": 30.5917,
      "y": 221.3835,
      "requesting_parent_ids": [
        1
      ],
      "native_parent_proximity_spawn": true
    },
    {
      "time": 0.5,
      "child_id": 6,
      "x": 84.7249,
      "y": 220.8549,
      "requesting_parent_ids": [
        1
      ],
      "native_parent_proximity_spawn": true
    },
    {
      "time": 0.6,
      "child_id": 7,
      "x": 44.5841,
      "y": 355.3215,
      "requesting_parent_ids": [
        2
      ],
      "native_parent_proximity_spawn": true
    },
    {
      "time": 0.7,
      "child_id": 8,
      "x": 69.9471,
      "y": 234.1282,
      "requesting_parent_ids": [
        1
      ],
      "native_parent_proximity_spawn": true
    },
    {
      "time": 0.8,
      "child_id": 9,
      "x": 78.0306,
      "y": 187.1359,
      "requesting_parent_ids": [
        1
      ],
      "native_parent_proximity_spawn": true
    }
  ],
  "fruit_consumptions": [
    {
      "time": 1.0,
      "agent_id": 5,
      "x": 64.7073,
      "y": 191.4309
    },
    {
      "time": 2.2,
      "agent_id": 9,
      "x": 180.346,
      "y": 280.0286
    },
    {
      "time": 4.8,
      "agent_id": 6,
      "x": 398.8526,
      "y": 416.5098
    },
    {
      "time": 122.0,
      "agent_id": 7,
      "x": 572.5318,
      "y": 469.4643
    },
    {
      "time": 123.0,
      "agent_id": 7,
      "x": 637.8221,
      "y": 494.1781
    }
  ],
  "parent_fruit_consumed_before_tracked_encounter": 0,
  "tracked_encounter_times": [
    0.1
  ],
  "conditional_delivery_denominator": true,
  "conditional_delivery_status": "not_applicable",
  "setup_oracle": false,
  "setup_oracle_target": null,
  "setup_oracle_ticks": 0,
  "setup_oracle_routing": null,
  "setup_oracle_route_resets": 0,
  "setup_oracle_policy_reset_before_handoff_act": false,
  "setup_oracle_handoff_time": null,
  "dynamic_action_privilege_ended_at": null,
  "target_switches": [
    {
      "time": 0.1,
      "tracked_predator_slot": 0,
      "target": 1
    },
    {
      "time": 0.3,
      "tracked_predator_slot": 0,
      "target": 2
    },
    {
      "time": 0.4,
      "tracked_predator_slot": 0,
      "target": 4
    },
    {
      "time": 0.8,
      "tracked_predator_slot": 0,
      "target": 5
    },
    {
      "time": 1.3,
      "tracked_predator_slot": 0,
      "target": 9
    },
    {
      "time": 1.4,
      "tracked_predator_slot": 0,
      "target": 6
    },
    {
      "time": 1.5,
      "tracked_predator_slot": 0,
      "target": 4
    },
    {
      "time": 1.6,
      "tracked_predator_slot": 0,
      "target": 6
    },
    {
      "time": 1.7,
      "tracked_predator_slot": 0,
      "target": 4
    },
    {
      "time": 2.1,
      "tracked_predator_slot": 0,
      "target": 1
    },
    {
      "time": 2.3,
      "tracked_predator_slot": 0,
      "target": 4
    },
    {
      "time": 8.8,
      "tracked_predator_slot": 0,
      "target": 6
    },
    {
      "time": 8.9,
      "tracked_predator_slot": 0,
      "target": 1
    },
    {
      "time": 9.0,
      "tracked_predator_slot": 0,
      "target": 4
    },
    {
      "time": 9.6,
      "tracked_predator_slot": 0,
      "target": 6
    },
    {
      "time": 9.7,
      "tracked_predator_slot": 0,
      "target": 4
    },
    {
      "time": 9.9,
      "tracked_predator_slot": 0,
      "target": 5
    },
    {
      "time": 10.0,
      "tracked_predator_slot": 0,
      "target": 6
    },
    {
      "time": 10.1,
      "tracked_predator_slot": 0,
      "target": 8
    },
    {
      "time": 10.2,
      "tracked_predator_slot": 0,
      "target": 6
    },
    {
      "time": 10.3,
      "tracked_predator_slot": 0,
      "target": 2
    },
    {
      "time": 10.4,
      "tracked_predator_slot": 0,
      "target": 4
    },
    {
      "time": 10.5,
      "tracked_predator_slot": 0,
      "target": 8
    },
    {
      "time": 10.7,
      "tracked_predator_slot": 0,
      "target": 4
    },
    {
      "time": 10.8,
      "tracked_predator_slot": 0,
      "target": 2
    },
    {
      "time": 10.9,
      "tracked_predator_slot": 0,
      "target": 6
    },
    {
      "time": 11.0,
      "tracked_predator_slot": 0,
      "target": 8
    },
    {
      "time": 11.1,
      "tracked_predator_slot": 0,
      "target": 4
    },
    {
      "time": 11.2,
      "tracked_predator_slot": 0,
      "target": 6
    },
    {
      "time": 11.3,
      "tracked_predator_slot": 0,
      "target": 8
    },
    {
      "time": 11.4,
      "tracked_predator_slot": 0,
      "target": 4
    },
    {
      "time": 11.6,
      "tracked_predator_slot": 0,
      "target": 6
    },
    {
      "time": 11.7,
      "tracked_predator_slot": 0,
      "target": 8
    },
    {
      "time": 11.8,
      "tracked_predator_slot": 0,
      "target": 1
    },
    {
      "time": 11.9,
      "tracked_predator_slot": 0,
      "target": 6
    },
    {
      "time": 12.0,
      "tracked_predator_slot": 0,
      "target": 8
    },
    {
      "time": 12.1,
      "tracked_predator_slot": 0,
      "target": 2
    },
    {
      "time": 12.2,
      "tracked_predator_slot": 0,
      "target": 8
    },
    {
      "time": 12.5,
      "tracked_predator_slot": 0,
      "target": 6
    },
    {
      "time": 12.6,
      "tracked_predator_slot": 0,
      "target": 2
    },
    {
      "time": 12.7,
      "tracked_predator_slot": 0,
      "target": 1
    },
    {
      "time": 12.8,
      "tracked_predator_slot": 0,
      "target": 2
    },
    {
      "time": 12.9,
      "tracked_predator_slot": 0,
      "target": 6
    },
    {
      "time": 13.0,
      "tracked_predator_slot": 0,
      "target": 1
    },
    {
      "time": 13.1,
      "tracked_predator_slot": 0,
      "target": 2
    },
    {
      "time": 13.2,
      "tracked_predator_slot": 0,
      "target": 8
    },
    {
      "time": 13.3,
      "tracked_predator_slot": 0,
      "target": "resting"
    },
    {
      "time": 16.8,
      "tracked_predator_slot": 0,
      "target": 9
    },
    {
      "time": 16.9,
      "tracked_predator_slot": 0,
      "target": 2
    },
    {
      "time": 17.0,
      "tracked_predator_slot": 0,
      "target": 1
    },
    {
      "time": 17.1,
      "tracked_predator_slot": 0,
      "target": 6
    },
    {
      "time": 17.2,
      "tracked_predator_slot": 0,
      "target": 9
    },
    {
      "time": 17.4,
      "tracked_predator_slot": 0,
      "target": 4
    },
    {
      "time": 17.5,
      "tracked_predator_slot": 0,
      "target": 2
    },
    {
      "time": 17.6,
      "tracked_predator_slot": 0,
      "target": 1
    },
    {
      "time": 17.8,
      "tracked_predator_slot": 0,
      "target": 4
    },
    {
      "time": 18.9,
      "tracked_predator_slot": 0,
      "target": 8
    },
    {
      "time": 19.1,
      "tracked_predator_slot": 0,
      "target": 0
    },
    {
      "time": 32.3,
      "tracked_predator_slot": 0,
      "target": "resting"
    },
    {
      "time": 35.8,
      "tracked_predator_slot": 0,
      "target": 0
    },
    {
      "time": 45.0,
      "tracked_predator_slot": 0,
      "target": "resting"
    },
    {
      "time": 48.5,
      "tracked_predator_slot": 0,
      "target": 0
    },
    {
      "time": 57.7,
      "tracked_predator_slot": 0,
      "target": "resting"
    },
    {
      "time": 61.2,
      "tracked_predator_slot": 0,
      "target": 0
    },
    {
      "time": 70.4,
      "tracked_predator_slot": 0,
      "target": "resting"
    },
    {
      "time": 73.9,
      "tracked_predator_slot": 0,
      "target": 0
    },
    {
      "time": 83.2,
      "tracked_predator_slot": 0,
      "target": "resting"
    },
    {
      "time": 86.7,
      "tracked_predator_slot": 0,
      "target": 0
    },
    {
      "time": 95.9,
      "tracked_predator_slot": 0,
      "target": "resting"
    },
    {
      "time": 99.4,
      "tracked_predator_slot": 0,
      "target": 0
    },
    {
      "time": 108.6,
      "tracked_predator_slot": 0,
      "target": "resting"
    },
    {
      "time": 112.1,
      "tracked_predator_slot": 0,
      "target": 0
    },
    {
      "time": 121.3,
      "tracked_predator_slot": 0,
      "target": "resting"
    },
    {
      "time": 124.8,
      "tracked_predator_slot": 0,
      "target": 0
    },
    {
      "time": 134.1,
      "tracked_predator_slot": 0,
      "target": "resting"
    },
    {
      "time": 137.6,
      "tracked_predator_slot": 0,
      "target": 0
    },
    {
      "time": 146.8,
      "tracked_predator_slot": 0,
      "target": "resting"
    },
    {
      "time": 150.3,
      "tracked_predator_slot": 0,
      "target": 0
    },
    {
      "time": 159.5,
      "tracked_predator_slot": 0,
      "target": "resting"
    },
    {
      "time": 163.0,
      "tracked_predator_slot": 0,
      "target": 0
    },
    {
      "time": 172.2,
      "tracked_predator_slot": 0,
      "target": "resting"
    },
    {
      "time": 175.7,
      "tracked_predator_slot": 0,
      "target": 0
    },
    {
      "time": 184.9,
      "tracked_predator_slot": 0,
      "target": "resting"
    },
    {
      "time": 188.4,
      "tracked_predator_slot": 0,
      "target": 0
    },
    {
      "time": 197.3,
      "tracked_predator_slot": 0,
      "target": "resting"
    },
    {
      "time": 200.8,
      "tracked_predator_slot": 0,
      "target": 0
    },
    {
      "time": 210.0,
      "tracked_predator_slot": 0,
      "target": "resting"
    },
    {
      "time": 213.5,
      "tracked_predator_slot": 0,
      "target": 0
    },
    {
      "time": 222.7,
      "tracked_predator_slot": 0,
      "target": "resting"
    },
    {
      "time": 226.2,
      "tracked_predator_slot": 0,
      "target": 0
    },
    {
      "time": 235.4,
      "tracked_predator_slot": 0,
      "target": "resting"
    },
    {
      "time": 238.9,
      "tracked_predator_slot": 0,
      "target": 0
    },
    {
      "time": 247.8,
      "tracked_predator_slot": 0,
      "target": "resting"
    },
    {
      "time": 251.3,
      "tracked_predator_slot": 0,
      "target": 0
    },
    {
      "time": 260.6,
      "tracked_predator_slot": 0,
      "target": "resting"
    },
    {
      "time": 264.1,
      "tracked_predator_slot": 0,
      "target": 0
    },
    {
      "time": 273.3,
      "tracked_predator_slot": 0,
      "target": "resting"
    },
    {
      "time": 276.8,
      "tracked_predator_slot": 0,
      "target": 0
    },
    {
      "time": 286.0,
      "tracked_predator_slot": 0,
      "target": "resting"
    },
    {
      "time": 289.5,
      "tracked_predator_slot": 0,
      "target": 0
    },
    {
      "time": 298.7,
      "tracked_predator_slot": 0,
      "target": "resting"
    }
  ],
  "guide_role_trace": [
    {
      "time": 0,
      "active_guide_id": 1
    },
    {
      "time": 0.4,
      "active_guide_id": 4
    },
    {
      "time": 1.0,
      "active_guide_id": 5
    },
    {
      "time": 1.4,
      "active_guide_id": 6
    },
    {
      "time": 1.5,
      "active_guide_id": 4
    },
    {
      "time": 2.1,
      "active_guide_id": 1
    },
    {
      "time": 2.4,
      "active_guide_id": 4
    },
    {
      "time": 8.8,
      "active_guide_id": 6
    },
    {
      "time": 8.9,
      "active_guide_id": 1
    },
    {
      "time": 9.1,
      "active_guide_id": 4
    },
    {
      "time": 9.6,
      "active_guide_id": 6
    },
    {
      "time": 9.7,
      "active_guide_id": 5
    },
    {
      "time": 9.8,
      "active_guide_id": 2
    },
    {
      "time": 10.0,
      "active_guide_id": 6
    },
    {
      "time": 10.3,
      "active_guide_id": 2
    },
    {
      "time": 13.7,
      "active_guide_id": 1
    },
    {
      "time": 18.4,
      "active_guide_id": 4
    },
    {
      "time": 18.9,
      "active_guide_id": 8
    },
    {
      "time": 19.1,
      "active_guide_id": 7
    }
  ],
  "guide_follow_trace": [
    {
      "time": 0.1,
      "active_guide_id": 1,
      "tracked_predator_slot": 0
    },
    {
      "time": 0.5,
      "active_guide_id": 4,
      "tracked_predator_slot": 0
    },
    {
      "time": 1.1,
      "active_guide_id": 5,
      "tracked_predator_slot": 0
    },
    {
      "time": 1.7,
      "active_guide_id": 4,
      "tracked_predator_slot": 0
    },
    {
      "time": 2.2,
      "active_guide_id": 1,
      "tracked_predator_slot": 0
    },
    {
      "time": 2.5,
      "active_guide_id": 4,
      "tracked_predator_slot": 0
    },
    {
      "time": 9.2,
      "active_guide_id": 4,
      "tracked_predator_slot": 0
    },
    {
      "time": 10.2,
      "active_guide_id": 6,
      "tracked_predator_slot": 0
    },
    {
      "time": 10.8,
      "active_guide_id": 2,
      "tracked_predator_slot": 0
    },
    {
      "time": 17.0,
      "active_guide_id": 1,
      "tracked_predator_slot": 0
    },
    {
      "time": 18.5,
      "active_guide_id": 4,
      "tracked_predator_slot": 0
    },
    {
      "time": 19.0,
      "active_guide_id": 8,
      "tracked_predator_slot": 0
    }
  ],
  "guide_role": "child",
  "parent_role": "gather_evade",
  "child_role": "guide",
  "active_guide_id_final": 7,
  "active_guide_alive_final": false,
  "guide_role_ids": [
    1,
    2,
    4,
    5,
    6,
    7,
    8,
    9
  ],
  "bait_deployed_at": 0.1,
  "policy_bait_ready_final": false,
  "bait_left_after_deployment": null,
  "final_bait_distance_to_goal": 0.0,
  "first_guide_predator_observation": 0.1,
  "first_predator_following_guide": 0.1,
  "first_predator_following_active_guide": null,
  "tracked_seen_by_guide": 1,
  "tracked_followed_active_guide": 0,
  "physical_entered": 1,
  "guided_delivered": 0,
  "physical_losses_after_delivery": 0,
  "target_losses_after_delivery": 0,
  "physical_entry_times": [
    19.2
  ],
  "guided_delivery_times": [
    null
  ],
  "loss_times": [
    null
  ],
  "target_loss_times": [
    null
  ],
  "tail_seconds": 30.0,
  "tail_physical_min": 1,
  "tail_contained_min": 1,
  "final_distance_from_mouth": [
    18.1843
  ],
  "max_distance_after_delivery": [
    0.0
  ],
  "policy_events": [
    {
      "time": 0.1,
      "kind": "emergency_reserve_budget_enabled",
      "observed_distance": 55.0,
      "blocked_escape_cone": true,
      "close_wall": false,
      "agent_id": 1
    },
    {
      "time": 0.1,
      "kind": "bounded_emergency_reserve_birth",
      "parent_id": 1,
      "request_number": 1,
      "observed_distance": 55.0
    },
    {
      "time": 0.2,
      "kind": "native_backup_registered",
      "agent_id": 2
    },
    {
      "time": 0.2,
      "kind": "bounded_emergency_reserve_birth",
      "parent_id": 2,
      "request_number": 2,
      "observed_distance": 45.9468
    },
    {
      "time": 0.3,
      "kind": "bounded_emergency_reserve_birth",
      "parent_id": 1,
      "request_number": 3,
      "observed_distance": 31.9464
    },
    {
      "time": 0.4,
      "kind": "native_backup_registered",
      "agent_id": 4
    },
    {
      "time": 0.4,
      "kind": "public_dto_active_guide",
      "agent_id": 4,
      "reason": "minimum_observed_predator_distance_hysteresis"
    },
    {
      "time": 0.4,
      "kind": "bounded_emergency_reserve_birth",
      "parent_id": 1,
      "request_number": 4,
      "observed_distance": 37.3245
    },
    {
      "time": 0.5,
      "kind": "native_backup_registered",
      "agent_id": 5
    },
    {
      "time": 0.5,
      "kind": "bounded_emergency_reserve_birth",
      "parent_id": 1,
      "request_number": 5,
      "observed_distance": 48.8055
    },
    {
      "time": 0.6,
      "kind": "native_backup_registered",
      "agent_id": 6
    },
    {
      "time": 0.6,
      "kind": "bounded_emergency_reserve_birth",
      "parent_id": 2,
      "request_number": 6,
      "observed_distance": 62.1411
    },
    {
      "time": 0.7,
      "kind": "native_backup_registered",
      "agent_id": 7
    },
    {
      "time": 0.7,
      "kind": "bounded_emergency_reserve_birth",
      "parent_id": 1,
      "request_number": 7,
      "observed_distance": 50.1056
    },
    {
      "time": 0.8,
      "kind": "native_backup_registered",
      "agent_id": 8
    },
    {
      "time": 0.8,
      "kind": "bounded_emergency_reserve_birth",
      "parent_id": 1,
      "request_number": 8,
      "observed_distance": 49.478
    },
    {
      "time": 0.9,
      "kind": "native_backup_registered",
      "agent_id": 9
    },
    {
      "time": 1.0,
      "kind": "public_dto_active_guide",
      "agent_id": 5,
      "reason": "minimum_observed_predator_distance_hysteresis"
    },
    {
      "time": 1.4,
      "kind": "public_dto_active_guide",
      "agent_id": 6,
      "reason": "minimum_observed_predator_distance_hysteresis"
    },
    {
      "time": 1.5,
      "kind": "public_dto_active_guide",
      "agent_id": 4,
      "reason": "minimum_observed_predator_distance_hysteresis"
    },
    {
      "time": 2.1,
      "kind": "public_dto_active_guide",
      "agent_id": 1,
      "reason": "minimum_observed_predator_distance_hysteresis"
    },
    {
      "time": 2.4,
      "kind": "public_dto_active_guide",
      "agent_id": 4,
      "reason": "minimum_observed_predator_distance_hysteresis"
    },
    {
      "time": 8.8,
      "kind": "public_dto_active_guide",
      "agent_id": 6,
      "reason": "minimum_observed_predator_distance_hysteresis"
    },
    {
      "time": 8.9,
      "kind": "public_dto_active_guide",
      "agent_id": 1,
      "reason": "minimum_observed_predator_distance_hysteresis"
    },
    {
      "time": 9.1,
      "kind": "public_dto_active_guide",
      "agent_id": 4,
      "reason": "minimum_observed_predator_distance_hysteresis"
    },
    {
      "time": 9.6,
      "kind": "public_dto_active_guide",
      "agent_id": 6,
      "reason": "minimum_observed_predator_distance_hysteresis"
    },
    {
      "time": 9.7,
      "kind": "public_dto_active_guide",
      "agent_id": 5,
      "reason": "minimum_observed_predator_distance_hysteresis"
    },
    {
      "time": 9.8,
      "kind": "public_dto_active_guide",
      "agent_id": 2,
      "reason": "minimum_observed_predator_distance_hysteresis"
    },
    {
      "time": 10.0,
      "kind": "public_dto_active_guide",
      "agent_id": 6,
      "reason": "minimum_observed_predator_distance_hysteresis"
    },
    {
      "time": 10.3,
      "kind": "public_dto_active_guide",
      "agent_id": 2,
      "reason": "minimum_observed_predator_distance_hysteresis"
    },
    {
      "time": 13.7,
      "kind": "public_dto_active_guide",
      "agent_id": 1,
      "reason": "minimum_observed_predator_distance_hysteresis"
    },
    {
      "time": 18.4,
      "kind": "public_dto_active_guide",
      "agent_id": 4,
      "reason": "minimum_observed_predator_distance_hysteresis"
    },
    {
      "time": 18.9,
      "kind": "public_dto_active_guide",
      "agent_id": 8,
      "reason": "minimum_observed_predator_distance_hysteresis"
    },
    {
      "time": 19.1,
      "kind": "public_dto_active_guide",
      "agent_id": 7,
      "reason": "minimum_observed_predator_distance_hysteresis"
    }
  ],
  "success": false,
  "replay": "results/simple_chase/replays/real-map-EmergencyGuides-m10331-f20331-p1-direct_guide-sitebait1-57203c07.json.gz"
}
/home/Ucals/projects/NordicCupAI-wall-funneling/survival-simulator/oscar-trap-research/survival/results/simple_chase/real-map-EmergencyGuides-m10331-f20331-p1-direct_guide-sitebait1-57203c07.json
