Running as unit: run-p911097-i917925.scope; invocation ID: a6228514b2d84281aa09214bd68fac07
{"progress": "real-map-EmergencyGuides-m10324-f20324-p1-direct_guide-sitebait1-0ef37602", "time": 10.0, "bait_deployed": 0.1, "policy_bait_ready": false, "encounter": 0.1, "oracle_handoff": null, "children": 8, "active_guide_id": 2, "guide_alive": true, "active_guide_alive": true, "guided_delivered": 0}
{"progress": "real-map-EmergencyGuides-m10324-f20324-p1-direct_guide-sitebait1-0ef37602", "time": 20.0, "bait_deployed": 0.1, "policy_bait_ready": false, "encounter": 0.1, "oracle_handoff": null, "children": 8, "active_guide_id": 7, "guide_alive": true, "active_guide_alive": true, "guided_delivered": 0}
{"progress": "real-map-EmergencyGuides-m10324-f20324-p1-direct_guide-sitebait1-0ef37602", "time": 30.0, "bait_deployed": 0.1, "policy_bait_ready": false, "encounter": 0.1, "oracle_handoff": null, "children": 8, "active_guide_id": 2, "guide_alive": true, "active_guide_alive": true, "guided_delivered": 0}
{"progress": "real-map-EmergencyGuides-m10324-f20324-p1-direct_guide-sitebait1-0ef37602", "time": 40.0, "bait_deployed": 0.1, "policy_bait_ready": false, "encounter": 0.1, "oracle_handoff": null, "children": 8, "active_guide_id": 2, "guide_alive": true, "active_guide_alive": true, "guided_delivered": 0}
{"progress": "real-map-EmergencyGuides-m10324-f20324-p1-direct_guide-sitebait1-0ef37602", "time": 50.0, "bait_deployed": 0.1, "policy_bait_ready": false, "encounter": 0.1, "oracle_handoff": null, "children": 8, "active_guide_id": 2, "guide_alive": true, "active_guide_alive": true, "guided_delivered": 0}
{"progress": "real-map-EmergencyGuides-m10324-f20324-p1-direct_guide-sitebait1-0ef37602", "time": 60.0, "bait_deployed": 0.1, "policy_bait_ready": false, "encounter": 0.1, "oracle_handoff": null, "children": 8, "active_guide_id": 2, "guide_alive": true, "active_guide_alive": true, "guided_delivered": 0}
{"progress": "real-map-EmergencyGuides-m10324-f20324-p1-direct_guide-sitebait1-0ef37602", "time": 70.0, "bait_deployed": 0.1, "policy_bait_ready": false, "encounter": 0.1, "oracle_handoff": null, "children": 8, "active_guide_id": 2, "guide_alive": true, "active_guide_alive": true, "guided_delivered": 0}
{"progress": "real-map-EmergencyGuides-m10324-f20324-p1-direct_guide-sitebait1-0ef37602", "time": 80.0, "bait_deployed": 0.1, "policy_bait_ready": false, "encounter": 0.1, "oracle_handoff": null, "children": 8, "active_guide_id": 2, "guide_alive": true, "active_guide_alive": true, "guided_delivered": 0}
{"progress": "real-map-EmergencyGuides-m10324-f20324-p1-direct_guide-sitebait1-0ef37602", "time": 90.0, "bait_deployed": 0.1, "policy_bait_ready": false, "encounter": 0.1, "oracle_handoff": null, "children": 8, "active_guide_id": 2, "guide_alive": true, "active_guide_alive": true, "guided_delivered": 0}
{"progress": "real-map-EmergencyGuides-m10324-f20324-p1-direct_guide-sitebait1-0ef37602", "time": 100.0, "bait_deployed": 0.1, "policy_bait_ready": false, "encounter": 0.1, "oracle_handoff": null, "children": 8, "active_guide_id": 2, "guide_alive": true, "active_guide_alive": true, "guided_delivered": 0}
{"progress": "real-map-EmergencyGuides-m10324-f20324-p1-direct_guide-sitebait1-0ef37602", "time": 110.0, "bait_deployed": 0.1, "policy_bait_ready": false, "encounter": 0.1, "oracle_handoff": null, "children": 8, "active_guide_id": 2, "guide_alive": true, "active_guide_alive": true, "guided_delivered": 0}
{"progress": "real-map-EmergencyGuides-m10324-f20324-p1-direct_guide-sitebait1-0ef37602", "time": 120.0, "bait_deployed": 0.1, "policy_bait_ready": false, "encounter": 0.1, "oracle_handoff": null, "children": 8, "active_guide_id": 2, "guide_alive": true, "active_guide_alive": true, "guided_delivered": 0}
{"progress": "real-map-EmergencyGuides-m10324-f20324-p1-direct_guide-sitebait1-0ef37602", "time": 130.0, "bait_deployed": 0.1, "policy_bait_ready": false, "encounter": 0.1, "oracle_handoff": null, "children": 8, "active_guide_id": 2, "guide_alive": true, "active_guide_alive": true, "guided_delivered": 0}
{"progress": "real-map-EmergencyGuides-m10324-f20324-p1-direct_guide-sitebait1-0ef37602", "time": 140.0, "bait_deployed": 0.1, "policy_bait_ready": false, "encounter": 0.1, "oracle_handoff": null, "children": 8, "active_guide_id": 2, "guide_alive": true, "active_guide_alive": true, "guided_delivered": 0}
{"progress": "real-map-EmergencyGuides-m10324-f20324-p1-direct_guide-sitebait1-0ef37602", "time": 150.0, "bait_deployed": 0.1, "policy_bait_ready": false, "encounter": 0.1, "oracle_handoff": null, "children": 8, "active_guide_id": 2, "guide_alive": true, "active_guide_alive": true, "guided_delivered": 0}
{"progress": "real-map-EmergencyGuides-m10324-f20324-p1-direct_guide-sitebait1-0ef37602", "time": 160.0, "bait_deployed": 0.1, "policy_bait_ready": false, "encounter": 0.1, "oracle_handoff": null, "children": 8, "active_guide_id": 2, "guide_alive": true, "active_guide_alive": true, "guided_delivered": 0}
{"progress": "real-map-EmergencyGuides-m10324-f20324-p1-direct_guide-sitebait1-0ef37602", "time": 170.0, "bait_deployed": 0.1, "policy_bait_ready": false, "encounter": 0.1, "oracle_handoff": null, "children": 8, "active_guide_id": 2, "guide_alive": true, "active_guide_alive": true, "guided_delivered": 0}
{"progress": "real-map-EmergencyGuides-m10324-f20324-p1-direct_guide-sitebait1-0ef37602", "time": 180.0, "bait_deployed": 0.1, "policy_bait_ready": false, "encounter": 0.1, "oracle_handoff": null, "children": 8, "active_guide_id": 2, "guide_alive": true, "active_guide_alive": true, "guided_delivered": 0}
{"progress": "real-map-EmergencyGuides-m10324-f20324-p1-direct_guide-sitebait1-0ef37602", "time": 190.0, "bait_deployed": 0.1, "policy_bait_ready": false, "encounter": 0.1, "oracle_handoff": null, "children": 8, "active_guide_id": 2, "guide_alive": true, "active_guide_alive": true, "guided_delivered": 0}
{"progress": "real-map-EmergencyGuides-m10324-f20324-p1-direct_guide-sitebait1-0ef37602", "time": 200.0, "bait_deployed": 0.1, "policy_bait_ready": false, "encounter": 0.1, "oracle_handoff": null, "children": 8, "active_guide_id": 2, "guide_alive": true, "active_guide_alive": true, "guided_delivered": 0}
{"progress": "real-map-EmergencyGuides-m10324-f20324-p1-direct_guide-sitebait1-0ef37602", "time": 210.0, "bait_deployed": 0.1, "policy_bait_ready": false, "encounter": 0.1, "oracle_handoff": null, "children": 8, "active_guide_id": 2, "guide_alive": true, "active_guide_alive": true, "guided_delivered": 0}
{"progress": "real-map-EmergencyGuides-m10324-f20324-p1-direct_guide-sitebait1-0ef37602", "time": 220.0, "bait_deployed": 0.1, "policy_bait_ready": false, "encounter": 0.1, "oracle_handoff": null, "children": 8, "active_guide_id": 2, "guide_alive": true, "active_guide_alive": true, "guided_delivered": 0}
{"progress": "real-map-EmergencyGuides-m10324-f20324-p1-direct_guide-sitebait1-0ef37602", "time": 230.0, "bait_deployed": 0.1, "policy_bait_ready": false, "encounter": 0.1, "oracle_handoff": null, "children": 8, "active_guide_id": 2, "guide_alive": true, "active_guide_alive": true, "guided_delivered": 0}
{"progress": "real-map-EmergencyGuides-m10324-f20324-p1-direct_guide-sitebait1-0ef37602", "time": 240.0, "bait_deployed": 0.1, "policy_bait_ready": false, "encounter": 0.1, "oracle_handoff": null, "children": 8, "active_guide_id": 2, "guide_alive": true, "active_guide_alive": true, "guided_delivered": 0}
{"progress": "real-map-EmergencyGuides-m10324-f20324-p1-direct_guide-sitebait1-0ef37602", "time": 250.0, "bait_deployed": 0.1, "policy_bait_ready": false, "encounter": 0.1, "oracle_handoff": null, "children": 8, "active_guide_id": 2, "guide_alive": true, "active_guide_alive": true, "guided_delivered": 0}
{"progress": "real-map-EmergencyGuides-m10324-f20324-p1-direct_guide-sitebait1-0ef37602", "time": 260.0, "bait_deployed": 0.1, "policy_bait_ready": false, "encounter": 0.1, "oracle_handoff": null, "children": 8, "active_guide_id": 2, "guide_alive": true, "active_guide_alive": true, "guided_delivered": 0}
{"progress": "real-map-EmergencyGuides-m10324-f20324-p1-direct_guide-sitebait1-0ef37602", "time": 270.0, "bait_deployed": 0.1, "policy_bait_ready": false, "encounter": 0.1, "oracle_handoff": null, "children": 8, "active_guide_id": 2, "guide_alive": true, "active_guide_alive": true, "guided_delivered": 0}
{"progress": "real-map-EmergencyGuides-m10324-f20324-p1-direct_guide-sitebait1-0ef37602", "time": 280.0, "bait_deployed": 0.1, "policy_bait_ready": false, "encounter": 0.1, "oracle_handoff": null, "children": 8, "active_guide_id": 2, "guide_alive": true, "active_guide_alive": true, "guided_delivered": 0}
{"progress": "real-map-EmergencyGuides-m10324-f20324-p1-direct_guide-sitebait1-0ef37602", "time": 290.0, "bait_deployed": 0.1, "policy_bait_ready": false, "encounter": 0.1, "oracle_handoff": null, "children": 8, "active_guide_id": 2, "guide_alive": true, "active_guide_alive": true, "guided_delivered": 0}
{"progress": "real-map-EmergencyGuides-m10324-f20324-p1-direct_guide-sitebait1-0ef37602", "time": 300.0, "bait_deployed": 0.1, "policy_bait_ready": false, "encounter": 0.1, "oracle_handoff": null, "children": 8, "active_guide_id": 2, "guide_alive": true, "active_guide_alive": true, "guided_delivered": 0}
{"viewer_manifest_refresh": {"status": "deferred", "reason": "bounded-memory runs defer full-replay viewer processing"}}
{
  "schema": "real-map-intake-result-v2",
  "policy": "integrated_guide.policy_v27:EmergencyGuides",
  "policy_hash": "b786cab54310e7e1c2d2fa370f5c59b5697bdddcad4ef2940a9e6b0443aac6dd",
  "harness_hashes": {
    "research/simple_chase/run_streaming_v2.py": "837e02b05d1ba3af71df0949cb30beb18a8b2844f090f8b383c692192c52719a",
    "research/simple_chase/sampling.py": "1efb7d309c4cc79bc87916c1bea72a7845e78d0c2cdf0aeaf9e2a758ceed48ab",
    "research/simple_chase/static_map.py": "197b16cbe9dd2e3dd06b81fe9481986a97bd92d9c2a55f33597cc9b7280faf3c",
    "debugger/streaming_recorder_v2.py": "d5ecda6bb39ec74a9ad86fb20458df5de7f466d73052558af9e2877be3d99b19"
  },
  "mode": "direct_guide",
  "map_seed": 10324,
  "fixture_seed": 20324,
  "static_map_hash": "f883c4f554041c5491c382badfb0dcfb9e1488e6bfb7f401af67d6bcb724c1cc",
  "site": {
    "mouth": [
      1325.6139,
      140.6597
    ],
    "inward": [
      1.0,
      0.0
    ],
    "cross": [
      -0.0,
      1.0
    ],
    "goal": [
      1330.6139,
      140.6597
    ],
    "far": [
      1200.6139,
      140.6597
    ],
    "hold": [
      1250.6139,
      140.6597
    ],
    "gap": 17.0849,
    "overlap": 67.2764,
    "runup": [
      1075.6139,
      140.6597
    ],
    "approach_lane_offset": 0.0,
    "offset_approach": false,
    "obstacle_indices": [
      43,
      22
    ],
    "axis": 1,
    "other_mouth": [
      1392.8903,
      140.6597
    ],
    "replacement_entry": [
      1412.8903,
      140.6597
    ],
    "second_access_clear": true,
    "second_access_radius": 5.01,
    "bait_depth": 5.0,
    "boundary_indices": [],
    "geometric_replacement_access_only": true
  },
  "station_bait": true,
  "requested_seconds": 300.0,
  "seconds": 300.0,
  "reason": "horizon",
  "native_render": true,
  "reproduction_of": null,
  "record_every_ticks": 1,
  "replay_frames": 3001,
  "initial_predators": 1,
  "final_predators_total": 3,
  "tracked_predators_present_final": 1,
  "ambient_predators_spawned": 2,
  "ambient_predators_present_final": 2,
  "agent_energy_refilled": true,
  "predator_state_native": false,
  "predator_dynamics_native_after_setup": true,
  "arranged_adjacent_awake_start": true,
  "bait_id": 0,
  "guide_id": 1,
  "bait_alive": true,
  "guide_alive": true,
  "deaths": [
    {
      "time": 8.2,
      "agent_id": 3,
      "role": "native_child"
    }
  ],
  "spawn_requests": [
    {
      "time": 1.7,
      "parent_id": 1
    },
    {
      "time": 1.8,
      "parent_id": 2
    },
    {
      "time": 1.9,
      "parent_id": 2
    },
    {
      "time": 2.0,
      "parent_id": 4
    },
    {
      "time": 2.1,
      "parent_id": 4
    },
    {
      "time": 2.2,
      "parent_id": 4
    },
    {
      "time": 2.3,
      "parent_id": 2
    },
    {
      "time": 2.4,
      "parent_id": 8
    }
  ],
  "child_births": [
    {
      "time": 1.7,
      "child_id": 2,
      "x": 1302.8538,
      "y": 582.9775,
      "requesting_parent_ids": [
        1
      ],
      "native_parent_proximity_spawn": true
    },
    {
      "time": 1.8,
      "child_id": 3,
      "x": 1299.1876,
      "y": 576.7133,
      "requesting_parent_ids": [
        2
      ],
      "native_parent_proximity_spawn": true
    },
    {
      "time": 1.9,
      "child_id": 4,
      "x": 1316.8318,
      "y": 547.3743,
      "requesting_parent_ids": [
        2
      ],
      "native_parent_proximity_spawn": true
    },
    {
      "time": 2.0,
      "child_id": 5,
      "x": 1302.551,
      "y": 556.802,
      "requesting_parent_ids": [
        4
      ],
      "native_parent_proximity_spawn": true
    },
    {
      "time": 2.1,
      "child_id": 6,
      "x": 1327.1432,
      "y": 536.5701,
      "requesting_parent_ids": [
        4
      ],
      "native_parent_proximity_spawn": true
    },
    {
      "time": 2.2,
      "child_id": 7,
      "x": 1299.5957,
      "y": 542.8939,
      "requesting_parent_ids": [
        4
      ],
      "native_parent_proximity_spawn": true
    },
    {
      "time": 2.3,
      "child_id": 8,
      "x": 1315.3125,
      "y": 516.0534,
      "requesting_parent_ids": [
        2
      ],
      "native_parent_proximity_spawn": true
    },
    {
      "time": 2.4,
      "child_id": 9,
      "x": 1292.3575,
      "y": 516.881,
      "requesting_parent_ids": [
        8
      ],
      "native_parent_proximity_spawn": true
    }
  ],
  "fruit_consumptions": [
    {
      "time": 171.8,
      "agent_id": 0,
      "x": 1338.1766,
      "y": 140.667
    }
  ],
  "parent_fruit_consumed_before_tracked_encounter": 0,
  "tracked_encounter_times": [
    0.1
  ],
  "conditional_delivery_denominator": true,
  "conditional_delivery_status": "not_applicable",
  "setup_oracle": false,
  "setup_oracle_target": null,
  "setup_oracle_ticks": 0,
  "setup_oracle_routing": null,
  "setup_oracle_route_resets": 0,
  "setup_oracle_policy_reset_before_handoff_act": false,
  "setup_oracle_handoff_time": null,
  "dynamic_action_privilege_ended_at": null,
  "target_switches": [
    {
      "time": 0.1,
      "tracked_predator_slot": 0,
      "target": 1
    },
    {
      "time": 0.8,
      "tracked_predator_slot": 0,
      "target": null
    },
    {
      "time": 0.9,
      "tracked_predator_slot": 0,
      "target": 1
    },
    {
      "time": 2.0,
      "tracked_predator_slot": 0,
      "target": 3
    },
    {
      "time": 3.0,
      "tracked_predator_slot": 0,
      "target": 4
    },
    {
      "time": 3.1,
      "tracked_predator_slot": 0,
      "target": 8
    },
    {
      "time": 3.2,
      "tracked_predator_slot": 0,
      "target": 7
    },
    {
      "time": 3.3,
      "tracked_predator_slot": 0,
      "target": 2
    },
    {
      "time": 3.4,
      "tracked_predator_slot": 0,
      "target": 4
    },
    {
      "time": 5.0,
      "tracked_predator_slot": 0,
      "target": 9
    },
    {
      "time": 5.1,
      "tracked_predator_slot": 0,
      "target": 1
    },
    {
      "time": 5.2,
      "tracked_predator_slot": 0,
      "target": 4
    },
    {
      "time": 5.3,
      "tracked_predator_slot": 0,
      "target": 2
    },
    {
      "time": 5.4,
      "tracked_predator_slot": 0,
      "target": 8
    },
    {
      "time": 5.5,
      "tracked_predator_slot": 0,
      "target": 2
    },
    {
      "time": 5.6,
      "tracked_predator_slot": 0,
      "target": 1
    },
    {
      "time": 5.7,
      "tracked_predator_slot": 0,
      "target": 4
    },
    {
      "time": 5.8,
      "tracked_predator_slot": 0,
      "target": 3
    },
    {
      "time": 5.9,
      "tracked_predator_slot": 0,
      "target": 4
    },
    {
      "time": 6.0,
      "tracked_predator_slot": 0,
      "target": 6
    },
    {
      "time": 6.1,
      "tracked_predator_slot": 0,
      "target": 9
    },
    {
      "time": 6.2,
      "tracked_predator_slot": 0,
      "target": 2
    },
    {
      "time": 6.3,
      "tracked_predator_slot": 0,
      "target": 9
    },
    {
      "time": 6.4,
      "tracked_predator_slot": 0,
      "target": 5
    },
    {
      "time": 6.8,
      "tracked_predator_slot": 0,
      "target": 8
    },
    {
      "time": 7.1,
      "tracked_predator_slot": 0,
      "target": 1
    },
    {
      "time": 7.2,
      "tracked_predator_slot": 0,
      "target": 2
    },
    {
      "time": 7.3,
      "tracked_predator_slot": 0,
      "target": 9
    },
    {
      "time": 7.4,
      "tracked_predator_slot": 0,
      "target": 7
    },
    {
      "time": 7.5,
      "tracked_predator_slot": 0,
      "target": 6
    },
    {
      "time": 7.6,
      "tracked_predator_slot": 0,
      "target": 3
    },
    {
      "time": 8.2,
      "tracked_predator_slot": 0,
      "target": 7
    },
    {
      "time": 8.9,
      "tracked_predator_slot": 0,
      "target": 2
    },
    {
      "time": 9.0,
      "tracked_predator_slot": 0,
      "target": 8
    },
    {
      "time": 9.1,
      "tracked_predator_slot": 0,
      "target": 2
    },
    {
      "time": 9.3,
      "tracked_predator_slot": 0,
      "target": 5
    },
    {
      "time": 9.6,
      "tracked_predator_slot": 0,
      "target": 1
    },
    {
      "time": 9.7,
      "tracked_predator_slot": 0,
      "target": 2
    },
    {
      "time": 9.8,
      "tracked_predator_slot": 0,
      "target": 1
    },
    {
      "time": 9.9,
      "tracked_predator_slot": 0,
      "target": 5
    },
    {
      "time": 11.0,
      "tracked_predator_slot": 0,
      "target": 1
    },
    {
      "time": 11.1,
      "tracked_predator_slot": 0,
      "target": 8
    },
    {
      "time": 11.2,
      "tracked_predator_slot": 0,
      "target": 1
    },
    {
      "time": 11.3,
      "tracked_predator_slot": 0,
      "target": 4
    },
    {
      "time": 11.4,
      "tracked_predator_slot": 0,
      "target": 8
    },
    {
      "time": 11.5,
      "tracked_predator_slot": 0,
      "target": 4
    },
    {
      "time": 11.6,
      "tracked_predator_slot": 0,
      "target": 2
    },
    {
      "time": 11.7,
      "tracked_predator_slot": 0,
      "target": 4
    },
    {
      "time": 11.9,
      "tracked_predator_slot": 0,
      "target": 8
    },
    {
      "time": 12.1,
      "tracked_predator_slot": 0,
      "target": 7
    },
    {
      "time": 12.2,
      "tracked_predator_slot": 0,
      "target": 9
    },
    {
      "time": 12.3,
      "tracked_predator_slot": 0,
      "target": 2
    },
    {
      "time": 12.5,
      "tracked_predator_slot": 0,
      "target": 7
    },
    {
      "time": 12.6,
      "tracked_predator_slot": 0,
      "target": 6
    },
    {
      "time": 12.8,
      "tracked_predator_slot": 0,
      "target": 7
    },
    {
      "time": 13.0,
      "tracked_predator_slot": 0,
      "target": 6
    },
    {
      "time": 13.6,
      "tracked_predator_slot": 0,
      "target": 2
    },
    {
      "time": 13.8,
      "tracked_predator_slot": 0,
      "target": 4
    },
    {
      "time": 13.9,
      "tracked_predator_slot": 0,
      "target": 8
    },
    {
      "time": 14.3,
      "tracked_predator_slot": 0,
      "target": 2
    },
    {
      "time": 14.4,
      "tracked_predator_slot": 0,
      "target": 8
    },
    {
      "time": 14.6,
      "tracked_predator_slot": 0,
      "target": 4
    },
    {
      "time": 14.7,
      "tracked_predator_slot": 0,
      "target": 5
    },
    {
      "time": 14.8,
      "tracked_predator_slot": 0,
      "target": 2
    },
    {
      "time": 14.9,
      "tracked_predator_slot": 0,
      "target": 1
    },
    {
      "time": 15.0,
      "tracked_predator_slot": 0,
      "target": 2
    },
    {
      "time": 15.1,
      "tracked_predator_slot": 0,
      "target": 1
    },
    {
      "time": 15.2,
      "tracked_predator_slot": 0,
      "target": 2
    },
    {
      "time": 15.3,
      "tracked_predator_slot": 0,
      "target": 1
    },
    {
      "time": 15.4,
      "tracked_predator_slot": 0,
      "target": 8
    },
    {
      "time": 15.7,
      "tracked_predator_slot": 0,
      "target": 4
    },
    {
      "time": 15.9,
      "tracked_predator_slot": 0,
      "target": 5
    },
    {
      "time": 16.0,
      "tracked_predator_slot": 0,
      "target": 4
    },
    {
      "time": 16.5,
      "tracked_predator_slot": 0,
      "target": 6
    },
    {
      "time": 16.6,
      "tracked_predator_slot": 0,
      "target": 4
    },
    {
      "time": 16.9,
      "tracked_predator_slot": 0,
      "target": 9
    },
    {
      "time": 17.0,
      "tracked_predator_slot": 0,
      "target": 6
    },
    {
      "time": 17.1,
      "tracked_predator_slot": 0,
      "target": 9
    },
    {
      "time": 17.2,
      "tracked_predator_slot": 0,
      "target": 6
    },
    {
      "time": 17.3,
      "tracked_predator_slot": 0,
      "target": 7
    },
    {
      "time": 17.4,
      "tracked_predator_slot": 0,
      "target": 4
    },
    {
      "time": 17.5,
      "tracked_predator_slot": 0,
      "target": 5
    },
    {
      "time": 17.6,
      "tracked_predator_slot": 0,
      "target": 2
    },
    {
      "time": 17.7,
      "tracked_predator_slot": 0,
      "target": 5
    },
    {
      "time": 17.8,
      "tracked_predator_slot": 0,
      "target": 4
    },
    {
      "time": 17.9,
      "tracked_predator_slot": 0,
      "target": 1
    },
    {
      "time": 18.0,
      "tracked_predator_slot": 0,
      "target": 9
    },
    {
      "time": 18.2,
      "tracked_predator_slot": 0,
      "target": 2
    },
    {
      "time": 18.3,
      "tracked_predator_slot": 0,
      "target": 1
    },
    {
      "time": 18.4,
      "tracked_predator_slot": 0,
      "target": 4
    },
    {
      "time": 18.5,
      "tracked_predator_slot": 0,
      "target": 1
    },
    {
      "time": 18.6,
      "tracked_predator_slot": 0,
      "target": 5
    },
    {
      "time": 18.7,
      "tracked_predator_slot": 0,
      "target": 4
    },
    {
      "time": 18.8,
      "tracked_predator_slot": 0,
      "target": 5
    },
    {
      "time": 18.9,
      "tracked_predator_slot": 0,
      "target": 1
    },
    {
      "time": 19.1,
      "tracked_predator_slot": 0,
      "target": 8
    },
    {
      "time": 19.2,
      "tracked_predator_slot": 0,
      "target": 9
    },
    {
      "time": 19.3,
      "tracked_predator_slot": 0,
      "target": 4
    },
    {
      "time": 19.4,
      "tracked_predator_slot": 0,
      "target": 5
    },
    {
      "time": 19.5,
      "tracked_predator_slot": 0,
      "target": 7
    },
    {
      "time": 19.6,
      "tracked_predator_slot": 0,
      "target": 0
    },
    {
      "time": 19.7,
      "tracked_predator_slot": 0,
      "target": 7
    },
    {
      "time": 19.8,
      "tracked_predator_slot": 0,
      "target": 0
    },
    {
      "time": 21.2,
      "tracked_predator_slot": 0,
      "target": "resting"
    },
    {
      "time": 24.7,
      "tracked_predator_slot": 0,
      "target": 0
    },
    {
      "time": 33.9,
      "tracked_predator_slot": 0,
      "target": "resting"
    },
    {
      "time": 37.4,
      "tracked_predator_slot": 0,
      "target": 0
    },
    {
      "time": 46.6,
      "tracked_predator_slot": 0,
      "target": "resting"
    },
    {
      "time": 50.1,
      "tracked_predator_slot": 0,
      "target": 0
    },
    {
      "time": 59.4,
      "tracked_predator_slot": 0,
      "target": "resting"
    },
    {
      "time": 62.9,
      "tracked_predator_slot": 0,
      "target": 0
    },
    {
      "time": 72.1,
      "tracked_predator_slot": 0,
      "target": "resting"
    },
    {
      "time": 75.6,
      "tracked_predator_slot": 0,
      "target": 0
    },
    {
      "time": 84.8,
      "tracked_predator_slot": 0,
      "target": "resting"
    },
    {
      "time": 88.3,
      "tracked_predator_slot": 0,
      "target": 0
    },
    {
      "time": 97.5,
      "tracked_predator_slot": 0,
      "target": "resting"
    },
    {
      "time": 101.0,
      "tracked_predator_slot": 0,
      "target": 0
    },
    {
      "time": 110.2,
      "tracked_predator_slot": 0,
      "target": "resting"
    },
    {
      "time": 113.7,
      "tracked_predator_slot": 0,
      "target": 0
    },
    {
      "time": 122.9,
      "tracked_predator_slot": 0,
      "target": "resting"
    },
    {
      "time": 126.4,
      "tracked_predator_slot": 0,
      "target": 0
    },
    {
      "time": 135.7,
      "tracked_predator_slot": 0,
      "target": "resting"
    },
    {
      "time": 139.2,
      "tracked_predator_slot": 0,
      "target": 0
    },
    {
      "time": 148.4,
      "tracked_predator_slot": 0,
      "target": "resting"
    },
    {
      "time": 151.9,
      "tracked_predator_slot": 0,
      "target": 0
    },
    {
      "time": 161.1,
      "tracked_predator_slot": 0,
      "target": "resting"
    },
    {
      "time": 164.6,
      "tracked_predator_slot": 0,
      "target": 0
    },
    {
      "time": 173.8,
      "tracked_predator_slot": 0,
      "target": "resting"
    },
    {
      "time": 177.3,
      "tracked_predator_slot": 0,
      "target": 0
    },
    {
      "time": 186.5,
      "tracked_predator_slot": 0,
      "target": "resting"
    },
    {
      "time": 190.0,
      "tracked_predator_slot": 0,
      "target": 0
    },
    {
      "time": 199.3,
      "tracked_predator_slot": 0,
      "target": "resting"
    },
    {
      "time": 202.8,
      "tracked_predator_slot": 0,
      "target": 0
    },
    {
      "time": 212.0,
      "tracked_predator_slot": 0,
      "target": "resting"
    },
    {
      "time": 215.5,
      "tracked_predator_slot": 0,
      "target": 0
    },
    {
      "time": 224.7,
      "tracked_predator_slot": 0,
      "target": "resting"
    },
    {
      "time": 228.2,
      "tracked_predator_slot": 0,
      "target": 0
    },
    {
      "time": 237.4,
      "tracked_predator_slot": 0,
      "target": "resting"
    },
    {
      "time": 240.9,
      "tracked_predator_slot": 0,
      "target": 0
    },
    {
      "time": 250.1,
      "tracked_predator_slot": 0,
      "target": "resting"
    },
    {
      "time": 253.6,
      "tracked_predator_slot": 0,
      "target": 0
    },
    {
      "time": 262.9,
      "tracked_predator_slot": 0,
      "target": "resting"
    },
    {
      "time": 266.4,
      "tracked_predator_slot": 0,
      "target": 0
    },
    {
      "time": 275.6,
      "tracked_predator_slot": 0,
      "target": "resting"
    },
    {
      "time": 279.1,
      "tracked_predator_slot": 0,
      "target": 0
    },
    {
      "time": 288.3,
      "tracked_predator_slot": 0,
      "target": "resting"
    },
    {
      "time": 291.8,
      "tracked_predator_slot": 0,
      "target": 0
    }
  ],
  "guide_role_trace": [
    {
      "time": 0,
      "active_guide_id": 1
    },
    {
      "time": 2.0,
      "active_guide_id": 3
    },
    {
      "time": 3.1,
      "active_guide_id": 8
    },
    {
      "time": 5.8,
      "active_guide_id": 3
    },
    {
      "time": 5.9,
      "active_guide_id": 4
    },
    {
      "time": 6.2,
      "active_guide_id": 2
    },
    {
      "time": 6.3,
      "active_guide_id": 9
    },
    {
      "time": 6.7,
      "active_guide_id": 4
    },
    {
      "time": 7.0,
      "active_guide_id": 8
    },
    {
      "time": 7.4,
      "active_guide_id": 7
    },
    {
      "time": 7.5,
      "active_guide_id": 9
    },
    {
      "time": 7.6,
      "active_guide_id": 3
    },
    {
      "time": 8.0,
      "active_guide_id": 5
    },
    {
      "time": 8.1,
      "active_guide_id": 4
    },
    {
      "time": 8.2,
      "active_guide_id": 6
    },
    {
      "time": 8.5,
      "active_guide_id": 9
    },
    {
      "time": 8.6,
      "active_guide_id": 2
    },
    {
      "time": 9.3,
      "active_guide_id": 5
    },
    {
      "time": 9.7,
      "active_guide_id": 2
    },
    {
      "time": 10.0,
      "active_guide_id": 5
    },
    {
      "time": 11.0,
      "active_guide_id": 1
    },
    {
      "time": 11.1,
      "active_guide_id": 7
    },
    {
      "time": 11.3,
      "active_guide_id": 4
    },
    {
      "time": 11.4,
      "active_guide_id": 8
    },
    {
      "time": 11.6,
      "active_guide_id": 2
    },
    {
      "time": 11.7,
      "active_guide_id": 4
    },
    {
      "time": 12.0,
      "active_guide_id": 8
    },
    {
      "time": 12.2,
      "active_guide_id": 9
    },
    {
      "time": 12.3,
      "active_guide_id": 2
    },
    {
      "time": 12.4,
      "active_guide_id": 9
    },
    {
      "time": 13.0,
      "active_guide_id": 6
    },
    {
      "time": 13.6,
      "active_guide_id": 2
    },
    {
      "time": 13.8,
      "active_guide_id": 4
    },
    {
      "time": 13.9,
      "active_guide_id": 8
    },
    {
      "time": 14.6,
      "active_guide_id": 6
    },
    {
      "time": 14.8,
      "active_guide_id": 2
    },
    {
      "time": 14.9,
      "active_guide_id": 1
    },
    {
      "time": 15.0,
      "active_guide_id": 2
    },
    {
      "time": 15.1,
      "active_guide_id": 1
    },
    {
      "time": 15.2,
      "active_guide_id": 2
    },
    {
      "time": 15.3,
      "active_guide_id": 1
    },
    {
      "time": 15.6,
      "active_guide_id": 8
    },
    {
      "time": 15.8,
      "active_guide_id": 9
    },
    {
      "time": 15.9,
      "active_guide_id": 5
    },
    {
      "time": 16.1,
      "active_guide_id": 2
    },
    {
      "time": 16.2,
      "active_guide_id": 4
    },
    {
      "time": 16.5,
      "active_guide_id": 6
    },
    {
      "time": 16.6,
      "active_guide_id": 9
    },
    {
      "time": 16.8,
      "active_guide_id": 5
    },
    {
      "time": 17.0,
      "active_guide_id": 6
    },
    {
      "time": 17.1,
      "active_guide_id": 9
    },
    {
      "time": 17.2,
      "active_guide_id": 6
    },
    {
      "time": 17.3,
      "active_guide_id": 7
    },
    {
      "time": 17.4,
      "active_guide_id": 4
    },
    {
      "time": 17.7,
      "active_guide_id": 5
    },
    {
      "time": 17.8,
      "active_guide_id": 4
    },
    {
      "time": 17.9,
      "active_guide_id": 1
    },
    {
      "time": 18.0,
      "active_guide_id": 9
    },
    {
      "time": 18.3,
      "active_guide_id": 6
    },
    {
      "time": 18.5,
      "active_guide_id": 1
    },
    {
      "time": 18.7,
      "active_guide_id": 7
    },
    {
      "time": 18.8,
      "active_guide_id": 5
    },
    {
      "time": 19.0,
      "active_guide_id": 4
    },
    {
      "time": 19.2,
      "active_guide_id": 9
    },
    {
      "time": 19.3,
      "active_guide_id": 4
    },
    {
      "time": 19.4,
      "active_guide_id": 5
    },
    {
      "time": 19.5,
      "active_guide_id": 4
    },
    {
      "time": 19.6,
      "active_guide_id": 5
    },
    {
      "time": 19.8,
      "active_guide_id": 9
    },
    {
      "time": 19.9,
      "active_guide_id": 7
    },
    {
      "time": 20.0,
      "active_guide_id": 5
    },
    {
      "time": 20.1,
      "active_guide_id": 7
    },
    {
      "time": 20.2,
      "active_guide_id": 9
    },
    {
      "time": 20.3,
      "active_guide_id": 4
    },
    {
      "time": 20.4,
      "active_guide_id": 5
    },
    {
      "time": 20.5,
      "active_guide_id": 4
    },
    {
      "time": 20.7,
      "active_guide_id": 2
    },
    {
      "time": 20.8,
      "active_guide_id": 5
    },
    {
      "time": 20.9,
      "active_guide_id": 8
    },
    {
      "time": 21.0,
      "active_guide_id": 1
    },
    {
      "time": 21.1,
      "active_guide_id": 2
    },
    {
      "time": 21.5,
      "active_guide_id": 8
    },
    {
      "time": 21.6,
      "active_guide_id": 2
    },
    {
      "time": 21.7,
      "active_guide_id": 8
    },
    {
      "time": 21.8,
      "active_guide_id": 2
    },
    {
      "time": 21.9,
      "active_guide_id": 8
    },
    {
      "time": 22.0,
      "active_guide_id": 2
    },
    {
      "time": 22.1,
      "active_guide_id": 8
    },
    {
      "time": 22.2,
      "active_guide_id": 2
    },
    {
      "time": 22.3,
      "active_guide_id": 8
    },
    {
      "time": 22.4,
      "active_guide_id": 2
    },
    {
      "time": 22.5,
      "active_guide_id": 8
    },
    {
      "time": 22.6,
      "active_guide_id": 2
    },
    {
      "time": 22.7,
      "active_guide_id": 8
    },
    {
      "time": 22.8,
      "active_guide_id": 2
    },
    {
      "time": 22.9,
      "active_guide_id": 8
    },
    {
      "time": 23.0,
      "active_guide_id": 2
    }
  ],
  "guide_follow_trace": [
    {
      "time": 0.1,
      "active_guide_id": 1,
      "tracked_predator_slot": 0
    },
    {
      "time": 2.1,
      "active_guide_id": 3,
      "tracked_predator_slot": 0
    },
    {
      "time": 5.4,
      "active_guide_id": 8,
      "tracked_predator_slot": 0
    },
    {
      "time": 7.7,
      "active_guide_id": 3,
      "tracked_predator_slot": 0
    },
    {
      "time": 8.9,
      "active_guide_id": 2,
      "tracked_predator_slot": 0
    },
    {
      "time": 9.4,
      "active_guide_id": 5,
      "tracked_predator_slot": 0
    },
    {
      "time": 10.1,
      "active_guide_id": 5,
      "tracked_predator_slot": 0
    },
    {
      "time": 11.8,
      "active_guide_id": 4,
      "tracked_predator_slot": 0
    },
    {
      "time": 12.4,
      "active_guide_id": 2,
      "tracked_predator_slot": 0
    },
    {
      "time": 13.1,
      "active_guide_id": 6,
      "tracked_predator_slot": 0
    },
    {
      "time": 13.7,
      "active_guide_id": 2,
      "tracked_predator_slot": 0
    },
    {
      "time": 14.0,
      "active_guide_id": 8,
      "tracked_predator_slot": 0
    },
    {
      "time": 16.3,
      "active_guide_id": 4,
      "tracked_predator_slot": 0
    },
    {
      "time": 18.1,
      "active_guide_id": 9,
      "tracked_predator_slot": 0
    }
  ],
  "guide_role": "child",
  "parent_role": "gather_evade",
  "child_role": "guide",
  "active_guide_id_final": 2,
  "active_guide_alive_final": true,
  "guide_role_ids": [
    1,
    2,
    3,
    4,
    5,
    6,
    7,
    8,
    9
  ],
  "bait_deployed_at": 0.1,
  "policy_bait_ready_final": false,
  "bait_left_after_deployment": null,
  "final_bait_distance_to_goal": 0.0,
  "first_guide_predator_observation": 0.1,
  "first_predator_following_guide": 0.1,
  "first_predator_following_active_guide": null,
  "tracked_seen_by_guide": 1,
  "tracked_followed_active_guide": 0,
  "physical_entered": 1,
  "guided_delivered": 0,
  "physical_losses_after_delivery": 0,
  "target_losses_after_delivery": 0,
  "physical_entry_times": [
    19.2
  ],
  "guided_delivery_times": [
    null
  ],
  "loss_times": [
    null
  ],
  "target_loss_times": [
    null
  ],
  "tail_seconds": 30.0,
  "tail_physical_min": 1,
  "tail_contained_min": 1,
  "final_distance_from_mouth": [
    18.1897
  ],
  "max_distance_after_delivery": [
    0.0
  ],
  "policy_events": [
    {
      "time": 1.7,
      "kind": "emergency_reserve_budget_enabled",
      "observed_distance": 31.544,
      "blocked_escape_cone": false,
      "close_wall": true,
      "agent_id": 1
    },
    {
      "time": 1.7,
      "kind": "bounded_emergency_reserve_birth",
      "parent_id": 1,
      "request_number": 1,
      "observed_distance": 31.544
    },
    {
      "time": 1.8,
      "kind": "native_backup_registered",
      "agent_id": 2
    },
    {
      "time": 1.8,
      "kind": "bounded_emergency_reserve_birth",
      "parent_id": 2,
      "request_number": 2,
      "observed_distance": 45.5759
    },
    {
      "time": 1.9,
      "kind": "native_backup_registered",
      "agent_id": 3
    },
    {
      "time": 1.9,
      "kind": "bounded_emergency_reserve_birth",
      "parent_id": 2,
      "request_number": 3,
      "observed_distance": 43.1968
    },
    {
      "time": 2.0,
      "kind": "native_backup_registered",
      "agent_id": 4
    },
    {
      "time": 2.0,
      "kind": "public_dto_active_guide",
      "agent_id": 3,
      "reason": "minimum_observed_predator_distance_hysteresis"
    },
    {
      "time": 2.0,
      "kind": "bounded_emergency_reserve_birth",
      "parent_id": 4,
      "request_number": 4,
      "observed_distance": 59.7715
    },
    {
      "time": 2.1,
      "kind": "native_backup_registered",
      "agent_id": 5
    },
    {
      "time": 2.1,
      "kind": "bounded_emergency_reserve_birth",
      "parent_id": 4,
      "request_number": 5,
      "observed_distance": 59.2787
    },
    {
      "time": 2.2,
      "kind": "native_backup_registered",
      "agent_id": 6
    },
    {
      "time": 2.2,
      "kind": "bounded_emergency_reserve_birth",
      "parent_id": 4,
      "request_number": 6,
      "observed_distance": 49.2454
    },
    {
      "time": 2.3,
      "kind": "native_backup_registered",
      "agent_id": 7
    },
    {
      "time": 2.3,
      "kind": "bounded_emergency_reserve_birth",
      "parent_id": 2,
      "request_number": 7,
      "observed_distance": 49.1958
    },
    {
      "time": 2.4,
      "kind": "native_backup_registered",
      "agent_id": 8
    },
    {
      "time": 2.4,
      "kind": "bounded_emergency_reserve_birth",
      "parent_id": 8,
      "request_number": 8,
      "observed_distance": 58.6048
    },
    {
      "time": 2.5,
      "kind": "native_backup_registered",
      "agent_id": 9
    },
    {
      "time": 3.1,
      "kind": "public_dto_active_guide",
      "agent_id": 8,
      "reason": "minimum_observed_predator_distance_hysteresis"
    },
    {
      "time": 5.8,
      "kind": "public_dto_active_guide",
      "agent_id": 3,
      "reason": "minimum_observed_predator_distance_hysteresis"
    },
    {
      "time": 5.9,
      "kind": "public_dto_active_guide",
      "agent_id": 4,
      "reason": "minimum_observed_predator_distance_hysteresis"
    },
    {
      "time": 6.2,
      "kind": "public_dto_active_guide",
      "agent_id": 2,
      "reason": "minimum_observed_predator_distance_hysteresis"
    },
    {
      "time": 6.3,
      "kind": "public_dto_active_guide",
      "agent_id": 9,
      "reason": "minimum_observed_predator_distance_hysteresis"
    },
    {
      "time": 6.7,
      "kind": "public_dto_active_guide",
      "agent_id": 4,
      "reason": "minimum_observed_predator_distance_hysteresis"
    },
    {
      "time": 7.0,
      "kind": "public_dto_active_guide",
      "agent_id": 8,
      "reason": "minimum_observed_predator_distance_hysteresis"
    },
    {
      "time": 7.4,
      "kind": "public_dto_active_guide",
      "agent_id": 7,
      "reason": "minimum_observed_predator_distance_hysteresis"
    },
    {
      "time": 7.5,
      "kind": "public_dto_active_guide",
      "agent_id": 9,
      "reason": "minimum_observed_predator_distance_hysteresis"
    },
    {
      "time": 7.6,
      "kind": "public_dto_active_guide",
      "agent_id": 3,
      "reason": "minimum_observed_predator_distance_hysteresis"
    },
    {
      "time": 8.0,
      "kind": "public_dto_active_guide",
      "agent_id": 5,
      "reason": "minimum_observed_predator_distance_hysteresis"
    },
    {
      "time": 8.1,
      "kind": "public_dto_active_guide",
      "agent_id": 4,
      "reason": "minimum_observed_predator_distance_hysteresis"
    },
    {
      "time": 8.2,
      "kind": "public_dto_active_guide",
      "agent_id": 6,
      "reason": "minimum_observed_predator_distance_hysteresis"
    },
    {
      "time": 8.5,
      "kind": "public_dto_active_guide",
      "agent_id": 9,
      "reason": "minimum_observed_predator_distance_hysteresis"
    },
    {
      "time": 8.6,
      "kind": "public_dto_active_guide",
      "agent_id": 2,
      "reason": "minimum_observed_predator_distance_hysteresis"
    },
    {
      "time": 9.3,
      "kind": "public_dto_active_guide",
      "agent_id": 5,
      "reason": "minimum_observed_predator_distance_hysteresis"
    },
    {
      "time": 9.7,
      "kind": "public_dto_active_guide",
      "agent_id": 2,
      "reason": "minimum_observed_predator_distance_hysteresis"
    },
    {
      "time": 10.0,
      "kind": "public_dto_active_guide",
      "agent_id": 5,
      "reason": "minimum_observed_predator_distance_hysteresis"
    },
    {
      "time": 11.0,
      "kind": "public_dto_active_guide",
      "agent_id": 1,
      "reason": "minimum_observed_predator_distance_hysteresis"
    },
    {
      "time": 11.1,
      "kind": "public_dto_active_guide",
      "agent_id": 7,
      "reason": "minimum_observed_predator_distance_hysteresis"
    },
    {
      "time": 11.3,
      "kind": "public_dto_active_guide",
      "agent_id": 4,
      "reason": "minimum_observed_predator_distance_hysteresis"
    },
    {
      "time": 11.4,
      "kind": "public_dto_active_guide",
      "agent_id": 8,
      "reason": "minimum_observed_predator_distance_hysteresis"
    },
    {
      "time": 11.6,
      "kind": "public_dto_active_guide",
      "agent_id": 2,
      "reason": "minimum_observed_predator_distance_hysteresis"
    },
    {
      "time": 11.7,
      "kind": "public_dto_active_guide",
      "agent_id": 4,
      "reason": "minimum_observed_predator_distance_hysteresis"
    },
    {
      "time": 12.0,
      "kind": "public_dto_active_guide",
      "agent_id": 8,
      "reason": "minimum_observed_predator_distance_hysteresis"
    },
    {
      "time": 12.2,
      "kind": "public_dto_active_guide",
      "agent_id": 9,
      "reason": "minimum_observed_predator_distance_hysteresis"
    },
    {
      "time": 12.3,
      "kind": "public_dto_active_guide",
      "agent_id": 2,
      "reason": "minimum_observed_predator_distance_hysteresis"
    },
    {
      "time": 12.4,
      "kind": "public_dto_active_guide",
      "agent_id": 9,
      "reason": "minimum_observed_predator_distance_hysteresis"
    },
    {
      "time": 13.0,
      "kind": "public_dto_active_guide",
      "agent_id": 6,
      "reason": "minimum_observed_predator_distance_hysteresis"
    },
    {
      "time": 13.6,
      "kind": "public_dto_active_guide",
      "agent_id": 2,
      "reason": "minimum_observed_predator_distance_hysteresis"
    },
    {
      "time": 13.8,
      "kind": "public_dto_active_guide",
      "agent_id": 4,
      "reason": "minimum_observed_predator_distance_hysteresis"
    },
    {
      "time": 13.9,
      "kind": "public_dto_active_guide",
      "agent_id": 8,
      "reason": "minimum_observed_predator_distance_hysteresis"
    },
    {
      "time": 14.6,
      "kind": "public_dto_active_guide",
      "agent_id": 6,
      "reason": "minimum_observed_predator_distance_hysteresis"
    },
    {
      "time": 14.8,
      "kind": "public_dto_active_guide",
      "agent_id": 2,
      "reason": "minimum_observed_predator_distance_hysteresis"
    },
    {
      "time": 14.9,
      "kind": "public_dto_active_guide",
      "agent_id": 1,
      "reason": "minimum_observed_predator_distance_hysteresis"
    },
    {
      "time": 15.0,
      "kind": "public_dto_active_guide",
      "agent_id": 2,
      "reason": "minimum_observed_predator_distance_hysteresis"
    },
    {
      "time": 15.1,
      "kind": "public_dto_active_guide",
      "agent_id": 1,
      "reason": "minimum_observed_predator_distance_hysteresis"
    },
    {
      "time": 15.2,
      "kind": "public_dto_active_guide",
      "agent_id": 2,
      "reason": "minimum_observed_predator_distance_hysteresis"
    },
    {
      "time": 15.3,
      "kind": "public_dto_active_guide",
      "agent_id": 1,
      "reason": "minimum_observed_predator_distance_hysteresis"
    },
    {
      "time": 15.6,
      "kind": "public_dto_active_guide",
      "agent_id": 8,
      "reason": "minimum_observed_predator_distance_hysteresis"
    },
    {
      "time": 15.8,
      "kind": "public_dto_active_guide",
      "agent_id": 9,
      "reason": "minimum_observed_predator_distance_hysteresis"
    },
    {
      "time": 15.9,
      "kind": "public_dto_active_guide",
      "agent_id": 5,
      "reason": "minimum_observed_predator_distance_hysteresis"
    },
    {
      "time": 16.1,
      "kind": "public_dto_active_guide",
      "agent_id": 2,
      "reason": "minimum_observed_predator_distance_hysteresis"
    },
    {
      "time": 16.2,
      "kind": "public_dto_active_guide",
      "agent_id": 4,
      "reason": "minimum_observed_predator_distance_hysteresis"
    },
    {
      "time": 16.5,
      "kind": "public_dto_active_guide",
      "agent_id": 6,
      "reason": "minimum_observed_predator_distance_hysteresis"
    },
    {
      "time": 16.6,
      "kind": "public_dto_active_guide",
      "agent_id": 9,
      "reason": "minimum_observed_predator_distance_hysteresis"
    },
    {
      "time": 16.8,
      "kind": "public_dto_active_guide",
      "agent_id": 5,
      "reason": "minimum_observed_predator_distance_hysteresis"
    },
    {
      "time": 17.0,
      "kind": "public_dto_active_guide",
      "agent_id": 6,
      "reason": "minimum_observed_predator_distance_hysteresis"
    },
    {
      "time": 17.1,
      "kind": "public_dto_active_guide",
      "agent_id": 9,
      "reason": "minimum_observed_predator_distance_hysteresis"
    },
    {
      "time": 17.2,
      "kind": "public_dto_active_guide",
      "agent_id": 6,
      "reason": "minimum_observed_predator_distance_hysteresis"
    },
    {
      "time": 17.3,
      "kind": "public_dto_active_guide",
      "agent_id": 7,
      "reason": "minimum_observed_predator_distance_hysteresis"
    },
    {
      "time": 17.4,
      "kind": "public_dto_active_guide",
      "agent_id": 4,
      "reason": "minimum_observed_predator_distance_hysteresis"
    },
    {
      "time": 17.7,
      "kind": "public_dto_active_guide",
      "agent_id": 5,
      "reason": "minimum_observed_predator_distance_hysteresis"
    },
    {
      "time": 17.8,
      "kind": "public_dto_active_guide",
      "agent_id": 4,
      "reason": "minimum_observed_predator_distance_hysteresis"
    },
    {
      "time": 17.9,
      "kind": "public_dto_active_guide",
      "agent_id": 1,
      "reason": "minimum_observed_predator_distance_hysteresis"
    },
    {
      "time": 18.0,
      "kind": "public_dto_active_guide",
      "agent_id": 9,
      "reason": "minimum_observed_predator_distance_hysteresis"
    },
    {
      "time": 18.3,
      "kind": "public_dto_active_guide",
      "agent_id": 6,
      "reason": "minimum_observed_predator_distance_hysteresis"
    },
    {
      "time": 18.5,
      "kind": "public_dto_active_guide",
      "agent_id": 1,
      "reason": "minimum_observed_predator_distance_hysteresis"
    },
    {
      "time": 18.7,
      "kind": "public_dto_active_guide",
      "agent_id": 7,
      "reason": "minimum_observed_predator_distance_hysteresis"
    },
    {
      "time": 18.8,
      "kind": "public_dto_active_guide",
      "agent_id": 5,
      "reason": "minimum_observed_predator_distance_hysteresis"
    },
    {
      "time": 19.0,
      "kind": "public_dto_active_guide",
      "agent_id": 4,
      "reason": "minimum_observed_predator_distance_hysteresis"
    },
    {
      "time": 19.2,
      "kind": "public_dto_active_guide",
      "agent_id": 9,
      "reason": "minimum_observed_predator_distance_hysteresis"
    },
    {
      "time": 19.3,
      "kind": "public_dto_active_guide",
      "agent_id": 4,
      "reason": "minimum_observed_predator_distance_hysteresis"
    },
    {
      "time": 19.4,
      "kind": "public_dto_active_guide",
      "agent_id": 5,
      "reason": "minimum_observed_predator_distance_hysteresis"
    },
    {
      "time": 19.5,
      "kind": "public_dto_active_guide",
      "agent_id": 4,
      "reason": "minimum_observed_predator_distance_hysteresis"
    },
    {
      "time": 19.6,
      "kind": "public_dto_active_guide",
      "agent_id": 5,
      "reason": "minimum_observed_predator_distance_hysteresis"
    },
    {
      "time": 19.8,
      "kind": "public_dto_active_guide",
      "agent_id": 9,
      "reason": "minimum_observed_predator_distance_hysteresis"
    },
    {
      "time": 19.9,
      "kind": "public_dto_active_guide",
      "agent_id": 7,
      "reason": "minimum_observed_predator_distance_hysteresis"
    },
    {
      "time": 20.0,
      "kind": "public_dto_active_guide",
      "agent_id": 5,
      "reason": "minimum_observed_predator_distance_hysteresis"
    },
    {
      "time": 20.1,
      "kind": "public_dto_active_guide",
      "agent_id": 7,
      "reason": "minimum_observed_predator_distance_hysteresis"
    },
    {
      "time": 20.2,
      "kind": "public_dto_active_guide",
      "agent_id": 9,
      "reason": "minimum_observed_predator_distance_hysteresis"
    },
    {
      "time": 20.3,
      "kind": "public_dto_active_guide",
      "agent_id": 4,
      "reason": "minimum_observed_predator_distance_hysteresis"
    },
    {
      "time": 20.4,
      "kind": "public_dto_active_guide",
      "agent_id": 5,
      "reason": "minimum_observed_predator_distance_hysteresis"
    },
    {
      "time": 20.5,
      "kind": "public_dto_active_guide",
      "agent_id": 4,
      "reason": "minimum_observed_predator_distance_hysteresis"
    },
    {
      "time": 20.7,
      "kind": "public_dto_active_guide",
      "agent_id": 2,
      "reason": "minimum_observed_predator_distance_hysteresis"
    },
    {
      "time": 20.8,
      "kind": "public_dto_active_guide",
      "agent_id": 5,
      "reason": "minimum_observed_predator_distance_hysteresis"
    },
    {
      "time": 20.9,
      "kind": "public_dto_active_guide",
      "agent_id": 8,
      "reason": "minimum_observed_predator_distance_hysteresis"
    },
    {
      "time": 21.0,
      "kind": "public_dto_active_guide",
      "agent_id": 1,
      "reason": "minimum_observed_predator_distance_hysteresis"
    },
    {
      "time": 21.1,
      "kind": "public_dto_active_guide",
      "agent_id": 2,
      "reason": "minimum_observed_predator_distance_hysteresis"
    },
    {
      "time": 21.5,
      "kind": "public_dto_active_guide",
      "agent_id": 8,
      "reason": "minimum_observed_predator_distance_hysteresis"
    },
    {
      "time": 21.6,
      "kind": "public_dto_active_guide",
      "agent_id": 2,
      "reason": "minimum_observed_predator_distance_hysteresis"
    },
    {
      "time": 21.7,
      "kind": "public_dto_active_guide",
      "agent_id": 8,
      "reason": "minimum_observed_predator_distance_hysteresis"
    },
    {
      "time": 21.8,
      "kind": "public_dto_active_guide",
      "agent_id": 2,
      "reason": "minimum_observed_predator_distance_hysteresis"
    },
    {
      "time": 21.9,
      "kind": "public_dto_active_guide",
      "agent_id": 8,
      "reason": "minimum_observed_predator_distance_hysteresis"
    },
    {
      "time": 22.0,
      "kind": "public_dto_active_guide",
      "agent_id": 2,
      "reason": "minimum_observed_predator_distance_hysteresis"
    },
    {
      "time": 22.1,
      "kind": "public_dto_active_guide",
      "agent_id": 8,
      "reason": "minimum_observed_predator_distance_hysteresis"
    },
    {
      "time": 22.2,
      "kind": "public_dto_active_guide",
      "agent_id": 2,
      "reason": "minimum_observed_predator_distance_hysteresis"
    },
    {
      "time": 22.3,
      "kind": "public_dto_active_guide",
      "agent_id": 8,
      "reason": "minimum_observed_predator_distance_hysteresis"
    },
    {
      "time": 22.4,
      "kind": "public_dto_active_guide",
      "agent_id": 2,
      "reason": "minimum_observed_predator_distance_hysteresis"
    },
    {
      "time": 22.5,
      "kind": "public_dto_active_guide",
      "agent_id": 8,
      "reason": "minimum_observed_predator_distance_hysteresis"
    },
    {
      "time": 22.6,
      "kind": "public_dto_active_guide",
      "agent_id": 2,
      "reason": "minimum_observed_predator_distance_hysteresis"
    },
    {
      "time": 22.7,
      "kind": "public_dto_active_guide",
      "agent_id": 8,
      "reason": "minimum_observed_predator_distance_hysteresis"
    },
    {
      "time": 22.8,
      "kind": "public_dto_active_guide",
      "agent_id": 2,
      "reason": "minimum_observed_predator_distance_hysteresis"
    },
    {
      "time": 22.9,
      "kind": "public_dto_active_guide",
      "agent_id": 8,
      "reason": "minimum_observed_predator_distance_hysteresis"
    },
    {
      "time": 23.0,
      "kind": "public_dto_active_guide",
      "agent_id": 2,
      "reason": "minimum_observed_predator_distance_hysteresis"
    }
  ],
  "success": false,
  "replay": "results/simple_chase/replays/real-map-EmergencyGuides-m10324-f20324-p1-direct_guide-sitebait1-0ef37602.json.gz"
}
/home/Ucals/projects/NordicCupAI-wall-funneling/survival-simulator/oscar-trap-research/survival/results/simple_chase/real-map-EmergencyGuides-m10324-f20324-p1-direct_guide-sitebait1-0ef37602.json
