Running as unit: run-p908976-i835439.scope; invocation ID: 07acdd81a0c4489ba9fd82cfe39124e1
{"progress": "real-map-EmergencyGuides-m10323-f20323-p1-direct_guide-sitebait1-13bc8dff", "time": 10.0, "bait_deployed": 0.1, "policy_bait_ready": false, "encounter": 0.1, "oracle_handoff": null, "children": 8, "active_guide_id": 3, "guide_alive": true, "active_guide_alive": true, "guided_delivered": 0}
{"progress": "real-map-EmergencyGuides-m10323-f20323-p1-direct_guide-sitebait1-13bc8dff", "time": 20.0, "bait_deployed": 0.1, "policy_bait_ready": false, "encounter": 0.1, "oracle_handoff": null, "children": 8, "active_guide_id": 3, "guide_alive": true, "active_guide_alive": true, "guided_delivered": 0}
{"progress": "real-map-EmergencyGuides-m10323-f20323-p1-direct_guide-sitebait1-13bc8dff", "time": 30.0, "bait_deployed": 0.1, "policy_bait_ready": false, "encounter": 0.1, "oracle_handoff": null, "children": 8, "active_guide_id": 3, "guide_alive": false, "active_guide_alive": false, "guided_delivered": 0}
{"progress": "real-map-EmergencyGuides-m10323-f20323-p1-direct_guide-sitebait1-13bc8dff", "time": 40.0, "bait_deployed": 0.1, "policy_bait_ready": false, "encounter": 0.1, "oracle_handoff": null, "children": 8, "active_guide_id": 3, "guide_alive": false, "active_guide_alive": false, "guided_delivered": 0}
{"progress": "real-map-EmergencyGuides-m10323-f20323-p1-direct_guide-sitebait1-13bc8dff", "time": 50.0, "bait_deployed": 0.1, "policy_bait_ready": false, "encounter": 0.1, "oracle_handoff": null, "children": 8, "active_guide_id": 3, "guide_alive": false, "active_guide_alive": false, "guided_delivered": 0}
{"progress": "real-map-EmergencyGuides-m10323-f20323-p1-direct_guide-sitebait1-13bc8dff", "time": 60.0, "bait_deployed": 0.1, "policy_bait_ready": false, "encounter": 0.1, "oracle_handoff": null, "children": 8, "active_guide_id": 3, "guide_alive": false, "active_guide_alive": false, "guided_delivered": 0}
{"progress": "real-map-EmergencyGuides-m10323-f20323-p1-direct_guide-sitebait1-13bc8dff", "time": 70.0, "bait_deployed": 0.1, "policy_bait_ready": false, "encounter": 0.1, "oracle_handoff": null, "children": 8, "active_guide_id": 3, "guide_alive": false, "active_guide_alive": false, "guided_delivered": 0}
{"progress": "real-map-EmergencyGuides-m10323-f20323-p1-direct_guide-sitebait1-13bc8dff", "time": 80.0, "bait_deployed": 0.1, "policy_bait_ready": false, "encounter": 0.1, "oracle_handoff": null, "children": 8, "active_guide_id": 3, "guide_alive": false, "active_guide_alive": false, "guided_delivered": 0}
{"progress": "real-map-EmergencyGuides-m10323-f20323-p1-direct_guide-sitebait1-13bc8dff", "time": 90.0, "bait_deployed": 0.1, "policy_bait_ready": false, "encounter": 0.1, "oracle_handoff": null, "children": 8, "active_guide_id": 3, "guide_alive": false, "active_guide_alive": false, "guided_delivered": 0}
{"progress": "real-map-EmergencyGuides-m10323-f20323-p1-direct_guide-sitebait1-13bc8dff", "time": 100.0, "bait_deployed": 0.1, "policy_bait_ready": false, "encounter": 0.1, "oracle_handoff": null, "children": 8, "active_guide_id": 3, "guide_alive": false, "active_guide_alive": false, "guided_delivered": 0}
{"progress": "real-map-EmergencyGuides-m10323-f20323-p1-direct_guide-sitebait1-13bc8dff", "time": 110.0, "bait_deployed": 0.1, "policy_bait_ready": false, "encounter": 0.1, "oracle_handoff": null, "children": 8, "active_guide_id": 3, "guide_alive": false, "active_guide_alive": false, "guided_delivered": 0}
{"progress": "real-map-EmergencyGuides-m10323-f20323-p1-direct_guide-sitebait1-13bc8dff", "time": 120.0, "bait_deployed": 0.1, "policy_bait_ready": false, "encounter": 0.1, "oracle_handoff": null, "children": 8, "active_guide_id": 3, "guide_alive": false, "active_guide_alive": false, "guided_delivered": 0}
{"progress": "real-map-EmergencyGuides-m10323-f20323-p1-direct_guide-sitebait1-13bc8dff", "time": 130.0, "bait_deployed": 0.1, "policy_bait_ready": false, "encounter": 0.1, "oracle_handoff": null, "children": 8, "active_guide_id": 3, "guide_alive": false, "active_guide_alive": false, "guided_delivered": 0}
{"progress": "real-map-EmergencyGuides-m10323-f20323-p1-direct_guide-sitebait1-13bc8dff", "time": 140.0, "bait_deployed": 0.1, "policy_bait_ready": false, "encounter": 0.1, "oracle_handoff": null, "children": 8, "active_guide_id": 3, "guide_alive": false, "active_guide_alive": false, "guided_delivered": 0}
{"progress": "real-map-EmergencyGuides-m10323-f20323-p1-direct_guide-sitebait1-13bc8dff", "time": 150.0, "bait_deployed": 0.1, "policy_bait_ready": false, "encounter": 0.1, "oracle_handoff": null, "children": 8, "active_guide_id": 3, "guide_alive": false, "active_guide_alive": false, "guided_delivered": 0}
{"progress": "real-map-EmergencyGuides-m10323-f20323-p1-direct_guide-sitebait1-13bc8dff", "time": 160.0, "bait_deployed": 0.1, "policy_bait_ready": false, "encounter": 0.1, "oracle_handoff": null, "children": 8, "active_guide_id": 3, "guide_alive": false, "active_guide_alive": false, "guided_delivered": 0}
{"progress": "real-map-EmergencyGuides-m10323-f20323-p1-direct_guide-sitebait1-13bc8dff", "time": 170.0, "bait_deployed": 0.1, "policy_bait_ready": false, "encounter": 0.1, "oracle_handoff": null, "children": 8, "active_guide_id": 3, "guide_alive": false, "active_guide_alive": false, "guided_delivered": 0}
{"progress": "real-map-EmergencyGuides-m10323-f20323-p1-direct_guide-sitebait1-13bc8dff", "time": 180.0, "bait_deployed": 0.1, "policy_bait_ready": false, "encounter": 0.1, "oracle_handoff": null, "children": 8, "active_guide_id": 3, "guide_alive": false, "active_guide_alive": false, "guided_delivered": 0}
{"progress": "real-map-EmergencyGuides-m10323-f20323-p1-direct_guide-sitebait1-13bc8dff", "time": 190.0, "bait_deployed": 0.1, "policy_bait_ready": false, "encounter": 0.1, "oracle_handoff": null, "children": 8, "active_guide_id": 3, "guide_alive": false, "active_guide_alive": false, "guided_delivered": 0}
{"progress": "real-map-EmergencyGuides-m10323-f20323-p1-direct_guide-sitebait1-13bc8dff", "time": 200.0, "bait_deployed": 0.1, "policy_bait_ready": false, "encounter": 0.1, "oracle_handoff": null, "children": 8, "active_guide_id": 3, "guide_alive": false, "active_guide_alive": false, "guided_delivered": 0}
{"progress": "real-map-EmergencyGuides-m10323-f20323-p1-direct_guide-sitebait1-13bc8dff", "time": 210.0, "bait_deployed": 0.1, "policy_bait_ready": false, "encounter": 0.1, "oracle_handoff": null, "children": 8, "active_guide_id": 3, "guide_alive": false, "active_guide_alive": false, "guided_delivered": 0}
{"progress": "real-map-EmergencyGuides-m10323-f20323-p1-direct_guide-sitebait1-13bc8dff", "time": 220.0, "bait_deployed": 0.1, "policy_bait_ready": false, "encounter": 0.1, "oracle_handoff": null, "children": 8, "active_guide_id": 3, "guide_alive": false, "active_guide_alive": false, "guided_delivered": 0}
{"progress": "real-map-EmergencyGuides-m10323-f20323-p1-direct_guide-sitebait1-13bc8dff", "time": 230.0, "bait_deployed": 0.1, "policy_bait_ready": false, "encounter": 0.1, "oracle_handoff": null, "children": 8, "active_guide_id": 3, "guide_alive": false, "active_guide_alive": false, "guided_delivered": 0}
{"progress": "real-map-EmergencyGuides-m10323-f20323-p1-direct_guide-sitebait1-13bc8dff", "time": 240.0, "bait_deployed": 0.1, "policy_bait_ready": false, "encounter": 0.1, "oracle_handoff": null, "children": 8, "active_guide_id": 3, "guide_alive": false, "active_guide_alive": false, "guided_delivered": 0}
{"progress": "real-map-EmergencyGuides-m10323-f20323-p1-direct_guide-sitebait1-13bc8dff", "time": 250.0, "bait_deployed": 0.1, "policy_bait_ready": false, "encounter": 0.1, "oracle_handoff": null, "children": 8, "active_guide_id": 3, "guide_alive": false, "active_guide_alive": false, "guided_delivered": 0}
{"progress": "real-map-EmergencyGuides-m10323-f20323-p1-direct_guide-sitebait1-13bc8dff", "time": 260.0, "bait_deployed": 0.1, "policy_bait_ready": false, "encounter": 0.1, "oracle_handoff": null, "children": 8, "active_guide_id": 3, "guide_alive": false, "active_guide_alive": false, "guided_delivered": 0}
{"progress": "real-map-EmergencyGuides-m10323-f20323-p1-direct_guide-sitebait1-13bc8dff", "time": 270.0, "bait_deployed": 0.1, "policy_bait_ready": false, "encounter": 0.1, "oracle_handoff": null, "children": 8, "active_guide_id": 3, "guide_alive": false, "active_guide_alive": false, "guided_delivered": 0}
{"progress": "real-map-EmergencyGuides-m10323-f20323-p1-direct_guide-sitebait1-13bc8dff", "time": 280.0, "bait_deployed": 0.1, "policy_bait_ready": false, "encounter": 0.1, "oracle_handoff": null, "children": 8, "active_guide_id": 3, "guide_alive": false, "active_guide_alive": false, "guided_delivered": 0}
{"progress": "real-map-EmergencyGuides-m10323-f20323-p1-direct_guide-sitebait1-13bc8dff", "time": 290.0, "bait_deployed": 0.1, "policy_bait_ready": false, "encounter": 0.1, "oracle_handoff": null, "children": 8, "active_guide_id": 3, "guide_alive": false, "active_guide_alive": false, "guided_delivered": 0}
{"progress": "real-map-EmergencyGuides-m10323-f20323-p1-direct_guide-sitebait1-13bc8dff", "time": 300.0, "bait_deployed": 0.1, "policy_bait_ready": false, "encounter": 0.1, "oracle_handoff": null, "children": 8, "active_guide_id": 3, "guide_alive": false, "active_guide_alive": false, "guided_delivered": 0}
{"viewer_manifest_refresh": {"status": "deferred", "reason": "bounded-memory runs defer full-replay viewer processing"}}
{
  "schema": "real-map-intake-result-v2",
  "policy": "integrated_guide.policy_v27:EmergencyGuides",
  "policy_hash": "b786cab54310e7e1c2d2fa370f5c59b5697bdddcad4ef2940a9e6b0443aac6dd",
  "harness_hashes": {
    "research/simple_chase/run_streaming_v2.py": "837e02b05d1ba3af71df0949cb30beb18a8b2844f090f8b383c692192c52719a",
    "research/simple_chase/sampling.py": "1efb7d309c4cc79bc87916c1bea72a7845e78d0c2cdf0aeaf9e2a758ceed48ab",
    "research/simple_chase/static_map.py": "197b16cbe9dd2e3dd06b81fe9481986a97bd92d9c2a55f33597cc9b7280faf3c",
    "debugger/streaming_recorder_v2.py": "d5ecda6bb39ec74a9ad86fb20458df5de7f466d73052558af9e2877be3d99b19"
  },
  "mode": "direct_guide",
  "map_seed": 10323,
  "fixture_seed": 20323,
  "static_map_hash": "ce03c5eda2a9fde5a86554aeacb538dfef33f3b0b0c06e120ef51750f8cac900",
  "site": {
    "mouth": [
      1094.036,
      908.5183
    ],
    "inward": [
      0.0,
      1.0
    ],
    "cross": [
      -1.0,
      0.0
    ],
    "goal": [
      1094.036,
      913.5183
    ],
    "far": [
      1094.036,
      783.5183
    ],
    "hold": [
      1094.036,
      833.5183
    ],
    "gap": 14.9131,
    "overlap": 34.432,
    "runup": [
      1094.036,
      658.5183
    ],
    "approach_lane_offset": 0.0,
    "offset_approach": false,
    "obstacle_indices": [
      51,
      24
    ],
    "axis": 0,
    "other_mouth": [
      1094.036,
      942.9504
    ],
    "replacement_entry": [
      1094.036,
      962.9504
    ],
    "second_access_clear": true,
    "second_access_radius": 5.01,
    "bait_depth": 5.0,
    "boundary_indices": [],
    "geometric_replacement_access_only": true
  },
  "station_bait": true,
  "requested_seconds": 300.0,
  "seconds": 300.0,
  "reason": "horizon",
  "native_render": true,
  "reproduction_of": null,
  "record_every_ticks": 1,
  "replay_frames": 3001,
  "initial_predators": 1,
  "final_predators_total": 2,
  "tracked_predators_present_final": 1,
  "ambient_predators_spawned": 1,
  "ambient_predators_present_final": 1,
  "agent_energy_refilled": true,
  "predator_state_native": false,
  "predator_dynamics_native_after_setup": true,
  "arranged_adjacent_awake_start": true,
  "bait_id": 0,
  "guide_id": 1,
  "bait_alive": true,
  "guide_alive": false,
  "deaths": [
    {
      "time": 21.1,
      "agent_id": 1,
      "role": "parent_guide"
    },
    {
      "time": 21.1,
      "agent_id": 2,
      "role": "native_child"
    },
    {
      "time": 21.1,
      "agent_id": 3,
      "role": "native_child"
    },
    {
      "time": 21.1,
      "agent_id": 4,
      "role": "native_child"
    },
    {
      "time": 21.1,
      "agent_id": 5,
      "role": "native_child"
    },
    {
      "time": 21.1,
      "agent_id": 6,
      "role": "native_child"
    },
    {
      "time": 21.1,
      "agent_id": 7,
      "role": "native_child"
    },
    {
      "time": 21.1,
      "agent_id": 8,
      "role": "native_child"
    },
    {
      "time": 21.1,
      "agent_id": 9,
      "role": "native_child"
    }
  ],
  "spawn_requests": [
    {
      "time": 8.1,
      "parent_id": 1
    },
    {
      "time": 8.2,
      "parent_id": 1
    },
    {
      "time": 8.3,
      "parent_id": 1
    },
    {
      "time": 8.4,
      "parent_id": 1
    },
    {
      "time": 8.5,
      "parent_id": 4
    },
    {
      "time": 8.6,
      "parent_id": 6
    },
    {
      "time": 8.7,
      "parent_id": 2
    },
    {
      "time": 8.8,
      "parent_id": 6
    }
  ],
  "child_births": [
    {
      "time": 8.1,
      "child_id": 2,
      "x": 1097.0936,
      "y": 588.7269,
      "requesting_parent_ids": [
        1
      ],
      "native_parent_proximity_spawn": true
    },
    {
      "time": 8.2,
      "child_id": 3,
      "x": 1106.4327,
      "y": 580.132,
      "requesting_parent_ids": [
        1
      ],
      "native_parent_proximity_spawn": true
    },
    {
      "time": 8.3,
      "child_id": 4,
      "x": 1072.4921,
      "y": 601.7687,
      "requesting_parent_ids": [
        1
      ],
      "native_parent_proximity_spawn": true
    },
    {
      "time": 8.4,
      "child_id": 5,
      "x": 1081.3893,
      "y": 606.0794,
      "requesting_parent_ids": [
        1
      ],
      "native_parent_proximity_spawn": true
    },
    {
      "time": 8.5,
      "child_id": 6,
      "x": 1069.6949,
      "y": 582.0026,
      "requesting_parent_ids": [
        4
      ],
      "native_parent_proximity_spawn": true
    },
    {
      "time": 8.6,
      "child_id": 7,
      "x": 1092.1929,
      "y": 620.5076,
      "requesting_parent_ids": [
        6
      ],
      "native_parent_proximity_spawn": true
    },
    {
      "time": 8.7,
      "child_id": 8,
      "x": 1114.2176,
      "y": 643.2173,
      "requesting_parent_ids": [
        2
      ],
      "native_parent_proximity_spawn": true
    },
    {
      "time": 8.8,
      "child_id": 9,
      "x": 1066.8151,
      "y": 611.1852,
      "requesting_parent_ids": [
        6
      ],
      "native_parent_proximity_spawn": true
    }
  ],
  "fruit_consumptions": [
    {
      "time": 13.2,
      "agent_id": 2,
      "x": 1071.861,
      "y": 713.8462
    },
    {
      "time": 18.6,
      "agent_id": 4,
      "x": 1130.8592,
      "y": 787.7485
    }
  ],
  "parent_fruit_consumed_before_tracked_encounter": 0,
  "tracked_encounter_times": [
    0.1
  ],
  "conditional_delivery_denominator": true,
  "conditional_delivery_status": "not_applicable",
  "setup_oracle": false,
  "setup_oracle_target": null,
  "setup_oracle_ticks": 0,
  "setup_oracle_routing": null,
  "setup_oracle_route_resets": 0,
  "setup_oracle_policy_reset_before_handoff_act": false,
  "setup_oracle_handoff_time": null,
  "dynamic_action_privilege_ended_at": null,
  "target_switches": [
    {
      "time": 0.1,
      "tracked_predator_slot": 0,
      "target": 1
    },
    {
      "time": 8.2,
      "tracked_predator_slot": 0,
      "target": 2
    },
    {
      "time": 8.3,
      "tracked_predator_slot": 0,
      "target": 3
    },
    {
      "time": 8.4,
      "tracked_predator_slot": 0,
      "target": 2
    },
    {
      "time": 8.6,
      "tracked_predator_slot": 0,
      "target": 5
    },
    {
      "time": 8.8,
      "tracked_predator_slot": 0,
      "target": 3
    },
    {
      "time": 8.9,
      "tracked_predator_slot": 0,
      "target": 6
    },
    {
      "time": 9.1,
      "tracked_predator_slot": 0,
      "target": 3
    },
    {
      "time": 9.2,
      "tracked_predator_slot": 0,
      "target": 2
    },
    {
      "time": 9.3,
      "tracked_predator_slot": 0,
      "target": 3
    },
    {
      "time": 9.9,
      "tracked_predator_slot": 0,
      "target": 1
    },
    {
      "time": 10.1,
      "tracked_predator_slot": 0,
      "target": 6
    },
    {
      "time": 10.2,
      "tracked_predator_slot": 0,
      "target": 4
    },
    {
      "time": 10.3,
      "tracked_predator_slot": 0,
      "target": 1
    },
    {
      "time": 10.6,
      "tracked_predator_slot": 0,
      "target": 2
    },
    {
      "time": 10.7,
      "tracked_predator_slot": 0,
      "target": 9
    },
    {
      "time": 10.8,
      "tracked_predator_slot": 0,
      "target": 1
    },
    {
      "time": 10.9,
      "tracked_predator_slot": 0,
      "target": 8
    },
    {
      "time": 11.0,
      "tracked_predator_slot": 0,
      "target": 1
    },
    {
      "time": 11.1,
      "tracked_predator_slot": 0,
      "target": 8
    },
    {
      "time": 11.2,
      "tracked_predator_slot": 0,
      "target": 1
    },
    {
      "time": 11.4,
      "tracked_predator_slot": 0,
      "target": 8
    },
    {
      "time": 12.0,
      "tracked_predator_slot": 0,
      "target": 5
    },
    {
      "time": 12.1,
      "tracked_predator_slot": 0,
      "target": 2
    },
    {
      "time": 12.2,
      "tracked_predator_slot": 0,
      "target": 8
    },
    {
      "time": 12.3,
      "tracked_predator_slot": 0,
      "target": 9
    },
    {
      "time": 12.4,
      "tracked_predator_slot": 0,
      "target": 1
    },
    {
      "time": 12.5,
      "tracked_predator_slot": 0,
      "target": 8
    },
    {
      "time": 12.6,
      "tracked_predator_slot": 0,
      "target": 9
    },
    {
      "time": 12.7,
      "tracked_predator_slot": 0,
      "target": 8
    },
    {
      "time": 13.0,
      "tracked_predator_slot": 0,
      "target": "resting"
    },
    {
      "time": 16.5,
      "tracked_predator_slot": 0,
      "target": 8
    },
    {
      "time": 16.6,
      "tracked_predator_slot": 0,
      "target": 4
    },
    {
      "time": 16.8,
      "tracked_predator_slot": 0,
      "target": 6
    },
    {
      "time": 16.9,
      "tracked_predator_slot": 0,
      "target": 5
    },
    {
      "time": 17.0,
      "tracked_predator_slot": 0,
      "target": 8
    },
    {
      "time": 17.3,
      "tracked_predator_slot": 0,
      "target": 1
    },
    {
      "time": 17.4,
      "tracked_predator_slot": 0,
      "target": 9
    },
    {
      "time": 17.5,
      "tracked_predator_slot": 0,
      "target": 1
    },
    {
      "time": 17.6,
      "tracked_predator_slot": 0,
      "target": 6
    },
    {
      "time": 17.7,
      "tracked_predator_slot": 0,
      "target": 1
    },
    {
      "time": 17.8,
      "tracked_predator_slot": 0,
      "target": 3
    },
    {
      "time": 17.9,
      "tracked_predator_slot": 0,
      "target": 4
    },
    {
      "time": 18.0,
      "tracked_predator_slot": 0,
      "target": 9
    },
    {
      "time": 18.1,
      "tracked_predator_slot": 0,
      "target": 2
    },
    {
      "time": 18.2,
      "tracked_predator_slot": 0,
      "target": 1
    },
    {
      "time": 18.3,
      "tracked_predator_slot": 0,
      "target": 9
    },
    {
      "time": 18.4,
      "tracked_predator_slot": 0,
      "target": 1
    },
    {
      "time": 18.5,
      "tracked_predator_slot": 0,
      "target": 3
    },
    {
      "time": 18.6,
      "tracked_predator_slot": 0,
      "target": 1
    },
    {
      "time": 18.7,
      "tracked_predator_slot": 0,
      "target": 2
    },
    {
      "time": 18.8,
      "tracked_predator_slot": 0,
      "target": 1
    },
    {
      "time": 18.9,
      "tracked_predator_slot": 0,
      "target": 6
    },
    {
      "time": 19.0,
      "tracked_predator_slot": 0,
      "target": 9
    },
    {
      "time": 19.2,
      "tracked_predator_slot": 0,
      "target": 3
    },
    {
      "time": 19.4,
      "tracked_predator_slot": 0,
      "target": 4
    },
    {
      "time": 19.6,
      "tracked_predator_slot": 0,
      "target": 3
    },
    {
      "time": 19.8,
      "tracked_predator_slot": 0,
      "target": 4
    },
    {
      "time": 20.0,
      "tracked_predator_slot": 0,
      "target": 3
    },
    {
      "time": 20.1,
      "tracked_predator_slot": 0,
      "target": 4
    },
    {
      "time": 20.5,
      "tracked_predator_slot": 0,
      "target": 2
    },
    {
      "time": 20.6,
      "tracked_predator_slot": 0,
      "target": 9
    },
    {
      "time": 20.8,
      "tracked_predator_slot": 0,
      "target": 3
    },
    {
      "time": 20.9,
      "tracked_predator_slot": 0,
      "target": 1
    },
    {
      "time": 21.1,
      "tracked_predator_slot": 0,
      "target": 0
    },
    {
      "time": 34.0,
      "tracked_predator_slot": 0,
      "target": "resting"
    },
    {
      "time": 37.5,
      "tracked_predator_slot": 0,
      "target": 0
    },
    {
      "time": 46.5,
      "tracked_predator_slot": 0,
      "target": "resting"
    },
    {
      "time": 50.0,
      "tracked_predator_slot": 0,
      "target": 0
    },
    {
      "time": 59.3,
      "tracked_predator_slot": 0,
      "target": "resting"
    },
    {
      "time": 62.8,
      "tracked_predator_slot": 0,
      "target": 0
    },
    {
      "time": 72.1,
      "tracked_predator_slot": 0,
      "target": "resting"
    },
    {
      "time": 75.6,
      "tracked_predator_slot": 0,
      "target": 0
    },
    {
      "time": 84.9,
      "tracked_predator_slot": 0,
      "target": "resting"
    },
    {
      "time": 88.4,
      "tracked_predator_slot": 0,
      "target": 0
    },
    {
      "time": 97.6,
      "tracked_predator_slot": 0,
      "target": "resting"
    },
    {
      "time": 101.1,
      "tracked_predator_slot": 0,
      "target": 0
    },
    {
      "time": 110.1,
      "tracked_predator_slot": 0,
      "target": "resting"
    },
    {
      "time": 113.6,
      "tracked_predator_slot": 0,
      "target": 0
    },
    {
      "time": 123.0,
      "tracked_predator_slot": 0,
      "target": "resting"
    },
    {
      "time": 126.5,
      "tracked_predator_slot": 0,
      "target": 0
    },
    {
      "time": 135.8,
      "tracked_predator_slot": 0,
      "target": "resting"
    },
    {
      "time": 139.3,
      "tracked_predator_slot": 0,
      "target": 0
    },
    {
      "time": 148.6,
      "tracked_predator_slot": 0,
      "target": "resting"
    },
    {
      "time": 152.1,
      "tracked_predator_slot": 0,
      "target": 0
    },
    {
      "time": 161.1,
      "tracked_predator_slot": 0,
      "target": "resting"
    },
    {
      "time": 164.6,
      "tracked_predator_slot": 0,
      "target": 0
    },
    {
      "time": 173.9,
      "tracked_predator_slot": 0,
      "target": "resting"
    },
    {
      "time": 177.4,
      "tracked_predator_slot": 0,
      "target": 0
    },
    {
      "time": 186.4,
      "tracked_predator_slot": 0,
      "target": "resting"
    },
    {
      "time": 189.9,
      "tracked_predator_slot": 0,
      "target": 0
    },
    {
      "time": 199.2,
      "tracked_predator_slot": 0,
      "target": "resting"
    },
    {
      "time": 202.7,
      "tracked_predator_slot": 0,
      "target": 0
    },
    {
      "time": 212.0,
      "tracked_predator_slot": 0,
      "target": "resting"
    },
    {
      "time": 215.5,
      "tracked_predator_slot": 0,
      "target": 0
    },
    {
      "time": 224.8,
      "tracked_predator_slot": 0,
      "target": "resting"
    },
    {
      "time": 228.3,
      "tracked_predator_slot": 0,
      "target": 0
    },
    {
      "time": 237.6,
      "tracked_predator_slot": 0,
      "target": "resting"
    },
    {
      "time": 241.1,
      "tracked_predator_slot": 0,
      "target": 0
    },
    {
      "time": 250.4,
      "tracked_predator_slot": 0,
      "target": "resting"
    },
    {
      "time": 253.9,
      "tracked_predator_slot": 0,
      "target": 0
    },
    {
      "time": 263.2,
      "tracked_predator_slot": 0,
      "target": "resting"
    },
    {
      "time": 266.7,
      "tracked_predator_slot": 0,
      "target": 0
    },
    {
      "time": 276.0,
      "tracked_predator_slot": 0,
      "target": "resting"
    },
    {
      "time": 279.5,
      "tracked_predator_slot": 0,
      "target": 0
    },
    {
      "time": 288.8,
      "tracked_predator_slot": 0,
      "target": "resting"
    },
    {
      "time": 292.3,
      "tracked_predator_slot": 0,
      "target": 0
    }
  ],
  "guide_role_trace": [
    {
      "time": 0,
      "active_guide_id": 1
    },
    {
      "time": 8.4,
      "active_guide_id": 2
    },
    {
      "time": 8.6,
      "active_guide_id": 5
    },
    {
      "time": 8.8,
      "active_guide_id": 2
    },
    {
      "time": 8.9,
      "active_guide_id": 3
    },
    {
      "time": 9.0,
      "active_guide_id": 6
    },
    {
      "time": 9.2,
      "active_guide_id": 5
    },
    {
      "time": 9.3,
      "active_guide_id": 3
    },
    {
      "time": 10.1,
      "active_guide_id": 6
    },
    {
      "time": 11.3,
      "active_guide_id": 1
    },
    {
      "time": 11.6,
      "active_guide_id": 8
    },
    {
      "time": 12.0,
      "active_guide_id": 5
    },
    {
      "time": 12.1,
      "active_guide_id": 2
    },
    {
      "time": 12.2,
      "active_guide_id": 6
    },
    {
      "time": 12.3,
      "active_guide_id": 4
    },
    {
      "time": 12.6,
      "active_guide_id": 8
    },
    {
      "time": 17.3,
      "active_guide_id": 1
    },
    {
      "time": 17.4,
      "active_guide_id": 9
    },
    {
      "time": 17.5,
      "active_guide_id": 3
    },
    {
      "time": 18.2,
      "active_guide_id": 1
    },
    {
      "time": 18.5,
      "active_guide_id": 3
    },
    {
      "time": 18.7,
      "active_guide_id": 2
    },
    {
      "time": 18.8,
      "active_guide_id": 1
    },
    {
      "time": 19.0,
      "active_guide_id": 5
    },
    {
      "time": 19.1,
      "active_guide_id": 9
    },
    {
      "time": 19.5,
      "active_guide_id": 5
    },
    {
      "time": 19.7,
      "active_guide_id": 6
    },
    {
      "time": 19.9,
      "active_guide_id": 3
    },
    {
      "time": 20.3,
      "active_guide_id": 4
    },
    {
      "time": 20.4,
      "active_guide_id": 5
    },
    {
      "time": 20.5,
      "active_guide_id": 2
    },
    {
      "time": 20.6,
      "active_guide_id": 9
    },
    {
      "time": 20.8,
      "active_guide_id": 3
    }
  ],
  "guide_follow_trace": [
    {
      "time": 0.1,
      "active_guide_id": 1,
      "tracked_predator_slot": 0
    },
    {
      "time": 8.5,
      "active_guide_id": 2,
      "tracked_predator_slot": 0
    },
    {
      "time": 8.7,
      "active_guide_id": 5,
      "tracked_predator_slot": 0
    },
    {
      "time": 9.4,
      "active_guide_id": 3,
      "tracked_predator_slot": 0
    },
    {
      "time": 11.7,
      "active_guide_id": 8,
      "tracked_predator_slot": 0
    },
    {
      "time": 12.7,
      "active_guide_id": 8,
      "tracked_predator_slot": 0
    },
    {
      "time": 17.8,
      "active_guide_id": 3,
      "tracked_predator_slot": 0
    },
    {
      "time": 18.4,
      "active_guide_id": 1,
      "tracked_predator_slot": 0
    },
    {
      "time": 20.0,
      "active_guide_id": 3,
      "tracked_predator_slot": 0
    },
    {
      "time": 20.4,
      "active_guide_id": 4,
      "tracked_predator_slot": 0
    },
    {
      "time": 20.7,
      "active_guide_id": 9,
      "tracked_predator_slot": 0
    }
  ],
  "guide_role": "child",
  "parent_role": "gather_evade",
  "child_role": "guide",
  "active_guide_id_final": 3,
  "active_guide_alive_final": false,
  "guide_role_ids": [
    1,
    2,
    3,
    4,
    5,
    6,
    7,
    8,
    9
  ],
  "bait_deployed_at": 0.1,
  "policy_bait_ready_final": false,
  "bait_left_after_deployment": null,
  "final_bait_distance_to_goal": 0.0,
  "first_guide_predator_observation": 0.1,
  "first_predator_following_guide": 0.1,
  "first_predator_following_active_guide": null,
  "tracked_seen_by_guide": 1,
  "tracked_followed_active_guide": 0,
  "physical_entered": 1,
  "guided_delivered": 0,
  "physical_losses_after_delivery": 0,
  "target_losses_after_delivery": 0,
  "physical_entry_times": [
    21.3
  ],
  "guided_delivery_times": [
    null
  ],
  "loss_times": [
    null
  ],
  "target_loss_times": [
    null
  ],
  "tail_seconds": 30.0,
  "tail_physical_min": 1,
  "tail_contained_min": 1,
  "final_distance_from_mouth": [
    16.3383
  ],
  "max_distance_after_delivery": [
    0.0
  ],
  "policy_events": [
    {
      "time": 8.1,
      "kind": "emergency_reserve_budget_enabled",
      "observed_distance": 27.4049,
      "blocked_escape_cone": true,
      "close_wall": true,
      "agent_id": 1
    },
    {
      "time": 8.1,
      "kind": "bounded_emergency_reserve_birth",
      "parent_id": 1,
      "request_number": 1,
      "observed_distance": 27.4049
    },
    {
      "time": 8.2,
      "kind": "native_backup_registered",
      "agent_id": 2
    },
    {
      "time": 8.2,
      "kind": "bounded_emergency_reserve_birth",
      "parent_id": 1,
      "request_number": 2,
      "observed_distance": 36.9859
    },
    {
      "time": 8.3,
      "kind": "native_backup_registered",
      "agent_id": 3
    },
    {
      "time": 8.3,
      "kind": "bounded_emergency_reserve_birth",
      "parent_id": 1,
      "request_number": 3,
      "observed_distance": 41.6583
    },
    {
      "time": 8.4,
      "kind": "native_backup_registered",
      "agent_id": 4
    },
    {
      "time": 8.4,
      "kind": "public_dto_active_guide",
      "agent_id": 2,
      "reason": "minimum_observed_predator_distance_hysteresis"
    },
    {
      "time": 8.4,
      "kind": "bounded_emergency_reserve_birth",
      "parent_id": 1,
      "request_number": 4,
      "observed_distance": 55.7224
    },
    {
      "time": 8.5,
      "kind": "native_backup_registered",
      "agent_id": 5
    },
    {
      "time": 8.5,
      "kind": "bounded_emergency_reserve_birth",
      "parent_id": 4,
      "request_number": 5,
      "observed_distance": 72.9812
    },
    {
      "time": 8.6,
      "kind": "native_backup_registered",
      "agent_id": 6
    },
    {
      "time": 8.6,
      "kind": "public_dto_active_guide",
      "agent_id": 5,
      "reason": "minimum_observed_predator_distance_hysteresis"
    },
    {
      "time": 8.6,
      "kind": "bounded_emergency_reserve_birth",
      "parent_id": 6,
      "request_number": 6,
      "observed_distance": 69.3121
    },
    {
      "time": 8.7,
      "kind": "native_backup_registered",
      "agent_id": 7
    },
    {
      "time": 8.7,
      "kind": "bounded_emergency_reserve_birth",
      "parent_id": 2,
      "request_number": 7,
      "observed_distance": 63.4556
    },
    {
      "time": 8.8,
      "kind": "native_backup_registered",
      "agent_id": 8
    },
    {
      "time": 8.8,
      "kind": "public_dto_active_guide",
      "agent_id": 2,
      "reason": "minimum_observed_predator_distance_hysteresis"
    },
    {
      "time": 8.8,
      "kind": "bounded_emergency_reserve_birth",
      "parent_id": 6,
      "request_number": 8,
      "observed_distance": 67.2473
    },
    {
      "time": 8.9,
      "kind": "native_backup_registered",
      "agent_id": 9
    },
    {
      "time": 8.9,
      "kind": "public_dto_active_guide",
      "agent_id": 3,
      "reason": "minimum_observed_predator_distance_hysteresis"
    },
    {
      "time": 9.0,
      "kind": "public_dto_active_guide",
      "agent_id": 6,
      "reason": "minimum_observed_predator_distance_hysteresis"
    },
    {
      "time": 9.2,
      "kind": "public_dto_active_guide",
      "agent_id": 5,
      "reason": "minimum_observed_predator_distance_hysteresis"
    },
    {
      "time": 9.3,
      "kind": "public_dto_active_guide",
      "agent_id": 3,
      "reason": "minimum_observed_predator_distance_hysteresis"
    },
    {
      "time": 10.1,
      "kind": "public_dto_active_guide",
      "agent_id": 6,
      "reason": "minimum_observed_predator_distance_hysteresis"
    },
    {
      "time": 11.3,
      "kind": "public_dto_active_guide",
      "agent_id": 1,
      "reason": "minimum_observed_predator_distance_hysteresis"
    },
    {
      "time": 11.6,
      "kind": "public_dto_active_guide",
      "agent_id": 8,
      "reason": "minimum_observed_predator_distance_hysteresis"
    },
    {
      "time": 12.0,
      "kind": "public_dto_active_guide",
      "agent_id": 5,
      "reason": "minimum_observed_predator_distance_hysteresis"
    },
    {
      "time": 12.1,
      "kind": "public_dto_active_guide",
      "agent_id": 2,
      "reason": "minimum_observed_predator_distance_hysteresis"
    },
    {
      "time": 12.2,
      "kind": "public_dto_active_guide",
      "agent_id": 6,
      "reason": "minimum_observed_predator_distance_hysteresis"
    },
    {
      "time": 12.3,
      "kind": "public_dto_active_guide",
      "agent_id": 4,
      "reason": "minimum_observed_predator_distance_hysteresis"
    },
    {
      "time": 12.6,
      "kind": "public_dto_active_guide",
      "agent_id": 8,
      "reason": "minimum_observed_predator_distance_hysteresis"
    },
    {
      "time": 17.3,
      "kind": "public_dto_active_guide",
      "agent_id": 1,
      "reason": "minimum_observed_predator_distance_hysteresis"
    },
    {
      "time": 17.4,
      "kind": "public_dto_active_guide",
      "agent_id": 9,
      "reason": "minimum_observed_predator_distance_hysteresis"
    },
    {
      "time": 17.5,
      "kind": "public_dto_active_guide",
      "agent_id": 3,
      "reason": "minimum_observed_predator_distance_hysteresis"
    },
    {
      "time": 18.2,
      "kind": "public_dto_active_guide",
      "agent_id": 1,
      "reason": "minimum_observed_predator_distance_hysteresis"
    },
    {
      "time": 18.5,
      "kind": "public_dto_active_guide",
      "agent_id": 3,
      "reason": "minimum_observed_predator_distance_hysteresis"
    },
    {
      "time": 18.7,
      "kind": "public_dto_active_guide",
      "agent_id": 2,
      "reason": "minimum_observed_predator_distance_hysteresis"
    },
    {
      "time": 18.8,
      "kind": "public_dto_active_guide",
      "agent_id": 1,
      "reason": "minimum_observed_predator_distance_hysteresis"
    },
    {
      "time": 19.0,
      "kind": "public_dto_active_guide",
      "agent_id": 5,
      "reason": "minimum_observed_predator_distance_hysteresis"
    },
    {
      "time": 19.1,
      "kind": "public_dto_active_guide",
      "agent_id": 9,
      "reason": "minimum_observed_predator_distance_hysteresis"
    },
    {
      "time": 19.5,
      "kind": "public_dto_active_guide",
      "agent_id": 5,
      "reason": "minimum_observed_predator_distance_hysteresis"
    },
    {
      "time": 19.7,
      "kind": "public_dto_active_guide",
      "agent_id": 6,
      "reason": "minimum_observed_predator_distance_hysteresis"
    },
    {
      "time": 19.9,
      "kind": "public_dto_active_guide",
      "agent_id": 3,
      "reason": "minimum_observed_predator_distance_hysteresis"
    },
    {
      "time": 20.3,
      "kind": "public_dto_active_guide",
      "agent_id": 4,
      "reason": "minimum_observed_predator_distance_hysteresis"
    },
    {
      "time": 20.4,
      "kind": "public_dto_active_guide",
      "agent_id": 5,
      "reason": "minimum_observed_predator_distance_hysteresis"
    },
    {
      "time": 20.5,
      "kind": "public_dto_active_guide",
      "agent_id": 2,
      "reason": "minimum_observed_predator_distance_hysteresis"
    },
    {
      "time": 20.6,
      "kind": "public_dto_active_guide",
      "agent_id": 9,
      "reason": "minimum_observed_predator_distance_hysteresis"
    },
    {
      "time": 20.8,
      "kind": "public_dto_active_guide",
      "agent_id": 3,
      "reason": "minimum_observed_predator_distance_hysteresis"
    }
  ],
  "success": false,
  "replay": "results/simple_chase/replays/real-map-EmergencyGuides-m10323-f20323-p1-direct_guide-sitebait1-13bc8dff.json.gz"
}
/home/Ucals/projects/NordicCupAI-wall-funneling/survival-simulator/oscar-trap-research/survival/results/simple_chase/real-map-EmergencyGuides-m10323-f20323-p1-direct_guide-sitebait1-13bc8dff.json
