Running as unit: run-p902647-i841985.scope; invocation ID: 23ce7c3a7a1a4d018f0e7839d7c8e5f1
{"progress": "real-map-EmergencyGuides-m10320-f20320-p1-direct_guide-sitebait1-e355aafa", "time": 10.0, "bait_deployed": 0.1, "policy_bait_ready": false, "encounter": 0.1, "oracle_handoff": null, "children": 8, "active_guide_id": 2, "guide_alive": true, "active_guide_alive": true, "guided_delivered": 0}
{"progress": "real-map-EmergencyGuides-m10320-f20320-p1-direct_guide-sitebait1-e355aafa", "time": 20.0, "bait_deployed": 0.1, "policy_bait_ready": false, "encounter": 0.1, "oracle_handoff": null, "children": 8, "active_guide_id": 7, "guide_alive": true, "active_guide_alive": true, "guided_delivered": 0}
{"progress": "real-map-EmergencyGuides-m10320-f20320-p1-direct_guide-sitebait1-e355aafa", "time": 30.0, "bait_deployed": 0.1, "policy_bait_ready": false, "encounter": 0.1, "oracle_handoff": null, "children": 8, "active_guide_id": 7, "guide_alive": true, "active_guide_alive": true, "guided_delivered": 0}
{"progress": "real-map-EmergencyGuides-m10320-f20320-p1-direct_guide-sitebait1-e355aafa", "time": 40.0, "bait_deployed": 0.1, "policy_bait_ready": false, "encounter": 0.1, "oracle_handoff": null, "children": 8, "active_guide_id": 4, "guide_alive": true, "active_guide_alive": true, "guided_delivered": 0}
{"progress": "real-map-EmergencyGuides-m10320-f20320-p1-direct_guide-sitebait1-e355aafa", "time": 50.0, "bait_deployed": 0.1, "policy_bait_ready": false, "encounter": 0.1, "oracle_handoff": null, "children": 8, "active_guide_id": 5, "guide_alive": true, "active_guide_alive": true, "guided_delivered": 0}
{"progress": "real-map-EmergencyGuides-m10320-f20320-p1-direct_guide-sitebait1-e355aafa", "time": 60.0, "bait_deployed": 0.1, "policy_bait_ready": false, "encounter": 0.1, "oracle_handoff": null, "children": 8, "active_guide_id": 9, "guide_alive": false, "active_guide_alive": false, "guided_delivered": 0}
{"progress": "real-map-EmergencyGuides-m10320-f20320-p1-direct_guide-sitebait1-e355aafa", "time": 70.0, "bait_deployed": 0.1, "policy_bait_ready": false, "encounter": 0.1, "oracle_handoff": null, "children": 8, "active_guide_id": 9, "guide_alive": false, "active_guide_alive": false, "guided_delivered": 0}
{"progress": "real-map-EmergencyGuides-m10320-f20320-p1-direct_guide-sitebait1-e355aafa", "time": 80.0, "bait_deployed": 0.1, "policy_bait_ready": false, "encounter": 0.1, "oracle_handoff": null, "children": 8, "active_guide_id": 9, "guide_alive": false, "active_guide_alive": false, "guided_delivered": 0}
{"progress": "real-map-EmergencyGuides-m10320-f20320-p1-direct_guide-sitebait1-e355aafa", "time": 90.0, "bait_deployed": 0.1, "policy_bait_ready": false, "encounter": 0.1, "oracle_handoff": null, "children": 8, "active_guide_id": 9, "guide_alive": false, "active_guide_alive": false, "guided_delivered": 0}
{"progress": "real-map-EmergencyGuides-m10320-f20320-p1-direct_guide-sitebait1-e355aafa", "time": 100.0, "bait_deployed": 0.1, "policy_bait_ready": false, "encounter": 0.1, "oracle_handoff": null, "children": 8, "active_guide_id": 9, "guide_alive": false, "active_guide_alive": false, "guided_delivered": 0}
{"progress": "real-map-EmergencyGuides-m10320-f20320-p1-direct_guide-sitebait1-e355aafa", "time": 110.0, "bait_deployed": 0.1, "policy_bait_ready": false, "encounter": 0.1, "oracle_handoff": null, "children": 8, "active_guide_id": 9, "guide_alive": false, "active_guide_alive": false, "guided_delivered": 0}
{"progress": "real-map-EmergencyGuides-m10320-f20320-p1-direct_guide-sitebait1-e355aafa", "time": 120.0, "bait_deployed": 0.1, "policy_bait_ready": false, "encounter": 0.1, "oracle_handoff": null, "children": 8, "active_guide_id": 9, "guide_alive": false, "active_guide_alive": false, "guided_delivered": 0}
{"progress": "real-map-EmergencyGuides-m10320-f20320-p1-direct_guide-sitebait1-e355aafa", "time": 130.0, "bait_deployed": 0.1, "policy_bait_ready": false, "encounter": 0.1, "oracle_handoff": null, "children": 8, "active_guide_id": 9, "guide_alive": false, "active_guide_alive": false, "guided_delivered": 0}
{"progress": "real-map-EmergencyGuides-m10320-f20320-p1-direct_guide-sitebait1-e355aafa", "time": 140.0, "bait_deployed": 0.1, "policy_bait_ready": false, "encounter": 0.1, "oracle_handoff": null, "children": 8, "active_guide_id": 9, "guide_alive": false, "active_guide_alive": false, "guided_delivered": 0}
{"progress": "real-map-EmergencyGuides-m10320-f20320-p1-direct_guide-sitebait1-e355aafa", "time": 150.0, "bait_deployed": 0.1, "policy_bait_ready": false, "encounter": 0.1, "oracle_handoff": null, "children": 8, "active_guide_id": 9, "guide_alive": false, "active_guide_alive": false, "guided_delivered": 0}
{"progress": "real-map-EmergencyGuides-m10320-f20320-p1-direct_guide-sitebait1-e355aafa", "time": 160.0, "bait_deployed": 0.1, "policy_bait_ready": false, "encounter": 0.1, "oracle_handoff": null, "children": 8, "active_guide_id": 9, "guide_alive": false, "active_guide_alive": false, "guided_delivered": 0}
{"progress": "real-map-EmergencyGuides-m10320-f20320-p1-direct_guide-sitebait1-e355aafa", "time": 170.0, "bait_deployed": 0.1, "policy_bait_ready": false, "encounter": 0.1, "oracle_handoff": null, "children": 8, "active_guide_id": 9, "guide_alive": false, "active_guide_alive": false, "guided_delivered": 0}
{"progress": "real-map-EmergencyGuides-m10320-f20320-p1-direct_guide-sitebait1-e355aafa", "time": 180.0, "bait_deployed": 0.1, "policy_bait_ready": false, "encounter": 0.1, "oracle_handoff": null, "children": 8, "active_guide_id": 9, "guide_alive": false, "active_guide_alive": false, "guided_delivered": 0}
{"progress": "real-map-EmergencyGuides-m10320-f20320-p1-direct_guide-sitebait1-e355aafa", "time": 190.0, "bait_deployed": 0.1, "policy_bait_ready": false, "encounter": 0.1, "oracle_handoff": null, "children": 8, "active_guide_id": 9, "guide_alive": false, "active_guide_alive": false, "guided_delivered": 0}
{"progress": "real-map-EmergencyGuides-m10320-f20320-p1-direct_guide-sitebait1-e355aafa", "time": 200.0, "bait_deployed": 0.1, "policy_bait_ready": false, "encounter": 0.1, "oracle_handoff": null, "children": 8, "active_guide_id": 9, "guide_alive": false, "active_guide_alive": false, "guided_delivered": 0}
{"progress": "real-map-EmergencyGuides-m10320-f20320-p1-direct_guide-sitebait1-e355aafa", "time": 210.0, "bait_deployed": 0.1, "policy_bait_ready": false, "encounter": 0.1, "oracle_handoff": null, "children": 8, "active_guide_id": 9, "guide_alive": false, "active_guide_alive": false, "guided_delivered": 0}
{"progress": "real-map-EmergencyGuides-m10320-f20320-p1-direct_guide-sitebait1-e355aafa", "time": 220.0, "bait_deployed": 0.1, "policy_bait_ready": false, "encounter": 0.1, "oracle_handoff": null, "children": 8, "active_guide_id": 9, "guide_alive": false, "active_guide_alive": false, "guided_delivered": 0}
{"progress": "real-map-EmergencyGuides-m10320-f20320-p1-direct_guide-sitebait1-e355aafa", "time": 230.0, "bait_deployed": 0.1, "policy_bait_ready": false, "encounter": 0.1, "oracle_handoff": null, "children": 8, "active_guide_id": 9, "guide_alive": false, "active_guide_alive": false, "guided_delivered": 0}
{"progress": "real-map-EmergencyGuides-m10320-f20320-p1-direct_guide-sitebait1-e355aafa", "time": 240.0, "bait_deployed": 0.1, "policy_bait_ready": false, "encounter": 0.1, "oracle_handoff": null, "children": 8, "active_guide_id": 9, "guide_alive": false, "active_guide_alive": false, "guided_delivered": 0}
{"progress": "real-map-EmergencyGuides-m10320-f20320-p1-direct_guide-sitebait1-e355aafa", "time": 250.0, "bait_deployed": 0.1, "policy_bait_ready": false, "encounter": 0.1, "oracle_handoff": null, "children": 8, "active_guide_id": 9, "guide_alive": false, "active_guide_alive": false, "guided_delivered": 0}
{"progress": "real-map-EmergencyGuides-m10320-f20320-p1-direct_guide-sitebait1-e355aafa", "time": 260.0, "bait_deployed": 0.1, "policy_bait_ready": false, "encounter": 0.1, "oracle_handoff": null, "children": 8, "active_guide_id": 9, "guide_alive": false, "active_guide_alive": false, "guided_delivered": 0}
{"progress": "real-map-EmergencyGuides-m10320-f20320-p1-direct_guide-sitebait1-e355aafa", "time": 270.0, "bait_deployed": 0.1, "policy_bait_ready": false, "encounter": 0.1, "oracle_handoff": null, "children": 8, "active_guide_id": 9, "guide_alive": false, "active_guide_alive": false, "guided_delivered": 0}
{"progress": "real-map-EmergencyGuides-m10320-f20320-p1-direct_guide-sitebait1-e355aafa", "time": 280.0, "bait_deployed": 0.1, "policy_bait_ready": false, "encounter": 0.1, "oracle_handoff": null, "children": 8, "active_guide_id": 9, "guide_alive": false, "active_guide_alive": false, "guided_delivered": 0}
{"progress": "real-map-EmergencyGuides-m10320-f20320-p1-direct_guide-sitebait1-e355aafa", "time": 290.0, "bait_deployed": 0.1, "policy_bait_ready": false, "encounter": 0.1, "oracle_handoff": null, "children": 8, "active_guide_id": 9, "guide_alive": false, "active_guide_alive": false, "guided_delivered": 0}
{"progress": "real-map-EmergencyGuides-m10320-f20320-p1-direct_guide-sitebait1-e355aafa", "time": 300.0, "bait_deployed": 0.1, "policy_bait_ready": false, "encounter": 0.1, "oracle_handoff": null, "children": 8, "active_guide_id": 9, "guide_alive": false, "active_guide_alive": false, "guided_delivered": 0}
{"viewer_manifest_refresh": {"status": "deferred", "reason": "bounded-memory runs defer full-replay viewer processing"}}
{
  "schema": "real-map-intake-result-v2",
  "policy": "integrated_guide.policy_v27:EmergencyGuides",
  "policy_hash": "b786cab54310e7e1c2d2fa370f5c59b5697bdddcad4ef2940a9e6b0443aac6dd",
  "harness_hashes": {
    "research/simple_chase/run_streaming_v2.py": "837e02b05d1ba3af71df0949cb30beb18a8b2844f090f8b383c692192c52719a",
    "research/simple_chase/sampling.py": "1efb7d309c4cc79bc87916c1bea72a7845e78d0c2cdf0aeaf9e2a758ceed48ab",
    "research/simple_chase/static_map.py": "197b16cbe9dd2e3dd06b81fe9481986a97bd92d9c2a55f33597cc9b7280faf3c",
    "debugger/streaming_recorder_v2.py": "d5ecda6bb39ec74a9ad86fb20458df5de7f466d73052558af9e2877be3d99b19"
  },
  "mode": "direct_guide",
  "map_seed": 10320,
  "fixture_seed": 20320,
  "static_map_hash": "7453e5d2216243cbfad215dad2fe0e0912070e92cdc2f85c88a697914eb72455",
  "site": {
    "mouth": [
      1310.7928,
      908.4916
    ],
    "inward": [
      1.0,
      0.0
    ],
    "cross": [
      -0.0,
      1.0
    ],
    "goal": [
      1315.7928,
      908.4916
    ],
    "far": [
      1185.7928,
      908.4916
    ],
    "hold": [
      1235.7928,
      908.4916
    ],
    "gap": 12.3822,
    "overlap": 43.7981,
    "runup": [
      1060.7928,
      908.4916
    ],
    "approach_lane_offset": 0.0,
    "offset_approach": false,
    "obstacle_indices": [
      30,
      17
    ],
    "axis": 1,
    "other_mouth": [
      1354.5909,
      908.4916
    ],
    "replacement_entry": [
      1374.5909,
      908.4916
    ],
    "second_access_clear": true,
    "second_access_radius": 5.01,
    "bait_depth": 5.0,
    "boundary_indices": [],
    "geometric_replacement_access_only": true
  },
  "station_bait": true,
  "requested_seconds": 300.0,
  "seconds": 300.0,
  "reason": "horizon",
  "native_render": true,
  "reproduction_of": null,
  "record_every_ticks": 1,
  "replay_frames": 3001,
  "initial_predators": 1,
  "final_predators_total": 4,
  "tracked_predators_present_final": 1,
  "ambient_predators_spawned": 3,
  "ambient_predators_present_final": 3,
  "agent_energy_refilled": true,
  "predator_state_native": false,
  "predator_dynamics_native_after_setup": true,
  "arranged_adjacent_awake_start": true,
  "bait_id": 0,
  "guide_id": 1,
  "bait_alive": true,
  "guide_alive": false,
  "deaths": [
    {
      "time": 30.3,
      "agent_id": 6,
      "role": "native_child"
    },
    {
      "time": 52.4,
      "agent_id": 1,
      "role": "parent_guide"
    },
    {
      "time": 52.4,
      "agent_id": 2,
      "role": "native_child"
    },
    {
      "time": 52.4,
      "agent_id": 3,
      "role": "native_child"
    },
    {
      "time": 52.4,
      "agent_id": 4,
      "role": "native_child"
    },
    {
      "time": 52.4,
      "agent_id": 5,
      "role": "native_child"
    },
    {
      "time": 52.4,
      "agent_id": 7,
      "role": "native_child"
    },
    {
      "time": 52.4,
      "agent_id": 8,
      "role": "native_child"
    },
    {
      "time": 52.4,
      "agent_id": 9,
      "role": "native_child"
    }
  ],
  "spawn_requests": [
    {
      "time": 6.9,
      "parent_id": 1
    },
    {
      "time": 7.0,
      "parent_id": 1
    },
    {
      "time": 7.1,
      "parent_id": 3
    },
    {
      "time": 7.2,
      "parent_id": 3
    },
    {
      "time": 7.3,
      "parent_id": 4
    },
    {
      "time": 7.4,
      "parent_id": 3
    },
    {
      "time": 7.5,
      "parent_id": 3
    },
    {
      "time": 7.6,
      "parent_id": 3
    }
  ],
  "child_births": [
    {
      "time": 6.9,
      "child_id": 2,
      "x": 853.4434,
      "y": 788.4261,
      "requesting_parent_ids": [
        1
      ],
      "native_parent_proximity_spawn": true
    },
    {
      "time": 7.0,
      "child_id": 3,
      "x": 876.3305,
      "y": 789.8099,
      "requesting_parent_ids": [
        1
      ],
      "native_parent_proximity_spawn": true
    },
    {
      "time": 7.1,
      "child_id": 4,
      "x": 908.5161,
      "y": 793.5301,
      "requesting_parent_ids": [
        3
      ],
      "native_parent_proximity_spawn": true
    },
    {
      "time": 7.2,
      "child_id": 5,
      "x": 901.1036,
      "y": 799.3254,
      "requesting_parent_ids": [
        3
      ],
      "native_parent_proximity_spawn": true
    },
    {
      "time": 7.3,
      "child_id": 6,
      "x": 919.9214,
      "y": 804.7515,
      "requesting_parent_ids": [
        4
      ],
      "native_parent_proximity_spawn": true
    },
    {
      "time": 7.4,
      "child_id": 7,
      "x": 884.127,
      "y": 789.73,
      "requesting_parent_ids": [
        3
      ],
      "native_parent_proximity_spawn": true
    },
    {
      "time": 7.5,
      "child_id": 8,
      "x": 907.2355,
      "y": 798.469,
      "requesting_parent_ids": [
        3
      ],
      "native_parent_proximity_spawn": true
    },
    {
      "time": 7.6,
      "child_id": 9,
      "x": 910.0327,
      "y": 804.3846,
      "requesting_parent_ids": [
        3
      ],
      "native_parent_proximity_spawn": true
    }
  ],
  "fruit_consumptions": [
    {
      "time": 23.1,
      "agent_id": 1,
      "x": 1149.5095,
      "y": 866.46
    },
    {
      "time": 29.6,
      "agent_id": 9,
      "x": 1170.0406,
      "y": 925.2622
    }
  ],
  "parent_fruit_consumed_before_tracked_encounter": 0,
  "tracked_encounter_times": [
    0.1
  ],
  "conditional_delivery_denominator": true,
  "conditional_delivery_status": "not_applicable",
  "setup_oracle": false,
  "setup_oracle_target": null,
  "setup_oracle_ticks": 0,
  "setup_oracle_routing": null,
  "setup_oracle_route_resets": 0,
  "setup_oracle_policy_reset_before_handoff_act": false,
  "setup_oracle_handoff_time": null,
  "dynamic_action_privilege_ended_at": null,
  "target_switches": [
    {
      "time": 0.1,
      "tracked_predator_slot": 0,
      "target": 1
    },
    {
      "time": 7.0,
      "tracked_predator_slot": 0,
      "target": 2
    },
    {
      "time": 7.5,
      "tracked_predator_slot": 0,
      "target": 7
    },
    {
      "time": 7.6,
      "tracked_predator_slot": 0,
      "target": 1
    },
    {
      "time": 7.8,
      "tracked_predator_slot": 0,
      "target": 5
    },
    {
      "time": 7.9,
      "tracked_predator_slot": 0,
      "target": 8
    },
    {
      "time": 8.0,
      "tracked_predator_slot": 0,
      "target": 1
    },
    {
      "time": 8.3,
      "tracked_predator_slot": 0,
      "target": 4
    },
    {
      "time": 8.4,
      "tracked_predator_slot": 0,
      "target": 9
    },
    {
      "time": 8.5,
      "tracked_predator_slot": 0,
      "target": 8
    },
    {
      "time": 8.6,
      "tracked_predator_slot": 0,
      "target": 5
    },
    {
      "time": 8.7,
      "tracked_predator_slot": 0,
      "target": 7
    },
    {
      "time": 8.8,
      "tracked_predator_slot": 0,
      "target": 1
    },
    {
      "time": 9.2,
      "tracked_predator_slot": 0,
      "target": 7
    },
    {
      "time": 9.3,
      "tracked_predator_slot": 0,
      "target": 5
    },
    {
      "time": 9.4,
      "tracked_predator_slot": 0,
      "target": 1
    },
    {
      "time": 9.5,
      "tracked_predator_slot": 0,
      "target": 6
    },
    {
      "time": 9.6,
      "tracked_predator_slot": 0,
      "target": 2
    },
    {
      "time": 9.7,
      "tracked_predator_slot": 0,
      "target": 8
    },
    {
      "time": 9.8,
      "tracked_predator_slot": 0,
      "target": 2
    },
    {
      "time": 9.9,
      "tracked_predator_slot": 0,
      "target": 5
    },
    {
      "time": 10.0,
      "tracked_predator_slot": 0,
      "target": 8
    },
    {
      "time": 10.2,
      "tracked_predator_slot": 0,
      "target": 1
    },
    {
      "time": 10.4,
      "tracked_predator_slot": 0,
      "target": 3
    },
    {
      "time": 10.5,
      "tracked_predator_slot": 0,
      "target": 1
    },
    {
      "time": 10.7,
      "tracked_predator_slot": 0,
      "target": 3
    },
    {
      "time": 10.8,
      "tracked_predator_slot": 0,
      "target": 4
    },
    {
      "time": 11.8,
      "tracked_predator_slot": 0,
      "target": 5
    },
    {
      "time": 12.0,
      "tracked_predator_slot": 0,
      "target": 6
    },
    {
      "time": 12.4,
      "tracked_predator_slot": 0,
      "target": 1
    },
    {
      "time": 12.5,
      "tracked_predator_slot": 0,
      "target": 2
    },
    {
      "time": 12.7,
      "tracked_predator_slot": 0,
      "target": 8
    },
    {
      "time": 12.8,
      "tracked_predator_slot": 0,
      "target": 9
    },
    {
      "time": 12.9,
      "tracked_predator_slot": 0,
      "target": 3
    },
    {
      "time": 13.0,
      "tracked_predator_slot": 0,
      "target": "resting"
    },
    {
      "time": 16.5,
      "tracked_predator_slot": 0,
      "target": 5
    },
    {
      "time": 16.6,
      "tracked_predator_slot": 0,
      "target": 6
    },
    {
      "time": 16.7,
      "tracked_predator_slot": 0,
      "target": 2
    },
    {
      "time": 16.8,
      "tracked_predator_slot": 0,
      "target": 8
    },
    {
      "time": 16.9,
      "tracked_predator_slot": 0,
      "target": 5
    },
    {
      "time": 18.0,
      "tracked_predator_slot": 0,
      "target": 1
    },
    {
      "time": 18.1,
      "tracked_predator_slot": 0,
      "target": 5
    },
    {
      "time": 18.4,
      "tracked_predator_slot": 0,
      "target": 8
    },
    {
      "time": 19.0,
      "tracked_predator_slot": 0,
      "target": null
    },
    {
      "time": 19.1,
      "tracked_predator_slot": 0,
      "target": 8
    },
    {
      "time": 19.2,
      "tracked_predator_slot": 0,
      "target": 9
    },
    {
      "time": 19.3,
      "tracked_predator_slot": 0,
      "target": 2
    },
    {
      "time": 19.4,
      "tracked_predator_slot": 0,
      "target": 5
    },
    {
      "time": 19.8,
      "tracked_predator_slot": 0,
      "target": 7
    },
    {
      "time": 20.0,
      "tracked_predator_slot": 0,
      "target": 5
    },
    {
      "time": 20.2,
      "tracked_predator_slot": 0,
      "target": null
    },
    {
      "time": 20.3,
      "tracked_predator_slot": 0,
      "target": 5
    },
    {
      "time": 20.4,
      "tracked_predator_slot": 0,
      "target": 6
    },
    {
      "time": 20.5,
      "tracked_predator_slot": 0,
      "target": 2
    },
    {
      "time": 20.6,
      "tracked_predator_slot": 0,
      "target": 6
    },
    {
      "time": 20.7,
      "tracked_predator_slot": 0,
      "target": 8
    },
    {
      "time": 20.8,
      "tracked_predator_slot": 0,
      "target": 1
    },
    {
      "time": 20.9,
      "tracked_predator_slot": 0,
      "target": 5
    },
    {
      "time": 21.0,
      "tracked_predator_slot": 0,
      "target": 8
    },
    {
      "time": 21.1,
      "tracked_predator_slot": 0,
      "target": 3
    },
    {
      "time": 21.2,
      "tracked_predator_slot": 0,
      "target": 5
    },
    {
      "time": 21.3,
      "tracked_predator_slot": 0,
      "target": 6
    },
    {
      "time": 21.5,
      "tracked_predator_slot": 0,
      "target": 9
    },
    {
      "time": 21.6,
      "tracked_predator_slot": 0,
      "target": 5
    },
    {
      "time": 21.7,
      "tracked_predator_slot": 0,
      "target": 2
    },
    {
      "time": 22.2,
      "tracked_predator_slot": 0,
      "target": 9
    },
    {
      "time": 22.3,
      "tracked_predator_slot": 0,
      "target": 3
    },
    {
      "time": 22.5,
      "tracked_predator_slot": 0,
      "target": 2
    },
    {
      "time": 22.6,
      "tracked_predator_slot": 0,
      "target": 4
    },
    {
      "time": 22.8,
      "tracked_predator_slot": 0,
      "target": 7
    },
    {
      "time": 22.9,
      "tracked_predator_slot": 0,
      "target": 2
    },
    {
      "time": 23.9,
      "tracked_predator_slot": 0,
      "target": 4
    },
    {
      "time": 24.0,
      "tracked_predator_slot": 0,
      "target": 2
    },
    {
      "time": 24.1,
      "tracked_predator_slot": 0,
      "target": 5
    },
    {
      "time": 24.2,
      "tracked_predator_slot": 0,
      "target": 4
    },
    {
      "time": 24.3,
      "tracked_predator_slot": 0,
      "target": 5
    },
    {
      "time": 24.8,
      "tracked_predator_slot": 0,
      "target": 2
    },
    {
      "time": 24.9,
      "tracked_predator_slot": 0,
      "target": 4
    },
    {
      "time": 25.1,
      "tracked_predator_slot": 0,
      "target": 8
    },
    {
      "time": 25.2,
      "tracked_predator_slot": 0,
      "target": 9
    },
    {
      "time": 25.3,
      "tracked_predator_slot": 0,
      "target": 6
    },
    {
      "time": 25.5,
      "tracked_predator_slot": 0,
      "target": "resting"
    },
    {
      "time": 29.0,
      "tracked_predator_slot": 0,
      "target": 2
    },
    {
      "time": 29.1,
      "tracked_predator_slot": 0,
      "target": 6
    },
    {
      "time": 29.2,
      "tracked_predator_slot": 0,
      "target": 2
    },
    {
      "time": 29.3,
      "tracked_predator_slot": 0,
      "target": 9
    },
    {
      "time": 29.5,
      "tracked_predator_slot": 0,
      "target": 1
    },
    {
      "time": 29.7,
      "tracked_predator_slot": 0,
      "target": 7
    },
    {
      "time": 30.0,
      "tracked_predator_slot": 0,
      "target": 3
    },
    {
      "time": 30.1,
      "tracked_predator_slot": 0,
      "target": 6
    },
    {
      "time": 30.3,
      "tracked_predator_slot": 0,
      "target": 3
    },
    {
      "time": 30.4,
      "tracked_predator_slot": 0,
      "target": 4
    },
    {
      "time": 30.5,
      "tracked_predator_slot": 0,
      "target": 9
    },
    {
      "time": 30.6,
      "tracked_predator_slot": 0,
      "target": 8
    },
    {
      "time": 30.7,
      "tracked_predator_slot": 0,
      "target": 4
    },
    {
      "time": 30.8,
      "tracked_predator_slot": 0,
      "target": 5
    },
    {
      "time": 30.9,
      "tracked_predator_slot": 0,
      "target": 1
    },
    {
      "time": 31.0,
      "tracked_predator_slot": 0,
      "target": 4
    },
    {
      "time": 31.1,
      "tracked_predator_slot": 0,
      "target": 5
    },
    {
      "time": 31.2,
      "tracked_predator_slot": 0,
      "target": 2
    },
    {
      "time": 31.3,
      "tracked_predator_slot": 0,
      "target": 5
    },
    {
      "time": 32.9,
      "tracked_predator_slot": 0,
      "target": 2
    },
    {
      "time": 33.7,
      "tracked_predator_slot": 0,
      "target": 7
    },
    {
      "time": 33.9,
      "tracked_predator_slot": 0,
      "target": 9
    },
    {
      "time": 34.0,
      "tracked_predator_slot": 0,
      "target": 8
    },
    {
      "time": 34.2,
      "tracked_predator_slot": 0,
      "target": 9
    },
    {
      "time": 34.3,
      "tracked_predator_slot": 0,
      "target": 1
    },
    {
      "time": 34.4,
      "tracked_predator_slot": 0,
      "target": 8
    },
    {
      "time": 34.6,
      "tracked_predator_slot": 0,
      "target": 4
    },
    {
      "time": 34.7,
      "tracked_predator_slot": 0,
      "target": 9
    },
    {
      "time": 34.8,
      "tracked_predator_slot": 0,
      "target": 2
    },
    {
      "time": 34.9,
      "tracked_predator_slot": 0,
      "target": 9
    },
    {
      "time": 35.0,
      "tracked_predator_slot": 0,
      "target": 4
    },
    {
      "time": 35.2,
      "tracked_predator_slot": 0,
      "target": 8
    },
    {
      "time": 35.3,
      "tracked_predator_slot": 0,
      "target": 4
    },
    {
      "time": 35.5,
      "tracked_predator_slot": 0,
      "target": 5
    },
    {
      "time": 35.6,
      "tracked_predator_slot": 0,
      "target": 4
    },
    {
      "time": 35.7,
      "tracked_predator_slot": 0,
      "target": 2
    },
    {
      "time": 35.8,
      "tracked_predator_slot": 0,
      "target": 5
    },
    {
      "time": 37.2,
      "tracked_predator_slot": 0,
      "target": 2
    },
    {
      "time": 37.3,
      "tracked_predator_slot": 0,
      "target": 9
    },
    {
      "time": 37.4,
      "tracked_predator_slot": 0,
      "target": 5
    },
    {
      "time": 38.0,
      "tracked_predator_slot": 0,
      "target": null
    },
    {
      "time": 38.1,
      "tracked_predator_slot": 0,
      "target": 5
    },
    {
      "time": 39.3,
      "tracked_predator_slot": 0,
      "target": 2
    },
    {
      "time": 39.4,
      "tracked_predator_slot": 0,
      "target": 4
    },
    {
      "time": 39.5,
      "tracked_predator_slot": 0,
      "target": 9
    },
    {
      "time": 39.7,
      "tracked_predator_slot": 0,
      "target": 1
    },
    {
      "time": 39.9,
      "tracked_predator_slot": 0,
      "target": 9
    },
    {
      "time": 40.0,
      "tracked_predator_slot": 0,
      "target": 1
    },
    {
      "time": 40.1,
      "tracked_predator_slot": 0,
      "target": 2
    },
    {
      "time": 40.2,
      "tracked_predator_slot": 0,
      "target": 8
    },
    {
      "time": 40.3,
      "tracked_predator_slot": 0,
      "target": 4
    },
    {
      "time": 40.4,
      "tracked_predator_slot": 0,
      "target": 5
    },
    {
      "time": 40.7,
      "tracked_predator_slot": 0,
      "target": 4
    },
    {
      "time": 40.9,
      "tracked_predator_slot": 0,
      "target": 2
    },
    {
      "time": 41.0,
      "tracked_predator_slot": 0,
      "target": 9
    },
    {
      "time": 41.3,
      "tracked_predator_slot": 0,
      "target": 2
    },
    {
      "time": 41.5,
      "tracked_predator_slot": 0,
      "target": 1
    },
    {
      "time": 41.6,
      "tracked_predator_slot": 0,
      "target": 3
    },
    {
      "time": 41.8,
      "tracked_predator_slot": 0,
      "target": 4
    },
    {
      "time": 42.0,
      "tracked_predator_slot": 0,
      "target": 2
    },
    {
      "time": 42.2,
      "tracked_predator_slot": 0,
      "target": 8
    },
    {
      "time": 42.3,
      "tracked_predator_slot": 0,
      "target": 4
    },
    {
      "time": 42.4,
      "tracked_predator_slot": 0,
      "target": 9
    },
    {
      "time": 42.5,
      "tracked_predator_slot": 0,
      "target": 2
    },
    {
      "time": 42.6,
      "tracked_predator_slot": 0,
      "target": 9
    },
    {
      "time": 42.7,
      "tracked_predator_slot": 0,
      "target": 3
    },
    {
      "time": 42.8,
      "tracked_predator_slot": 0,
      "target": 4
    },
    {
      "time": 42.9,
      "tracked_predator_slot": 0,
      "target": 9
    },
    {
      "time": 43.0,
      "tracked_predator_slot": 0,
      "target": 1
    },
    {
      "time": 43.1,
      "tracked_predator_slot": 0,
      "target": 9
    },
    {
      "time": 43.2,
      "tracked_predator_slot": 0,
      "target": 4
    },
    {
      "time": 43.3,
      "tracked_predator_slot": 0,
      "target": 2
    },
    {
      "time": 43.4,
      "tracked_predator_slot": 0,
      "target": 4
    },
    {
      "time": 43.5,
      "tracked_predator_slot": 0,
      "target": "resting"
    },
    {
      "time": 47.0,
      "tracked_predator_slot": 0,
      "target": 4
    },
    {
      "time": 47.1,
      "tracked_predator_slot": 0,
      "target": 9
    },
    {
      "time": 47.2,
      "tracked_predator_slot": 0,
      "target": 5
    },
    {
      "time": 47.3,
      "tracked_predator_slot": 0,
      "target": 9
    },
    {
      "time": 47.4,
      "tracked_predator_slot": 0,
      "target": 8
    },
    {
      "time": 47.5,
      "tracked_predator_slot": 0,
      "target": 5
    },
    {
      "time": 47.7,
      "tracked_predator_slot": 0,
      "target": 9
    },
    {
      "time": 47.8,
      "tracked_predator_slot": 0,
      "target": 5
    },
    {
      "time": 47.9,
      "tracked_predator_slot": 0,
      "target": null
    },
    {
      "time": 48.0,
      "tracked_predator_slot": 0,
      "target": 5
    },
    {
      "time": 48.1,
      "tracked_predator_slot": 0,
      "target": null
    },
    {
      "time": 48.2,
      "tracked_predator_slot": 0,
      "target": 5
    },
    {
      "time": 48.5,
      "tracked_predator_slot": 0,
      "target": 8
    },
    {
      "time": 48.8,
      "tracked_predator_slot": 0,
      "target": 5
    },
    {
      "time": 50.3,
      "tracked_predator_slot": 0,
      "target": 1
    },
    {
      "time": 50.4,
      "tracked_predator_slot": 0,
      "target": 2
    },
    {
      "time": 51.2,
      "tracked_predator_slot": 0,
      "target": 7
    },
    {
      "time": 51.7,
      "tracked_predator_slot": 0,
      "target": 2
    },
    {
      "time": 51.8,
      "tracked_predator_slot": 0,
      "target": 9
    },
    {
      "time": 51.9,
      "tracked_predator_slot": 0,
      "target": 4
    },
    {
      "time": 52.4,
      "tracked_predator_slot": 0,
      "target": 0
    },
    {
      "time": 65.5,
      "tracked_predator_slot": 0,
      "target": "resting"
    },
    {
      "time": 69.0,
      "tracked_predator_slot": 0,
      "target": 0
    },
    {
      "time": 78.1,
      "tracked_predator_slot": 0,
      "target": "resting"
    },
    {
      "time": 81.6,
      "tracked_predator_slot": 0,
      "target": 0
    },
    {
      "time": 90.7,
      "tracked_predator_slot": 0,
      "target": "resting"
    },
    {
      "time": 94.2,
      "tracked_predator_slot": 0,
      "target": 0
    },
    {
      "time": 103.6,
      "tracked_predator_slot": 0,
      "target": "resting"
    },
    {
      "time": 107.1,
      "tracked_predator_slot": 0,
      "target": 0
    },
    {
      "time": 116.2,
      "tracked_predator_slot": 0,
      "target": "resting"
    },
    {
      "time": 119.7,
      "tracked_predator_slot": 0,
      "target": 0
    },
    {
      "time": 128.8,
      "tracked_predator_slot": 0,
      "target": "resting"
    },
    {
      "time": 132.3,
      "tracked_predator_slot": 0,
      "target": 0
    },
    {
      "time": 141.4,
      "tracked_predator_slot": 0,
      "target": "resting"
    },
    {
      "time": 144.9,
      "tracked_predator_slot": 0,
      "target": 0
    },
    {
      "time": 154.3,
      "tracked_predator_slot": 0,
      "target": "resting"
    },
    {
      "time": 157.8,
      "tracked_predator_slot": 0,
      "target": 0
    },
    {
      "time": 166.9,
      "tracked_predator_slot": 0,
      "target": "resting"
    },
    {
      "time": 170.4,
      "tracked_predator_slot": 0,
      "target": 0
    },
    {
      "time": 179.8,
      "tracked_predator_slot": 0,
      "target": "resting"
    },
    {
      "time": 183.3,
      "tracked_predator_slot": 0,
      "target": 0
    },
    {
      "time": 192.4,
      "tracked_predator_slot": 0,
      "target": "resting"
    },
    {
      "time": 195.9,
      "tracked_predator_slot": 0,
      "target": 0
    },
    {
      "time": 205.0,
      "tracked_predator_slot": 0,
      "target": "resting"
    },
    {
      "time": 208.5,
      "tracked_predator_slot": 0,
      "target": 0
    },
    {
      "time": 217.6,
      "tracked_predator_slot": 0,
      "target": "resting"
    },
    {
      "time": 221.1,
      "tracked_predator_slot": 0,
      "target": 0
    },
    {
      "time": 230.2,
      "tracked_predator_slot": 0,
      "target": "resting"
    },
    {
      "time": 233.7,
      "tracked_predator_slot": 0,
      "target": 0
    },
    {
      "time": 243.1,
      "tracked_predator_slot": 0,
      "target": "resting"
    },
    {
      "time": 246.6,
      "tracked_predator_slot": 0,
      "target": 0
    },
    {
      "time": 256.0,
      "tracked_predator_slot": 0,
      "target": "resting"
    },
    {
      "time": 259.5,
      "tracked_predator_slot": 0,
      "target": 0
    },
    {
      "time": 268.6,
      "tracked_predator_slot": 0,
      "target": "resting"
    },
    {
      "time": 272.1,
      "tracked_predator_slot": 0,
      "target": 0
    },
    {
      "time": 281.2,
      "tracked_predator_slot": 0,
      "target": "resting"
    },
    {
      "time": 284.7,
      "tracked_predator_slot": 0,
      "target": 0
    },
    {
      "time": 293.8,
      "tracked_predator_slot": 0,
      "target": "resting"
    },
    {
      "time": 297.3,
      "tracked_predator_slot": 0,
      "target": 0
    }
  ],
  "guide_role_trace": [
    {
      "time": 0,
      "active_guide_id": 1
    },
    {
      "time": 7.0,
      "active_guide_id": 2
    },
    {
      "time": 7.5,
      "active_guide_id": 7
    },
    {
      "time": 7.7,
      "active_guide_id": 1
    },
    {
      "time": 7.9,
      "active_guide_id": 8
    },
    {
      "time": 8.0,
      "active_guide_id": 2
    },
    {
      "time": 8.4,
      "active_guide_id": 9
    },
    {
      "time": 8.5,
      "active_guide_id": 8
    },
    {
      "time": 8.6,
      "active_guide_id": 5
    },
    {
      "time": 8.7,
      "active_guide_id": 7
    },
    {
      "time": 8.9,
      "active_guide_id": 1
    },
    {
      "time": 9.2,
      "active_guide_id": 2
    },
    {
      "time": 10.4,
      "active_guide_id": 3
    },
    {
      "time": 10.8,
      "active_guide_id": 4
    },
    {
      "time": 11.9,
      "active_guide_id": 5
    },
    {
      "time": 12.3,
      "active_guide_id": 7
    },
    {
      "time": 12.4,
      "active_guide_id": 1
    },
    {
      "time": 12.5,
      "active_guide_id": 2
    },
    {
      "time": 12.7,
      "active_guide_id": 8
    },
    {
      "time": 12.8,
      "active_guide_id": 9
    },
    {
      "time": 12.9,
      "active_guide_id": 8
    },
    {
      "time": 13.0,
      "active_guide_id": 9
    },
    {
      "time": 13.1,
      "active_guide_id": 6
    },
    {
      "time": 13.5,
      "active_guide_id": 5
    },
    {
      "time": 13.6,
      "active_guide_id": 6
    },
    {
      "time": 17.0,
      "active_guide_id": 5
    },
    {
      "time": 17.8,
      "active_guide_id": 7
    },
    {
      "time": 18.2,
      "active_guide_id": 5
    },
    {
      "time": 18.4,
      "active_guide_id": 8
    },
    {
      "time": 19.4,
      "active_guide_id": 5
    },
    {
      "time": 19.7,
      "active_guide_id": 7
    },
    {
      "time": 20.0,
      "active_guide_id": 5
    },
    {
      "time": 20.4,
      "active_guide_id": 6
    },
    {
      "time": 20.9,
      "active_guide_id": 5
    },
    {
      "time": 21.5,
      "active_guide_id": 9
    },
    {
      "time": 21.6,
      "active_guide_id": 5
    },
    {
      "time": 22.0,
      "active_guide_id": 2
    },
    {
      "time": 22.2,
      "active_guide_id": 9
    },
    {
      "time": 22.3,
      "active_guide_id": 5
    },
    {
      "time": 22.7,
      "active_guide_id": 4
    },
    {
      "time": 23.1,
      "active_guide_id": 2
    },
    {
      "time": 24.2,
      "active_guide_id": 4
    },
    {
      "time": 25.1,
      "active_guide_id": 5
    },
    {
      "time": 29.2,
      "active_guide_id": 2
    },
    {
      "time": 29.4,
      "active_guide_id": 9
    },
    {
      "time": 29.5,
      "active_guide_id": 8
    },
    {
      "time": 29.7,
      "active_guide_id": 7
    },
    {
      "time": 30.2,
      "active_guide_id": 6
    },
    {
      "time": 30.3,
      "active_guide_id": 3
    },
    {
      "time": 30.5,
      "active_guide_id": 9
    },
    {
      "time": 30.6,
      "active_guide_id": 8
    },
    {
      "time": 30.7,
      "active_guide_id": 3
    },
    {
      "time": 30.8,
      "active_guide_id": 5
    },
    {
      "time": 30.9,
      "active_guide_id": 1
    },
    {
      "time": 31.0,
      "active_guide_id": 4
    },
    {
      "time": 31.2,
      "active_guide_id": 2
    },
    {
      "time": 33.7,
      "active_guide_id": 7
    },
    {
      "time": 34.8,
      "active_guide_id": 2
    },
    {
      "time": 35.2,
      "active_guide_id": 5
    },
    {
      "time": 35.3,
      "active_guide_id": 4
    },
    {
      "time": 35.5,
      "active_guide_id": 5
    },
    {
      "time": 35.6,
      "active_guide_id": 4
    },
    {
      "time": 35.7,
      "active_guide_id": 2
    },
    {
      "time": 36.9,
      "active_guide_id": 5
    },
    {
      "time": 37.9,
      "active_guide_id": 4
    },
    {
      "time": 38.1,
      "active_guide_id": 5
    },
    {
      "time": 39.3,
      "active_guide_id": 2
    },
    {
      "time": 39.4,
      "active_guide_id": 4
    },
    {
      "time": 40.5,
      "active_guide_id": 5
    },
    {
      "time": 40.8,
      "active_guide_id": 4
    },
    {
      "time": 41.0,
      "active_guide_id": 9
    },
    {
      "time": 43.7,
      "active_guide_id": 5
    },
    {
      "time": 45.7,
      "active_guide_id": 4
    },
    {
      "time": 47.3,
      "active_guide_id": 9
    },
    {
      "time": 47.4,
      "active_guide_id": 4
    },
    {
      "time": 47.7,
      "active_guide_id": 9
    },
    {
      "time": 48.1,
      "active_guide_id": 7
    },
    {
      "time": 48.3,
      "active_guide_id": 5
    },
    {
      "time": 48.5,
      "active_guide_id": 8
    },
    {
      "time": 48.8,
      "active_guide_id": 5
    },
    {
      "time": 50.6,
      "active_guide_id": 4
    },
    {
      "time": 51.2,
      "active_guide_id": 7
    },
    {
      "time": 51.5,
      "active_guide_id": 4
    },
    {
      "time": 51.7,
      "active_guide_id": 2
    },
    {
      "time": 51.8,
      "active_guide_id": 9
    }
  ],
  "guide_follow_trace": [
    {
      "time": 0.1,
      "active_guide_id": 1,
      "tracked_predator_slot": 0
    },
    {
      "time": 7.1,
      "active_guide_id": 2,
      "tracked_predator_slot": 0
    },
    {
      "time": 9.0,
      "active_guide_id": 1,
      "tracked_predator_slot": 0
    },
    {
      "time": 9.6,
      "active_guide_id": 2,
      "tracked_predator_slot": 0
    },
    {
      "time": 10.7,
      "active_guide_id": 3,
      "tracked_predator_slot": 0
    },
    {
      "time": 10.9,
      "active_guide_id": 4,
      "tracked_predator_slot": 0
    },
    {
      "time": 12.6,
      "active_guide_id": 2,
      "tracked_predator_slot": 0
    },
    {
      "time": 16.6,
      "active_guide_id": 6,
      "tracked_predator_slot": 0
    },
    {
      "time": 17.1,
      "active_guide_id": 5,
      "tracked_predator_slot": 0
    },
    {
      "time": 18.3,
      "active_guide_id": 5,
      "tracked_predator_slot": 0
    },
    {
      "time": 18.5,
      "active_guide_id": 8,
      "tracked_predator_slot": 0
    },
    {
      "time": 19.5,
      "active_guide_id": 5,
      "tracked_predator_slot": 0
    },
    {
      "time": 19.8,
      "active_guide_id": 7,
      "tracked_predator_slot": 0
    },
    {
      "time": 20.1,
      "active_guide_id": 5,
      "tracked_predator_slot": 0
    },
    {
      "time": 20.6,
      "active_guide_id": 6,
      "tracked_predator_slot": 0
    },
    {
      "time": 21.2,
      "active_guide_id": 5,
      "tracked_predator_slot": 0
    },
    {
      "time": 22.1,
      "active_guide_id": 2,
      "tracked_predator_slot": 0
    },
    {
      "time": 23.2,
      "active_guide_id": 2,
      "tracked_predator_slot": 0
    },
    {
      "time": 24.9,
      "active_guide_id": 4,
      "tracked_predator_slot": 0
    },
    {
      "time": 29.8,
      "active_guide_id": 7,
      "tracked_predator_slot": 0
    },
    {
      "time": 32.9,
      "active_guide_id": 2,
      "tracked_predator_slot": 0
    },
    {
      "time": 33.8,
      "active_guide_id": 7,
      "tracked_predator_slot": 0
    },
    {
      "time": 35.4,
      "active_guide_id": 4,
      "tracked_predator_slot": 0
    },
    {
      "time": 37.0,
      "active_guide_id": 5,
      "tracked_predator_slot": 0
    },
    {
      "time": 38.2,
      "active_guide_id": 5,
      "tracked_predator_slot": 0
    },
    {
      "time": 40.3,
      "active_guide_id": 4,
      "tracked_predator_slot": 0
    },
    {
      "time": 40.6,
      "active_guide_id": 5,
      "tracked_predator_slot": 0
    },
    {
      "time": 41.1,
      "active_guide_id": 9,
      "tracked_predator_slot": 0
    },
    {
      "time": 47.0,
      "active_guide_id": 4,
      "tracked_predator_slot": 0
    },
    {
      "time": 48.4,
      "active_guide_id": 5,
      "tracked_predator_slot": 0
    },
    {
      "time": 48.6,
      "active_guide_id": 8,
      "tracked_predator_slot": 0
    },
    {
      "time": 48.9,
      "active_guide_id": 5,
      "tracked_predator_slot": 0
    },
    {
      "time": 51.3,
      "active_guide_id": 7,
      "tracked_predator_slot": 0
    }
  ],
  "guide_role": "child",
  "parent_role": "gather_evade",
  "child_role": "guide",
  "active_guide_id_final": 9,
  "active_guide_alive_final": false,
  "guide_role_ids": [
    1,
    2,
    3,
    4,
    5,
    6,
    7,
    8,
    9
  ],
  "bait_deployed_at": 0.1,
  "policy_bait_ready_final": false,
  "bait_left_after_deployment": null,
  "final_bait_distance_to_goal": 0.0,
  "first_guide_predator_observation": 0.1,
  "first_predator_following_guide": 0.1,
  "first_predator_following_active_guide": null,
  "tracked_seen_by_guide": 1,
  "tracked_followed_active_guide": 0,
  "physical_entered": 1,
  "guided_delivered": 0,
  "physical_losses_after_delivery": 0,
  "target_losses_after_delivery": 0,
  "physical_entry_times": [
    52.6
  ],
  "guided_delivery_times": [
    null
  ],
  "loss_times": [
    null
  ],
  "target_loss_times": [
    null
  ],
  "tail_seconds": 30.0,
  "tail_physical_min": 1,
  "tail_contained_min": 1,
  "final_distance_from_mouth": [
    13.2438
  ],
  "max_distance_after_delivery": [
    0.0
  ],
  "policy_events": [
    {
      "time": 6.9,
      "kind": "emergency_reserve_budget_enabled",
      "observed_distance": 49.7558,
      "blocked_escape_cone": true,
      "close_wall": false,
      "agent_id": 1
    },
    {
      "time": 6.9,
      "kind": "bounded_emergency_reserve_birth",
      "parent_id": 1,
      "request_number": 1,
      "observed_distance": 49.7558
    },
    {
      "time": 7.0,
      "kind": "native_backup_registered",
      "agent_id": 2
    },
    {
      "time": 7.0,
      "kind": "public_dto_active_guide",
      "agent_id": 2,
      "reason": "minimum_observed_predator_distance_hysteresis"
    },
    {
      "time": 7.0,
      "kind": "bounded_emergency_reserve_birth",
      "parent_id": 1,
      "request_number": 2,
      "observed_distance": 51.2051
    },
    {
      "time": 7.1,
      "kind": "native_backup_registered",
      "agent_id": 3
    },
    {
      "time": 7.1,
      "kind": "bounded_emergency_reserve_birth",
      "parent_id": 3,
      "request_number": 3,
      "observed_distance": 49.7241
    },
    {
      "time": 7.2,
      "kind": "native_backup_registered",
      "agent_id": 4
    },
    {
      "time": 7.2,
      "kind": "bounded_emergency_reserve_birth",
      "parent_id": 3,
      "request_number": 4,
      "observed_distance": 53.0108
    },
    {
      "time": 7.3,
      "kind": "native_backup_registered",
      "agent_id": 5
    },
    {
      "time": 7.3,
      "kind": "bounded_emergency_reserve_birth",
      "parent_id": 4,
      "request_number": 5,
      "observed_distance": 70.501
    },
    {
      "time": 7.4,
      "kind": "native_backup_registered",
      "agent_id": 6
    },
    {
      "time": 7.4,
      "kind": "bounded_emergency_reserve_birth",
      "parent_id": 3,
      "request_number": 6,
      "observed_distance": 67.5122
    },
    {
      "time": 7.5,
      "kind": "native_backup_registered",
      "agent_id": 7
    },
    {
      "time": 7.5,
      "kind": "public_dto_active_guide",
      "agent_id": 7,
      "reason": "minimum_observed_predator_distance_hysteresis"
    },
    {
      "time": 7.5,
      "kind": "bounded_emergency_reserve_birth",
      "parent_id": 3,
      "request_number": 7,
      "observed_distance": 64.7828
    },
    {
      "time": 7.6,
      "kind": "native_backup_registered",
      "agent_id": 8
    },
    {
      "time": 7.6,
      "kind": "bounded_emergency_reserve_birth",
      "parent_id": 3,
      "request_number": 8,
      "observed_distance": 61.0285
    },
    {
      "time": 7.7,
      "kind": "native_backup_registered",
      "agent_id": 9
    },
    {
      "time": 7.7,
      "kind": "public_dto_active_guide",
      "agent_id": 1,
      "reason": "minimum_observed_predator_distance_hysteresis"
    },
    {
      "time": 7.9,
      "kind": "public_dto_active_guide",
      "agent_id": 8,
      "reason": "minimum_observed_predator_distance_hysteresis"
    },
    {
      "time": 8.0,
      "kind": "public_dto_active_guide",
      "agent_id": 2,
      "reason": "minimum_observed_predator_distance_hysteresis"
    },
    {
      "time": 8.4,
      "kind": "public_dto_active_guide",
      "agent_id": 9,
      "reason": "minimum_observed_predator_distance_hysteresis"
    },
    {
      "time": 8.5,
      "kind": "public_dto_active_guide",
      "agent_id": 8,
      "reason": "minimum_observed_predator_distance_hysteresis"
    },
    {
      "time": 8.6,
      "kind": "public_dto_active_guide",
      "agent_id": 5,
      "reason": "minimum_observed_predator_distance_hysteresis"
    },
    {
      "time": 8.7,
      "kind": "public_dto_active_guide",
      "agent_id": 7,
      "reason": "minimum_observed_predator_distance_hysteresis"
    },
    {
      "time": 8.9,
      "kind": "public_dto_active_guide",
      "agent_id": 1,
      "reason": "minimum_observed_predator_distance_hysteresis"
    },
    {
      "time": 9.2,
      "kind": "public_dto_active_guide",
      "agent_id": 2,
      "reason": "minimum_observed_predator_distance_hysteresis"
    },
    {
      "time": 10.4,
      "kind": "public_dto_active_guide",
      "agent_id": 3,
      "reason": "minimum_observed_predator_distance_hysteresis"
    },
    {
      "time": 10.8,
      "kind": "public_dto_active_guide",
      "agent_id": 4,
      "reason": "minimum_observed_predator_distance_hysteresis"
    },
    {
      "time": 11.9,
      "kind": "public_dto_active_guide",
      "agent_id": 5,
      "reason": "minimum_observed_predator_distance_hysteresis"
    },
    {
      "time": 12.3,
      "kind": "public_dto_active_guide",
      "agent_id": 7,
      "reason": "minimum_observed_predator_distance_hysteresis"
    },
    {
      "time": 12.4,
      "kind": "public_dto_active_guide",
      "agent_id": 1,
      "reason": "minimum_observed_predator_distance_hysteresis"
    },
    {
      "time": 12.5,
      "kind": "public_dto_active_guide",
      "agent_id": 2,
      "reason": "minimum_observed_predator_distance_hysteresis"
    },
    {
      "time": 12.7,
      "kind": "public_dto_active_guide",
      "agent_id": 8,
      "reason": "minimum_observed_predator_distance_hysteresis"
    },
    {
      "time": 12.8,
      "kind": "public_dto_active_guide",
      "agent_id": 9,
      "reason": "minimum_observed_predator_distance_hysteresis"
    },
    {
      "time": 12.9,
      "kind": "public_dto_active_guide",
      "agent_id": 8,
      "reason": "minimum_observed_predator_distance_hysteresis"
    },
    {
      "time": 13.0,
      "kind": "public_dto_active_guide",
      "agent_id": 9,
      "reason": "minimum_observed_predator_distance_hysteresis"
    },
    {
      "time": 13.1,
      "kind": "public_dto_active_guide",
      "agent_id": 6,
      "reason": "minimum_observed_predator_distance_hysteresis"
    },
    {
      "time": 13.5,
      "kind": "public_dto_active_guide",
      "agent_id": 5,
      "reason": "minimum_observed_predator_distance_hysteresis"
    },
    {
      "time": 13.6,
      "kind": "public_dto_active_guide",
      "agent_id": 6,
      "reason": "minimum_observed_predator_distance_hysteresis"
    },
    {
      "time": 17.0,
      "kind": "public_dto_active_guide",
      "agent_id": 5,
      "reason": "minimum_observed_predator_distance_hysteresis"
    },
    {
      "time": 17.8,
      "kind": "public_dto_active_guide",
      "agent_id": 7,
      "reason": "minimum_observed_predator_distance_hysteresis"
    },
    {
      "time": 18.2,
      "kind": "public_dto_active_guide",
      "agent_id": 5,
      "reason": "minimum_observed_predator_distance_hysteresis"
    },
    {
      "time": 18.4,
      "kind": "public_dto_active_guide",
      "agent_id": 8,
      "reason": "minimum_observed_predator_distance_hysteresis"
    },
    {
      "time": 19.4,
      "kind": "public_dto_active_guide",
      "agent_id": 5,
      "reason": "minimum_observed_predator_distance_hysteresis"
    },
    {
      "time": 19.7,
      "kind": "public_dto_active_guide",
      "agent_id": 7,
      "reason": "minimum_observed_predator_distance_hysteresis"
    },
    {
      "time": 20.0,
      "kind": "public_dto_active_guide",
      "agent_id": 5,
      "reason": "minimum_observed_predator_distance_hysteresis"
    },
    {
      "time": 20.4,
      "kind": "public_dto_active_guide",
      "agent_id": 6,
      "reason": "minimum_observed_predator_distance_hysteresis"
    },
    {
      "time": 20.9,
      "kind": "public_dto_active_guide",
      "agent_id": 5,
      "reason": "minimum_observed_predator_distance_hysteresis"
    },
    {
      "time": 21.5,
      "kind": "public_dto_active_guide",
      "agent_id": 9,
      "reason": "minimum_observed_predator_distance_hysteresis"
    },
    {
      "time": 21.6,
      "kind": "public_dto_active_guide",
      "agent_id": 5,
      "reason": "minimum_observed_predator_distance_hysteresis"
    },
    {
      "time": 22.0,
      "kind": "public_dto_active_guide",
      "agent_id": 2,
      "reason": "minimum_observed_predator_distance_hysteresis"
    },
    {
      "time": 22.2,
      "kind": "public_dto_active_guide",
      "agent_id": 9,
      "reason": "minimum_observed_predator_distance_hysteresis"
    },
    {
      "time": 22.3,
      "kind": "public_dto_active_guide",
      "agent_id": 5,
      "reason": "minimum_observed_predator_distance_hysteresis"
    },
    {
      "time": 22.7,
      "kind": "public_dto_active_guide",
      "agent_id": 4,
      "reason": "minimum_observed_predator_distance_hysteresis"
    },
    {
      "time": 23.1,
      "kind": "public_dto_active_guide",
      "agent_id": 2,
      "reason": "minimum_observed_predator_distance_hysteresis"
    },
    {
      "time": 24.2,
      "kind": "public_dto_active_guide",
      "agent_id": 4,
      "reason": "minimum_observed_predator_distance_hysteresis"
    },
    {
      "time": 25.1,
      "kind": "public_dto_active_guide",
      "agent_id": 5,
      "reason": "minimum_observed_predator_distance_hysteresis"
    },
    {
      "time": 29.2,
      "kind": "public_dto_active_guide",
      "agent_id": 2,
      "reason": "minimum_observed_predator_distance_hysteresis"
    },
    {
      "time": 29.4,
      "kind": "public_dto_active_guide",
      "agent_id": 9,
      "reason": "minimum_observed_predator_distance_hysteresis"
    },
    {
      "time": 29.5,
      "kind": "public_dto_active_guide",
      "agent_id": 8,
      "reason": "minimum_observed_predator_distance_hysteresis"
    },
    {
      "time": 29.7,
      "kind": "public_dto_active_guide",
      "agent_id": 7,
      "reason": "minimum_observed_predator_distance_hysteresis"
    },
    {
      "time": 30.2,
      "kind": "public_dto_active_guide",
      "agent_id": 6,
      "reason": "minimum_observed_predator_distance_hysteresis"
    },
    {
      "time": 30.3,
      "kind": "public_dto_active_guide",
      "agent_id": 3,
      "reason": "minimum_observed_predator_distance_hysteresis"
    },
    {
      "time": 30.5,
      "kind": "public_dto_active_guide",
      "agent_id": 9,
      "reason": "minimum_observed_predator_distance_hysteresis"
    },
    {
      "time": 30.6,
      "kind": "public_dto_active_guide",
      "agent_id": 8,
      "reason": "minimum_observed_predator_distance_hysteresis"
    },
    {
      "time": 30.7,
      "kind": "public_dto_active_guide",
      "agent_id": 3,
      "reason": "minimum_observed_predator_distance_hysteresis"
    },
    {
      "time": 30.8,
      "kind": "public_dto_active_guide",
      "agent_id": 5,
      "reason": "minimum_observed_predator_distance_hysteresis"
    },
    {
      "time": 30.9,
      "kind": "public_dto_active_guide",
      "agent_id": 1,
      "reason": "minimum_observed_predator_distance_hysteresis"
    },
    {
      "time": 31.0,
      "kind": "public_dto_active_guide",
      "agent_id": 4,
      "reason": "minimum_observed_predator_distance_hysteresis"
    },
    {
      "time": 31.2,
      "kind": "public_dto_active_guide",
      "agent_id": 2,
      "reason": "minimum_observed_predator_distance_hysteresis"
    },
    {
      "time": 33.7,
      "kind": "public_dto_active_guide",
      "agent_id": 7,
      "reason": "minimum_observed_predator_distance_hysteresis"
    },
    {
      "time": 34.8,
      "kind": "public_dto_active_guide",
      "agent_id": 2,
      "reason": "minimum_observed_predator_distance_hysteresis"
    },
    {
      "time": 35.2,
      "kind": "public_dto_active_guide",
      "agent_id": 5,
      "reason": "minimum_observed_predator_distance_hysteresis"
    },
    {
      "time": 35.3,
      "kind": "public_dto_active_guide",
      "agent_id": 4,
      "reason": "minimum_observed_predator_distance_hysteresis"
    },
    {
      "time": 35.5,
      "kind": "public_dto_active_guide",
      "agent_id": 5,
      "reason": "minimum_observed_predator_distance_hysteresis"
    },
    {
      "time": 35.6,
      "kind": "public_dto_active_guide",
      "agent_id": 4,
      "reason": "minimum_observed_predator_distance_hysteresis"
    },
    {
      "time": 35.7,
      "kind": "public_dto_active_guide",
      "agent_id": 2,
      "reason": "minimum_observed_predator_distance_hysteresis"
    },
    {
      "time": 36.9,
      "kind": "public_dto_active_guide",
      "agent_id": 5,
      "reason": "minimum_observed_predator_distance_hysteresis"
    },
    {
      "time": 37.9,
      "kind": "public_dto_active_guide",
      "agent_id": 4,
      "reason": "minimum_observed_predator_distance_hysteresis"
    },
    {
      "time": 38.1,
      "kind": "public_dto_active_guide",
      "agent_id": 5,
      "reason": "minimum_observed_predator_distance_hysteresis"
    },
    {
      "time": 39.3,
      "kind": "public_dto_active_guide",
      "agent_id": 2,
      "reason": "minimum_observed_predator_distance_hysteresis"
    },
    {
      "time": 39.4,
      "kind": "public_dto_active_guide",
      "agent_id": 4,
      "reason": "minimum_observed_predator_distance_hysteresis"
    },
    {
      "time": 40.5,
      "kind": "public_dto_active_guide",
      "agent_id": 5,
      "reason": "minimum_observed_predator_distance_hysteresis"
    },
    {
      "time": 40.8,
      "kind": "public_dto_active_guide",
      "agent_id": 4,
      "reason": "minimum_observed_predator_distance_hysteresis"
    },
    {
      "time": 41.0,
      "kind": "public_dto_active_guide",
      "agent_id": 9,
      "reason": "minimum_observed_predator_distance_hysteresis"
    },
    {
      "time": 43.7,
      "kind": "public_dto_active_guide",
      "agent_id": 5,
      "reason": "minimum_observed_predator_distance_hysteresis"
    },
    {
      "time": 45.7,
      "kind": "public_dto_active_guide",
      "agent_id": 4,
      "reason": "minimum_observed_predator_distance_hysteresis"
    },
    {
      "time": 47.3,
      "kind": "public_dto_active_guide",
      "agent_id": 9,
      "reason": "minimum_observed_predator_distance_hysteresis"
    },
    {
      "time": 47.4,
      "kind": "public_dto_active_guide",
      "agent_id": 4,
      "reason": "minimum_observed_predator_distance_hysteresis"
    },
    {
      "time": 47.7,
      "kind": "public_dto_active_guide",
      "agent_id": 9,
      "reason": "minimum_observed_predator_distance_hysteresis"
    },
    {
      "time": 48.1,
      "kind": "public_dto_active_guide",
      "agent_id": 7,
      "reason": "minimum_observed_predator_distance_hysteresis"
    },
    {
      "time": 48.3,
      "kind": "public_dto_active_guide",
      "agent_id": 5,
      "reason": "minimum_observed_predator_distance_hysteresis"
    },
    {
      "time": 48.5,
      "kind": "public_dto_active_guide",
      "agent_id": 8,
      "reason": "minimum_observed_predator_distance_hysteresis"
    },
    {
      "time": 48.8,
      "kind": "public_dto_active_guide",
      "agent_id": 5,
      "reason": "minimum_observed_predator_distance_hysteresis"
    },
    {
      "time": 50.6,
      "kind": "public_dto_active_guide",
      "agent_id": 4,
      "reason": "minimum_observed_predator_distance_hysteresis"
    },
    {
      "time": 51.2,
      "kind": "public_dto_active_guide",
      "agent_id": 7,
      "reason": "minimum_observed_predator_distance_hysteresis"
    },
    {
      "time": 51.5,
      "kind": "public_dto_active_guide",
      "agent_id": 4,
      "reason": "minimum_observed_predator_distance_hysteresis"
    },
    {
      "time": 51.7,
      "kind": "public_dto_active_guide",
      "agent_id": 2,
      "reason": "minimum_observed_predator_distance_hysteresis"
    },
    {
      "time": 51.8,
      "kind": "public_dto_active_guide",
      "agent_id": 9,
      "reason": "minimum_observed_predator_distance_hysteresis"
    }
  ],
  "success": false,
  "replay": "results/simple_chase/replays/real-map-EmergencyGuides-m10320-f20320-p1-direct_guide-sitebait1-e355aafa.json.gz"
}
/home/Ucals/projects/NordicCupAI-wall-funneling/survival-simulator/oscar-trap-research/survival/results/simple_chase/real-map-EmergencyGuides-m10320-f20320-p1-direct_guide-sitebait1-e355aafa.json
