Running as unit: run-p902648-i923276.scope; invocation ID: dbe7e6885c964b1d9a99e257a456a8c1
{"progress": "real-map-EmergencyGuides-m10321-f20321-p1-direct_guide-sitebait1-5e3996af", "time": 10.0, "bait_deployed": 0.1, "policy_bait_ready": false, "encounter": 0.1, "oracle_handoff": null, "children": 0, "active_guide_id": 1, "guide_alive": false, "active_guide_alive": false, "guided_delivered": 1}
{"progress": "real-map-EmergencyGuides-m10321-f20321-p1-direct_guide-sitebait1-5e3996af", "time": 20.0, "bait_deployed": 0.1, "policy_bait_ready": false, "encounter": 0.1, "oracle_handoff": null, "children": 0, "active_guide_id": 1, "guide_alive": false, "active_guide_alive": false, "guided_delivered": 1}
{"progress": "real-map-EmergencyGuides-m10321-f20321-p1-direct_guide-sitebait1-5e3996af", "time": 30.0, "bait_deployed": 0.1, "policy_bait_ready": false, "encounter": 0.1, "oracle_handoff": null, "children": 0, "active_guide_id": 1, "guide_alive": false, "active_guide_alive": false, "guided_delivered": 1}
{"progress": "real-map-EmergencyGuides-m10321-f20321-p1-direct_guide-sitebait1-5e3996af", "time": 40.0, "bait_deployed": 0.1, "policy_bait_ready": false, "encounter": 0.1, "oracle_handoff": null, "children": 0, "active_guide_id": 1, "guide_alive": false, "active_guide_alive": false, "guided_delivered": 1}
{"progress": "real-map-EmergencyGuides-m10321-f20321-p1-direct_guide-sitebait1-5e3996af", "time": 50.0, "bait_deployed": 0.1, "policy_bait_ready": false, "encounter": 0.1, "oracle_handoff": null, "children": 0, "active_guide_id": 1, "guide_alive": false, "active_guide_alive": false, "guided_delivered": 1}
{"progress": "real-map-EmergencyGuides-m10321-f20321-p1-direct_guide-sitebait1-5e3996af", "time": 60.0, "bait_deployed": 0.1, "policy_bait_ready": false, "encounter": 0.1, "oracle_handoff": null, "children": 0, "active_guide_id": 1, "guide_alive": false, "active_guide_alive": false, "guided_delivered": 1}
{"progress": "real-map-EmergencyGuides-m10321-f20321-p1-direct_guide-sitebait1-5e3996af", "time": 70.0, "bait_deployed": 0.1, "policy_bait_ready": false, "encounter": 0.1, "oracle_handoff": null, "children": 0, "active_guide_id": 1, "guide_alive": false, "active_guide_alive": false, "guided_delivered": 1}
{"progress": "real-map-EmergencyGuides-m10321-f20321-p1-direct_guide-sitebait1-5e3996af", "time": 80.0, "bait_deployed": 0.1, "policy_bait_ready": false, "encounter": 0.1, "oracle_handoff": null, "children": 0, "active_guide_id": 1, "guide_alive": false, "active_guide_alive": false, "guided_delivered": 1}
{"progress": "real-map-EmergencyGuides-m10321-f20321-p1-direct_guide-sitebait1-5e3996af", "time": 90.0, "bait_deployed": 0.1, "policy_bait_ready": false, "encounter": 0.1, "oracle_handoff": null, "children": 0, "active_guide_id": 1, "guide_alive": false, "active_guide_alive": false, "guided_delivered": 1}
{"progress": "real-map-EmergencyGuides-m10321-f20321-p1-direct_guide-sitebait1-5e3996af", "time": 100.0, "bait_deployed": 0.1, "policy_bait_ready": false, "encounter": 0.1, "oracle_handoff": null, "children": 0, "active_guide_id": 1, "guide_alive": false, "active_guide_alive": false, "guided_delivered": 1}
{"progress": "real-map-EmergencyGuides-m10321-f20321-p1-direct_guide-sitebait1-5e3996af", "time": 110.0, "bait_deployed": 0.1, "policy_bait_ready": false, "encounter": 0.1, "oracle_handoff": null, "children": 0, "active_guide_id": 1, "guide_alive": false, "active_guide_alive": false, "guided_delivered": 1}
{"progress": "real-map-EmergencyGuides-m10321-f20321-p1-direct_guide-sitebait1-5e3996af", "time": 120.0, "bait_deployed": 0.1, "policy_bait_ready": false, "encounter": 0.1, "oracle_handoff": null, "children": 0, "active_guide_id": 1, "guide_alive": false, "active_guide_alive": false, "guided_delivered": 1}
{"progress": "real-map-EmergencyGuides-m10321-f20321-p1-direct_guide-sitebait1-5e3996af", "time": 130.0, "bait_deployed": 0.1, "policy_bait_ready": false, "encounter": 0.1, "oracle_handoff": null, "children": 0, "active_guide_id": 1, "guide_alive": false, "active_guide_alive": false, "guided_delivered": 1}
{"progress": "real-map-EmergencyGuides-m10321-f20321-p1-direct_guide-sitebait1-5e3996af", "time": 140.0, "bait_deployed": 0.1, "policy_bait_ready": false, "encounter": 0.1, "oracle_handoff": null, "children": 0, "active_guide_id": 1, "guide_alive": false, "active_guide_alive": false, "guided_delivered": 1}
{"progress": "real-map-EmergencyGuides-m10321-f20321-p1-direct_guide-sitebait1-5e3996af", "time": 150.0, "bait_deployed": 0.1, "policy_bait_ready": false, "encounter": 0.1, "oracle_handoff": null, "children": 0, "active_guide_id": 1, "guide_alive": false, "active_guide_alive": false, "guided_delivered": 1}
{"progress": "real-map-EmergencyGuides-m10321-f20321-p1-direct_guide-sitebait1-5e3996af", "time": 160.0, "bait_deployed": 0.1, "policy_bait_ready": false, "encounter": 0.1, "oracle_handoff": null, "children": 0, "active_guide_id": 1, "guide_alive": false, "active_guide_alive": false, "guided_delivered": 1}
{"progress": "real-map-EmergencyGuides-m10321-f20321-p1-direct_guide-sitebait1-5e3996af", "time": 170.0, "bait_deployed": 0.1, "policy_bait_ready": false, "encounter": 0.1, "oracle_handoff": null, "children": 0, "active_guide_id": 1, "guide_alive": false, "active_guide_alive": false, "guided_delivered": 1}
{"progress": "real-map-EmergencyGuides-m10321-f20321-p1-direct_guide-sitebait1-5e3996af", "time": 180.0, "bait_deployed": 0.1, "policy_bait_ready": false, "encounter": 0.1, "oracle_handoff": null, "children": 0, "active_guide_id": 1, "guide_alive": false, "active_guide_alive": false, "guided_delivered": 1}
{"progress": "real-map-EmergencyGuides-m10321-f20321-p1-direct_guide-sitebait1-5e3996af", "time": 190.0, "bait_deployed": 0.1, "policy_bait_ready": false, "encounter": 0.1, "oracle_handoff": null, "children": 0, "active_guide_id": 1, "guide_alive": false, "active_guide_alive": false, "guided_delivered": 1}
{"progress": "real-map-EmergencyGuides-m10321-f20321-p1-direct_guide-sitebait1-5e3996af", "time": 200.0, "bait_deployed": 0.1, "policy_bait_ready": false, "encounter": 0.1, "oracle_handoff": null, "children": 0, "active_guide_id": 1, "guide_alive": false, "active_guide_alive": false, "guided_delivered": 1}
{"progress": "real-map-EmergencyGuides-m10321-f20321-p1-direct_guide-sitebait1-5e3996af", "time": 210.0, "bait_deployed": 0.1, "policy_bait_ready": false, "encounter": 0.1, "oracle_handoff": null, "children": 0, "active_guide_id": 1, "guide_alive": false, "active_guide_alive": false, "guided_delivered": 1}
{"progress": "real-map-EmergencyGuides-m10321-f20321-p1-direct_guide-sitebait1-5e3996af", "time": 220.0, "bait_deployed": 0.1, "policy_bait_ready": false, "encounter": 0.1, "oracle_handoff": null, "children": 0, "active_guide_id": 1, "guide_alive": false, "active_guide_alive": false, "guided_delivered": 1}
{"progress": "real-map-EmergencyGuides-m10321-f20321-p1-direct_guide-sitebait1-5e3996af", "time": 230.0, "bait_deployed": 0.1, "policy_bait_ready": false, "encounter": 0.1, "oracle_handoff": null, "children": 0, "active_guide_id": 1, "guide_alive": false, "active_guide_alive": false, "guided_delivered": 1}
{"progress": "real-map-EmergencyGuides-m10321-f20321-p1-direct_guide-sitebait1-5e3996af", "time": 240.0, "bait_deployed": 0.1, "policy_bait_ready": false, "encounter": 0.1, "oracle_handoff": null, "children": 0, "active_guide_id": 1, "guide_alive": false, "active_guide_alive": false, "guided_delivered": 1}
{"progress": "real-map-EmergencyGuides-m10321-f20321-p1-direct_guide-sitebait1-5e3996af", "time": 250.0, "bait_deployed": 0.1, "policy_bait_ready": false, "encounter": 0.1, "oracle_handoff": null, "children": 0, "active_guide_id": 1, "guide_alive": false, "active_guide_alive": false, "guided_delivered": 1}
{"progress": "real-map-EmergencyGuides-m10321-f20321-p1-direct_guide-sitebait1-5e3996af", "time": 260.0, "bait_deployed": 0.1, "policy_bait_ready": false, "encounter": 0.1, "oracle_handoff": null, "children": 0, "active_guide_id": 1, "guide_alive": false, "active_guide_alive": false, "guided_delivered": 1}
{"progress": "real-map-EmergencyGuides-m10321-f20321-p1-direct_guide-sitebait1-5e3996af", "time": 270.0, "bait_deployed": 0.1, "policy_bait_ready": false, "encounter": 0.1, "oracle_handoff": null, "children": 0, "active_guide_id": 1, "guide_alive": false, "active_guide_alive": false, "guided_delivered": 1}
{"progress": "real-map-EmergencyGuides-m10321-f20321-p1-direct_guide-sitebait1-5e3996af", "time": 280.0, "bait_deployed": 0.1, "policy_bait_ready": false, "encounter": 0.1, "oracle_handoff": null, "children": 0, "active_guide_id": 1, "guide_alive": false, "active_guide_alive": false, "guided_delivered": 1}
{"progress": "real-map-EmergencyGuides-m10321-f20321-p1-direct_guide-sitebait1-5e3996af", "time": 290.0, "bait_deployed": 0.1, "policy_bait_ready": false, "encounter": 0.1, "oracle_handoff": null, "children": 0, "active_guide_id": 1, "guide_alive": false, "active_guide_alive": false, "guided_delivered": 1}
{"progress": "real-map-EmergencyGuides-m10321-f20321-p1-direct_guide-sitebait1-5e3996af", "time": 300.0, "bait_deployed": 0.1, "policy_bait_ready": false, "encounter": 0.1, "oracle_handoff": null, "children": 0, "active_guide_id": 1, "guide_alive": false, "active_guide_alive": false, "guided_delivered": 1}
{"viewer_manifest_refresh": {"status": "deferred", "reason": "bounded-memory runs defer full-replay viewer processing"}}
{
  "schema": "real-map-intake-result-v2",
  "policy": "integrated_guide.policy_v27:EmergencyGuides",
  "policy_hash": "b786cab54310e7e1c2d2fa370f5c59b5697bdddcad4ef2940a9e6b0443aac6dd",
  "harness_hashes": {
    "research/simple_chase/run_streaming_v2.py": "837e02b05d1ba3af71df0949cb30beb18a8b2844f090f8b383c692192c52719a",
    "research/simple_chase/sampling.py": "1efb7d309c4cc79bc87916c1bea72a7845e78d0c2cdf0aeaf9e2a758ceed48ab",
    "research/simple_chase/static_map.py": "197b16cbe9dd2e3dd06b81fe9481986a97bd92d9c2a55f33597cc9b7280faf3c",
    "debugger/streaming_recorder_v2.py": "d5ecda6bb39ec74a9ad86fb20458df5de7f466d73052558af9e2877be3d99b19"
  },
  "mode": "direct_guide",
  "map_seed": 10321,
  "fixture_seed": 20321,
  "static_map_hash": "a8e4b642c0b1ab0f16a1a08a56797c5052c088cda4caef3b5179f2267e5f3db3",
  "site": {
    "mouth": [
      806.706,
      821.5307
    ],
    "inward": [
      0.0,
      1.0
    ],
    "cross": [
      -1.0,
      0.0
    ],
    "goal": [
      806.706,
      826.5307
    ],
    "far": [
      806.706,
      696.5307
    ],
    "hold": [
      806.706,
      746.5307
    ],
    "gap": 15.0777,
    "overlap": 56.8056,
    "runup": [
      806.706,
      571.5307
    ],
    "approach_lane_offset": 0.0,
    "offset_approach": false,
    "obstacle_indices": [
      4,
      70
    ],
    "axis": 0,
    "other_mouth": [
      806.706,
      878.3363
    ],
    "replacement_entry": [
      806.706,
      898.3363
    ],
    "second_access_clear": true,
    "second_access_radius": 5.01,
    "bait_depth": 5.0,
    "boundary_indices": [],
    "geometric_replacement_access_only": true
  },
  "station_bait": true,
  "requested_seconds": 300.0,
  "seconds": 300.0,
  "reason": "horizon",
  "native_render": true,
  "reproduction_of": null,
  "record_every_ticks": 1,
  "replay_frames": 3001,
  "initial_predators": 1,
  "final_predators_total": 3,
  "tracked_predators_present_final": 1,
  "ambient_predators_spawned": 2,
  "ambient_predators_present_final": 2,
  "agent_energy_refilled": true,
  "predator_state_native": false,
  "predator_dynamics_native_after_setup": true,
  "arranged_adjacent_awake_start": true,
  "bait_id": 0,
  "guide_id": 1,
  "bait_alive": true,
  "guide_alive": false,
  "deaths": [
    {
      "time": 5.0,
      "agent_id": 1,
      "role": "parent_guide"
    }
  ],
  "spawn_requests": [],
  "child_births": [],
  "fruit_consumptions": [],
  "parent_fruit_consumed_before_tracked_encounter": 0,
  "tracked_encounter_times": [
    0.1
  ],
  "conditional_delivery_denominator": true,
  "conditional_delivery_status": "not_applicable",
  "setup_oracle": false,
  "setup_oracle_target": null,
  "setup_oracle_ticks": 0,
  "setup_oracle_routing": null,
  "setup_oracle_route_resets": 0,
  "setup_oracle_policy_reset_before_handoff_act": false,
  "setup_oracle_handoff_time": null,
  "dynamic_action_privilege_ended_at": null,
  "target_switches": [
    {
      "time": 0.1,
      "tracked_predator_slot": 0,
      "target": 1
    },
    {
      "time": 5.0,
      "tracked_predator_slot": 0,
      "target": 0
    },
    {
      "time": 18.1,
      "tracked_predator_slot": 0,
      "target": "resting"
    },
    {
      "time": 21.6,
      "tracked_predator_slot": 0,
      "target": 0
    },
    {
      "time": 30.7,
      "tracked_predator_slot": 0,
      "target": "resting"
    },
    {
      "time": 34.2,
      "tracked_predator_slot": 0,
      "target": 0
    },
    {
      "time": 43.6,
      "tracked_predator_slot": 0,
      "target": "resting"
    },
    {
      "time": 47.1,
      "tracked_predator_slot": 0,
      "target": 0
    },
    {
      "time": 56.2,
      "tracked_predator_slot": 0,
      "target": "resting"
    },
    {
      "time": 59.7,
      "tracked_predator_slot": 0,
      "target": 0
    },
    {
      "time": 69.1,
      "tracked_predator_slot": 0,
      "target": "resting"
    },
    {
      "time": 72.6,
      "tracked_predator_slot": 0,
      "target": 0
    },
    {
      "time": 82.0,
      "tracked_predator_slot": 0,
      "target": "resting"
    },
    {
      "time": 85.5,
      "tracked_predator_slot": 0,
      "target": 0
    },
    {
      "time": 94.6,
      "tracked_predator_slot": 0,
      "target": "resting"
    },
    {
      "time": 98.1,
      "tracked_predator_slot": 0,
      "target": 0
    },
    {
      "time": 107.2,
      "tracked_predator_slot": 0,
      "target": "resting"
    },
    {
      "time": 110.7,
      "tracked_predator_slot": 0,
      "target": 0
    },
    {
      "time": 120.1,
      "tracked_predator_slot": 0,
      "target": "resting"
    },
    {
      "time": 123.6,
      "tracked_predator_slot": 0,
      "target": 0
    },
    {
      "time": 132.7,
      "tracked_predator_slot": 0,
      "target": "resting"
    },
    {
      "time": 136.2,
      "tracked_predator_slot": 0,
      "target": 0
    },
    {
      "time": 145.6,
      "tracked_predator_slot": 0,
      "target": "resting"
    },
    {
      "time": 149.1,
      "tracked_predator_slot": 0,
      "target": 0
    },
    {
      "time": 158.5,
      "tracked_predator_slot": 0,
      "target": "resting"
    },
    {
      "time": 162.0,
      "tracked_predator_slot": 0,
      "target": 0
    },
    {
      "time": 171.1,
      "tracked_predator_slot": 0,
      "target": "resting"
    },
    {
      "time": 174.6,
      "tracked_predator_slot": 0,
      "target": 0
    },
    {
      "time": 184.0,
      "tracked_predator_slot": 0,
      "target": "resting"
    },
    {
      "time": 187.5,
      "tracked_predator_slot": 0,
      "target": 0
    },
    {
      "time": 196.6,
      "tracked_predator_slot": 0,
      "target": "resting"
    },
    {
      "time": 200.1,
      "tracked_predator_slot": 0,
      "target": 0
    },
    {
      "time": 209.5,
      "tracked_predator_slot": 0,
      "target": "resting"
    },
    {
      "time": 213.0,
      "tracked_predator_slot": 0,
      "target": 0
    },
    {
      "time": 222.1,
      "tracked_predator_slot": 0,
      "target": "resting"
    },
    {
      "time": 225.6,
      "tracked_predator_slot": 0,
      "target": 0
    },
    {
      "time": 235.0,
      "tracked_predator_slot": 0,
      "target": "resting"
    },
    {
      "time": 238.5,
      "tracked_predator_slot": 0,
      "target": 0
    },
    {
      "time": 247.6,
      "tracked_predator_slot": 0,
      "target": "resting"
    },
    {
      "time": 251.1,
      "tracked_predator_slot": 0,
      "target": 0
    },
    {
      "time": 260.5,
      "tracked_predator_slot": 0,
      "target": "resting"
    },
    {
      "time": 264.0,
      "tracked_predator_slot": 0,
      "target": 0
    },
    {
      "time": 273.1,
      "tracked_predator_slot": 0,
      "target": "resting"
    },
    {
      "time": 276.6,
      "tracked_predator_slot": 0,
      "target": 0
    },
    {
      "time": 286.0,
      "tracked_predator_slot": 0,
      "target": "resting"
    },
    {
      "time": 289.5,
      "tracked_predator_slot": 0,
      "target": 0
    },
    {
      "time": 298.9,
      "tracked_predator_slot": 0,
      "target": "resting"
    }
  ],
  "guide_role_trace": [
    {
      "time": 0,
      "active_guide_id": 1
    }
  ],
  "guide_follow_trace": [
    {
      "time": 0.1,
      "active_guide_id": 1,
      "tracked_predator_slot": 0
    }
  ],
  "guide_role": "parent",
  "parent_role": "guide",
  "child_role": "gather_evade",
  "active_guide_id_final": 1,
  "active_guide_alive_final": false,
  "guide_role_ids": [
    1
  ],
  "bait_deployed_at": 0.1,
  "policy_bait_ready_final": false,
  "bait_left_after_deployment": null,
  "final_bait_distance_to_goal": 0.0,
  "first_guide_predator_observation": 0.1,
  "first_predator_following_guide": 0.1,
  "first_predator_following_active_guide": 0.1,
  "tracked_seen_by_guide": 1,
  "tracked_followed_active_guide": 1,
  "physical_entered": 1,
  "guided_delivered": 1,
  "physical_losses_after_delivery": 0,
  "target_losses_after_delivery": 0,
  "physical_entry_times": [
    5.2
  ],
  "guided_delivery_times": [
    5.2
  ],
  "loss_times": [
    null
  ],
  "target_loss_times": [
    null
  ],
  "tail_seconds": 30.0,
  "tail_physical_min": 1,
  "tail_contained_min": 1,
  "final_distance_from_mouth": [
    11.6841
  ],
  "max_distance_after_delivery": [
    18.88
  ],
  "policy_events": [],
  "success": true,
  "replay": "results/simple_chase/replays/real-map-EmergencyGuides-m10321-f20321-p1-direct_guide-sitebait1-5e3996af.json.gz"
}
/home/Ucals/projects/NordicCupAI-wall-funneling/survival-simulator/oscar-trap-research/survival/results/simple_chase/real-map-EmergencyGuides-m10321-f20321-p1-direct_guide-sitebait1-5e3996af.json
