Running as unit: run-p947214-i919137.scope; invocation ID: cf3c01b8763640c4b7dab5d66493e9e6
{"progress": "real-map-EmergencyGuides-m10335-f20335-p1-direct_guide-sitebait1-27f39575", "time": 10.0, "bait_deployed": 0.1, "policy_bait_ready": false, "encounter": 0.1, "oracle_handoff": null, "children": 8, "active_guide_id": 3, "guide_alive": true, "active_guide_alive": true, "guided_delivered": 0}
{"progress": "real-map-EmergencyGuides-m10335-f20335-p1-direct_guide-sitebait1-27f39575", "time": 20.0, "bait_deployed": 0.1, "policy_bait_ready": false, "encounter": 0.1, "oracle_handoff": null, "children": 8, "active_guide_id": 3, "guide_alive": true, "active_guide_alive": true, "guided_delivered": 0}
{"progress": "real-map-EmergencyGuides-m10335-f20335-p1-direct_guide-sitebait1-27f39575", "time": 30.0, "bait_deployed": 0.1, "policy_bait_ready": false, "encounter": 0.1, "oracle_handoff": null, "children": 8, "active_guide_id": 4, "guide_alive": true, "active_guide_alive": true, "guided_delivered": 0}
{"progress": "real-map-EmergencyGuides-m10335-f20335-p1-direct_guide-sitebait1-27f39575", "time": 40.0, "bait_deployed": 0.1, "policy_bait_ready": false, "encounter": 0.1, "oracle_handoff": null, "children": 8, "active_guide_id": 4, "guide_alive": true, "active_guide_alive": true, "guided_delivered": 0}
{"progress": "real-map-EmergencyGuides-m10335-f20335-p1-direct_guide-sitebait1-27f39575", "time": 50.0, "bait_deployed": 0.1, "policy_bait_ready": false, "encounter": 0.1, "oracle_handoff": null, "children": 8, "active_guide_id": 4, "guide_alive": true, "active_guide_alive": true, "guided_delivered": 0}
{"progress": "real-map-EmergencyGuides-m10335-f20335-p1-direct_guide-sitebait1-27f39575", "time": 60.0, "bait_deployed": 0.1, "policy_bait_ready": false, "encounter": 0.1, "oracle_handoff": null, "children": 8, "active_guide_id": 4, "guide_alive": true, "active_guide_alive": true, "guided_delivered": 0}
{"viewer_manifest_refresh": {"status": "deferred", "reason": "bounded-memory runs defer full-replay viewer processing"}}
{
  "schema": "real-map-intake-result-v2",
  "policy": "integrated_guide.policy_v27:EmergencyGuides",
  "policy_hash": "b786cab54310e7e1c2d2fa370f5c59b5697bdddcad4ef2940a9e6b0443aac6dd",
  "harness_hashes": {
    "research/simple_chase/run_streaming_v2.py": "837e02b05d1ba3af71df0949cb30beb18a8b2844f090f8b383c692192c52719a",
    "research/simple_chase/sampling.py": "1efb7d309c4cc79bc87916c1bea72a7845e78d0c2cdf0aeaf9e2a758ceed48ab",
    "research/simple_chase/static_map.py": "197b16cbe9dd2e3dd06b81fe9481986a97bd92d9c2a55f33597cc9b7280faf3c",
    "debugger/streaming_recorder_v2.py": "d5ecda6bb39ec74a9ad86fb20458df5de7f466d73052558af9e2877be3d99b19"
  },
  "mode": "direct_guide",
  "map_seed": 10335,
  "fixture_seed": 20335,
  "static_map_hash": "da6c33621ce684f5ca2287127802e0a4e7248c9624a2d4960ea51c00a39de047",
  "site": {
    "mouth": [
      364.6075,
      951.6258
    ],
    "inward": [
      1.0,
      0.0
    ],
    "cross": [
      -0.0,
      1.0
    ],
    "goal": [
      369.6075,
      951.6258
    ],
    "far": [
      239.6075,
      951.6258
    ],
    "hold": [
      289.6075,
      951.6258
    ],
    "gap": 10.5661,
    "overlap": 86.4506,
    "runup": [
      219.6075,
      951.6258
    ],
    "approach_lane_offset": 0.0,
    "offset_approach": false,
    "obstacle_indices": [
      23,
      68
    ],
    "axis": 1,
    "other_mouth": [
      451.0581,
      951.6258
    ],
    "replacement_entry": [
      471.0581,
      951.6258
    ],
    "second_access_clear": true,
    "second_access_radius": 5.01,
    "bait_depth": 5.0,
    "boundary_indices": [],
    "geometric_replacement_access_only": true
  },
  "station_bait": true,
  "requested_seconds": 300.0,
  "seconds": 60.9,
  "reason": "stop sentinel",
  "native_render": true,
  "reproduction_of": null,
  "record_every_ticks": 1,
  "replay_frames": 610,
  "initial_predators": 1,
  "final_predators_total": 1,
  "tracked_predators_present_final": 1,
  "ambient_predators_spawned": 0,
  "ambient_predators_present_final": 0,
  "agent_energy_refilled": true,
  "predator_state_native": false,
  "predator_dynamics_native_after_setup": true,
  "arranged_adjacent_awake_start": true,
  "bait_id": 0,
  "guide_id": 1,
  "bait_alive": true,
  "guide_alive": true,
  "deaths": [
    {
      "time": 0.7,
      "agent_id": 7,
      "role": "native_child"
    },
    {
      "time": 0.8,
      "agent_id": 8,
      "role": "native_child"
    },
    {
      "time": 1.1,
      "agent_id": 6,
      "role": "native_child"
    },
    {
      "time": 1.2,
      "agent_id": 5,
      "role": "native_child"
    }
  ],
  "spawn_requests": [
    {
      "time": 0.1,
      "parent_id": 1
    },
    {
      "time": 0.2,
      "parent_id": 2
    },
    {
      "time": 0.3,
      "parent_id": 3
    },
    {
      "time": 0.4,
      "parent_id": 4
    },
    {
      "time": 0.5,
      "parent_id": 5
    },
    {
      "time": 0.6,
      "parent_id": 6
    },
    {
      "time": 0.7,
      "parent_id": 2
    },
    {
      "time": 0.8,
      "parent_id": 2
    }
  ],
  "child_births": [
    {
      "time": 0.1,
      "child_id": 2,
      "x": 1544.777,
      "y": 56.0787,
      "requesting_parent_ids": [
        1
      ],
      "native_parent_proximity_spawn": true
    },
    {
      "time": 0.2,
      "child_id": 3,
      "x": 1548.6039,
      "y": 65.3175,
      "requesting_parent_ids": [
        2
      ],
      "native_parent_proximity_spawn": true
    },
    {
      "time": 0.3,
      "child_id": 4,
      "x": 1556.0305,
      "y": 72.0141,
      "requesting_parent_ids": [
        3
      ],
      "native_parent_proximity_spawn": true
    },
    {
      "time": 0.4,
      "child_id": 5,
      "x": 1546.7917,
      "y": 75.841,
      "requesting_parent_ids": [
        4
      ],
      "native_parent_proximity_spawn": true
    },
    {
      "time": 0.5,
      "child_id": 6,
      "x": 1546.7917,
      "y": 81.5048,
      "requesting_parent_ids": [
        5
      ],
      "native_parent_proximity_spawn": true
    },
    {
      "time": 0.6,
      "child_id": 7,
      "x": 1536.9705,
      "y": 83.1401,
      "requesting_parent_ids": [
        6
      ],
      "native_parent_proximity_spawn": true
    },
    {
      "time": 0.7,
      "child_id": 8,
      "x": 1528.2138,
      "y": 70.6945,
      "requesting_parent_ids": [
        2
      ],
      "native_parent_proximity_spawn": true
    },
    {
      "time": 0.8,
      "child_id": 9,
      "x": 1500.4198,
      "y": 71.0883,
      "requesting_parent_ids": [
        2
      ],
      "native_parent_proximity_spawn": true
    }
  ],
  "fruit_consumptions": [
    {
      "time": 6.2,
      "agent_id": 2,
      "x": 1216.7713,
      "y": 175.8487
    },
    {
      "time": 8.8,
      "agent_id": 1,
      "x": 1052.013,
      "y": 262.5876
    },
    {
      "time": 14.8,
      "agent_id": 1,
      "x": 787.8656,
      "y": 468.7294
    },
    {
      "time": 33.2,
      "agent_id": 2,
      "x": 295.7472,
      "y": 883.5991
    },
    {
      "time": 34.8,
      "agent_id": 1,
      "x": 535.5601,
      "y": 816.2541
    },
    {
      "time": 36.4,
      "agent_id": 3,
      "x": 259.7368,
      "y": 1069.7329
    },
    {
      "time": 37.1,
      "agent_id": 3,
      "x": 395.0122,
      "y": 1063.5993
    },
    {
      "time": 38.2,
      "agent_id": 3,
      "x": 615.2819,
      "y": 1051.3928
    }
  ],
  "parent_fruit_consumed_before_tracked_encounter": 0,
  "tracked_encounter_times": [
    0.1
  ],
  "conditional_delivery_denominator": true,
  "conditional_delivery_status": "not_applicable",
  "setup_oracle": false,
  "setup_oracle_target": null,
  "setup_oracle_ticks": 0,
  "setup_oracle_routing": null,
  "setup_oracle_route_resets": 0,
  "setup_oracle_policy_reset_before_handoff_act": false,
  "setup_oracle_handoff_time": null,
  "dynamic_action_privilege_ended_at": null,
  "target_switches": [
    {
      "time": 0.1,
      "tracked_predator_slot": 0,
      "target": 1
    },
    {
      "time": 0.7,
      "tracked_predator_slot": 0,
      "target": 6
    },
    {
      "time": 1.1,
      "tracked_predator_slot": 0,
      "target": 5
    },
    {
      "time": 1.2,
      "tracked_predator_slot": 0,
      "target": null
    },
    {
      "time": 1.4,
      "tracked_predator_slot": 0,
      "target": 2
    },
    {
      "time": 1.6,
      "tracked_predator_slot": 0,
      "target": 4
    },
    {
      "time": 1.7,
      "tracked_predator_slot": 0,
      "target": 9
    },
    {
      "time": 1.8,
      "tracked_predator_slot": 0,
      "target": 3
    },
    {
      "time": 1.9,
      "tracked_predator_slot": 0,
      "target": 9
    },
    {
      "time": 2.0,
      "tracked_predator_slot": 0,
      "target": 2
    },
    {
      "time": 2.5,
      "tracked_predator_slot": 0,
      "target": 3
    },
    {
      "time": 3.6,
      "tracked_predator_slot": 0,
      "target": 9
    },
    {
      "time": 3.9,
      "tracked_predator_slot": 0,
      "target": 3
    },
    {
      "time": 4.0,
      "tracked_predator_slot": 0,
      "target": 9
    },
    {
      "time": 4.1,
      "tracked_predator_slot": 0,
      "target": 2
    },
    {
      "time": 4.3,
      "tracked_predator_slot": 0,
      "target": 9
    },
    {
      "time": 4.4,
      "tracked_predator_slot": 0,
      "target": 2
    },
    {
      "time": 4.5,
      "tracked_predator_slot": 0,
      "target": 9
    },
    {
      "time": 6.2,
      "tracked_predator_slot": 0,
      "target": 3
    },
    {
      "time": 6.4,
      "tracked_predator_slot": 0,
      "target": 9
    },
    {
      "time": 6.6,
      "tracked_predator_slot": 0,
      "target": 3
    },
    {
      "time": 6.9,
      "tracked_predator_slot": 0,
      "target": 1
    },
    {
      "time": 7.0,
      "tracked_predator_slot": 0,
      "target": 3
    },
    {
      "time": 7.1,
      "tracked_predator_slot": 0,
      "target": 9
    },
    {
      "time": 7.7,
      "tracked_predator_slot": 0,
      "target": 3
    },
    {
      "time": 7.9,
      "tracked_predator_slot": 0,
      "target": 9
    },
    {
      "time": 8.0,
      "tracked_predator_slot": 0,
      "target": 1
    },
    {
      "time": 8.1,
      "tracked_predator_slot": 0,
      "target": 9
    },
    {
      "time": 8.2,
      "tracked_predator_slot": 0,
      "target": 1
    },
    {
      "time": 8.3,
      "tracked_predator_slot": 0,
      "target": 9
    },
    {
      "time": 8.4,
      "tracked_predator_slot": 0,
      "target": 3
    },
    {
      "time": 8.5,
      "tracked_predator_slot": 0,
      "target": 1
    },
    {
      "time": 8.7,
      "tracked_predator_slot": 0,
      "target": 3
    },
    {
      "time": 8.8,
      "tracked_predator_slot": 0,
      "target": 9
    },
    {
      "time": 9.0,
      "tracked_predator_slot": 0,
      "target": 1
    },
    {
      "time": 9.1,
      "tracked_predator_slot": 0,
      "target": 9
    },
    {
      "time": 9.2,
      "tracked_predator_slot": 0,
      "target": 1
    },
    {
      "time": 9.3,
      "tracked_predator_slot": 0,
      "target": 9
    },
    {
      "time": 9.4,
      "tracked_predator_slot": 0,
      "target": 1
    },
    {
      "time": 9.5,
      "tracked_predator_slot": 0,
      "target": 2
    },
    {
      "time": 9.6,
      "tracked_predator_slot": 0,
      "target": 1
    },
    {
      "time": 9.7,
      "tracked_predator_slot": 0,
      "target": 3
    },
    {
      "time": 9.8,
      "tracked_predator_slot": 0,
      "target": 9
    },
    {
      "time": 9.9,
      "tracked_predator_slot": 0,
      "target": 1
    },
    {
      "time": 10.0,
      "tracked_predator_slot": 0,
      "target": 2
    },
    {
      "time": 10.1,
      "tracked_predator_slot": 0,
      "target": 1
    },
    {
      "time": 10.2,
      "tracked_predator_slot": 0,
      "target": 9
    },
    {
      "time": 10.3,
      "tracked_predator_slot": 0,
      "target": 2
    },
    {
      "time": 10.6,
      "tracked_predator_slot": 0,
      "target": 9
    },
    {
      "time": 10.7,
      "tracked_predator_slot": 0,
      "target": 2
    },
    {
      "time": 10.8,
      "tracked_predator_slot": 0,
      "target": 3
    },
    {
      "time": 10.9,
      "tracked_predator_slot": 0,
      "target": 2
    },
    {
      "time": 11.0,
      "tracked_predator_slot": 0,
      "target": 9
    },
    {
      "time": 11.1,
      "tracked_predator_slot": 0,
      "target": 2
    },
    {
      "time": 11.2,
      "tracked_predator_slot": 0,
      "target": 9
    },
    {
      "time": 11.3,
      "tracked_predator_slot": 0,
      "target": 1
    },
    {
      "time": 11.5,
      "tracked_predator_slot": 0,
      "target": 2
    },
    {
      "time": 11.6,
      "tracked_predator_slot": 0,
      "target": 9
    },
    {
      "time": 11.7,
      "tracked_predator_slot": 0,
      "target": 2
    },
    {
      "time": 11.8,
      "tracked_predator_slot": 0,
      "target": 1
    },
    {
      "time": 11.9,
      "tracked_predator_slot": 0,
      "target": 3
    },
    {
      "time": 12.0,
      "tracked_predator_slot": 0,
      "target": 9
    },
    {
      "time": 12.1,
      "tracked_predator_slot": 0,
      "target": 3
    },
    {
      "time": 12.2,
      "tracked_predator_slot": 0,
      "target": 2
    },
    {
      "time": 12.3,
      "tracked_predator_slot": 0,
      "target": 9
    },
    {
      "time": 12.4,
      "tracked_predator_slot": 0,
      "target": 2
    },
    {
      "time": 12.5,
      "tracked_predator_slot": 0,
      "target": 9
    },
    {
      "time": 12.6,
      "tracked_predator_slot": 0,
      "target": 3
    },
    {
      "time": 12.7,
      "tracked_predator_slot": 0,
      "target": 2
    },
    {
      "time": 12.8,
      "tracked_predator_slot": 0,
      "target": 9
    },
    {
      "time": 12.9,
      "tracked_predator_slot": 0,
      "target": 1
    },
    {
      "time": 13.0,
      "tracked_predator_slot": 0,
      "target": 2
    },
    {
      "time": 13.1,
      "tracked_predator_slot": 0,
      "target": 1
    },
    {
      "time": 13.3,
      "tracked_predator_slot": 0,
      "target": 3
    },
    {
      "time": 13.4,
      "tracked_predator_slot": 0,
      "target": 9
    },
    {
      "time": 13.6,
      "tracked_predator_slot": 0,
      "target": 3
    },
    {
      "time": 13.7,
      "tracked_predator_slot": 0,
      "target": 1
    },
    {
      "time": 13.8,
      "tracked_predator_slot": 0,
      "target": 2
    },
    {
      "time": 13.9,
      "tracked_predator_slot": 0,
      "target": 9
    },
    {
      "time": 14.0,
      "tracked_predator_slot": 0,
      "target": 2
    },
    {
      "time": 14.1,
      "tracked_predator_slot": 0,
      "target": 1
    },
    {
      "time": 14.2,
      "tracked_predator_slot": 0,
      "target": 3
    },
    {
      "time": 14.3,
      "tracked_predator_slot": 0,
      "target": 9
    },
    {
      "time": 14.4,
      "tracked_predator_slot": 0,
      "target": 1
    },
    {
      "time": 14.5,
      "tracked_predator_slot": 0,
      "target": "resting"
    },
    {
      "time": 18.0,
      "tracked_predator_slot": 0,
      "target": 3
    },
    {
      "time": 18.2,
      "tracked_predator_slot": 0,
      "target": 2
    },
    {
      "time": 18.3,
      "tracked_predator_slot": 0,
      "target": 1
    },
    {
      "time": 18.4,
      "tracked_predator_slot": 0,
      "target": 9
    },
    {
      "time": 18.6,
      "tracked_predator_slot": 0,
      "target": 1
    },
    {
      "time": 18.7,
      "tracked_predator_slot": 0,
      "target": 3
    },
    {
      "time": 18.8,
      "tracked_predator_slot": 0,
      "target": 1
    },
    {
      "time": 19.3,
      "tracked_predator_slot": 0,
      "target": 2
    },
    {
      "time": 20.3,
      "tracked_predator_slot": 0,
      "target": 9
    },
    {
      "time": 20.6,
      "tracked_predator_slot": 0,
      "target": 1
    },
    {
      "time": 20.7,
      "tracked_predator_slot": 0,
      "target": 9
    },
    {
      "time": 20.8,
      "tracked_predator_slot": 0,
      "target": 4
    },
    {
      "time": 20.9,
      "tracked_predator_slot": 0,
      "target": 1
    },
    {
      "time": 21.1,
      "tracked_predator_slot": 0,
      "target": 2
    },
    {
      "time": 21.3,
      "tracked_predator_slot": 0,
      "target": 1
    },
    {
      "time": 21.4,
      "tracked_predator_slot": 0,
      "target": 4
    },
    {
      "time": 21.5,
      "tracked_predator_slot": 0,
      "target": 9
    },
    {
      "time": 21.7,
      "tracked_predator_slot": 0,
      "target": 2
    },
    {
      "time": 22.0,
      "tracked_predator_slot": 0,
      "target": 4
    },
    {
      "time": 22.1,
      "tracked_predator_slot": 0,
      "target": 1
    },
    {
      "time": 22.3,
      "tracked_predator_slot": 0,
      "target": 2
    },
    {
      "time": 22.5,
      "tracked_predator_slot": 0,
      "target": 4
    },
    {
      "time": 22.6,
      "tracked_predator_slot": 0,
      "target": 9
    },
    {
      "time": 22.7,
      "tracked_predator_slot": 0,
      "target": 4
    },
    {
      "time": 22.8,
      "tracked_predator_slot": 0,
      "target": 3
    },
    {
      "time": 23.2,
      "tracked_predator_slot": 0,
      "target": 4
    },
    {
      "time": 23.4,
      "tracked_predator_slot": 0,
      "target": 2
    },
    {
      "time": 23.8,
      "tracked_predator_slot": 0,
      "target": null
    },
    {
      "time": 23.9,
      "tracked_predator_slot": 0,
      "target": 4
    },
    {
      "time": 24.1,
      "tracked_predator_slot": 0,
      "target": null
    },
    {
      "time": 24.2,
      "tracked_predator_slot": 0,
      "target": 4
    },
    {
      "time": 24.3,
      "tracked_predator_slot": 0,
      "target": 9
    },
    {
      "time": 24.4,
      "tracked_predator_slot": 0,
      "target": 3
    },
    {
      "time": 24.5,
      "tracked_predator_slot": 0,
      "target": 4
    },
    {
      "time": 24.6,
      "tracked_predator_slot": 0,
      "target": 1
    },
    {
      "time": 24.7,
      "tracked_predator_slot": 0,
      "target": 4
    },
    {
      "time": 24.8,
      "tracked_predator_slot": 0,
      "target": 1
    },
    {
      "time": 24.9,
      "tracked_predator_slot": 0,
      "target": 3
    },
    {
      "time": 25.0,
      "tracked_predator_slot": 0,
      "target": 1
    },
    {
      "time": 25.2,
      "tracked_predator_slot": 0,
      "target": 9
    },
    {
      "time": 25.5,
      "tracked_predator_slot": 0,
      "target": 4
    },
    {
      "time": 25.6,
      "tracked_predator_slot": 0,
      "target": 3
    },
    {
      "time": 25.7,
      "tracked_predator_slot": 0,
      "target": 2
    },
    {
      "time": 25.9,
      "tracked_predator_slot": 0,
      "target": 1
    },
    {
      "time": 26.1,
      "tracked_predator_slot": 0,
      "target": 2
    },
    {
      "time": 26.4,
      "tracked_predator_slot": 0,
      "target": 4
    },
    {
      "time": 26.5,
      "tracked_predator_slot": 0,
      "target": 1
    },
    {
      "time": 26.6,
      "tracked_predator_slot": 0,
      "target": 2
    },
    {
      "time": 26.7,
      "tracked_predator_slot": 0,
      "target": 9
    },
    {
      "time": 26.8,
      "tracked_predator_slot": 0,
      "target": 1
    },
    {
      "time": 26.9,
      "tracked_predator_slot": 0,
      "target": 9
    },
    {
      "time": 27.0,
      "tracked_predator_slot": 0,
      "target": "resting"
    },
    {
      "time": 30.5,
      "tracked_predator_slot": 0,
      "target": 4
    },
    {
      "time": 30.6,
      "tracked_predator_slot": 0,
      "target": 3
    },
    {
      "time": 31.0,
      "tracked_predator_slot": 0,
      "target": 1
    },
    {
      "time": 31.1,
      "tracked_predator_slot": 0,
      "target": 4
    },
    {
      "time": 31.2,
      "tracked_predator_slot": 0,
      "target": 9
    },
    {
      "time": 31.8,
      "tracked_predator_slot": 0,
      "target": 4
    },
    {
      "time": 32.3,
      "tracked_predator_slot": 0,
      "target": 2
    },
    {
      "time": 32.5,
      "tracked_predator_slot": 0,
      "target": 4
    },
    {
      "time": 32.9,
      "tracked_predator_slot": 0,
      "target": 0
    },
    {
      "time": 39.6,
      "tracked_predator_slot": 0,
      "target": "resting"
    },
    {
      "time": 43.1,
      "tracked_predator_slot": 0,
      "target": 0
    },
    {
      "time": 52.3,
      "tracked_predator_slot": 0,
      "target": "resting"
    },
    {
      "time": 55.8,
      "tracked_predator_slot": 0,
      "target": 0
    }
  ],
  "guide_role_trace": [
    {
      "time": 0,
      "active_guide_id": 1
    },
    {
      "time": 0.8,
      "active_guide_id": 6
    },
    {
      "time": 1.1,
      "active_guide_id": 5
    },
    {
      "time": 1.2,
      "active_guide_id": 1
    },
    {
      "time": 1.5,
      "active_guide_id": 9
    },
    {
      "time": 1.8,
      "active_guide_id": 3
    },
    {
      "time": 22.1,
      "active_guide_id": 1
    },
    {
      "time": 22.3,
      "active_guide_id": 2
    },
    {
      "time": 22.4,
      "active_guide_id": 1
    },
    {
      "time": 22.6,
      "active_guide_id": 2
    },
    {
      "time": 22.7,
      "active_guide_id": 9
    },
    {
      "time": 22.8,
      "active_guide_id": 3
    },
    {
      "time": 22.9,
      "active_guide_id": 4
    },
    {
      "time": 23.0,
      "active_guide_id": 3
    },
    {
      "time": 23.2,
      "active_guide_id": 4
    },
    {
      "time": 23.4,
      "active_guide_id": 2
    },
    {
      "time": 23.8,
      "active_guide_id": 4
    },
    {
      "time": 24.3,
      "active_guide_id": 2
    },
    {
      "time": 25.0,
      "active_guide_id": 1
    },
    {
      "time": 25.2,
      "active_guide_id": 9
    },
    {
      "time": 25.5,
      "active_guide_id": 4
    },
    {
      "time": 25.7,
      "active_guide_id": 2
    },
    {
      "time": 26.4,
      "active_guide_id": 4
    },
    {
      "time": 27.0,
      "active_guide_id": 1
    },
    {
      "time": 27.2,
      "active_guide_id": 4
    },
    {
      "time": 27.4,
      "active_guide_id": 2
    },
    {
      "time": 27.5,
      "active_guide_id": 1
    },
    {
      "time": 27.7,
      "active_guide_id": 4
    },
    {
      "time": 27.8,
      "active_guide_id": 2
    },
    {
      "time": 27.9,
      "active_guide_id": 4
    },
    {
      "time": 28.1,
      "active_guide_id": 2
    },
    {
      "time": 28.2,
      "active_guide_id": 4
    },
    {
      "time": 28.3,
      "active_guide_id": 2
    },
    {
      "time": 28.4,
      "active_guide_id": 4
    },
    {
      "time": 28.6,
      "active_guide_id": 9
    },
    {
      "time": 28.7,
      "active_guide_id": 4
    },
    {
      "time": 28.8,
      "active_guide_id": 2
    },
    {
      "time": 28.9,
      "active_guide_id": 4
    },
    {
      "time": 29.0,
      "active_guide_id": 2
    },
    {
      "time": 29.2,
      "active_guide_id": 4
    },
    {
      "time": 29.4,
      "active_guide_id": 2
    },
    {
      "time": 29.8,
      "active_guide_id": 9
    },
    {
      "time": 29.9,
      "active_guide_id": 4
    },
    {
      "time": 30.0,
      "active_guide_id": 2
    },
    {
      "time": 30.7,
      "active_guide_id": 3
    },
    {
      "time": 31.2,
      "active_guide_id": 9
    },
    {
      "time": 31.8,
      "active_guide_id": 2
    },
    {
      "time": 31.9,
      "active_guide_id": 4
    },
    {
      "time": 32.5,
      "active_guide_id": 2
    },
    {
      "time": 32.7,
      "active_guide_id": 4
    },
    {
      "time": 33.3,
      "active_guide_id": 9
    },
    {
      "time": 33.4,
      "active_guide_id": 4
    },
    {
      "time": 34.0,
      "active_guide_id": 9
    },
    {
      "time": 34.4,
      "active_guide_id": 4
    },
    {
      "time": 34.6,
      "active_guide_id": 9
    },
    {
      "time": 35.2,
      "active_guide_id": 4
    },
    {
      "time": 35.3,
      "active_guide_id": 9
    },
    {
      "time": 35.4,
      "active_guide_id": 4
    },
    {
      "time": 35.5,
      "active_guide_id": 9
    },
    {
      "time": 35.8,
      "active_guide_id": 4
    },
    {
      "time": 35.9,
      "active_guide_id": 9
    },
    {
      "time": 36.2,
      "active_guide_id": 4
    },
    {
      "time": 36.3,
      "active_guide_id": 9
    },
    {
      "time": 37.0,
      "active_guide_id": 4
    },
    {
      "time": 37.2,
      "active_guide_id": 9
    },
    {
      "time": 37.3,
      "active_guide_id": 1
    },
    {
      "time": 37.4,
      "active_guide_id": 4
    },
    {
      "time": 37.5,
      "active_guide_id": 9
    },
    {
      "time": 37.6,
      "active_guide_id": 1
    },
    {
      "time": 37.7,
      "active_guide_id": 9
    },
    {
      "time": 38.1,
      "active_guide_id": 1
    },
    {
      "time": 38.2,
      "active_guide_id": 9
    },
    {
      "time": 39.1,
      "active_guide_id": 1
    },
    {
      "time": 39.2,
      "active_guide_id": 9
    },
    {
      "time": 39.4,
      "active_guide_id": 4
    },
    {
      "time": 39.8,
      "active_guide_id": 9
    },
    {
      "time": 39.9,
      "active_guide_id": 4
    }
  ],
  "guide_follow_trace": [
    {
      "time": 0.1,
      "active_guide_id": 1,
      "tracked_predator_slot": 0
    },
    {
      "time": 0.9,
      "active_guide_id": 6,
      "tracked_predator_slot": 0
    },
    {
      "time": 1.7,
      "active_guide_id": 9,
      "tracked_predator_slot": 0
    },
    {
      "time": 2.5,
      "active_guide_id": 3,
      "tracked_predator_slot": 0
    },
    {
      "time": 22.2,
      "active_guide_id": 1,
      "tracked_predator_slot": 0
    },
    {
      "time": 22.4,
      "active_guide_id": 2,
      "tracked_predator_slot": 0
    },
    {
      "time": 22.9,
      "active_guide_id": 3,
      "tracked_predator_slot": 0
    },
    {
      "time": 23.1,
      "active_guide_id": 3,
      "tracked_predator_slot": 0
    },
    {
      "time": 23.3,
      "active_guide_id": 4,
      "tracked_predator_slot": 0
    },
    {
      "time": 23.5,
      "active_guide_id": 2,
      "tracked_predator_slot": 0
    },
    {
      "time": 23.9,
      "active_guide_id": 4,
      "tracked_predator_slot": 0
    },
    {
      "time": 25.1,
      "active_guide_id": 1,
      "tracked_predator_slot": 0
    },
    {
      "time": 25.3,
      "active_guide_id": 9,
      "tracked_predator_slot": 0
    },
    {
      "time": 25.8,
      "active_guide_id": 2,
      "tracked_predator_slot": 0
    },
    {
      "time": 30.8,
      "active_guide_id": 3,
      "tracked_predator_slot": 0
    },
    {
      "time": 31.3,
      "active_guide_id": 9,
      "tracked_predator_slot": 0
    },
    {
      "time": 32.0,
      "active_guide_id": 4,
      "tracked_predator_slot": 0
    },
    {
      "time": 32.8,
      "active_guide_id": 4,
      "tracked_predator_slot": 0
    }
  ],
  "guide_role": "child",
  "parent_role": "gather_evade",
  "child_role": "guide",
  "active_guide_id_final": 4,
  "active_guide_alive_final": true,
  "guide_role_ids": [
    1,
    2,
    3,
    4,
    5,
    6,
    9
  ],
  "bait_deployed_at": 0.1,
  "policy_bait_ready_final": false,
  "bait_left_after_deployment": null,
  "final_bait_distance_to_goal": 0.0,
  "first_guide_predator_observation": 0.1,
  "first_predator_following_guide": 0.1,
  "first_predator_following_active_guide": null,
  "tracked_seen_by_guide": 1,
  "tracked_followed_active_guide": 0,
  "physical_entered": 1,
  "guided_delivered": 0,
  "physical_losses_after_delivery": 0,
  "target_losses_after_delivery": 0,
  "physical_entry_times": [
    32.1
  ],
  "guided_delivery_times": [
    null
  ],
  "loss_times": [
    null
  ],
  "target_loss_times": [
    null
  ],
  "tail_seconds": 30.0,
  "tail_physical_min": 0,
  "tail_contained_min": 0,
  "final_distance_from_mouth": [
    18.4906
  ],
  "max_distance_after_delivery": [
    0.0
  ],
  "policy_events": [
    {
      "time": 0.1,
      "kind": "emergency_reserve_budget_enabled",
      "observed_distance": 55.0,
      "blocked_escape_cone": true,
      "close_wall": false,
      "agent_id": 1
    },
    {
      "time": 0.1,
      "kind": "bounded_emergency_reserve_birth",
      "parent_id": 1,
      "request_number": 1,
      "observed_distance": 55.0
    },
    {
      "time": 0.2,
      "kind": "native_backup_registered",
      "agent_id": 2
    },
    {
      "time": 0.2,
      "kind": "bounded_emergency_reserve_birth",
      "parent_id": 2,
      "request_number": 2,
      "observed_distance": 44.8409
    },
    {
      "time": 0.3,
      "kind": "native_backup_registered",
      "agent_id": 3
    },
    {
      "time": 0.3,
      "kind": "bounded_emergency_reserve_birth",
      "parent_id": 3,
      "request_number": 3,
      "observed_distance": 43.4893
    },
    {
      "time": 0.4,
      "kind": "native_backup_registered",
      "agent_id": 4
    },
    {
      "time": 0.4,
      "kind": "bounded_emergency_reserve_birth",
      "parent_id": 4,
      "request_number": 4,
      "observed_distance": 46.1396
    },
    {
      "time": 0.5,
      "kind": "native_backup_registered",
      "agent_id": 5
    },
    {
      "time": 0.5,
      "kind": "bounded_emergency_reserve_birth",
      "parent_id": 5,
      "request_number": 5,
      "observed_distance": 33.5562
    },
    {
      "time": 0.6,
      "kind": "native_backup_registered",
      "agent_id": 6
    },
    {
      "time": 0.6,
      "kind": "bounded_emergency_reserve_birth",
      "parent_id": 6,
      "request_number": 6,
      "observed_distance": 30.5685
    },
    {
      "time": 0.7,
      "kind": "bounded_emergency_reserve_birth",
      "parent_id": 2,
      "request_number": 7,
      "observed_distance": 28.8396
    },
    {
      "time": 0.8,
      "kind": "public_dto_active_guide",
      "agent_id": 6,
      "reason": "minimum_observed_predator_distance_hysteresis"
    },
    {
      "time": 0.8,
      "kind": "bounded_emergency_reserve_birth",
      "parent_id": 2,
      "request_number": 8,
      "observed_distance": 34.0261
    },
    {
      "time": 0.9,
      "kind": "native_backup_registered",
      "agent_id": 9
    },
    {
      "time": 1.1,
      "kind": "public_dto_active_guide",
      "agent_id": 5,
      "reason": "minimum_observed_predator_distance_hysteresis"
    },
    {
      "time": 1.2,
      "kind": "public_dto_active_guide",
      "agent_id": 1,
      "reason": "minimum_observed_predator_distance_hysteresis"
    },
    {
      "time": 1.5,
      "kind": "public_dto_active_guide",
      "agent_id": 9,
      "reason": "minimum_observed_predator_distance_hysteresis"
    },
    {
      "time": 1.8,
      "kind": "public_dto_active_guide",
      "agent_id": 3,
      "reason": "minimum_observed_predator_distance_hysteresis"
    },
    {
      "time": 22.1,
      "kind": "public_dto_active_guide",
      "agent_id": 1,
      "reason": "minimum_observed_predator_distance_hysteresis"
    },
    {
      "time": 22.3,
      "kind": "public_dto_active_guide",
      "agent_id": 2,
      "reason": "minimum_observed_predator_distance_hysteresis"
    },
    {
      "time": 22.4,
      "kind": "public_dto_active_guide",
      "agent_id": 1,
      "reason": "minimum_observed_predator_distance_hysteresis"
    },
    {
      "time": 22.6,
      "kind": "public_dto_active_guide",
      "agent_id": 2,
      "reason": "minimum_observed_predator_distance_hysteresis"
    },
    {
      "time": 22.7,
      "kind": "public_dto_active_guide",
      "agent_id": 9,
      "reason": "minimum_observed_predator_distance_hysteresis"
    },
    {
      "time": 22.8,
      "kind": "public_dto_active_guide",
      "agent_id": 3,
      "reason": "minimum_observed_predator_distance_hysteresis"
    },
    {
      "time": 22.9,
      "kind": "public_dto_active_guide",
      "agent_id": 4,
      "reason": "minimum_observed_predator_distance_hysteresis"
    },
    {
      "time": 23.0,
      "kind": "public_dto_active_guide",
      "agent_id": 3,
      "reason": "minimum_observed_predator_distance_hysteresis"
    },
    {
      "time": 23.2,
      "kind": "public_dto_active_guide",
      "agent_id": 4,
      "reason": "minimum_observed_predator_distance_hysteresis"
    },
    {
      "time": 23.4,
      "kind": "public_dto_active_guide",
      "agent_id": 2,
      "reason": "minimum_observed_predator_distance_hysteresis"
    },
    {
      "time": 23.8,
      "kind": "public_dto_active_guide",
      "agent_id": 4,
      "reason": "minimum_observed_predator_distance_hysteresis"
    },
    {
      "time": 24.3,
      "kind": "public_dto_active_guide",
      "agent_id": 2,
      "reason": "minimum_observed_predator_distance_hysteresis"
    },
    {
      "time": 25.0,
      "kind": "public_dto_active_guide",
      "agent_id": 1,
      "reason": "minimum_observed_predator_distance_hysteresis"
    },
    {
      "time": 25.2,
      "kind": "public_dto_active_guide",
      "agent_id": 9,
      "reason": "minimum_observed_predator_distance_hysteresis"
    },
    {
      "time": 25.5,
      "kind": "public_dto_active_guide",
      "agent_id": 4,
      "reason": "minimum_observed_predator_distance_hysteresis"
    },
    {
      "time": 25.7,
      "kind": "public_dto_active_guide",
      "agent_id": 2,
      "reason": "minimum_observed_predator_distance_hysteresis"
    },
    {
      "time": 26.4,
      "kind": "public_dto_active_guide",
      "agent_id": 4,
      "reason": "minimum_observed_predator_distance_hysteresis"
    },
    {
      "time": 27.0,
      "kind": "public_dto_active_guide",
      "agent_id": 1,
      "reason": "minimum_observed_predator_distance_hysteresis"
    },
    {
      "time": 27.2,
      "kind": "public_dto_active_guide",
      "agent_id": 4,
      "reason": "minimum_observed_predator_distance_hysteresis"
    },
    {
      "time": 27.4,
      "kind": "public_dto_active_guide",
      "agent_id": 2,
      "reason": "minimum_observed_predator_distance_hysteresis"
    },
    {
      "time": 27.5,
      "kind": "public_dto_active_guide",
      "agent_id": 1,
      "reason": "minimum_observed_predator_distance_hysteresis"
    },
    {
      "time": 27.7,
      "kind": "public_dto_active_guide",
      "agent_id": 4,
      "reason": "minimum_observed_predator_distance_hysteresis"
    },
    {
      "time": 27.8,
      "kind": "public_dto_active_guide",
      "agent_id": 2,
      "reason": "minimum_observed_predator_distance_hysteresis"
    },
    {
      "time": 27.9,
      "kind": "public_dto_active_guide",
      "agent_id": 4,
      "reason": "minimum_observed_predator_distance_hysteresis"
    },
    {
      "time": 28.1,
      "kind": "public_dto_active_guide",
      "agent_id": 2,
      "reason": "minimum_observed_predator_distance_hysteresis"
    },
    {
      "time": 28.2,
      "kind": "public_dto_active_guide",
      "agent_id": 4,
      "reason": "minimum_observed_predator_distance_hysteresis"
    },
    {
      "time": 28.3,
      "kind": "public_dto_active_guide",
      "agent_id": 2,
      "reason": "minimum_observed_predator_distance_hysteresis"
    },
    {
      "time": 28.4,
      "kind": "public_dto_active_guide",
      "agent_id": 4,
      "reason": "minimum_observed_predator_distance_hysteresis"
    },
    {
      "time": 28.6,
      "kind": "public_dto_active_guide",
      "agent_id": 9,
      "reason": "minimum_observed_predator_distance_hysteresis"
    },
    {
      "time": 28.7,
      "kind": "public_dto_active_guide",
      "agent_id": 4,
      "reason": "minimum_observed_predator_distance_hysteresis"
    },
    {
      "time": 28.8,
      "kind": "public_dto_active_guide",
      "agent_id": 2,
      "reason": "minimum_observed_predator_distance_hysteresis"
    },
    {
      "time": 28.9,
      "kind": "public_dto_active_guide",
      "agent_id": 4,
      "reason": "minimum_observed_predator_distance_hysteresis"
    },
    {
      "time": 29.0,
      "kind": "public_dto_active_guide",
      "agent_id": 2,
      "reason": "minimum_observed_predator_distance_hysteresis"
    },
    {
      "time": 29.2,
      "kind": "public_dto_active_guide",
      "agent_id": 4,
      "reason": "minimum_observed_predator_distance_hysteresis"
    },
    {
      "time": 29.4,
      "kind": "public_dto_active_guide",
      "agent_id": 2,
      "reason": "minimum_observed_predator_distance_hysteresis"
    },
    {
      "time": 29.8,
      "kind": "public_dto_active_guide",
      "agent_id": 9,
      "reason": "minimum_observed_predator_distance_hysteresis"
    },
    {
      "time": 29.9,
      "kind": "public_dto_active_guide",
      "agent_id": 4,
      "reason": "minimum_observed_predator_distance_hysteresis"
    },
    {
      "time": 30.0,
      "kind": "public_dto_active_guide",
      "agent_id": 2,
      "reason": "minimum_observed_predator_distance_hysteresis"
    },
    {
      "time": 30.7,
      "kind": "public_dto_active_guide",
      "agent_id": 3,
      "reason": "minimum_observed_predator_distance_hysteresis"
    },
    {
      "time": 31.2,
      "kind": "public_dto_active_guide",
      "agent_id": 9,
      "reason": "minimum_observed_predator_distance_hysteresis"
    },
    {
      "time": 31.8,
      "kind": "public_dto_active_guide",
      "agent_id": 2,
      "reason": "minimum_observed_predator_distance_hysteresis"
    },
    {
      "time": 31.9,
      "kind": "public_dto_active_guide",
      "agent_id": 4,
      "reason": "minimum_observed_predator_distance_hysteresis"
    },
    {
      "time": 32.5,
      "kind": "public_dto_active_guide",
      "agent_id": 2,
      "reason": "minimum_observed_predator_distance_hysteresis"
    },
    {
      "time": 32.7,
      "kind": "public_dto_active_guide",
      "agent_id": 4,
      "reason": "minimum_observed_predator_distance_hysteresis"
    },
    {
      "time": 33.3,
      "kind": "public_dto_active_guide",
      "agent_id": 9,
      "reason": "minimum_observed_predator_distance_hysteresis"
    },
    {
      "time": 33.4,
      "kind": "public_dto_active_guide",
      "agent_id": 4,
      "reason": "minimum_observed_predator_distance_hysteresis"
    },
    {
      "time": 34.0,
      "kind": "public_dto_active_guide",
      "agent_id": 9,
      "reason": "minimum_observed_predator_distance_hysteresis"
    },
    {
      "time": 34.4,
      "kind": "public_dto_active_guide",
      "agent_id": 4,
      "reason": "minimum_observed_predator_distance_hysteresis"
    },
    {
      "time": 34.6,
      "kind": "public_dto_active_guide",
      "agent_id": 9,
      "reason": "minimum_observed_predator_distance_hysteresis"
    },
    {
      "time": 35.2,
      "kind": "public_dto_active_guide",
      "agent_id": 4,
      "reason": "minimum_observed_predator_distance_hysteresis"
    },
    {
      "time": 35.3,
      "kind": "public_dto_active_guide",
      "agent_id": 9,
      "reason": "minimum_observed_predator_distance_hysteresis"
    },
    {
      "time": 35.4,
      "kind": "public_dto_active_guide",
      "agent_id": 4,
      "reason": "minimum_observed_predator_distance_hysteresis"
    },
    {
      "time": 35.5,
      "kind": "public_dto_active_guide",
      "agent_id": 9,
      "reason": "minimum_observed_predator_distance_hysteresis"
    },
    {
      "time": 35.8,
      "kind": "public_dto_active_guide",
      "agent_id": 4,
      "reason": "minimum_observed_predator_distance_hysteresis"
    },
    {
      "time": 35.9,
      "kind": "public_dto_active_guide",
      "agent_id": 9,
      "reason": "minimum_observed_predator_distance_hysteresis"
    },
    {
      "time": 36.2,
      "kind": "public_dto_active_guide",
      "agent_id": 4,
      "reason": "minimum_observed_predator_distance_hysteresis"
    },
    {
      "time": 36.3,
      "kind": "public_dto_active_guide",
      "agent_id": 9,
      "reason": "minimum_observed_predator_distance_hysteresis"
    },
    {
      "time": 37.0,
      "kind": "public_dto_active_guide",
      "agent_id": 4,
      "reason": "minimum_observed_predator_distance_hysteresis"
    },
    {
      "time": 37.2,
      "kind": "public_dto_active_guide",
      "agent_id": 9,
      "reason": "minimum_observed_predator_distance_hysteresis"
    },
    {
      "time": 37.3,
      "kind": "public_dto_active_guide",
      "agent_id": 1,
      "reason": "minimum_observed_predator_distance_hysteresis"
    },
    {
      "time": 37.4,
      "kind": "public_dto_active_guide",
      "agent_id": 4,
      "reason": "minimum_observed_predator_distance_hysteresis"
    },
    {
      "time": 37.5,
      "kind": "public_dto_active_guide",
      "agent_id": 9,
      "reason": "minimum_observed_predator_distance_hysteresis"
    },
    {
      "time": 37.6,
      "kind": "public_dto_active_guide",
      "agent_id": 1,
      "reason": "minimum_observed_predator_distance_hysteresis"
    },
    {
      "time": 37.7,
      "kind": "public_dto_active_guide",
      "agent_id": 9,
      "reason": "minimum_observed_predator_distance_hysteresis"
    },
    {
      "time": 38.1,
      "kind": "public_dto_active_guide",
      "agent_id": 1,
      "reason": "minimum_observed_predator_distance_hysteresis"
    },
    {
      "time": 38.2,
      "kind": "public_dto_active_guide",
      "agent_id": 9,
      "reason": "minimum_observed_predator_distance_hysteresis"
    },
    {
      "time": 39.1,
      "kind": "public_dto_active_guide",
      "agent_id": 1,
      "reason": "minimum_observed_predator_distance_hysteresis"
    },
    {
      "time": 39.2,
      "kind": "public_dto_active_guide",
      "agent_id": 9,
      "reason": "minimum_observed_predator_distance_hysteresis"
    },
    {
      "time": 39.4,
      "kind": "public_dto_active_guide",
      "agent_id": 4,
      "reason": "minimum_observed_predator_distance_hysteresis"
    },
    {
      "time": 39.8,
      "kind": "public_dto_active_guide",
      "agent_id": 9,
      "reason": "minimum_observed_predator_distance_hysteresis"
    },
    {
      "time": 39.9,
      "kind": "public_dto_active_guide",
      "agent_id": 4,
      "reason": "minimum_observed_predator_distance_hysteresis"
    }
  ],
  "success": false,
  "replay": "results/simple_chase/replays/real-map-EmergencyGuides-m10335-f20335-p1-direct_guide-sitebait1-27f39575.json.gz"
}
/home/Ucals/projects/NordicCupAI-wall-funneling/survival-simulator/oscar-trap-research/survival/results/simple_chase/real-map-EmergencyGuides-m10335-f20335-p1-direct_guide-sitebait1-27f39575.json
