Running as unit: run-p917337-i950406.scope; invocation ID: 58083ace92bf4e6aaf9b40ad59d1939d
{"progress": "real-map-EmergencyGuides-m10326-f20326-p1-direct_guide-sitebait1-71c1a121", "time": 10.0, "bait_deployed": 0.1, "policy_bait_ready": false, "encounter": 0.1, "oracle_handoff": null, "children": 0, "active_guide_id": 1, "guide_alive": true, "active_guide_alive": true, "guided_delivered": 0}
{"progress": "real-map-EmergencyGuides-m10326-f20326-p1-direct_guide-sitebait1-71c1a121", "time": 20.0, "bait_deployed": 0.1, "policy_bait_ready": false, "encounter": 0.1, "oracle_handoff": null, "children": 0, "active_guide_id": 1, "guide_alive": false, "active_guide_alive": false, "guided_delivered": 1}
{"progress": "real-map-EmergencyGuides-m10326-f20326-p1-direct_guide-sitebait1-71c1a121", "time": 30.0, "bait_deployed": 0.1, "policy_bait_ready": false, "encounter": 0.1, "oracle_handoff": null, "children": 0, "active_guide_id": 1, "guide_alive": false, "active_guide_alive": false, "guided_delivered": 1}
{"progress": "real-map-EmergencyGuides-m10326-f20326-p1-direct_guide-sitebait1-71c1a121", "time": 40.0, "bait_deployed": 0.1, "policy_bait_ready": false, "encounter": 0.1, "oracle_handoff": null, "children": 0, "active_guide_id": 1, "guide_alive": false, "active_guide_alive": false, "guided_delivered": 1}
{"progress": "real-map-EmergencyGuides-m10326-f20326-p1-direct_guide-sitebait1-71c1a121", "time": 50.0, "bait_deployed": 0.1, "policy_bait_ready": false, "encounter": 0.1, "oracle_handoff": null, "children": 0, "active_guide_id": 1, "guide_alive": false, "active_guide_alive": false, "guided_delivered": 1}
{"progress": "real-map-EmergencyGuides-m10326-f20326-p1-direct_guide-sitebait1-71c1a121", "time": 60.0, "bait_deployed": 0.1, "policy_bait_ready": false, "encounter": 0.1, "oracle_handoff": null, "children": 0, "active_guide_id": 1, "guide_alive": false, "active_guide_alive": false, "guided_delivered": 1}
{"progress": "real-map-EmergencyGuides-m10326-f20326-p1-direct_guide-sitebait1-71c1a121", "time": 70.0, "bait_deployed": 0.1, "policy_bait_ready": false, "encounter": 0.1, "oracle_handoff": null, "children": 0, "active_guide_id": 1, "guide_alive": false, "active_guide_alive": false, "guided_delivered": 1}
{"progress": "real-map-EmergencyGuides-m10326-f20326-p1-direct_guide-sitebait1-71c1a121", "time": 80.0, "bait_deployed": 0.1, "policy_bait_ready": false, "encounter": 0.1, "oracle_handoff": null, "children": 0, "active_guide_id": 1, "guide_alive": false, "active_guide_alive": false, "guided_delivered": 1}
{"progress": "real-map-EmergencyGuides-m10326-f20326-p1-direct_guide-sitebait1-71c1a121", "time": 90.0, "bait_deployed": 0.1, "policy_bait_ready": false, "encounter": 0.1, "oracle_handoff": null, "children": 0, "active_guide_id": 1, "guide_alive": false, "active_guide_alive": false, "guided_delivered": 1}
{"progress": "real-map-EmergencyGuides-m10326-f20326-p1-direct_guide-sitebait1-71c1a121", "time": 100.0, "bait_deployed": 0.1, "policy_bait_ready": false, "encounter": 0.1, "oracle_handoff": null, "children": 0, "active_guide_id": 1, "guide_alive": false, "active_guide_alive": false, "guided_delivered": 1}
{"progress": "real-map-EmergencyGuides-m10326-f20326-p1-direct_guide-sitebait1-71c1a121", "time": 110.0, "bait_deployed": 0.1, "policy_bait_ready": false, "encounter": 0.1, "oracle_handoff": null, "children": 0, "active_guide_id": 1, "guide_alive": false, "active_guide_alive": false, "guided_delivered": 1}
{"progress": "real-map-EmergencyGuides-m10326-f20326-p1-direct_guide-sitebait1-71c1a121", "time": 120.0, "bait_deployed": 0.1, "policy_bait_ready": false, "encounter": 0.1, "oracle_handoff": null, "children": 0, "active_guide_id": 1, "guide_alive": false, "active_guide_alive": false, "guided_delivered": 1}
{"progress": "real-map-EmergencyGuides-m10326-f20326-p1-direct_guide-sitebait1-71c1a121", "time": 130.0, "bait_deployed": 0.1, "policy_bait_ready": false, "encounter": 0.1, "oracle_handoff": null, "children": 0, "active_guide_id": 1, "guide_alive": false, "active_guide_alive": false, "guided_delivered": 1}
{"progress": "real-map-EmergencyGuides-m10326-f20326-p1-direct_guide-sitebait1-71c1a121", "time": 140.0, "bait_deployed": 0.1, "policy_bait_ready": false, "encounter": 0.1, "oracle_handoff": null, "children": 0, "active_guide_id": 1, "guide_alive": false, "active_guide_alive": false, "guided_delivered": 1}
{"progress": "real-map-EmergencyGuides-m10326-f20326-p1-direct_guide-sitebait1-71c1a121", "time": 150.0, "bait_deployed": 0.1, "policy_bait_ready": false, "encounter": 0.1, "oracle_handoff": null, "children": 0, "active_guide_id": 1, "guide_alive": false, "active_guide_alive": false, "guided_delivered": 1}
{"progress": "real-map-EmergencyGuides-m10326-f20326-p1-direct_guide-sitebait1-71c1a121", "time": 160.0, "bait_deployed": 0.1, "policy_bait_ready": false, "encounter": 0.1, "oracle_handoff": null, "children": 0, "active_guide_id": 1, "guide_alive": false, "active_guide_alive": false, "guided_delivered": 1}
{"progress": "real-map-EmergencyGuides-m10326-f20326-p1-direct_guide-sitebait1-71c1a121", "time": 170.0, "bait_deployed": 0.1, "policy_bait_ready": false, "encounter": 0.1, "oracle_handoff": null, "children": 0, "active_guide_id": 1, "guide_alive": false, "active_guide_alive": false, "guided_delivered": 1}
{"progress": "real-map-EmergencyGuides-m10326-f20326-p1-direct_guide-sitebait1-71c1a121", "time": 180.0, "bait_deployed": 0.1, "policy_bait_ready": false, "encounter": 0.1, "oracle_handoff": null, "children": 0, "active_guide_id": 1, "guide_alive": false, "active_guide_alive": false, "guided_delivered": 1}
{"progress": "real-map-EmergencyGuides-m10326-f20326-p1-direct_guide-sitebait1-71c1a121", "time": 190.0, "bait_deployed": 0.1, "policy_bait_ready": false, "encounter": 0.1, "oracle_handoff": null, "children": 0, "active_guide_id": 1, "guide_alive": false, "active_guide_alive": false, "guided_delivered": 1}
{"progress": "real-map-EmergencyGuides-m10326-f20326-p1-direct_guide-sitebait1-71c1a121", "time": 200.0, "bait_deployed": 0.1, "policy_bait_ready": false, "encounter": 0.1, "oracle_handoff": null, "children": 0, "active_guide_id": 1, "guide_alive": false, "active_guide_alive": false, "guided_delivered": 1}
{"progress": "real-map-EmergencyGuides-m10326-f20326-p1-direct_guide-sitebait1-71c1a121", "time": 210.0, "bait_deployed": 0.1, "policy_bait_ready": false, "encounter": 0.1, "oracle_handoff": null, "children": 0, "active_guide_id": 1, "guide_alive": false, "active_guide_alive": false, "guided_delivered": 1}
{"progress": "real-map-EmergencyGuides-m10326-f20326-p1-direct_guide-sitebait1-71c1a121", "time": 220.0, "bait_deployed": 0.1, "policy_bait_ready": false, "encounter": 0.1, "oracle_handoff": null, "children": 0, "active_guide_id": 1, "guide_alive": false, "active_guide_alive": false, "guided_delivered": 1}
{"progress": "real-map-EmergencyGuides-m10326-f20326-p1-direct_guide-sitebait1-71c1a121", "time": 230.0, "bait_deployed": 0.1, "policy_bait_ready": false, "encounter": 0.1, "oracle_handoff": null, "children": 0, "active_guide_id": 1, "guide_alive": false, "active_guide_alive": false, "guided_delivered": 1}
{"progress": "real-map-EmergencyGuides-m10326-f20326-p1-direct_guide-sitebait1-71c1a121", "time": 240.0, "bait_deployed": 0.1, "policy_bait_ready": false, "encounter": 0.1, "oracle_handoff": null, "children": 0, "active_guide_id": 1, "guide_alive": false, "active_guide_alive": false, "guided_delivered": 1}
{"progress": "real-map-EmergencyGuides-m10326-f20326-p1-direct_guide-sitebait1-71c1a121", "time": 250.0, "bait_deployed": 0.1, "policy_bait_ready": false, "encounter": 0.1, "oracle_handoff": null, "children": 0, "active_guide_id": 1, "guide_alive": false, "active_guide_alive": false, "guided_delivered": 1}
{"progress": "real-map-EmergencyGuides-m10326-f20326-p1-direct_guide-sitebait1-71c1a121", "time": 260.0, "bait_deployed": 0.1, "policy_bait_ready": false, "encounter": 0.1, "oracle_handoff": null, "children": 0, "active_guide_id": 1, "guide_alive": false, "active_guide_alive": false, "guided_delivered": 1}
{"progress": "real-map-EmergencyGuides-m10326-f20326-p1-direct_guide-sitebait1-71c1a121", "time": 270.0, "bait_deployed": 0.1, "policy_bait_ready": false, "encounter": 0.1, "oracle_handoff": null, "children": 0, "active_guide_id": 1, "guide_alive": false, "active_guide_alive": false, "guided_delivered": 1}
{"progress": "real-map-EmergencyGuides-m10326-f20326-p1-direct_guide-sitebait1-71c1a121", "time": 280.0, "bait_deployed": 0.1, "policy_bait_ready": false, "encounter": 0.1, "oracle_handoff": null, "children": 0, "active_guide_id": 1, "guide_alive": false, "active_guide_alive": false, "guided_delivered": 1}
{"progress": "real-map-EmergencyGuides-m10326-f20326-p1-direct_guide-sitebait1-71c1a121", "time": 290.0, "bait_deployed": 0.1, "policy_bait_ready": false, "encounter": 0.1, "oracle_handoff": null, "children": 0, "active_guide_id": 1, "guide_alive": false, "active_guide_alive": false, "guided_delivered": 1}
{"progress": "real-map-EmergencyGuides-m10326-f20326-p1-direct_guide-sitebait1-71c1a121", "time": 300.0, "bait_deployed": 0.1, "policy_bait_ready": false, "encounter": 0.1, "oracle_handoff": null, "children": 0, "active_guide_id": 1, "guide_alive": false, "active_guide_alive": false, "guided_delivered": 1}
{"viewer_manifest_refresh": {"status": "deferred", "reason": "bounded-memory runs defer full-replay viewer processing"}}
{
  "schema": "real-map-intake-result-v2",
  "policy": "integrated_guide.policy_v27:EmergencyGuides",
  "policy_hash": "b786cab54310e7e1c2d2fa370f5c59b5697bdddcad4ef2940a9e6b0443aac6dd",
  "harness_hashes": {
    "research/simple_chase/run_streaming_v2.py": "837e02b05d1ba3af71df0949cb30beb18a8b2844f090f8b383c692192c52719a",
    "research/simple_chase/sampling.py": "1efb7d309c4cc79bc87916c1bea72a7845e78d0c2cdf0aeaf9e2a758ceed48ab",
    "research/simple_chase/static_map.py": "197b16cbe9dd2e3dd06b81fe9481986a97bd92d9c2a55f33597cc9b7280faf3c",
    "debugger/streaming_recorder_v2.py": "d5ecda6bb39ec74a9ad86fb20458df5de7f466d73052558af9e2877be3d99b19"
  },
  "mode": "direct_guide",
  "map_seed": 10326,
  "fixture_seed": 20326,
  "static_map_hash": "d239249856b8e7701bc163b698340423350d5b8b1d28303c29863f89401d2ca3",
  "site": {
    "mouth": [
      1003.6553,
      187.1046
    ],
    "inward": [
      1.0,
      0.0
    ],
    "cross": [
      -0.0,
      1.0
    ],
    "goal": [
      1008.6553,
      187.1046
    ],
    "far": [
      878.6553,
      187.1046
    ],
    "hold": [
      928.6553,
      187.1046
    ],
    "gap": 11.0777,
    "overlap": 59.6949,
    "runup": [
      753.6553,
      187.1046
    ],
    "approach_lane_offset": 0.0,
    "offset_approach": false,
    "obstacle_indices": [
      11,
      26
    ],
    "axis": 1,
    "other_mouth": [
      1063.3502,
      187.1046
    ],
    "replacement_entry": [
      1083.3502,
      187.1046
    ],
    "second_access_clear": true,
    "second_access_radius": 5.01,
    "bait_depth": 5.0,
    "boundary_indices": [],
    "geometric_replacement_access_only": true
  },
  "station_bait": true,
  "requested_seconds": 300.0,
  "seconds": 300.0,
  "reason": "horizon",
  "native_render": true,
  "reproduction_of": null,
  "record_every_ticks": 1,
  "replay_frames": 3001,
  "initial_predators": 1,
  "final_predators_total": 2,
  "tracked_predators_present_final": 1,
  "ambient_predators_spawned": 1,
  "ambient_predators_present_final": 1,
  "agent_energy_refilled": true,
  "predator_state_native": false,
  "predator_dynamics_native_after_setup": true,
  "arranged_adjacent_awake_start": true,
  "bait_id": 0,
  "guide_id": 1,
  "bait_alive": true,
  "guide_alive": false,
  "deaths": [
    {
      "time": 17.7,
      "agent_id": 1,
      "role": "parent_guide"
    }
  ],
  "spawn_requests": [],
  "child_births": [],
  "fruit_consumptions": [],
  "parent_fruit_consumed_before_tracked_encounter": 0,
  "tracked_encounter_times": [
    0.1
  ],
  "conditional_delivery_denominator": true,
  "conditional_delivery_status": "not_applicable",
  "setup_oracle": false,
  "setup_oracle_target": null,
  "setup_oracle_ticks": 0,
  "setup_oracle_routing": null,
  "setup_oracle_route_resets": 0,
  "setup_oracle_policy_reset_before_handoff_act": false,
  "setup_oracle_handoff_time": null,
  "dynamic_action_privilege_ended_at": null,
  "target_switches": [
    {
      "time": 0.1,
      "tracked_predator_slot": 0,
      "target": 1
    },
    {
      "time": 10.7,
      "tracked_predator_slot": 0,
      "target": null
    },
    {
      "time": 11.0,
      "tracked_predator_slot": 0,
      "target": 1
    },
    {
      "time": 11.2,
      "tracked_predator_slot": 0,
      "target": null
    },
    {
      "time": 11.3,
      "tracked_predator_slot": 0,
      "target": 1
    },
    {
      "time": 11.7,
      "tracked_predator_slot": 0,
      "target": null
    },
    {
      "time": 12.1,
      "tracked_predator_slot": 0,
      "target": 1
    },
    {
      "time": 12.4,
      "tracked_predator_slot": 0,
      "target": null
    },
    {
      "time": 12.8,
      "tracked_predator_slot": 0,
      "target": 1
    },
    {
      "time": 13.2,
      "tracked_predator_slot": 0,
      "target": "resting"
    },
    {
      "time": 16.7,
      "tracked_predator_slot": 0,
      "target": 1
    },
    {
      "time": 17.7,
      "tracked_predator_slot": 0,
      "target": 0
    },
    {
      "time": 30.6,
      "tracked_predator_slot": 0,
      "target": "resting"
    },
    {
      "time": 34.1,
      "tracked_predator_slot": 0,
      "target": 0
    },
    {
      "time": 43.3,
      "tracked_predator_slot": 0,
      "target": "resting"
    },
    {
      "time": 46.8,
      "tracked_predator_slot": 0,
      "target": 0
    },
    {
      "time": 56.1,
      "tracked_predator_slot": 0,
      "target": "resting"
    },
    {
      "time": 59.6,
      "tracked_predator_slot": 0,
      "target": 0
    },
    {
      "time": 68.8,
      "tracked_predator_slot": 0,
      "target": "resting"
    },
    {
      "time": 72.3,
      "tracked_predator_slot": 0,
      "target": 0
    },
    {
      "time": 81.6,
      "tracked_predator_slot": 0,
      "target": "resting"
    },
    {
      "time": 85.1,
      "tracked_predator_slot": 0,
      "target": 0
    },
    {
      "time": 94.4,
      "tracked_predator_slot": 0,
      "target": "resting"
    },
    {
      "time": 97.9,
      "tracked_predator_slot": 0,
      "target": 0
    },
    {
      "time": 107.1,
      "tracked_predator_slot": 0,
      "target": "resting"
    },
    {
      "time": 110.6,
      "tracked_predator_slot": 0,
      "target": 0
    },
    {
      "time": 119.6,
      "tracked_predator_slot": 0,
      "target": "resting"
    },
    {
      "time": 123.1,
      "tracked_predator_slot": 0,
      "target": 0
    },
    {
      "time": 132.3,
      "tracked_predator_slot": 0,
      "target": "resting"
    },
    {
      "time": 135.8,
      "tracked_predator_slot": 0,
      "target": 0
    },
    {
      "time": 145.1,
      "tracked_predator_slot": 0,
      "target": "resting"
    },
    {
      "time": 148.6,
      "tracked_predator_slot": 0,
      "target": 0
    },
    {
      "time": 157.9,
      "tracked_predator_slot": 0,
      "target": "resting"
    },
    {
      "time": 161.4,
      "tracked_predator_slot": 0,
      "target": 0
    },
    {
      "time": 170.6,
      "tracked_predator_slot": 0,
      "target": "resting"
    },
    {
      "time": 174.1,
      "tracked_predator_slot": 0,
      "target": 0
    },
    {
      "time": 183.4,
      "tracked_predator_slot": 0,
      "target": "resting"
    },
    {
      "time": 186.9,
      "tracked_predator_slot": 0,
      "target": 0
    },
    {
      "time": 196.1,
      "tracked_predator_slot": 0,
      "target": "resting"
    },
    {
      "time": 199.6,
      "tracked_predator_slot": 0,
      "target": 0
    },
    {
      "time": 208.9,
      "tracked_predator_slot": 0,
      "target": "resting"
    },
    {
      "time": 212.4,
      "tracked_predator_slot": 0,
      "target": 0
    },
    {
      "time": 221.6,
      "tracked_predator_slot": 0,
      "target": "resting"
    },
    {
      "time": 225.1,
      "tracked_predator_slot": 0,
      "target": 0
    },
    {
      "time": 234.4,
      "tracked_predator_slot": 0,
      "target": "resting"
    },
    {
      "time": 237.9,
      "tracked_predator_slot": 0,
      "target": 0
    },
    {
      "time": 247.2,
      "tracked_predator_slot": 0,
      "target": "resting"
    },
    {
      "time": 250.7,
      "tracked_predator_slot": 0,
      "target": 0
    },
    {
      "time": 259.9,
      "tracked_predator_slot": 0,
      "target": "resting"
    },
    {
      "time": 263.4,
      "tracked_predator_slot": 0,
      "target": 0
    },
    {
      "time": 272.4,
      "tracked_predator_slot": 0,
      "target": "resting"
    },
    {
      "time": 275.9,
      "tracked_predator_slot": 0,
      "target": 0
    },
    {
      "time": 285.1,
      "tracked_predator_slot": 0,
      "target": "resting"
    },
    {
      "time": 288.6,
      "tracked_predator_slot": 0,
      "target": 0
    },
    {
      "time": 297.9,
      "tracked_predator_slot": 0,
      "target": "resting"
    }
  ],
  "guide_role_trace": [
    {
      "time": 0,
      "active_guide_id": 1
    }
  ],
  "guide_follow_trace": [
    {
      "time": 0.1,
      "active_guide_id": 1,
      "tracked_predator_slot": 0
    }
  ],
  "guide_role": "parent",
  "parent_role": "guide",
  "child_role": "gather_evade",
  "active_guide_id_final": 1,
  "active_guide_alive_final": false,
  "guide_role_ids": [
    1
  ],
  "bait_deployed_at": 0.1,
  "policy_bait_ready_final": false,
  "bait_left_after_deployment": null,
  "final_bait_distance_to_goal": 0.0,
  "first_guide_predator_observation": 0.1,
  "first_predator_following_guide": 0.1,
  "first_predator_following_active_guide": 0.1,
  "tracked_seen_by_guide": 1,
  "tracked_followed_active_guide": 1,
  "physical_entered": 1,
  "guided_delivered": 1,
  "physical_losses_after_delivery": 0,
  "target_losses_after_delivery": 0,
  "physical_entry_times": [
    17.8
  ],
  "guided_delivery_times": [
    17.8
  ],
  "loss_times": [
    null
  ],
  "target_loss_times": [
    null
  ],
  "tail_seconds": 30.0,
  "tail_physical_min": 1,
  "tail_contained_min": 1,
  "final_distance_from_mouth": [
    11.7508
  ],
  "max_distance_after_delivery": [
    25.6153
  ],
  "policy_events": [],
  "success": true,
  "replay": "results/simple_chase/replays/real-map-EmergencyGuides-m10326-f20326-p1-direct_guide-sitebait1-71c1a121.json.gz"
}
/home/Ucals/projects/NordicCupAI-wall-funneling/survival-simulator/oscar-trap-research/survival/results/simple_chase/real-map-EmergencyGuides-m10326-f20326-p1-direct_guide-sitebait1-71c1a121.json
