== t=0.2 alive=5 preds=0 trees=42 fruits=33 score=0.2
  a0 pos=(1205,286) age=0 e=149 maxE=500 spd=10/20 hear=50 vis=200/1.05 mode=('fruit', 10, None, 1, 1, 0) fr100=1 tr100=2 predDist=None
  a1 pos=(295,70) age=0 e=149 maxE=500 spd=10/20 hear=50 vis=200/1.05 mode=('fruit', 10, None, 1, 2, 0) fr100=1 tr100=2 predDist=None
  a2 pos=(839,1043) age=0 e=149 maxE=500 spd=10/20 hear=50 vis=200/1.05 mode=('fruit', 10, None, 1, 0, 0) fr100=2 tr100=0 predDist=None
  a3 pos=(736,979) age=0 e=149 maxE=500 spd=10/20 hear=50 vis=200/1.05 mode=('explore', 10, None, 0, 0, 0) fr100=2 tr100=0 predDist=None
  a4 pos=(1452,652) age=0 e=149 maxE=500 spd=10/20 hear=50 vis=200/1.05 mode=('explore', 10, None, 0, 1, 0) fr100=1 tr100=1 predDist=None
== t=25.0 alive=5 preds=0 trees=81 fruits=59 score=25.8
  a0 pos=(1417,100) age=25 e=266 maxE=500 spd=10/20 hear=50 vis=200/1.05 mode=('waitfruit', 0.0, None, 2, 9, 0) fr100=2 tr100=4 predDist=None
  a1 pos=(123,78) age=25 e=277 maxE=500 spd=10/20 hear=50 vis=200/1.05 mode=('treewait', 0.0, None, 0, 8, 0) fr100=0 tr100=2 predDist=None
  a2 pos=(83,747) age=25 e=200 maxE=500 spd=10/20 hear=50 vis=200/1.05 mode=('explore', 10, None, 0, 7, 0) fr100=0 tr100=0 predDist=None
  a3 pos=(388,1125) age=25 e=78 maxE=500 spd=10/20 hear=50 vis=200/1.05 mode=('conserve', 0.0, None, 0, 5, 0) fr100=0 tr100=1 predDist=None
  a4 pos=(1371,729) age=25 e=126 maxE=500 spd=10/20 hear=50 vis=200/1.05 mode=('detour', 10, None, 0, 4, 0) fr100=0 tr100=1 predDist=None
== t=50.0 alive=6 preds=0 trees=114 fruits=130 score=52.2
  a0 pos=(1553,68) age=50 e=137 maxE=500 spd=10/20 hear=50 vis=200/1.05 mode=('treewait', 0.0, None, 0, 9, 0) fr100=0 tr100=3 predDist=None
  a1 pos=(154,111) age=50 e=396 maxE=500 spd=10/20 hear=50 vis=200/1.05 mode=('fruit', 10, None, 1, 14, 0) fr100=1 tr100=4 predDist=None
  a2 pos=(343,276) age=50 e=464 maxE=500 spd=10/20 hear=50 vis=200/1.05 mode=('treewait', 0.0, None, 3, 15, 0) fr100=0 tr100=3 predDist=None
  a3 pos=(293,967) age=50 e=364 maxE=500 spd=10/20 hear=50 vis=200/1.05 mode=('river', 10, None, 7, 6, 0) fr100=1 tr100=0 predDist=None
  a4 pos=(1506,493) age=50 e=176 maxE=500 spd=10/20 hear=50 vis=200/1.05 mode=('fruit', 10, None, 3, 11, 0) fr100=1 tr100=2 predDist=None
  a5 pos=(1528,68) age=20 e=137 maxE=500 spd=10/20 hear=50 vis=200/1.05 mode=('treewait', 0.0, None, 0, 5, 0) fr100=0 tr100=4 predDist=None
== t=75.0 alive=11 preds=0 trees=99 fruits=191 score=79.7
  a0 pos=(1557,55) age=75 e=17 maxE=500 spd=10/20 hear=50 vis=200/1.05 mode=('elderwait', 0.0, None, 0, 8, 0) fr100=0 tr100=1 predDist=None
  a1 pos=(144,311) age=75 e=130 maxE=500 spd=10/20 hear=50 vis=200/1.05 mode=('elderwait', 0.0, None, 12, 18, 0) fr100=1 tr100=2 predDist=None
  a2 pos=(307,306) age=75 e=317 maxE=500 spd=10/20 hear=50 vis=200/1.05 mode=('elderwait', 0.0, None, 18, 16, 0) fr100=2 tr100=3 predDist=None
  a3 pos=(471,836) age=75 e=432 maxE=500 spd=10/20 hear=50 vis=200/1.05 mode=('fruit', 10, None, 9, 10, 0) fr100=6 tr100=4 predDist=None
  a4 pos=(1052,290) age=75 e=447 maxE=500 spd=10/20 hear=50 vis=200/1.05 mode=('elderwait', 0.0, None, 46, 25, 0) fr100=11 tr100=3 predDist=None
  a5 pos=(1280,108) age=45 e=116 maxE=500 spd=10/20 hear=50 vis=200/1.05 mode=('fruit', 10, None, 2, 5, 0) fr100=2 tr100=1 predDist=None
  a6 pos=(1036,221) age=13 e=454 maxE=500 spd=12/20 hear=50 vis=200/1.05 mode=('treewait', 0.0, None, 33, 16, 0) fr100=12 tr100=3 predDist=None
  a7 pos=(504,88) age=13 e=447 maxE=500 spd=10/20 hear=50 vis=200/1.05 mode=('treewait', 0.0, None, 11, 18, 0) fr100=0 tr100=2 predDist=None
  a8 pos=(274,667) age=13 e=366 maxE=500 spd=10/20 hear=50 vis=200/1.05 mode=('treewait', 0.0, None, 0, 6, 0) fr100=0 tr100=1 predDist=None
  a9 pos=(443,67) age=13 e=464 maxE=500 spd=10/20 hear=50 vis=232/1.05 mode=('treewait', 0.0, None, 14, 19, 0) fr100=1 tr100=2 predDist=None
  a10 pos=(231,652) age=13 e=108 maxE=500 spd=10/20 hear=50 vis=200/1.05 mode=('treewait', 0.0, None, 0, 7, 0) fr100=0 tr100=1 predDist=None
== t=100.0 alive=10 preds=0 trees=95 fruits=230 score=106.3
  a2 pos=(316,292) age=100 e=477 maxE=500 spd=10/20 hear=50 vis=200/1.05 mode=('elderwait', 0.0, None, 26, 16, 0) fr100=3 tr100=2 predDist=None
  a3 pos=(519,961) age=100 e=112 maxE=500 spd=10/20 hear=50 vis=200/1.05 mode=('elderwait', 0.0, None, 18, 10, 0) fr100=1 tr100=0 predDist=None
  a4 pos=(1019,267) age=100 e=488 maxE=500 spd=10/20 hear=50 vis=200/1.05 mode=('elderwait', 0.0, None, 49, 27, 0) fr100=1 tr100=3 predDist=None
  a5 pos=(1200,441) age=70 e=377 maxE=500 spd=10/20 hear=50 vis=200/1.05 mode=('elderwait', 0.0, None, 15, 11, 0) fr100=2 tr100=2 predDist=None
  a6 pos=(1063,241) age=38 e=461 maxE=500 spd=12/20 hear=50 vis=200/1.05 mode=('treewait', 0.0, None, 38, 22, 0) fr100=1 tr100=4 predDist=None
  a7 pos=(507,82) age=38 e=468 maxE=500 spd=10/20 hear=50 vis=200/1.05 mode=('tree', 10, None, 17, 15, 0) fr100=0 tr100=0 predDist=None
  a8 pos=(68,900) age=38 e=263 maxE=500 spd=10/20 hear=50 vis=200/1.05 mode=('river', 10, None, 1, 10, 0) fr100=0 tr100=1 predDist=None
  a9 pos=(614,55) age=38 e=468 maxE=500 spd=10/20 hear=50 vis=232/1.05 mode=('treewait', 0.0, None, 33, 23, 0) fr100=9 tr100=4 predDist=None
  a10 pos=(156,796) age=38 e=7 maxE=500 spd=10/20 hear=50 vis=200/1.05 mode=('explore', 10, None, 0, 10, 0) fr100=0 tr100=2 predDist=None
  a11 pos=(394,811) age=8 e=439 maxE=500 spd=10/20 hear=50 vis=200/1.56 mode=('treewait', 0.0, None, 5, 6, 0) fr100=3 tr100=4 predDist=None
== t=125.0 alive=13 preds=0 trees=90 fruits=230 score=132.8
  a2 pos=(316,292) age=125 e=51 maxE=500 spd=10/20 hear=50 vis=200/1.05 mode=('elderwait', 0.0, None, 28, 14, 0) fr100=3 tr100=0 predDist=None
  a4 pos=(1019,267) age=125 e=63 maxE=500 spd=10/20 hear=50 vis=200/1.05 mode=('elderwait', 0.0, None, 66, 29, 0) fr100=6 tr100=4 predDist=None
  a5 pos=(1200,441) age=95 e=26 maxE=500 spd=10/20 hear=50 vis=200/1.05 mode=('elderwait', 0.0, None, 20, 11, 0) fr100=2 tr100=1 predDist=None
  a6 pos=(1089,321) age=63 e=398 maxE=500 spd=12/20 hear=50 vis=200/1.05 mode=('fruit', 12.5, None, 45, 23, 0) fr100=3 tr100=4 predDist=None
  a7 pos=(657,129) age=63 e=435 maxE=500 spd=10/20 hear=50 vis=200/1.05 mode=('elderwait', 0.0, None, 44, 20, 0) fr100=13 tr100=5 predDist=None
  a8 pos=(435,826) age=63 e=486 maxE=500 spd=10/20 hear=50 vis=200/1.05 mode=('elderwait', 0.0, None, 8, 19, 0) fr100=3 tr100=3 predDist=None
  a9 pos=(644,52) age=63 e=442 maxE=500 spd=10/20 hear=50 vis=232/1.05 mode=('elderwait', 0.0, None, 44, 23, 0) fr100=4 tr100=3 predDist=None
  a11 pos=(487,1101) age=33 e=489 maxE=500 spd=10/20 hear=50 vis=200/1.56 mode=('treewait', 0.0, None, 8, 9, 0) fr100=1 tr100=2 predDist=None
  a12 pos=(888,375) age=24 e=486 maxE=500 spd=10/20 hear=42 vis=200/1.05 mode=('treewait', 0.0, None, 53, 13, 0) fr100=24 tr100=5 predDist=None
  a13 pos=(265,316) age=1 e=129 maxE=500 spd=10/18 hear=50 vis=200/1.05 mode=('fruit', 10, None, 12, 1, 0) fr100=5 tr100=0 predDist=None
  a14 pos=(1175,416) age=1 e=97 maxE=500 spd=10/19 hear=50 vis=213/1.05 mode=('fruit', 10, None, 6, 4, 0) fr100=2 tr100=1 predDist=None
  a15 pos=(1084,305) age=1 e=101 maxE=500 spd=12/20 hear=50 vis=200/1.05 mode=('fruit', 12.5, None, 12, 6, 0) fr100=3 tr100=5 predDist=None
  a16 pos=(719,60) age=1 e=228 maxE=500 spd=10/20 hear=50 vis=200/1.05 mode=('fruit', 10, None, 28, 6, 0) fr100=5 tr100=3 predDist=None
== t=150.0 alive=10 preds=0 trees=80 fruits=207 score=159.6
  a6 pos=(1090,327) age=88 e=301 maxE=500 spd=12/20 hear=50 vis=200/1.05 mode=('elderwait', 0.0, None, 44, 24, 0) fr100=3 tr100=2 predDist=None
  a7 pos=(713,125) age=88 e=257 maxE=500 spd=10/20 hear=50 vis=200/1.05 mode=('elderwait', 0.0, None, 42, 16, 0) fr100=3 tr100=3 predDist=None
  a8 pos=(418,815) age=88 e=475 maxE=500 spd=10/20 hear=50 vis=200/1.05 mode=('elderwait', 0.0, None, 8, 20, 0) fr100=4 tr100=2 predDist=None
  a9 pos=(644,52) age=88 e=397 maxE=500 spd=10/20 hear=50 vis=232/1.05 mode=('elderwait', 0.0, None, 45, 23, 0) fr100=6 tr100=0 predDist=None
  a11 pos=(487,1101) age=58 e=444 maxE=500 spd=10/20 hear=50 vis=200/1.56 mode=('treewait', 0.0, None, 11, 9, 0) fr100=3 tr100=1 predDist=None
  a12 pos=(888,375) age=49 e=441 maxE=500 spd=10/20 hear=42 vis=200/1.05 mode=('treewait', 0.0, None, 58, 12, 0) fr100=11 tr100=1 predDist=None
  a13 pos=(58,333) age=26 e=446 maxE=500 spd=10/18 hear=50 vis=200/1.05 mode=('treewait', 0.0, None, 16, 6, 0) fr100=4 tr100=1 predDist=None
  a14 pos=(859,388) age=26 e=490 maxE=500 spd=10/19 hear=50 vis=213/1.05 mode=('treewait', 0.0, None, 36, 15, 0) fr100=13 tr100=1 predDist=None
  a15 pos=(899,269) age=26 e=454 maxE=500 spd=12/20 hear=50 vis=200/1.05 mode=('treewait', 0.0, None, 42, 11, 0) fr100=2 tr100=0 predDist=None
  a16 pos=(748,154) age=26 e=459 maxE=500 spd=10/20 hear=50 vis=200/1.05 mode=('treewait', 0.0, None, 37, 5, 0) fr100=3 tr100=2 predDist=None
== t=175.0 alive=11 preds=0 trees=92 fruits=190 score=185.8
  a6 pos=(1036,340) age=113 e=60 maxE=500 spd=12/20 hear=50 vis=200/1.05 mode=('elderwait', 0.0, None, 38, 26, 0) fr100=6 tr100=6 predDist=None
  a8 pos=(418,815) age=113 e=80 maxE=500 spd=10/20 hear=50 vis=200/1.05 mode=('elderwait', 0.0, None, 11, 19, 0) fr100=2 tr100=1 predDist=None
  a9 pos=(644,52) age=113 e=352 maxE=500 spd=10/20 hear=50 vis=232/1.05 mode=('elderwait', 0.0, None, 29, 22, 0) fr100=3 tr100=1 predDist=None
  a11 pos=(568,1113) age=83 e=474 maxE=500 spd=10/20 hear=50 vis=200/1.56 mode=('elderwait', 0.0, None, 8, 11, 0) fr100=0 tr100=1 predDist=None
  a12 pos=(895,368) age=74 e=456 maxE=500 spd=10/20 hear=42 vis=200/1.05 mode=('elderwait', 0.0, None, 44, 16, 0) fr100=4 tr100=3 predDist=None
  a13 pos=(141,359) age=51 e=441 maxE=500 spd=10/18 hear=50 vis=200/1.05 mode=('treewait', 0.0, None, 19, 9, 0) fr100=3 tr100=3 predDist=None
  a14 pos=(876,397) age=51 e=471 maxE=500 spd=10/19 hear=50 vis=213/1.05 mode=('treewait', 0.0, None, 39, 21, 0) fr100=5 tr100=2 predDist=None
  a15 pos=(911,371) age=51 e=459 maxE=500 spd=12/20 hear=50 vis=200/1.05 mode=('treewait', 0.0, None, 44, 17, 0) fr100=4 tr100=3 predDist=None
  a16 pos=(791,157) age=51 e=472 maxE=500 spd=10/20 hear=50 vis=200/1.05 mode=('treewait', 0.0, None, 30, 7, 0) fr100=2 tr100=1 predDist=None
  a17 pos=(667,204) age=21 e=482 maxE=500 spd=10/20 hear=50 vis=200/1.05 mode=('treewait', 0.0, None, 13, 3, 0) fr100=3 tr100=1 predDist=None
  a18 pos=(660,1099) age=12 e=330 maxE=500 spd=10/20 hear=50 vis=200/1.05 mode=('fruit', 10.1, None, 2, 3, 0) fr100=1 tr100=1 predDist=None
== t=200.0 alive=12 preds=0 trees=89 fruits=186 score=212.4
  a11 pos=(568,1113) age=108 e=229 maxE=500 spd=10/20 hear=50 vis=200/1.56 mode=('elderwait', 0.0, None, 12, 10, 0) fr100=0 tr100=1 predDist=None
  a12 pos=(918,370) age=99 e=330 maxE=500 spd=10/20 hear=42 vis=200/1.05 mode=('elderwait', 0.0, None, 52, 20, 0) fr100=5 tr100=3 predDist=None
  a13 pos=(106,328) age=76 e=451 maxE=500 spd=10/18 hear=50 vis=200/1.05 mode=('elderwait', 0.0, None, 25, 7, 0) fr100=6 tr100=3 predDist=None
  a14 pos=(876,397) age=76 e=426 maxE=500 spd=10/19 hear=50 vis=213/1.05 mode=('elderwait', 0.0, None, 46, 24, 0) fr100=5 tr100=2 predDist=None
  a15 pos=(936,415) age=76 e=465 maxE=500 spd=12/20 hear=50 vis=200/1.05 mode=('elderwait', 0.0, None, 59, 20, 0) fr100=8 tr100=5 predDist=None
  a16 pos=(791,157) age=76 e=394 maxE=500 spd=10/20 hear=50 vis=200/1.05 mode=('elderwait', 0.0, None, 32, 6, 0) fr100=1 tr100=1 predDist=None
  a17 pos=(834,169) age=46 e=425 maxE=500 spd=10/20 hear=50 vis=200/1.05 mode=('fruit', 10, None, 17, 7, 0) fr100=2 tr100=3 predDist=None
  a18 pos=(612,818) age=37 e=468 maxE=500 spd=10/20 hear=50 vis=200/1.05 mode=('treewait', 0.0, None, 11, 7, 0) fr100=4 tr100=3 predDist=None
  a19 pos=(921,186) age=14 e=461 maxE=500 spd=10/20 hear=45 vis=147/1.05 mode=('treewait', 0.0, None, 9, 7, 0) fr100=7 tr100=3 predDist=None
  a20 pos=(207,842) age=14 e=166 maxE=500 spd=10/20 hear=50 vis=200/1.56 mode=('fruit', 10, None, 4, 4, 0) fr100=1 tr100=0 predDist=None
  a21 pos=(736,1082) age=14 e=145 maxE=500 spd=8/20 hear=50 vis=200/1.56 mode=('treewait', 0.0, None, 0, 3, 0) fr100=0 tr100=2 predDist=None
  a22 pos=(987,151) age=14 e=474 maxE=500 spd=10/20 hear=27 vis=200/1.05 mode=('treewait', 0.0, None, 25, 13, 0) fr100=6 tr100=4 predDist=None
== t=225.0 alive=11 preds=0 trees=78 fruits=221 score=238.1
  a12 pos=(961,345) age=124 e=163 maxE=500 spd=10/20 hear=42 vis=200/1.05 mode=('elderwait', 0.0, None, 69, 15, 0) fr100=13 tr100=2 predDist=None
  a13 pos=(106,328) age=101 e=406 maxE=500 spd=10/18 hear=50 vis=200/1.05 mode=('elderwait', 0.0, None, 21, 5, 0) fr100=5 tr100=1 predDist=None
  a14 pos=(876,397) age=101 e=302 maxE=500 spd=10/19 hear=50 vis=213/1.05 mode=('elderwait', 0.0, None, 54, 23, 0) fr100=6 tr100=0 predDist=None
  a15 pos=(936,415) age=101 e=440 maxE=500 spd=12/20 hear=50 vis=200/1.05 mode=('elderwait', 0.0, None, 58, 18, 0) fr100=8 tr100=2 predDist=None
  a16 pos=(791,157) age=101 e=128 maxE=500 spd=10/20 hear=50 vis=200/1.05 mode=('elderwait', 0.0, None, 23, 6, 0) fr100=1 tr100=1 predDist=None
  a17 pos=(911,165) age=71 e=461 maxE=500 spd=10/20 hear=50 vis=200/1.05 mode=('elderwait', 0.0, None, 28, 8, 0) fr100=8 tr100=1 predDist=None
  a18 pos=(612,818) age=62 e=443 maxE=500 spd=10/20 hear=50 vis=200/1.05 mode=('treewait', 0.0, None, 16, 7, 0) fr100=7 tr100=2 predDist=None
  a19 pos=(937,211) age=39 e=479 maxE=500 spd=10/20 hear=45 vis=147/1.05 mode=('treewait', 0.0, None, 20, 5, 0) fr100=11 tr100=1 predDist=None
  a20 pos=(150,522) age=39 e=482 maxE=500 spd=10/20 hear=50 vis=200/1.56 mode=('treewait', 0.0, None, 19, 3, 0) fr100=10 tr100=1 predDist=None
  a21 pos=(740,912) age=39 e=36 maxE=500 spd=8/20 hear=50 vis=200/1.56 mode=('river', 8.1, None, 2, 4, 0) fr100=0 tr100=1 predDist=None
  a22 pos=(1028,171) age=39 e=496 maxE=500 spd=10/20 hear=27 vis=200/1.05 mode=('treewait', 0.0, None, 45, 9, 0) fr100=11 tr100=2 predDist=None
== t=250.0 alive=12 preds=0 trees=80 fruits=192 score=264.6
  a13 pos=(106,328) age=126 e=30 maxE=500 spd=10/18 hear=50 vis=200/1.05 mode=('elderwait', 0.0, None, 14, 5, 0) fr100=0 tr100=1 predDist=None
  a15 pos=(955,420) age=126 e=133 maxE=500 spd=12/20 hear=50 vis=200/1.05 mode=('elderwait', 0.0, None, 44, 15, 0) fr100=0 tr100=2 predDist=None
  a17 pos=(912,174) age=96 e=306 maxE=500 spd=10/20 hear=50 vis=200/1.05 mode=('elderwait', 0.0, None, 30, 11, 0) fr100=1 tr100=2 predDist=None
  a18 pos=(592,815) age=87 e=457 maxE=500 spd=10/20 hear=50 vis=200/1.05 mode=('elderwait', 0.0, None, 18, 7, 0) fr100=11 tr100=1 predDist=None
  a19 pos=(937,211) age=64 e=434 maxE=500 spd=10/20 hear=45 vis=147/1.05 mode=('elderwait', 0.0, None, 15, 8, 0) fr100=2 tr100=2 predDist=None
  a20 pos=(210,157) age=64 e=453 maxE=500 spd=10/20 hear=50 vis=200/1.56 mode=('elderwait', 0.0, None, 24, 7, 0) fr100=1 tr100=5 predDist=None
  a22 pos=(1048,231) age=64 e=444 maxE=500 spd=10/20 hear=27 vis=200/1.05 mode=('elderwait', 0.0, None, 65, 13, 0) fr100=15 tr100=3 predDist=None
  a23 pos=(1059,243) age=25 e=436 maxE=500 spd=10/25 hear=42 vis=200/0.99 mode=('treewait', 0.0, None, 39, 9, 0) fr100=16 tr100=3 predDist=None
  a24 pos=(679,466) age=18 e=441 maxE=500 spd=10/19 hear=50 vis=213/1.05 mode=('treewait', 0.0, None, 28, 9, 0) fr100=4 tr100=1 predDist=None
  a25 pos=(206,175) age=2 e=161 maxE=500 spd=10/18 hear=50 vis=200/1.05 mode=('fruit', 10, None, 5, 7, 0) fr100=1 tr100=4 predDist=None
  a26 pos=(1046,393) age=2 e=301 maxE=500 spd=12/20 hear=50 vis=200/1.05 mode=('fruit', 12.5, None, 12, 5, 0) fr100=3 tr100=1 predDist=None
  a27 pos=(196,192) age=2 e=65 maxE=500 spd=10/18 hear=50 vis=200/1.05 mode=('fruit', 10, None, 4, 7, 0) fr100=1 tr100=3 predDist=None
== t=275.0 alive=10 preds=0 trees=78 fruits=165 score=291.3
  a17 pos=(924,248) age=121 e=31 maxE=500 spd=10/20 hear=50 vis=200/1.05 mode=('elderwait', 0.0, None, 28, 14, 0) fr100=2 tr100=3 predDist=None
  a18 pos=(616,825) age=112 e=447 maxE=500 spd=10/20 hear=50 vis=200/1.05 mode=('elderwait', 0.0, None, 16, 8, 0) fr100=6 tr100=2 predDist=None
  a19 pos=(974,243) age=89 e=446 maxE=500 spd=10/20 hear=45 vis=147/1.05 mode=('elderwait', 0.0, None, 16, 10, 0) fr100=2 tr100=2 predDist=None
  a20 pos=(189,130) age=89 e=406 maxE=500 spd=10/20 hear=50 vis=200/1.56 mode=('elderwait', 0.0, None, 24, 7, 0) fr100=0 tr100=3 predDist=None
  a22 pos=(1082,223) age=89 e=347 maxE=500 spd=10/20 hear=27 vis=200/1.05 mode=('elderwait', 0.0, None, 50, 15, 0) fr100=6 tr100=3 predDist=None
  a23 pos=(1065,268) age=50 e=483 maxE=500 spd=10/25 hear=42 vis=200/0.99 mode=('treewait', 0.0, None, 45, 11, 0) fr100=1 tr100=3 predDist=None
  a24 pos=(770,598) age=43 e=484 maxE=500 spd=10/19 hear=50 vis=213/1.05 mode=('treewait', 0.0, None, 37, 9, 0) fr100=6 tr100=2 predDist=None
  a25 pos=(717,375) age=27 e=438 maxE=500 spd=10/18 hear=50 vis=200/1.05 mode=('treewait', 0.0, None, 10, 13, 0) fr100=3 tr100=2 predDist=None
  a26 pos=(1113,276) age=27 e=445 maxE=500 spd=12/20 hear=50 vis=200/1.05 mode=('treewait', 0.0, None, 24, 11, 0) fr100=3 tr100=3 predDist=None
  a27 pos=(299,126) age=27 e=444 maxE=500 spd=10/18 hear=50 vis=200/1.05 mode=('treewait', 0.0, None, 6, 10, 0) fr100=1 tr100=2 predDist=None
== t=300.0 alive=11 preds=0 trees=65 fruits=188 score=317.3
  a18 pos=(597,835) age=137 e=8 maxE=500 spd=10/20 hear=50 vis=200/1.05 mode=('elderwait', 0.0, None, 13, 5, 0) fr100=0 tr100=2 predDist=None
  a19 pos=(936,146) age=114 e=304 maxE=500 spd=10/20 hear=45 vis=147/1.05 mode=('elderwait', 0.0, None, 19, 8, 0) fr100=7 tr100=3 predDist=None
  a20 pos=(189,130) age=114 e=180 maxE=500 spd=10/20 hear=50 vis=200/1.56 mode=('elderwait', 0.0, None, 17, 8, 0) fr100=10 tr100=1 predDist=None
  a22 pos=(1082,223) age=114 e=49 maxE=500 spd=10/20 hear=27 vis=200/1.05 mode=('elderwait', 0.0, None, 37, 15, 0) fr100=5 tr100=1 predDist=None
  a23 pos=(1060,268) age=75 e=438 maxE=500 spd=10/25 hear=42 vis=200/0.99 mode=('elderwait', 0.0, None, 36, 11, 0) fr100=2 tr100=1 predDist=None
  a24 pos=(914,634) age=68 e=493 maxE=500 spd=10/19 hear=50 vis=213/1.05 mode=('elderwait', 0.0, None, 26, 13, 0) fr100=1 tr100=1 predDist=None
  a25 pos=(884,362) age=52 e=455 maxE=500 spd=10/18 hear=50 vis=200/1.05 mode=('treewait', 0.0, None, 25, 18, 0) fr100=6 tr100=3 predDist=None
  a26 pos=(1131,235) age=52 e=438 maxE=500 spd=12/20 hear=50 vis=200/1.05 mode=('treewait', 0.0, None, 41, 12, 0) fr100=4 tr100=2 predDist=None
  a27 pos=(308,67) age=52 e=451 maxE=500 spd=10/18 hear=50 vis=200/1.05 mode=('treewait', 0.0, None, 15, 10, 0) fr100=4 tr100=0 predDist=None
  a28 pos=(663,1060) age=13 e=463 maxE=500 spd=10/20 hear=50 vis=200/1.05 mode=('treewait', 0.0, None, 7, 5, 0) fr100=3 tr100=2 predDist=None
  a29 pos=(671,1020) age=6 e=82 maxE=500 spd=10/20 hear=50 vis=200/1.05 mode=('fruit', 10.1, None, 6, 6, 0) fr100=3 tr100=2 predDist=None
== t=325.0 alive=10 preds=0 trees=63 fruits=166 score=344.5
  a23 pos=(1060,268) age=100 e=125 maxE=500 spd=10/25 hear=42 vis=200/0.99 mode=('elderwait', 0.0, None, 41, 16, 0) fr100=1 tr100=2 predDist=None
  a24 pos=(914,634) age=93 e=348 maxE=500 spd=10/19 hear=50 vis=213/1.05 mode=('elderwait', 0.0, None, 19, 14, 0) fr100=2 tr100=1 predDist=None
  a25 pos=(931,379) age=77 e=468 maxE=500 spd=10/18 hear=50 vis=200/1.05 mode=('elderwait', 0.0, None, 32, 24, 0) fr100=5 tr100=6 predDist=None
  a26 pos=(1187,190) age=77 e=443 maxE=500 spd=12/20 hear=50 vis=200/1.05 mode=('elderwait', 0.0, None, 28, 10, 0) fr100=2 tr100=2 predDist=None
  a27 pos=(221,238) age=77 e=468 maxE=500 spd=10/18 hear=50 vis=200/1.05 mode=('elderwait', 0.0, None, 35, 11, 0) fr100=10 tr100=2 predDist=None
  a28 pos=(663,1060) age=38 e=439 maxE=500 spd=10/20 hear=50 vis=200/1.05 mode=('treewait', 0.0, None, 7, 5, 0) fr100=1 tr100=2 predDist=None
  a29 pos=(664,859) age=31 e=387 maxE=500 spd=10/20 hear=50 vis=200/1.05 mode=('fruit', 10.1, None, 2, 8, 0) fr100=1 tr100=2 predDist=None
  a30 pos=(946,427) age=15 e=491 maxE=500 spd=6/25 hear=42 vis=200/0.99 mode=('treewait', 0.0, None, 18, 11, 0) fr100=6 tr100=6 predDist=None
  a31 pos=(723,328) age=15 e=450 maxE=500 spd=10/19 hear=50 vis=213/1.05 mode=('treewait', 0.0, None, 7, 10, 0) fr100=3 tr100=3 predDist=None
  a32 pos=(1259,130) age=15 e=480 maxE=500 spd=10/25 hear=42 vis=200/0.99 mode=('treewait', 0.0, None, 15, 5, 0) fr100=1 tr100=2 predDist=None
== t=350.0 alive=10 preds=0 trees=61 fruits=152 score=370.2
  a24 pos=(904,634) age=118 e=108 maxE=500 spd=10/19 hear=50 vis=213/1.05 mode=('elderwait', 0.0, None, 20, 16, 0) fr100=3 tr100=2 predDist=None
  a25 pos=(954,398) age=102 e=481 maxE=500 spd=10/18 hear=50 vis=200/1.05 mode=('elderwait', 0.0, None, 42, 23, 0) fr100=14 tr100=4 predDist=None
  a26 pos=(1187,190) age=102 e=250 maxE=500 spd=12/20 hear=50 vis=200/1.05 mode=('elderwait', 0.0, None, 30, 11, 0) fr100=3 tr100=3 predDist=None
  a27 pos=(182,321) age=102 e=488 maxE=500 spd=10/18 hear=50 vis=200/1.05 mode=('elderwait', 0.0, None, 39, 11, 0) fr100=9 tr100=2 predDist=None
  a28 pos=(675,1060) age=63 e=451 maxE=500 spd=10/20 hear=50 vis=200/1.05 mode=('elderwait', 0.0, None, 4, 6, 0) fr100=2 tr100=1 predDist=None
  a29 pos=(553,729) age=56 e=458 maxE=500 spd=10/20 hear=50 vis=200/1.05 mode=('treewait', 0.0, None, 7, 6, 0) fr100=5 tr100=1 predDist=None
  a30 pos=(946,427) age=40 e=446 maxE=500 spd=6/25 hear=42 vis=200/0.99 mode=('treewait', 0.0, None, 30, 11, 0) fr100=12 tr100=4 predDist=None
  a31 pos=(685,341) age=40 e=446 maxE=500 spd=10/19 hear=50 vis=213/1.05 mode=('treewait', 0.0, None, 15, 12, 0) fr100=5 tr100=2 predDist=None
  a32 pos=(1217,158) age=40 e=481 maxE=500 spd=10/25 hear=42 vis=200/0.99 mode=('tree', 10, None, 20, 7, 0) fr100=3 tr100=2 predDist=None
  a33 pos=(964,668) age=1 e=70 maxE=363 spd=10/24 hear=50 vis=213/1.05 mode=('fruit', 10, None, 2, 3, 0) fr100=3 tr100=3 predDist=None
== t=375.0 alive=12 preds=0 trees=60 fruits=135 score=396.9
  a25 pos=(1001,463) age=127 e=104 maxE=500 spd=10/18 hear=50 vis=200/1.05 mode=('elderwait', 0.0, None, 38, 20, 0) fr100=1 tr100=1 predDist=None
  a27 pos=(165,339) age=127 e=177 maxE=500 spd=10/18 hear=50 vis=200/1.05 mode=('elderwait', 0.0, None, 32, 12, 0) fr100=3 tr100=2 predDist=None
  a28 pos=(675,1060) age=88 e=238 maxE=500 spd=10/20 hear=50 vis=200/1.05 mode=('elderwait', 0.0, None, 4, 5, 0) fr100=4 tr100=1 predDist=None
  a29 pos=(569,717) age=81 e=447 maxE=500 spd=10/20 hear=50 vis=200/1.05 mode=('elderwait', 0.0, None, 6, 6, 0) fr100=4 tr100=0 predDist=None
  a30 pos=(948,377) age=65 e=440 maxE=500 spd=6/25 hear=42 vis=200/0.99 mode=('elderwait', 0.0, None, 45, 13, 0) fr100=7 tr100=3 predDist=None
  a31 pos=(684,351) age=65 e=458 maxE=500 spd=10/19 hear=50 vis=213/1.05 mode=('elderwait', 0.0, None, 32, 14, 0) fr100=5 tr100=3 predDist=None
  a32 pos=(1164,75) age=65 e=461 maxE=500 spd=10/25 hear=42 vis=200/0.99 mode=('elderwait', 0.0, None, 20, 8, 0) fr100=2 tr100=2 predDist=None
  a33 pos=(850,511) age=26 e=311 maxE=363 spd=10/24 hear=50 vis=213/1.05 mode=('treewait', 0.0, None, 34, 15, 0) fr100=7 tr100=2 predDist=None
  a34 pos=(857,321) age=19 e=474 maxE=500 spd=10/18 hear=50 vis=200/0.78 mode=('treewait', 0.0, None, 35, 12, 0) fr100=10 tr100=3 predDist=None
  a35 pos=(1034,321) age=3 e=101 maxE=500 spd=10/20 hear=50 vis=200/1.05 mode=('fruit', 10, None, 10, 3, 0) fr100=1 tr100=0 predDist=None
  a36 pos=(163,77) age=3 e=353 maxE=500 spd=10/18 hear=50 vis=200/1.05 mode=('fruit', 10, None, 2, 6, 0) fr100=2 tr100=4 predDist=None
  a37 pos=(1037,291) age=3 e=114 maxE=500 spd=13/18 hear=50 vis=200/1.05 mode=('fruit', 12.9, None, 10, 2, 0) fr100=7 tr100=0 predDist=None
== t=400.0 alive=9 preds=0 trees=66 fruits=148 score=423.2
  a29 pos=(577,711) age=106 e=228 maxE=500 spd=10/20 hear=50 vis=200/1.05 mode=('elderwait', 0.0, None, 3, 6, 0) fr100=1 tr100=0 predDist=None
  a30 pos=(924,373) age=90 e=454 maxE=500 spd=6/25 hear=42 vis=200/0.99 mode=('elderwait', 0.0, None, 53, 14, 0) fr100=6 tr100=5 predDist=None
  a31 pos=(664,329) age=90 e=450 maxE=500 spd=10/19 hear=50 vis=213/1.05 mode=('elderwait', 0.0, None, 37, 13, 0) fr100=8 tr100=1 predDist=None
  a32 pos=(1164,75) age=90 e=323 maxE=500 spd=10/25 hear=42 vis=200/0.99 mode=('elderwait', 0.0, None, 20, 10, 0) fr100=5 tr100=3 predDist=None
  a33 pos=(879,445) age=51 e=320 maxE=363 spd=10/24 hear=50 vis=213/1.05 mode=('treewait', 0.0, None, 44, 13, 0) fr100=8 tr100=2 predDist=None
  a34 pos=(824,356) age=44 e=486 maxE=500 spd=10/18 hear=50 vis=200/0.78 mode=('treewait', 0.0, None, 45, 11, 0) fr100=9 tr100=3 predDist=None
  a35 pos=(769,398) age=28 e=478 maxE=500 spd=10/20 hear=50 vis=200/1.05 mode=('treewait', 0.0, None, 33, 16, 0) fr100=8 tr100=1 predDist=None
  a36 pos=(181,68) age=28 e=440 maxE=500 spd=10/18 hear=50 vis=200/1.05 mode=('treewait', 0.0, None, 6, 7, 0) fr100=5 tr100=2 predDist=None
  a37 pos=(963,204) age=28 e=452 maxE=500 spd=13/18 hear=50 vis=200/1.05 mode=('treewait', 0.0, None, 13, 10, 0) fr100=2 tr100=2 predDist=None
== t=425.0 alive=10 preds=0 trees=67 fruits=146 score=449.3
  a30 pos=(861,396) age=115 e=375 maxE=500 spd=6/25 hear=42 vis=200/0.99 mode=('elderwait', 0.0, None, 30, 11, 0) fr100=1 tr100=4 predDist=None
  a31 pos=(657,312) age=115 e=350 maxE=500 spd=10/19 hear=50 vis=213/1.05 mode=('elderwait', 0.0, None, 32, 12, 0) fr100=0 tr100=1 predDist=None
  a32 pos=(1164,75) age=115 e=22 maxE=500 spd=10/25 hear=42 vis=200/0.99 mode=('elderwait', 0.0, None, 17, 10, 0) fr100=6 tr100=3 predDist=None
  a33 pos=(879,445) age=76 e=276 maxE=363 spd=10/24 hear=50 vis=213/1.05 mode=('elderwait', 0.0, None, 42, 13, 0) fr100=0 tr100=2 predDist=None
  a34 pos=(814,357) age=69 e=441 maxE=500 spd=10/18 hear=50 vis=200/0.78 mode=('elderwait', 0.0, None, 32, 13, 0) fr100=1 tr100=2 predDist=None
  a35 pos=(883,352) age=53 e=487 maxE=500 spd=10/20 hear=50 vis=200/1.05 mode=('treewait', 0.0, None, 36, 11, 0) fr100=1 tr100=4 predDist=None
  a36 pos=(162,68) age=53 e=452 maxE=500 spd=10/18 hear=50 vis=200/1.05 mode=('treewait', 0.0, None, 8, 8, 0) fr100=3 tr100=1 predDist=None
  a37 pos=(965,200) age=53 e=464 maxE=500 spd=13/18 hear=50 vis=200/1.05 mode=('treewait', 0.0, None, 20, 8, 0) fr100=6 tr100=1 predDist=None
  a38 pos=(710,49) age=14 e=200 maxE=329 spd=10/19 hear=50 vis=213/1.05 mode=('treewait', 0.0, None, 0, 1, 0) fr100=0 tr100=1 predDist=None
  a39 pos=(1022,594) age=7 e=471 maxE=500 spd=10/19 hear=50 vis=213/1.05 mode=('treewait', 0.0, None, 30, 14, 0) fr100=12 tr100=4 predDist=None
== t=450.0 alive=10 preds=0 trees=61 fruits=154 score=475.5
  a30 pos=(832,398) age=140 e=9 maxE=500 spd=6/25 hear=42 vis=200/0.99 mode=('elderwait', 0.0, None, 24, 9, 0) fr100=3 tr100=2 predDist=None
  a34 pos=(814,357) age=94 e=353 maxE=500 spd=10/18 hear=50 vis=200/0.78 mode=('elderwait', 0.0, None, 31, 11, 0) fr100=2 tr100=2 predDist=None
  a35 pos=(883,352) age=78 e=442 maxE=500 spd=10/20 hear=50 vis=200/1.05 mode=('elderwait', 0.0, None, 32, 11, 0) fr100=5 tr100=2 predDist=None
  a36 pos=(202,113) age=78 e=425 maxE=500 spd=10/18 hear=50 vis=200/1.05 mode=('elderwait', 0.0, None, 16, 5, 0) fr100=3 tr100=1 predDist=None
  a37 pos=(946,194) age=78 e=478 maxE=500 spd=13/18 hear=50 vis=200/1.05 mode=('elderwait', 0.0, None, 22, 10, 0) fr100=5 tr100=2 predDist=None
  a38 pos=(269,146) age=39 e=309 maxE=329 spd=10/19 hear=50 vis=213/1.05 mode=('treewait', 0.0, None, 17, 8, 0) fr100=1 tr100=1 predDist=None
  a39 pos=(1022,604) age=32 e=491 maxE=500 spd=10/19 hear=50 vis=213/1.05 mode=('treewait', 0.0, None, 49, 13, 0) fr100=19 tr100=1 predDist=None
  a40 pos=(293,454) age=16 e=486 maxE=500 spd=10/19 hear=50 vis=213/1.05 mode=('treewait', 0.0, None, 14, 5, 0) fr100=0 tr100=1 predDist=None
  a41 pos=(900,676) age=16 e=316 maxE=363 spd=12/24 hear=50 vis=213/1.05 mode=('treewait', 0.0, None, 31, 6, 0) fr100=13 tr100=3 predDist=None
  a42 pos=(554,75) age=16 e=56 maxE=500 spd=7/19 hear=50 vis=213/1.05 mode=('explore', 6.5, None, 0, 4, 0) fr100=0 tr100=0 predDist=None
== t=475.0 alive=10 preds=0 trees=55 fruits=159 score=501.3
  a34 pos=(814,357) age=119 e=42 maxE=500 spd=10/18 hear=50 vis=200/0.78 mode=('elderwait', 0.0, None, 17, 12, 0) fr100=1 tr100=3 predDist=None
  a35 pos=(873,380) age=103 e=312 maxE=500 spd=10/20 hear=50 vis=200/1.05 mode=('elderwait', 0.0, None, 15, 11, 0) fr100=0 tr100=2 predDist=None
  a36 pos=(202,113) age=103 e=282 maxE=500 spd=10/18 hear=50 vis=200/1.05 mode=('elderwait', 0.0, None, 22, 6, 0) fr100=2 tr100=1 predDist=None
  a37 pos=(944,181) age=103 e=432 maxE=500 spd=13/18 hear=50 vis=200/1.05 mode=('elderwait', 0.0, None, 21, 11, 0) fr100=5 tr100=2 predDist=None
  a38 pos=(150,177) age=64 e=304 maxE=329 spd=10/19 hear=50 vis=213/1.05 mode=('elderwait', 0.0, None, 18, 10, 0) fr100=1 tr100=2 predDist=None
  a39 pos=(1022,604) age=57 e=446 maxE=500 spd=10/19 hear=50 vis=213/1.05 mode=('treewait', 0.0, None, 45, 12, 0) fr100=14 tr100=1 predDist=None
  a40 pos=(311,351) age=41 e=491 maxE=500 spd=10/19 hear=50 vis=213/1.05 mode=('treewait', 0.0, None, 20, 8, 0) fr100=3 tr100=2 predDist=None
  a41 pos=(887,697) age=41 e=330 maxE=363 spd=12/24 hear=50 vis=213/1.05 mode=('treewait', 0.0, None, 30, 5, 0) fr100=8 tr100=0 predDist=None
  a42 pos=(292,335) age=41 e=484 maxE=500 spd=7/19 hear=50 vis=213/1.05 mode=('treewait', 0.0, None, 7, 15, 0) fr100=2 tr100=3 predDist=None
  a43 pos=(1008,466) age=2 e=184 maxE=500 spd=10/20 hear=50 vis=200/1.05 mode=('fruit', 10, None, 12, 3, 0) fr100=7 tr100=1 predDist=None
== t=500.0 alive=11 preds=0 trees=53 fruits=117 score=527.8
  a37 pos=(944,181) age=128 e=5 maxE=500 spd=13/18 hear=50 vis=200/1.05 mode=('elderwait', 0.0, None, 20, 10, 0) fr100=4 tr100=1 predDist=None
  a38 pos=(144,169) age=89 e=18 maxE=329 spd=10/19 hear=50 vis=213/1.05 mode=('elderwait', 0.0, None, 21, 11, 0) fr100=2 tr100=2 predDist=None
  a39 pos=(1030,599) age=82 e=399 maxE=500 spd=10/19 hear=50 vis=213/1.05 mode=('elderwait', 0.0, None, 30, 16, 0) fr100=5 tr100=4 predDist=None
  a40 pos=(311,351) age=66 e=446 maxE=500 spd=10/19 hear=50 vis=213/1.05 mode=('elderwait', 0.0, None, 17, 8, 0) fr100=4 tr100=1 predDist=None
  a41 pos=(952,641) age=66 e=301 maxE=363 spd=12/24 hear=50 vis=213/1.05 mode=('elderwait', 0.0, None, 23, 6, 0) fr100=3 tr100=1 predDist=None
  a42 pos=(279,299) age=66 e=412 maxE=500 spd=7/19 hear=50 vis=213/1.05 mode=('elderwait', 0.0, None, 21, 15, 0) fr100=3 tr100=2 predDist=None
  a43 pos=(1077,518) age=27 e=458 maxE=500 spd=10/20 hear=50 vis=200/1.05 mode=('treewait', 0.0, None, 16, 7, 0) fr100=3 tr100=4 predDist=None
  a44 pos=(386,333) age=20 e=438 maxE=500 spd=10/18 hear=50 vis=200/1.05 mode=('treewait', 0.0, None, 9, 9, 0) fr100=3 tr100=1 predDist=None
  a45 pos=(647,369) age=4 e=368 maxE=500 spd=13/18 hear=50 vis=200/1.05 mode=('fruit', 12.9, None, 4, 7, 0) fr100=1 tr100=1 predDist=None
  a46 pos=(515,82) age=4 e=50 maxE=329 spd=10/19 hear=30 vis=213/1.05 mode=('fruit', 10, None, 3, 3, 0) fr100=0 tr100=0 predDist=None
  a47 pos=(1089,243) age=4 e=347 maxE=500 spd=13/18 hear=34 vis=200/1.05 mode=('fruit', 12.9, None, 8, 7, 0) fr100=5 tr100=2 predDist=None
== t=525.0 alive=9 preds=0 trees=54 fruits=87 score=553.7
  a39 pos=(1030,599) age=107 e=118 maxE=500 spd=10/19 hear=50 vis=213/1.05 mode=('elderwait', 0.0, None, 21, 14, 0) fr100=3 tr100=2 predDist=None
  a40 pos=(311,351) age=91 e=316 maxE=500 spd=10/19 hear=50 vis=213/1.05 mode=('elderwait', 0.0, None, 16, 6, 0) fr100=4 tr100=1 predDist=None
  a41 pos=(955,629) age=91 e=249 maxE=363 spd=12/24 hear=50 vis=213/1.05 mode=('elderwait', 0.0, None, 18, 6, 0) fr100=1 tr100=0 predDist=None
  a42 pos=(279,299) age=91 e=171 maxE=500 spd=7/19 hear=50 vis=213/1.05 mode=('elderwait', 0.0, None, 19, 14, 0) fr100=4 tr100=1 predDist=None
  a43 pos=(1069,520) age=52 e=471 maxE=500 spd=10/20 hear=50 vis=200/1.05 mode=('treewait', 0.0, None, 14, 6, 0) fr100=3 tr100=3 predDist=None
  a44 pos=(274,301) age=45 e=486 maxE=500 spd=10/18 hear=50 vis=200/1.05 mode=('treewait', 0.0, None, 14, 8, 0) fr100=4 tr100=1 predDist=None
  a45 pos=(552,408) age=29 e=463 maxE=500 spd=13/18 hear=50 vis=200/1.05 mode=('treewait', 0.0, None, 10, 9, 0) fr100=4 tr100=2 predDist=None
  a46 pos=(924,87) age=29 e=295 maxE=329 spd=10/19 hear=30 vis=213/1.05 mode=('treewait', 0.0, None, 3, 7, 0) fr100=2 tr100=1 predDist=None
  a47 pos=(1174,259) age=29 e=445 maxE=500 spd=13/18 hear=34 vis=200/1.05 mode=('treewait', 0.0, None, 26, 7, 0) fr100=7 tr100=1 predDist=None
== t=550.0 alive=7 preds=0 trees=61 fruits=107 score=579.7
  a43 pos=(1088,515) age=77 e=273 maxE=500 spd=10/20 hear=50 vis=200/1.05 mode=('elderwait', 0.0, None, 13, 10, 0) fr100=0 tr100=1 predDist=None
  a44 pos=(274,301) age=70 e=442 maxE=500 spd=10/18 hear=50 vis=200/1.05 mode=('elderwait', 0.0, None, 15, 13, 0) fr100=5 tr100=3 predDist=None
  a45 pos=(547,453) age=54 e=476 maxE=500 spd=13/18 hear=50 vis=200/1.05 mode=('treewait', 0.0, None, 13, 9, 0) fr100=5 tr100=1 predDist=None
  a46 pos=(921,67) age=54 e=293 maxE=329 spd=10/19 hear=30 vis=213/1.05 mode=('treewait', 0.0, None, 6, 7, 0) fr100=4 tr100=1 predDist=None
  a47 pos=(1206,254) age=54 e=444 maxE=500 spd=13/18 hear=34 vis=200/1.05 mode=('treewait', 0.0, None, 24, 8, 0) fr100=5 tr100=3 predDist=None
  a48 pos=(242,169) age=15 e=463 maxE=500 spd=10/19 hear=50 vis=213/1.05 mode=('treewait', 0.0, None, 11, 9, 0) fr100=4 tr100=1 predDist=None
  a49 pos=(1143,505) age=8 e=463 maxE=500 spd=10/20 hear=50 vis=200/1.05 mode=('treewait', 0.0, None, 4, 6, 0) fr100=0 tr100=2 predDist=None
== t=575.0 alive=9 preds=0 trees=51 fruits=129 score=606.5
  a44 pos=(277,243) age=95 e=254 maxE=500 spd=10/18 hear=50 vis=200/1.05 mode=('elderwait', 0.0, None, 25, 13, 0) fr100=4 tr100=3 predDist=None
  a45 pos=(559,476) age=79 e=488 maxE=500 spd=13/18 hear=50 vis=200/1.05 mode=('elderwait', 0.0, None, 10, 9, 0) fr100=4 tr100=2 predDist=None
  a46 pos=(923,63) age=79 e=308 maxE=329 spd=10/19 hear=30 vis=213/1.05 mode=('elderwait', 0.0, None, 7, 6, 0) fr100=4 tr100=0 predDist=None
  a47 pos=(1231,257) age=79 e=452 maxE=500 spd=13/18 hear=34 vis=200/1.05 mode=('elderwait', 0.0, None, 21, 8, 0) fr100=4 tr100=4 predDist=None
  a48 pos=(229,218) age=40 e=449 maxE=500 spd=10/19 hear=50 vis=213/1.05 mode=('treewait', 0.0, None, 19, 10, 0) fr100=4 tr100=2 predDist=None
  a49 pos=(1173,436) age=33 e=438 maxE=500 spd=10/20 hear=50 vis=200/1.05 mode=('treewait', 0.0, None, 7, 5, 0) fr100=2 tr100=1 predDist=None
  a50 pos=(764,582) age=17 e=456 maxE=500 spd=10/28 hear=50 vis=200/1.05 mode=('treewait', 0.0, None, 8, 6, 0) fr100=7 tr100=2 predDist=None
  a51 pos=(66,545) age=17 e=453 maxE=500 spd=10/18 hear=50 vis=200/1.05 mode=('treewait', 0.0, None, 13, 10, 0) fr100=5 tr100=1 predDist=None
  a52 pos=(560,101) age=17 e=486 maxE=500 spd=13/18 hear=50 vis=200/1.05 mode=('treewait', 0.0, None, 5, 10, 0) fr100=2 tr100=1 predDist=None
== t=600.0 alive=10 preds=0 trees=41 fruits=133 score=632.3
  a44 pos=(376,372) age=120 e=204 maxE=500 spd=10/18 hear=50 vis=200/1.05 mode=('elderwait', 0.0, None, 27, 12, 0) fr100=1 tr100=2 predDist=None
  a45 pos=(559,476) age=104 e=444 maxE=500 spd=13/18 hear=50 vis=200/1.05 mode=('elderwait', 0.0, None, 11, 10, 0) fr100=4 tr100=1 predDist=None
  a46 pos=(923,63) age=104 e=184 maxE=329 spd=10/19 hear=30 vis=213/1.05 mode=('elderwait', 0.0, None, 6, 8, 0) fr100=2 tr100=0 predDist=None
  a47 pos=(1249,285) age=104 e=195 maxE=500 spd=13/18 hear=34 vis=200/1.05 mode=('elderwait', 0.0, None, 20, 10, 0) fr100=7 tr100=1 predDist=None
  a48 pos=(282,253) age=65 e=464 maxE=500 spd=10/19 hear=50 vis=213/1.05 mode=('elderwait', 0.0, None, 26, 12, 0) fr100=6 tr100=3 predDist=None
  a49 pos=(1199,350) age=58 e=442 maxE=500 spd=10/20 hear=50 vis=200/1.05 mode=('treewait', 0.0, None, 14, 9, 0) fr100=6 tr100=1 predDist=None
  a50 pos=(749,588) age=42 e=476 maxE=500 spd=10/28 hear=50 vis=200/1.05 mode=('treewait', 0.0, None, 11, 7, 0) fr100=7 tr100=0 predDist=None
  a51 pos=(114,519) age=42 e=478 maxE=500 spd=10/18 hear=50 vis=200/1.05 mode=('treewait', 0.0, None, 10, 8, 0) fr100=1 tr100=1 predDist=None
  a52 pos=(407,60) age=42 e=487 maxE=500 spd=13/18 hear=50 vis=200/1.05 mode=('treewait', 0.0, None, 10, 11, 0) fr100=3 tr100=2 predDist=None
  a53 pos=(318,374) age=3 e=162 maxE=500 spd=10/13 hear=50 vis=200/1.05 mode=('fruit', 10, None, 8, 4, 0) fr100=1 tr100=1 predDist=None
== t=625.0 alive=11 preds=0 trees=45 fruits=90 score=659.4
  a45 pos=(511,509) age=129 e=223 maxE=500 spd=13/18 hear=50 vis=200/1.05 mode=('elderwait', 0.0, None, 9, 3, 0) fr100=1 tr100=0 predDist=None
  a48 pos=(282,253) age=90 e=137 maxE=500 spd=10/19 hear=50 vis=213/1.05 mode=('elderwait', 0.0, None, 20, 16, 0) fr100=0 tr100=4 predDist=None
  a49 pos=(1187,312) age=83 e=353 maxE=500 spd=10/20 hear=50 vis=200/1.05 mode=('elderwait', 0.0, None, 22, 6, 0) fr100=3 tr100=0 predDist=None
  a50 pos=(792,546) age=67 e=426 maxE=500 spd=10/28 hear=50 vis=200/1.05 mode=('elderwait', 0.0, None, 10, 7, 0) fr100=1 tr100=2 predDist=None
  a51 pos=(82,475) age=67 e=457 maxE=500 spd=10/18 hear=50 vis=200/1.05 mode=('elderwait', 0.0, None, 8, 8, 0) fr100=0 tr100=0 predDist=None
  a52 pos=(407,60) age=67 e=442 maxE=500 spd=13/18 hear=50 vis=200/1.05 mode=('elderwait', 0.0, None, 10, 11, 0) fr100=1 tr100=1 predDist=None
  a53 pos=(274,191) age=28 e=419 maxE=500 spd=10/13 hear=50 vis=200/1.05 mode=('fruit', 10, None, 3, 7, 0) fr100=0 tr100=2 predDist=None
  a54 pos=(830,647) age=21 e=595 maxE=609 spd=10/18 hear=50 vis=200/1.05 mode=('treewait', 0.0, None, 14, 9, 0) fr100=3 tr100=3 predDist=None
  a55 pos=(119,298) age=5 e=294 maxE=696 spd=10/19 hear=50 vis=213/1.05 mode=('fruit', 10, None, 4, 5, 0) fr100=0 tr100=1 predDist=None
  a56 pos=(1162,182) age=5 e=398 maxE=500 spd=10/20 hear=50 vis=200/1.05 mode=('fruit', 10, None, 17, 7, 0) fr100=8 tr100=2 predDist=None
  a57 pos=(67,410) age=5 e=403 maxE=500 spd=9/19 hear=50 vis=213/1.05 mode=('fruit', 8.8, None, 5, 4, 0) fr100=0 tr100=0 predDist=None
== t=650.0 alive=9 preds=0 trees=45 fruits=94 score=684.9
  a49 pos=(1187,312) age=108 e=308 maxE=500 spd=10/20 hear=50 vis=200/1.05 mode=('elderwait', 0.0, None, 30, 7, 0) fr100=5 tr100=0 predDist=None
  a50 pos=(792,546) age=92 e=256 maxE=500 spd=10/28 hear=50 vis=200/1.05 mode=('elderwait', 0.0, None, 15, 4, 0) fr100=3 tr100=2 predDist=None
  a51 pos=(82,475) age=92 e=412 maxE=500 spd=10/18 hear=50 vis=200/1.05 mode=('elderwait', 0.0, None, 5, 9, 0) fr100=0 tr100=0 predDist=None
  a52 pos=(407,60) age=92 e=243 maxE=500 spd=13/18 hear=50 vis=200/1.05 mode=('elderwait', 0.0, None, 6, 11, 0) fr100=0 tr100=0 predDist=None
  a53 pos=(683,390) age=53 e=461 maxE=500 spd=10/13 hear=50 vis=200/1.05 mode=('treewait', 0.0, None, 7, 8, 0) fr100=3 tr100=1 predDist=None
  a54 pos=(830,647) age=46 e=599 maxE=609 spd=10/18 hear=50 vis=200/1.05 mode=('treewait', 0.0, None, 19, 8, 0) fr100=6 tr100=1 predDist=None
  a55 pos=(257,200) age=30 e=223 maxE=696 spd=10/19 hear=50 vis=213/1.05 mode=('fruit', 10, None, 1, 6, 0) fr100=1 tr100=2 predDist=None
  a56 pos=(1191,177) age=30 e=459 maxE=500 spd=10/20 hear=50 vis=200/1.05 mode=('treewait', 0.0, None, 18, 9, 0) fr100=8 tr100=1 predDist=None
  a57 pos=(413,234) age=30 e=351 maxE=500 spd=9/19 hear=50 vis=213/1.05 mode=('fruit', 8.8, None, 7, 11, 0) fr100=6 tr100=5 predDist=None
== t=675.0 alive=7 preds=0 trees=45 fruits=87 score=710.7
  a51 pos=(82,475) age=117 e=205 maxE=500 spd=10/18 hear=50 vis=200/1.05 mode=('elderwait', 0.0, None, 2, 10, 0) fr100=0 tr100=1 predDist=None
  a53 pos=(689,372) age=78 e=476 maxE=500 spd=10/13 hear=50 vis=200/1.05 mode=('elderwait', 0.0, None, 12, 12, 0) fr100=4 tr100=0 predDist=None
  a54 pos=(826,637) age=71 e=588 maxE=609 spd=10/18 hear=50 vis=200/1.05 mode=('elderwait', 0.0, None, 13, 8, 0) fr100=5 tr100=1 predDist=None
  a55 pos=(232,106) age=55 e=383 maxE=696 spd=10/19 hear=50 vis=213/1.05 mode=('treewait', 0.0, None, 3, 9, 0) fr100=0 tr100=2 predDist=None
  a56 pos=(1233,175) age=55 e=468 maxE=500 spd=10/20 hear=50 vis=200/1.05 mode=('treewait', 0.0, None, 14, 8, 0) fr100=4 tr100=2 predDist=None
  a57 pos=(464,180) age=55 e=490 maxE=500 spd=9/19 hear=50 vis=213/1.05 mode=('treewait', 0.0, None, 8, 8, 0) fr100=5 tr100=0 predDist=None
  a58 pos=(71,630) age=9 e=87 maxE=500 spd=10/18 hear=50 vis=200/0.96 mode=('treewait', 0.0, None, 0, 5, 0) fr100=0 tr100=2 predDist=None
== t=700.0 alive=9 preds=0 trees=46 fruits=60 score=737.6
  a53 pos=(693,381) age=103 e=468 maxE=500 spd=10/13 hear=50 vis=200/1.05 mode=('elderwait', 0.0, None, 20, 11, 0) fr100=1 tr100=0 predDist=None
  a54 pos=(854,628) age=96 e=92 maxE=609 spd=10/18 hear=50 vis=200/1.05 mode=('elderwait', 0.0, None, 17, 10, 0) fr100=0 tr100=2 predDist=None
  a55 pos=(236,115) age=80 e=237 maxE=696 spd=10/19 hear=50 vis=213/1.05 mode=('elderwait', 0.0, None, 7, 9, 0) fr100=0 tr100=3 predDist=None
  a56 pos=(1226,168) age=80 e=422 maxE=500 spd=10/20 hear=50 vis=200/1.05 mode=('elderwait', 0.0, None, 13, 9, 0) fr100=2 tr100=1 predDist=None
  a57 pos=(464,180) age=80 e=445 maxE=500 spd=9/19 hear=50 vis=213/1.05 mode=('elderwait', 0.0, None, 8, 9, 0) fr100=2 tr100=1 predDist=None
  a59 pos=(798,424) age=18 e=556 maxE=609 spd=10/18 hear=50 vis=200/1.05 mode=('treewait', 0.0, None, 13, 6, 0) fr100=1 tr100=1 predDist=None
  a60 pos=(923,55) age=18 e=641 maxE=696 spd=10/19 hear=50 vis=213/0.89 mode=('treewait', 0.0, None, 2, 10, 0) fr100=0 tr100=2 predDist=None
  a61 pos=(726,817) age=18 e=338 maxE=641 spd=10/18 hear=50 vis=200/1.05 mode=('treewait', 0.0, None, 0, 3, 0) fr100=0 tr100=1 predDist=None
  a62 pos=(904,110) age=6 e=337 maxE=609 spd=10/18 hear=50 vis=200/1.05 mode=('fruit', 10, None, 2, 9, 0) fr100=0 tr100=2 predDist=None
== t=725.0 alive=8 preds=0 trees=41 fruits=79 score=763.3
  a53 pos=(693,381) age=128 e=141 maxE=500 spd=10/13 hear=50 vis=200/1.05 mode=('elderwait', 0.0, None, 21, 9, 0) fr100=0 tr100=0 predDist=None
  a55 pos=(236,115) age=105 e=192 maxE=696 spd=10/19 hear=50 vis=213/1.05 mode=('elderwait', 0.0, None, 11, 11, 0) fr100=3 tr100=2 predDist=None
  a56 pos=(1226,168) age=105 e=219 maxE=500 spd=10/20 hear=50 vis=200/1.05 mode=('elderwait', 0.0, None, 8, 5, 0) fr100=1 tr100=0 predDist=None
  a57 pos=(468,163) age=105 e=354 maxE=500 spd=9/19 hear=50 vis=213/1.05 mode=('elderwait', 0.0, None, 7, 6, 0) fr100=1 tr100=1 predDist=None
  a59 pos=(898,373) age=43 e=560 maxE=609 spd=10/18 hear=50 vis=200/1.05 mode=('treewait', 0.0, None, 11, 5, 0) fr100=0 tr100=1 predDist=None
  a60 pos=(849,184) age=43 e=632 maxE=696 spd=10/19 hear=50 vis=213/0.89 mode=('treewait', 0.0, None, 5, 13, 0) fr100=2 tr100=1 predDist=None
  a61 pos=(1004,624) age=43 e=424 maxE=641 spd=10/18 hear=50 vis=200/1.05 mode=('fruit', 10, None, 1, 7, 0) fr100=0 tr100=2 predDist=None
  a62 pos=(620,80) age=31 e=575 maxE=609 spd=10/18 hear=50 vis=200/1.05 mode=('tree', 10, None, 5, 9, 0) fr100=2 tr100=2 predDist=None
== t=750.0 alive=7 preds=0 trees=36 fruits=93 score=788.9
  a59 pos=(831,179) age=68 e=536 maxE=609 spd=10/18 hear=50 vis=200/1.05 mode=('fruit', 10, None, 8, 9, 0) fr100=2 tr100=1 predDist=None
  a60 pos=(707,43) age=68 e=450 maxE=696 spd=10/19 hear=50 vis=213/0.89 mode=('elderwait', 0.0, None, 6, 12, 0) fr100=0 tr100=2 predDist=None
  a61 pos=(1193,468) age=68 e=466 maxE=641 spd=10/18 hear=50 vis=200/1.05 mode=('elderwait', 0.0, None, 4, 10, 0) fr100=2 tr100=2 predDist=None
  a62 pos=(704,98) age=56 e=577 maxE=609 spd=10/18 hear=50 vis=200/1.05 mode=('treewait', 0.0, None, 11, 9, 0) fr100=0 tr100=2 predDist=None
  a63 pos=(668,229) age=6 e=113 maxE=500 spd=9/19 hear=50 vis=213/1.05 mode=('explore', 8.8, None, 0, 3, 0) fr100=0 tr100=0 predDist=None
  a64 pos=(691,317) age=6 e=231 maxE=696 spd=10/19 hear=50 vis=213/0.89 mode=('explore', 10, None, 0, 4, 0) fr100=0 tr100=0 predDist=None
  a65 pos=(867,167) age=6 e=111 maxE=696 spd=10/19 hear=50 vis=213/0.89 mode=('fruit', 10, None, 3, 6, 0) fr100=2 tr100=1 predDist=None
== t=775.0 alive=8 preds=0 trees=40 fruits=68 score=815.7
  a59 pos=(828,151) age=93 e=388 maxE=609 spd=10/18 hear=50 vis=200/1.05 mode=('elderwait', 0.0, None, 6, 10, 0) fr100=0 tr100=0 predDist=None
  a60 pos=(707,43) age=93 e=305 maxE=696 spd=10/19 hear=50 vis=213/0.89 mode=('elderwait', 0.0, None, 8, 11, 0) fr100=0 tr100=0 predDist=None
  a61 pos=(1193,468) age=93 e=421 maxE=641 spd=10/18 hear=50 vis=200/1.05 mode=('elderwait', 0.0, None, 8, 12, 0) fr100=2 tr100=2 predDist=None
  a62 pos=(704,98) age=81 e=412 maxE=609 spd=10/18 hear=50 vis=200/1.05 mode=('elderwait', 0.0, None, 13, 8, 0) fr100=0 tr100=0 predDist=None
  a63 pos=(1383,268) age=31 e=375 maxE=500 spd=9/19 hear=50 vis=213/1.05 mode=('fruit', 8.8, None, 2, 8, 0) fr100=1 tr100=1 predDist=None
  a64 pos=(765,716) age=31 e=641 maxE=696 spd=10/19 hear=50 vis=213/0.89 mode=('treewait', 0.0, None, 11, 8, 0) fr100=4 tr100=1 predDist=None
  a65 pos=(785,685) age=31 e=654 maxE=696 spd=10/19 hear=50 vis=213/0.89 mode=('treewait', 0.0, None, 8, 13, 0) fr100=4 tr100=1 predDist=None
  a66 pos=(1022,589) age=19 e=213 maxE=696 spd=10/19 hear=50 vis=213/0.89 mode=('fruit', 10, None, 5, 6, 0) fr100=1 tr100=1 predDist=None
== t=800.0 alive=8 preds=0 trees=44 fruits=75 score=841.3
  a59 pos=(828,151) age=118 e=80 maxE=609 spd=10/18 hear=50 vis=200/1.05 mode=('elderwait', 0.0, None, 2, 10, 0) fr100=0 tr100=1 predDist=None
  a60 pos=(707,43) age=118 e=219 maxE=696 spd=10/19 hear=50 vis=213/0.89 mode=('elderwait', 0.0, None, 3, 12, 0) fr100=0 tr100=0 predDist=None
  a61 pos=(1193,468) age=118 e=272 maxE=641 spd=10/18 hear=50 vis=200/1.05 mode=('elderwait', 0.0, None, 15, 14, 0) fr100=7 tr100=1 predDist=None
  a62 pos=(704,98) age=106 e=132 maxE=609 spd=10/18 hear=50 vis=200/1.05 mode=('elderwait', 0.0, None, 3, 10, 0) fr100=0 tr100=0 predDist=None
  a63 pos=(920,193) age=56 e=342 maxE=500 spd=9/19 hear=50 vis=213/1.05 mode=('treewait', 0.0, None, 0, 9, 0) fr100=0 tr100=1 predDist=None
  a64 pos=(772,687) age=56 e=661 maxE=696 spd=10/19 hear=50 vis=213/0.89 mode=('treewait', 0.0, None, 10, 8, 0) fr100=2 tr100=1 predDist=None
  a65 pos=(1011,557) age=56 e=631 maxE=696 spd=10/19 hear=50 vis=213/0.89 mode=('treewait', 0.0, None, 9, 11, 0) fr100=0 tr100=1 predDist=None
  a66 pos=(1218,270) age=44 e=388 maxE=696 spd=10/19 hear=50 vis=213/0.89 mode=('fruit', 10, None, 1, 6, 0) fr100=1 tr100=1 predDist=None
== t=825.0 alive=8 preds=0 trees=38 fruits=81 score=867.5
  a63 pos=(1008,297) age=81 e=290 maxE=500 spd=9/19 hear=50 vis=213/1.05 mode=('elderwait', 0.0, None, 9, 11, 0) fr100=0 tr100=0 predDist=None
  a64 pos=(782,688) age=81 e=315 maxE=696 spd=10/19 hear=50 vis=213/0.89 mode=('elderwait', 0.0, None, 3, 8, 0) fr100=0 tr100=0 predDist=None
  a65 pos=(1115,472) age=81 e=647 maxE=696 spd=10/19 hear=50 vis=213/0.89 mode=('elderwait', 0.0, None, 14, 12, 0) fr100=0 tr100=0 predDist=None
  a66 pos=(1486,529) age=69 e=618 maxE=696 spd=10/19 hear=50 vis=213/0.89 mode=('elderwait', 0.0, None, 11, 9, 0) fr100=6 tr100=0 predDist=None
  a67 pos=(1150,346) age=19 e=463 maxE=641 spd=10/18 hear=50 vis=200/1.05 mode=('fruit', 10, None, 2, 5, 0) fr100=1 tr100=1 predDist=None
  a68 pos=(1150,750) age=19 e=25 maxE=696 spd=10/19 hear=50 vis=213/0.95 mode=('detour', 10, None, 0, 6, 0) fr100=0 tr100=1 predDist=None
  a69 pos=(528,1119) age=19 e=271 maxE=696 spd=10/19 hear=50 vis=213/0.89 mode=('fruit', 10, None, 1, 3, 0) fr100=1 tr100=0 predDist=None
  a70 pos=(1195,448) age=7 e=28 maxE=696 spd=10/19 hear=50 vis=213/0.89 mode=('fruit', 10, None, 1, 5, 0) fr100=1 tr100=0 predDist=None
== t=850.0 alive=8 preds=0 trees=33 fruits=60 score=893.6
  a63 pos=(1008,297) age=106 e=245 maxE=500 spd=9/19 hear=50 vis=213/1.05 mode=('elderwait', 0.0, None, 11, 11, 0) fr100=0 tr100=0 predDist=None
  a64 pos=(782,688) age=106 e=170 maxE=696 spd=10/19 hear=50 vis=213/0.89 mode=('elderwait', 0.0, None, 2, 8, 0) fr100=0 tr100=0 predDist=None
  a65 pos=(1115,472) age=106 e=594 maxE=696 spd=10/19 hear=50 vis=213/0.89 mode=('elderwait', 0.0, None, 13, 12, 0) fr100=0 tr100=1 predDist=None
  a66 pos=(1486,529) age=94 e=437 maxE=696 spd=10/19 hear=50 vis=213/0.89 mode=('elderwait', 0.0, None, 10, 8, 0) fr100=0 tr100=0 predDist=None
  a67 pos=(1447,538) age=44 e=549 maxE=641 spd=10/18 hear=50 vis=200/1.05 mode=('explore', 10, None, 0, 5, 0) fr100=0 tr100=0 predDist=None
  a69 pos=(380,1007) age=44 e=464 maxE=696 spd=10/19 hear=50 vis=213/0.89 mode=('detour', 10, None, 1, 6, 0) fr100=0 tr100=2 predDist=None
  a70 pos=(1563,777) age=32 e=134 maxE=696 spd=10/19 hear=50 vis=213/0.89 mode=('detour', 10, None, 0, 4, 0) fr100=0 tr100=0 predDist=None
  a71 pos=(949,670) age=21 e=206 maxE=696 spd=10/25 hear=50 vis=213/0.89 mode=('treewait', 0.0, None, 0, 6, 0) fr100=0 tr100=2 predDist=None
== t=875.0 alive=8 preds=0 trees=40 fruits=55 score=919.1
  a63 pos=(1008,297) age=131 e=14 maxE=500 spd=9/19 hear=50 vis=213/1.05 mode=('elderwait', 0.0, None, 5, 10, 0) fr100=0 tr100=1 predDist=None
  a65 pos=(1115,472) age=131 e=255 maxE=696 spd=10/19 hear=50 vis=213/0.89 mode=('elderwait', 0.0, None, 6, 10, 0) fr100=1 tr100=1 predDist=None
  a67 pos=(1424,914) age=69 e=543 maxE=641 spd=10/18 hear=50 vis=200/1.05 mode=('elderwait', 0.0, None, 0, 7, 0) fr100=0 tr100=1 predDist=None
  a69 pos=(60,575) age=69 e=571 maxE=696 spd=10/19 hear=50 vis=213/0.89 mode=('elderwait', 0.0, None, 3, 8, 0) fr100=0 tr100=3 predDist=None
  a70 pos=(1448,914) age=57 e=9 maxE=696 spd=10/19 hear=50 vis=213/0.89 mode=('treewait', 0.0, None, 0, 5, 0) fr100=0 tr100=1 predDist=None
  a71 pos=(942,414) age=46 e=301 maxE=696 spd=10/25 hear=50 vis=213/0.89 mode=('treewait', 0.0, None, 2, 8, 0) fr100=0 tr100=1 predDist=None
  a72 pos=(1301,441) age=7 e=31 maxE=696 spd=10/19 hear=50 vis=213/0.89 mode=('explore', 10, None, 0, 4, 0) fr100=0 tr100=1 predDist=None
  a73 pos=(1541,782) age=7 e=33 maxE=696 spd=10/25 hear=50 vis=213/0.89 mode=('river', 10, None, 0, 0, 0) fr100=0 tr100=0 predDist=None
== t=900.0 alive=7 preds=0 trees=43 fruits=71 score=945.1
  a67 pos=(1424,914) age=94 e=295 maxE=641 spd=10/18 hear=50 vis=200/1.05 mode=('elderwait', 0.0, None, 0, 7, 0) fr100=0 tr100=1 predDist=None
  a69 pos=(61,580) age=94 e=246 maxE=696 spd=10/19 hear=50 vis=213/0.89 mode=('elderwait', 0.0, None, 4, 8, 0) fr100=0 tr100=2 predDist=None
  a71 pos=(1096,679) age=71 e=292 maxE=696 spd=10/25 hear=50 vis=213/0.89 mode=('elderwait', 0.0, None, 4, 12, 0) fr100=3 tr100=3 predDist=None
  a74 pos=(1168,790) age=23 e=157 maxE=783 spd=10/19 hear=50 vis=213/0.89 mode=('detour', 10, None, 2, 4, 0) fr100=0 tr100=1 predDist=None
  a77 pos=(270,121) age=9 e=639 maxE=696 spd=10/19 hear=50 vis=213/0.89 mode=('treewait', 0.0, None, 10, 8, 0) fr100=4 tr100=2 predDist=None
  a78 pos=(100,507) age=9 e=73 maxE=696 spd=10/19 hear=50 vis=213/0.89 mode=('treewait', 0.0, None, 0, 2, 0) fr100=0 tr100=2 predDist=None
  a79 pos=(73,514) age=8 e=72 maxE=557 spd=10/19 hear=50 vis=213/0.89 mode=('treewait', 0.0, None, 0, 3, 0) fr100=0 tr100=2 predDist=None
== t=925.0 alive=6 preds=0 trees=38 fruits=95 score=970.8
  a69 pos=(83,539) age=119 e=70 maxE=696 spd=10/19 hear=50 vis=213/0.89 mode=('elderwait', 0.0, None, 2, 10, 0) fr100=0 tr100=1 predDist=None
  a71 pos=(1096,679) age=96 e=148 maxE=696 spd=10/25 hear=50 vis=213/0.89 mode=('elderwait', 0.0, None, 12, 13, 0) fr100=1 tr100=1 predDist=None
  a74 pos=(878,900) age=48 e=583 maxE=783 spd=10/19 hear=50 vis=213/0.89 mode=('detour', 10, None, 7, 9, 0) fr100=0 tr100=0 predDist=None
  a77 pos=(266,124) age=34 e=649 maxE=696 spd=10/19 hear=50 vis=213/0.89 mode=('treewait', 0.0, None, 12, 9, 0) fr100=3 tr100=0 predDist=None
  a78 pos=(76,303) age=34 e=55 maxE=696 spd=10/19 hear=50 vis=213/0.89 mode=('treewait', 0.0, None, 0, 3, 0) fr100=0 tr100=1 predDist=None
  a80 pos=(1174,697) age=1 e=71 maxE=696 spd=10/25 hear=50 vis=213/0.89 mode=('fruit', 10, None, 2, 0, 0) fr100=2 tr100=0 predDist=None
== t=950.0 alive=5 preds=0 trees=33 fruits=105 score=996.8
  a74 pos=(652,990) age=73 e=639 maxE=783 spd=10/19 hear=50 vis=213/0.89 mode=('elderwait', 0.0, None, 26, 11, 0) fr100=3 tr100=0 predDist=None
  a77 pos=(195,75) age=59 e=660 maxE=696 spd=10/19 hear=50 vis=213/0.89 mode=('treewait', 0.0, None, 12, 10, 0) fr100=5 tr100=2 predDist=None
  a78 pos=(49,298) age=59 e=72 maxE=696 spd=10/19 hear=50 vis=213/0.89 mode=('treewait', 0.0, None, 0, 2, 0) fr100=0 tr100=1 predDist=None
  a80 pos=(1426,280) age=26 e=370 maxE=696 spd=10/25 hear=50 vis=213/0.89 mode=('fruit', 10, None, 1, 2, 0) fr100=0 tr100=0 predDist=None
  a81 pos=(750,896) age=11 e=99 maxE=783 spd=10/19 hear=50 vis=213/0.89 mode=('river', 10, None, 11, 3, 0) fr100=0 tr100=0 predDist=None
== t=975.0 alive=7 preds=0 trees=38 fruits=61 score=1023.4
  a74 pos=(652,990) age=98 e=394 maxE=783 spd=10/19 hear=50 vis=213/0.89 mode=('elderwait', 0.0, None, 24, 12, 0) fr100=0 tr100=1 predDist=None
  a77 pos=(195,95) age=84 e=690 maxE=696 spd=10/19 hear=50 vis=213/0.89 mode=('elderwait', 0.0, None, 18, 11, 0) fr100=4 tr100=3 predDist=None
  a78 pos=(49,298) age=84 e=27 maxE=696 spd=10/19 hear=50 vis=213/0.89 mode=('elderwait', 0.0, None, 0, 4, 0) fr100=0 tr100=0 predDist=None
  a80 pos=(1245,233) age=51 e=640 maxE=696 spd=10/25 hear=50 vis=213/0.89 mode=('treewait', 0.0, None, 13, 6, 0) fr100=2 tr100=1 predDist=None
  a81 pos=(131,1132) age=36 e=178 maxE=783 spd=10/19 hear=50 vis=213/0.89 mode=('explore', 10, None, 0, 5, 0) fr100=0 tr100=1 predDist=None
  a82 pos=(680,1006) age=22 e=335 maxE=816 spd=10/19 hear=50 vis=213/1.04 mode=('fruit', 10, None, 1, 7, 0) fr100=0 tr100=1 predDist=None
  a83 pos=(1037,1035) age=22 e=450 maxE=783 spd=10/19 hear=50 vis=213/1.21 mode=('explore', 10, None, 0, 5, 0) fr100=0 tr100=0 predDist=None
== t=1000.0 alive=7 preds=0 trees=35 fruits=49 score=1049.3
  a74 pos=(652,990) age=123 e=13 maxE=783 spd=10/19 hear=50 vis=213/0.89 mode=('elderwait', 0.0, None, 13, 12, 0) fr100=0 tr100=1 predDist=None
  a77 pos=(199,75) age=109 e=659 maxE=696 spd=10/19 hear=50 vis=213/0.89 mode=('elderwait', 0.0, None, 17, 9, 0) fr100=5 tr100=0 predDist=None
  a80 pos=(1259,296) age=76 e=646 maxE=696 spd=10/25 hear=50 vis=213/0.89 mode=('elderwait', 0.0, None, 18, 6, 0) fr100=2 tr100=2 predDist=None
  a81 pos=(99,574) age=61 e=359 maxE=783 spd=10/19 hear=50 vis=213/0.89 mode=('fruit', 10, None, 2, 10, 0) fr100=3 tr100=4 predDist=None
  a82 pos=(857,908) age=47 e=173 maxE=816 spd=10/19 hear=50 vis=213/1.04 mode=('river', 10, None, 1, 7, 0) fr100=0 tr100=0 predDist=None
  a83 pos=(954,491) age=47 e=754 maxE=783 spd=10/19 hear=50 vis=213/1.21 mode=('treewait', 0.0, None, 3, 7, 0) fr100=0 tr100=1 predDist=None
  a85 pos=(728,1061) age=2 e=63 maxE=783 spd=10/19 hear=40 vis=213/0.89 mode=('explore', 10, None, 0, 2, 0) fr100=0 tr100=2 predDist=None
== t=1025.0 alive=9 preds=0 trees=34 fruits=43 score=1076.0
  a77 pos=(199,75) age=134 e=12 maxE=696 spd=10/19 hear=50 vis=213/0.89 mode=('elderwait', 0.0, None, 18, 4, 0) fr100=0 tr100=0 predDist=None
  a80 pos=(1298,272) age=101 e=660 maxE=696 spd=10/25 hear=50 vis=213/0.89 mode=('elderwait', 0.0, None, 11, 8, 0) fr100=2 tr100=2 predDist=None
  a81 pos=(141,553) age=86 e=353 maxE=783 spd=10/19 hear=50 vis=213/0.89 mode=('fruit', 10, None, 10, 8, 0) fr100=1 tr100=2 predDist=None
  a82 pos=(722,1063) age=72 e=65 maxE=816 spd=10/19 hear=50 vis=213/1.04 mode=('elderwait', 0.0, None, 0, 5, 0) fr100=0 tr100=1 predDist=None
  a83 pos=(954,491) age=72 e=731 maxE=783 spd=10/19 hear=50 vis=213/1.21 mode=('elderwait', 0.0, None, 3, 9, 0) fr100=1 tr100=0 predDist=None
  a85 pos=(728,1084) age=27 e=72 maxE=783 spd=10/19 hear=40 vis=213/0.89 mode=('treewait', 0.0, None, 0, 2, 0) fr100=0 tr100=1 predDist=None
  a86 pos=(131,117) age=24 e=679 maxE=696 spd=10/19 hear=50 vis=251/0.89 mode=('treewait', 0.0, None, 2, 6, 0) fr100=0 tr100=0 predDist=None
  a87 pos=(143,597) age=10 e=207 maxE=696 spd=10/19 hear=50 vis=213/0.89 mode=('fruit', 10, None, 5, 4, 0) fr100=2 tr100=2 predDist=None
  a88 pos=(151,597) age=10 e=352 maxE=696 spd=10/19 hear=50 vis=213/0.89 mode=('fruit', 10, None, 5, 4, 0) fr100=1 tr100=2 predDist=None
== t=1050.0 alive=7 preds=0 trees=33 fruits=56 score=1101.9
  a80 pos=(1328,230) age=126 e=280 maxE=696 spd=10/25 hear=50 vis=213/0.89 mode=('elderwait', 0.0, None, 8, 8, 0) fr100=1 tr100=1 predDist=None
  a81 pos=(143,558) age=111 e=224 maxE=783 spd=10/19 hear=50 vis=213/0.89 mode=('elderwait', 0.0, None, 8, 7, 0) fr100=0 tr100=0 predDist=None
  a83 pos=(954,491) age=96 e=608 maxE=783 spd=10/19 hear=50 vis=213/1.21 mode=('elderwait', 0.0, None, 4, 11, 0) fr100=1 tr100=0 predDist=None
  a86 pos=(327,97) age=49 e=661 maxE=696 spd=10/19 hear=50 vis=251/0.89 mode=('treewait', 0.0, None, 6, 10, 0) fr100=1 tr100=4 predDist=None
  a87 pos=(156,355) age=35 e=210 maxE=696 spd=10/19 hear=50 vis=213/0.89 mode=('treewait', 0.0, None, 0, 6, 0) fr100=0 tr100=1 predDist=None
  a88 pos=(439,55) age=35 e=626 maxE=696 spd=10/19 hear=50 vis=213/0.89 mode=('fruit', 10, None, 1, 6, 0) fr100=1 tr100=1 predDist=None
  a89 pos=(1117,176) age=6 e=322 maxE=696 spd=10/25 hear=50 vis=213/0.89 mode=('fruit', 10, None, 9, 7, 0) fr100=2 tr100=1 predDist=None
== t=1075.0 alive=6 preds=0 trees=26 fruits=56 score=1127.8
  a83 pos=(954,491) age=121 e=293 maxE=783 spd=10/19 hear=50 vis=213/1.21 mode=('elderwait', 0.0, None, 5, 11, 0) fr100=0 tr100=0 predDist=None
  a86 pos=(327,97) age=74 e=517 maxE=696 spd=10/19 hear=50 vis=251/0.89 mode=('elderwait', 0.0, None, 8, 10, 0) fr100=0 tr100=4 predDist=None
  a87 pos=(146,964) age=60 e=89 maxE=696 spd=10/19 hear=50 vis=213/0.89 mode=('detour', 10, None, 1, 6, 0) fr100=0 tr100=2 predDist=None
  a88 pos=(830,129) age=60 e=690 maxE=696 spd=10/19 hear=50 vis=213/0.89 mode=('treewait', 0.0, None, 18, 8, 0) fr100=7 tr100=1 predDist=None
  a89 pos=(950,194) age=31 e=648 maxE=696 spd=10/25 hear=50 vis=213/0.89 mode=('treewait', 0.0, None, 25, 9, 0) fr100=7 tr100=1 predDist=None
  a90 pos=(391,57) age=12 e=157 maxE=696 spd=10/19 hear=50 vis=251/0.89 mode=('treewait', 0.0, None, 0, 3, 0) fr100=0 tr100=1 predDist=None
== t=1100.0 alive=7 preds=0 trees=27 fruits=51 score=1153.4
  a86 pos=(327,97) age=99 e=141 maxE=696 spd=10/19 hear=50 vis=251/0.89 mode=('elderwait', 0.0, None, 7, 10, 0) fr100=0 tr100=2 predDist=None
  a87 pos=(46,923) age=85 e=25 maxE=696 spd=10/19 hear=50 vis=213/0.89 mode=('elderwait', 0.0, None, 4, 6, 0) fr100=0 tr100=0 predDist=None
  a88 pos=(830,129) age=85 e=645 maxE=696 spd=10/19 hear=50 vis=213/0.89 mode=('elderwait', 0.0, None, 17, 10, 0) fr100=4 tr100=0 predDist=None
  a89 pos=(965,196) age=56 e=662 maxE=696 spd=10/25 hear=50 vis=213/0.89 mode=('treewait', 0.0, None, 25, 10, 0) fr100=4 tr100=1 predDist=None
  a90 pos=(271,155) age=37 e=224 maxE=696 spd=10/19 hear=50 vis=251/0.89 mode=('treewait', 0.0, None, 0, 3, 0) fr100=0 tr100=2 predDist=None
  a91 pos=(99,367) age=23 e=364 maxE=576 spd=15/19 hear=50 vis=251/0.89 mode=('treewait', 0.0, None, 0, 5, 0) fr100=0 tr100=0 predDist=None
  a92 pos=(72,321) age=23 e=81 maxE=696 spd=10/19 hear=50 vis=251/0.89 mode=('treewait', 0.0, None, 0, 4, 0) fr100=0 tr100=0 predDist=None
== t=1125.0 alive=6 preds=0 trees=33 fruits=57 score=1179.4
  a88 pos=(830,129) age=109 e=336 maxE=696 spd=10/19 hear=50 vis=213/0.89 mode=('elderwait', 0.0, None, 13, 11, 0) fr100=0 tr100=0 predDist=None
  a89 pos=(965,196) age=81 e=617 maxE=696 spd=10/25 hear=50 vis=213/0.89 mode=('elderwait', 0.0, None, 23, 12, 0) fr100=0 tr100=2 predDist=None
  a90 pos=(217,122) age=62 e=280 maxE=696 spd=10/19 hear=50 vis=251/0.89 mode=('fruit', 10, None, 3, 3, 0) fr100=2 tr100=2 predDist=None
  a91 pos=(125,686) age=48 e=286 maxE=576 spd=15/19 hear=50 vis=251/0.89 mode=('treewait', 0.0, None, 0, 7, 0) fr100=0 tr100=0 predDist=None
  a92 pos=(101,795) age=48 e=168 maxE=696 spd=10/19 hear=50 vis=251/0.89 mode=('explore', 10, None, 0, 4, 0) fr100=0 tr100=0 predDist=None
  a93 pos=(1223,460) age=19 e=634 maxE=696 spd=10/19 hear=50 vis=213/0.63 mode=('treewait', 0.0, None, 6, 6, 0) fr100=1 tr100=2 predDist=None
== t=1150.0 alive=8 preds=0 trees=27 fruits=43 score=1206.2
  a89 pos=(965,196) age=106 e=145 maxE=696 spd=10/25 hear=50 vis=213/0.89 mode=('elderwait', 0.0, None, 27, 10, 0) fr100=1 tr100=1 predDist=None
  a90 pos=(202,109) age=87 e=235 maxE=696 spd=10/19 hear=50 vis=251/0.89 mode=('elderwait', 0.0, None, 5, 4, 0) fr100=2 tr100=3 predDist=None
  a91 pos=(351,1128) age=73 e=535 maxE=576 spd=15/19 hear=50 vis=251/0.89 mode=('elderwait', 0.0, None, 0, 8, 0) fr100=0 tr100=0 predDist=None
  a92 pos=(254,1040) age=73 e=21 maxE=696 spd=10/19 hear=50 vis=251/0.89 mode=('elderwait', 0.0, None, 5, 5, 0) fr100=0 tr100=0 predDist=None
  a93 pos=(1253,475) age=44 e=646 maxE=696 spd=10/19 hear=50 vis=213/0.63 mode=('treewait', 0.0, None, 10, 8, 0) fr100=2 tr100=0 predDist=None
  a94 pos=(867,393) age=25 e=669 maxE=696 spd=10/19 hear=50 vis=213/0.89 mode=('treewait', 0.0, None, 12, 10, 0) fr100=0 tr100=1 predDist=None
  a95 pos=(626,328) age=11 e=327 maxE=696 spd=10/25 hear=58 vis=213/0.49 mode=('fruit', 10, None, 13, 8, 0) fr100=4 tr100=3 predDist=None
  a96 pos=(882,259) age=11 e=342 maxE=696 spd=10/25 hear=50 vis=213/0.89 mode=('fruit', 10, None, 7, 7, 0) fr100=2 tr100=1 predDist=None
== t=1175.0 alive=6 preds=0 trees=26 fruits=38 score=1232.0
  a90 pos=(202,109) age=112 e=26 maxE=696 spd=10/19 hear=50 vis=251/0.89 mode=('elderwait', 0.0, None, 10, 6, 0) fr100=3 tr100=1 predDist=None
  a91 pos=(351,1128) age=98 e=490 maxE=576 spd=15/19 hear=50 vis=251/0.89 mode=('elderwait', 0.0, None, 3, 8, 0) fr100=0 tr100=0 predDist=None
  a93 pos=(962,392) age=69 e=620 maxE=696 spd=10/19 hear=50 vis=213/0.63 mode=('elderwait', 0.0, None, 6, 11, 0) fr100=0 tr100=0 predDist=None
  a94 pos=(806,341) age=50 e=648 maxE=696 spd=10/19 hear=50 vis=213/0.89 mode=('treewait', 0.0, None, 21, 9, 0) fr100=4 tr100=1 predDist=None
  a95 pos=(691,276) age=36 e=644 maxE=696 spd=10/25 hear=58 vis=213/0.49 mode=('treewait', 0.0, None, 15, 7, 0) fr100=4 tr100=2 predDist=None
  a96 pos=(1439,473) age=36 e=633 maxE=696 spd=10/25 hear=50 vis=213/0.89 mode=('treewait', 0.0, None, 5, 13, 0) fr100=1 tr100=1 predDist=None
== t=1200.0 alive=6 preds=0 trees=26 fruits=44 score=1257.7
  a91 pos=(355,1121) age=123 e=237 maxE=576 spd=15/19 hear=50 vis=251/0.89 mode=('elderwait', 0.0, None, 3, 5, 0) fr100=0 tr100=0 predDist=None
  a93 pos=(952,394) age=94 e=574 maxE=696 spd=10/19 hear=50 vis=213/0.63 mode=('elderwait', 0.0, None, 10, 10, 0) fr100=0 tr100=0 predDist=None
  a94 pos=(792,420) age=75 e=527 maxE=696 spd=10/19 hear=50 vis=213/0.89 mode=('elderwait', 0.0, None, 13, 5, 0) fr100=0 tr100=0 predDist=None
  a95 pos=(677,299) age=61 e=656 maxE=696 spd=10/25 hear=58 vis=213/0.49 mode=('treewait', 0.0, None, 14, 7, 0) fr100=0 tr100=0 predDist=None
  a96 pos=(1228,358) age=61 e=662 maxE=696 spd=10/25 hear=50 vis=213/0.89 mode=('treewait', 0.0, None, 3, 10, 0) fr100=2 tr100=0 predDist=None
  a97 pos=(459,438) age=13 e=400 maxE=696 spd=5/19 hear=50 vis=213/0.89 mode=('explore', 5.3, None, 0, 1, 0) fr100=0 tr100=0 predDist=None
== t=1225.0 alive=7 preds=0 trees=24 fruits=30 score=1283.8
  a93 pos=(939,409) age=119 e=517 maxE=696 spd=10/19 hear=50 vis=213/0.63 mode=('elderwait', 0.0, None, 9, 11, 0) fr100=0 tr100=1 predDist=None
  a94 pos=(787,401) age=100 e=263 maxE=696 spd=10/19 hear=50 vis=213/0.89 mode=('elderwait', 0.0, None, 10, 6, 0) fr100=0 tr100=0 predDist=None
  a95 pos=(688,310) age=86 e=610 maxE=696 spd=10/25 hear=58 vis=213/0.49 mode=('elderwait', 0.0, None, 14, 8, 0) fr100=1 tr100=0 predDist=None
  a96 pos=(1219,362) age=86 e=416 maxE=696 spd=10/25 hear=50 vis=213/0.89 mode=('elderwait', 0.0, None, 3, 9, 0) fr100=0 tr100=0 predDist=None
  a97 pos=(299,136) age=38 e=667 maxE=696 spd=5/19 hear=50 vis=213/0.89 mode=('treewait', 0.0, None, 2, 3, 0) fr100=1 tr100=1 predDist=None
  a98 pos=(1027,690) age=24 e=532 maxE=696 spd=10/25 hear=50 vis=213/0.89 mode=('waitfruit', 0.0, None, 2, 1, 0) fr100=2 tr100=1 predDist=None
  a99 pos=(1419,230) age=24 e=193 maxE=696 spd=10/25 hear=50 vis=213/0.89 mode=('treewait', 0.0, None, 0, 3, 0) fr100=0 tr100=1 predDist=None
== t=1250.0 alive=7 preds=0 trees=25 fruits=39 score=1309.1
  a93 pos=(865,435) age=144 e=140 maxE=696 spd=10/19 hear=50 vis=213/0.63 mode=('fruit', 10, None, 10, 11, 0) fr100=2 tr100=1 predDist=None
  a95 pos=(689,300) age=111 e=328 maxE=696 spd=10/25 hear=58 vis=213/0.49 mode=('elderwait', 0.0, None, 8, 8, 0) fr100=3 tr100=0 predDist=None
  a96 pos=(1221,367) age=111 e=257 maxE=696 spd=10/25 hear=50 vis=213/0.89 mode=('elderwait', 0.0, None, 1, 9, 0) fr100=0 tr100=0 predDist=None
  a97 pos=(150,394) age=63 e=647 maxE=696 spd=5/19 hear=50 vis=213/0.89 mode=('elderwait', 0.0, None, 2, 3, 0) fr100=1 tr100=0 predDist=None
  a98 pos=(1047,669) age=49 e=502 maxE=696 spd=10/25 hear=50 vis=213/0.89 mode=('treewait', 0.0, None, 0, 2, 0) fr100=0 tr100=0 predDist=None
  a99 pos=(1333,108) age=49 e=150 maxE=696 spd=10/25 hear=50 vis=213/0.89 mode=('fruit', 10, None, 1, 3, 0) fr100=2 tr100=0 predDist=None
  a100 pos=(1005,674) age=1 e=70 maxE=696 spd=10/25 hear=50 vis=213/0.89 mode=('fruit', 10, None, 1, 1, 0) fr100=0 tr100=0 predDist=None
== t=1275.0 alive=6 preds=0 trees=23 fruits=43 score=1335.0
  a97 pos=(147,404) age=88 e=602 maxE=696 spd=5/19 hear=50 vis=213/0.89 mode=('elderwait', 0.0, None, 9, 4, 0) fr100=3 tr100=0 predDist=None
  a98 pos=(875,513) age=74 e=282 maxE=696 spd=10/25 hear=50 vis=213/0.89 mode=('elderwait', 0.0, None, 1, 6, 0) fr100=0 tr100=1 predDist=None
  a99 pos=(898,544) age=74 e=355 maxE=696 spd=10/25 hear=50 vis=213/0.89 mode=('elderwait', 0.0, None, 4, 8, 0) fr100=0 tr100=1 predDist=None
  a100 pos=(876,273) age=26 e=407 maxE=696 spd=10/25 hear=50 vis=213/0.89 mode=('treewait', 0.0, None, 0, 6, 0) fr100=0 tr100=1 predDist=None
  a101 pos=(883,616) age=12 e=67 maxE=696 spd=9/25 hear=50 vis=213/0.89 mode=('explore', 9.1, None, 0, 1, 0) fr100=0 tr100=1 predDist=None
  a102 pos=(897,628) age=12 e=73 maxE=696 spd=10/25 hear=50 vis=213/0.89 mode=('explore', 10, None, 0, 1, 0) fr100=0 tr100=1 predDist=None
== t=1300.0 alive=6 preds=0 trees=23 fruits=67 score=1360.4
  a97 pos=(146,407) age=113 e=441 maxE=696 spd=5/19 hear=50 vis=213/0.89 mode=('elderwait', 0.0, None, 13, 3, 0) fr100=4 tr100=0 predDist=None
  a98 pos=(877,522) age=99 e=137 maxE=696 spd=10/25 hear=50 vis=213/0.89 mode=('elderwait', 0.0, None, 6, 7, 0) fr100=0 tr100=1 predDist=None
  a99 pos=(898,554) age=99 e=94 maxE=696 spd=10/25 hear=50 vis=213/0.89 mode=('elderwait', 0.0, None, 5, 9, 0) fr100=0 tr100=0 predDist=None
  a100 pos=(1089,247) age=51 e=459 maxE=696 spd=10/25 hear=50 vis=213/0.89 mode=('treewait', 0.0, None, 2, 8, 0) fr100=0 tr100=1 predDist=None
  a102 pos=(669,1143) age=37 e=213 maxE=696 spd=10/25 hear=50 vis=213/0.89 mode=('waitfruit', 0.0, None, 1, 3, 0) fr100=1 tr100=1 predDist=None
  a103 pos=(1175,745) age=14 e=17 maxE=696 spd=10/25 hear=50 vis=213/0.89 mode=('river', 10, None, 0, 2, 0) fr100=0 tr100=0 predDist=None
== t=1325.0 alive=5 preds=0 trees=20 fruits=45 score=1386.8
  a97 pos=(144,412) age=138 e=82 maxE=696 spd=5/19 hear=50 vis=213/0.89 mode=('elderwait', 0.0, None, 9, 3, 0) fr100=1 tr100=1 predDist=None
  a100 pos=(690,386) age=76 e=581 maxE=696 spd=10/25 hear=50 vis=213/0.89 mode=('elderwait', 0.0, None, 26, 9, 0) fr100=6 tr100=3 predDist=None
  a102 pos=(318,1127) age=62 e=162 maxE=696 spd=10/25 hear=50 vis=213/0.89 mode=('explore', 10, None, 0, 2, 0) fr100=0 tr100=0 predDist=None
  a104 pos=(1495,104) age=22 e=144 maxE=696 spd=10/25 hear=50 vis=213/0.89 mode=('fruit', 10, None, 1, 3, 0) fr100=0 tr100=0 predDist=None
  a105 pos=(357,411) age=14 e=674 maxE=696 spd=10/22 hear=41 vis=213/0.89 mode=('tree', 10, None, 7, 4, 0) fr100=2 tr100=1 predDist=None
== t=1350.0 alive=5 preds=0 trees=25 fruits=32 score=1413.2
  a100 pos=(667,334) age=100 e=338 maxE=696 spd=10/25 hear=50 vis=213/0.89 mode=('elderwait', 0.0, None, 25, 9, 0) fr100=0 tr100=1 predDist=None
  a102 pos=(278,1127) age=86 e=115 maxE=696 spd=10/25 hear=50 vis=213/0.89 mode=('elderwait', 0.0, None, 0, 3, 0) fr100=0 tr100=0 predDist=None
  a104 pos=(778,575) age=47 e=639 maxE=696 spd=10/25 hear=50 vis=213/0.89 mode=('treewait', 0.0, None, 9, 7, 0) fr100=7 tr100=1 predDist=None
  a105 pos=(498,480) age=39 e=646 maxE=696 spd=10/22 hear=41 vis=213/0.89 mode=('treewait', 0.0, None, 9, 4, 0) fr100=1 tr100=1 predDist=None
  a106 pos=(949,424) age=25 e=561 maxE=696 spd=10/25 hear=50 vis=213/0.89 mode=('fruit', 10, None, 1, 4, 0) fr100=1 tr100=1 predDist=None
== t=1375.0 alive=7 preds=0 trees=22 fruits=53 score=1438.7
  a100 pos=(693,333) age=125 e=29 maxE=696 spd=10/25 hear=50 vis=213/0.89 mode=('elderwait', 0.0, None, 9, 6, 0) fr100=0 tr100=0 predDist=None
  a102 pos=(223,1152) age=111 e=52 maxE=696 spd=10/25 hear=50 vis=213/0.89 mode=('elderwait', 0.0, None, 0, 3, 0) fr100=1 tr100=1 predDist=None
  a104 pos=(748,636) age=72 e=596 maxE=696 spd=10/25 hear=50 vis=213/0.89 mode=('elderwait', 0.0, None, 9, 7, 0) fr100=2 tr100=0 predDist=None
  a105 pos=(724,507) age=64 e=555 maxE=696 spd=10/22 hear=41 vis=213/0.89 mode=('elderwait', 0.0, None, 5, 2, 0) fr100=1 tr100=1 predDist=None
  a106 pos=(846,549) age=50 e=650 maxE=696 spd=10/25 hear=50 vis=213/0.89 mode=('treewait', 0.0, None, 7, 5, 0) fr100=1 tr100=1 predDist=None
  a107 pos=(664,461) age=10 e=117 maxE=696 spd=10/23 hear=50 vis=205/0.89 mode=('treewait', 0.0, None, 0, 2, 0) fr100=0 tr100=1 predDist=None
  a108 pos=(668,636) age=2 e=65 maxE=696 spd=10/22 hear=41 vis=213/0.89 mode=('explore', 10, None, 0, 0, 0) fr100=0 tr100=0 predDist=None
== t=1400.0 alive=6 preds=0 trees=28 fruits=44 score=1465.2
  a104 pos=(756,642) age=97 e=262 maxE=696 spd=10/25 hear=50 vis=213/0.89 mode=('elderwait', 0.0, None, 9, 8, 0) fr100=0 tr100=0 predDist=None
  a105 pos=(734,524) age=89 e=509 maxE=696 spd=10/22 hear=41 vis=213/0.89 mode=('elderwait', 0.0, None, 7, 4, 0) fr100=2 tr100=0 predDist=None
  a106 pos=(808,583) age=75 e=595 maxE=696 spd=10/25 hear=50 vis=213/0.89 mode=('elderwait', 0.0, None, 7, 6, 0) fr100=0 tr100=2 predDist=None
  a107 pos=(860,257) age=35 e=647 maxE=696 spd=10/23 hear=50 vis=205/0.89 mode=('treewait', 0.0, None, 3, 6, 0) fr100=0 tr100=1 predDist=None
  a108 pos=(741,994) age=27 e=150 maxE=696 spd=10/22 hear=41 vis=213/0.89 mode=('treewait', 0.0, None, 0, 4, 0) fr100=1 tr100=1 predDist=None
  a109 pos=(956,54) age=12 e=624 maxE=696 spd=10/25 hear=50 vis=213/0.89 mode=('fruit', 9.8, None, 2, 4, 0) fr100=1 tr100=0 predDist=None
== t=1425.0 alive=5 preds=0 trees=26 fruits=46 score=1490.7
  a105 pos=(734,524) age=114 e=268 maxE=696 spd=10/22 hear=41 vis=213/0.89 mode=('elderwait', 0.0, None, 8, 4, 0) fr100=3 tr100=0 predDist=None
  a106 pos=(808,583) age=99 e=550 maxE=696 spd=10/25 hear=50 vis=213/0.89 mode=('elderwait', 0.0, None, 9, 6, 0) fr100=2 tr100=2 predDist=None
  a107 pos=(676,117) age=60 e=676 maxE=696 spd=10/23 hear=50 vis=205/0.89 mode=('treewait', 0.0, None, 5, 4, 0) fr100=2 tr100=2 predDist=None
  a108 pos=(657,1065) age=52 e=149 maxE=696 spd=10/22 hear=41 vis=213/0.89 mode=('fruit', 10, None, 2, 4, 0) fr100=0 tr100=0 predDist=None
  a109 pos=(136,98) age=38 e=668 maxE=696 spd=10/25 hear=50 vis=213/0.89 mode=('treewait', 0.0, None, 13, 8, 0) fr100=5 tr100=1 predDist=None
== t=1450.0 alive=7 preds=0 trees=21 fruits=52 score=1516.3
  a106 pos=(871,559) age=124 e=48 maxE=696 spd=10/25 hear=50 vis=213/0.89 mode=('elderwait', 0.0, None, 3, 7, 0) fr100=0 tr100=1 predDist=None
  a107 pos=(672,144) age=85 e=529 maxE=696 spd=10/23 hear=50 vis=205/0.89 mode=('elderwait', 0.0, None, 11, 3, 0) fr100=2 tr100=1 predDist=None
  a108 pos=(684,960) age=77 e=82 maxE=696 spd=10/22 hear=41 vis=213/0.89 mode=('elderwait', 0.0, None, 5, 3, 0) fr100=0 tr100=0 predDist=None
  a109 pos=(123,180) age=63 e=678 maxE=696 spd=10/25 hear=50 vis=213/0.89 mode=('elderwait', 0.0, None, 17, 9, 0) fr100=7 tr100=3 predDist=None
  a110 pos=(839,620) age=23 e=162 maxE=696 spd=10/25 hear=50 vis=213/0.89 mode=('treewait', 0.0, None, 0, 4, 0) fr100=0 tr100=1 predDist=None
  a112 pos=(807,652) age=6 e=141 maxE=696 spd=10/25 hear=27 vis=213/0.92 mode=('treewait', 0.0, None, 0, 1, 0) fr100=0 tr100=1 predDist=None
  a113 pos=(631,133) age=0 e=102 maxE=696 spd=10/23 hear=50 vis=205/0.89 mode=('fruit', 10, None, 1, 1, 0) fr100=2 tr100=1 predDist=None
== t=1475.0 alive=5 preds=0 trees=15 fruits=38 score=1542.0
  a107 pos=(666,152) age=110 e=484 maxE=696 spd=10/23 hear=50 vis=205/0.89 mode=('elderwait', 0.0, None, 13, 5, 0) fr100=0 tr100=1 predDist=None
  a109 pos=(123,180) age=87 e=633 maxE=696 spd=10/25 hear=50 vis=213/0.89 mode=('elderwait', 0.0, None, 15, 8, 0) fr100=8 tr100=1 predDist=None
  a110 pos=(697,107) age=48 e=64 maxE=696 spd=10/25 hear=50 vis=213/0.89 mode=('treewait', 0.0, None, 0, 8, 0) fr100=0 tr100=2 predDist=None
  a112 pos=(1034,321) age=31 e=193 maxE=696 spd=10/25 hear=27 vis=213/0.92 mode=('fruit', 10, None, 1, 3, 0) fr100=0 tr100=0 predDist=None
  a113 pos=(682,88) age=26 e=542 maxE=696 spd=10/23 hear=50 vis=205/0.89 mode=('treewait', 0.0, None, 0, 5, 0) fr100=0 tr100=2 predDist=None
== t=1500.0 alive=6 preds=0 trees=13 fruits=21 score=1567.7
  a107 pos=(673,129) age=135 e=146 maxE=696 spd=10/23 hear=50 vis=205/0.89 mode=('elderwait', 0.0, None, 3, 4, 0) fr100=0 tr100=2 predDist=None
  a109 pos=(141,218) age=112 e=533 maxE=696 spd=10/25 hear=50 vis=213/0.89 mode=('elderwait', 0.0, None, 6, 8, 0) fr100=1 tr100=1 predDist=None
  a110 pos=(191,260) age=73 e=335 maxE=696 spd=10/25 hear=50 vis=213/0.89 mode=('elderwait', 0.0, None, 3, 10, 0) fr100=2 tr100=1 predDist=None
  a112 pos=(965,179) age=56 e=187 maxE=696 spd=10/25 hear=27 vis=213/0.92 mode=('treewait', 0.0, None, 0, 4, 0) fr100=0 tr100=1 predDist=None
  a113 pos=(652,80) age=51 e=571 maxE=696 spd=10/23 hear=50 vis=205/0.89 mode=('treewait', 0.0, None, 0, 4, 0) fr100=0 tr100=2 predDist=None
  a114 pos=(675,71) age=11 e=117 maxE=696 spd=10/23 hear=50 vis=222/0.64 mode=('treewait', 0.0, None, 0, 3, 0) fr100=0 tr100=2 predDist=None
== t=1525.0 alive=6 preds=0 trees=17 fruits=21 score=1593.2
  a110 pos=(184,241) age=98 e=76 maxE=696 spd=10/25 hear=50 vis=213/0.89 mode=('elderwait', 0.0, None, 5, 12, 0) fr100=1 tr100=1 predDist=None
  a112 pos=(902,120) age=81 e=125 maxE=696 spd=10/25 hear=27 vis=213/0.92 mode=('elderwait', 0.0, None, 3, 3, 0) fr100=0 tr100=1 predDist=None
  a113 pos=(630,49) age=75 e=535 maxE=696 spd=10/23 hear=50 vis=205/0.89 mode=('elderwait', 0.0, None, 2, 3, 0) fr100=0 tr100=0 predDist=None
  a114 pos=(337,465) age=36 e=121 maxE=696 spd=10/23 hear=50 vis=222/0.64 mode=('explore', 10, None, 0, 2, 0) fr100=0 tr100=0 predDist=None
  a115 pos=(876,192) age=19 e=253 maxE=696 spd=10/25 hear=50 vis=213/0.89 mode=('treewait', 0.0, None, 0, 7, 0) fr100=0 tr100=1 predDist=None
  a116 pos=(838,175) age=13 e=103 maxE=696 spd=10/25 hear=50 vis=253/0.89 mode=('treewait', 0.0, None, 0, 4, 0) fr100=0 tr100=1 predDist=None
== t=1550.0 alive=4 preds=0 trees=16 fruits=30 score=1618.4
  a113 pos=(630,49) age=100 e=374 maxE=696 spd=10/23 hear=50 vis=205/0.89 mode=('elderwait', 0.0, None, 2, 3, 0) fr100=0 tr100=0 predDist=None
  a114 pos=(252,89) age=61 e=235 maxE=696 spd=10/23 hear=50 vis=222/0.64 mode=('treewait', 0.0, None, 0, 4, 0) fr100=0 tr100=1 predDist=None
  a115 pos=(1021,215) age=44 e=239 maxE=696 spd=10/25 hear=50 vis=213/0.89 mode=('treewait', 0.0, None, 1, 8, 0) fr100=0 tr100=2 predDist=None
  a116 pos=(1299,398) age=39 e=24 maxE=696 spd=10/25 hear=50 vis=253/0.89 mode=('explore', 9.8, None, 0, 5, 0) fr100=0 tr100=1 predDist=None
== t=1575.0 alive=4 preds=0 trees=16 fruits=26 score=1644.3
  a114 pos=(167,717) age=86 e=445 maxE=696 spd=10/23 hear=50 vis=222/0.64 mode=('fruit', 10, None, 5, 6, 0) fr100=3 tr100=0 predDist=None
  a115 pos=(1008,170) age=69 e=51 maxE=696 spd=10/25 hear=50 vis=213/0.89 mode=('tree', 9.8, None, 0, 7, 0) fr100=0 tr100=1 predDist=None
  a117 pos=(692,394) age=24 e=332 maxE=696 spd=10/25 hear=50 vis=252/0.89 mode=('treewait', 0.0, None, 0, 5, 0) fr100=0 tr100=1 predDist=None
  a118 pos=(1020,142) age=7 e=71 maxE=696 spd=10/25 hear=50 vis=213/0.89 mode=('treewait', 0.0, None, 0, 2, 0) fr100=0 tr100=1 predDist=None
== t=1600.0 alive=5 preds=0 trees=12 fruits=17 score=1669.9
  a114 pos=(303,828) age=111 e=520 maxE=696 spd=10/23 hear=50 vis=222/0.64 mode=('elderwait', 0.0, None, 0, 7, 0) fr100=0 tr100=0 predDist=None
  a115 pos=(1237,327) age=94 e=35 maxE=696 spd=10/25 hear=50 vis=213/0.89 mode=('elderwait', 0.0, None, 0, 7, 0) fr100=0 tr100=0 predDist=None
  a117 pos=(764,646) age=49 e=78 maxE=696 spd=10/25 hear=50 vis=252/0.89 mode=('fruit', 9.8, None, 1, 5, 0) fr100=1 tr100=1 predDist=None
  a120 pos=(979,551) age=9 e=73 maxE=578 spd=10/15 hear=50 vis=252/0.89 mode=('fruit', 9.8, None, 1, 2, 0) fr100=2 tr100=1 predDist=None
  a121 pos=(1163,445) age=7 e=44 maxE=696 spd=6/25 hear=50 vis=252/0.87 mode=('explore', 6.0, None, 0, 1, 0) fr100=0 tr100=0 predDist=None
== t=1625.0 alive=3 preds=0 trees=19 fruits=21 score=1695.1
  a114 pos=(311,834) age=136 e=165 maxE=696 spd=10/23 hear=50 vis=222/0.64 mode=('explore', 10, None, 0, 8, 0) fr100=0 tr100=1 predDist=None
  a120 pos=(948,685) age=34 e=94 maxE=578 spd=10/15 hear=50 vis=252/0.89 mode=('explore', 9.8, None, 0, 2, 0) fr100=0 tr100=0 predDist=None
  a121 pos=(785,563) age=32 e=11 maxE=696 spd=6/25 hear=50 vis=252/0.87 mode=('fruit', 6.0, None, 1, 2, 0) fr100=0 tr100=0 predDist=None
