== t=0.2 alive=5 preds=0 trees=21 fruits=33 score=0.2
  a0 pos=(1077,446) age=0 e=149 maxE=500 spd=10/20 hear=50 vis=200/1.05 mode=('fruit', 10, None, 3, 1, 0) fr100=2 tr100=0 predDist=None
  a1 pos=(333,1119) age=0 e=149 maxE=500 spd=10/20 hear=50 vis=200/1.05 mode=('explore', 10, None, 0, 0, 0) fr100=0 tr100=1 predDist=None
  a2 pos=(569,816) age=0 e=149 maxE=500 spd=10/20 hear=50 vis=200/1.05 mode=('explore', 10, None, 0, 0, 0) fr100=0 tr100=0 predDist=None
  a3 pos=(930,833) age=0 e=149 maxE=500 spd=10/20 hear=50 vis=200/1.05 mode=('explore', 10, None, 0, 1, 0) fr100=1 tr100=1 predDist=None
  a4 pos=(124,338) age=0 e=149 maxE=500 spd=10/20 hear=50 vis=200/1.05 mode=('explore', 10, None, 0, 1, 0) fr100=0 tr100=0 predDist=None
== t=25.0 alive=5 preds=0 trees=64 fruits=32 score=25.8
  a0 pos=(1273,242) age=25 e=309 maxE=500 spd=10/20 hear=50 vis=200/1.05 mode=('fruit', 10, None, 7, 13, 0) fr100=1 tr100=2 predDist=None
  a1 pos=(452,865) age=25 e=129 maxE=500 spd=10/20 hear=50 vis=200/1.05 mode=('treewait', 0.0, None, 0, 10, 0) fr100=0 tr100=2 predDist=None
  a2 pos=(1125,371) age=25 e=165 maxE=500 spd=10/20 hear=50 vis=200/1.05 mode=('explore', 10, None, 0, 9, 0) fr100=0 tr100=6 predDist=None
  a3 pos=(867,1128) age=25 e=69 maxE=500 spd=10/20 hear=50 vis=200/1.05 mode=('conserve', 0.0, None, 0, 3, 0) fr100=0 tr100=1 predDist=None
  a4 pos=(425,111) age=25 e=240 maxE=500 spd=10/20 hear=50 vis=200/1.05 mode=('treewait', 0.0, None, 0, 5, 0) fr100=0 tr100=3 predDist=None
== t=50.0 alive=6 preds=0 trees=87 fruits=86 score=52.7
  a0 pos=(1452,428) age=50 e=467 maxE=500 spd=10/20 hear=50 vis=200/1.05 mode=('treewait', 0.0, None, 11, 16, 0) fr100=4 tr100=4 predDist=None
  a1 pos=(542,838) age=50 e=437 maxE=500 spd=10/20 hear=50 vis=200/1.05 mode=('treewait', 0.0, None, 1, 18, 0) fr100=2 tr100=2 predDist=None
  a2 pos=(1082,426) age=50 e=463 maxE=500 spd=10/20 hear=50 vis=200/1.05 mode=('treewait', 0.0, None, 5, 19, 0) fr100=3 tr100=4 predDist=None
  a3 pos=(293,1044) age=50 e=181 maxE=500 spd=10/20 hear=50 vis=200/1.05 mode=('fruit', 10, None, 5, 16, 0) fr100=5 tr100=7 predDist=None
  a4 pos=(453,138) age=50 e=343 maxE=500 spd=10/20 hear=50 vis=200/1.05 mode=('treewait', 0.0, None, 0, 10, 0) fr100=0 tr100=4 predDist=None
  a5 pos=(1022,357) age=20 e=131 maxE=500 spd=10/14 hear=50 vis=200/1.05 mode=('river', 10, None, 8, 18, 0) fr100=1 tr100=4 predDist=None
== t=75.0 alive=11 preds=0 trees=64 fruits=108 score=80.1
  a0 pos=(1447,495) age=75 e=157 maxE=500 spd=10/20 hear=50 vis=200/1.05 mode=('elderwait', 0.0, None, 9, 16, 0) fr100=0 tr100=1 predDist=None
  a1 pos=(541,810) age=75 e=238 maxE=500 spd=10/20 hear=50 vis=200/1.05 mode=('elderwait', 0.0, None, 5, 18, 0) fr100=0 tr100=0 predDist=None
  a2 pos=(1118,400) age=75 e=465 maxE=500 spd=10/20 hear=50 vis=200/1.05 mode=('elderwait', 0.0, None, 11, 18, 0) fr100=3 tr100=4 predDist=None
  a3 pos=(612,940) age=75 e=451 maxE=500 spd=10/20 hear=50 vis=200/1.05 mode=('elderwait', 0.0, None, 11, 19, 0) fr100=2 tr100=2 predDist=None
  a4 pos=(165,233) age=75 e=445 maxE=500 spd=10/20 hear=50 vis=200/1.05 mode=('elderwait', 0.0, None, 27, 18, 0) fr100=5 tr100=3 predDist=None
  a5 pos=(909,435) age=45 e=397 maxE=500 spd=10/14 hear=50 vis=200/1.05 mode=('river', 10, None, 9, 20, 0) fr100=0 tr100=1 predDist=None
  a6 pos=(1381,158) age=13 e=399 maxE=433 spd=10/20 hear=50 vis=200/1.05 mode=('treewait', 0.0, None, 9, 9, 0) fr100=1 tr100=2 predDist=None
  a7 pos=(280,1116) age=13 e=467 maxE=500 spd=10/20 hear=50 vis=200/1.05 mode=('treewait', 0.0, None, 5, 8, 0) fr100=1 tr100=2 predDist=None
  a8 pos=(1253,184) age=13 e=207 maxE=274 spd=10/20 hear=50 vis=200/1.05 mode=('fruit', 10, None, 10, 11, 0) fr100=6 tr100=4 predDist=None
  a9 pos=(301,774) age=13 e=41 maxE=500 spd=10/20 hear=50 vis=200/1.05 mode=('river', 10, None, 3, 6, 0) fr100=1 tr100=1 predDist=None
  a10 pos=(1421,389) age=13 e=161 maxE=500 spd=10/20 hear=50 vis=200/1.05 mode=('fruit', 10, None, 1, 5, 0) fr100=1 tr100=3 predDist=None
== t=100.0 alive=12 preds=0 trees=61 fruits=114 score=106.8
  a0 pos=(1491,454) age=100 e=55 maxE=500 spd=10/20 hear=50 vis=200/1.05 mode=('elderwait', 0.0, None, 9, 15, 0) fr100=0 tr100=2 predDist=None
  a1 pos=(541,810) age=100 e=145 maxE=500 spd=10/20 hear=50 vis=200/1.05 mode=('elderwait', 0.0, None, 11, 18, 0) fr100=1 tr100=0 predDist=None
  a2 pos=(1145,326) age=100 e=253 maxE=500 spd=10/20 hear=50 vis=200/1.05 mode=('elderwait', 0.0, None, 16, 16, 0) fr100=6 tr100=2 predDist=None
  a3 pos=(617,964) age=100 e=269 maxE=500 spd=10/20 hear=50 vis=200/1.05 mode=('elderwait', 0.0, None, 18, 22, 0) fr100=1 tr100=1 predDist=None
  a4 pos=(145,229) age=100 e=453 maxE=500 spd=10/20 hear=50 vis=200/1.05 mode=('elderwait', 0.0, None, 37, 20, 0) fr100=7 tr100=2 predDist=None
  a5 pos=(1151,342) age=70 e=433 maxE=500 spd=10/14 hear=50 vis=200/1.05 mode=('elderwait', 0.0, None, 16, 18, 0) fr100=6 tr100=2 predDist=None
  a6 pos=(1364,186) age=38 e=372 maxE=433 spd=10/20 hear=50 vis=200/1.05 mode=('treewait', 0.0, None, 14, 11, 0) fr100=1 tr100=4 predDist=None
  a7 pos=(363,1122) age=38 e=425 maxE=500 spd=10/20 hear=50 vis=200/1.05 mode=('fruit', 10, None, 4, 7, 0) fr100=0 tr100=1 predDist=None
  a8 pos=(1220,195) age=38 e=252 maxE=274 spd=10/20 hear=50 vis=200/1.05 mode=('treewait', 0.0, None, 17, 12, 0) fr100=2 tr100=3 predDist=None
  a9 pos=(434,1014) age=38 e=308 maxE=500 spd=10/20 hear=50 vis=200/1.05 mode=('fruit', 10, None, 6, 13, 0) fr100=3 tr100=4 predDist=None
  a10 pos=(1199,249) age=38 e=441 maxE=500 spd=10/20 hear=50 vis=200/1.05 mode=('tree', 10, None, 16, 14, 0) fr100=3 tr100=3 predDist=None
  a11 pos=(1351,162) age=8 e=289 maxE=500 spd=10/20 hear=50 vis=200/1.05 mode=('fruit', 10, None, 5, 9, 0) fr100=1 tr100=4 predDist=None
== t=125.0 alive=13 preds=0 trees=64 fruits=119 score=132.8
  a4 pos=(172,176) age=125 e=3 maxE=500 spd=10/20 hear=50 vis=200/1.05 mode=('elderwait', 0.0, None, 42, 19, 0) fr100=4 tr100=3 predDist=None
  a5 pos=(1151,342) age=95 e=389 maxE=500 spd=10/14 hear=50 vis=200/1.05 mode=('elderwait', 0.0, None, 15, 20, 0) fr100=4 tr100=1 predDist=None
  a6 pos=(1381,244) age=63 e=171 maxE=433 spd=10/20 hear=50 vis=200/1.05 mode=('elderwait', 0.0, None, 16, 8, 0) fr100=4 tr100=3 predDist=None
  a7 pos=(696,1129) age=63 e=459 maxE=500 spd=10/20 hear=50 vis=200/1.05 mode=('elderwait', 0.0, None, 16, 20, 0) fr100=6 tr100=4 predDist=None
  a8 pos=(1220,195) age=63 e=208 maxE=274 spd=10/20 hear=50 vis=200/1.05 mode=('elderwait', 0.0, None, 19, 15, 0) fr100=0 tr100=6 predDist=None
  a9 pos=(453,879) age=63 e=445 maxE=500 spd=10/20 hear=50 vis=200/1.05 mode=('elderwait', 0.0, None, 12, 14, 0) fr100=6 tr100=4 predDist=None
  a10 pos=(1159,278) age=63 e=445 maxE=500 spd=10/20 hear=50 vis=200/1.05 mode=('elderwait', 0.0, None, 20, 14, 0) fr100=2 tr100=3 predDist=None
  a11 pos=(1291,186) age=33 e=474 maxE=500 spd=10/20 hear=50 vis=200/1.05 mode=('treewait', 0.0, None, 11, 11, 0) fr100=2 tr100=6 predDist=None
  a12 pos=(265,175) age=1 e=159 maxE=500 spd=10/20 hear=50 vis=200/1.05 mode=('fruit', 10, None, 1, 4, 0) fr100=5 tr100=4 predDist=None
  a13 pos=(1383,267) age=1 e=69 maxE=283 spd=10/12 hear=50 vis=200/1.05 mode=('fruit', 10, None, 3, 2, 0) fr100=2 tr100=2 predDist=None
  a14 pos=(165,255) age=1 e=119 maxE=500 spd=10/20 hear=50 vis=200/1.05 mode=('fruit', 10, None, 8, 4, 0) fr100=6 tr100=2 predDist=None
  a15 pos=(1376,217) age=1 e=70 maxE=336 spd=10/20 hear=50 vis=200/1.18 mode=('fruit', 10, None, 1, 3, 0) fr100=4 tr100=3 predDist=None
  a16 pos=(193,109) age=1 e=71 maxE=500 spd=10/20 hear=50 vis=200/1.32 mode=('fruit', 10, None, 1, 2, 0) fr100=3 tr100=4 predDist=None
== t=150.0 alive=12 preds=0 trees=62 fruits=118 score=160.0
  a5 pos=(1151,342) age=120 e=293 maxE=500 spd=10/14 hear=50 vis=200/1.05 mode=('elderwait', 0.0, None, 16, 20, 0) fr100=0 tr100=2 predDist=None
  a6 pos=(1422,224) age=88 e=151 maxE=433 spd=10/20 hear=50 vis=200/1.05 mode=('elderwait', 0.0, None, 14, 10, 0) fr100=1 tr100=2 predDist=None
  a7 pos=(738,1116) age=88 e=456 maxE=500 spd=10/20 hear=50 vis=200/1.05 mode=('elderwait', 0.0, None, 22, 20, 0) fr100=8 tr100=4 predDist=None
  a8 pos=(1227,240) age=88 e=226 maxE=274 spd=10/20 hear=50 vis=200/1.05 mode=('elderwait', 0.0, None, 15, 13, 0) fr100=2 tr100=5 predDist=None
  a9 pos=(456,909) age=88 e=457 maxE=500 spd=10/20 hear=50 vis=200/1.05 mode=('elderwait', 0.0, None, 22, 13, 0) fr100=10 tr100=4 predDist=None
  a10 pos=(1143,297) age=88 e=398 maxE=500 spd=10/20 hear=50 vis=200/1.05 mode=('elderwait', 0.0, None, 16, 13, 0) fr100=2 tr100=3 predDist=None
  a11 pos=(1310,238) age=58 e=462 maxE=500 spd=10/20 hear=50 vis=200/1.05 mode=('treewait', 0.0, None, 20, 12, 0) fr100=2 tr100=5 predDist=None
  a12 pos=(340,111) age=26 e=488 maxE=500 spd=10/20 hear=50 vis=200/1.05 mode=('treewait', 0.0, None, 13, 7, 0) fr100=7 tr100=5 predDist=None
  a13 pos=(1357,243) age=26 e=224 maxE=283 spd=10/12 hear=50 vis=200/1.05 mode=('treewait', 0.0, None, 12, 11, 0) fr100=1 tr100=3 predDist=None
  a14 pos=(194,279) age=26 e=471 maxE=500 spd=10/20 hear=50 vis=200/1.05 mode=('treewait', 0.0, None, 32, 14, 0) fr100=4 tr100=6 predDist=None
  a15 pos=(1084,369) age=26 e=296 maxE=336 spd=10/20 hear=50 vis=200/1.18 mode=('treewait', 0.0, None, 5, 14, 0) fr100=0 tr100=1 predDist=None
  a16 pos=(279,418) age=26 e=452 maxE=500 spd=10/20 hear=50 vis=200/1.32 mode=('treewait', 0.0, None, 27, 14, 0) fr100=8 tr100=4 predDist=None
== t=175.0 alive=11 preds=0 trees=54 fruits=122 score=186.0
  a7 pos=(651,1007) age=113 e=461 maxE=500 spd=10/20 hear=50 vis=200/1.05 mode=('elderwait', 0.0, None, 26, 14, 0) fr100=6 tr100=0 predDist=None
  a8 pos=(1227,240) age=113 e=181 maxE=274 spd=10/20 hear=50 vis=200/1.05 mode=('elderwait', 0.0, None, 15, 16, 0) fr100=1 tr100=4 predDist=None
  a9 pos=(475,888) age=113 e=340 maxE=500 spd=10/20 hear=50 vis=200/1.05 mode=('elderwait', 0.0, None, 26, 13, 0) fr100=7 tr100=1 predDist=None
  a10 pos=(1143,297) age=113 e=353 maxE=500 spd=10/20 hear=50 vis=200/1.05 mode=('elderwait', 0.0, None, 17, 13, 0) fr100=0 tr100=3 predDist=None
  a11 pos=(1309,250) age=83 e=416 maxE=500 spd=10/20 hear=50 vis=200/1.05 mode=('elderwait', 0.0, None, 14, 12, 0) fr100=1 tr100=3 predDist=None
  a12 pos=(340,111) age=51 e=443 maxE=500 spd=10/20 hear=50 vis=200/1.05 mode=('treewait', 0.0, None, 24, 7, 0) fr100=13 tr100=1 predDist=None
  a13 pos=(1361,221) age=51 e=221 maxE=283 spd=10/12 hear=50 vis=200/1.05 mode=('treewait', 0.0, None, 14, 10, 0) fr100=0 tr100=1 predDist=None
  a14 pos=(184,282) age=51 e=486 maxE=500 spd=10/20 hear=50 vis=200/1.05 mode=('treewait', 0.0, None, 46, 15, 0) fr100=17 tr100=3 predDist=None
  a15 pos=(1178,332) age=51 e=269 maxE=336 spd=10/20 hear=50 vis=200/1.18 mode=('fruit', 10, None, 8, 13, 0) fr100=0 tr100=3 predDist=None
  a16 pos=(282,409) age=51 e=486 maxE=500 spd=10/20 hear=50 vis=200/1.32 mode=('treewait', 0.0, None, 39, 16, 0) fr100=13 tr100=4 predDist=None
  a17 pos=(1176,212) age=21 e=275 maxE=433 spd=10/20 hear=50 vis=200/1.05 mode=('treewait', 0.0, None, 1, 11, 0) fr100=0 tr100=1 predDist=None
== t=200.0 alive=12 preds=0 trees=58 fruits=118 score=212.7
  a11 pos=(1309,250) age=108 e=203 maxE=500 spd=10/20 hear=50 vis=200/1.05 mode=('elderwait', 0.0, None, 19, 14, 0) fr100=0 tr100=1 predDist=None
  a12 pos=(365,127) age=76 e=464 maxE=500 spd=10/20 hear=50 vis=200/1.05 mode=('elderwait', 0.0, None, 25, 6, 0) fr100=9 tr100=3 predDist=None
  a13 pos=(1380,357) age=76 e=132 maxE=283 spd=10/12 hear=50 vis=200/1.05 mode=('elderwait', 0.0, None, 15, 14, 0) fr100=3 tr100=2 predDist=None
  a14 pos=(184,282) age=76 e=441 maxE=500 spd=10/20 hear=50 vis=200/1.05 mode=('elderwait', 0.0, None, 60, 14, 0) fr100=18 tr100=1 predDist=None
  a15 pos=(1230,221) age=76 e=230 maxE=336 spd=10/20 hear=50 vis=200/1.18 mode=('elderwait', 0.0, None, 8, 15, 0) fr100=0 tr100=1 predDist=None
  a16 pos=(282,409) age=76 e=462 maxE=500 spd=10/20 hear=50 vis=200/1.32 mode=('elderwait', 0.0, None, 43, 14, 0) fr100=18 tr100=4 predDist=None
  a17 pos=(1384,145) age=46 e=312 maxE=433 spd=10/20 hear=50 vis=200/1.05 mode=('treewait', 0.0, None, 0, 10, 0) fr100=0 tr100=2 predDist=None
  a18 pos=(522,899) age=14 e=15 maxE=500 spd=10/20 hear=50 vis=200/1.05 mode=('fruit', 10, None, 10, 5, 0) fr100=3 tr100=1 predDist=None
  a19 pos=(1017,1027) age=14 e=478 maxE=500 spd=10/20 hear=50 vis=297/1.05 mode=('treewait', 0.0, None, 8, 6, 0) fr100=3 tr100=1 predDist=None
  a20 pos=(822,1007) age=14 e=464 maxE=500 spd=10/20 hear=50 vis=200/1.05 mode=('fruit', 10, None, 4, 5, 0) fr100=0 tr100=2 predDist=None
  a21 pos=(1354,146) age=14 e=23 maxE=500 spd=5/20 hear=50 vis=200/1.05 mode=('treewait', 0.0, None, 0, 9, 0) fr100=0 tr100=3 predDist=None
  a22 pos=(1491,296) age=14 e=453 maxE=500 spd=10/17 hear=56 vis=200/1.05 mode=('treewait', 0.0, None, 6, 8, 0) fr100=4 tr100=2 predDist=None
== t=225.0 alive=11 preds=0 trees=58 fruits=102 score=239.2
  a12 pos=(365,127) age=101 e=319 maxE=500 spd=10/20 hear=50 vis=200/1.05 mode=('elderwait', 0.0, None, 27, 10, 0) fr100=7 tr100=4 predDist=None
  a13 pos=(1442,412) age=101 e=36 maxE=283 spd=10/12 hear=50 vis=200/1.05 mode=('elderwait', 0.0, None, 10, 15, 0) fr100=3 tr100=4 predDist=None
  a14 pos=(174,281) age=101 e=264 maxE=500 spd=10/20 hear=50 vis=200/1.05 mode=('elderwait', 0.0, None, 59, 15, 0) fr100=3 tr100=5 predDist=None
  a15 pos=(1230,221) age=101 e=186 maxE=336 spd=10/20 hear=50 vis=200/1.18 mode=('elderwait', 0.0, None, 17, 16, 0) fr100=3 tr100=3 predDist=None
  a16 pos=(282,409) age=101 e=460 maxE=500 spd=10/20 hear=50 vis=200/1.32 mode=('elderwait', 0.0, None, 43, 14, 0) fr100=15 tr100=1 predDist=None
  a17 pos=(1223,204) age=71 e=300 maxE=433 spd=10/20 hear=50 vis=200/1.05 mode=('elderwait', 0.0, None, 10, 12, 0) fr100=2 tr100=3 predDist=None
  a18 pos=(382,966) age=39 e=475 maxE=500 spd=10/20 hear=50 vis=200/1.05 mode=('treewait', 0.0, None, 8, 13, 0) fr100=3 tr100=3 predDist=None
  a19 pos=(1033,1016) age=39 e=491 maxE=500 spd=10/20 hear=50 vis=297/1.05 mode=('treewait', 0.0, None, 11, 7, 0) fr100=3 tr100=1 predDist=None
  a20 pos=(886,1050) age=39 e=449 maxE=500 spd=10/20 hear=50 vis=200/1.05 mode=('treewait', 0.0, None, 9, 3, 0) fr100=0 tr100=1 predDist=None
  a22 pos=(1511,268) age=39 e=465 maxE=500 spd=10/17 hear=56 vis=200/1.05 mode=('treewait', 0.0, None, 6, 10, 0) fr100=1 tr100=1 predDist=None
  a23 pos=(110,181) age=9 e=481 maxE=500 spd=10/20 hear=50 vis=200/1.05 mode=('treewait', 0.0, None, 16, 9, 0) fr100=6 tr100=4 predDist=None
== t=250.0 alive=11 preds=0 trees=61 fruits=116 score=264.8
  a12 pos=(360,136) age=126 e=44 maxE=500 spd=10/20 hear=50 vis=200/1.05 mode=('elderwait', 0.0, None, 22, 9, 0) fr100=7 tr100=3 predDist=None
  a17 pos=(1223,204) age=96 e=58 maxE=433 spd=10/20 hear=50 vis=200/1.05 mode=('elderwait', 0.0, None, 18, 18, 0) fr100=6 tr100=5 predDist=None
  a18 pos=(420,990) age=64 e=465 maxE=500 spd=10/20 hear=50 vis=200/1.05 mode=('elderwait', 0.0, None, 23, 13, 0) fr100=7 tr100=4 predDist=None
  a19 pos=(893,1077) age=64 e=438 maxE=500 spd=10/20 hear=50 vis=297/1.05 mode=('elderwait', 0.0, None, 18, 9, 0) fr100=4 tr100=2 predDist=None
  a20 pos=(817,1037) age=64 e=441 maxE=500 spd=10/20 hear=50 vis=200/1.05 mode=('elderwait', 0.0, None, 17, 5, 0) fr100=5 tr100=4 predDist=None
  a22 pos=(1495,312) age=64 e=468 maxE=500 spd=10/17 hear=56 vis=200/1.05 mode=('elderwait', 0.0, None, 10, 10, 0) fr100=3 tr100=2 predDist=None
  a23 pos=(110,181) age=34 e=478 maxE=500 spd=10/20 hear=50 vis=200/1.05 mode=('treewait', 0.0, None, 28, 12, 0) fr100=7 tr100=5 predDist=None
  a24 pos=(151,251) age=2 e=188 maxE=500 spd=10/20 hear=50 vis=200/1.32 mode=('fruit', 10, None, 9, 6, 0) fr100=4 tr100=6 predDist=None
  a25 pos=(1221,136) age=2 e=100 maxE=433 spd=10/21 hear=50 vis=200/1.05 mode=('fruit', 10, None, 8, 3, 0) fr100=6 tr100=3 predDist=None
  a26 pos=(149,245) age=2 e=64 maxE=500 spd=10/20 hear=50 vis=200/1.32 mode=('fruit', 10, None, 13, 7, 0) fr100=5 tr100=6 predDist=None
  a27 pos=(306,472) age=2 e=245 maxE=500 spd=10/20 hear=50 vis=200/1.32 mode=('fruit', 10, None, 2, 0, 0) fr100=1 tr100=0 predDist=None
== t=275.0 alive=9 preds=0 trees=52 fruits=101 score=291.6
  a18 pos=(477,976) age=89 e=476 maxE=500 spd=10/20 hear=50 vis=200/1.05 mode=('elderwait', 0.0, None, 34, 10, 0) fr100=11 tr100=5 predDist=None
  a19 pos=(870,1078) age=89 e=451 maxE=500 spd=10/20 hear=50 vis=297/1.05 mode=('elderwait', 0.0, None, 21, 9, 0) fr100=4 tr100=3 predDist=None
  a20 pos=(817,1037) age=89 e=396 maxE=500 spd=10/20 hear=50 vis=200/1.05 mode=('elderwait', 0.0, None, 18, 5, 0) fr100=5 tr100=4 predDist=None
  a22 pos=(1495,312) age=89 e=277 maxE=500 spd=10/17 hear=56 vis=200/1.05 mode=('elderwait', 0.0, None, 10, 9, 0) fr100=4 tr100=1 predDist=None
  a23 pos=(101,178) age=59 e=462 maxE=500 spd=10/20 hear=50 vis=200/1.05 mode=('treewait', 0.0, None, 33, 12, 0) fr100=1 tr100=4 predDist=None
  a24 pos=(145,230) age=27 e=440 maxE=500 spd=10/20 hear=50 vis=200/1.32 mode=('treewait', 0.0, None, 13, 11, 0) fr100=5 tr100=4 predDist=None
  a25 pos=(1318,160) age=27 e=393 maxE=433 spd=10/21 hear=50 vis=200/1.05 mode=('treewait', 0.0, None, 25, 11, 0) fr100=1 tr100=3 predDist=None
  a26 pos=(148,359) age=27 e=445 maxE=500 spd=10/20 hear=50 vis=200/1.32 mode=('treewait', 0.0, None, 14, 10, 0) fr100=8 tr100=2 predDist=None
  a27 pos=(64,274) age=27 e=448 maxE=500 spd=10/20 hear=50 vis=200/1.32 mode=('treewait', 0.0, None, 14, 9, 0) fr100=2 tr100=4 predDist=None
== t=300.0 alive=10 preds=0 trees=54 fruits=115 score=317.7
  a18 pos=(496,897) age=114 e=457 maxE=500 spd=10/20 hear=50 vis=200/1.05 mode=('elderwait', 0.0, None, 38, 10, 0) fr100=9 tr100=3 predDist=None
  a19 pos=(880,1057) age=114 e=365 maxE=500 spd=10/20 hear=50 vis=297/1.05 mode=('elderwait', 0.0, None, 20, 9, 0) fr100=0 tr100=1 predDist=None
  a20 pos=(843,1049) age=114 e=215 maxE=500 spd=10/20 hear=50 vis=200/1.05 mode=('elderwait', 0.0, None, 13, 4, 0) fr100=0 tr100=1 predDist=None
  a22 pos=(1443,334) age=114 e=26 maxE=500 spd=10/17 hear=56 vis=200/1.05 mode=('elderwait', 0.0, None, 19, 9, 0) fr100=7 tr100=2 predDist=None
  a23 pos=(101,178) age=84 e=369 maxE=500 spd=10/20 hear=50 vis=200/1.05 mode=('elderwait', 0.0, None, 25, 14, 0) fr100=4 tr100=3 predDist=None
  a24 pos=(137,269) age=52 e=438 maxE=500 spd=10/20 hear=50 vis=200/1.32 mode=('treewait', 0.0, None, 27, 15, 0) fr100=9 tr100=5 predDist=None
  a25 pos=(1302,238) age=52 e=392 maxE=433 spd=10/21 hear=50 vis=200/1.05 mode=('treewait', 0.0, None, 30, 11, 0) fr100=9 tr100=2 predDist=None
  a26 pos=(202,387) age=52 e=457 maxE=500 spd=10/20 hear=50 vis=200/1.32 mode=('treewait', 0.0, None, 25, 13, 0) fr100=15 tr100=6 predDist=None
  a27 pos=(93,268) age=52 e=482 maxE=500 spd=10/20 hear=50 vis=200/1.32 mode=('treewait', 0.0, None, 27, 13, 0) fr100=6 tr100=4 predDist=None
  a28 pos=(755,1120) age=22 e=454 maxE=500 spd=10/20 hear=50 vis=297/1.05 mode=('treewait', 0.0, None, 10, 6, 0) fr100=0 tr100=2 predDist=None
== t=325.0 alive=10 preds=0 trees=45 fruits=112 score=344.3
  a23 pos=(43,251) age=109 e=201 maxE=500 spd=10/20 hear=50 vis=200/1.05 mode=('elderwait', 0.0, None, 33, 12, 0) fr100=6 tr100=3 predDist=None
  a24 pos=(173,286) age=77 e=471 maxE=500 spd=10/20 hear=50 vis=200/1.32 mode=('elderwait', 0.0, None, 43, 17, 0) fr100=12 tr100=4 predDist=None
  a25 pos=(1336,208) age=77 e=392 maxE=433 spd=10/21 hear=50 vis=200/1.05 mode=('elderwait', 0.0, None, 28, 9, 0) fr100=6 tr100=2 predDist=None
  a26 pos=(208,379) age=77 e=472 maxE=500 spd=10/20 hear=50 vis=200/1.32 mode=('elderwait', 0.0, None, 35, 15, 0) fr100=20 tr100=6 predDist=None
  a27 pos=(104,237) age=77 e=433 maxE=500 spd=10/20 hear=50 vis=200/1.32 mode=('elderwait', 0.0, None, 38, 13, 0) fr100=13 tr100=3 predDist=None
  a28 pos=(436,1003) age=47 e=472 maxE=500 spd=10/20 hear=50 vis=297/1.05 mode=('treewait', 0.0, None, 14, 8, 0) fr100=3 tr100=1 predDist=None
  a29 pos=(617,1007) age=15 e=23 maxE=500 spd=10/20 hear=50 vis=268/1.05 mode=('fruit', 10, None, 5, 8, 0) fr100=1 tr100=3 predDist=None
  a30 pos=(422,916) age=15 e=478 maxE=500 spd=10/19 hear=50 vis=200/1.05 mode=('treewait', 0.0, None, 17, 6, 0) fr100=3 tr100=2 predDist=None
  a31 pos=(602,1008) age=15 e=38 maxE=500 spd=10/20 hear=50 vis=163/1.05 mode=('fruit', 10, None, 1, 6, 0) fr100=1 tr100=3 predDist=None
  a32 pos=(358,970) age=15 e=471 maxE=500 spd=10/20 hear=50 vis=200/1.05 mode=('explore', 10, None, 8, 4, 0) fr100=5 tr100=1 predDist=None
== t=350.0 alive=10 preds=0 trees=47 fruits=87 score=370.6
  a24 pos=(193,240) age=102 e=440 maxE=500 spd=10/20 hear=50 vis=200/1.32 mode=('elderwait', 0.0, None, 65, 19, 0) fr100=9 tr100=0 predDist=None
  a25 pos=(1337,231) age=102 e=304 maxE=433 spd=10/21 hear=50 vis=200/1.05 mode=('elderwait', 0.0, None, 28, 10, 0) fr100=1 tr100=2 predDist=None
  a26 pos=(197,363) age=102 e=484 maxE=500 spd=10/20 hear=50 vis=200/1.32 mode=('elderwait', 0.0, None, 52, 12, 0) fr100=17 tr100=5 predDist=None
  a27 pos=(104,237) age=102 e=388 maxE=500 spd=10/20 hear=50 vis=200/1.32 mode=('elderwait', 0.0, None, 46, 10, 0) fr100=10 tr100=0 predDist=None
  a28 pos=(388,946) age=72 e=338 maxE=500 spd=10/20 hear=50 vis=297/1.05 mode=('elderwait', 0.0, None, 10, 12, 0) fr100=1 tr100=2 predDist=None
  a30 pos=(392,916) age=40 e=429 maxE=500 spd=10/19 hear=50 vis=200/1.05 mode=('fruit', 10, None, 17, 9, 0) fr100=2 tr100=2 predDist=None
  a31 pos=(655,909) age=40 e=112 maxE=500 spd=10/20 hear=50 vis=163/1.05 mode=('treewait', 0.0, None, 0, 6, 0) fr100=0 tr100=2 predDist=None
  a32 pos=(185,467) age=40 e=469 maxE=500 spd=10/20 hear=50 vis=200/1.05 mode=('treewait', 0.0, None, 36, 12, 0) fr100=16 tr100=5 predDist=None
  a33 pos=(61,127) age=21 e=490 maxE=500 spd=10/20 hear=50 vis=200/1.05 mode=('treewait', 0.0, None, 21, 7, 0) fr100=3 tr100=0 predDist=None
  a34 pos=(1348,114) age=10 e=343 maxE=433 spd=10/21 hear=50 vis=200/1.05 mode=('fruit', 10, None, 6, 6, 0) fr100=5 tr100=5 predDist=None
== t=375.0 alive=11 preds=0 trees=47 fruits=76 score=397.1
  a24 pos=(193,240) age=127 e=9 maxE=500 spd=10/20 hear=50 vis=200/1.32 mode=('elderwait', 0.0, None, 55, 18, 0) fr100=2 tr100=0 predDist=None
  a26 pos=(222,480) age=127 e=304 maxE=500 spd=10/20 hear=50 vis=200/1.32 mode=('elderwait', 0.0, None, 33, 8, 0) fr100=3 tr100=2 predDist=None
  a27 pos=(104,237) age=127 e=248 maxE=500 spd=10/20 hear=50 vis=200/1.32 mode=('elderwait', 0.0, None, 29, 10, 0) fr100=2 tr100=1 predDist=None
  a28 pos=(384,945) age=97 e=81 maxE=500 spd=10/20 hear=50 vis=297/1.05 mode=('elderwait', 0.0, None, 15, 16, 0) fr100=7 tr100=2 predDist=None
  a30 pos=(388,882) age=65 e=440 maxE=500 spd=10/19 hear=50 vis=200/1.05 mode=('elderwait', 0.0, None, 11, 13, 0) fr100=6 tr100=2 predDist=None
  a32 pos=(183,451) age=65 e=483 maxE=500 spd=10/20 hear=50 vis=200/1.05 mode=('elderwait', 0.0, None, 28, 9, 0) fr100=0 tr100=2 predDist=None
  a33 pos=(120,138) age=46 e=442 maxE=500 spd=10/20 hear=50 vis=200/1.05 mode=('treewait', 0.0, None, 17, 8, 0) fr100=3 tr100=3 predDist=None
  a34 pos=(1355,81) age=35 e=400 maxE=433 spd=10/21 hear=50 vis=200/1.05 mode=('treewait', 0.0, None, 8, 7, 0) fr100=5 tr100=4 predDist=None
  a35 pos=(202,448) age=3 e=259 maxE=500 spd=10/20 hear=50 vis=200/1.32 mode=('fruit', 10, None, 12, 4, 0) fr100=1 tr100=2 predDist=None
  a36 pos=(82,421) age=3 e=476 maxE=500 spd=10/20 hear=50 vis=202/1.32 mode=('treewait', 0.0, None, 9, 5, 0) fr100=2 tr100=2 predDist=None
  a37 pos=(130,396) age=3 e=377 maxE=500 spd=10/20 hear=50 vis=178/1.32 mode=('fruit', 10, None, 13, 4, 0) fr100=2 tr100=3 predDist=None
== t=400.0 alive=8 preds=0 trees=51 fruits=78 score=423.4
  a30 pos=(503,837) age=90 e=447 maxE=500 spd=10/19 hear=50 vis=200/1.05 mode=('elderwait', 0.0, None, 15, 15, 0) fr100=1 tr100=2 predDist=None
  a32 pos=(183,451) age=90 e=438 maxE=500 spd=10/20 hear=50 vis=200/1.05 mode=('elderwait', 0.0, None, 24, 10, 0) fr100=0 tr100=1 predDist=None
  a33 pos=(164,165) age=71 e=396 maxE=500 spd=10/20 hear=50 vis=200/1.05 mode=('elderwait', 0.0, None, 16, 12, 0) fr100=0 tr100=4 predDist=None
  a34 pos=(1351,78) age=60 e=420 maxE=433 spd=10/21 hear=50 vis=200/1.05 mode=('treewait', 0.0, None, 8, 7, 0) fr100=3 tr100=3 predDist=None
  a35 pos=(300,157) age=28 e=442 maxE=500 spd=10/20 hear=50 vis=200/1.32 mode=('treewait', 0.0, None, 15, 13, 0) fr100=3 tr100=4 predDist=None
  a36 pos=(216,155) age=28 e=457 maxE=500 spd=10/20 hear=50 vis=202/1.32 mode=('tree', 10, None, 11, 11, 0) fr100=0 tr100=4 predDist=None
  a37 pos=(98,110) age=28 e=452 maxE=500 spd=10/20 hear=50 vis=178/1.32 mode=('treewait', 0.0, None, 9, 7, 0) fr100=0 tr100=3 predDist=None
  a38 pos=(469,860) age=9 e=439 maxE=500 spd=10/19 hear=50 vis=200/1.05 mode=('tree', 10.5, None, 7, 10, 0) fr100=1 tr100=2 predDist=None
== t=425.0 alive=9 preds=0 trees=42 fruits=92 score=449.2
  a30 pos=(485,834) age=115 e=65 maxE=500 spd=10/19 hear=50 vis=200/1.05 mode=('elderwait', 0.0, None, 16, 14, 0) fr100=0 tr100=2 predDist=None
  a32 pos=(151,397) age=115 e=418 maxE=500 spd=10/20 hear=50 vis=200/1.05 mode=('elderwait', 0.0, None, 13, 14, 0) fr100=2 tr100=6 predDist=None
  a33 pos=(157,194) age=96 e=161 maxE=500 spd=10/20 hear=50 vis=200/1.05 mode=('elderwait', 0.0, None, 25, 14, 0) fr100=6 tr100=1 predDist=None
  a34 pos=(1320,110) age=85 e=396 maxE=433 spd=10/21 hear=50 vis=200/1.05 mode=('elderwait', 0.0, None, 10, 4, 0) fr100=1 tr100=0 predDist=None
  a35 pos=(318,149) age=53 e=440 maxE=500 spd=10/20 hear=50 vis=200/1.32 mode=('treewait', 0.0, None, 32, 14, 0) fr100=10 tr100=5 predDist=None
  a36 pos=(302,152) age=53 e=452 maxE=500 spd=10/20 hear=50 vis=202/1.32 mode=('treewait', 0.0, None, 30, 15, 0) fr100=11 tr100=4 predDist=None
  a37 pos=(210,251) age=53 e=445 maxE=500 spd=10/20 hear=50 vis=178/1.32 mode=('treewait', 0.0, None, 16, 11, 0) fr100=7 tr100=3 predDist=None
  a38 pos=(483,876) age=34 e=437 maxE=500 spd=10/19 hear=50 vis=200/1.05 mode=('treewait', 0.0, None, 8, 12, 0) fr100=0 tr100=3 predDist=None
  a39 pos=(369,998) age=23 e=295 maxE=500 spd=15/19 hear=50 vis=200/1.05 mode=('fruit', 14.9, None, 2, 7, 0) fr100=2 tr100=4 predDist=None
== t=450.0 alive=9 preds=0 trees=43 fruits=67 score=476.1
  a34 pos=(1320,110) age=110 e=109 maxE=433 spd=10/21 hear=50 vis=200/1.05 mode=('elderwait', 0.0, None, 12, 5, 0) fr100=0 tr100=1 predDist=None
  a35 pos=(297,64) age=78 e=447 maxE=500 spd=10/20 hear=50 vis=200/1.32 mode=('elderwait', 0.0, None, 40, 9, 0) fr100=10 tr100=3 predDist=None
  a36 pos=(330,111) age=78 e=479 maxE=500 spd=10/20 hear=50 vis=202/1.32 mode=('elderwait', 0.0, None, 38, 10, 0) fr100=15 tr100=3 predDist=None
  a37 pos=(226,239) age=78 e=402 maxE=500 spd=10/20 hear=50 vis=178/1.32 mode=('elderwait', 0.0, None, 26, 11, 0) fr100=1 tr100=1 predDist=None
  a38 pos=(423,721) age=59 e=451 maxE=500 spd=10/19 hear=50 vis=200/1.05 mode=('tree', 10.5, None, 3, 10, 0) fr100=1 tr100=0 predDist=None
  a39 pos=(720,839) age=48 e=468 maxE=500 spd=15/19 hear=50 vis=200/1.05 mode=('treewait', 0.0, None, 7, 11, 0) fr100=4 tr100=1 predDist=None
  a40 pos=(173,95) age=16 e=482 maxE=530 spd=10/20 hear=50 vis=200/1.05 mode=('treewait', 0.0, None, 26, 9, 0) fr100=4 tr100=2 predDist=None
  a41 pos=(102,444) age=16 e=204 maxE=500 spd=10/20 hear=61 vis=200/1.02 mode=('treewait', 0.0, None, 1, 10, 0) fr100=0 tr100=4 predDist=None
  a42 pos=(278,111) age=16 e=477 maxE=500 spd=10/20 hear=50 vis=200/1.05 mode=('treewait', 0.0, None, 19, 12, 0) fr100=8 tr100=3 predDist=None
== t=475.0 alive=10 preds=0 trees=44 fruits=61 score=502.7
  a35 pos=(270,64) age=103 e=138 maxE=500 spd=10/20 hear=50 vis=200/1.32 mode=('elderwait', 0.0, None, 30, 9, 0) fr100=0 tr100=3 predDist=None
  a36 pos=(374,62) age=103 e=243 maxE=500 spd=10/20 hear=50 vis=202/1.32 mode=('elderwait', 0.0, None, 20, 10, 0) fr100=0 tr100=2 predDist=None
  a37 pos=(226,239) age=103 e=132 maxE=500 spd=10/20 hear=50 vis=178/1.32 mode=('elderwait', 0.0, None, 31, 12, 0) fr100=1 tr100=0 predDist=None
  a38 pos=(483,850) age=84 e=387 maxE=500 spd=10/19 hear=50 vis=200/1.05 mode=('elderwait', 0.0, None, 12, 8, 0) fr100=3 tr100=1 predDist=None
  a39 pos=(685,885) age=73 e=398 maxE=500 spd=15/19 hear=50 vis=200/1.05 mode=('elderwait', 0.0, None, 11, 11, 0) fr100=7 tr100=1 predDist=None
  a40 pos=(286,92) age=41 e=495 maxE=530 spd=10/20 hear=50 vis=200/1.05 mode=('treewait', 0.0, None, 10, 12, 0) fr100=0 tr100=3 predDist=None
  a41 pos=(72,90) age=41 e=463 maxE=500 spd=10/20 hear=61 vis=200/1.02 mode=('treewait', 0.0, None, 1, 12, 0) fr100=0 tr100=1 predDist=None
  a42 pos=(201,310) age=41 e=404 maxE=500 spd=10/20 hear=50 vis=200/1.05 mode=('fruit', 10, None, 2, 13, 0) fr100=1 tr100=4 predDist=None
  a43 pos=(732,84) age=22 e=460 maxE=500 spd=10/20 hear=50 vis=200/1.32 mode=('treewait', 0.0, None, 13, 5, 0) fr100=5 tr100=2 predDist=None
  a44 pos=(255,415) age=11 e=460 maxE=500 spd=13/20 hear=50 vis=200/1.32 mode=('treewait', 0.0, None, 3, 13, 0) fr100=0 tr100=5 predDist=None
== t=500.0 alive=9 preds=0 trees=36 fruits=78 score=528.6
  a39 pos=(685,885) age=98 e=41 maxE=500 spd=15/19 hear=50 vis=200/1.05 mode=('elderwait', 0.0, None, 15, 12, 0) fr100=2 tr100=2 predDist=None
  a40 pos=(346,84) age=66 e=457 maxE=530 spd=10/20 hear=50 vis=200/1.05 mode=('elderwait', 0.0, None, 2, 11, 0) fr100=1 tr100=2 predDist=None
  a41 pos=(178,326) age=66 e=485 maxE=500 spd=10/20 hear=61 vis=200/1.02 mode=('elderwait', 0.0, None, 12, 10, 0) fr100=3 tr100=3 predDist=None
  a42 pos=(201,395) age=66 e=447 maxE=500 spd=10/20 hear=50 vis=200/1.05 mode=('elderwait', 0.0, None, 11, 13, 0) fr100=3 tr100=4 predDist=None
  a43 pos=(782,110) age=47 e=470 maxE=500 spd=10/20 hear=50 vis=200/1.32 mode=('treewait', 0.0, None, 13, 6, 0) fr100=4 tr100=1 predDist=None
  a44 pos=(255,363) age=36 e=447 maxE=500 spd=13/20 hear=50 vis=200/1.32 mode=('treewait', 0.0, None, 18, 10, 0) fr100=4 tr100=5 predDist=None
  a45 pos=(255,893) age=4 e=193 maxE=500 spd=9/19 hear=50 vis=200/0.91 mode=('fruit', 8.7, None, 2, 3, 0) fr100=2 tr100=1 predDist=None
  a46 pos=(713,862) age=4 e=178 maxE=500 spd=10/13 hear=50 vis=200/1.05 mode=('fruit', 10.5, None, 5, 3, 0) fr100=1 tr100=1 predDist=None
  a47 pos=(511,913) age=4 e=225 maxE=500 spd=15/19 hear=50 vis=200/1.05 mode=('fruit', 14.9, None, 5, 4, 0) fr100=3 tr100=2 predDist=None
== t=525.0 alive=9 preds=0 trees=37 fruits=76 score=555.0
  a40 pos=(346,84) age=91 e=312 maxE=530 spd=10/20 hear=50 vis=200/1.05 mode=('elderwait', 0.0, None, 5, 12, 0) fr100=1 tr100=1 predDist=None
  a41 pos=(178,326) age=91 e=440 maxE=500 spd=10/20 hear=61 vis=200/1.02 mode=('elderwait', 0.0, None, 25, 10, 0) fr100=7 tr100=1 predDist=None
  a42 pos=(228,341) age=91 e=433 maxE=500 spd=10/20 hear=50 vis=200/1.05 mode=('elderwait', 0.0, None, 21, 12, 0) fr100=9 tr100=1 predDist=None
  a43 pos=(782,110) age=72 e=425 maxE=500 spd=10/20 hear=50 vis=200/1.32 mode=('elderwait', 0.0, None, 11, 6, 0) fr100=3 tr100=1 predDist=None
  a44 pos=(288,299) age=61 e=484 maxE=500 spd=13/20 hear=50 vis=200/1.32 mode=('treewait', 0.0, None, 24, 9, 0) fr100=5 tr100=2 predDist=None
  a45 pos=(606,797) age=29 e=375 maxE=500 spd=9/19 hear=50 vis=200/0.91 mode=('waitfruit', 0.0, None, 1, 7, 0) fr100=1 tr100=2 predDist=None
  a46 pos=(680,1024) age=29 e=440 maxE=500 spd=10/13 hear=50 vis=200/1.05 mode=('treewait', 0.0, None, 4, 9, 0) fr100=2 tr100=3 predDist=None
  a47 pos=(416,1105) age=29 e=463 maxE=500 spd=15/19 hear=50 vis=200/1.05 mode=('treewait', 0.0, None, 18, 10, 0) fr100=7 tr100=3 predDist=None
  a48 pos=(307,156) age=10 e=217 maxE=530 spd=10/20 hear=50 vis=200/1.05 mode=('waitfruit', 0.0, None, 1, 1, 0) fr100=1 tr100=1 predDist=None
== t=550.0 alive=10 preds=0 trees=44 fruits=49 score=581.2
  a40 pos=(346,84) age=116 e=45 maxE=530 spd=10/20 hear=50 vis=200/1.05 mode=('elderwait', 0.0, None, 5, 11, 0) fr100=0 tr100=0 predDist=None
  a41 pos=(165,341) age=116 e=453 maxE=500 spd=10/20 hear=61 vis=200/1.02 mode=('elderwait', 0.0, None, 25, 17, 0) fr100=2 tr100=2 predDist=None
  a42 pos=(228,341) age=116 e=367 maxE=500 spd=10/20 hear=50 vis=200/1.05 mode=('elderwait', 0.0, None, 29, 18, 0) fr100=3 tr100=5 predDist=None
  a43 pos=(782,110) age=97 e=380 maxE=500 spd=10/20 hear=50 vis=200/1.32 mode=('elderwait', 0.0, None, 6, 5, 0) fr100=3 tr100=1 predDist=None
  a44 pos=(300,294) age=86 e=329 maxE=500 spd=13/20 hear=50 vis=200/1.32 mode=('elderwait', 0.0, None, 25, 14, 0) fr100=3 tr100=2 predDist=None
  a45 pos=(376,965) age=54 e=462 maxE=500 spd=9/19 hear=50 vis=200/0.91 mode=('treewait', 0.0, None, 15, 9, 0) fr100=2 tr100=4 predDist=None
  a46 pos=(637,975) age=54 e=445 maxE=500 spd=10/13 hear=50 vis=200/1.05 mode=('treewait', 0.0, None, 4, 7, 0) fr100=1 tr100=1 predDist=None
  a47 pos=(404,1140) age=54 e=475 maxE=500 spd=15/19 hear=50 vis=200/1.05 mode=('treewait', 0.0, None, 17, 11, 0) fr100=5 tr100=2 predDist=None
  a48 pos=(189,475) age=35 e=498 maxE=530 spd=10/20 hear=50 vis=200/1.05 mode=('treewait', 0.0, None, 5, 11, 0) fr100=3 tr100=7 predDist=None
  a49 pos=(189,457) age=24 e=489 maxE=530 spd=10/20 hear=50 vis=200/1.05 mode=('treewait', 0.0, None, 10, 12, 0) fr100=3 tr100=8 predDist=None
== t=575.0 alive=11 preds=0 trees=44 fruits=57 score=607.1
  a42 pos=(228,341) age=140 e=4 maxE=500 spd=10/20 hear=50 vis=200/1.05 mode=('elderwait', 0.0, None, 40, 19, 0) fr100=1 tr100=5 predDist=None
  a43 pos=(782,110) age=122 e=224 maxE=500 spd=10/20 hear=50 vis=200/1.32 mode=('elderwait', 0.0, None, 6, 5, 0) fr100=2 tr100=0 predDist=None
  a44 pos=(300,294) age=111 e=37 maxE=500 spd=13/20 hear=50 vis=200/1.32 mode=('elderwait', 0.0, None, 24, 16, 0) fr100=1 tr100=3 predDist=None
  a45 pos=(387,947) age=79 e=475 maxE=500 spd=9/19 hear=50 vis=200/0.91 mode=('elderwait', 0.0, None, 20, 11, 0) fr100=3 tr100=1 predDist=None
  a46 pos=(626,865) age=79 e=440 maxE=500 spd=10/13 hear=50 vis=200/1.05 mode=('elderwait', 0.0, None, 2, 4, 0) fr100=0 tr100=1 predDist=None
  a47 pos=(390,1137) age=79 e=419 maxE=500 spd=15/19 hear=50 vis=200/1.05 mode=('elderwait', 0.0, None, 20, 9, 0) fr100=4 tr100=2 predDist=None
  a48 pos=(113,585) age=60 e=447 maxE=530 spd=10/20 hear=50 vis=200/1.05 mode=('fruit', 10, None, 4, 16, 0) fr100=0 tr100=0 predDist=None
  a49 pos=(256,529) age=49 e=440 maxE=530 spd=10/20 hear=50 vis=200/1.05 mode=('fruit', 10, None, 2, 16, 0) fr100=2 tr100=5 predDist=None
  a50 pos=(102,292) age=17 e=188 maxE=500 spd=10/20 hear=61 vis=200/1.02 mode=('fruit', 10, None, 2, 13, 0) fr100=0 tr100=1 predDist=None
  a51 pos=(228,500) age=17 e=50 maxE=500 spd=10/20 hear=61 vis=200/1.02 mode=('fruit', 10, None, 2, 12, 0) fr100=2 tr100=5 predDist=None
  a52 pos=(85,313) age=17 e=313 maxE=537 spd=10/20 hear=61 vis=200/1.02 mode=('tree', 10, None, 0, 13, 0) fr100=0 tr100=1 predDist=None
== t=600.0 alive=10 preds=0 trees=44 fruits=57 score=633.5
  a45 pos=(400,969) age=104 e=388 maxE=500 spd=9/19 hear=50 vis=200/0.91 mode=('elderwait', 0.0, None, 21, 11, 0) fr100=1 tr100=0 predDist=None
  a46 pos=(626,865) age=104 e=303 maxE=500 spd=10/13 hear=50 vis=200/1.05 mode=('elderwait', 0.0, None, 3, 5, 0) fr100=0 tr100=1 predDist=None
  a47 pos=(390,1137) age=104 e=146 maxE=500 spd=15/19 hear=50 vis=200/1.05 mode=('elderwait', 0.0, None, 19, 8, 0) fr100=1 tr100=1 predDist=None
  a48 pos=(206,586) age=85 e=383 maxE=530 spd=10/20 hear=50 vis=200/1.05 mode=('elderwait', 0.0, None, 5, 14, 0) fr100=0 tr100=1 predDist=None
  a49 pos=(268,444) age=74 e=434 maxE=530 spd=10/20 hear=50 vis=200/1.05 mode=('elderwait', 0.0, None, 9, 15, 0) fr100=0 tr100=5 predDist=None
  a50 pos=(170,279) age=42 e=227 maxE=500 spd=10/20 hear=61 vis=200/1.02 mode=('fruit', 10, None, 1, 18, 0) fr100=0 tr100=0 predDist=None
  a51 pos=(131,128) age=42 e=200 maxE=500 spd=10/20 hear=61 vis=200/1.02 mode=('treewait', 0.0, None, 1, 18, 0) fr100=0 tr100=2 predDist=None
  a52 pos=(358,455) age=42 e=303 maxE=537 spd=10/20 hear=61 vis=200/1.02 mode=('treewait', 0.0, None, 0, 16, 0) fr100=0 tr100=4 predDist=None
  a53 pos=(984,182) age=23 e=366 maxE=500 spd=10/20 hear=50 vis=109/1.32 mode=('treewait', 0.0, None, 0, 1, 0) fr100=0 tr100=1 predDist=None
  a54 pos=(351,1046) age=12 e=384 maxE=500 spd=9/19 hear=50 vis=200/0.91 mode=('fruit', 8.7, None, 7, 5, 0) fr100=1 tr100=2 predDist=None
== t=625.0 alive=10 preds=0 trees=42 fruits=52 score=659.8
  a45 pos=(400,969) age=129 e=11 maxE=500 spd=9/19 hear=50 vis=200/0.91 mode=('elderwait', 0.0, None, 16, 12, 0) fr100=0 tr100=0 predDist=None
  a49 pos=(322,347) age=99 e=301 maxE=530 spd=10/20 hear=50 vis=200/1.05 mode=('elderwait', 0.0, None, 9, 10, 0) fr100=0 tr100=1 predDist=None
  a50 pos=(141,409) age=67 e=264 maxE=500 spd=10/20 hear=61 vis=200/1.02 mode=('elderwait', 0.0, None, 6, 16, 0) fr100=2 tr100=6 predDist=None
  a51 pos=(297,73) age=67 e=188 maxE=500 spd=10/20 hear=61 vis=200/1.02 mode=('elderwait', 0.0, None, 1, 17, 0) fr100=0 tr100=2 predDist=None
  a52 pos=(150,405) age=67 e=352 maxE=537 spd=10/20 hear=61 vis=200/1.02 mode=('elderwait', 0.0, None, 4, 15, 0) fr100=2 tr100=5 predDist=None
  a53 pos=(1331,142) age=48 e=444 maxE=500 spd=10/20 hear=50 vis=109/1.32 mode=('treewait', 0.0, None, 11, 3, 0) fr100=7 tr100=2 predDist=None
  a54 pos=(234,1104) age=37 e=471 maxE=500 spd=9/19 hear=50 vis=200/0.91 mode=('treewait', 0.0, None, 3, 6, 0) fr100=0 tr100=2 predDist=None
  a55 pos=(539,894) age=5 e=133 maxE=500 spd=9/19 hear=50 vis=200/0.91 mode=('fruit', 8.7, None, 3, 3, 0) fr100=2 tr100=4 predDist=None
  a56 pos=(428,666) age=5 e=482 maxE=530 spd=10/20 hear=50 vis=200/1.05 mode=('treewait', 0.0, None, 0, 2, 0) fr100=0 tr100=2 predDist=None
  a57 pos=(82,403) age=5 e=99 maxE=530 spd=10/20 hear=50 vis=200/1.05 mode=('fruit', 10, None, 3, 9, 0) fr100=1 tr100=4 predDist=None
== t=650.0 alive=9 preds=0 trees=35 fruits=58 score=686.0
  a49 pos=(322,347) age=124 e=22 maxE=530 spd=10/20 hear=50 vis=200/1.05 mode=('elderwait', 0.0, None, 11, 9, 0) fr100=0 tr100=1 predDist=None
  a50 pos=(169,351) age=92 e=87 maxE=500 spd=10/20 hear=61 vis=200/1.02 mode=('elderwait', 0.0, None, 21, 15, 0) fr100=3 tr100=2 predDist=None
  a51 pos=(373,119) age=92 e=197 maxE=500 spd=10/20 hear=61 vis=200/1.02 mode=('elderwait', 0.0, None, 2, 17, 0) fr100=2 tr100=1 predDist=None
  a52 pos=(205,425) age=92 e=254 maxE=537 spd=10/20 hear=61 vis=200/1.02 mode=('fruit', 10, None, 15, 15, 0) fr100=3 tr100=2 predDist=None
  a53 pos=(1299,124) age=73 e=454 maxE=500 spd=10/20 hear=50 vis=109/1.32 mode=('elderwait', 0.0, None, 11, 3, 0) fr100=6 tr100=1 predDist=None
  a54 pos=(214,1093) age=62 e=452 maxE=500 spd=9/19 hear=50 vis=200/0.91 mode=('treewait', 0.0, None, 2, 6, 0) fr100=0 tr100=2 predDist=None
  a55 pos=(760,1037) age=30 e=447 maxE=500 spd=9/19 hear=50 vis=200/0.91 mode=('treewait', 0.0, None, 10, 6, 0) fr100=9 tr100=1 predDist=None
  a56 pos=(428,666) age=30 e=437 maxE=530 spd=10/20 hear=50 vis=200/1.05 mode=('waitfruit', 0.0, None, 1, 3, 0) fr100=1 tr100=2 predDist=None
  a57 pos=(106,123) age=30 e=485 maxE=530 spd=10/20 hear=50 vis=200/1.05 mode=('treewait', 0.0, None, 6, 11, 0) fr100=2 tr100=1 predDist=None
== t=675.0 alive=6 preds=0 trees=38 fruits=77 score=711.9
  a53 pos=(1164,35) age=98 e=302 maxE=500 spd=10/20 hear=50 vis=109/1.32 mode=('elderwait', 0.0, None, 7, 3, 0) fr100=0 tr100=0 predDist=None
  a54 pos=(261,1094) age=87 e=403 maxE=500 spd=9/19 hear=50 vis=200/0.91 mode=('elderwait', 0.0, None, 4, 6, 0) fr100=2 tr100=0 predDist=None
  a55 pos=(515,945) age=55 e=471 maxE=500 spd=9/19 hear=50 vis=200/0.91 mode=('treewait', 0.0, None, 19, 5, 0) fr100=7 tr100=1 predDist=None
  a56 pos=(422,653) age=55 e=449 maxE=530 spd=10/20 hear=50 vis=200/1.05 mode=('waitfruit', 0.0, None, 2, 3, 0) fr100=2 tr100=1 predDist=None
  a57 pos=(70,100) age=55 e=497 maxE=530 spd=10/20 hear=50 vis=200/1.05 mode=('tree', 10, None, 12, 10, 0) fr100=2 tr100=1 predDist=None
  a58 pos=(50,251) age=25 e=453 maxE=500 spd=10/20 hear=61 vis=200/1.02 mode=('treewait', 0.0, None, 17, 9, 0) fr100=4 tr100=1 predDist=None
== t=700.0 alive=8 preds=0 trees=38 fruits=75 score=738.3
  a54 pos=(261,1094) age=112 e=59 maxE=500 spd=9/19 hear=50 vis=200/0.91 mode=('elderwait', 0.0, None, 5, 6, 0) fr100=0 tr100=0 predDist=None
  a55 pos=(515,945) age=80 e=426 maxE=500 spd=9/19 hear=50 vis=200/0.91 mode=('elderwait', 0.0, None, 18, 6, 0) fr100=1 tr100=0 predDist=None
  a56 pos=(413,651) age=80 e=508 maxE=530 spd=10/20 hear=50 vis=200/1.05 mode=('elderwait', 0.0, None, 1, 3, 0) fr100=0 tr100=1 predDist=None
  a57 pos=(83,219) age=80 e=447 maxE=530 spd=10/20 hear=50 vis=200/1.05 mode=('elderwait', 0.0, None, 19, 10, 0) fr100=3 tr100=0 predDist=None
  a58 pos=(218,275) age=50 e=495 maxE=500 spd=10/20 hear=61 vis=200/1.02 mode=('treewait', 0.0, None, 28, 9, 0) fr100=8 tr100=3 predDist=None
  a59 pos=(442,892) age=18 e=446 maxE=500 spd=5/19 hear=50 vis=200/0.91 mode=('treewait', 0.0, None, 4, 4, 0) fr100=0 tr100=1 predDist=None
  a60 pos=(244,345) age=18 e=496 maxE=500 spd=9/19 hear=50 vis=200/0.91 mode=('treewait', 0.0, None, 11, 6, 0) fr100=8 tr100=4 predDist=None
  a61 pos=(460,876) age=18 e=72 maxE=500 spd=9/19 hear=50 vis=200/0.91 mode=('fruit', 8.7, None, 4, 5, 0) fr100=0 tr100=1 predDist=None
== t=725.0 alive=8 preds=0 trees=30 fruits=71 score=763.9
  a55 pos=(515,945) age=105 e=281 maxE=500 spd=9/19 hear=50 vis=200/0.91 mode=('elderwait', 0.0, None, 18, 6, 0) fr100=0 tr100=1 predDist=None
  a56 pos=(413,651) age=105 e=463 maxE=530 spd=10/20 hear=50 vis=200/1.05 mode=('elderwait', 0.0, None, 1, 2, 0) fr100=0 tr100=0 predDist=None
  a57 pos=(83,219) age=105 e=298 maxE=530 spd=10/20 hear=50 vis=200/1.05 mode=('elderwait', 0.0, None, 17, 10, 0) fr100=1 tr100=0 predDist=None
  a58 pos=(218,275) age=75 e=450 maxE=500 spd=10/20 hear=61 vis=200/1.02 mode=('elderwait', 0.0, None, 25, 7, 0) fr100=4 tr100=1 predDist=None
  a59 pos=(426,1029) age=43 e=482 maxE=500 spd=5/19 hear=50 vis=200/0.91 mode=('treewait', 0.0, None, 6, 5, 0) fr100=0 tr100=1 predDist=None
  a60 pos=(244,345) age=43 e=451 maxE=500 spd=9/19 hear=50 vis=200/0.91 mode=('treewait', 0.0, None, 14, 6, 0) fr100=6 tr100=2 predDist=None
  a61 pos=(495,1014) age=43 e=444 maxE=500 spd=9/19 hear=50 vis=200/0.91 mode=('treewait', 0.0, None, 2, 5, 0) fr100=0 tr100=2 predDist=None
  a62 pos=(455,978) age=13 e=66 maxE=500 spd=9/19 hear=50 vis=200/1.07 mode=('tree', 8.7, None, 0, 4, 0) fr100=0 tr100=2 predDist=None
== t=750.0 alive=9 preds=0 trees=27 fruits=53 score=789.9
  a56 pos=(413,651) age=130 e=174 maxE=530 spd=10/20 hear=50 vis=200/1.05 mode=('elderwait', 0.0, None, 0, 2, 0) fr100=0 tr100=0 predDist=None
  a58 pos=(218,275) age=100 e=205 maxE=500 spd=10/20 hear=61 vis=200/1.02 mode=('elderwait', 0.0, None, 20, 9, 0) fr100=0 tr100=1 predDist=None
  a59 pos=(445,1025) age=68 e=436 maxE=500 spd=5/19 hear=50 vis=200/0.91 mode=('elderwait', 0.0, None, 3, 5, 0) fr100=0 tr100=1 predDist=None
  a60 pos=(235,378) age=68 e=438 maxE=500 spd=9/19 hear=50 vis=200/0.91 mode=('elderwait', 0.0, None, 17, 4, 0) fr100=0 tr100=3 predDist=None
  a61 pos=(455,903) age=68 e=371 maxE=500 spd=9/19 hear=50 vis=200/0.91 mode=('elderwait', 0.0, None, 0, 5, 0) fr100=0 tr100=1 predDist=None
  a62 pos=(67,1037) age=38 e=127 maxE=500 spd=9/19 hear=50 vis=200/1.07 mode=('explore', 8.7, None, 0, 2, 0) fr100=0 tr100=0 predDist=None
  a63 pos=(414,1109) age=6 e=40 maxE=308 spd=9/19 hear=50 vis=200/0.91 mode=('explore', 8.7, None, 0, 3, 0) fr100=0 tr100=0 predDist=None
  a64 pos=(233,352) age=6 e=381 maxE=500 spd=14/20 hear=61 vis=200/1.02 mode=('fruit', 14.3, None, 1, 4, 0) fr100=0 tr100=3 predDist=None
  a65 pos=(219,375) age=6 e=416 maxE=500 spd=10/20 hear=61 vis=200/1.02 mode=('fruit', 10, None, 2, 4, 0) fr100=0 tr100=3 predDist=None
== t=775.0 alive=7 preds=0 trees=35 fruits=48 score=815.1
  a59 pos=(445,1025) age=93 e=364 maxE=500 spd=5/19 hear=50 vis=200/0.91 mode=('elderwait', 0.0, None, 7, 7, 0) fr100=0 tr100=0 predDist=None
  a60 pos=(235,378) age=93 e=194 maxE=500 spd=9/19 hear=50 vis=200/0.91 mode=('elderwait', 0.0, None, 17, 5, 0) fr100=1 tr100=1 predDist=None
  a61 pos=(432,925) age=93 e=262 maxE=500 spd=9/19 hear=50 vis=200/0.91 mode=('waitfruit', 0.0, None, 2, 5, 0) fr100=3 tr100=2 predDist=None
  a64 pos=(425,311) age=31 e=438 maxE=500 spd=14/20 hear=61 vis=200/1.02 mode=('treewait', 0.0, None, 1, 6, 0) fr100=0 tr100=0 predDist=None
  a65 pos=(305,362) age=31 e=389 maxE=500 spd=10/20 hear=61 vis=200/1.02 mode=('fruit', 10, None, 1, 3, 0) fr100=1 tr100=1 predDist=None
  a67 pos=(112,704) age=6 e=39 maxE=389 spd=9/19 hear=31 vis=200/0.91 mode=('river', 8.7, None, 0, 0, 0) fr100=0 tr100=0 predDist=None
  a68 pos=(106,111) age=4 e=52 maxE=500 spd=9/19 hear=50 vis=111/0.91 mode=('explore', 8.7, None, 0, 3, 0) fr100=1 tr100=3 predDist=None
== t=800.0 alive=6 preds=0 trees=35 fruits=40 score=840.8
  a59 pos=(445,1025) age=118 e=56 maxE=500 spd=5/19 hear=50 vis=200/0.91 mode=('elderwait', 0.0, None, 11, 5, 0) fr100=0 tr100=0 predDist=None
  a60 pos=(235,378) age=118 e=18 maxE=500 spd=9/19 hear=50 vis=200/0.91 mode=('elderwait', 0.0, None, 8, 8, 0) fr100=1 tr100=3 predDist=None
  a64 pos=(309,400) age=56 e=449 maxE=500 spd=14/20 hear=61 vis=200/1.02 mode=('treewait', 0.0, None, 2, 6, 0) fr100=1 tr100=2 predDist=None
  a65 pos=(145,229) age=56 e=372 maxE=500 spd=10/20 hear=61 vis=200/1.02 mode=('fruit', 10, None, 4, 8, 0) fr100=4 tr100=4 predDist=None
  a68 pos=(319,138) age=29 e=313 maxE=500 spd=9/19 hear=50 vis=111/0.91 mode=('waitfruit', 8.7, None, 1, 11, 0) fr100=1 tr100=3 predDist=None
  a70 pos=(494,901) age=5 e=151 maxE=532 spd=9/19 hear=50 vis=200/0.91 mode=('fruit', 8.7, None, 1, 1, 0) fr100=1 tr100=1 predDist=None
== t=825.0 alive=6 preds=0 trees=34 fruits=45 score=866.7
  a64 pos=(291,385) age=80 e=403 maxE=500 spd=14/20 hear=61 vis=200/1.02 mode=('elderwait', 0.0, None, 9, 7, 0) fr100=0 tr100=1 predDist=None
  a65 pos=(116,158) age=81 e=296 maxE=500 spd=10/20 hear=61 vis=200/1.02 mode=('elderwait', 0.0, None, 9, 9, 0) fr100=0 tr100=1 predDist=None
  a68 pos=(323,93) age=54 e=381 maxE=500 spd=9/19 hear=50 vis=111/0.91 mode=('treewait', 0.0, None, 0, 12, 0) fr100=0 tr100=1 predDist=None
  a70 pos=(304,1130) age=30 e=182 maxE=532 spd=9/19 hear=50 vis=200/0.91 mode=('fruit', 8.7, None, 7, 2, 0) fr100=7 tr100=1 predDist=None
  a71 pos=(95,438) age=19 e=255 maxE=500 spd=10/20 hear=61 vis=200/1.02 mode=('fruit', 10, None, 2, 14, 0) fr100=0 tr100=3 predDist=None
  a72 pos=(59,397) age=18 e=209 maxE=745 spd=11/19 hear=61 vis=200/1.02 mode=('treewait', 0.0, None, 0, 9, 0) fr100=0 tr100=3 predDist=None
== t=850.0 alive=7 preds=0 trees=35 fruits=57 score=892.3
  a64 pos=(291,385) age=105 e=293 maxE=500 spd=14/20 hear=61 vis=200/1.02 mode=('elderwait', 0.0, None, 17, 8, 0) fr100=1 tr100=3 predDist=None
  a65 pos=(116,158) age=106 e=44 maxE=500 spd=10/20 hear=61 vis=200/1.02 mode=('elderwait', 0.0, None, 8, 9, 0) fr100=1 tr100=2 predDist=None
  a68 pos=(226,164) age=79 e=439 maxE=500 spd=9/19 hear=50 vis=111/0.91 mode=('elderwait', 0.0, None, 0, 9, 0) fr100=0 tr100=1 predDist=None
  a70 pos=(234,1082) age=55 e=476 maxE=532 spd=9/19 hear=50 vis=200/0.91 mode=('tree', 8.7, None, 3, 3, 0) fr100=3 tr100=1 predDist=None
  a71 pos=(88,366) age=44 e=217 maxE=500 spd=10/20 hear=61 vis=200/1.02 mode=('fruit', 10, None, 1, 10, 0) fr100=1 tr100=2 predDist=None
  a72 pos=(130,337) age=43 e=223 maxE=745 spd=11/19 hear=61 vis=200/1.02 mode=('fruit', 10.8, None, 1, 8, 0) fr100=1 tr100=1 predDist=None
  a73 pos=(720,127) age=17 e=29 maxE=500 spd=10/20 hear=61 vis=200/1.02 mode=('fruit', 10, None, 6, 7, 0) fr100=1 tr100=1 predDist=None
== t=875.0 alive=8 preds=0 trees=30 fruits=37 score=918.5
  a68 pos=(226,164) age=104 e=393 maxE=500 spd=9/19 hear=50 vis=111/0.91 mode=('elderwait', 0.0, None, 0, 11, 0) fr100=0 tr100=1 predDist=None
  a70 pos=(239,1044) age=80 e=287 maxE=532 spd=9/19 hear=50 vis=200/0.91 mode=('elderwait', 0.0, None, 1, 3, 0) fr100=0 tr100=0 predDist=None
  a71 pos=(273,394) age=69 e=231 maxE=500 spd=10/20 hear=61 vis=200/1.02 mode=('elderwait', 0.0, None, 1, 11, 0) fr100=0 tr100=3 predDist=None
  a72 pos=(234,359) age=68 e=393 maxE=745 spd=11/19 hear=61 vis=200/1.02 mode=('elderwait', 0.0, None, 0, 10, 0) fr100=0 tr100=2 predDist=None
  a73 pos=(886,200) age=42 e=454 maxE=500 spd=10/20 hear=61 vis=200/1.02 mode=('treewait', 0.0, None, 13, 7, 0) fr100=8 tr100=1 predDist=None
  a74 pos=(259,579) age=18 e=156 maxE=500 spd=14/20 hear=54 vis=200/1.02 mode=('waitfruit', 0.0, None, 1, 6, 0) fr100=1 tr100=2 predDist=None
  a75 pos=(69,1007) age=7 e=157 maxE=532 spd=9/19 hear=50 vis=200/0.91 mode=('explore', 8.7, None, 0, 0, 0) fr100=0 tr100=0 predDist=None
  a76 pos=(337,984) age=6 e=39 maxE=532 spd=9/19 hear=50 vis=200/0.91 mode=('fruit', 8.7, None, 2, 3, 0) fr100=0 tr100=0 predDist=None
== t=900.0 alive=9 preds=0 trees=27 fruits=37 score=944.3
  a68 pos=(226,164) age=129 e=57 maxE=500 spd=9/19 hear=50 vis=111/0.91 mode=('elderwait', 0.0, None, 5, 10, 0) fr100=0 tr100=1 predDist=None
  a70 pos=(239,1044) age=105 e=242 maxE=532 spd=9/19 hear=50 vis=200/0.91 mode=('elderwait', 0.0, None, 2, 4, 0) fr100=0 tr100=1 predDist=None
  a71 pos=(379,414) age=94 e=1 maxE=500 spd=10/20 hear=61 vis=200/1.02 mode=('elderwait', 0.0, None, 5, 9, 0) fr100=0 tr100=1 predDist=None
  a72 pos=(341,440) age=93 e=113 maxE=745 spd=11/19 hear=61 vis=200/1.02 mode=('elderwait', 0.0, None, 0, 7, 0) fr100=0 tr100=1 predDist=None
  a73 pos=(824,161) age=67 e=482 maxE=500 spd=10/20 hear=61 vis=200/1.02 mode=('elderwait', 0.0, None, 12, 6, 0) fr100=5 tr100=1 predDist=None
  a74 pos=(283,412) age=43 e=192 maxE=500 spd=14/20 hear=54 vis=200/1.02 mode=('tree', 14.3, None, 0, 4, 0) fr100=0 tr100=1 predDist=None
  a75 pos=(773,891) age=32 e=64 maxE=532 spd=9/19 hear=50 vis=200/0.91 mode=('explore', 8.7, None, 0, 1, 0) fr100=0 tr100=1 predDist=None
  a76 pos=(322,762) age=31 e=121 maxE=532 spd=9/19 hear=50 vis=200/0.91 mode=('river', 8.7, None, 0, 1, 0) fr100=0 tr100=0 predDist=None
  a77 pos=(191,111) age=5 e=280 maxE=745 spd=11/19 hear=61 vis=200/1.02 mode=('fruit', 10.8, None, 1, 3, 0) fr100=0 tr100=1 predDist=None
== t=925.0 alive=6 preds=0 trees=28 fruits=36 score=969.7
  a73 pos=(824,161) age=92 e=238 maxE=500 spd=10/20 hear=61 vis=200/1.02 mode=('elderwait', 0.0, None, 7, 8, 0) fr100=0 tr100=0 predDist=None
  a74 pos=(127,341) age=68 e=187 maxE=500 spd=14/20 hear=54 vis=200/1.02 mode=('elderwait', 0.0, None, 0, 8, 0) fr100=0 tr100=1 predDist=None
  a75 pos=(802,1020) age=57 e=158 maxE=532 spd=9/19 hear=50 vis=200/0.91 mode=('treewait', 0.0, None, 0, 4, 0) fr100=0 tr100=0 predDist=None
  a77 pos=(109,692) age=30 e=214 maxE=745 spd=11/19 hear=61 vis=200/1.02 mode=('river', 10.8, None, 0, 5, 0) fr100=0 tr100=0 predDist=None
  a78 pos=(883,144) age=6 e=97 maxE=500 spd=10/25 hear=61 vis=259/1.02 mode=('fruit', 10, None, 6, 4, 0) fr100=0 tr100=0 predDist=None
  a79 pos=(754,154) age=4 e=119 maxE=500 spd=10/24 hear=61 vis=200/1.02 mode=('treewait', 0.0, None, 0, 2, 0) fr100=0 tr100=0 predDist=None
== t=950.0 alive=6 preds=0 trees=28 fruits=28 score=996.2
  a74 pos=(127,341) age=93 e=42 maxE=500 spd=14/20 hear=54 vis=200/1.02 mode=('elderwait', 0.0, None, 11, 9, 0) fr100=0 tr100=1 predDist=None
  a75 pos=(1115,1093) age=82 e=142 maxE=532 spd=9/19 hear=50 vis=200/0.91 mode=('elderwait', 0.0, None, 0, 3, 0) fr100=0 tr100=0 predDist=None
  a77 pos=(333,986) age=55 e=660 maxE=745 spd=11/19 hear=61 vis=200/1.02 mode=('treewait', 0.0, None, 0, 10, 0) fr100=0 tr100=2 predDist=None
  a78 pos=(1011,221) age=31 e=335 maxE=500 spd=10/25 hear=61 vis=259/1.02 mode=('explore', 10, None, 0, 2, 0) fr100=0 tr100=1 predDist=None
  a79 pos=(183,113) age=29 e=436 maxE=500 spd=10/24 hear=61 vis=200/1.02 mode=('treewait', 0.0, None, 2, 7, 0) fr100=0 tr100=3 predDist=None
  a81 pos=(178,463) age=1 e=160 maxE=500 spd=14/20 hear=54 vis=200/1.02 mode=('fruit', 14.3, None, 1, 2, 0) fr100=2 tr100=2 predDist=None
== t=975.0 alive=5 preds=0 trees=20 fruits=27 score=1022.2
  a77 pos=(388,1048) age=80 e=399 maxE=745 spd=11/19 hear=61 vis=200/1.02 mode=('elderwait', 0.0, None, 5, 8, 0) fr100=0 tr100=1 predDist=None
  a78 pos=(1261,183) age=56 e=441 maxE=500 spd=10/25 hear=61 vis=259/1.02 mode=('treewait', 0.0, None, 18, 7, 0) fr100=7 tr100=3 predDist=None
  a79 pos=(288,293) age=54 e=422 maxE=500 spd=10/24 hear=61 vis=200/1.02 mode=('treewait', 0.0, None, 0, 9, 0) fr100=1 tr100=3 predDist=None
  a81 pos=(177,269) age=26 e=442 maxE=500 spd=14/20 hear=54 vis=200/1.02 mode=('treewait', 0.0, None, 1, 5, 0) fr100=1 tr100=4 predDist=None
  a82 pos=(490,952) age=18 e=212 maxE=745 spd=11/19 hear=61 vis=200/1.02 mode=('tree', 10.8, None, 0, 3, 0) fr100=0 tr100=3 predDist=None
== t=1000.0 alive=6 preds=0 trees=32 fruits=26 score=1047.7
  a78 pos=(1264,173) age=81 e=248 maxE=500 spd=10/25 hear=61 vis=259/1.02 mode=('elderwait', 0.0, None, 19, 15, 0) fr100=4 tr100=4 predDist=None
  a79 pos=(255,348) age=79 e=476 maxE=500 spd=10/24 hear=61 vis=200/1.02 mode=('elderwait', 0.0, None, 5, 9, 0) fr100=3 tr100=4 predDist=None
  a81 pos=(194,312) age=51 e=441 maxE=500 spd=14/20 hear=54 vis=200/1.02 mode=('treewait', 0.0, None, 6, 7, 0) fr100=4 tr100=5 predDist=None
  a82 pos=(849,912) age=43 e=110 maxE=745 spd=11/19 hear=61 vis=200/1.02 mode=('explore', 10.8, None, 0, 4, 0) fr100=0 tr100=0 predDist=None
  a85 pos=(1184,128) age=8 e=84 maxE=500 spd=10/25 hear=61 vis=259/1.02 mode=('fruit', 10, None, 6, 6, 0) fr100=1 tr100=2 predDist=None
  a86 pos=(1442,382) age=6 e=278 maxE=500 spd=10/25 hear=61 vis=259/1.02 mode=('fruit', 10, None, 4, 7, 0) fr100=2 tr100=3 predDist=None
== t=1025.0 alive=7 preds=0 trees=35 fruits=26 score=1074.4
  a79 pos=(184,273) age=104 e=435 maxE=500 spd=10/24 hear=61 vis=200/1.02 mode=('elderwait', 0.0, None, 10, 10, 0) fr100=0 tr100=3 predDist=None
  a81 pos=(187,326) age=76 e=484 maxE=500 spd=14/20 hear=54 vis=200/1.02 mode=('elderwait', 0.0, None, 12, 7, 0) fr100=0 tr100=3 predDist=None
  a82 pos=(1529,469) age=68 e=62 maxE=745 spd=11/19 hear=61 vis=200/1.02 mode=('elderwait', 0.0, None, 1, 7, 0) fr100=1 tr100=1 predDist=None
  a85 pos=(1119,407) age=33 e=450 maxE=500 spd=10/25 hear=61 vis=259/1.02 mode=('treewait', 0.0, None, 9, 10, 0) fr100=0 tr100=1 predDist=None
  a86 pos=(1163,189) age=31 e=362 maxE=500 spd=10/25 hear=61 vis=259/1.02 mode=('river', 10, None, 4, 12, 0) fr100=0 tr100=2 predDist=None
  a87 pos=(1269,232) age=14 e=92 maxE=500 spd=10/25 hear=61 vis=259/1.02 mode=('fruit', 10, None, 3, 7, 0) fr100=3 tr100=3 predDist=None
  a88 pos=(92,274) age=6 e=342 maxE=500 spd=10/24 hear=61 vis=200/1.02 mode=('fruit', 10, None, 2, 7, 0) fr100=1 tr100=2 predDist=None
== t=1050.0 alive=7 preds=0 trees=26 fruits=39 score=1100.0
  a79 pos=(184,273) age=129 e=99 maxE=500 spd=10/24 hear=61 vis=200/1.02 mode=('elderwait', 0.0, None, 15, 9, 0) fr100=5 tr100=2 predDist=None
  a81 pos=(187,326) age=101 e=322 maxE=500 spd=14/20 hear=54 vis=200/1.02 mode=('elderwait', 0.0, None, 17, 7, 0) fr100=3 tr100=0 predDist=None
  a82 pos=(1529,469) age=93 e=18 maxE=745 spd=11/19 hear=61 vis=200/1.02 mode=('elderwait', 0.0, None, 3, 7, 0) fr100=0 tr100=0 predDist=None
  a85 pos=(861,278) age=58 e=474 maxE=500 spd=10/25 hear=61 vis=259/1.02 mode=('treewait', 0.0, None, 14, 12, 0) fr100=2 tr100=1 predDist=None
  a86 pos=(1310,204) age=56 e=229 maxE=500 spd=10/25 hear=61 vis=259/1.02 mode=('detour', 10, None, 5, 9, 0) fr100=0 tr100=3 predDist=None
  a87 pos=(1386,301) age=39 e=230 maxE=500 spd=10/25 hear=61 vis=259/1.02 mode=('tree', 10, None, 1, 8, 0) fr100=0 tr100=0 predDist=None
  a88 pos=(84,321) age=31 e=455 maxE=500 spd=10/24 hear=61 vis=200/1.02 mode=('treewait', 0.0, None, 6, 7, 0) fr100=1 tr100=1 predDist=None
== t=1075.0 alive=7 preds=0 trees=23 fruits=40 score=1126.1
  a85 pos=(863,274) age=83 e=328 maxE=500 spd=10/25 hear=61 vis=259/1.02 mode=('elderwait', 0.0, None, 12, 12, 0) fr100=0 tr100=0 predDist=None
  a86 pos=(1115,90) age=81 e=156 maxE=500 spd=10/25 hear=61 vis=259/1.02 mode=('elderwait', 0.0, None, 15, 8, 0) fr100=0 tr100=0 predDist=None
  a87 pos=(1000,79) age=64 e=479 maxE=500 spd=10/25 hear=61 vis=259/1.02 mode=('elderwait', 0.0, None, 7, 7, 0) fr100=0 tr100=0 predDist=None
  a88 pos=(232,436) age=56 e=451 maxE=500 spd=10/24 hear=61 vis=200/1.02 mode=('treewait', 0.0, None, 0, 5, 0) fr100=0 tr100=1 predDist=None
  a89 pos=(326,81) age=21 e=413 maxE=500 spd=14/20 hear=54 vis=200/1.02 mode=('waitfruit', 0.0, None, 1, 4, 0) fr100=1 tr100=1 predDist=None
  a90 pos=(146,187) age=19 e=93 maxE=500 spd=14/20 hear=54 vis=200/1.02 mode=('treewait', 0.0, None, 0, 3, 0) fr100=0 tr100=2 predDist=None
  a91 pos=(886,178) age=2 e=212 maxE=500 spd=10/25 hear=61 vis=259/1.02 mode=('fruit', 10, None, 5, 1, 0) fr100=2 tr100=1 predDist=None
== t=1100.0 alive=7 preds=0 trees=18 fruits=51 score=1151.4
  a85 pos=(863,274) age=108 e=34 maxE=500 spd=10/25 hear=61 vis=259/1.02 mode=('elderwait', 0.0, None, 9, 11, 0) fr100=0 tr100=0 predDist=None
  a87 pos=(1000,79) age=89 e=434 maxE=500 spd=10/25 hear=61 vis=259/1.02 mode=('elderwait', 0.0, None, 9, 7, 0) fr100=0 tr100=1 predDist=None
  a88 pos=(118,206) age=81 e=393 maxE=500 spd=10/24 hear=61 vis=200/1.02 mode=('elderwait', 0.0, None, 3, 4, 0) fr100=1 tr100=1 predDist=None
  a89 pos=(326,67) age=46 e=425 maxE=500 spd=14/20 hear=54 vis=200/1.02 mode=('treewait', 0.0, None, 0, 4, 0) fr100=0 tr100=0 predDist=None
  a90 pos=(35,656) age=44 e=52 maxE=500 spd=14/20 hear=54 vis=200/1.02 mode=('detour', 14.3, None, 0, 2, 0) fr100=0 tr100=0 predDist=None
  a91 pos=(653,96) age=27 e=237 maxE=500 spd=10/25 hear=61 vis=259/1.02 mode=('explore', 10, None, 0, 0, 0) fr100=0 tr100=0 predDist=None
  a93 pos=(758,121) age=7 e=29 maxE=500 spd=10/25 hear=61 vis=259/1.02 mode=('explore', 10, None, 0, 1, 0) fr100=0 tr100=1 predDist=None
== t=1125.0 alive=7 preds=0 trees=26 fruits=40 score=1177.1
  a87 pos=(1000,79) age=114 e=157 maxE=500 spd=10/25 hear=61 vis=259/1.02 mode=('elderwait', 0.0, None, 3, 9, 0) fr100=1 tr100=2 predDist=None
  a89 pos=(1081,421) age=71 e=278 maxE=500 spd=14/20 hear=54 vis=200/1.02 mode=('elderwait', 0.0, None, 4, 6, 0) fr100=0 tr100=2 predDist=None
  a90 pos=(1201,329) age=69 e=426 maxE=500 spd=14/20 hear=54 vis=200/1.02 mode=('elderwait', 0.0, None, 13, 6, 0) fr100=0 tr100=3 predDist=None
  a91 pos=(43,90) age=52 e=227 maxE=500 spd=10/25 hear=61 vis=259/1.02 mode=('treewait', 0.0, None, 0, 4, 0) fr100=0 tr100=3 predDist=None
  a94 pos=(147,801) age=21 e=57 maxE=500 spd=10/24 hear=61 vis=200/1.02 mode=('river', 10, None, 0, 0, 0) fr100=0 tr100=0 predDist=None
  a95 pos=(87,781) age=9 e=19 maxE=275 spd=10/24 hear=61 vis=235/1.02 mode=('river', 10, None, 0, 1, 0) fr100=0 tr100=0 predDist=None
  a96 pos=(105,678) age=7 e=23 maxE=500 spd=12/24 hear=61 vis=200/1.02 mode=('explore', 12.4, None, 0, 3, 0) fr100=0 tr100=0 predDist=None
== t=1150.0 alive=6 preds=0 trees=24 fruits=37 score=1202.9
  a90 pos=(1231,299) age=94 e=62 maxE=500 spd=14/20 hear=54 vis=200/1.02 mode=('elderwait', 0.0, None, 15, 5, 0) fr100=0 tr100=1 predDist=None
  a91 pos=(109,807) age=77 e=34 maxE=500 spd=10/25 hear=61 vis=259/1.02 mode=('elderwait', 0.0, None, 0, 6, 0) fr100=0 tr100=0 predDist=None
  a97 pos=(1056,82) age=22 e=121 maxE=500 spd=10/25 hear=61 vis=362/1.02 mode=('fruit', 10, None, 1, 5, 0) fr100=2 tr100=3 predDist=None
  a98 pos=(1351,224) age=16 e=449 maxE=500 spd=14/20 hear=54 vis=200/1.02 mode=('treewait', 0.0, None, 1, 3, 0) fr100=0 tr100=0 predDist=None
  a100 pos=(808,477) age=15 e=228 maxE=500 spd=14/20 hear=54 vis=200/1.02 mode=('river', 14.3, None, 0, 4, 0) fr100=0 tr100=1 predDist=None
  a101 pos=(1143,445) age=7 e=56 maxE=500 spd=13/20 hear=54 vis=200/1.02 mode=('fruit', 12.1, None, 1, 2, 0) fr100=0 tr100=2 predDist=None
== t=1175.0 alive=3 preds=0 trees=20 fruits=42 score=1228.6
  a97 pos=(1059,316) age=47 e=140 maxE=500 spd=10/25 hear=61 vis=362/1.02 mode=('river', 10, None, 3, 4, 0) fr100=2 tr100=0 predDist=None
  a98 pos=(666,1093) age=41 e=427 maxE=500 spd=14/20 hear=54 vis=200/1.02 mode=('fruit', 14.3, None, 1, 5, 0) fr100=0 tr100=0 predDist=None
  a100 pos=(254,180) age=40 e=424 maxE=500 spd=14/20 hear=54 vis=200/1.02 mode=('fruit', 13.5, None, 4, 8, 0) fr100=2 tr100=1 predDist=None
== t=1200.0 alive=6 preds=0 trees=18 fruits=28 score=1254.5
  a97 pos=(1316,130) age=72 e=101 maxE=500 spd=10/25 hear=61 vis=362/1.02 mode=('elderwait', 0.0, None, 7, 6, 0) fr100=0 tr100=3 predDist=None
  a98 pos=(433,1045) age=66 e=490 maxE=500 spd=14/20 hear=54 vis=200/1.02 mode=('elderwait', 0.0, None, 9, 9, 0) fr100=0 tr100=0 predDist=None
  a100 pos=(271,209) age=65 e=482 maxE=500 spd=14/20 hear=54 vis=200/1.02 mode=('elderwait', 0.0, None, 7, 9, 0) fr100=0 tr100=1 predDist=None
  a102 pos=(1308,147) age=10 e=42 maxE=500 spd=10/25 hear=61 vis=362/1.02 mode=('fruit', 10, None, 1, 4, 0) fr100=0 tr100=2 predDist=None
  a103 pos=(1302,130) age=4 e=87 maxE=500 spd=10/25 hear=61 vis=362/1.41 mode=('fruit', 10, None, 1, 4, 0) fr100=0 tr100=2 predDist=None
  a104 pos=(295,1053) age=3 e=287 maxE=500 spd=14/20 hear=54 vis=271/1.02 mode=('fruit', 13.2, None, 3, 2, 0) fr100=0 tr100=2 predDist=None
== t=1225.0 alive=6 preds=0 trees=19 fruits=23 score=1280.0
  a97 pos=(1312,133) age=97 e=56 maxE=500 spd=10/25 hear=61 vis=362/1.02 mode=('elderwait', 0.0, None, 9, 5, 0) fr100=0 tr100=1 predDist=None
  a98 pos=(426,1048) age=91 e=344 maxE=500 spd=14/20 hear=54 vis=200/1.02 mode=('elderwait', 0.0, None, 13, 8, 0) fr100=0 tr100=0 predDist=None
  a100 pos=(262,220) age=90 e=437 maxE=500 spd=14/20 hear=54 vis=200/1.02 mode=('elderwait', 0.0, None, 7, 9, 0) fr100=0 tr100=0 predDist=None
  a103 pos=(1178,260) age=29 e=57 maxE=500 spd=10/25 hear=61 vis=362/1.41 mode=('explore', 10, None, 0, 6, 0) fr100=0 tr100=1 predDist=None
  a104 pos=(404,901) age=28 e=471 maxE=500 spd=14/20 hear=54 vis=271/1.02 mode=('tree', 14.3, None, 9, 7, 0) fr100=0 tr100=0 predDist=None
  a105 pos=(558,982) age=2 e=58 maxE=500 spd=14/20 hear=54 vis=200/0.83 mode=('fruit', 14.3, None, 4, 0, 0) fr100=2 tr100=1 predDist=None
== t=1250.0 alive=5 preds=0 trees=19 fruits=29 score=1305.5
  a98 pos=(426,1048) age=116 e=300 maxE=500 spd=14/20 hear=54 vis=200/1.02 mode=('elderwait', 0.0, None, 8, 8, 0) fr100=0 tr100=0 predDist=None
  a100 pos=(262,220) age=115 e=164 maxE=500 spd=14/20 hear=54 vis=200/1.02 mode=('elderwait', 0.0, None, 6, 11, 0) fr100=0 tr100=1 predDist=None
  a103 pos=(1362,200) age=54 e=82 maxE=500 spd=10/25 hear=61 vis=362/1.41 mode=('fruit', 10, None, 2, 5, 0) fr100=0 tr100=0 predDist=None
  a104 pos=(345,951) age=53 e=459 maxE=500 spd=14/20 hear=54 vis=271/1.02 mode=('treewait', 0.0, None, 11, 7, 0) fr100=5 tr100=1 predDist=None
  a105 pos=(822,1125) age=27 e=348 maxE=500 spd=14/20 hear=54 vis=200/0.83 mode=('explore', 14.3, None, 0, 3, 0) fr100=2 tr100=1 predDist=None
== t=1275.0 alive=5 preds=0 trees=16 fruits=25 score=1331.5
  a103 pos=(1424,344) age=78 e=44 maxE=500 spd=10/25 hear=61 vis=362/1.41 mode=('elderwait', 0.0, None, 6, 5, 0) fr100=3 tr100=2 predDist=None
  a104 pos=(318,961) age=78 e=255 maxE=500 spd=14/20 hear=54 vis=271/1.02 mode=('elderwait', 0.0, None, 3, 9, 0) fr100=0 tr100=1 predDist=None
  a105 pos=(1507,376) age=52 e=233 maxE=500 spd=14/20 hear=54 vis=200/0.83 mode=('fruit', 14.3, None, 2, 4, 0) fr100=2 tr100=1 predDist=None
  a106 pos=(390,486) age=17 e=447 maxE=500 spd=14/20 hear=54 vis=214/1.02 mode=('treewait', 0.0, None, 4, 6, 0) fr100=2 tr100=1 predDist=None
  a107 pos=(865,1066) age=16 e=248 maxE=312 spd=14/20 hear=54 vis=271/1.02 mode=('treewait', 0.0, None, 1, 4, 0) fr100=1 tr100=1 predDist=None
== t=1300.0 alive=5 preds=0 trees=13 fruits=27 score=1357.0
  a104 pos=(362,962) age=103 e=97 maxE=500 spd=14/20 hear=54 vis=271/1.02 mode=('elderwait', 0.0, None, 3, 9, 0) fr100=0 tr100=1 predDist=None
  a105 pos=(1510,365) age=77 e=326 maxE=500 spd=14/20 hear=54 vis=200/0.83 mode=('elderwait', 0.0, None, 0, 4, 0) fr100=0 tr100=0 predDist=None
  a106 pos=(157,374) age=42 e=470 maxE=500 spd=14/20 hear=54 vis=214/1.02 mode=('tree', 14.3, None, 9, 6, 0) fr100=7 tr100=0 predDist=None
  a107 pos=(861,1076) age=41 e=249 maxE=312 spd=14/20 hear=54 vis=271/1.02 mode=('explore', 14.3, None, 1, 3, 0) fr100=0 tr100=0 predDist=None
  a108 pos=(415,911) age=15 e=168 maxE=500 spd=14/20 hear=54 vis=271/1.02 mode=('tree', 14.3, None, 0, 4, 0) fr100=0 tr100=1 predDist=None
== t=1325.0 alive=6 preds=0 trees=18 fruits=12 score=1383.0
  a105 pos=(1497,360) age=102 e=73 maxE=500 spd=14/20 hear=54 vis=200/0.83 mode=('elderwait', 0.0, None, 0, 4, 0) fr100=0 tr100=0 predDist=None
  a106 pos=(233,324) age=67 e=275 maxE=500 spd=14/20 hear=54 vis=214/1.02 mode=('elderwait', 0.0, None, 14, 9, 0) fr100=0 tr100=1 predDist=None
  a107 pos=(1394,660) age=66 e=113 maxE=312 spd=14/20 hear=54 vis=271/1.02 mode=('elderwait', 0.0, None, 0, 3, 0) fr100=0 tr100=0 predDist=None
  a108 pos=(300,595) age=40 e=228 maxE=500 spd=14/20 hear=54 vis=271/1.02 mode=('treewait', 0.0, None, 0, 6, 0) fr100=0 tr100=1 predDist=None
  a109 pos=(171,230) age=5 e=447 maxE=500 spd=14/20 hear=54 vis=214/1.02 mode=('tree', 14.3, None, 3, 1, 0) fr100=0 tr100=3 predDist=None
  a110 pos=(631,426) age=4 e=281 maxE=500 spd=14/20 hear=54 vis=214/1.02 mode=('explore', 14.2, None, 0, 0, 0) fr100=0 tr100=0 predDist=None
== t=1350.0 alive=6 preds=0 trees=16 fruits=28 score=1408.2
  a106 pos=(204,329) age=92 e=128 maxE=500 spd=14/20 hear=54 vis=214/1.02 mode=('elderwait', 0.0, None, 19, 11, 0) fr100=1 tr100=1 predDist=None
  a107 pos=(1383,659) age=91 e=39 maxE=312 spd=14/20 hear=54 vis=271/1.02 mode=('elderwait', 0.0, None, 0, 3, 0) fr100=0 tr100=0 predDist=None
  a108 pos=(322,593) age=65 e=198 maxE=500 spd=14/20 hear=54 vis=271/1.02 mode=('elderwait', 0.0, None, 0, 5, 0) fr100=0 tr100=0 predDist=None
  a109 pos=(143,264) age=30 e=459 maxE=500 spd=14/20 hear=54 vis=214/1.02 mode=('treewait', 0.0, None, 7, 5, 0) fr100=0 tr100=3 predDist=None
  a110 pos=(1005,1129) age=29 e=65 maxE=500 spd=14/20 hear=54 vis=214/1.02 mode=('explore', 14.2, None, 0, 1, 0) fr100=0 tr100=0 predDist=None
  a111 pos=(65,336) age=3 e=199 maxE=500 spd=14/20 hear=54 vis=214/1.02 mode=('fruit', 14.3, None, 3, 4, 0) fr100=4 tr100=2 predDist=None
== t=1375.0 alive=4 preds=0 trees=11 fruits=17 score=1434.1
  a108 pos=(322,593) age=90 e=153 maxE=500 spd=14/20 hear=54 vis=271/1.02 mode=('elderwait', 0.0, None, 0, 5, 0) fr100=0 tr100=0 predDist=None
  a109 pos=(89,379) age=55 e=425 maxE=500 spd=14/20 hear=54 vis=214/1.02 mode=('treewait', 0.0, None, 0, 3, 0) fr100=0 tr100=2 predDist=None
  a110 pos=(273,1078) age=54 e=443 maxE=500 spd=14/20 hear=54 vis=214/1.02 mode=('treewait', 0.0, None, 5, 4, 0) fr100=3 tr100=1 predDist=None
  a111 pos=(127,275) age=28 e=381 maxE=500 spd=14/20 hear=54 vis=214/1.02 mode=('treewait', 0.0, None, 0, 4, 0) fr100=0 tr100=1 predDist=None
== t=1400.0 alive=5 preds=0 trees=14 fruits=10 score=1459.5
  a109 pos=(88,381) age=80 e=79 maxE=500 spd=14/20 hear=54 vis=214/1.02 mode=('elderwait', 0.0, None, 1, 3, 0) fr100=0 tr100=1 predDist=None
  a110 pos=(264,1106) age=79 e=451 maxE=500 spd=14/20 hear=54 vis=214/1.02 mode=('elderwait', 0.0, None, 6, 4, 0) fr100=0 tr100=1 predDist=None
  a111 pos=(36,339) age=53 e=372 maxE=500 spd=14/20 hear=54 vis=214/1.02 mode=('treewait', 0.0, None, 0, 3, 0) fr100=0 tr100=1 predDist=None
  a113 pos=(515,1055) age=17 e=202 maxE=500 spd=14/20 hear=54 vis=214/1.02 mode=('treewait', 0.0, None, 0, 3, 0) fr100=0 tr100=0 predDist=None
  a114 pos=(508,433) age=3 e=47 maxE=500 spd=14/20 hear=54 vis=214/1.02 mode=('explore', 14.3, None, 0, 0, 0) fr100=0 tr100=0 predDist=None
== t=1425.0 alive=6 preds=0 trees=18 fruits=15 score=1484.9
  a109 pos=(196,259) age=105 e=19 maxE=500 spd=14/20 hear=54 vis=214/1.02 mode=('elderwait', 0.0, None, 1, 5, 0) fr100=0 tr100=1 predDist=None
  a110 pos=(273,1045) age=104 e=26 maxE=500 spd=14/20 hear=54 vis=214/1.02 mode=('elderwait', 0.0, None, 0, 2, 0) fr100=0 tr100=0 predDist=None
  a111 pos=(198,259) age=78 e=157 maxE=500 spd=14/20 hear=54 vis=214/1.02 mode=('elderwait', 0.0, None, 1, 4, 0) fr100=0 tr100=1 predDist=None
  a113 pos=(748,1092) age=42 e=133 maxE=500 spd=14/20 hear=54 vis=214/1.02 mode=('treewait', 0.0, None, 0, 3, 0) fr100=0 tr100=1 predDist=None
  a117 pos=(252,311) age=6 e=157 maxE=368 spd=14/20 hear=54 vis=214/1.02 mode=('treewait', 0.0, None, 0, 3, 0) fr100=0 tr100=1 predDist=None
  a118 pos=(89,47) age=6 e=232 maxE=500 spd=14/20 hear=54 vis=214/1.02 mode=('treewait', 0.0, None, 0, 3, 0) fr100=0 tr100=2 predDist=None
== t=1450.0 alive=4 preds=0 trees=19 fruits=26 score=1510.3
  a117 pos=(82,411) age=31 e=54 maxE=368 spd=14/20 hear=54 vis=214/1.02 mode=('fruit', 14.3, None, 2, 7, 0) fr100=3 tr100=2 predDist=None
  a118 pos=(78,423) age=31 e=164 maxE=500 spd=14/20 hear=54 vis=214/1.02 mode=('fruit', 14.3, None, 2, 6, 0) fr100=3 tr100=2 predDist=None
  a119 pos=(256,382) age=6 e=74 maxE=439 spd=14/20 hear=54 vis=110/1.02 mode=('treewait', 0.0, None, 0, 4, 0) fr100=0 tr100=1 predDist=None
  a120 pos=(79,426) age=6 e=163 maxE=368 spd=14/19 hear=70 vis=214/1.02 mode=('fruit', 14.3, None, 2, 9, 0) fr100=3 tr100=2 predDist=None
== t=1475.0 alive=3 preds=0 trees=11 fruits=30 score=1535.6
  a117 pos=(59,410) age=56 e=112 maxE=368 spd=14/20 hear=54 vis=214/1.02 mode=('treewait', 0.0, None, 0, 8, 0) fr100=0 tr100=1 predDist=None
  a118 pos=(194,155) age=56 e=174 maxE=500 spd=14/20 hear=54 vis=214/1.02 mode=('treewait', 0.0, None, 0, 4, 0) fr100=0 tr100=1 predDist=None
  a121 pos=(821,177) age=6 e=20 maxE=500 spd=14/20 hear=54 vis=214/1.02 mode=('explore', 14.3, None, 0, 1, 0) fr100=0 tr100=0 predDist=None
== t=1500.0 alive=1 preds=0 trees=11 fruits=23 score=1560.7
  a123 pos=(219,651) age=19 e=41 maxE=368 spd=20/10 hear=54 vis=214/1.02 mode=('explore', 10.4, None, 0, 3, 0) fr100=0 tr100=0 predDist=None
== t=1525.0 alive=3 preds=0 trees=13 fruits=10 score=1586.5
  a123 pos=(680,1024) age=44 e=322 maxE=368 spd=20/10 hear=54 vis=214/1.02 mode=('treewait', 0.0, None, 4, 9, 0) fr100=0 tr100=1 predDist=None
  a124 pos=(652,886) age=20 e=69 maxE=368 spd=20/10 hear=54 vis=214/1.02 mode=('treewait', 0.0, None, 0, 5, 0) fr100=1 tr100=3 predDist=None
  a125 pos=(602,964) age=17 e=116 maxE=368 spd=20/10 hear=54 vis=214/1.02 mode=('fruit', 10.4, None, 1, 5, 0) fr100=1 tr100=2 predDist=None
== t=1550.0 alive=4 preds=0 trees=12 fruits=13 score=1611.8
  a123 pos=(537,955) age=69 e=149 maxE=368 spd=20/10 hear=54 vis=214/1.02 mode=('elderwait', 0.0, None, 0, 9, 0) fr100=0 tr100=1 predDist=None
  a124 pos=(566,914) age=45 e=65 maxE=368 spd=20/10 hear=54 vis=214/1.02 mode=('treewait', 0.0, None, 0, 5, 0) fr100=0 tr100=0 predDist=None
  a125 pos=(401,895) age=42 e=198 maxE=368 spd=20/10 hear=54 vis=214/1.02 mode=('explore', 10.4, None, 0, 5, 0) fr100=0 tr100=3 predDist=None
  a126 pos=(154,842) age=7 e=32 maxE=409 spd=20/10 hear=54 vis=214/1.02 mode=('explore', 10.4, None, 0, 4, 0) fr100=0 tr100=0 predDist=None
== t=1575.0 alive=3 preds=0 trees=15 fruits=17 score=1637.1
  a125 pos=(1334,690) age=66 e=112 maxE=368 spd=20/10 hear=54 vis=214/1.02 mode=('explore', 10.4, None, 0, 3, 0) fr100=0 tr100=0 predDist=None
  a127 pos=(454,931) age=20 e=77 maxE=209 spd=20/10 hear=54 vis=214/1.02 mode=('treewait', 0.0, None, 0, 4, 0) fr100=0 tr100=1 predDist=None
  a128 pos=(1374,735) age=2 e=61 maxE=368 spd=20/10 hear=51 vis=214/1.02 mode=('explore', 10.4, None, 0, 0, 0) fr100=0 tr100=0 predDist=None
== t=1600.0 alive=3 preds=0 trees=19 fruits=25 score=1662.5
  a127 pos=(423,928) age=45 e=89 maxE=209 spd=20/10 hear=54 vis=214/1.02 mode=('treewait', 0.0, None, 0, 5, 0) fr100=0 tr100=2 predDist=None
  a129 pos=(1148,263) age=18 e=33 maxE=368 spd=20/10 hear=54 vis=318/1.02 mode=('treewait', 0.0, None, 0, 4, 0) fr100=1 tr100=1 predDist=None
  a130 pos=(1359,138) age=9 e=80 maxE=368 spd=20/10 hear=54 vis=214/1.02 mode=('explore', 10.4, None, 0, 4, 0) fr100=0 tr100=2 predDist=None
== t=1625.0 alive=3 preds=0 trees=13 fruits=29 score=1687.9
  a127 pos=(294,1039) age=70 e=69 maxE=209 spd=20/10 hear=54 vis=214/1.02 mode=('treewait', 0.0, None, 0, 3, 0) fr100=0 tr100=1 predDist=None
  a129 pos=(792,422) age=43 e=174 maxE=368 spd=20/10 hear=54 vis=318/1.02 mode=('treewait', 0.0, None, 1, 4, 0) fr100=0 tr100=1 predDist=None
  a131 pos=(828,428) age=13 e=6 maxE=368 spd=20/10 hear=54 vis=197/1.02 mode=('treewait', 0.0, None, 0, 1, 0) fr100=0 tr100=1 predDist=None
== t=1650.0 alive=3 preds=0 trees=10 fruits=18 score=1713.5
  a132 pos=(83,238) age=22 e=210 maxE=368 spd=20/10 hear=54 vis=318/1.02 mode=('treewait', 0.0, None, 0, 3, 0) fr100=0 tr100=1 predDist=None
  a133 pos=(85,250) age=7 e=118 maxE=368 spd=20/9 hear=54 vis=168/1.02 mode=('explore', 8.8, None, 0, 2, 0) fr100=0 tr100=1 predDist=None
  a134 pos=(199,350) age=7 e=79 maxE=368 spd=20/10 hear=54 vis=283/1.02 mode=('treewait', 0.0, None, 0, 2, 0) fr100=0 tr100=0 predDist=None
== t=1675.0 alive=2 preds=0 trees=10 fruits=12 score=1738.6
  a132 pos=(91,189) age=47 e=94 maxE=368 spd=20/10 hear=54 vis=318/1.02 mode=('fruit', 10.4, None, 1, 3, 0) fr100=0 tr100=1 predDist=None
  a135 pos=(104,90) age=11 e=2 maxE=368 spd=20/10 hear=54 vis=318/1.02 mode=('explore', 10.4, None, 0, 2, 0) fr100=0 tr100=1 predDist=None
== t=1700.0 alive=1 preds=0 trees=9 fruits=11 score=1763.7
  a132 pos=(137,631) age=72 e=20 maxE=368 spd=20/10 hear=54 vis=318/1.02 mode=('explore', 10.4, None, 0, 4, 0) fr100=0 tr100=0 predDist=None
