== t=0.2 alive=5 preds=0 trees=29 fruits=33 score=0.2
  a0 pos=(544,998) age=0 e=149 maxE=500 spd=10/20 hear=50 vis=200/1.05 mode=('explore', 10, None, 0, 1, 0) fr100=1 tr100=1 predDist=None
  a1 pos=(125,471) age=0 e=149 maxE=500 spd=10/20 hear=50 vis=200/1.05 mode=('explore', 10, None, 0, 0, 0) fr100=0 tr100=1 predDist=None
  a2 pos=(184,1079) age=0 e=149 maxE=500 spd=10/20 hear=50 vis=200/1.05 mode=('fruit', 10, None, 1, 0, 0) fr100=1 tr100=0 predDist=None
  a3 pos=(1319,464) age=0 e=169 maxE=500 spd=10/20 hear=50 vis=200/1.05 mode=('fruit', 10, None, 2, 0, 0) fr100=2 tr100=3 predDist=None
  a4 pos=(775,35) age=0 e=149 maxE=500 spd=10/20 hear=50 vis=200/1.05 mode=('river', 10, None, 0, 0, 0) fr100=0 tr100=0 predDist=None
== t=25.0 alive=5 preds=0 trees=73 fruits=34 score=26.3
  a0 pos=(1231,1105) age=25 e=104 maxE=500 spd=10/20 hear=50 vis=200/1.05 mode=('explore', 10, None, 0, 5, 0) fr100=0 tr100=0 predDist=None
  a1 pos=(427,598) age=25 e=441 maxE=500 spd=10/20 hear=50 vis=200/1.05 mode=('treewait', 0.0, None, 2, 18, 0) fr100=0 tr100=2 predDist=None
  a2 pos=(1401,915) age=25 e=356 maxE=500 spd=10/20 hear=50 vis=200/1.05 mode=('explore', 10, None, 0, 3, 0) fr100=0 tr100=1 predDist=None
  a3 pos=(1501,131) age=25 e=463 maxE=500 spd=10/20 hear=50 vis=200/1.05 mode=('treewait', 0.0, None, 2, 9, 0) fr100=1 tr100=2 predDist=None
  a4 pos=(1015,124) age=25 e=75 maxE=500 spd=10/20 hear=50 vis=200/1.05 mode=('conserve', 0.0, None, 0, 2, 0) fr100=0 tr100=2 predDist=None
== t=50.0 alive=6 preds=0 trees=97 fruits=90 score=52.9
  a1 pos=(75,253) age=50 e=431 maxE=500 spd=10/20 hear=50 vis=200/1.05 mode=('waitfruit', 0.0, None, 1, 27, 0) fr100=1 tr100=6 predDist=None
  a2 pos=(1433,653) age=50 e=371 maxE=500 spd=10/20 hear=50 vis=200/1.05 mode=('fruit', 10, None, 7, 14, 0) fr100=0 tr100=3 predDist=None
  a3 pos=(1520,103) age=50 e=471 maxE=500 spd=10/20 hear=50 vis=200/1.05 mode=('treewait', 0.0, None, 3, 11, 0) fr100=1 tr100=2 predDist=None
  a4 pos=(1451,519) age=50 e=309 maxE=500 spd=10/20 hear=50 vis=200/1.05 mode=('fruit', 10, None, 3, 15, 0) fr100=1 tr100=2 predDist=None
  a5 pos=(349,495) age=20 e=461 maxE=500 spd=10/20 hear=50 vis=200/1.05 mode=('treewait', 0.0, None, 10, 27, 0) fr100=1 tr100=8 predDist=None
  a6 pos=(1447,645) age=9 e=288 maxE=500 spd=10/20 hear=50 vis=200/1.05 mode=('river', 10, None, 2, 7, 0) fr100=0 tr100=3 predDist=None
== t=75.0 alive=10 preds=0 trees=77 fruits=197 score=79.4
  a1 pos=(58,159) age=75 e=450 maxE=500 spd=10/20 hear=50 vis=200/1.05 mode=('elderwait', 0.0, None, 19, 27, 0) fr100=2 tr100=4 predDist=None
  a2 pos=(1428,795) age=75 e=68 maxE=500 spd=10/20 hear=50 vis=200/1.05 mode=('elderwait', 0.0, None, 4, 11, 0) fr100=1 tr100=1 predDist=None
  a3 pos=(1477,188) age=75 e=176 maxE=500 spd=10/20 hear=50 vis=200/1.05 mode=('elderwait', 0.0, None, 13, 8, 0) fr100=1 tr100=2 predDist=None
  a4 pos=(1532,600) age=75 e=304 maxE=500 spd=10/20 hear=50 vis=200/1.05 mode=('fruit', 10, None, 2, 14, 0) fr100=1 tr100=2 predDist=None
  a5 pos=(363,510) age=45 e=463 maxE=500 spd=10/20 hear=50 vis=200/1.05 mode=('treewait', 0.0, None, 33, 30, 0) fr100=10 tr100=6 predDist=None
  a6 pos=(1254,790) age=34 e=410 maxE=500 spd=10/20 hear=50 vis=200/1.05 mode=('fruit', 10, None, 13, 10, 0) fr100=3 tr100=1 predDist=None
  a8 pos=(1359,415) age=13 e=321 maxE=500 spd=10/16 hear=50 vis=200/1.05 mode=('fruit', 10, None, 4, 8, 0) fr100=0 tr100=1 predDist=None
  a9 pos=(1183,776) age=13 e=278 maxE=307 spd=10/20 hear=50 vis=200/1.05 mode=('treewait', 0.0, None, 12, 5, 0) fr100=10 tr100=2 predDist=None
  a10 pos=(1343,441) age=13 e=329 maxE=500 spd=10/20 hear=50 vis=226/0.60 mode=('fruit', 10, None, 6, 10, 0) fr100=1 tr100=1 predDist=None
  a11 pos=(1439,170) age=1 e=68 maxE=500 spd=10/20 hear=50 vis=200/1.05 mode=('explore', 10, None, 0, 1, 0) fr100=0 tr100=2 predDist=None
== t=100.0 alive=9 preds=0 trees=84 fruits=212 score=105.8
  a1 pos=(81,179) age=100 e=463 maxE=500 spd=10/20 hear=50 vis=200/1.05 mode=('elderwait', 0.0, None, 28, 26, 0) fr100=10 tr100=5 predDist=None
  a3 pos=(1477,188) age=100 e=131 maxE=500 spd=10/20 hear=50 vis=200/1.05 mode=('elderwait', 0.0, None, 17, 11, 0) fr100=2 tr100=3 predDist=None
  a5 pos=(363,510) age=70 e=438 maxE=500 spd=10/20 hear=50 vis=200/1.05 mode=('elderwait', 0.0, None, 62, 30, 0) fr100=18 tr100=7 predDist=None
  a6 pos=(1183,740) age=59 e=456 maxE=500 spd=10/20 hear=50 vis=200/1.05 mode=('treewait', 0.0, None, 14, 9, 0) fr100=14 tr100=0 predDist=None
  a8 pos=(1149,309) age=38 e=494 maxE=500 spd=10/16 hear=50 vis=200/1.05 mode=('fruit', 10, None, 16, 12, 0) fr100=8 tr100=1 predDist=None
  a9 pos=(1175,769) age=38 e=298 maxE=307 spd=10/20 hear=50 vis=200/1.05 mode=('treewait', 0.0, None, 17, 7, 0) fr100=14 tr100=0 predDist=None
  a10 pos=(918,416) age=38 e=465 maxE=500 spd=10/20 hear=50 vis=226/0.60 mode=('treewait', 0.0, None, 18, 13, 0) fr100=2 tr100=2 predDist=None
  a11 pos=(775,607) age=26 e=434 maxE=500 spd=10/20 hear=50 vis=200/1.05 mode=('fruit', 10, None, 23, 9, 0) fr100=7 tr100=1 predDist=None
  a12 pos=(1287,618) age=8 e=158 maxE=500 spd=10/26 hear=50 vis=200/1.05 mode=('river', 10, None, 3, 4, 0) fr100=0 tr100=3 predDist=None
== t=125.0 alive=13 preds=0 trees=81 fruits=158 score=133.3
  a1 pos=(50,321) age=125 e=165 maxE=500 spd=10/20 hear=50 vis=200/1.05 mode=('elderwait', 0.0, None, 30, 24, 0) fr100=5 tr100=4 predDist=None
  a3 pos=(1476,193) age=125 e=29 maxE=500 spd=10/20 hear=50 vis=200/1.05 mode=('elderwait', 0.0, None, 13, 14, 0) fr100=4 tr100=4 predDist=None
  a5 pos=(274,526) age=95 e=369 maxE=500 spd=10/20 hear=50 vis=200/1.05 mode=('fruit', 10, None, 71, 25, 0) fr100=11 tr100=1 predDist=None
  a6 pos=(1193,749) age=84 e=416 maxE=500 spd=10/20 hear=50 vis=200/1.05 mode=('elderwait', 0.0, None, 13, 11, 0) fr100=4 tr100=0 predDist=None
  a8 pos=(1139,292) age=63 e=448 maxE=500 spd=10/16 hear=50 vis=200/1.05 mode=('elderwait', 0.0, None, 19, 18, 0) fr100=1 tr100=1 predDist=None
  a9 pos=(1258,705) age=63 e=235 maxE=307 spd=10/20 hear=50 vis=200/1.05 mode=('elderwait', 0.0, None, 15, 9, 0) fr100=0 tr100=3 predDist=None
  a10 pos=(845,76) age=63 e=429 maxE=500 spd=10/20 hear=50 vis=226/0.60 mode=('river', 10, None, 14, 17, 0) fr100=1 tr100=0 predDist=None
  a11 pos=(598,515) age=51 e=468 maxE=500 spd=10/20 hear=50 vis=200/1.05 mode=('treewait', 0.0, None, 27, 12, 0) fr100=4 tr100=1 predDist=None
  a12 pos=(1154,227) age=33 e=437 maxE=500 spd=10/26 hear=50 vis=200/1.05 mode=('tree', 10, None, 16, 16, 0) fr100=1 tr100=4 predDist=None
  a13 pos=(104,275) age=22 e=460 maxE=500 spd=10/20 hear=50 vis=200/1.05 mode=('treewait', 0.0, None, 40, 11, 0) fr100=11 tr100=5 predDist=None
  a14 pos=(39,352) age=1 e=70 maxE=500 spd=10/20 hear=50 vis=200/1.05 mode=('fruit', 10, None, 3, 4, 0) fr100=5 tr100=3 predDist=None
  a15 pos=(254,533) age=1 e=500 maxE=500 spd=10/20 hear=50 vis=166/1.05 mode=('explore', 10, None, 8, 1, 0) fr100=10 tr100=1 predDist=None
  a16 pos=(35,358) age=1 e=130 maxE=500 spd=10/20 hear=50 vis=292/0.62 mode=('fruit', 10, None, 4, 3, 0) fr100=3 tr100=3 predDist=None
== t=150.0 alive=12 preds=0 trees=72 fruits=177 score=159.9
  a5 pos=(251,556) age=120 e=13 maxE=500 spd=10/20 hear=50 vis=200/1.05 mode=('elderwait', 0.0, None, 70, 22, 0) fr100=1 tr100=2 predDist=None
  a6 pos=(1193,749) age=109 e=130 maxE=500 spd=10/20 hear=50 vis=200/1.05 mode=('elderwait', 0.0, None, 16, 15, 0) fr100=0 tr100=2 predDist=None
  a8 pos=(1139,292) age=88 e=404 maxE=500 spd=10/16 hear=50 vis=200/1.05 mode=('elderwait', 0.0, None, 33, 19, 0) fr100=2 tr100=0 predDist=None
  a9 pos=(1272,668) age=88 e=19 maxE=307 spd=10/20 hear=50 vis=200/1.05 mode=('elderwait', 0.0, None, 18, 12, 0) fr100=3 tr100=5 predDist=None
  a10 pos=(836,268) age=88 e=118 maxE=500 spd=10/20 hear=50 vis=226/0.60 mode=('elderwait', 0.0, None, 19, 15, 0) fr100=1 tr100=0 predDist=None
  a11 pos=(568,510) age=76 e=442 maxE=500 spd=10/20 hear=50 vis=200/1.05 mode=('elderwait', 0.0, None, 32, 15, 0) fr100=4 tr100=1 predDist=None
  a12 pos=(1231,154) age=58 e=492 maxE=500 spd=10/26 hear=50 vis=200/1.05 mode=('treewait', 0.0, None, 22, 18, 0) fr100=3 tr100=3 predDist=None
  a13 pos=(54,269) age=47 e=460 maxE=500 spd=10/20 hear=50 vis=200/1.05 mode=('treewait', 0.0, None, 31, 8, 0) fr100=3 tr100=0 predDist=None
  a14 pos=(169,229) age=26 e=452 maxE=500 spd=10/20 hear=50 vis=200/1.05 mode=('treewait', 0.0, None, 20, 8, 0) fr100=1 tr100=3 predDist=None
  a15 pos=(210,481) age=26 e=449 maxE=500 spd=10/20 hear=50 vis=166/1.05 mode=('treewait', 0.0, None, 18, 4, 0) fr100=6 tr100=2 predDist=None
  a16 pos=(41,182) age=26 e=448 maxE=500 spd=10/20 hear=50 vis=292/0.62 mode=('treewait', 0.0, None, 21, 7, 0) fr100=3 tr100=0 predDist=None
  a17 pos=(383,496) age=14 e=483 maxE=500 spd=10/20 hear=50 vis=200/1.25 mode=('treewait', 0.0, None, 38, 11, 0) fr100=6 tr100=5 predDist=None
== t=175.0 alive=10 preds=0 trees=69 fruits=171 score=186.2
  a8 pos=(1139,292) age=113 e=37 maxE=500 spd=10/16 hear=50 vis=200/1.05 mode=('elderwait', 0.0, None, 41, 17, 0) fr100=3 tr100=1 predDist=None
  a11 pos=(528,470) age=101 e=320 maxE=500 spd=10/20 hear=50 vis=200/1.05 mode=('elderwait', 0.0, None, 34, 18, 0) fr100=6 tr100=2 predDist=None
  a12 pos=(1231,154) age=83 e=439 maxE=500 spd=10/26 hear=50 vis=200/1.05 mode=('elderwait', 0.0, None, 33, 18, 0) fr100=6 tr100=2 predDist=None
  a13 pos=(58,285) age=72 e=467 maxE=500 spd=10/20 hear=50 vis=200/1.05 mode=('elderwait', 0.0, None, 17, 8, 0) fr100=2 tr100=0 predDist=None
  a14 pos=(149,230) age=51 e=456 maxE=500 spd=10/20 hear=50 vis=200/1.05 mode=('treewait', 0.0, None, 24, 9, 0) fr100=5 tr100=2 predDist=None
  a15 pos=(217,460) age=51 e=469 maxE=500 spd=10/20 hear=50 vis=166/1.05 mode=('treewait', 0.0, None, 16, 9, 0) fr100=3 tr100=2 predDist=None
  a16 pos=(154,79) age=51 e=453 maxE=500 spd=10/20 hear=50 vis=292/0.62 mode=('treewait', 0.0, None, 18, 7, 0) fr100=2 tr100=0 predDist=None
  a17 pos=(400,472) age=39 e=436 maxE=500 spd=10/20 hear=50 vis=200/1.25 mode=('treewait', 0.0, None, 47, 14, 0) fr100=7 tr100=3 predDist=None
  a18 pos=(1380,226) age=21 e=437 maxE=500 spd=10/16 hear=50 vis=200/1.05 mode=('treewait', 0.0, None, 19, 11, 0) fr100=1 tr100=2 predDist=None
  a19 pos=(904,489) age=10 e=481 maxE=500 spd=10/19 hear=50 vis=200/1.05 mode=('treewait', 0.0, None, 10, 8, 0) fr100=3 tr100=5 predDist=None
== t=200.0 alive=11 preds=0 trees=70 fruits=127 score=213.0
  a12 pos=(1216,141) age=108 e=16 maxE=500 spd=10/26 hear=50 vis=200/1.05 mode=('elderwait', 0.0, None, 34, 17, 0) fr100=0 tr100=3 predDist=None
  a13 pos=(58,285) age=97 e=422 maxE=500 spd=10/20 hear=50 vis=200/1.05 mode=('elderwait', 0.0, None, 12, 6, 0) fr100=1 tr100=0 predDist=None
  a14 pos=(129,230) age=76 e=471 maxE=500 spd=10/20 hear=50 vis=200/1.05 mode=('elderwait', 0.0, None, 15, 9, 0) fr100=2 tr100=0 predDist=None
  a15 pos=(218,450) age=76 e=391 maxE=500 spd=10/20 hear=50 vis=166/1.05 mode=('elderwait', 0.0, None, 21, 11, 0) fr100=4 tr100=3 predDist=None
  a16 pos=(156,275) age=76 e=439 maxE=500 spd=10/20 hear=50 vis=292/0.62 mode=('elderwait', 0.0, None, 23, 8, 0) fr100=1 tr100=0 predDist=None
  a17 pos=(362,525) age=64 e=478 maxE=500 spd=10/20 hear=50 vis=200/1.25 mode=('elderwait', 0.0, None, 40, 16, 0) fr100=2 tr100=5 predDist=None
  a18 pos=(1409,304) age=46 e=448 maxE=500 spd=10/16 hear=50 vis=200/1.05 mode=('treewait', 0.0, None, 32, 9, 0) fr100=4 tr100=2 predDist=None
  a19 pos=(904,489) age=35 e=436 maxE=500 spd=10/19 hear=50 vis=200/1.05 mode=('treewait', 0.0, None, 20, 9, 0) fr100=9 tr100=4 predDist=None
  a20 pos=(678,688) age=14 e=478 maxE=500 spd=10/20 hear=50 vis=200/1.05 mode=('treewait', 0.0, None, 10, 4, 0) fr100=0 tr100=2 predDist=None
  a21 pos=(1102,140) age=14 e=490 maxE=500 spd=10/26 hear=50 vis=200/1.05 mode=('treewait', 0.0, None, 10, 7, 0) fr100=2 tr100=3 predDist=None
  a22 pos=(1068,148) age=14 e=448 maxE=508 spd=10/26 hear=50 vis=200/1.05 mode=('treewait', 0.0, None, 10, 9, 0) fr100=4 tr100=3 predDist=None
== t=225.0 alive=11 preds=0 trees=72 fruits=159 score=238.8
  a13 pos=(58,285) age=122 e=137 maxE=500 spd=10/20 hear=50 vis=200/1.05 mode=('elderwait', 0.0, None, 8, 6, 0) fr100=0 tr100=0 predDist=None
  a14 pos=(99,232) age=101 e=484 maxE=500 spd=10/20 hear=50 vis=200/1.05 mode=('elderwait', 0.0, None, 5, 11, 0) fr100=0 tr100=1 predDist=None
  a15 pos=(218,450) age=101 e=125 maxE=500 spd=10/20 hear=50 vis=166/1.05 mode=('elderwait', 0.0, None, 20, 10, 0) fr100=5 tr100=3 predDist=None
  a16 pos=(156,275) age=101 e=346 maxE=500 spd=10/20 hear=50 vis=292/0.62 mode=('elderwait', 0.0, None, 20, 12, 0) fr100=0 tr100=1 predDist=None
  a17 pos=(362,525) age=89 e=263 maxE=500 spd=10/20 hear=50 vis=200/1.25 mode=('elderwait', 0.0, None, 41, 16, 0) fr100=8 tr100=4 predDist=None
  a18 pos=(1495,133) age=71 e=434 maxE=500 spd=10/16 hear=50 vis=200/1.05 mode=('fruit', 10, None, 24, 11, 0) fr100=7 tr100=2 predDist=None
  a19 pos=(891,462) age=60 e=488 maxE=500 spd=10/19 hear=50 vis=200/1.05 mode=('treewait', 0.0, None, 24, 9, 0) fr100=13 tr100=4 predDist=None
  a20 pos=(632,739) age=39 e=490 maxE=500 spd=10/20 hear=50 vis=200/1.05 mode=('treewait', 0.0, None, 20, 10, 0) fr100=3 tr100=1 predDist=None
  a21 pos=(1102,140) age=39 e=445 maxE=500 spd=10/26 hear=50 vis=200/1.05 mode=('treewait', 0.0, None, 23, 8, 0) fr100=7 tr100=2 predDist=None
  a22 pos=(1048,210) age=39 e=492 maxE=508 spd=10/26 hear=50 vis=200/1.05 mode=('treewait', 0.0, None, 23, 10, 0) fr100=10 tr100=2 predDist=None
  a23 pos=(278,439) age=9 e=447 maxE=500 spd=10/20 hear=50 vis=200/1.05 mode=('treewait', 0.0, None, 19, 8, 0) fr100=6 tr100=2 predDist=None
== t=250.0 alive=13 preds=0 trees=67 fruits=190 score=265.3
  a14 pos=(99,232) age=126 e=69 maxE=500 spd=10/20 hear=50 vis=200/1.05 mode=('elderwait', 0.0, None, 8, 12, 0) fr100=0 tr100=1 predDist=None
  a16 pos=(156,275) age=126 e=19 maxE=500 spd=10/20 hear=50 vis=292/0.62 mode=('elderwait', 0.0, None, 25, 15, 0) fr100=1 tr100=1 predDist=None
  a17 pos=(302,467) age=114 e=57 maxE=500 spd=10/20 hear=50 vis=200/1.25 mode=('elderwait', 0.0, None, 36, 15, 0) fr100=3 tr100=6 predDist=None
  a18 pos=(1477,117) age=96 e=187 maxE=500 spd=10/16 hear=50 vis=200/1.05 mode=('elderwait', 0.0, None, 17, 9, 0) fr100=4 tr100=1 predDist=None
  a19 pos=(891,462) age=85 e=343 maxE=500 spd=10/19 hear=50 vis=200/1.05 mode=('elderwait', 0.0, None, 31, 7, 0) fr100=6 tr100=1 predDist=None
  a20 pos=(632,739) age=64 e=446 maxE=500 spd=10/20 hear=50 vis=200/1.05 mode=('elderwait', 0.0, None, 33, 10, 0) fr100=6 tr100=2 predDist=None
  a21 pos=(1112,157) age=64 e=459 maxE=500 spd=10/26 hear=50 vis=200/1.05 mode=('elderwait', 0.0, None, 33, 9, 0) fr100=7 tr100=4 predDist=None
  a22 pos=(1048,210) age=64 e=467 maxE=508 spd=10/26 hear=50 vis=200/1.05 mode=('elderwait', 0.0, None, 33, 12, 0) fr100=15 tr100=4 predDist=None
  a23 pos=(327,553) age=34 e=456 maxE=500 spd=10/20 hear=50 vis=200/1.05 mode=('treewait', 0.0, None, 28, 9, 0) fr100=7 tr100=6 predDist=None
  a24 pos=(298,580) age=23 e=450 maxE=500 spd=10/10 hear=50 vis=200/1.09 mode=('treewait', 0.0, None, 24, 15, 0) fr100=6 tr100=5 predDist=None
  a25 pos=(1448,47) age=2 e=184 maxE=500 spd=10/16 hear=50 vis=200/1.05 mode=('river', 10, None, 3, 1, 0) fr100=1 tr100=1 predDist=None
  a26 pos=(939,523) age=2 e=420 maxE=500 spd=7/16 hear=50 vis=200/1.05 mode=('fruit', 6.9, None, 11, 0, 0) fr100=10 tr100=0 predDist=None
  a27 pos=(1528,63) age=2 e=270 maxE=500 spd=15/16 hear=35 vis=200/1.05 mode=('fruit', 14.9, None, 1, 1, 0) fr100=2 tr100=1 predDist=None
== t=275.0 alive=9 preds=0 trees=63 fruits=190 score=291.6
  a19 pos=(891,462) age=110 e=98 maxE=500 spd=10/19 hear=50 vis=200/1.05 mode=('elderwait', 0.0, None, 28, 7, 0) fr100=2 tr100=1 predDist=None
  a20 pos=(632,739) age=89 e=401 maxE=500 spd=10/20 hear=50 vis=200/1.05 mode=('elderwait', 0.0, None, 44, 10, 0) fr100=13 tr100=3 predDist=None
  a21 pos=(1112,157) age=89 e=431 maxE=500 spd=10/26 hear=50 vis=200/1.05 mode=('elderwait', 0.0, None, 37, 8, 0) fr100=6 tr100=4 predDist=None
  a22 pos=(1042,218) age=89 e=411 maxE=508 spd=10/26 hear=50 vis=200/1.05 mode=('elderwait', 0.0, None, 38, 10, 0) fr100=7 tr100=4 predDist=None
  a23 pos=(337,551) age=59 e=482 maxE=500 spd=10/20 hear=50 vis=200/1.05 mode=('treewait', 0.0, None, 44, 13, 0) fr100=7 tr100=2 predDist=None
  a24 pos=(277,614) age=48 e=471 maxE=500 spd=10/10 hear=50 vis=200/1.09 mode=('treewait', 0.0, None, 36, 18, 0) fr100=7 tr100=3 predDist=None
  a25 pos=(1220,322) age=27 e=397 maxE=500 spd=10/16 hear=50 vis=200/1.05 mode=('fruit', 10, None, 11, 7, 0) fr100=7 tr100=1 predDist=None
  a26 pos=(1133,221) age=27 e=494 maxE=500 spd=7/16 hear=50 vis=200/1.05 mode=('treeyield', 0.0, None, 48, 4, 0) fr100=9 tr100=3 predDist=None
  a27 pos=(1487,335) age=27 e=466 maxE=500 spd=15/16 hear=35 vis=200/1.05 mode=('treewait', 0.0, None, 6, 3, 0) fr100=0 tr100=2 predDist=None
== t=300.0 alive=10 preds=0 trees=65 fruits=152 score=318.1
  a20 pos=(632,739) age=114 e=256 maxE=500 spd=10/20 hear=50 vis=200/1.05 mode=('elderwait', 0.0, None, 43, 9, 0) fr100=7 tr100=3 predDist=None
  a21 pos=(1112,164) age=114 e=28 maxE=500 spd=10/26 hear=50 vis=200/1.05 mode=('fruit', 10, None, 29, 8, 0) fr100=1 tr100=2 predDist=None
  a22 pos=(1059,123) age=114 e=378 maxE=508 spd=10/26 hear=50 vis=200/1.05 mode=('elderwait', 0.0, None, 32, 9, 0) fr100=1 tr100=3 predDist=None
  a23 pos=(337,551) age=84 e=437 maxE=500 spd=10/20 hear=50 vis=200/1.05 mode=('elderwait', 0.0, None, 54, 15, 0) fr100=15 tr100=3 predDist=None
  a24 pos=(268,611) age=73 e=475 maxE=500 spd=10/10 hear=50 vis=200/1.09 mode=('elderwait', 0.0, None, 44, 19, 0) fr100=14 tr100=3 predDist=None
  a25 pos=(1016,236) age=52 e=408 maxE=500 spd=10/16 hear=50 vis=200/1.05 mode=('fruit', 10, None, 1, 8, 0) fr100=1 tr100=1 predDist=None
  a26 pos=(1534,357) age=52 e=484 maxE=500 spd=7/16 hear=50 vis=200/1.05 mode=('treewait', 0.0, None, 32, 10, 0) fr100=2 tr100=0 predDist=None
  a27 pos=(1181,495) age=52 e=476 maxE=500 spd=15/16 hear=35 vis=200/1.05 mode=('river', 14.9, None, 4, 8, 0) fr100=0 tr100=0 predDist=None
  a28 pos=(685,733) age=22 e=490 maxE=500 spd=14/20 hear=50 vis=200/1.05 mode=('treewait', 0.0, None, 27, 7, 0) fr100=4 tr100=3 predDist=None
  a29 pos=(912,130) age=11 e=415 maxE=500 spd=10/26 hear=50 vis=200/1.05 mode=('explore', 10, None, 0, 5, 0) fr100=0 tr100=1 predDist=None
== t=325.0 alive=10 preds=0 trees=65 fruits=142 score=344.3
  a23 pos=(337,561) age=109 e=425 maxE=500 spd=10/20 hear=50 vis=200/1.05 mode=('elderwait', 0.0, None, 80, 15, 0) fr100=14 tr100=4 predDist=None
  a24 pos=(258,593) age=98 e=483 maxE=500 spd=10/10 hear=50 vis=200/1.09 mode=('elderwait', 0.0, None, 47, 19, 0) fr100=15 tr100=5 predDist=None
  a25 pos=(1081,200) age=77 e=431 maxE=500 spd=10/16 hear=50 vis=200/1.05 mode=('elderwait', 0.0, None, 8, 13, 0) fr100=0 tr100=2 predDist=None
  a26 pos=(1469,354) age=77 e=495 maxE=500 spd=7/16 hear=50 vis=200/1.05 mode=('elderwait', 0.0, None, 10, 10, 0) fr100=6 tr100=0 predDist=None
  a27 pos=(1337,388) age=77 e=444 maxE=500 spd=15/16 hear=35 vis=200/1.05 mode=('elderwait', 0.0, None, 14, 11, 0) fr100=4 tr100=1 predDist=None
  a28 pos=(685,733) age=47 e=445 maxE=500 spd=14/20 hear=50 vis=200/1.05 mode=('treewait', 0.0, None, 33, 8, 0) fr100=1 tr100=3 predDist=None
  a29 pos=(959,166) age=36 e=319 maxE=500 spd=10/26 hear=50 vis=200/1.05 mode=('treewait', 0.0, None, 0, 8, 0) fr100=0 tr100=3 predDist=None
  a30 pos=(634,757) age=15 e=441 maxE=500 spd=13/20 hear=50 vis=200/1.05 mode=('treewait', 0.0, None, 20, 8, 0) fr100=2 tr100=4 predDist=None
  a31 pos=(1272,171) age=15 e=166 maxE=259 spd=10/26 hear=50 vis=200/1.05 mode=('fruit', 10, None, 2, 8, 0) fr100=2 tr100=3 predDist=None
  a32 pos=(1006,348) age=15 e=26 maxE=508 spd=10/26 hear=50 vis=200/1.05 mode=('river', 10, None, 1, 7, 0) fr100=0 tr100=0 predDist=None
== t=350.0 alive=11 preds=0 trees=53 fruits=142 score=370.5
  a23 pos=(355,597) age=134 e=55 maxE=500 spd=10/20 hear=50 vis=200/1.05 mode=('elderwait', 0.0, None, 76, 11, 0) fr100=3 tr100=4 predDist=None
  a24 pos=(291,603) age=123 e=308 maxE=500 spd=10/10 hear=50 vis=200/1.09 mode=('elderwait', 0.0, None, 48, 14, 0) fr100=10 tr100=4 predDist=None
  a25 pos=(1081,200) age=102 e=386 maxE=500 spd=10/16 hear=50 vis=200/1.05 mode=('elderwait', 0.0, None, 16, 13, 0) fr100=0 tr100=0 predDist=None
  a26 pos=(1469,354) age=102 e=450 maxE=500 spd=7/16 hear=50 vis=200/1.05 mode=('elderwait', 0.0, None, 17, 9, 0) fr100=5 tr100=0 predDist=None
  a27 pos=(1337,388) age=102 e=400 maxE=500 spd=15/16 hear=35 vis=200/1.05 mode=('elderwait', 0.0, None, 15, 10, 0) fr100=5 tr100=0 predDist=None
  a28 pos=(686,774) age=72 e=426 maxE=500 spd=14/20 hear=50 vis=200/1.05 mode=('elderwait', 0.0, None, 25, 8, 0) fr100=2 tr100=4 predDist=None
  a29 pos=(1182,171) age=61 e=461 maxE=500 spd=10/26 hear=50 vis=200/1.05 mode=('treewait', 0.0, None, 8, 6, 0) fr100=1 tr100=1 predDist=None
  a30 pos=(634,810) age=40 e=440 maxE=500 spd=13/20 hear=50 vis=200/1.05 mode=('treewait', 0.0, None, 29, 8, 0) fr100=2 tr100=4 predDist=None
  a31 pos=(1284,174) age=40 e=222 maxE=259 spd=10/26 hear=50 vis=200/1.05 mode=('treewait', 0.0, None, 9, 7, 0) fr100=5 tr100=2 predDist=None
  a32 pos=(908,505) age=40 e=160 maxE=508 spd=10/26 hear=50 vis=200/1.05 mode=('fruit', 10, None, 1, 8, 0) fr100=0 tr100=1 predDist=None
  a33 pos=(505,706) age=10 e=453 maxE=500 spd=10/20 hear=50 vis=200/1.05 mode=('treewait', 0.0, None, 14, 13, 0) fr100=7 tr100=3 predDist=None
== t=375.0 alive=13 preds=0 trees=54 fruits=126 score=397.0
  a25 pos=(1081,200) age=127 e=13 maxE=500 spd=10/16 hear=50 vis=200/1.05 mode=('elderwait', 0.0, None, 20, 10, 0) fr100=1 tr100=0 predDist=None
  a26 pos=(1469,354) age=127 e=280 maxE=500 spd=7/16 hear=50 vis=200/1.05 mode=('elderwait', 0.0, None, 18, 12, 0) fr100=0 tr100=3 predDist=None
  a27 pos=(1337,388) age=127 e=240 maxE=500 spd=15/16 hear=35 vis=200/1.05 mode=('elderwait', 0.0, None, 14, 11, 0) fr100=3 tr100=1 predDist=None
  a28 pos=(611,771) age=97 e=136 maxE=500 spd=14/20 hear=50 vis=200/1.05 mode=('elderwait', 0.0, None, 21, 8, 0) fr100=1 tr100=1 predDist=None
  a29 pos=(1182,171) age=86 e=416 maxE=500 spd=10/26 hear=50 vis=200/1.05 mode=('elderwait', 0.0, None, 15, 4, 0) fr100=0 tr100=0 predDist=None
  a30 pos=(651,829) age=65 e=445 maxE=500 spd=13/20 hear=50 vis=200/1.05 mode=('elderwait', 0.0, None, 27, 9, 0) fr100=4 tr100=2 predDist=None
  a31 pos=(1280,213) age=65 e=213 maxE=259 spd=10/26 hear=50 vis=200/1.05 mode=('elderwait', 0.0, None, 10, 5, 0) fr100=1 tr100=0 predDist=None
  a32 pos=(765,768) age=65 e=472 maxE=508 spd=10/26 hear=50 vis=200/1.05 mode=('elderwait', 0.0, None, 5, 10, 0) fr100=4 tr100=2 predDist=None
  a33 pos=(522,789) age=35 e=461 maxE=500 spd=10/20 hear=50 vis=200/1.05 mode=('treewait', 0.0, None, 15, 16, 0) fr100=0 tr100=4 predDist=None
  a34 pos=(1418,448) age=24 e=445 maxE=500 spd=10/16 hear=50 vis=245/1.05 mode=('treewait', 0.0, None, 22, 11, 0) fr100=3 tr100=0 predDist=None
  a35 pos=(1308,152) age=3 e=201 maxE=500 spd=10/16 hear=50 vis=200/1.05 mode=('fruit', 10, None, 1, 0, 0) fr100=1 tr100=0 predDist=None
  a36 pos=(578,842) age=3 e=220 maxE=500 spd=14/26 hear=50 vis=200/1.15 mode=('fruit', 13.7, None, 3, 6, 0) fr100=0 tr100=0 predDist=None
  a37 pos=(483,751) age=3 e=105 maxE=500 spd=14/21 hear=50 vis=200/1.05 mode=('treewait', 0.0, None, 0, 5, 0) fr100=0 tr100=3 predDist=None
== t=400.0 alive=9 preds=0 trees=69 fruits=125 score=423.0
  a29 pos=(1182,171) age=110 e=371 maxE=500 spd=10/26 hear=50 vis=200/1.05 mode=('elderwait', 0.0, None, 8, 7, 0) fr100=0 tr100=1 predDist=None
  a30 pos=(702,821) age=90 e=378 maxE=500 spd=13/20 hear=50 vis=200/1.05 mode=('elderwait', 0.0, None, 21, 10, 0) fr100=0 tr100=0 predDist=None
  a31 pos=(1280,213) age=90 e=40 maxE=259 spd=10/26 hear=50 vis=200/1.05 mode=('elderwait', 0.0, None, 8, 9, 0) fr100=0 tr100=2 predDist=None
  a32 pos=(765,768) age=90 e=308 maxE=508 spd=10/26 hear=50 vis=200/1.05 mode=('elderwait', 0.0, None, 7, 11, 0) fr100=0 tr100=0 predDist=None
  a33 pos=(691,890) age=60 e=460 maxE=500 spd=10/20 hear=50 vis=200/1.05 mode=('tree', 10, None, 5, 19, 0) fr100=3 tr100=1 predDist=None
  a34 pos=(1329,432) age=49 e=449 maxE=500 spd=10/16 hear=50 vis=245/1.05 mode=('treewait', 0.0, None, 27, 12, 0) fr100=1 tr100=2 predDist=None
  a35 pos=(1469,106) age=28 e=469 maxE=500 spd=10/16 hear=50 vis=200/1.05 mode=('treewait', 0.0, None, 1, 7, 0) fr100=0 tr100=1 predDist=None
  a36 pos=(717,1048) age=28 e=455 maxE=500 spd=14/26 hear=50 vis=200/1.15 mode=('treewait', 0.0, None, 9, 9, 0) fr100=2 tr100=3 predDist=None
  a37 pos=(547,925) age=28 e=132 maxE=500 spd=14/21 hear=50 vis=200/1.05 mode=('fruit', 13.7, None, 3, 6, 0) fr100=0 tr100=0 predDist=None
== t=425.0 alive=9 preds=0 trees=61 fruits=125 score=448.7
  a30 pos=(702,821) age=115 e=79 maxE=500 spd=13/20 hear=50 vis=200/1.05 mode=('elderwait', 0.0, None, 10, 10, 0) fr100=0 tr100=1 predDist=None
  a32 pos=(765,768) age=115 e=8 maxE=508 spd=10/26 hear=50 vis=200/1.05 mode=('elderwait', 0.0, None, 11, 12, 0) fr100=0 tr100=3 predDist=None
  a33 pos=(687,899) age=85 e=406 maxE=500 spd=10/20 hear=50 vis=200/1.05 mode=('elderwait', 0.0, None, 5, 20, 0) fr100=0 tr100=1 predDist=None
  a34 pos=(1433,360) age=74 e=467 maxE=500 spd=10/16 hear=50 vis=245/1.05 mode=('elderwait', 0.0, None, 9, 14, 0) fr100=1 tr100=1 predDist=None
  a35 pos=(1407,259) age=53 e=460 maxE=500 spd=10/16 hear=50 vis=200/1.05 mode=('treewait', 0.0, None, 10, 10, 0) fr100=1 tr100=2 predDist=None
  a36 pos=(745,1050) age=53 e=410 maxE=500 spd=14/26 hear=50 vis=200/1.15 mode=('treewait', 0.0, None, 0, 8, 0) fr100=0 tr100=1 predDist=None
  a37 pos=(695,1005) age=53 e=283 maxE=500 spd=14/21 hear=50 vis=200/1.05 mode=('treewait', 0.0, None, 0, 9, 0) fr100=0 tr100=1 predDist=None
  a38 pos=(1349,299) age=23 e=233 maxE=500 spd=10/26 hear=50 vis=200/1.05 mode=('fruit', 10, None, 1, 7, 0) fr100=1 tr100=3 predDist=None
  a39 pos=(1344,294) age=12 e=106 maxE=500 spd=10/26 hear=50 vis=200/1.05 mode=('fruit', 10, None, 1, 5, 0) fr100=1 tr100=4 predDist=None
== t=450.0 alive=10 preds=0 trees=43 fruits=148 score=474.8
  a33 pos=(741,855) age=110 e=194 maxE=500 spd=10/20 hear=50 vis=200/1.05 mode=('elderwait', 0.0, None, 8, 20, 0) fr100=1 tr100=1 predDist=None
  a34 pos=(1433,360) age=99 e=222 maxE=500 spd=10/16 hear=50 vis=245/1.05 mode=('elderwait', 0.0, None, 15, 12, 0) fr100=0 tr100=0 predDist=None
  a35 pos=(1397,270) age=78 e=313 maxE=500 spd=10/16 hear=50 vis=200/1.05 mode=('elderwait', 0.0, None, 14, 10, 0) fr100=0 tr100=1 predDist=None
  a36 pos=(745,1050) age=78 e=365 maxE=500 spd=14/26 hear=50 vis=200/1.15 mode=('elderwait', 0.0, None, 3, 8, 0) fr100=1 tr100=1 predDist=None
  a37 pos=(526,876) age=78 e=272 maxE=500 spd=14/21 hear=50 vis=200/1.05 mode=('elderwait', 0.0, None, 8, 7, 0) fr100=3 tr100=1 predDist=None
  a38 pos=(1438,107) age=48 e=272 maxE=500 spd=10/26 hear=50 vis=200/1.05 mode=('fruit', 10, None, 1, 7, 0) fr100=0 tr100=0 predDist=None
  a39 pos=(877,476) age=37 e=478 maxE=500 spd=10/26 hear=50 vis=200/1.05 mode=('treewait', 0.0, None, 6, 11, 0) fr100=5 tr100=2 predDist=None
  a40 pos=(1427,157) age=16 e=46 maxE=500 spd=10/16 hear=50 vis=245/1.05 mode=('fruit', 10, None, 1, 4, 0) fr100=0 tr100=1 predDist=None
  a41 pos=(1463,118) age=16 e=103 maxE=500 spd=10/16 hear=50 vis=200/1.05 mode=('fruit', 10, None, 1, 5, 0) fr100=0 tr100=0 predDist=None
  a42 pos=(1278,430) age=16 e=79 maxE=500 spd=10/16 hear=75 vis=245/1.05 mode=('fruit', 10, None, 3, 9, 0) fr100=0 tr100=2 predDist=None
== t=475.0 alive=10 preds=0 trees=42 fruits=119 score=500.4
  a34 pos=(1433,360) age=124 e=58 maxE=500 spd=10/16 hear=50 vis=245/1.05 mode=('elderwait', 0.0, None, 14, 9, 0) fr100=0 tr100=1 predDist=None
  a35 pos=(1397,270) age=103 e=68 maxE=500 spd=10/16 hear=50 vis=200/1.05 mode=('elderwait', 0.0, None, 11, 7, 0) fr100=0 tr100=0 predDist=None
  a36 pos=(745,1050) age=103 e=160 maxE=500 spd=14/26 hear=50 vis=200/1.15 mode=('elderwait', 0.0, None, 6, 10, 0) fr100=1 tr100=2 predDist=None
  a37 pos=(526,876) age=103 e=227 maxE=500 spd=14/21 hear=50 vis=200/1.05 mode=('elderwait', 0.0, None, 8, 11, 0) fr100=0 tr100=0 predDist=None
  a38 pos=(904,150) age=73 e=174 maxE=500 spd=10/26 hear=50 vis=200/1.05 mode=('elderwait', 0.0, None, 3, 9, 0) fr100=2 tr100=2 predDist=None
  a39 pos=(893,512) age=62 e=484 maxE=500 spd=10/26 hear=50 vis=200/1.05 mode=('treewait', 0.0, None, 9, 13, 0) fr100=4 tr100=0 predDist=None
  a41 pos=(1334,289) age=41 e=219 maxE=500 spd=10/16 hear=50 vis=200/1.05 mode=('explore', 10, None, 0, 3, 0) fr100=0 tr100=0 predDist=None
  a43 pos=(1351,193) age=12 e=82 maxE=500 spd=10/16 hear=50 vis=200/1.05 mode=('treewait', 0.0, None, 0, 6, 0) fr100=0 tr100=0 predDist=None
  a44 pos=(1144,538) age=11 e=36 maxE=500 spd=10/16 hear=50 vis=200/1.05 mode=('fruit', 10, None, 2, 5, 0) fr100=1 tr100=3 predDist=None
  a45 pos=(925,151) age=0 e=75 maxE=500 spd=10/26 hear=50 vis=200/1.05 mode=None fr100=2 tr100=3 predDist=None
== t=500.0 alive=8 preds=0 trees=56 fruits=67 score=527.0
  a37 pos=(526,876) age=128 e=47 maxE=500 spd=14/21 hear=50 vis=200/1.05 mode=('elderwait', 0.0, None, 7, 13, 0) fr100=0 tr100=2 predDist=None
  a39 pos=(900,494) age=87 e=113 maxE=500 spd=10/26 hear=50 vis=200/1.05 mode=('elderwait', 0.0, None, 11, 13, 0) fr100=0 tr100=1 predDist=None
  a41 pos=(1027,293) age=66 e=171 maxE=500 spd=10/16 hear=50 vis=200/1.05 mode=('elderwait', 0.0, None, 3, 10, 0) fr100=0 tr100=0 predDist=None
  a43 pos=(1153,281) age=37 e=160 maxE=500 spd=10/16 hear=50 vis=200/1.05 mode=('waitfruit', 0.0, None, 1, 7, 0) fr100=1 tr100=1 predDist=None
  a45 pos=(842,257) age=25 e=325 maxE=500 spd=10/26 hear=50 vis=200/1.05 mode=('river', 10, None, 1, 6, 0) fr100=0 tr100=1 predDist=None
  a46 pos=(248,212) age=25 e=441 maxE=500 spd=10/26 hear=67 vis=200/1.05 mode=('treewait', 0.0, None, 22, 9, 0) fr100=14 tr100=4 predDist=None
  a47 pos=(848,805) age=6 e=396 maxE=500 spd=10/32 hear=50 vis=200/0.76 mode=('fruit', 10, None, 3, 3, 0) fr100=2 tr100=2 predDist=None
  a48 pos=(851,385) age=4 e=115 maxE=500 spd=10/26 hear=50 vis=188/1.05 mode=('treewait', 0.0, None, 0, 2, 0) fr100=0 tr100=2 predDist=None
== t=525.0 alive=6 preds=0 trees=54 fruits=106 score=552.6
  a41 pos=(1027,293) age=91 e=126 maxE=500 spd=10/16 hear=50 vis=200/1.05 mode=('elderwait', 0.0, None, 4, 11, 0) fr100=0 tr100=0 predDist=None
  a43 pos=(1130,294) age=62 e=230 maxE=500 spd=10/16 hear=50 vis=200/1.05 mode=('treewait', 0.0, None, 0, 7, 0) fr100=0 tr100=1 predDist=None
  a45 pos=(902,191) age=50 e=257 maxE=500 spd=10/26 hear=50 vis=200/1.05 mode=('detour', 10, None, 0, 5, 0) fr100=0 tr100=0 predDist=None
  a46 pos=(224,214) age=50 e=455 maxE=500 spd=10/26 hear=67 vis=200/1.05 mode=('treewait', 0.0, None, 14, 13, 0) fr100=7 tr100=4 predDist=None
  a47 pos=(1045,763) age=31 e=444 maxE=500 spd=10/32 hear=50 vis=200/0.76 mode=('treewait', 0.0, None, 19, 4, 0) fr100=3 tr100=2 predDist=None
  a48 pos=(1154,725) age=29 e=201 maxE=500 spd=10/26 hear=50 vis=188/1.05 mode=('fruit', 10, None, 3, 5, 0) fr100=0 tr100=1 predDist=None
== t=550.0 alive=7 preds=0 trees=46 fruits=97 score=579.7
  a45 pos=(849,287) age=75 e=121 maxE=500 spd=10/26 hear=50 vis=200/1.05 mode=('elderwait', 0.0, None, 0, 4, 0) fr100=0 tr100=0 predDist=None
  a46 pos=(259,223) age=75 e=323 maxE=500 spd=10/26 hear=67 vis=200/1.05 mode=('elderwait', 0.0, None, 15, 12, 0) fr100=1 tr100=2 predDist=None
  a47 pos=(1359,1000) age=56 e=487 maxE=500 spd=10/32 hear=50 vis=200/0.76 mode=('treewait', 0.0, None, 9, 6, 0) fr100=4 tr100=1 predDist=None
  a48 pos=(1253,972) age=54 e=425 maxE=500 spd=10/26 hear=50 vis=188/1.05 mode=('fruit', 10, None, 4, 7, 0) fr100=1 tr100=1 predDist=None
  a50 pos=(145,92) age=13 e=475 maxE=500 spd=10/26 hear=85 vis=200/1.05 mode=('treewait', 0.0, None, 2, 4, 0) fr100=0 tr100=1 predDist=None
  a51 pos=(1524,705) age=13 e=292 maxE=500 spd=10/26 hear=50 vis=188/1.05 mode=('fruit', 10, None, 6, 5, 0) fr100=1 tr100=1 predDist=None
  a52 pos=(355,603) age=13 e=675 maxE=733 spd=10/26 hear=67 vis=200/1.05 mode=('treewait', 0.0, None, 13, 13, 0) fr100=7 tr100=3 predDist=None
== t=575.0 alive=8 preds=0 trees=47 fruits=93 score=606.1
  a45 pos=(849,287) age=100 e=76 maxE=500 spd=10/26 hear=50 vis=200/1.05 mode=('elderwait', 0.0, None, 0, 6, 0) fr100=0 tr100=1 predDist=None
  a47 pos=(1359,1000) age=81 e=312 maxE=500 spd=10/32 hear=50 vis=200/0.76 mode=('elderwait', 0.0, None, 7, 9, 0) fr100=0 tr100=1 predDist=None
  a48 pos=(1243,898) age=79 e=380 maxE=500 spd=10/26 hear=50 vis=188/1.05 mode=('elderwait', 0.0, None, 3, 9, 0) fr100=2 tr100=1 predDist=None
  a50 pos=(482,198) age=38 e=468 maxE=500 spd=10/26 hear=85 vis=200/1.05 mode=('treewait', 0.0, None, 15, 7, 0) fr100=5 tr100=3 predDist=None
  a51 pos=(946,1111) age=38 e=405 maxE=500 spd=10/26 hear=50 vis=188/1.05 mode=('explore', 10, None, 0, 5, 0) fr100=0 tr100=0 predDist=None
  a52 pos=(325,604) age=38 e=695 maxE=733 spd=10/26 hear=67 vis=200/1.05 mode=('treewait', 0.0, None, 18, 16, 0) fr100=1 tr100=2 predDist=None
  a53 pos=(337,613) age=19 e=399 maxE=500 spd=10/26 hear=67 vis=200/0.67 mode=('fruit', 10, None, 3, 13, 0) fr100=1 tr100=2 predDist=None
  a54 pos=(122,543) age=17 e=469 maxE=500 spd=10/26 hear=67 vis=200/1.05 mode=('treewait', 0.0, None, 4, 10, 0) fr100=2 tr100=0 predDist=None
== t=600.0 alive=10 preds=0 trees=50 fruits=111 score=632.0
  a47 pos=(1359,1000) age=106 e=35 maxE=500 spd=10/32 hear=50 vis=200/0.76 mode=('elderwait', 0.0, None, 9, 9, 0) fr100=2 tr100=1 predDist=None
  a48 pos=(1243,898) age=104 e=7 maxE=500 spd=10/26 hear=50 vis=188/1.05 mode=('elderwait', 0.0, None, 5, 9, 0) fr100=3 tr100=1 predDist=None
  a50 pos=(539,247) age=63 e=459 maxE=500 spd=10/26 hear=85 vis=200/1.05 mode=('elderwait', 0.0, None, 17, 7, 0) fr100=3 tr100=2 predDist=None
  a51 pos=(948,805) age=63 e=470 maxE=500 spd=10/26 hear=50 vis=188/1.05 mode=('elderwait', 0.0, None, 6, 6, 0) fr100=3 tr100=1 predDist=None
  a52 pos=(246,595) age=63 e=687 maxE=733 spd=10/26 hear=67 vis=200/1.05 mode=('elderwait', 0.0, None, 19, 17, 0) fr100=3 tr100=1 predDist=None
  a53 pos=(424,405) age=44 e=478 maxE=500 spd=10/26 hear=67 vis=200/0.67 mode=('treewait', 0.0, None, 29, 22, 0) fr100=5 tr100=1 predDist=None
  a54 pos=(261,491) age=42 e=441 maxE=500 spd=10/26 hear=67 vis=200/1.05 mode=('treewait', 0.0, None, 16, 14, 0) fr100=5 tr100=3 predDist=None
  a55 pos=(1304,909) age=1 e=94 maxE=500 spd=10/13 hear=39 vis=188/1.57 mode=('fruit', 10, None, 3, 3, 0) fr100=2 tr100=1 predDist=None
  a56 pos=(555,235) age=1 e=182 maxE=500 spd=10/26 hear=85 vis=111/1.39 mode=('fruit', 7.0, None, 4, 2, 0) fr100=3 tr100=2 predDist=None
  a57 pos=(529,266) age=1 e=153 maxE=500 spd=10/26 hear=85 vis=200/1.05 mode=('fruit', 10, None, 9, 3, 0) fr100=4 tr100=2 predDist=None
== t=625.0 alive=10 preds=0 trees=42 fruits=99 score=658.7
  a50 pos=(539,247) age=88 e=368 maxE=500 spd=10/26 hear=85 vis=200/1.05 mode=('elderwait', 0.0, None, 13, 8, 0) fr100=0 tr100=1 predDist=None
  a51 pos=(948,805) age=88 e=225 maxE=500 spd=10/26 hear=50 vis=188/1.05 mode=('elderwait', 0.0, None, 9, 6, 0) fr100=0 tr100=0 predDist=None
  a52 pos=(246,595) age=88 e=642 maxE=733 spd=10/26 hear=67 vis=200/1.05 mode=('elderwait', 0.0, None, 25, 18, 0) fr100=4 tr100=1 predDist=None
  a53 pos=(378,445) age=69 e=435 maxE=500 spd=10/26 hear=67 vis=200/0.67 mode=('elderwait', 0.0, None, 40, 22, 0) fr100=5 tr100=1 predDist=None
  a54 pos=(247,433) age=67 e=482 maxE=500 spd=10/26 hear=67 vis=200/1.05 mode=('elderwait', 0.0, None, 33, 14, 0) fr100=17 tr100=5 predDist=None
  a55 pos=(1448,834) age=26 e=147 maxE=500 spd=10/13 hear=39 vis=188/1.57 mode=('river', 10, None, 2, 0, 0) fr100=2 tr100=0 predDist=None
  a56 pos=(396,178) age=26 e=428 maxE=500 spd=10/26 hear=85 vis=111/1.39 mode=('explore', 10, None, 0, 5, 0) fr100=0 tr100=0 predDist=None
  a57 pos=(299,352) age=26 e=443 maxE=500 spd=10/26 hear=85 vis=200/1.05 mode=('treewait', 0.0, None, 37, 11, 0) fr100=17 tr100=3 predDist=None
  a58 pos=(764,757) age=7 e=347 maxE=500 spd=10/26 hear=50 vis=188/1.05 mode=('treewait', 0.0, None, 0, 3, 0) fr100=1 tr100=1 predDist=None
  a59 pos=(1225,757) age=5 e=326 maxE=500 spd=10/26 hear=50 vis=188/1.05 mode=('fruit', 10, None, 1, 2, 0) fr100=1 tr100=1 predDist=None
== t=650.0 alive=10 preds=0 trees=44 fruits=106 score=684.5
  a50 pos=(539,247) age=113 e=72 maxE=500 spd=10/26 hear=85 vis=200/1.05 mode=('elderwait', 0.0, None, 5, 9, 0) fr100=3 tr100=2 predDist=None
  a51 pos=(948,805) age=113 e=180 maxE=500 spd=10/26 hear=50 vis=188/1.05 mode=('elderwait', 0.0, None, 10, 6, 0) fr100=0 tr100=0 predDist=None
  a52 pos=(246,595) age=113 e=433 maxE=733 spd=10/26 hear=67 vis=200/1.05 mode=('elderwait', 0.0, None, 33, 20, 0) fr100=10 tr100=3 predDist=None
  a53 pos=(368,444) age=94 e=186 maxE=500 spd=10/26 hear=67 vis=200/0.67 mode=('elderwait', 0.0, None, 43, 21, 0) fr100=5 tr100=1 predDist=None
  a54 pos=(247,433) age=92 e=497 maxE=500 spd=10/26 hear=67 vis=200/1.05 mode=('elderwait', 0.0, None, 50, 12, 0) fr100=16 tr100=1 predDist=None
  a55 pos=(361,495) age=51 e=275 maxE=500 spd=10/13 hear=39 vis=188/1.57 mode=('fruit', 10, None, 19, 11, 0) fr100=7 tr100=3 predDist=None
  a56 pos=(411,195) age=51 e=359 maxE=500 spd=10/26 hear=85 vis=111/1.39 mode=('explore', 10, None, 0, 5, 0) fr100=0 tr100=1 predDist=None
  a57 pos=(269,379) age=51 e=463 maxE=500 spd=10/26 hear=85 vis=200/1.05 mode=('treewait', 0.0, None, 47, 12, 0) fr100=14 tr100=0 predDist=None
  a58 pos=(515,730) age=32 e=439 maxE=500 spd=10/26 hear=50 vis=188/1.05 mode=('treewait', 0.0, None, 3, 8, 0) fr100=0 tr100=2 predDist=None
  a59 pos=(1192,731) age=30 e=375 maxE=500 spd=10/26 hear=50 vis=188/1.05 mode=('waitfruit', 0.0, None, 1, 1, 0) fr100=1 tr100=1 predDist=None
== t=675.0 alive=8 preds=0 trees=35 fruits=65 score=711.7
  a54 pos=(287,433) age=117 e=371 maxE=500 spd=10/26 hear=67 vis=200/1.05 mode=('elderwait', 0.0, None, 45, 14, 0) fr100=0 tr100=2 predDist=None
  a55 pos=(320,610) age=76 e=416 maxE=500 spd=10/13 hear=39 vis=188/1.57 mode=('elderwait', 0.0, None, 30, 11, 0) fr100=7 tr100=3 predDist=None
  a56 pos=(253,170) age=76 e=455 maxE=500 spd=10/26 hear=85 vis=111/1.39 mode=('elderwait', 0.0, None, 4, 8, 0) fr100=0 tr100=1 predDist=None
  a57 pos=(275,398) age=76 e=477 maxE=500 spd=10/26 hear=85 vis=200/1.05 mode=('elderwait', 0.0, None, 36, 11, 0) fr100=0 tr100=1 predDist=None
  a58 pos=(459,629) age=57 e=446 maxE=500 spd=10/26 hear=50 vis=188/1.05 mode=('treewait', 0.0, None, 13, 14, 0) fr100=8 tr100=2 predDist=None
  a59 pos=(1226,744) age=55 e=436 maxE=500 spd=10/26 hear=50 vis=188/1.05 mode=('treewait', 0.0, None, 3, 2, 0) fr100=3 tr100=0 predDist=None
  a60 pos=(195,390) age=14 e=688 maxE=733 spd=10/26 hear=67 vis=200/1.05 mode=('treewait', 0.0, None, 11, 7, 0) fr100=0 tr100=1 predDist=None
  a61 pos=(93,301) age=14 e=799 maxE=808 spd=10/26 hear=67 vis=200/1.25 mode=('treewait', 0.0, None, 8, 10, 0) fr100=3 tr100=2 predDist=None
== t=700.0 alive=9 preds=0 trees=39 fruits=75 score=737.8
  a55 pos=(320,610) age=101 e=183 maxE=500 spd=10/13 hear=39 vis=188/1.57 mode=('elderwait', 0.0, None, 44, 13, 0) fr100=3 tr100=2 predDist=None
  a56 pos=(253,170) age=101 e=410 maxE=500 spd=10/26 hear=85 vis=111/1.39 mode=('elderwait', 0.0, None, 4, 9, 0) fr100=0 tr100=1 predDist=None
  a57 pos=(275,398) age=101 e=403 maxE=500 spd=10/26 hear=85 vis=200/1.05 mode=('elderwait', 0.0, None, 41, 12, 0) fr100=1 tr100=2 predDist=None
  a58 pos=(468,624) age=82 e=461 maxE=500 spd=10/26 hear=50 vis=188/1.05 mode=('elderwait', 0.0, None, 25, 16, 0) fr100=1 tr100=1 predDist=None
  a59 pos=(1295,475) age=80 e=407 maxE=500 spd=10/26 hear=50 vis=188/1.05 mode=('elderwait', 0.0, None, 5, 1, 0) fr100=0 tr100=0 predDist=None
  a60 pos=(156,442) age=39 e=684 maxE=733 spd=10/26 hear=67 vis=200/1.05 mode=('treewait', 0.0, None, 16, 6, 0) fr100=1 tr100=1 predDist=None
  a61 pos=(93,301) age=39 e=754 maxE=808 spd=10/26 hear=67 vis=200/1.25 mode=('treewait', 0.0, None, 10, 9, 0) fr100=5 tr100=1 predDist=None
  a62 pos=(353,547) age=20 e=493 maxE=500 spd=10/26 hear=67 vis=200/1.05 mode=('treewait', 0.0, None, 11, 9, 0) fr100=8 tr100=3 predDist=None
  a63 pos=(496,773) age=18 e=459 maxE=500 spd=8/26 hear=67 vis=200/1.05 mode=('treewait', 0.0, None, 11, 15, 0) fr100=2 tr100=3 predDist=None
== t=725.0 alive=10 preds=0 trees=35 fruits=87 score=763.4
  a56 pos=(253,170) age=126 e=234 maxE=500 spd=10/26 hear=85 vis=111/1.39 mode=('elderwait', 0.0, None, 0, 7, 0) fr100=0 tr100=1 predDist=None
  a57 pos=(275,398) age=126 e=75 maxE=500 spd=10/26 hear=85 vis=200/1.05 mode=('elderwait', 0.0, None, 22, 13, 0) fr100=0 tr100=3 predDist=None
  a58 pos=(468,624) age=107 e=53 maxE=500 spd=10/26 hear=50 vis=188/1.05 mode=('elderwait', 0.0, None, 36, 13, 0) fr100=0 tr100=0 predDist=None
  a59 pos=(1295,475) age=105 e=363 maxE=500 spd=10/26 hear=50 vis=188/1.05 mode=('elderwait', 0.0, None, 5, 3, 0) fr100=0 tr100=0 predDist=None
  a60 pos=(235,459) age=64 e=695 maxE=733 spd=10/26 hear=67 vis=200/1.05 mode=('elderwait', 0.0, None, 16, 7, 0) fr100=1 tr100=1 predDist=None
  a61 pos=(102,297) age=64 e=798 maxE=808 spd=10/26 hear=67 vis=200/1.25 mode=('elderwait', 0.0, None, 6, 10, 0) fr100=4 tr100=2 predDist=None
  a62 pos=(348,538) age=45 e=448 maxE=500 spd=10/26 hear=67 vis=200/1.05 mode=('treewait', 0.0, None, 19, 9, 0) fr100=7 tr100=0 predDist=None
  a63 pos=(479,762) age=43 e=473 maxE=500 spd=8/26 hear=67 vis=200/1.05 mode=('treewait', 0.0, None, 16, 15, 0) fr100=5 tr100=3 predDist=None
  a64 pos=(522,683) age=2 e=174 maxE=500 spd=10/26 hear=50 vis=188/1.05 mode=('fruit', 10, None, 7, 3, 0) fr100=5 tr100=2 predDist=None
  a65 pos=(429,496) age=2 e=304 maxE=500 spd=10/26 hear=50 vis=188/1.05 mode=('fruit', 10.0, None, 8, 3, 0) fr100=7 tr100=0 predDist=None
== t=750.0 alive=9 preds=0 trees=33 fruits=76 score=789.8
  a59 pos=(1295,475) age=129 e=197 maxE=500 spd=10/26 hear=50 vis=188/1.05 mode=('elderwait', 0.0, None, 5, 4, 0) fr100=0 tr100=0 predDist=None
  a60 pos=(253,466) age=89 e=327 maxE=733 spd=10/26 hear=67 vis=200/1.05 mode=('elderwait', 0.0, None, 14, 5, 0) fr100=0 tr100=2 predDist=None
  a61 pos=(102,297) age=89 e=580 maxE=808 spd=10/26 hear=67 vis=200/1.25 mode=('elderwait', 0.0, None, 5, 10, 0) fr100=2 tr100=2 predDist=None
  a62 pos=(319,530) age=70 e=461 maxE=500 spd=10/26 hear=67 vis=200/1.05 mode=('elderwait', 0.0, None, 11, 7, 0) fr100=0 tr100=2 predDist=None
  a63 pos=(496,728) age=68 e=479 maxE=500 spd=8/26 hear=67 vis=200/1.05 mode=('elderwait', 0.0, None, 20, 16, 0) fr100=5 tr100=1 predDist=None
  a64 pos=(609,721) age=27 e=461 maxE=500 spd=10/26 hear=50 vis=188/1.05 mode=('treewait', 0.0, None, 17, 7, 0) fr100=9 tr100=4 predDist=None
  a65 pos=(350,466) age=27 e=458 maxE=500 spd=10/26 hear=50 vis=188/1.05 mode=('treewait', 0.0, None, 12, 3, 0) fr100=0 tr100=2 predDist=None
  a66 pos=(566,229) age=8 e=619 maxE=733 spd=10/26 hear=67 vis=200/1.05 mode=('fruit', 10, None, 6, 6, 0) fr100=2 tr100=1 predDist=None
  a67 pos=(252,628) age=6 e=145 maxE=733 spd=10/26 hear=67 vis=200/1.05 mode=('fruit', 10, None, 3, 5, 0) fr100=3 tr100=1 predDist=None
== t=775.0 alive=8 preds=0 trees=32 fruits=78 score=815.6
  a60 pos=(253,466) age=114 e=29 maxE=733 spd=10/26 hear=67 vis=200/1.05 mode=('elderwait', 0.0, None, 8, 6, 0) fr100=0 tr100=0 predDist=None
  a61 pos=(102,297) age=114 e=282 maxE=808 spd=10/26 hear=67 vis=200/1.25 mode=('elderwait', 0.0, None, 7, 11, 0) fr100=4 tr100=2 predDist=None
  a62 pos=(319,530) age=95 e=239 maxE=500 spd=10/26 hear=67 vis=200/1.05 mode=('elderwait', 0.0, None, 7, 6, 0) fr100=0 tr100=1 predDist=None
  a63 pos=(496,728) age=93 e=471 maxE=500 spd=8/26 hear=67 vis=200/1.05 mode=('elderwait', 0.0, None, 20, 17, 0) fr100=3 tr100=2 predDist=None
  a64 pos=(595,735) age=52 e=475 maxE=500 spd=10/26 hear=50 vis=188/1.05 mode=('treewait', 0.0, None, 22, 8, 0) fr100=15 tr100=2 predDist=None
  a65 pos=(451,287) age=52 e=484 maxE=500 spd=10/26 hear=50 vis=188/1.05 mode=('treewait', 0.0, None, 7, 5, 0) fr100=1 tr100=0 predDist=None
  a66 pos=(500,343) age=33 e=715 maxE=733 spd=10/26 hear=67 vis=200/1.05 mode=('tree', 10, None, 10, 5, 0) fr100=1 tr100=0 predDist=None
  a67 pos=(258,699) age=31 e=390 maxE=733 spd=10/26 hear=67 vis=200/1.05 mode=('treewait', 0.0, None, 0, 5, 0) fr100=0 tr100=0 predDist=None
== t=800.0 alive=7 preds=0 trees=33 fruits=55 score=841.3
  a63 pos=(507,738) age=118 e=298 maxE=500 spd=8/26 hear=67 vis=200/1.05 mode=('elderwait', 0.0, None, 23, 15, 0) fr100=1 tr100=2 predDist=None
  a64 pos=(633,695) age=77 e=447 maxE=500 spd=10/26 hear=50 vis=188/1.05 mode=('elderwait', 0.0, None, 28, 4, 0) fr100=10 tr100=2 predDist=None
  a65 pos=(451,287) age=77 e=344 maxE=500 spd=10/26 hear=50 vis=188/1.05 mode=('elderwait', 0.0, None, 6, 6, 0) fr100=1 tr100=0 predDist=None
  a66 pos=(755,114) age=58 e=680 maxE=733 spd=10/26 hear=67 vis=200/1.05 mode=('river', 10, None, 6, 5, 0) fr100=0 tr100=0 predDist=None
  a67 pos=(135,1048) age=56 e=342 maxE=733 spd=10/26 hear=67 vis=200/1.05 mode=('treewait', 0.0, None, 0, 6, 0) fr100=0 tr100=0 predDist=None
  a68 pos=(346,124) age=15 e=480 maxE=808 spd=10/26 hear=79 vis=200/1.25 mode=('treewait', 0.0, None, 0, 4, 0) fr100=1 tr100=2 predDist=None
  a69 pos=(143,1054) age=15 e=59 maxE=500 spd=10/26 hear=50 vis=188/1.05 mode=('treewait', 0.0, None, 0, 2, 0) fr100=0 tr100=0 predDist=None
== t=825.0 alive=8 preds=0 trees=31 fruits=52 score=867.8
  a64 pos=(559,647) age=102 e=161 maxE=500 spd=10/26 hear=50 vis=188/1.05 mode=('elderwait', 0.0, None, 21, 5, 0) fr100=1 tr100=2 predDist=None
  a65 pos=(451,287) age=102 e=75 maxE=500 spd=10/26 hear=50 vis=188/1.05 mode=('elderwait', 0.0, None, 5, 6, 0) fr100=1 tr100=0 predDist=None
  a66 pos=(652,106) age=83 e=602 maxE=733 spd=10/26 hear=67 vis=200/1.05 mode=('elderwait', 0.0, None, 3, 4, 0) fr100=0 tr100=0 predDist=None
  a67 pos=(135,1048) age=81 e=227 maxE=733 spd=10/26 hear=67 vis=200/1.05 mode=('elderwait', 0.0, None, 0, 6, 0) fr100=0 tr100=0 predDist=None
  a68 pos=(349,164) age=40 e=479 maxE=808 spd=10/26 hear=79 vis=200/1.25 mode=('treewait', 0.0, None, 0, 4, 0) fr100=0 tr100=1 predDist=None
  a70 pos=(689,606) age=21 e=371 maxE=407 spd=10/26 hear=50 vis=205/1.05 mode=('treewait', 0.0, None, 9, 4, 0) fr100=0 tr100=1 predDist=None
  a71 pos=(486,808) age=19 e=437 maxE=500 spd=10/26 hear=50 vis=188/1.05 mode=('treewait', 0.0, None, 3, 3, 0) fr100=2 tr100=0 predDist=None
  a72 pos=(1201,765) age=12 e=458 maxE=500 spd=10/26 hear=50 vis=188/1.05 mode=('treewait', 0.0, None, 2, 9, 0) fr100=1 tr100=1 predDist=None
== t=850.0 alive=6 preds=0 trees=39 fruits=57 score=893.5
  a66 pos=(652,106) age=108 e=333 maxE=733 spd=10/26 hear=67 vis=200/1.05 mode=('elderwait', 0.0, None, 0, 4, 0) fr100=1 tr100=0 predDist=None
  a68 pos=(408,339) age=65 e=648 maxE=808 spd=10/26 hear=79 vis=200/1.25 mode=('elderwait', 0.0, None, 3, 9, 0) fr100=0 tr100=1 predDist=None
  a70 pos=(592,744) age=46 e=362 maxE=407 spd=10/26 hear=50 vis=205/1.05 mode=('treewait', 0.0, None, 8, 6, 0) fr100=2 tr100=5 predDist=None
  a71 pos=(499,716) age=44 e=443 maxE=500 spd=10/26 hear=50 vis=188/1.05 mode=('treewait', 0.0, None, 4, 4, 0) fr100=1 tr100=4 predDist=None
  a72 pos=(1023,817) age=37 e=463 maxE=500 spd=10/26 hear=50 vis=188/1.05 mode=('treewait', 0.0, None, 5, 9, 0) fr100=3 tr100=1 predDist=None
  a73 pos=(272,351) age=3 e=181 maxE=808 spd=10/26 hear=100 vis=200/1.25 mode=('fruit', 10, None, 5, 7, 0) fr100=3 tr100=3 predDist=None
== t=875.0 alive=8 preds=0 trees=39 fruits=60 score=920.1
  a68 pos=(408,339) age=90 e=370 maxE=808 spd=10/26 hear=79 vis=200/1.25 mode=('elderwait', 0.0, None, 6, 11, 0) fr100=0 tr100=1 predDist=None
  a70 pos=(607,678) age=71 e=273 maxE=407 spd=10/26 hear=50 vis=205/1.05 mode=('fruit', 10, None, 13, 8, 0) fr100=5 tr100=4 predDist=None
  a71 pos=(562,693) age=69 e=467 maxE=500 spd=10/26 hear=50 vis=188/1.05 mode=('elderwait', 0.0, None, 13, 6, 0) fr100=8 tr100=6 predDist=None
  a72 pos=(923,896) age=62 e=459 maxE=500 spd=10/26 hear=50 vis=188/1.05 mode=('elderwait', 0.0, None, 5, 10, 0) fr100=1 tr100=1 predDist=None
  a73 pos=(275,345) age=28 e=636 maxE=808 spd=10/26 hear=100 vis=200/1.25 mode=('treewait', 0.0, None, 1, 9, 0) fr100=0 tr100=2 predDist=None
  a74 pos=(264,332) age=9 e=355 maxE=808 spd=8/26 hear=79 vis=274/1.25 mode=('tree', 8.3, None, 0, 10, 0) fr100=0 tr100=2 predDist=None
  a75 pos=(709,350) age=7 e=471 maxE=808 spd=10/26 hear=79 vis=200/1.25 mode=('detour', 10, None, 1, 3, 0) fr100=0 tr100=0 predDist=None
  a76 pos=(628,678) age=0 e=123 maxE=407 spd=10/26 hear=50 vis=205/1.05 mode=('fruit', 10, None, 2, 2, 0) fr100=5 tr100=4 predDist=None
== t=900.0 alive=8 preds=0 trees=34 fruits=69 score=946.4
  a68 pos=(408,339) age=115 e=69 maxE=808 spd=10/26 hear=79 vis=200/1.25 mode=('elderwait', 0.0, None, 15, 10, 0) fr100=0 tr100=1 predDist=None
  a70 pos=(628,690) age=96 e=376 maxE=407 spd=10/26 hear=50 vis=205/1.05 mode=('elderwait', 0.0, None, 18, 7, 0) fr100=3 tr100=1 predDist=None
  a71 pos=(562,693) age=94 e=462 maxE=500 spd=10/26 hear=50 vis=188/1.05 mode=('elderwait', 0.0, None, 16, 6, 0) fr100=3 tr100=3 predDist=None
  a72 pos=(924,912) age=87 e=449 maxE=500 spd=10/26 hear=50 vis=188/1.05 mode=('elderwait', 0.0, None, 9, 12, 0) fr100=3 tr100=2 predDist=None
  a73 pos=(142,462) age=53 e=797 maxE=808 spd=10/26 hear=100 vis=200/1.25 mode=('treewait', 0.0, None, 4, 12, 0) fr100=2 tr100=2 predDist=None
  a74 pos=(120,255) age=34 e=380 maxE=808 spd=8/26 hear=79 vis=274/1.25 mode=('waitfruit', 0.0, None, 6, 10, 0) fr100=6 tr100=3 predDist=None
  a75 pos=(448,131) age=32 e=671 maxE=808 spd=10/26 hear=79 vis=200/1.25 mode=('treewait', 0.0, None, 2, 6, 0) fr100=0 tr100=1 predDist=None
  a76 pos=(585,735) age=25 e=389 maxE=407 spd=10/26 hear=50 vis=205/1.05 mode=('treewait', 0.0, None, 12, 8, 0) fr100=3 tr100=2 predDist=None
== t=925.0 alive=8 preds=0 trees=29 fruits=63 score=972.7
  a70 pos=(628,690) age=121 e=62 maxE=407 spd=10/26 hear=50 vis=205/1.05 mode=('elderwait', 0.0, None, 17, 4, 0) fr100=1 tr100=0 predDist=None
  a71 pos=(550,667) age=119 e=397 maxE=500 spd=10/26 hear=50 vis=188/1.05 mode=('elderwait', 0.0, None, 13, 3, 0) fr100=2 tr100=0 predDist=None
  a72 pos=(910,920) age=112 e=471 maxE=500 spd=10/26 hear=50 vis=188/1.05 mode=('elderwait', 0.0, None, 11, 12, 0) fr100=3 tr100=2 predDist=None
  a73 pos=(142,462) age=78 e=752 maxE=808 spd=10/26 hear=100 vis=200/1.25 mode=('elderwait', 0.0, None, 5, 12, 0) fr100=3 tr100=1 predDist=None
  a74 pos=(135,284) age=59 e=792 maxE=808 spd=8/26 hear=79 vis=274/1.25 mode=('treewait', 0.0, None, 6, 12, 0) fr100=3 tr100=2 predDist=None
  a75 pos=(555,350) age=57 e=758 maxE=808 spd=10/26 hear=79 vis=200/1.25 mode=('treewait', 0.0, None, 4, 5, 0) fr100=3 tr100=1 predDist=None
  a76 pos=(551,693) age=50 e=381 maxE=407 spd=10/26 hear=50 vis=205/1.05 mode=('treewait', 0.0, None, 14, 7, 0) fr100=3 tr100=0 predDist=None
  a77 pos=(879,498) age=16 e=365 maxE=407 spd=10/26 hear=50 vis=225/1.05 mode=('treewait', 0.0, None, 17, 2, 0) fr100=7 tr100=2 predDist=None
== t=950.0 alive=9 preds=0 trees=28 fruits=52 score=999.2
  a72 pos=(896,910) age=137 e=29 maxE=500 spd=10/26 hear=50 vis=188/1.05 mode=('elderwait', 0.0, None, 9, 7, 0) fr100=0 tr100=0 predDist=None
  a73 pos=(186,512) age=103 e=636 maxE=808 spd=10/26 hear=100 vis=200/1.25 mode=('elderwait', 0.0, None, 9, 13, 0) fr100=5 tr100=0 predDist=None
  a74 pos=(135,284) age=84 e=748 maxE=808 spd=8/26 hear=79 vis=274/1.25 mode=('elderwait', 0.0, None, 10, 12, 0) fr100=5 tr100=1 predDist=None
  a75 pos=(550,359) age=82 e=651 maxE=808 spd=10/26 hear=79 vis=200/1.25 mode=('elderwait', 0.0, None, 3, 7, 0) fr100=1 tr100=0 predDist=None
  a76 pos=(436,727) age=75 e=330 maxE=407 spd=10/26 hear=50 vis=205/1.05 mode=('elderwait', 0.0, None, 12, 5, 0) fr100=0 tr100=0 predDist=None
  a77 pos=(894,485) age=41 e=379 maxE=407 spd=10/26 hear=50 vis=225/1.05 mode=('treewait', 0.0, None, 17, 3, 0) fr100=6 tr100=0 predDist=None
  a78 pos=(332,516) age=22 e=461 maxE=500 spd=10/26 hear=50 vis=188/1.05 mode=('treewait', 0.0, None, 8, 7, 0) fr100=1 tr100=2 predDist=None
  a79 pos=(347,668) age=20 e=449 maxE=500 spd=10/26 hear=50 vis=188/1.05 mode=('treewait', 0.0, None, 2, 7, 0) fr100=0 tr100=2 predDist=None
  a80 pos=(1276,1127) age=13 e=441 maxE=500 spd=10/26 hear=68 vis=188/1.05 mode=('explore', 10, None, 5, 1, 0) fr100=0 tr100=0 predDist=None
== t=975.0 alive=9 preds=0 trees=32 fruits=42 score=1024.8
  a73 pos=(186,512) age=128 e=204 maxE=808 spd=10/26 hear=100 vis=200/1.25 mode=('elderwait', 0.0, None, 6, 12, 0) fr100=0 tr100=2 predDist=None
  a74 pos=(130,249) age=109 e=669 maxE=808 spd=8/26 hear=79 vis=274/1.25 mode=('elderwait', 0.0, None, 8, 11, 0) fr100=5 tr100=1 predDist=None
  a75 pos=(550,359) age=107 e=370 maxE=808 spd=10/26 hear=79 vis=200/1.25 mode=('elderwait', 0.0, None, 5, 8, 0) fr100=1 tr100=1 predDist=None
  a76 pos=(436,727) age=100 e=91 maxE=407 spd=10/26 hear=50 vis=205/1.05 mode=('elderwait', 0.0, None, 5, 6, 0) fr100=0 tr100=1 predDist=None
  a77 pos=(929,455) age=66 e=389 maxE=407 spd=10/26 hear=50 vis=225/1.05 mode=('elderwait', 0.0, None, 6, 4, 0) fr100=1 tr100=2 predDist=None
  a78 pos=(145,550) age=47 e=457 maxE=500 spd=10/26 hear=50 vis=188/1.05 mode=('treewait', 0.0, None, 7, 8, 0) fr100=0 tr100=1 predDist=None
  a79 pos=(393,394) age=45 e=442 maxE=500 spd=10/26 hear=50 vis=188/1.05 mode=('treewait', 0.0, None, 4, 7, 0) fr100=1 tr100=2 predDist=None
  a80 pos=(1513,880) age=38 e=282 maxE=500 spd=10/26 hear=68 vis=188/1.05 mode=('river', 10, None, 5, 2, 0) fr100=0 tr100=0 predDist=None
  a81 pos=(49,430) age=4 e=340 maxE=808 spd=10/21 hear=100 vis=200/1.57 mode=('treewait', 0.0, None, 0, 3, 0) fr100=0 tr100=1 predDist=None
== t=1000.0 alive=10 preds=0 trees=27 fruits=37 score=1051.1
  a74 pos=(130,249) age=134 e=22 maxE=808 spd=8/26 hear=79 vis=274/1.25 mode=('elderwait', 0.0, None, 10, 8, 0) fr100=0 tr100=0 predDist=None
  a75 pos=(550,359) age=132 e=27 maxE=808 spd=10/26 hear=79 vis=200/1.25 mode=('elderwait', 0.0, None, 8, 6, 0) fr100=0 tr100=1 predDist=None
  a77 pos=(929,455) age=91 e=345 maxE=407 spd=10/26 hear=50 vis=225/1.05 mode=('elderwait', 0.0, None, 7, 5, 0) fr100=2 tr100=2 predDist=None
  a78 pos=(127,545) age=72 e=428 maxE=500 spd=10/26 hear=50 vis=188/1.05 mode=('elderwait', 0.0, None, 4, 9, 0) fr100=1 tr100=1 predDist=None
  a79 pos=(414,322) age=70 e=431 maxE=500 spd=10/26 hear=50 vis=188/1.05 mode=('elderwait', 0.0, None, 3, 8, 0) fr100=0 tr100=0 predDist=None
  a80 pos=(1471,679) age=63 e=124 maxE=500 spd=10/26 hear=68 vis=188/1.05 mode=('river', 10, None, 0, 1, 0) fr100=0 tr100=0 predDist=None
  a81 pos=(643,937) age=29 e=756 maxE=808 spd=10/21 hear=100 vis=200/1.57 mode=('treewait', 0.0, None, 9, 12, 0) fr100=5 tr100=0 predDist=None
  a82 pos=(546,325) age=10 e=485 maxE=808 spd=8/26 hear=100 vis=274/1.25 mode=('fruit', 8.3, None, 6, 6, 0) fr100=0 tr100=1 predDist=None
  a83 pos=(426,106) age=8 e=311 maxE=808 spd=8/38 hear=79 vis=274/1.25 mode=('fruit', 8.3, None, 3, 4, 0) fr100=0 tr100=1 predDist=None
  a84 pos=(194,313) age=1 e=69 maxE=808 spd=8/26 hear=79 vis=274/1.25 mode=('fruit', 8.3, None, 1, 4, 0) fr100=0 tr100=1 predDist=None
== t=1025.0 alive=7 preds=0 trees=26 fruits=35 score=1077.5
  a77 pos=(955,228) age=116 e=227 maxE=407 spd=10/26 hear=50 vis=225/1.05 mode=('elderwait', 0.0, None, 8, 4, 0) fr100=1 tr100=0 predDist=None
  a78 pos=(127,545) age=97 e=383 maxE=500 spd=10/26 hear=50 vis=188/1.05 mode=('elderwait', 0.0, None, 9, 10, 0) fr100=0 tr100=0 predDist=None
  a79 pos=(414,322) age=95 e=289 maxE=500 spd=10/26 hear=50 vis=188/1.05 mode=('elderwait', 0.0, None, 3, 8, 0) fr100=0 tr100=0 predDist=None
  a81 pos=(649,945) age=54 e=770 maxE=808 spd=10/21 hear=100 vis=200/1.57 mode=('treewait', 0.0, None, 10, 13, 0) fr100=1 tr100=1 predDist=None
  a82 pos=(258,558) age=35 e=760 maxE=808 spd=8/26 hear=100 vis=274/1.25 mode=('treewait', 0.0, None, 6, 12, 0) fr100=2 tr100=2 predDist=None
  a83 pos=(608,332) age=33 e=271 maxE=808 spd=8/38 hear=79 vis=274/1.25 mode=('waitfruit', 0.0, None, 3, 6, 0) fr100=3 tr100=1 predDist=None
  a84 pos=(686,960) age=26 e=743 maxE=808 spd=8/26 hear=79 vis=274/1.25 mode=('treewait', 0.0, None, 8, 13, 0) fr100=1 tr100=2 predDist=None
== t=1050.0 alive=6 preds=0 trees=28 fruits=36 score=1103.4
  a78 pos=(127,545) age=122 e=175 maxE=500 spd=10/26 hear=50 vis=188/1.05 mode=('elderwait', 0.0, None, 9, 10, 0) fr100=0 tr100=0 predDist=None
  a81 pos=(689,948) age=79 e=657 maxE=808 spd=10/21 hear=100 vis=200/1.57 mode=('elderwait', 0.0, None, 13, 19, 0) fr100=6 tr100=4 predDist=None
  a82 pos=(649,676) age=60 e=767 maxE=808 spd=8/26 hear=100 vis=274/1.25 mode=('treewait', 0.0, None, 12, 18, 0) fr100=0 tr100=1 predDist=None
  a83 pos=(676,533) age=58 e=798 maxE=808 spd=8/38 hear=79 vis=274/1.25 mode=('treewait', 0.0, None, 12, 19, 0) fr100=3 tr100=0 predDist=None
  a84 pos=(727,967) age=51 e=754 maxE=808 spd=8/26 hear=79 vis=274/1.25 mode=('treewait', 0.0, None, 13, 15, 0) fr100=6 tr100=3 predDist=None
  a85 pos=(107,278) age=17 e=117 maxE=500 spd=10/26 hear=50 vis=188/1.05 mode=('treewait', 0.0, None, 0, 3, 0) fr100=0 tr100=1 predDist=None
== t=1075.0 alive=8 preds=0 trees=26 fruits=23 score=1129.9
  a81 pos=(687,939) age=104 e=184 maxE=808 spd=10/21 hear=100 vis=200/1.57 mode=('elderwait', 0.0, None, 4, 19, 0) fr100=0 tr100=2 predDist=None
  a82 pos=(649,676) age=85 e=586 maxE=808 spd=8/26 hear=100 vis=274/1.25 mode=('elderwait', 0.0, None, 16, 19, 0) fr100=0 tr100=1 predDist=None
  a83 pos=(679,480) age=83 e=712 maxE=808 spd=8/38 hear=79 vis=274/1.25 mode=('elderwait', 0.0, None, 9, 20, 0) fr100=1 tr100=0 predDist=None
  a84 pos=(644,822) age=76 e=692 maxE=808 spd=8/26 hear=79 vis=274/1.25 mode=('elderwait', 0.0, None, 5, 13, 0) fr100=0 tr100=1 predDist=None
  a85 pos=(614,286) age=42 e=387 maxE=500 spd=10/26 hear=50 vis=188/1.05 mode=('treewait', 0.0, None, 0, 7, 0) fr100=0 tr100=0 predDist=None
  a86 pos=(270,533) age=23 e=437 maxE=500 spd=10/26 hear=50 vis=212/1.05 mode=('treewait', 0.0, None, 3, 5, 0) fr100=2 tr100=1 predDist=None
  a87 pos=(700,899) age=21 e=360 maxE=808 spd=10/21 hear=100 vis=200/1.57 mode=('waitfruit', 0.0, None, 1, 3, 0) fr100=0 tr100=2 predDist=None
  a88 pos=(707,893) age=14 e=145 maxE=808 spd=10/21 hear=100 vis=200/1.57 mode=('fruit', 10, None, 1, 3, 0) fr100=0 tr100=2 predDist=None
== t=1100.0 alive=8 preds=0 trees=21 fruits=43 score=1155.4
  a82 pos=(649,676) age=110 e=198 maxE=808 spd=8/26 hear=100 vis=274/1.25 mode=('elderwait', 0.0, None, 11, 21, 0) fr100=1 tr100=1 predDist=None
  a83 pos=(679,480) age=108 e=429 maxE=808 spd=8/38 hear=79 vis=274/1.25 mode=('elderwait', 0.0, None, 6, 20, 0) fr100=0 tr100=0 predDist=None
  a84 pos=(644,822) age=101 e=463 maxE=808 spd=8/26 hear=79 vis=274/1.25 mode=('elderwait', 0.0, None, 10, 13, 0) fr100=0 tr100=0 predDist=None
  a85 pos=(415,530) age=67 e=408 maxE=500 spd=10/26 hear=50 vis=188/1.05 mode=('elderwait', 0.0, None, 6, 6, 0) fr100=0 tr100=1 predDist=None
  a86 pos=(291,562) age=48 e=461 maxE=500 spd=10/26 hear=50 vis=212/1.05 mode=('treewait', 0.0, None, 10, 3, 0) fr100=3 tr100=0 predDist=None
  a87 pos=(642,807) age=46 e=305 maxE=808 spd=10/21 hear=100 vis=200/1.57 mode=('fruit', 10, None, 1, 4, 0) fr100=0 tr100=0 predDist=None
  a88 pos=(698,915) age=39 e=139 maxE=808 spd=10/21 hear=100 vis=200/1.57 mode=('treewait', 0.0, None, 0, 4, 0) fr100=0 tr100=1 predDist=None
  a89 pos=(314,667) age=5 e=284 maxE=808 spd=8/26 hear=100 vis=274/1.25 mode=('fruit', 8.3, None, 3, 2, 0) fr100=1 tr100=0 predDist=None
== t=1125.0 alive=9 preds=0 trees=24 fruits=37 score=1181.2
  a83 pos=(679,480) age=133 e=85 maxE=808 spd=8/38 hear=79 vis=274/1.25 mode=('elderwait', 0.0, None, 6, 19, 0) fr100=0 tr100=0 predDist=None
  a85 pos=(415,530) age=92 e=65 maxE=500 spd=10/26 hear=50 vis=188/1.05 mode=('elderwait', 0.0, None, 6, 11, 0) fr100=0 tr100=2 predDist=None
  a86 pos=(538,284) age=73 e=417 maxE=500 spd=10/26 hear=50 vis=212/1.05 mode=('elderwait', 0.0, None, 6, 4, 0) fr100=0 tr100=1 predDist=None
  a87 pos=(613,626) age=71 e=298 maxE=808 spd=10/21 hear=100 vis=200/1.57 mode=('elderwait', 0.0, None, 0, 6, 0) fr100=0 tr100=0 predDist=None
  a88 pos=(639,947) age=64 e=163 maxE=808 spd=10/21 hear=100 vis=200/1.57 mode=('elderwait', 0.0, None, 0, 2, 0) fr100=0 tr100=1 predDist=None
  a89 pos=(395,115) age=30 e=796 maxE=808 spd=8/26 hear=100 vis=274/1.25 mode=('treewait', 0.0, None, 5, 9, 0) fr100=2 tr100=1 predDist=None
  a90 pos=(274,918) age=11 e=14 maxE=808 spd=8/26 hear=79 vis=274/1.25 mode=('explore', 8.3, None, 0, 1, 0) fr100=0 tr100=0 predDist=None
  a91 pos=(1043,1125) age=9 e=26 maxE=808 spd=8/26 hear=79 vis=274/1.25 mode=('explore', 8.3, None, 0, 1, 0) fr100=0 tr100=0 predDist=None
  a92 pos=(264,663) age=2 e=62 maxE=500 spd=10/33 hear=50 vis=125/1.05 mode=('explore', 9.5, None, 0, 3, 0) fr100=0 tr100=1 predDist=None
== t=1150.0 alive=7 preds=0 trees=21 fruits=39 score=1206.7
  a86 pos=(538,284) age=98 e=63 maxE=500 spd=10/26 hear=50 vis=212/1.05 mode=('elderwait', 0.0, None, 4, 6, 0) fr100=0 tr100=1 predDist=None
  a87 pos=(613,626) age=96 e=254 maxE=808 spd=10/21 hear=100 vis=200/1.57 mode=('elderwait', 0.0, None, 2, 6, 0) fr100=0 tr100=0 predDist=None
  a88 pos=(639,947) age=89 e=118 maxE=808 spd=10/21 hear=100 vis=200/1.57 mode=('elderwait', 0.0, None, 4, 2, 0) fr100=4 tr100=0 predDist=None
  a89 pos=(409,145) age=55 e=749 maxE=808 spd=8/26 hear=100 vis=274/1.25 mode=('treewait', 0.0, None, 5, 10, 0) fr100=0 tr100=0 predDist=None
  a93 pos=(493,220) age=22 e=299 maxE=500 spd=10/26 hear=33 vis=212/1.05 mode=('treewait', 0.0, None, 0, 4, 0) fr100=0 tr100=1 predDist=None
  a94 pos=(252,471) age=20 e=164 maxE=500 spd=10/26 hear=50 vis=212/1.05 mode=('fruit', 5.4, None, 1, 12, 0) fr100=0 tr100=3 predDist=None
  a95 pos=(559,451) age=5 e=42 maxE=500 spd=10/26 hear=50 vis=212/1.05 mode=('explore', 9.5, None, 0, 1, 0) fr100=0 tr100=1 predDist=None
== t=1175.0 alive=6 preds=0 trees=16 fruits=39 score=1232.4
  a87 pos=(613,626) age=121 e=132 maxE=808 spd=10/21 hear=100 vis=200/1.57 mode=('elderwait', 0.0, None, 4, 7, 0) fr100=0 tr100=0 predDist=None
  a89 pos=(275,315) age=80 e=521 maxE=808 spd=8/26 hear=100 vis=274/1.25 mode=('elderwait', 0.0, None, 7, 11, 0) fr100=0 tr100=1 predDist=None
  a93 pos=(42,314) age=47 e=294 maxE=500 spd=10/26 hear=33 vis=212/1.05 mode=('treewait', 0.0, None, 0, 4, 0) fr100=0 tr100=0 predDist=None
  a94 pos=(315,287) age=45 e=214 maxE=500 spd=10/26 hear=50 vis=212/1.05 mode=('treewait', 0.0, None, 0, 9, 0) fr100=0 tr100=1 predDist=None
  a95 pos=(433,593) age=30 e=173 maxE=500 spd=10/26 hear=50 vis=212/1.05 mode=('treewait', 0.0, None, 0, 5, 0) fr100=0 tr100=3 predDist=None
  a96 pos=(146,282) age=18 e=132 maxE=808 spd=8/26 hear=100 vis=274/1.25 mode=('tree', 8.3, None, 0, 4, 0) fr100=0 tr100=0 predDist=None
== t=1200.0 alive=6 preds=0 trees=23 fruits=32 score=1257.7
  a89 pos=(272,323) age=105 e=146 maxE=808 spd=8/26 hear=100 vis=274/1.25 mode=('elderwait', 0.0, None, 6, 12, 0) fr100=0 tr100=0 predDist=None
  a93 pos=(377,148) age=72 e=321 maxE=500 spd=10/26 hear=33 vis=212/1.05 mode=('elderwait', 0.0, None, 2, 6, 0) fr100=1 tr100=3 predDist=None
  a94 pos=(286,289) age=70 e=165 maxE=500 spd=10/26 hear=50 vis=212/1.05 mode=('elderwait', 0.0, None, 0, 9, 0) fr100=0 tr100=0 predDist=None
  a95 pos=(379,615) age=55 e=160 maxE=500 spd=10/26 hear=50 vis=212/1.05 mode=('treewait', 0.0, None, 0, 3, 0) fr100=0 tr100=1 predDist=None
  a96 pos=(396,181) age=43 e=151 maxE=808 spd=8/26 hear=100 vis=274/1.25 mode=('fruit', 8.3, None, 1, 6, 0) fr100=1 tr100=3 predDist=None
  a97 pos=(391,605) age=8 e=153 maxE=808 spd=8/26 hear=100 vis=274/1.25 mode=('treewait', 0.0, None, 0, 2, 0) fr100=0 tr100=2 predDist=None
== t=1225.0 alive=6 preds=0 trees=24 fruits=27 score=1283.3
  a93 pos=(389,176) age=97 e=249 maxE=500 spd=10/26 hear=33 vis=212/1.05 mode=('elderwait', 0.0, None, 4, 5, 0) fr100=0 tr100=2 predDist=None
  a95 pos=(653,512) age=80 e=14 maxE=500 spd=10/26 hear=50 vis=212/1.05 mode=('elderwait', 0.0, None, 1, 1, 0) fr100=0 tr100=0 predDist=None
  a96 pos=(363,148) age=68 e=78 maxE=808 spd=8/26 hear=100 vis=274/1.25 mode=('elderwait', 0.0, None, 0, 6, 0) fr100=0 tr100=2 predDist=None
  a97 pos=(576,371) age=33 e=222 maxE=808 spd=8/26 hear=100 vis=274/1.25 mode=('tree', 8.3, None, 0, 2, 0) fr100=0 tr100=1 predDist=None
  a99 pos=(941,826) age=6 e=167 maxE=500 spd=10/26 hear=50 vis=212/1.05 mode=('fruit', 9.5, None, 3, 4, 0) fr100=0 tr100=3 predDist=None
  a100 pos=(387,63) age=6 e=124 maxE=808 spd=8/26 hear=100 vis=274/1.25 mode=('treewait', 0.0, None, 0, 2, 0) fr100=0 tr100=1 predDist=None
== t=1250.0 alive=3 preds=0 trees=21 fruits=36 score=1308.9
  a97 pos=(585,319) age=58 e=285 maxE=808 spd=8/26 hear=100 vis=274/1.25 mode=('treewait', 0.0, None, 0, 6, 0) fr100=0 tr100=2 predDist=None
  a99 pos=(942,869) age=31 e=443 maxE=500 spd=10/26 hear=50 vis=212/1.05 mode=('treewait', 0.0, None, 0, 3, 0) fr100=0 tr100=2 predDist=None
  a100 pos=(562,337) age=31 e=134 maxE=808 spd=8/26 hear=100 vis=274/1.25 mode=('treewait', 0.0, None, 0, 6, 0) fr100=0 tr100=2 predDist=None
== t=1275.0 alive=4 preds=0 trees=21 fruits=45 score=1334.1
  a97 pos=(526,365) age=83 e=112 maxE=808 spd=8/26 hear=100 vis=274/1.25 mode=('elderwait', 0.0, None, 3, 10, 0) fr100=0 tr100=1 predDist=None
  a99 pos=(912,801) age=56 e=416 maxE=500 spd=10/26 hear=50 vis=212/1.05 mode=('treewait', 0.0, None, 0, 2, 0) fr100=0 tr100=1 predDist=None
  a100 pos=(330,520) age=56 e=83 maxE=808 spd=8/26 hear=100 vis=274/1.25 mode=('treewait', 0.0, None, 0, 9, 0) fr100=0 tr100=2 predDist=None
  a101 pos=(360,526) age=21 e=81 maxE=808 spd=8/26 hear=100 vis=274/1.25 mode=('treewait', 0.0, None, 0, 9, 0) fr100=0 tr100=2 predDist=None
== t=1300.0 alive=5 preds=0 trees=20 fruits=31 score=1359.6
  a99 pos=(921,806) age=81 e=12 maxE=500 spd=10/26 hear=50 vis=212/1.05 mode=('elderwait', 0.0, None, 2, 2, 0) fr100=0 tr100=0 predDist=None
  a100 pos=(303,503) age=81 e=91 maxE=808 spd=8/26 hear=100 vis=274/1.25 mode=('elderwait', 0.0, None, 0, 10, 0) fr100=0 tr100=1 predDist=None
  a101 pos=(278,404) age=46 e=354 maxE=808 spd=8/26 hear=100 vis=274/1.25 mode=('treewait', 0.0, None, 0, 10, 0) fr100=0 tr100=1 predDist=None
  a104 pos=(1052,761) age=8 e=98 maxE=500 spd=10/26 hear=50 vis=212/1.05 mode=('treewait', 0.0, None, 0, 2, 0) fr100=0 tr100=1 predDist=None
  a105 pos=(1110,1130) age=7 e=35 maxE=500 spd=10/26 hear=50 vis=212/1.05 mode=('explore', 9.5, None, 0, 0, 0) fr100=0 tr100=0 predDist=None
== t=1325.0 alive=5 preds=0 trees=16 fruits=30 score=1385.2
  a100 pos=(293,506) age=106 e=45 maxE=808 spd=8/26 hear=100 vis=274/1.25 mode=('elderwait', 0.0, None, 4, 10, 0) fr100=0 tr100=0 predDist=None
  a101 pos=(201,434) age=71 e=37 maxE=808 spd=8/26 hear=100 vis=274/1.25 mode=('elderwait', 0.0, None, 2, 9, 0) fr100=1 tr100=1 predDist=None
  a106 pos=(744,855) age=19 e=401 maxE=808 spd=8/26 hear=100 vis=274/1.25 mode=('waitfruit', 8.3, None, 2, 12, 0) fr100=2 tr100=3 predDist=None
  a107 pos=(152,481) age=9 e=135 maxE=808 spd=8/26 hear=100 vis=274/1.25 mode=('fruit', 8.3, None, 1, 2, 0) fr100=1 tr100=1 predDist=None
  a108 pos=(211,338) age=4 e=55 maxE=808 spd=8/26 hear=100 vis=274/1.25 mode=('explore', 8.3, None, 0, 2, 0) fr100=0 tr100=0 predDist=None
== t=1350.0 alive=3 preds=0 trees=18 fruits=26 score=1411.0
  a106 pos=(672,731) age=44 e=374 maxE=808 spd=8/26 hear=100 vis=274/1.25 mode=('tree', 8.3, None, 3, 9, 0) fr100=0 tr100=0 predDist=None
  a107 pos=(65,150) age=34 e=505 maxE=808 spd=8/26 hear=100 vis=274/1.25 mode=('treewait', 0.0, None, 0, 3, 0) fr100=0 tr100=1 predDist=None
  a108 pos=(393,579) age=29 e=176 maxE=808 spd=8/26 hear=100 vis=274/1.25 mode=('fruit', 8.3, None, 1, 3, 0) fr100=1 tr100=3 predDist=None
== t=1375.0 alive=4 preds=0 trees=14 fruits=21 score=1436.7
  a106 pos=(725,948) age=69 e=273 maxE=808 spd=8/26 hear=100 vis=274/1.25 mode=('elderwait', 0.0, None, 1, 7, 0) fr100=0 tr100=0 predDist=None
  a107 pos=(203,62) age=59 e=695 maxE=808 spd=8/26 hear=100 vis=274/1.25 mode=('waitfruit', 0.0, None, 1, 4, 0) fr100=1 tr100=1 predDist=None
  a108 pos=(371,547) age=54 e=268 maxE=808 spd=8/26 hear=100 vis=274/1.25 mode=('treewait', 0.0, None, 0, 5, 0) fr100=0 tr100=2 predDist=None
  a109 pos=(382,1132) age=7 e=191 maxE=808 spd=8/26 hear=100 vis=274/1.25 mode=('explore', 8.3, None, 0, 1, 0) fr100=0 tr100=0 predDist=None
== t=1400.0 alive=6 preds=0 trees=17 fruits=24 score=1461.9
  a106 pos=(732,948) age=94 e=22 maxE=808 spd=8/26 hear=100 vis=274/1.25 mode=('elderwait', 0.0, None, 0, 7, 0) fr100=0 tr100=0 predDist=None
  a107 pos=(195,64) age=84 e=294 maxE=808 spd=8/26 hear=100 vis=274/1.25 mode=('elderwait', 0.0, None, 0, 4, 0) fr100=0 tr100=0 predDist=None
  a108 pos=(364,541) age=79 e=220 maxE=808 spd=8/26 hear=100 vis=274/1.25 mode=('elderwait', 0.0, None, 1, 7, 0) fr100=0 tr100=1 predDist=None
  a109 pos=(404,561) age=32 e=265 maxE=808 spd=8/26 hear=100 vis=274/1.25 mode=('fruit', 8.3, None, 1, 6, 0) fr100=0 tr100=1 predDist=None
  a112 pos=(134,84) age=9 e=22 maxE=808 spd=8/26 hear=100 vis=274/1.25 mode=('explore', 8.3, None, 0, 1, 0) fr100=0 tr100=0 predDist=None
  a113 pos=(138,111) age=4 e=52 maxE=808 spd=8/26 hear=100 vis=274/1.25 mode=('explore', 8.3, None, 0, 1, 0) fr100=0 tr100=0 predDist=None
== t=1425.0 alive=4 preds=0 trees=18 fruits=27 score=1487.2
  a107 pos=(187,62) age=109 e=142 maxE=808 spd=8/26 hear=100 vis=274/1.25 mode=('elderwait', 0.0, None, 0, 4, 0) fr100=0 tr100=0 predDist=None
  a109 pos=(629,370) age=57 e=229 maxE=808 spd=8/26 hear=100 vis=274/1.25 mode=('fruit', 8.3, None, 5, 11, 0) fr100=1 tr100=2 predDist=None
  a114 pos=(663,490) age=21 e=105 maxE=451 spd=8/26 hear=100 vis=274/1.25 mode=('treewait', 0.0, None, 0, 7, 0) fr100=0 tr100=1 predDist=None
  a115 pos=(626,359) age=16 e=18 maxE=808 spd=8/26 hear=100 vis=274/1.25 mode=('fruit', 8.3, None, 5, 9, 0) fr100=1 tr100=2 predDist=None
== t=1450.0 alive=4 preds=0 trees=18 fruits=28 score=1512.7
  a109 pos=(739,199) age=82 e=58 maxE=808 spd=8/26 hear=100 vis=274/1.25 mode=('elderwait', 0.0, None, 5, 12, 0) fr100=0 tr100=0 predDist=None
  a114 pos=(622,494) age=46 e=130 maxE=451 spd=8/26 hear=100 vis=274/1.25 mode=('treewait', 0.0, None, 0, 11, 0) fr100=0 tr100=1 predDist=None
  a115 pos=(651,333) age=41 e=184 maxE=808 spd=8/26 hear=100 vis=274/1.25 mode=('treewait', 0.0, None, 0, 10, 0) fr100=1 tr100=2 predDist=None
  a117 pos=(713,35) age=6 e=41 maxE=808 spd=8/26 hear=100 vis=274/1.12 mode=('river', 8.3, None, 0, 0, 0) fr100=0 tr100=0 predDist=None
== t=1475.0 alive=6 preds=0 trees=17 fruits=17 score=1538.5
  a109 pos=(718,214) age=107 e=12 maxE=808 spd=8/26 hear=100 vis=274/1.25 mode=('elderwait', 0.0, None, 8, 12, 0) fr100=0 tr100=0 predDist=None
  a114 pos=(235,245) age=71 e=8 maxE=451 spd=8/26 hear=100 vis=274/1.25 mode=('elderwait', 0.0, None, 3, 10, 0) fr100=0 tr100=0 predDist=None
  a115 pos=(420,457) age=66 e=264 maxE=808 spd=8/26 hear=100 vis=274/1.25 mode=('elderwait', 0.0, None, 4, 13, 0) fr100=0 tr100=1 predDist=None
  a118 pos=(369,212) age=17 e=172 maxE=566 spd=8/22 hear=100 vis=274/1.25 mode=('fruit', 8.3, None, 1, 11, 0) fr100=0 tr100=0 predDist=None
  a119 pos=(531,269) age=9 e=89 maxE=451 spd=8/29 hear=100 vis=274/1.25 mode=('treewait', 0.0, None, 0, 8, 0) fr100=0 tr100=2 predDist=None
  a120 pos=(261,294) age=4 e=112 maxE=451 spd=8/26 hear=100 vis=274/1.25 mode=('fruit', 8.3, None, 2, 5, 0) fr100=1 tr100=2 predDist=None
== t=1500.0 alive=4 preds=0 trees=13 fruits=26 score=1563.8
  a115 pos=(426,442) age=91 e=135 maxE=808 spd=8/26 hear=100 vis=274/1.25 mode=('elderwait', 0.0, None, 8, 15, 0) fr100=0 tr100=0 predDist=None
  a118 pos=(522,394) age=43 e=170 maxE=566 spd=8/22 hear=100 vis=274/1.25 mode=('treewait', 0.0, None, 0, 7, 0) fr100=0 tr100=1 predDist=None
  a119 pos=(58,271) age=34 e=111 maxE=451 spd=8/29 hear=100 vis=274/1.25 mode=('fruit', 8.3, None, 2, 7, 0) fr100=1 tr100=1 predDist=None
  a120 pos=(477,355) age=29 e=68 maxE=451 spd=8/26 hear=100 vis=274/1.25 mode=('tree', 8.3, None, 0, 3, 0) fr100=0 tr100=2 predDist=None
== t=1525.0 alive=3 preds=0 trees=14 fruits=28 score=1588.9
  a118 pos=(64,270) age=67 e=23 maxE=566 spd=8/22 hear=100 vis=274/1.25 mode=('treewait', 0.0, None, 0, 4, 0) fr100=0 tr100=0 predDist=None
  a119 pos=(90,261) age=59 e=93 maxE=451 spd=8/29 hear=100 vis=274/1.25 mode=('explore', 8.3, None, 0, 4, 0) fr100=0 tr100=0 predDist=None
  a121 pos=(389,456) age=5 e=45 maxE=566 spd=8/22 hear=100 vis=274/1.25 mode=('explore', 8.3, None, 0, 0, 0) fr100=0 tr100=0 predDist=None
