== t=0.2 alive=5 preds=0 trees=18 fruits=32 score=0.2
  a0 pos=(1006,632) age=0 e=149 maxE=500 spd=10/20 hear=50 vis=200/1.05 mode=('fruit', 10, None, 1, 0, 0) fr100=2 tr100=0 predDist=None
  a1 pos=(1326,541) age=0 e=149 maxE=500 spd=10/20 hear=50 vis=200/1.05 mode=('explore', 10, None, 0, 0, 0) fr100=0 tr100=0 predDist=None
  a2 pos=(1197,492) age=0 e=149 maxE=500 spd=10/20 hear=50 vis=200/1.05 mode=('explore', 10, None, 0, 0, 0) fr100=0 tr100=0 predDist=None
  a3 pos=(181,213) age=0 e=149 maxE=500 spd=10/20 hear=50 vis=200/1.05 mode=('explore', 10, None, 0, 0, 0) fr100=1 tr100=0 predDist=None
  a4 pos=(757,716) age=0 e=149 maxE=500 spd=10/20 hear=50 vis=200/1.05 mode=('explore', 10, None, 0, 0, 0) fr100=0 tr100=0 predDist=None
== t=25.0 alive=5 preds=0 trees=70 fruits=13 score=26.5
  a0 pos=(1129,1127) age=25 e=298 maxE=500 spd=10/20 hear=50 vis=200/1.05 mode=('treewait', 0.0, None, 0, 7, 0) fr100=0 tr100=3 predDist=None
  a1 pos=(542,436) age=25 e=272 maxE=500 spd=10/20 hear=50 vis=200/1.05 mode=('fruit', 10, None, 1, 2, 0) fr100=2 tr100=0 predDist=None
  a2 pos=(350,282) age=25 e=168 maxE=500 spd=10/20 hear=50 vis=200/1.05 mode=('explore', 10, None, 0, 4, 0) fr100=0 tr100=1 predDist=None
  a3 pos=(182,478) age=25 e=416 maxE=500 spd=10/20 hear=50 vis=200/1.05 mode=('fruit', 4.6, None, 4, 13, 0) fr100=3 tr100=3 predDist=None
  a4 pos=(221,940) age=25 e=348 maxE=500 spd=10/20 hear=50 vis=200/1.05 mode=('treewait', 0.0, None, 0, 11, 0) fr100=0 tr100=1 predDist=None
== t=50.0 alive=6 preds=0 trees=98 fruits=74 score=52.9
  a0 pos=(713,1105) age=50 e=372 maxE=500 spd=10/20 hear=50 vis=200/1.05 mode=('fruit', 10, None, 1, 14, 0) fr100=1 tr100=1 predDist=None
  a1 pos=(1373,821) age=50 e=320 maxE=500 spd=10/20 hear=50 vis=200/1.05 mode=('waitfruit', 0.0, None, 1, 11, 0) fr100=1 tr100=2 predDist=None
  a2 pos=(137,687) age=50 e=438 maxE=500 spd=10/20 hear=50 vis=200/1.05 mode=('treewait', 0.0, None, 14, 23, 0) fr100=5 tr100=6 predDist=None
  a3 pos=(178,743) age=50 e=465 maxE=500 spd=10/20 hear=50 vis=200/1.05 mode=('treewait', 0.0, None, 11, 19, 0) fr100=4 tr100=3 predDist=None
  a4 pos=(103,729) age=50 e=490 maxE=500 spd=10/20 hear=50 vis=200/1.05 mode=('treewait', 0.0, None, 15, 22, 0) fr100=5 tr100=5 predDist=None
  a5 pos=(1463,924) age=20 e=232 maxE=500 spd=10/20 hear=50 vis=200/1.05 mode=('treewait', 0.0, None, 1, 7, 0) fr100=0 tr100=3 predDist=None
== t=75.0 alive=11 preds=0 trees=79 fruits=165 score=80.0
  a0 pos=(653,941) age=75 e=114 maxE=500 spd=10/20 hear=50 vis=200/1.05 mode=('elderwait', 0.0, None, 33, 30, 0) fr100=2 tr100=4 predDist=None
  a1 pos=(1433,876) age=75 e=142 maxE=500 spd=10/20 hear=50 vis=200/1.05 mode=('elderwait', 0.0, None, 2, 11, 0) fr100=0 tr100=3 predDist=None
  a2 pos=(51,692) age=75 e=483 maxE=500 spd=10/20 hear=50 vis=200/1.05 mode=('elderwait', 0.0, None, 22, 22, 0) fr100=7 tr100=3 predDist=None
  a3 pos=(177,753) age=75 e=420 maxE=500 spd=10/20 hear=50 vis=200/1.05 mode=('elderwait', 0.0, None, 24, 17, 0) fr100=8 tr100=1 predDist=None
  a4 pos=(114,708) age=75 e=444 maxE=500 spd=10/20 hear=50 vis=200/1.05 mode=('elderwait', 0.0, None, 25, 23, 0) fr100=5 tr100=3 predDist=None
  a5 pos=(1432,830) age=45 e=227 maxE=500 spd=10/20 hear=50 vis=200/1.05 mode=('tree', 10, None, 0, 7, 0) fr100=0 tr100=3 predDist=None
  a6 pos=(413,1061) age=13 e=435 maxE=500 spd=10/20 hear=50 vis=200/1.05 mode=('treewait', 0.0, None, 22, 17, 0) fr100=3 tr100=3 predDist=None
  a7 pos=(1099,1059) age=13 e=435 maxE=500 spd=10/20 hear=50 vis=200/1.05 mode=('treewait', 0.0, None, 15, 8, 0) fr100=5 tr100=2 predDist=None
  a8 pos=(346,1046) age=13 e=467 maxE=500 spd=10/20 hear=50 vis=200/1.05 mode=('treewait', 0.0, None, 18, 15, 0) fr100=4 tr100=2 predDist=None
  a9 pos=(1374,876) age=13 e=66 maxE=500 spd=10/20 hear=50 vis=200/1.05 mode=('tree', 10, None, 0, 6, 0) fr100=0 tr100=3 predDist=None
  a10 pos=(166,1106) age=13 e=403 maxE=500 spd=10/20 hear=60 vis=200/1.05 mode=('fruit', 10, None, 32, 25, 0) fr100=14 tr100=3 predDist=None
== t=100.0 alive=11 preds=0 trees=61 fruits=209 score=106.3
  a0 pos=(653,911) age=100 e=87 maxE=500 spd=10/20 hear=50 vis=200/1.05 mode=('elderwait', 0.0, None, 65, 25, 0) fr100=4 tr100=2 predDist=None
  a2 pos=(51,692) age=100 e=239 maxE=500 spd=10/20 hear=50 vis=200/1.05 mode=('elderwait', 0.0, None, 21, 26, 0) fr100=5 tr100=0 predDist=None
  a3 pos=(177,753) age=100 e=375 maxE=500 spd=10/20 hear=50 vis=200/1.05 mode=('elderwait', 0.0, None, 27, 21, 0) fr100=2 tr100=4 predDist=None
  a4 pos=(117,699) age=100 e=452 maxE=500 spd=10/20 hear=50 vis=200/1.05 mode=('elderwait', 0.0, None, 36, 29, 0) fr100=5 tr100=4 predDist=None
  a5 pos=(1061,958) age=70 e=457 maxE=500 spd=10/20 hear=50 vis=200/1.05 mode=('elderwait', 0.0, None, 16, 14, 0) fr100=4 tr100=2 predDist=None
  a6 pos=(361,1023) age=38 e=443 maxE=500 spd=10/20 hear=50 vis=200/1.05 mode=('treewait', 0.0, None, 28, 16, 0) fr100=6 tr100=1 predDist=None
  a7 pos=(1084,1061) age=38 e=449 maxE=500 spd=10/20 hear=50 vis=200/1.05 mode=('treewait', 0.0, None, 23, 8, 0) fr100=1 tr100=2 predDist=None
  a8 pos=(395,1036) age=38 e=471 maxE=500 spd=10/20 hear=50 vis=200/1.05 mode=('treewait', 0.0, None, 25, 13, 0) fr100=7 tr100=3 predDist=None
  a9 pos=(978,959) age=38 e=481 maxE=500 spd=10/20 hear=50 vis=200/1.05 mode=('treewait', 0.0, None, 19, 13, 0) fr100=3 tr100=2 predDist=None
  a10 pos=(153,1091) age=38 e=449 maxE=500 spd=10/20 hear=60 vis=200/1.05 mode=('treewait', 0.0, None, 32, 24, 0) fr100=10 tr100=0 predDist=None
  a11 pos=(1412,1083) age=8 e=154 maxE=500 spd=8/20 hear=50 vis=200/1.05 mode=('treewait', 0.0, None, 0, 2, 0) fr100=0 tr100=1 predDist=None
== t=125.0 alive=14 preds=0 trees=59 fruits=158 score=132.4
  a3 pos=(243,717) age=125 e=56 maxE=500 spd=10/20 hear=50 vis=200/1.05 mode=('elderwait', 0.0, None, 53, 20, 0) fr100=6 tr100=5 predDist=None
  a4 pos=(117,699) age=125 e=26 maxE=500 spd=10/20 hear=50 vis=200/1.05 mode=('elderwait', 0.0, None, 56, 31, 0) fr100=11 tr100=7 predDist=None
  a5 pos=(982,950) age=95 e=394 maxE=500 spd=10/20 hear=50 vis=200/1.05 mode=('elderwait', 0.0, None, 20, 18, 0) fr100=3 tr100=4 predDist=None
  a6 pos=(436,1005) age=63 e=438 maxE=500 spd=10/20 hear=50 vis=200/1.05 mode=('elderwait', 0.0, None, 21, 11, 0) fr100=5 tr100=1 predDist=None
  a7 pos=(1065,1109) age=63 e=461 maxE=500 spd=10/20 hear=50 vis=200/1.05 mode=('elderwait', 0.0, None, 19, 9, 0) fr100=0 tr100=2 predDist=None
  a8 pos=(429,1065) age=63 e=481 maxE=500 spd=10/20 hear=50 vis=200/1.05 mode=('elderwait', 0.0, None, 17, 12, 0) fr100=7 tr100=2 predDist=None
  a9 pos=(978,959) age=63 e=436 maxE=500 spd=10/20 hear=50 vis=200/1.05 mode=('elderwait', 0.0, None, 22, 16, 0) fr100=3 tr100=4 predDist=None
  a10 pos=(358,822) age=63 e=476 maxE=500 spd=10/20 hear=60 vis=200/1.05 mode=('elderwait', 0.0, None, 55, 22, 0) fr100=13 tr100=3 predDist=None
  a11 pos=(1053,717) age=33 e=444 maxE=500 spd=8/20 hear=50 vis=200/1.05 mode=('treewait', 0.0, None, 16, 7, 0) fr100=3 tr100=1 predDist=None
  a12 pos=(60,613) age=1 e=129 maxE=500 spd=10/20 hear=50 vis=200/1.05 mode=('fruit', 10, None, 5, 3, 0) fr100=4 tr100=4 predDist=None
  a13 pos=(194,660) age=1 e=172 maxE=500 spd=10/20 hear=42 vis=252/1.05 mode=('fruit', 10, None, 21, 9, 0) fr100=7 tr100=6 predDist=None
  a14 pos=(193,659) age=1 e=70 maxE=500 spd=10/20 hear=50 vis=200/1.05 mode=('fruit', 10, None, 21, 8, 0) fr100=7 tr100=6 predDist=None
  a15 pos=(979,934) age=1 e=95 maxE=500 spd=10/20 hear=50 vis=200/1.05 mode=('fruit', 10, None, 4, 9, 0) fr100=3 tr100=4 predDist=None
  a16 pos=(192,656) age=1 e=95 maxE=500 spd=10/20 hear=50 vis=200/1.05 mode=('fruit', 10, None, 23, 7, 0) fr100=7 tr100=6 predDist=None
== t=150.0 alive=12 preds=0 trees=64 fruits=126 score=159.7
  a5 pos=(982,950) age=120 e=297 maxE=500 spd=10/20 hear=50 vis=200/1.05 mode=('elderwait', 0.0, None, 24, 19, 0) fr100=2 tr100=5 predDist=None
  a6 pos=(471,1026) age=88 e=299 maxE=500 spd=10/20 hear=50 vis=200/1.05 mode=('elderwait', 0.0, None, 27, 12, 0) fr100=4 tr100=2 predDist=None
  a7 pos=(1065,1109) age=88 e=285 maxE=500 spd=10/20 hear=50 vis=200/1.05 mode=('elderwait', 0.0, None, 11, 11, 0) fr100=1 tr100=2 predDist=None
  a8 pos=(429,1065) age=88 e=436 maxE=500 spd=10/20 hear=50 vis=200/1.05 mode=('elderwait', 0.0, None, 15, 13, 0) fr100=4 tr100=2 predDist=None
  a9 pos=(978,959) age=88 e=391 maxE=500 spd=10/20 hear=50 vis=200/1.05 mode=('elderwait', 0.0, None, 24, 17, 0) fr100=2 tr100=5 predDist=None
  a10 pos=(367,817) age=88 e=490 maxE=500 spd=10/20 hear=60 vis=200/1.05 mode=('elderwait', 0.0, None, 56, 21, 0) fr100=7 tr100=2 predDist=None
  a11 pos=(1001,785) age=58 e=455 maxE=500 spd=8/20 hear=50 vis=200/1.05 mode=('treewait', 0.0, None, 14, 7, 0) fr100=0 tr100=0 predDist=None
  a12 pos=(182,526) age=26 e=453 maxE=500 spd=10/20 hear=50 vis=200/1.05 mode=('treewait', 0.0, None, 27, 12, 0) fr100=6 tr100=3 predDist=None
  a13 pos=(173,546) age=26 e=469 maxE=500 spd=10/20 hear=42 vis=252/1.05 mode=('treewait', 0.0, None, 43, 18, 0) fr100=6 tr100=5 predDist=None
  a14 pos=(131,766) age=26 e=472 maxE=500 spd=10/20 hear=50 vis=200/1.05 mode=('treewait', 0.0, None, 27, 14, 0) fr100=6 tr100=3 predDist=None
  a15 pos=(978,855) age=26 e=440 maxE=500 spd=10/20 hear=50 vis=200/1.05 mode=('treewait', 0.0, None, 14, 13, 0) fr100=0 tr100=1 predDist=None
  a16 pos=(60,760) age=26 e=480 maxE=500 spd=10/20 hear=50 vis=200/1.05 mode=('treewait', 0.0, None, 25, 16, 0) fr100=4 tr100=4 predDist=None
== t=175.0 alive=11 preds=0 trees=56 fruits=142 score=185.7
  a6 pos=(471,1026) age=113 e=4 maxE=500 spd=10/20 hear=50 vis=200/1.05 mode=('elderwait', 0.0, None, 22, 15, 0) fr100=4 tr100=2 predDist=None
  a8 pos=(433,1015) age=113 e=303 maxE=500 spd=10/20 hear=50 vis=200/1.05 mode=('elderwait', 0.0, None, 14, 11, 0) fr100=3 tr100=2 predDist=None
  a9 pos=(1008,952) age=113 e=343 maxE=500 spd=10/20 hear=50 vis=200/1.05 mode=('elderwait', 0.0, None, 20, 15, 0) fr100=5 tr100=5 predDist=None
  a10 pos=(377,818) age=113 e=210 maxE=500 spd=10/20 hear=60 vis=200/1.05 mode=('elderwait', 0.0, None, 40, 23, 0) fr100=9 tr100=2 predDist=None
  a11 pos=(902,958) age=83 e=429 maxE=500 spd=8/20 hear=50 vis=200/1.05 mode=('fruit', 8.4, None, 21, 12, 0) fr100=6 tr100=1 predDist=None
  a12 pos=(143,517) age=51 e=454 maxE=500 spd=10/20 hear=50 vis=200/1.05 mode=('treewait', 0.0, None, 37, 11, 0) fr100=15 tr100=3 predDist=None
  a13 pos=(147,560) age=51 e=483 maxE=500 spd=10/20 hear=42 vis=252/1.05 mode=('treewait', 0.0, None, 51, 17, 0) fr100=20 tr100=4 predDist=None
  a14 pos=(91,714) age=51 e=479 maxE=500 spd=10/20 hear=50 vis=200/1.05 mode=('treewait', 0.0, None, 42, 11, 0) fr100=13 tr100=4 predDist=None
  a15 pos=(880,944) age=51 e=477 maxE=500 spd=10/20 hear=50 vis=200/1.05 mode=('tree', 10, None, 23, 12, 0) fr100=5 tr100=1 predDist=None
  a16 pos=(59,694) age=51 e=488 maxE=500 spd=10/20 hear=50 vis=200/1.05 mode=('treewait', 0.0, None, 41, 12, 0) fr100=7 tr100=4 predDist=None
  a17 pos=(1079,966) age=21 e=450 maxE=500 spd=10/20 hear=50 vis=200/1.05 mode=('treewait', 0.0, None, 9, 12, 0) fr100=1 tr100=2 predDist=None
== t=200.0 alive=12 preds=0 trees=50 fruits=111 score=213.0
  a11 pos=(901,962) age=108 e=141 maxE=500 spd=8/20 hear=50 vis=200/1.05 mode=('elderwait', 0.0, None, 17, 17, 0) fr100=0 tr100=3 predDist=None
  a12 pos=(112,566) age=76 e=485 maxE=500 spd=10/20 hear=50 vis=200/1.05 mode=('elderwait', 0.0, None, 38, 6, 0) fr100=6 tr100=0 predDist=None
  a13 pos=(162,586) age=76 e=432 maxE=500 spd=10/20 hear=42 vis=252/1.05 mode=('fruit', 10, None, 52, 10, 0) fr100=10 tr100=0 predDist=None
  a14 pos=(83,678) age=76 e=432 maxE=500 spd=10/20 hear=50 vis=200/1.05 mode=('fruit', 10, None, 42, 7, 0) fr100=7 tr100=0 predDist=None
  a15 pos=(934,970) age=76 e=426 maxE=500 spd=10/20 hear=50 vis=200/1.05 mode=('elderwait', 0.0, None, 17, 14, 0) fr100=0 tr100=3 predDist=None
  a16 pos=(75,676) age=76 e=426 maxE=500 spd=10/20 hear=50 vis=200/1.05 mode=('elderwait', 0.0, None, 37, 9, 0) fr100=8 tr100=0 predDist=None
  a17 pos=(1054,1082) age=46 e=399 maxE=500 spd=10/20 hear=50 vis=200/1.05 mode=('fruit', 10, None, 3, 16, 0) fr100=1 tr100=4 predDist=None
  a18 pos=(1026,1037) age=14 e=152 maxE=500 spd=12/20 hear=50 vis=200/1.05 mode=('fruit', 11.7, None, 1, 9, 0) fr100=1 tr100=6 predDist=None
  a19 pos=(483,925) age=14 e=470 maxE=500 spd=10/20 hear=50 vis=200/1.42 mode=('treewait', 0.0, None, 18, 4, 0) fr100=7 tr100=3 predDist=None
  a20 pos=(1350,1131) age=14 e=450 maxE=500 spd=8/18 hear=50 vis=200/1.44 mode=('treewait', 0.0, None, 7, 16, 0) fr100=5 tr100=3 predDist=None
  a21 pos=(109,668) age=14 e=489 maxE=500 spd=10/20 hear=50 vis=106/1.05 mode=('treewait', 0.0, None, 13, 1, 0) fr100=8 tr100=0 predDist=None
  a22 pos=(765,742) age=14 e=463 maxE=500 spd=8/20 hear=50 vis=200/1.05 mode=('treewait', 0.0, None, 17, 17, 0) fr100=5 tr100=3 predDist=None
== t=225.0 alive=11 preds=0 trees=57 fruits=102 score=238.8
  a12 pos=(112,566) age=101 e=375 maxE=500 spd=10/20 hear=50 vis=200/1.05 mode=('elderwait', 0.0, None, 35, 10, 0) fr100=2 tr100=3 predDist=None
  a13 pos=(171,590) age=101 e=225 maxE=500 spd=10/20 hear=42 vis=252/1.05 mode=('elderwait', 0.0, None, 50, 12, 0) fr100=2 tr100=2 predDist=None
  a14 pos=(83,678) age=101 e=387 maxE=500 spd=10/20 hear=50 vis=200/1.05 mode=('elderwait', 0.0, None, 38, 9, 0) fr100=3 tr100=3 predDist=None
  a15 pos=(1026,1007) age=101 e=193 maxE=500 spd=10/20 hear=50 vis=200/1.05 mode=('elderwait', 0.0, None, 17, 15, 0) fr100=1 tr100=5 predDist=None
  a16 pos=(75,676) age=101 e=160 maxE=500 spd=10/20 hear=50 vis=200/1.05 mode=('elderwait', 0.0, None, 35, 11, 0) fr100=3 tr100=3 predDist=None
  a17 pos=(1074,1027) age=71 e=418 maxE=500 spd=10/20 hear=50 vis=200/1.05 mode=('elderwait', 0.0, None, 16, 15, 0) fr100=1 tr100=5 predDist=None
  a18 pos=(1166,687) age=39 e=461 maxE=500 spd=12/20 hear=50 vis=200/1.05 mode=('treewait', 0.0, None, 12, 18, 0) fr100=7 tr100=1 predDist=None
  a19 pos=(485,925) age=39 e=481 maxE=500 spd=10/20 hear=50 vis=200/1.42 mode=('treewait', 0.0, None, 21, 5, 0) fr100=3 tr100=2 predDist=None
  a20 pos=(1326,1086) age=39 e=444 maxE=500 spd=8/18 hear=50 vis=200/1.44 mode=('treewait', 0.0, None, 13, 17, 0) fr100=8 tr100=2 predDist=None
  a21 pos=(204,753) age=39 e=438 maxE=500 spd=10/20 hear=50 vis=106/1.05 mode=('treewait', 0.0, None, 19, 2, 0) fr100=4 tr100=1 predDist=None
  a22 pos=(757,783) age=39 e=469 maxE=500 spd=8/20 hear=50 vis=200/1.05 mode=('treewait', 0.0, None, 22, 15, 0) fr100=9 tr100=2 predDist=None
== t=250.0 alive=14 preds=0 trees=56 fruits=117 score=264.6
  a12 pos=(114,600) age=126 e=66 maxE=500 spd=10/20 hear=50 vis=200/1.05 mode=('elderwait', 0.0, None, 19, 11, 0) fr100=0 tr100=4 predDist=None
  a14 pos=(83,678) age=126 e=76 maxE=500 spd=10/20 hear=50 vis=200/1.05 mode=('elderwait', 0.0, None, 18, 9, 0) fr100=1 tr100=5 predDist=None
  a15 pos=(956,892) age=126 e=11 maxE=500 spd=10/20 hear=50 vis=200/1.05 mode=('elderwait', 0.0, None, 24, 16, 0) fr100=3 tr100=2 predDist=None
  a17 pos=(1064,1044) age=96 e=23 maxE=500 spd=10/20 hear=50 vis=200/1.05 mode=('elderwait', 0.0, None, 21, 14, 0) fr100=2 tr100=2 predDist=None
  a18 pos=(1171,757) age=64 e=362 maxE=500 spd=12/20 hear=50 vis=200/1.05 mode=('elderwait', 0.0, None, 17, 20, 0) fr100=2 tr100=2 predDist=None
  a19 pos=(485,925) age=64 e=436 maxE=500 spd=10/20 hear=50 vis=200/1.42 mode=('elderwait', 0.0, None, 32, 8, 0) fr100=8 tr100=3 predDist=None
  a20 pos=(1328,1111) age=64 e=458 maxE=500 spd=8/18 hear=50 vis=200/1.44 mode=('elderwait', 0.0, None, 13, 17, 0) fr100=7 tr100=0 predDist=None
  a21 pos=(311,843) age=64 e=460 maxE=500 spd=10/20 hear=50 vis=106/1.05 mode=('elderwait', 0.0, None, 16, 5, 0) fr100=5 tr100=4 predDist=None
  a22 pos=(790,895) age=64 e=470 maxE=500 spd=8/20 hear=50 vis=200/1.05 mode=('elderwait', 0.0, None, 25, 19, 0) fr100=7 tr100=2 predDist=None
  a23 pos=(141,556) age=2 e=95 maxE=500 spd=10/20 hear=50 vis=200/1.05 mode=('fruit', 10, None, 4, 4, 0) fr100=1 tr100=3 predDist=None
  a24 pos=(1120,978) age=2 e=134 maxE=500 spd=10/20 hear=50 vis=200/1.05 mode=('fruit', 10, None, 4, 4, 0) fr100=2 tr100=2 predDist=None
  a25 pos=(1132,977) age=2 e=64 maxE=500 spd=10/20 hear=50 vis=200/1.05 mode=('fruit', 10, None, 5, 4, 0) fr100=2 tr100=3 predDist=None
  a26 pos=(1017,635) age=2 e=243 maxE=500 spd=12/20 hear=50 vis=200/1.54 mode=('fruit', 11.7, None, 12, 3, 0) fr100=6 tr100=2 predDist=None
  a27 pos=(1137,967) age=2 e=122 maxE=500 spd=10/20 hear=50 vis=200/1.05 mode=('fruit', 10, None, 6, 4, 0) fr100=2 tr100=4 predDist=None
== t=275.0 alive=10 preds=0 trees=48 fruits=104 score=292.0
  a18 pos=(1147,812) age=89 e=203 maxE=500 spd=12/20 hear=50 vis=200/1.05 mode=('elderwait', 0.0, None, 19, 21, 0) fr100=5 tr100=2 predDist=None
  a19 pos=(486,915) age=89 e=411 maxE=500 spd=10/20 hear=50 vis=200/1.42 mode=('elderwait', 0.0, None, 29, 7, 0) fr100=8 tr100=1 predDist=None
  a20 pos=(1328,1111) age=89 e=413 maxE=500 spd=8/18 hear=50 vis=200/1.44 mode=('elderwait', 0.0, None, 18, 17, 0) fr100=0 tr100=0 predDist=None
  a21 pos=(289,899) age=89 e=456 maxE=500 spd=10/20 hear=50 vis=106/1.05 mode=('elderwait', 0.0, None, 7, 5, 0) fr100=3 tr100=3 predDist=None
  a22 pos=(815,893) age=89 e=491 maxE=500 spd=8/20 hear=50 vis=200/1.05 mode=('elderwait', 0.0, None, 29, 19, 0) fr100=6 tr100=1 predDist=None
  a23 pos=(115,669) age=27 e=442 maxE=500 spd=10/20 hear=50 vis=200/1.05 mode=('treewait', 0.0, None, 14, 14, 0) fr100=6 tr100=6 predDist=None
  a24 pos=(1375,878) age=27 e=470 maxE=500 spd=10/20 hear=50 vis=200/1.05 mode=('treewait', 0.0, None, 14, 9, 0) fr100=3 tr100=1 predDist=None
  a25 pos=(1233,1064) age=27 e=441 maxE=500 spd=10/20 hear=50 vis=200/1.05 mode=('treewait', 0.0, None, 6, 11, 0) fr100=1 tr100=2 predDist=None
  a26 pos=(995,533) age=27 e=481 maxE=500 spd=12/20 hear=50 vis=200/1.54 mode=('treewait', 0.0, None, 8, 3, 0) fr100=1 tr100=0 predDist=None
  a27 pos=(1371,863) age=27 e=432 maxE=500 spd=10/20 hear=50 vis=200/1.05 mode=('fruit', 10, None, 20, 10, 0) fr100=3 tr100=1 predDist=None
== t=300.0 alive=9 preds=0 trees=48 fruits=103 score=317.5
  a19 pos=(486,915) age=114 e=366 maxE=500 spd=10/20 hear=50 vis=200/1.42 mode=('elderwait', 0.0, None, 33, 5, 0) fr100=5 tr100=1 predDist=None
  a20 pos=(1328,1111) age=114 e=304 maxE=500 spd=8/18 hear=50 vis=200/1.44 mode=('elderwait', 0.0, None, 18, 16, 0) fr100=0 tr100=1 predDist=None
  a21 pos=(335,904) age=114 e=275 maxE=500 spd=10/20 hear=50 vis=106/1.05 mode=('elderwait', 0.0, None, 6, 5, 0) fr100=5 tr100=1 predDist=None
  a22 pos=(815,893) age=114 e=446 maxE=500 spd=8/20 hear=50 vis=200/1.05 mode=('elderwait', 0.0, None, 22, 18, 0) fr100=5 tr100=1 predDist=None
  a23 pos=(102,706) age=52 e=481 maxE=500 spd=10/20 hear=50 vis=200/1.05 mode=('treewait', 0.0, None, 21, 17, 0) fr100=3 tr100=4 predDist=None
  a24 pos=(1282,869) age=52 e=450 maxE=500 spd=10/20 hear=50 vis=200/1.05 mode=('treewait', 0.0, None, 25, 5, 0) fr100=8 tr100=1 predDist=None
  a25 pos=(1253,1018) age=52 e=438 maxE=500 spd=10/20 hear=50 vis=200/1.05 mode=('treewait', 0.0, None, 16, 13, 0) fr100=6 tr100=2 predDist=None
  a26 pos=(704,655) age=52 e=488 maxE=500 spd=12/20 hear=50 vis=200/1.54 mode=('treewait', 0.0, None, 5, 6, 0) fr100=2 tr100=2 predDist=None
  a27 pos=(1285,781) age=52 e=458 maxE=500 spd=10/20 hear=50 vis=200/1.05 mode=('treewait', 0.0, None, 31, 7, 0) fr100=7 tr100=0 predDist=None
== t=325.0 alive=11 preds=0 trees=49 fruits=89 score=345.1
  a22 pos=(815,901) age=139 e=93 maxE=500 spd=8/20 hear=50 vis=200/1.05 mode=('elderwait', 0.0, None, 14, 9, 0) fr100=2 tr100=1 predDist=None
  a23 pos=(102,706) age=77 e=456 maxE=500 spd=10/20 hear=50 vis=200/1.05 mode=('elderwait', 0.0, None, 41, 17, 0) fr100=9 tr100=2 predDist=None
  a24 pos=(1275,865) age=77 e=454 maxE=500 spd=10/20 hear=50 vis=200/1.05 mode=('elderwait', 0.0, None, 26, 5, 0) fr100=0 tr100=0 predDist=None
  a25 pos=(1195,1004) age=77 e=381 maxE=500 spd=10/20 hear=50 vis=200/1.05 mode=('elderwait', 0.0, None, 16, 10, 0) fr100=2 tr100=1 predDist=None
  a26 pos=(696,674) age=77 e=469 maxE=500 spd=12/20 hear=50 vis=200/1.54 mode=('elderwait', 0.0, None, 4, 5, 0) fr100=1 tr100=0 predDist=None
  a27 pos=(1277,775) age=77 e=472 maxE=500 spd=10/20 hear=50 vis=200/1.05 mode=('elderwait', 0.0, None, 21, 8, 0) fr100=0 tr100=0 predDist=None
  a28 pos=(174,941) age=15 e=490 maxE=615 spd=10/20 hear=50 vis=200/1.42 mode=('treewait', 0.0, None, 0, 6, 0) fr100=1 tr100=1 predDist=None
  a29 pos=(1103,742) age=15 e=480 maxE=500 spd=8/18 hear=50 vis=200/1.44 mode=('treewait', 0.0, None, 8, 4, 0) fr100=3 tr100=0 predDist=None
  a30 pos=(306,921) age=15 e=468 maxE=500 spd=11/20 hear=50 vis=200/1.42 mode=('treewait', 0.0, None, 7, 10, 0) fr100=1 tr100=1 predDist=None
  a31 pos=(1188,904) age=15 e=461 maxE=500 spd=8/18 hear=50 vis=200/1.44 mode=('treewait', 0.0, None, 8, 3, 0) fr100=1 tr100=0 predDist=None
  a32 pos=(1416,425) age=15 e=283 maxE=500 spd=8/20 hear=50 vis=200/1.05 mode=('explore', 8.4, None, 0, 4, 0) fr100=0 tr100=0 predDist=None
== t=350.0 alive=10 preds=0 trees=46 fruits=111 score=371.0
  a23 pos=(104,666) age=102 e=363 maxE=500 spd=10/20 hear=50 vis=200/1.05 mode=('elderwait', 0.0, None, 58, 18, 0) fr100=14 tr100=1 predDist=None
  a24 pos=(1275,865) age=102 e=409 maxE=500 spd=10/20 hear=50 vis=200/1.05 mode=('elderwait', 0.0, None, 23, 6, 0) fr100=0 tr100=0 predDist=None
  a25 pos=(1169,988) age=102 e=130 maxE=500 spd=10/20 hear=50 vis=200/1.05 mode=('elderwait', 0.0, None, 14, 8, 0) fr100=2 tr100=1 predDist=None
  a26 pos=(691,697) age=102 e=260 maxE=500 spd=12/20 hear=50 vis=200/1.54 mode=('elderwait', 0.0, None, 1, 6, 0) fr100=0 tr100=0 predDist=None
  a27 pos=(1277,775) age=102 e=427 maxE=500 spd=10/20 hear=50 vis=200/1.05 mode=('elderwait', 0.0, None, 20, 8, 0) fr100=0 tr100=0 predDist=None
  a28 pos=(209,1079) age=40 e=609 maxE=615 spd=10/20 hear=50 vis=200/1.42 mode=('treewait', 0.0, None, 5, 7, 0) fr100=5 tr100=0 predDist=None
  a29 pos=(657,413) age=40 e=411 maxE=500 spd=8/18 hear=50 vis=200/1.44 mode=('fruit', 8.4, None, 6, 4, 0) fr100=0 tr100=0 predDist=None
  a30 pos=(345,1041) age=40 e=471 maxE=500 spd=11/20 hear=50 vis=200/1.42 mode=('treewait', 0.0, None, 9, 16, 0) fr100=1 tr100=3 predDist=None
  a31 pos=(950,1003) age=40 e=448 maxE=500 spd=8/18 hear=50 vis=200/1.44 mode=('treewait', 0.0, None, 18, 10, 0) fr100=4 tr100=3 predDist=None
  a32 pos=(1453,108) age=40 e=467 maxE=500 spd=8/20 hear=50 vis=200/1.05 mode=('treewait', 0.0, None, 7, 10, 0) fr100=6 tr100=2 predDist=None
== t=375.0 alive=13 preds=0 trees=49 fruits=130 score=396.5
  a23 pos=(104,666) age=127 e=32 maxE=500 spd=10/20 hear=50 vis=200/1.05 mode=('elderwait', 0.0, None, 72, 18, 0) fr100=10 tr100=3 predDist=None
  a24 pos=(1275,865) age=127 e=224 maxE=500 spd=10/20 hear=50 vis=200/1.05 mode=('elderwait', 0.0, None, 10, 5, 0) fr100=0 tr100=0 predDist=None
  a27 pos=(1277,775) age=127 e=168 maxE=500 spd=10/20 hear=50 vis=200/1.05 mode=('elderwait', 0.0, None, 6, 4, 0) fr100=0 tr100=0 predDist=None
  a28 pos=(363,1099) age=65 e=295 maxE=615 spd=10/20 hear=50 vis=200/1.42 mode=('elderwait', 0.0, None, 7, 10, 0) fr100=0 tr100=2 predDist=None
  a29 pos=(1171,618) age=65 e=243 maxE=500 spd=8/18 hear=50 vis=200/1.44 mode=('elderwait', 0.0, None, 0, 5, 0) fr100=0 tr100=0 predDist=None
  a30 pos=(416,1038) age=65 e=479 maxE=500 spd=11/20 hear=50 vis=200/1.42 mode=('elderwait', 0.0, None, 9, 13, 0) fr100=0 tr100=2 predDist=None
  a31 pos=(909,1009) age=65 e=489 maxE=500 spd=8/18 hear=50 vis=200/1.44 mode=('elderwait', 0.0, None, 14, 13, 0) fr100=4 tr100=2 predDist=None
  a32 pos=(1478,104) age=65 e=480 maxE=500 spd=8/20 hear=50 vis=200/1.05 mode=('elderwait', 0.0, None, 11, 11, 0) fr100=7 tr100=3 predDist=None
  a33 pos=(357,1110) age=3 e=60 maxE=615 spd=10/20 hear=50 vis=200/1.42 mode=('river', 10, None, 2, 2, 0) fr100=0 tr100=1 predDist=None
  a34 pos=(1123,480) age=3 e=61 maxE=500 spd=7/18 hear=50 vis=200/1.44 mode=('explore', 7.0, None, 0, 0, 0) fr100=0 tr100=0 predDist=None
  a35 pos=(265,1128) age=3 e=117 maxE=862 spd=10/20 hear=62 vis=200/1.42 mode=('fruit', 10, None, 3, 2, 0) fr100=1 tr100=0 predDist=None
  a36 pos=(1249,843) age=3 e=59 maxE=650 spd=8/18 hear=50 vis=200/1.44 mode=('fruit', 8.4, None, 1, 0, 0) fr100=0 tr100=0 predDist=None
  a37 pos=(460,1011) age=3 e=117 maxE=615 spd=10/20 hear=50 vis=200/1.42 mode=('fruit', 10, None, 4, 7, 0) fr100=3 tr100=3 predDist=None
== t=400.0 alive=10 preds=0 trees=39 fruits=97 score=424.1
  a28 pos=(379,1067) age=90 e=266 maxE=615 spd=10/20 hear=50 vis=200/1.42 mode=('elderwait', 0.0, None, 14, 9, 0) fr100=1 tr100=0 predDist=None
  a29 pos=(1171,618) age=90 e=199 maxE=500 spd=8/18 hear=50 vis=200/1.44 mode=('elderwait', 0.0, None, 0, 6, 0) fr100=0 tr100=1 predDist=None
  a30 pos=(416,1038) age=90 e=434 maxE=500 spd=11/20 hear=50 vis=200/1.42 mode=('elderwait', 0.0, None, 14, 11, 0) fr100=0 tr100=0 predDist=None
  a31 pos=(909,1009) age=90 e=444 maxE=500 spd=8/18 hear=50 vis=200/1.44 mode=('elderwait', 0.0, None, 20, 12, 0) fr100=2 tr100=3 predDist=None
  a32 pos=(1456,155) age=90 e=390 maxE=500 spd=8/20 hear=50 vis=200/1.05 mode=('elderwait', 0.0, None, 9, 13, 0) fr100=2 tr100=2 predDist=None
  a33 pos=(638,1085) age=28 e=142 maxE=615 spd=10/20 hear=50 vis=200/1.42 mode=('fruit', 10, None, 4, 12, 0) fr100=0 tr100=0 predDist=None
  a34 pos=(1286,130) age=28 e=449 maxE=500 spd=7/18 hear=50 vis=200/1.44 mode=('treewait', 0.0, None, 6, 7, 0) fr100=5 tr100=3 predDist=None
  a35 pos=(324,735) age=28 e=656 maxE=862 spd=10/20 hear=62 vis=200/1.42 mode=('fruit', 10, None, 33, 7, 0) fr100=10 tr100=1 predDist=None
  a36 pos=(1462,953) age=28 e=615 maxE=650 spd=8/18 hear=50 vis=200/1.44 mode=('treewait', 0.0, None, 8, 1, 0) fr100=2 tr100=1 predDist=None
  a37 pos=(562,924) age=28 e=533 maxE=615 spd=10/20 hear=50 vis=200/1.42 mode=('fruit', 10, None, 16, 7, 0) fr100=2 tr100=2 predDist=None
== t=425.0 alive=10 preds=0 trees=46 fruits=87 score=450.4
  a28 pos=(379,1067) age=115 e=98 maxE=615 spd=10/20 hear=50 vis=200/1.42 mode=('elderwait', 0.0, None, 8, 9, 0) fr100=0 tr100=0 predDist=None
  a29 pos=(1171,618) age=115 e=154 maxE=500 spd=8/18 hear=50 vis=200/1.44 mode=('elderwait', 0.0, None, 1, 9, 0) fr100=1 tr100=3 predDist=None
  a30 pos=(416,1038) age=115 e=266 maxE=500 spd=11/20 hear=50 vis=200/1.42 mode=('elderwait', 0.0, None, 10, 11, 0) fr100=0 tr100=0 predDist=None
  a31 pos=(909,1009) age=115 e=399 maxE=500 spd=8/18 hear=50 vis=200/1.44 mode=('elderwait', 0.0, None, 26, 13, 0) fr100=6 tr100=3 predDist=None
  a32 pos=(1360,92) age=115 e=261 maxE=500 spd=8/20 hear=50 vis=200/1.05 mode=('elderwait', 0.0, None, 16, 9, 0) fr100=8 tr100=4 predDist=None
  a33 pos=(694,814) age=53 e=595 maxE=615 spd=10/20 hear=50 vis=200/1.42 mode=('treewait', 0.0, None, 9, 17, 0) fr100=1 tr100=3 predDist=None
  a34 pos=(1272,132) age=53 e=445 maxE=500 spd=7/18 hear=50 vis=200/1.44 mode=('treewait', 0.0, None, 18, 5, 0) fr100=9 tr100=2 predDist=None
  a35 pos=(233,702) age=53 e=828 maxE=862 spd=10/20 hear=62 vis=200/1.42 mode=('treewait', 0.0, None, 56, 9, 0) fr100=12 tr100=2 predDist=None
  a36 pos=(1011,906) age=53 e=618 maxE=650 spd=8/18 hear=50 vis=200/1.44 mode=('treewait', 0.0, None, 21, 5, 0) fr100=9 tr100=1 predDist=None
  a37 pos=(595,888) age=53 e=559 maxE=615 spd=10/20 hear=50 vis=200/1.42 mode=('treewait', 0.0, None, 20, 10, 0) fr100=4 tr100=2 predDist=None
== t=450.0 alive=10 preds=0 trees=44 fruits=79 score=477.0
  a33 pos=(763,865) age=78 e=285 maxE=615 spd=10/20 hear=50 vis=200/1.42 mode=('fruit', 10, None, 14, 21, 0) fr100=2 tr100=2 predDist=None
  a34 pos=(1261,140) age=78 e=460 maxE=500 spd=7/18 hear=50 vis=200/1.44 mode=('elderwait', 0.0, None, 18, 3, 0) fr100=3 tr100=0 predDist=None
  a35 pos=(193,694) age=78 e=842 maxE=862 spd=10/20 hear=62 vis=200/1.42 mode=('elderwait', 0.0, None, 51, 9, 0) fr100=16 tr100=1 predDist=None
  a36 pos=(1011,906) age=78 e=573 maxE=650 spd=8/18 hear=50 vis=200/1.44 mode=('elderwait', 0.0, None, 23, 4, 0) fr100=0 tr100=0 predDist=None
  a37 pos=(573,855) age=78 e=544 maxE=615 spd=10/20 hear=50 vis=200/1.42 mode=('elderwait', 0.0, None, 20, 11, 0) fr100=5 tr100=4 predDist=None
  a38 pos=(921,940) age=16 e=285 maxE=500 spd=8/18 hear=50 vis=200/1.44 mode=('treewait', 0.0, None, 1, 7, 0) fr100=0 tr100=1 predDist=None
  a39 pos=(876,634) age=16 e=442 maxE=500 spd=8/20 hear=50 vis=200/1.05 mode=('treewait', 0.0, None, 11, 2, 0) fr100=1 tr100=1 predDist=None
  a40 pos=(765,1061) age=16 e=346 maxE=500 spd=8/18 hear=50 vis=200/1.44 mode=('fruit', 8.4, None, 4, 5, 0) fr100=1 tr100=2 predDist=None
  a41 pos=(895,781) age=16 e=175 maxE=615 spd=10/20 hear=50 vis=200/1.42 mode=('fruit', 10, None, 1, 9, 0) fr100=0 tr100=1 predDist=None
  a42 pos=(763,857) age=16 e=155 maxE=615 spd=10/20 hear=50 vis=186/1.42 mode=('fruit', 10, None, 5, 5, 0) fr100=2 tr100=2 predDist=None
== t=475.0 alive=10 preds=0 trees=48 fruits=85 score=503.3
  a33 pos=(789,875) age=103 e=51 maxE=615 spd=10/20 hear=50 vis=200/1.42 mode=('elderwait', 0.0, None, 18, 16, 0) fr100=2 tr100=1 predDist=None
  a34 pos=(1267,121) age=103 e=474 maxE=500 spd=7/18 hear=50 vis=200/1.44 mode=('elderwait', 0.0, None, 13, 2, 0) fr100=0 tr100=1 predDist=None
  a35 pos=(205,710) age=103 e=732 maxE=862 spd=10/20 hear=62 vis=200/1.42 mode=('elderwait', 0.0, None, 23, 12, 0) fr100=5 tr100=2 predDist=None
  a36 pos=(1011,906) age=103 e=528 maxE=650 spd=8/18 hear=50 vis=200/1.44 mode=('elderwait', 0.0, None, 20, 5, 0) fr100=0 tr100=0 predDist=None
  a37 pos=(582,860) age=103 e=499 maxE=615 spd=10/20 hear=50 vis=200/1.42 mode=('elderwait', 0.0, None, 23, 11, 0) fr100=4 tr100=3 predDist=None
  a38 pos=(580,1082) age=41 e=473 maxE=500 spd=8/18 hear=50 vis=200/1.44 mode=('treewait', 0.0, None, 6, 9, 0) fr100=4 tr100=2 predDist=None
  a39 pos=(656,793) age=41 e=474 maxE=500 spd=8/20 hear=50 vis=200/1.05 mode=('treewait', 0.0, None, 21, 7, 0) fr100=3 tr100=2 predDist=None
  a40 pos=(561,1105) age=41 e=468 maxE=500 spd=8/18 hear=50 vis=200/1.44 mode=('treewait', 0.0, None, 7, 7, 0) fr100=4 tr100=2 predDist=None
  a41 pos=(888,1015) age=41 e=118 maxE=615 spd=10/20 hear=50 vis=200/1.42 mode=('tree', 10, None, 0, 11, 0) fr100=0 tr100=2 predDist=None
  a42 pos=(497,822) age=41 e=556 maxE=615 spd=10/20 hear=50 vis=186/1.42 mode=('treewait', 0.0, None, 10, 15, 0) fr100=4 tr100=3 predDist=None
== t=500.0 alive=14 preds=0 trees=41 fruits=79 score=529.8
  a34 pos=(1267,121) age=128 e=195 maxE=500 spd=7/18 hear=50 vis=200/1.44 mode=('elderwait', 0.0, None, 5, 2, 0) fr100=1 tr100=1 predDist=None
  a35 pos=(205,710) age=128 e=99 maxE=862 spd=10/20 hear=62 vis=200/1.42 mode=('elderwait', 0.0, None, 14, 14, 0) fr100=0 tr100=2 predDist=None
  a36 pos=(1011,906) age=128 e=255 maxE=650 spd=8/18 hear=50 vis=200/1.44 mode=('elderwait', 0.0, None, 5, 6, 0) fr100=0 tr100=1 predDist=None
  a37 pos=(582,860) age=128 e=63 maxE=615 spd=10/20 hear=50 vis=200/1.42 mode=('elderwait', 0.0, None, 18, 7, 0) fr100=1 tr100=0 predDist=None
  a38 pos=(579,1043) age=66 e=480 maxE=500 spd=8/18 hear=50 vis=200/1.44 mode=('elderwait', 0.0, None, 6, 10, 0) fr100=1 tr100=4 predDist=None
  a39 pos=(681,792) age=66 e=495 maxE=500 spd=8/20 hear=50 vis=200/1.05 mode=('elderwait', 0.0, None, 13, 5, 0) fr100=0 tr100=0 predDist=None
  a40 pos=(462,917) age=66 e=452 maxE=500 spd=8/18 hear=50 vis=200/1.44 mode=('elderwait', 0.0, None, 14, 9, 0) fr100=0 tr100=1 predDist=None
  a41 pos=(506,773) age=66 e=377 maxE=615 spd=10/20 hear=50 vis=200/1.42 mode=('elderwait', 0.0, None, 8, 12, 0) fr100=0 tr100=0 predDist=None
  a42 pos=(489,804) age=66 e=570 maxE=615 spd=10/20 hear=50 vis=186/1.42 mode=('elderwait', 0.0, None, 9, 13, 0) fr100=0 tr100=0 predDist=None
  a43 pos=(61,779) age=4 e=285 maxE=1000 spd=10/20 hear=62 vis=200/1.42 mode=('treewait', 0.0, None, 0, 3, 0) fr100=0 tr100=1 predDist=None
  a44 pos=(831,671) age=4 e=509 maxE=615 spd=13/20 hear=50 vis=200/1.42 mode=('fruit', 9.8, None, 3, 2, 0) fr100=1 tr100=2 predDist=None
  a45 pos=(521,856) age=4 e=111 maxE=862 spd=10/20 hear=62 vis=200/1.41 mode=('fruit', 10, None, 1, 3, 0) fr100=0 tr100=1 predDist=None
  a46 pos=(301,898) age=4 e=100 maxE=615 spd=10/20 hear=45 vis=200/1.42 mode=('fruit', 10.1, None, 2, 2, 0) fr100=2 tr100=2 predDist=None
  a47 pos=(103,683) age=4 e=72 maxE=862 spd=10/20 hear=62 vis=200/1.42 mode=('fruit', 10, None, 5, 5, 0) fr100=1 tr100=4 predDist=None
== t=525.0 alive=10 preds=0 trees=41 fruits=57 score=556.6
  a38 pos=(579,1043) age=91 e=291 maxE=500 spd=8/18 hear=50 vis=200/1.44 mode=('elderwait', 0.0, None, 8, 11, 0) fr100=1 tr100=4 predDist=None
  a39 pos=(681,792) age=91 e=295 maxE=500 spd=8/20 hear=50 vis=200/1.05 mode=('elderwait', 0.0, None, 12, 7, 0) fr100=0 tr100=0 predDist=None
  a40 pos=(419,899) age=91 e=446 maxE=500 spd=8/18 hear=50 vis=200/1.44 mode=('elderwait', 0.0, None, 19, 13, 0) fr100=0 tr100=2 predDist=None
  a41 pos=(506,773) age=91 e=175 maxE=615 spd=10/20 hear=50 vis=200/1.42 mode=('elderwait', 0.0, None, 11, 13, 0) fr100=0 tr100=0 predDist=None
  a42 pos=(489,804) age=91 e=526 maxE=615 spd=10/20 hear=50 vis=186/1.42 mode=('elderwait', 0.0, None, 11, 14, 0) fr100=0 tr100=1 predDist=None
  a43 pos=(62,741) age=29 e=318 maxE=1000 spd=10/20 hear=62 vis=200/1.42 mode=('fruit', 10, None, 3, 12, 0) fr100=2 tr100=2 predDist=None
  a44 pos=(416,863) age=29 e=607 maxE=615 spd=13/20 hear=50 vis=200/1.42 mode=('treewait', 0.0, None, 6, 12, 0) fr100=0 tr100=2 predDist=None
  a45 pos=(1012,1055) age=29 e=293 maxE=862 spd=10/20 hear=62 vis=200/1.41 mode=('fruit', 10, None, 5, 8, 0) fr100=3 tr100=2 predDist=None
  a46 pos=(289,1162) age=29 e=597 maxE=615 spd=10/20 hear=45 vis=200/1.42 mode=('river', 10.1, None, 4, 3, 0) fr100=1 tr100=1 predDist=None
  a47 pos=(59,742) age=29 e=469 maxE=862 spd=10/20 hear=62 vis=200/1.42 mode=('fruit', 10, None, 3, 9, 0) fr100=2 tr100=2 predDist=None
== t=550.0 alive=8 preds=0 trees=43 fruits=54 score=583.0
  a38 pos=(562,1081) age=116 e=44 maxE=500 spd=8/18 hear=50 vis=200/1.44 mode=('elderwait', 0.0, None, 4, 11, 0) fr100=4 tr100=2 predDist=None
  a40 pos=(419,899) age=116 e=400 maxE=500 spd=8/18 hear=50 vis=200/1.44 mode=('elderwait', 0.0, None, 19, 11, 0) fr100=1 tr100=2 predDist=None
  a42 pos=(489,804) age=116 e=304 maxE=615 spd=10/20 hear=50 vis=186/1.42 mode=('elderwait', 0.0, None, 4, 15, 0) fr100=0 tr100=1 predDist=None
  a43 pos=(341,687) age=54 e=420 maxE=1000 spd=10/20 hear=62 vis=200/1.42 mode=('fruit', 10, None, 4, 9, 0) fr100=1 tr100=1 predDist=None
  a44 pos=(359,892) age=54 e=558 maxE=615 spd=13/20 hear=50 vis=200/1.42 mode=('treewait', 0.0, None, 12, 12, 0) fr100=8 tr100=3 predDist=None
  a45 pos=(1483,192) age=54 e=803 maxE=862 spd=10/20 hear=62 vis=200/1.41 mode=('explore', 10, None, 4, 13, 0) fr100=0 tr100=2 predDist=None
  a46 pos=(385,1072) age=54 e=581 maxE=615 spd=10/20 hear=45 vis=200/1.42 mode=('treewait', 0.0, None, 18, 4, 0) fr100=7 tr100=1 predDist=None
  a47 pos=(57,834) age=54 e=727 maxE=862 spd=10/20 hear=62 vis=200/1.42 mode=('treewait', 0.0, None, 1, 8, 0) fr100=0 tr100=3 predDist=None
== t=575.0 alive=11 preds=0 trees=37 fruits=41 score=610.2
  a40 pos=(419,899) age=141 e=36 maxE=500 spd=8/18 hear=50 vis=200/1.44 mode=('elderwait', 0.0, None, 16, 9, 0) fr100=0 tr100=2 predDist=None
  a43 pos=(374,1094) age=79 e=614 maxE=1000 spd=10/20 hear=62 vis=200/1.42 mode=('fruit', 10, None, 7, 12, 0) fr100=1 tr100=0 predDist=None
  a44 pos=(314,944) age=79 e=362 maxE=615 spd=13/20 hear=50 vis=200/1.42 mode=('elderwait', 0.0, None, 10, 14, 0) fr100=0 tr100=1 predDist=None
  a45 pos=(1057,511) age=79 e=717 maxE=862 spd=10/20 hear=62 vis=200/1.41 mode=('elderwait', 0.0, None, 3, 17, 0) fr100=1 tr100=2 predDist=None
  a46 pos=(337,914) age=79 e=400 maxE=615 spd=10/20 hear=45 vis=200/1.42 mode=('elderwait', 0.0, None, 15, 5, 0) fr100=0 tr100=1 predDist=None
  a47 pos=(162,634) age=79 e=728 maxE=862 spd=10/20 hear=62 vis=200/1.42 mode=('fruit', 10, None, 6, 6, 0) fr100=2 tr100=2 predDist=None
  a48 pos=(643,925) age=17 e=183 maxE=1000 spd=10/10 hear=62 vis=200/1.42 mode=('fruit', 10, None, 1, 7, 0) fr100=2 tr100=2 predDist=None
  a49 pos=(159,624) age=17 e=205 maxE=615 spd=13/11 hear=69 vis=200/1.42 mode=('waitfruit', 0.0, None, 3, 9, 0) fr100=2 tr100=2 predDist=None
  a50 pos=(749,1084) age=17 e=324 maxE=1000 spd=10/20 hear=62 vis=200/1.42 mode=('fruit', 10, None, 1, 5, 0) fr100=1 tr100=2 predDist=None
  a51 pos=(809,644) age=17 e=571 maxE=615 spd=13/20 hear=50 vis=276/1.42 mode=('treewait', 0.0, None, 9, 15, 0) fr100=4 tr100=1 predDist=None
  a52 pos=(422,779) age=17 e=68 maxE=1000 spd=10/20 hear=62 vis=200/1.42 mode=('treewait', 0.0, None, 0, 7, 0) fr100=0 tr100=2 predDist=None
== t=600.0 alive=10 preds=0 trees=44 fruits=51 score=636.2
  a43 pos=(351,1104) age=104 e=419 maxE=1000 spd=10/20 hear=62 vis=200/1.42 mode=('elderwait', 0.0, None, 6, 14, 0) fr100=2 tr100=1 predDist=None
  a44 pos=(314,944) age=104 e=265 maxE=615 spd=13/20 hear=50 vis=200/1.42 mode=('elderwait', 0.0, None, 9, 15, 0) fr100=1 tr100=2 predDist=None
  a45 pos=(1057,511) age=104 e=443 maxE=862 spd=10/20 hear=62 vis=200/1.41 mode=('elderwait', 0.0, None, 2, 17, 0) fr100=2 tr100=1 predDist=None
  a46 pos=(337,914) age=104 e=126 maxE=615 spd=10/20 hear=45 vis=200/1.42 mode=('elderwait', 0.0, None, 12, 6, 0) fr100=1 tr100=2 predDist=None
  a47 pos=(169,656) age=104 e=671 maxE=862 spd=10/20 hear=62 vis=200/1.42 mode=('elderwait', 0.0, None, 8, 8, 0) fr100=1 tr100=1 predDist=None
  a48 pos=(1036,1119) age=42 e=334 maxE=1000 spd=10/10 hear=62 vis=200/1.42 mode=('treewait', 0.0, None, 0, 16, 0) fr100=0 tr100=0 predDist=None
  a49 pos=(161,597) age=42 e=326 maxE=615 spd=13/11 hear=69 vis=200/1.42 mode=('waitfruit', 0.0, None, 1, 11, 0) fr100=1 tr100=1 predDist=None
  a50 pos=(870,1112) age=42 e=349 maxE=1000 spd=10/20 hear=62 vis=200/1.42 mode=('treewait', 0.0, None, 0, 6, 0) fr100=0 tr100=1 predDist=None
  a51 pos=(719,637) age=42 e=614 maxE=615 spd=13/20 hear=50 vis=276/1.42 mode=('treewait', 0.0, None, 11, 19, 0) fr100=0 tr100=1 predDist=None
  a52 pos=(775,629) age=42 e=324 maxE=1000 spd=10/20 hear=62 vis=200/1.42 mode=('fruit', 10, None, 1, 20, 0) fr100=0 tr100=2 predDist=None
== t=625.0 alive=12 preds=0 trees=39 fruits=50 score=662.7
  a45 pos=(1057,511) age=129 e=10 maxE=862 spd=10/20 hear=62 vis=200/1.41 mode=('elderwait', 0.0, None, 1, 14, 0) fr100=0 tr100=1 predDist=None
  a47 pos=(169,656) age=129 e=136 maxE=862 spd=10/20 hear=62 vis=200/1.42 mode=('elderwait', 0.0, None, 8, 10, 0) fr100=0 tr100=1 predDist=None
  a48 pos=(970,855) age=67 e=338 maxE=1000 spd=10/10 hear=62 vis=200/1.42 mode=('elderwait', 0.0, None, 1, 14, 0) fr100=0 tr100=2 predDist=None
  a49 pos=(282,568) age=67 e=366 maxE=615 spd=13/11 hear=69 vis=200/1.42 mode=('elderwait', 0.0, None, 0, 10, 0) fr100=0 tr100=2 predDist=None
  a50 pos=(1341,964) age=67 e=653 maxE=1000 spd=10/20 hear=62 vis=200/1.42 mode=('elderwait', 0.0, None, 1, 12, 0) fr100=0 tr100=1 predDist=None
  a51 pos=(735,764) age=67 e=583 maxE=615 spd=13/20 hear=50 vis=276/1.42 mode=('elderwait', 0.0, None, 11, 15, 0) fr100=4 tr100=2 predDist=None
  a52 pos=(873,557) age=67 e=393 maxE=1000 spd=10/20 hear=62 vis=200/1.42 mode=('elderwait', 0.0, None, 1, 20, 0) fr100=0 tr100=1 predDist=None
  a53 pos=(1061,563) age=5 e=118 maxE=862 spd=10/20 hear=62 vis=175/1.41 mode=('treewait', 0.0, None, 0, 1, 0) fr100=0 tr100=1 predDist=None
  a54 pos=(431,773) age=5 e=435 maxE=805 spd=10/20 hear=49 vis=200/1.42 mode=('fruit', 10, None, 6, 8, 0) fr100=1 tr100=1 predDist=None
  a55 pos=(264,522) age=5 e=77 maxE=862 spd=10/20 hear=65 vis=200/1.24 mode=('treewait', 0.0, None, 0, 4, 0) fr100=0 tr100=2 predDist=None
  a56 pos=(1223,859) age=5 e=79 maxE=1000 spd=10/20 hear=62 vis=200/1.42 mode=('treewait', 0.0, None, 0, 2, 0) fr100=0 tr100=2 predDist=None
  a57 pos=(235,481) age=5 e=124 maxE=862 spd=10/20 hear=62 vis=200/1.42 mode=('treewait', 0.0, None, 0, 4, 0) fr100=0 tr100=2 predDist=None
== t=650.0 alive=10 preds=0 trees=26 fruits=56 score=688.8
  a48 pos=(970,855) age=92 e=293 maxE=1000 spd=10/10 hear=62 vis=200/1.42 mode=('elderwait', 0.0, None, 10, 15, 0) fr100=1 tr100=1 predDist=None
  a49 pos=(282,568) age=92 e=321 maxE=615 spd=13/11 hear=69 vis=200/1.42 mode=('elderwait', 0.0, None, 5, 9, 0) fr100=0 tr100=1 predDist=None
  a50 pos=(1341,964) age=92 e=410 maxE=1000 spd=10/20 hear=62 vis=200/1.42 mode=('elderwait', 0.0, None, 4, 11, 0) fr100=0 tr100=1 predDist=None
  a51 pos=(754,781) age=92 e=596 maxE=615 spd=13/20 hear=50 vis=276/1.42 mode=('elderwait', 0.0, None, 7, 15, 0) fr100=2 tr100=1 predDist=None
  a52 pos=(893,558) age=92 e=347 maxE=1000 spd=10/20 hear=62 vis=200/1.42 mode=('elderwait', 0.0, None, 4, 19, 0) fr100=1 tr100=0 predDist=None
  a53 pos=(1379,612) age=30 e=250 maxE=862 spd=10/20 hear=62 vis=175/1.41 mode=('treewait', 0.0, None, 0, 2, 0) fr100=0 tr100=1 predDist=None
  a54 pos=(530,894) age=30 e=742 maxE=805 spd=10/20 hear=49 vis=200/1.42 mode=('treewait', 0.0, None, 12, 11, 0) fr100=4 tr100=1 predDist=None
  a55 pos=(236,674) age=30 e=159 maxE=862 spd=10/20 hear=65 vis=200/1.24 mode=('treewait', 0.0, None, 0, 4, 0) fr100=0 tr100=1 predDist=None
  a56 pos=(1275,880) age=30 e=95 maxE=1000 spd=10/20 hear=62 vis=200/1.42 mode=('treewait', 0.0, None, 0, 4, 0) fr100=0 tr100=1 predDist=None
  a57 pos=(239,673) age=30 e=235 maxE=862 spd=10/20 hear=62 vis=200/1.42 mode=('treewait', 0.0, None, 0, 3, 0) fr100=0 tr100=1 predDist=None
== t=675.0 alive=10 preds=0 trees=35 fruits=55 score=715.0
  a48 pos=(1001,904) age=117 e=254 maxE=1000 spd=10/10 hear=62 vis=200/1.42 mode=('elderwait', 0.0, None, 11, 19, 0) fr100=2 tr100=3 predDist=None
  a49 pos=(282,568) age=117 e=101 maxE=615 spd=13/11 hear=69 vis=200/1.42 mode=('elderwait', 0.0, None, 6, 13, 0) fr100=0 tr100=0 predDist=None
  a50 pos=(1331,876) age=117 e=180 maxE=1000 spd=10/20 hear=62 vis=200/1.42 mode=('elderwait', 0.0, None, 3, 12, 0) fr100=2 tr100=0 predDist=None
  a51 pos=(765,776) age=117 e=590 maxE=615 spd=13/20 hear=50 vis=276/1.42 mode=('elderwait', 0.0, None, 5, 15, 0) fr100=1 tr100=0 predDist=None
  a52 pos=(893,558) age=117 e=153 maxE=1000 spd=10/20 hear=62 vis=200/1.42 mode=('elderwait', 0.0, None, 3, 20, 0) fr100=1 tr100=0 predDist=None
  a53 pos=(792,65) age=55 e=826 maxE=862 spd=10/20 hear=62 vis=175/1.41 mode=('treewait', 0.0, None, 2, 4, 0) fr100=2 tr100=1 predDist=None
  a54 pos=(484,879) age=55 e=774 maxE=805 spd=10/20 hear=49 vis=200/1.42 mode=('treewait', 0.0, None, 18, 9, 0) fr100=4 tr100=0 predDist=None
  a55 pos=(244,674) age=55 e=148 maxE=862 spd=10/20 hear=65 vis=200/1.24 mode=('treewait', 0.0, None, 0, 9, 0) fr100=0 tr100=4 predDist=None
  a56 pos=(1374,1025) age=55 e=94 maxE=1000 spd=10/20 hear=62 vis=200/1.42 mode=('explore', 10, None, 0, 7, 0) fr100=0 tr100=0 predDist=None
  a57 pos=(245,671) age=55 e=205 maxE=862 spd=10/20 hear=62 vis=200/1.42 mode=('treewait', 0.0, None, 0, 8, 0) fr100=0 tr100=4 predDist=None
== t=700.0 alive=9 preds=0 trees=39 fruits=46 score=741.5
  a53 pos=(784,59) age=80 e=680 maxE=862 spd=10/20 hear=62 vis=175/1.41 mode=('elderwait', 0.0, None, 1, 7, 0) fr100=0 tr100=1 predDist=None
  a54 pos=(574,762) age=80 e=593 maxE=805 spd=10/20 hear=49 vis=200/1.42 mode=('elderwait', 0.0, None, 15, 7, 0) fr100=0 tr100=0 predDist=None
  a55 pos=(329,655) age=80 e=119 maxE=862 spd=10/20 hear=65 vis=200/1.24 mode=('elderwait', 0.0, None, 10, 10, 0) fr100=2 tr100=4 predDist=None
  a56 pos=(1127,761) age=80 e=187 maxE=1000 spd=10/20 hear=62 vis=200/1.42 mode=('elderwait', 0.0, None, 8, 7, 0) fr100=3 tr100=2 predDist=None
  a57 pos=(324,663) age=80 e=112 maxE=862 spd=10/20 hear=62 vis=200/1.42 mode=('elderwait', 0.0, None, 10, 9, 0) fr100=3 tr100=4 predDist=None
  a58 pos=(349,968) age=18 e=584 maxE=615 spd=13/20 hear=50 vis=276/1.42 mode=('treewait', 0.0, None, 12, 10, 0) fr100=4 tr100=2 predDist=None
  a59 pos=(172,1159) age=18 e=366 maxE=615 spd=13/20 hear=50 vis=276/1.42 mode=('fruit', 12.8, None, 8, 6, 0) fr100=5 tr100=2 predDist=None
  a60 pos=(306,323) age=18 e=98 maxE=862 spd=13/29 hear=62 vis=175/1.41 mode=('fruit', 13.3, None, 2, 3, 0) fr100=1 tr100=1 predDist=None
  a62 pos=(362,1105) age=8 e=24 maxE=805 spd=10/20 hear=49 vis=200/1.15 mode=('fruit', 10, None, 2, 1, 0) fr100=0 tr100=1 predDist=None
== t=725.0 alive=8 preds=0 trees=34 fruits=82 score=767.4
  a53 pos=(784,59) age=105 e=471 maxE=862 spd=10/20 hear=62 vis=175/1.41 mode=('elderwait', 0.0, None, 2, 8, 0) fr100=1 tr100=1 predDist=None
  a54 pos=(574,762) age=105 e=317 maxE=805 spd=10/20 hear=49 vis=200/1.42 mode=('elderwait', 0.0, None, 7, 7, 0) fr100=0 tr100=0 predDist=None
  a55 pos=(329,655) age=105 e=27 maxE=862 spd=10/20 hear=65 vis=200/1.24 mode=('elderwait', 0.0, None, 27, 10, 0) fr100=8 tr100=2 predDist=None
  a56 pos=(1140,693) age=105 e=306 maxE=1000 spd=10/20 hear=62 vis=200/1.42 mode=('elderwait', 0.0, None, 9, 6, 0) fr100=1 tr100=1 predDist=None
  a58 pos=(222,971) age=43 e=556 maxE=615 spd=13/20 hear=50 vis=276/1.42 mode=('treewait', 0.0, None, 13, 11, 0) fr100=0 tr100=3 predDist=None
  a59 pos=(251,962) age=43 e=577 maxE=615 spd=13/20 hear=50 vis=276/1.42 mode=('treewait', 0.0, None, 15, 7, 0) fr100=0 tr100=3 predDist=None
  a60 pos=(265,245) age=43 e=230 maxE=862 spd=13/29 hear=62 vis=175/1.41 mode=('fruit', 13.3, None, 1, 4, 0) fr100=0 tr100=0 predDist=None
  a62 pos=(113,1081) age=33 e=61 maxE=805 spd=10/20 hear=49 vis=200/1.15 mode=('treewait', 0.0, None, 0, 5, 0) fr100=0 tr100=3 predDist=None
== t=750.0 alive=8 preds=0 trees=30 fruits=61 score=793.9
  a56 pos=(1143,703) age=130 e=10 maxE=1000 spd=10/20 hear=62 vis=200/1.42 mode=('elderwait', 0.0, None, 11, 8, 0) fr100=1 tr100=2 predDist=None
  a58 pos=(319,740) age=68 e=546 maxE=615 spd=13/20 hear=50 vis=276/1.42 mode=('elderwait', 0.0, None, 35, 12, 0) fr100=5 tr100=1 predDist=None
  a59 pos=(184,690) age=68 e=605 maxE=615 spd=13/20 hear=50 vis=276/1.42 mode=('elderwait', 0.0, None, 27, 11, 0) fr100=4 tr100=1 predDist=None
  a60 pos=(840,70) age=68 e=398 maxE=862 spd=13/29 hear=62 vis=175/1.41 mode=('elderwait', 0.0, None, 1, 3, 0) fr100=1 tr100=1 predDist=None
  a62 pos=(128,765) age=58 e=783 maxE=805 spd=10/20 hear=49 vis=200/1.15 mode=('treewait', 0.0, None, 20, 10, 0) fr100=3 tr100=2 predDist=None
  a63 pos=(1088,985) age=6 e=166 maxE=1000 spd=10/20 hear=62 vis=200/1.42 mode=('fruit', 10, None, 5, 4, 0) fr100=1 tr100=3 predDist=None
  a64 pos=(1052,301) age=6 e=97 maxE=862 spd=10/20 hear=62 vis=175/1.41 mode=('fruit', 10, None, 2, 2, 0) fr100=1 tr100=0 predDist=None
  a65 pos=(370,62) age=6 e=38 maxE=862 spd=10/20 hear=62 vis=175/1.57 mode=('explore', 10, None, 0, 1, 0) fr100=0 tr100=0 predDist=None
== t=775.0 alive=8 preds=0 trees=33 fruits=39 score=821.1
  a58 pos=(319,740) age=93 e=398 maxE=615 spd=13/20 hear=50 vis=276/1.42 mode=('elderwait', 0.0, None, 40, 15, 0) fr100=0 tr100=1 predDist=None
  a59 pos=(184,690) age=93 e=360 maxE=615 spd=13/20 hear=50 vis=276/1.42 mode=('elderwait', 0.0, None, 33, 12, 0) fr100=0 tr100=2 predDist=None
  a60 pos=(840,70) age=93 e=152 maxE=862 spd=13/29 hear=62 vis=175/1.41 mode=('elderwait', 0.0, None, 5, 3, 0) fr100=2 tr100=0 predDist=None
  a62 pos=(128,765) age=83 e=608 maxE=805 spd=10/20 hear=49 vis=200/1.15 mode=('elderwait', 0.0, None, 18, 11, 0) fr100=0 tr100=1 predDist=None
  a63 pos=(1108,981) age=31 e=773 maxE=1000 spd=10/20 hear=62 vis=200/1.42 mode=('fruit', 10, None, 5, 5, 0) fr100=2 tr100=3 predDist=None
  a64 pos=(1107,719) age=31 e=225 maxE=862 spd=10/20 hear=62 vis=175/1.41 mode=('fruit', 10, None, 1, 6, 0) fr100=1 tr100=2 predDist=None
  a66 pos=(635,1149) age=21 e=543 maxE=615 spd=13/20 hear=50 vis=276/1.42 mode=('fruit', 12.8, None, 4, 9, 0) fr100=1 tr100=1 predDist=None
  a67 pos=(199,609) age=19 e=595 maxE=615 spd=13/20 hear=50 vis=276/1.57 mode=('treewait', 0.0, None, 9, 8, 0) fr100=0 tr100=1 predDist=None
== t=800.0 alive=7 preds=0 trees=27 fruits=39 score=846.6
  a58 pos=(319,740) age=118 e=90 maxE=615 spd=13/20 hear=50 vis=276/1.42 mode=('elderwait', 0.0, None, 21, 14, 0) fr100=1 tr100=0 predDist=None
  a59 pos=(122,715) age=118 e=165 maxE=615 spd=13/20 hear=50 vis=276/1.42 mode=('elderwait', 0.0, None, 23, 14, 0) fr100=1 tr100=0 predDist=None
  a62 pos=(128,765) age=108 e=325 maxE=805 spd=10/20 hear=49 vis=200/1.15 mode=('elderwait', 0.0, None, 8, 11, 0) fr100=0 tr100=1 predDist=None
  a63 pos=(1147,991) age=56 e=922 maxE=1000 spd=10/20 hear=62 vis=200/1.42 mode=('explore', 10, None, 1, 3, 0) fr100=0 tr100=1 predDist=None
  a64 pos=(1295,886) age=56 e=240 maxE=862 spd=10/20 hear=62 vis=175/1.41 mode=('explore', 10, None, 0, 6, 0) fr100=0 tr100=0 predDist=None
  a66 pos=(557,1072) age=46 e=568 maxE=615 spd=13/20 hear=50 vis=276/1.42 mode=('treewait', 0.0, None, 5, 13, 0) fr100=1 tr100=1 predDist=None
  a67 pos=(85,551) age=44 e=582 maxE=615 spd=13/20 hear=50 vis=276/1.57 mode=('treewait', 0.0, None, 12, 7, 0) fr100=1 tr100=2 predDist=None
== t=825.0 alive=8 preds=0 trees=31 fruits=50 score=872.5
  a63 pos=(1462,752) age=81 e=640 maxE=1000 spd=10/20 hear=62 vis=200/1.42 mode=('elderwait', 0.0, None, 6, 7, 0) fr100=0 tr100=1 predDist=None
  a64 pos=(1228,997) age=81 e=165 maxE=862 spd=10/20 hear=62 vis=175/1.41 mode=('elderwait', 0.0, None, 0, 9, 0) fr100=0 tr100=3 predDist=None
  a66 pos=(503,1017) age=71 e=573 maxE=615 spd=13/20 hear=50 vis=276/1.42 mode=('elderwait', 0.0, None, 22, 15, 0) fr100=1 tr100=3 predDist=None
  a67 pos=(135,580) age=69 e=534 maxE=615 spd=13/20 hear=50 vis=276/1.57 mode=('elderwait', 0.0, None, 11, 9, 0) fr100=2 tr100=2 predDist=None
  a68 pos=(275,405) age=19 e=305 maxE=805 spd=10/28 hear=49 vis=200/1.15 mode=('treewait', 0.0, None, 0, 8, 0) fr100=0 tr100=0 predDist=None
  a69 pos=(1421,798) age=19 e=402 maxE=1000 spd=10/20 hear=62 vis=200/1.42 mode=('treewait', 0.0, None, 0, 2, 0) fr100=0 tr100=1 predDist=None
  a70 pos=(1420,746) age=9 e=130 maxE=1000 spd=12/20 hear=62 vis=200/1.42 mode=('treewait', 0.0, None, 0, 4, 0) fr100=0 tr100=1 predDist=None
  a71 pos=(1432,788) age=7 e=58 maxE=1000 spd=10/20 hear=62 vis=200/1.42 mode=('treewait', 0.0, None, 0, 2, 0) fr100=0 tr100=1 predDist=None
== t=850.0 alive=8 preds=0 trees=36 fruits=61 score=898.4
  a63 pos=(1471,752) age=106 e=434 maxE=1000 spd=10/20 hear=62 vis=200/1.42 mode=('elderwait', 0.0, None, 4, 8, 0) fr100=1 tr100=1 predDist=None
  a64 pos=(1250,1017) age=106 e=19 maxE=862 spd=10/20 hear=62 vis=175/1.41 mode=('elderwait', 0.0, None, 2, 10, 0) fr100=1 tr100=2 predDist=None
  a66 pos=(503,1017) age=96 e=528 maxE=615 spd=13/20 hear=50 vis=276/1.42 mode=('elderwait', 0.0, None, 29, 15, 0) fr100=2 tr100=1 predDist=None
  a67 pos=(159,609) age=94 e=303 maxE=615 spd=13/20 hear=50 vis=276/1.57 mode=('elderwait', 0.0, None, 16, 10, 0) fr100=1 tr100=4 predDist=None
  a68 pos=(187,693) age=44 e=698 maxE=805 spd=10/28 hear=49 vis=200/1.15 mode=('fruit', 10, None, 1, 8, 0) fr100=0 tr100=2 predDist=None
  a69 pos=(1053,1115) age=44 e=415 maxE=1000 spd=10/20 hear=62 vis=200/1.42 mode=('tree', 10, None, 0, 7, 0) fr100=0 tr100=0 predDist=None
  a70 pos=(1499,1120) age=34 e=52 maxE=1000 spd=12/20 hear=62 vis=200/1.42 mode=('explore', 11.7, None, 0, 6, 0) fr100=0 tr100=0 predDist=None
  a72 pos=(1047,1117) age=9 e=265 maxE=465 spd=10/20 hear=62 vis=175/1.41 mode=('tree', 10, None, 0, 3, 0) fr100=0 tr100=0 predDist=None
== t=875.0 alive=7 preds=0 trees=34 fruits=58 score=925.6
  a66 pos=(509,1020) age=121 e=354 maxE=615 spd=13/20 hear=50 vis=276/1.42 mode=('elderwait', 0.0, None, 32, 13, 0) fr100=1 tr100=1 predDist=None
  a68 pos=(222,675) age=69 e=762 maxE=805 spd=10/28 hear=49 vis=200/1.15 mode=('elderwait', 0.0, None, 8, 7, 0) fr100=2 tr100=0 predDist=None
  a69 pos=(1412,672) age=69 e=586 maxE=1000 spd=10/20 hear=62 vis=200/1.42 mode=('elderwait', 0.0, None, 2, 8, 0) fr100=1 tr100=1 predDist=None
  a70 pos=(1358,625) age=59 e=785 maxE=1000 spd=12/20 hear=62 vis=200/1.42 mode=('waitfruit', 0.0, None, 4, 8, 0) fr100=1 tr100=1 predDist=None
  a72 pos=(663,924) age=34 e=435 maxE=465 spd=10/20 hear=62 vis=175/1.41 mode=('treewait', 0.0, None, 18, 3, 0) fr100=2 tr100=0 predDist=None
  a73 pos=(1505,984) age=7 e=102 maxE=1000 spd=8/20 hear=62 vis=200/1.42 mode=('treewait', 0.0, None, 0, 4, 0) fr100=0 tr100=1 predDist=None
  a74 pos=(659,917) age=7 e=565 maxE=615 spd=13/12 hear=50 vis=276/0.95 mode=('tree', 12.1, None, 9, 5, 0) fr100=2 tr100=0 predDist=None
== t=900.0 alive=7 preds=0 trees=31 fruits=66 score=951.5
  a68 pos=(222,675) age=94 e=677 maxE=805 spd=10/28 hear=49 vis=200/1.15 mode=('elderwait', 0.0, None, 14, 7, 0) fr100=2 tr100=1 predDist=None
  a69 pos=(1412,672) age=94 e=433 maxE=1000 spd=10/20 hear=62 vis=200/1.42 mode=('elderwait', 0.0, None, 3, 9, 0) fr100=0 tr100=0 predDist=None
  a70 pos=(1339,626) age=84 e=751 maxE=1000 spd=12/20 hear=62 vis=200/1.42 mode=('elderwait', 0.0, None, 5, 8, 0) fr100=0 tr100=0 predDist=None
  a72 pos=(414,882) age=59 e=425 maxE=465 spd=10/20 hear=62 vis=175/1.41 mode=('treewait', 0.0, None, 25, 9, 0) fr100=4 tr100=2 predDist=None
  a73 pos=(1124,1063) age=32 e=266 maxE=1000 spd=8/20 hear=62 vis=200/1.42 mode=('tree', 7.6, None, 2, 6, 0) fr100=0 tr100=0 predDist=None
  a74 pos=(391,807) age=32 e=600 maxE=615 spd=13/12 hear=50 vis=276/0.95 mode=('treewait', 0.0, None, 16, 10, 0) fr100=7 tr100=2 predDist=None
  a75 pos=(676,1051) age=22 e=335 maxE=615 spd=13/20 hear=50 vis=276/1.42 mode=('detour', 12.8, None, 20, 4, 0) fr100=0 tr100=0 predDist=None
== t=925.0 alive=8 preds=0 trees=24 fruits=59 score=977.7
  a68 pos=(222,675) age=119 e=266 maxE=805 spd=10/28 hear=49 vis=200/1.15 mode=('elderwait', 0.0, None, 15, 6, 0) fr100=1 tr100=2 predDist=None
  a69 pos=(1412,672) age=119 e=122 maxE=1000 spd=10/20 hear=62 vis=200/1.42 mode=('elderwait', 0.0, None, 3, 9, 0) fr100=0 tr100=0 predDist=None
  a70 pos=(1339,626) age=109 e=465 maxE=1000 spd=12/20 hear=62 vis=200/1.42 mode=('elderwait', 0.0, None, 3, 7, 0) fr100=0 tr100=0 predDist=None
  a72 pos=(410,873) age=84 e=400 maxE=465 spd=10/20 hear=62 vis=175/1.41 mode=('elderwait', 0.0, None, 14, 8, 0) fr100=6 tr100=1 predDist=None
  a73 pos=(1127,880) age=57 e=393 maxE=1000 spd=8/20 hear=62 vis=200/1.42 mode=('waitfruit', 0.0, None, 2, 7, 0) fr100=2 tr100=2 predDist=None
  a74 pos=(398,797) age=57 e=555 maxE=615 spd=13/12 hear=50 vis=276/0.95 mode=('treewait', 0.0, None, 19, 9, 0) fr100=8 tr100=2 predDist=None
  a75 pos=(149,1057) age=47 e=602 maxE=615 spd=13/20 hear=50 vis=276/1.42 mode=('treewait', 0.0, None, 37, 6, 0) fr100=9 tr100=1 predDist=None
  a76 pos=(221,484) age=22 e=518 maxE=805 spd=10/28 hear=49 vis=200/1.15 mode=('waitfruit', 0.0, None, 1, 3, 0) fr100=1 tr100=1 predDist=None
== t=950.0 alive=9 preds=0 trees=23 fruits=45 score=1004.4
  a70 pos=(1328,611) age=134 e=118 maxE=1000 spd=12/20 hear=62 vis=200/1.42 mode=('elderwait', 0.0, None, 3, 6, 0) fr100=0 tr100=0 predDist=None
  a72 pos=(420,828) age=109 e=171 maxE=465 spd=10/20 hear=62 vis=175/1.41 mode=('elderwait', 0.0, None, 12, 6, 0) fr100=0 tr100=0 predDist=None
  a73 pos=(1162,864) age=82 e=396 maxE=1000 spd=8/20 hear=62 vis=200/1.42 mode=('elderwait', 0.0, None, 5, 7, 0) fr100=1 tr100=1 predDist=None
  a74 pos=(447,819) age=82 e=454 maxE=615 spd=13/12 hear=50 vis=276/0.95 mode=('elderwait', 0.0, None, 23, 7, 0) fr100=0 tr100=0 predDist=None
  a75 pos=(175,1055) age=72 e=575 maxE=615 spd=13/20 hear=50 vis=276/1.42 mode=('elderwait', 0.0, None, 22, 6, 0) fr100=0 tr100=1 predDist=None
  a76 pos=(200,685) age=47 e=562 maxE=805 spd=10/28 hear=49 vis=200/1.15 mode=('fruit', 10, None, 2, 3, 0) fr100=2 tr100=2 predDist=None
  a78 pos=(475,797) age=20 e=421 maxE=465 spd=10/20 hear=62 vis=175/1.57 mode=('treewait', 0.0, None, 3, 4, 0) fr100=0 tr100=0 predDist=None
  a79 pos=(668,792) age=10 e=432 maxE=465 spd=10/20 hear=62 vis=175/1.41 mode=('treewait', 0.0, None, 4, 2, 0) fr100=0 tr100=0 predDist=None
  a80 pos=(78,1138) age=10 e=476 maxE=615 spd=13/20 hear=50 vis=276/1.42 mode=('detour', 12.8, None, 1, 2, 0) fr100=0 tr100=0 predDist=None
== t=975.0 alive=8 preds=0 trees=24 fruits=48 score=1030.0
  a73 pos=(1162,864) age=107 e=351 maxE=1000 spd=8/20 hear=62 vis=200/1.42 mode=('elderwait', 0.0, None, 5, 7, 0) fr100=2 tr100=1 predDist=None
  a74 pos=(447,819) age=107 e=173 maxE=615 spd=13/12 hear=50 vis=276/0.95 mode=('elderwait', 0.0, None, 19, 10, 0) fr100=0 tr100=1 predDist=None
  a75 pos=(175,1055) age=97 e=476 maxE=615 spd=13/20 hear=50 vis=276/1.42 mode=('elderwait', 0.0, None, 12, 5, 0) fr100=0 tr100=1 predDist=None
  a76 pos=(127,665) age=72 e=566 maxE=805 spd=10/28 hear=49 vis=200/1.15 mode=('elderwait', 0.0, None, 5, 4, 0) fr100=0 tr100=2 predDist=None
  a78 pos=(714,934) age=45 e=415 maxE=465 spd=10/20 hear=62 vis=175/1.57 mode=('tree', 10, None, 2, 5, 0) fr100=0 tr100=0 predDist=None
  a79 pos=(520,1038) age=35 e=405 maxE=465 spd=10/20 hear=62 vis=175/1.41 mode=('treewait', 0.0, None, 2, 3, 0) fr100=1 tr100=2 predDist=None
  a80 pos=(123,901) age=35 e=527 maxE=615 spd=13/20 hear=50 vis=276/1.42 mode=('treewait', 0.0, None, 0, 3, 0) fr100=0 tr100=1 predDist=None
  a81 pos=(179,669) age=10 e=160 maxE=805 spd=10/28 hear=49 vis=200/1.31 mode=('treewait', 0.0, None, 0, 5, 0) fr100=0 tr100=3 predDist=None
== t=1000.0 alive=8 preds=0 trees=20 fruits=39 score=1055.2
  a73 pos=(1162,864) age=132 e=85 maxE=1000 spd=8/20 hear=62 vis=200/1.42 mode=('elderwait', 0.0, None, 4, 6, 0) fr100=1 tr100=1 predDist=None
  a75 pos=(175,1055) age=122 e=159 maxE=615 spd=13/20 hear=50 vis=276/1.42 mode=('elderwait', 0.0, None, 4, 6, 0) fr100=1 tr100=2 predDist=None
  a76 pos=(127,665) age=97 e=211 maxE=805 spd=10/28 hear=49 vis=200/1.15 mode=('elderwait', 0.0, None, 6, 2, 0) fr100=0 tr100=0 predDist=None
  a78 pos=(849,885) age=70 e=379 maxE=465 spd=10/20 hear=62 vis=175/1.57 mode=('elderwait', 0.0, None, 7, 7, 0) fr100=5 tr100=1 predDist=None
  a79 pos=(602,1016) age=60 e=391 maxE=465 spd=10/20 hear=62 vis=175/1.41 mode=('fruit', 10, None, 2, 5, 0) fr100=0 tr100=2 predDist=None
  a80 pos=(265,718) age=60 e=479 maxE=615 spd=13/20 hear=50 vis=276/1.42 mode=('treewait', 0.0, None, 0, 5, 0) fr100=0 tr100=1 predDist=None
  a81 pos=(240,714) age=35 e=149 maxE=805 spd=10/28 hear=49 vis=200/1.31 mode=('treewait', 0.0, None, 0, 4, 0) fr100=0 tr100=1 predDist=None
  a82 pos=(227,706) age=8 e=75 maxE=805 spd=10/26 hear=49 vis=200/1.15 mode=('treewait', 0.0, None, 0, 4, 0) fr100=0 tr100=1 predDist=None
== t=1025.0 alive=7 preds=0 trees=18 fruits=38 score=1080.8
  a78 pos=(880,928) age=95 e=26 maxE=465 spd=10/20 hear=62 vis=175/1.57 mode=('elderwait', 0.0, None, 5, 7, 0) fr100=3 tr100=1 predDist=None
  a79 pos=(587,1057) age=85 e=335 maxE=465 spd=10/20 hear=62 vis=175/1.41 mode=('elderwait', 0.0, None, 4, 4, 0) fr100=3 tr100=2 predDist=None
  a80 pos=(197,642) age=85 e=299 maxE=615 spd=13/20 hear=50 vis=276/1.42 mode=('elderwait', 0.0, None, 6, 5, 0) fr100=1 tr100=1 predDist=None
  a81 pos=(392,787) age=60 e=106 maxE=805 spd=10/28 hear=49 vis=200/1.31 mode=('treewait', 0.0, None, 0, 5, 0) fr100=0 tr100=1 predDist=None
  a82 pos=(331,751) age=33 e=119 maxE=805 spd=10/26 hear=49 vis=200/1.15 mode=('treewait', 0.0, None, 0, 5, 0) fr100=0 tr100=1 predDist=None
  a83 pos=(378,742) age=23 e=7 maxE=805 spd=10/28 hear=49 vis=200/1.15 mode=('tree', 10, None, 0, 4, 0) fr100=0 tr100=1 predDist=None
  a84 pos=(1052,1046) age=23 e=400 maxE=465 spd=10/22 hear=62 vis=175/1.57 mode=('explore', 10, None, 6, 1, 0) fr100=3 tr100=0 predDist=None
== t=1050.0 alive=4 preds=0 trees=18 fruits=36 score=1106.3
  a82 pos=(344,979) age=58 e=101 maxE=805 spd=10/26 hear=49 vis=200/1.15 mode=('explore', 10, None, 0, 3, 0) fr100=0 tr100=0 predDist=None
  a84 pos=(894,887) age=48 e=413 maxE=465 spd=10/22 hear=62 vis=175/1.57 mode=('treewait', 0.0, None, 5, 5, 0) fr100=3 tr100=1 predDist=None
  a85 pos=(616,1133) age=24 e=281 maxE=465 spd=10/20 hear=62 vis=175/1.41 mode=('treewait', 0.0, None, 0, 1, 0) fr100=0 tr100=0 predDist=None
  a87 pos=(618,1151) age=13 e=82 maxE=646 spd=10/20 hear=62 vis=175/1.41 mode=('treewait', 0.0, None, 0, 1, 0) fr100=0 tr100=0 predDist=None
== t=1075.0 alive=6 preds=0 trees=24 fruits=31 score=1131.7
  a82 pos=(330,1081) age=83 e=29 maxE=805 spd=10/26 hear=49 vis=200/1.15 mode=('elderwait', 0.0, None, 7, 3, 0) fr100=0 tr100=0 predDist=None
  a84 pos=(1304,895) age=73 e=135 maxE=465 spd=10/22 hear=62 vis=175/1.57 mode=('elderwait', 0.0, None, 2, 9, 0) fr100=0 tr100=1 predDist=None
  a85 pos=(1065,500) age=49 e=198 maxE=465 spd=10/20 hear=62 vis=175/1.41 mode=('treewait', 0.0, None, 0, 3, 0) fr100=0 tr100=2 predDist=None
  a88 pos=(514,919) age=21 e=2 maxE=465 spd=10/22 hear=62 vis=175/1.57 mode=('explore', 10, None, 0, 0, 0) fr100=0 tr100=0 predDist=None
  a89 pos=(1343,1018) age=3 e=184 maxE=465 spd=10/22 hear=62 vis=175/1.57 mode=('treewait', 0.0, None, 0, 3, 0) fr100=0 tr100=4 predDist=None
  a90 pos=(1214,653) age=3 e=58 maxE=465 spd=10/22 hear=62 vis=238/1.57 mode=('explore', 10, None, 0, 2, 0) fr100=0 tr100=0 predDist=None
== t=1100.0 alive=5 preds=0 trees=24 fruits=32 score=1157.3
  a85 pos=(1183,562) age=74 e=69 maxE=465 spd=10/20 hear=62 vis=175/1.41 mode=('elderwait', 0.0, None, 1, 5, 0) fr100=0 tr100=1 predDist=None
  a89 pos=(1363,1017) age=28 e=138 maxE=465 spd=10/22 hear=62 vis=175/1.57 mode=('treewait', 0.0, None, 0, 5, 0) fr100=0 tr100=0 predDist=None
  a90 pos=(1141,520) age=28 e=76 maxE=465 spd=10/22 hear=62 vis=238/1.57 mode=('treewait', 0.0, None, 0, 2, 0) fr100=0 tr100=1 predDist=None
  a91 pos=(1303,951) age=25 e=57 maxE=465 spd=8/22 hear=62 vis=175/1.57 mode=('treewait', 0.0, None, 0, 1, 0) fr100=0 tr100=2 predDist=None
  a92 pos=(742,677) age=12 e=424 maxE=465 spd=10/20 hear=62 vis=175/1.41 mode=('treewait', 0.0, None, 2, 3, 0) fr100=1 tr100=1 predDist=None
== t=1125.0 alive=5 preds=0 trees=23 fruits=33 score=1183.0
  a85 pos=(1183,562) age=99 e=24 maxE=465 spd=10/20 hear=62 vis=175/1.41 mode=('elderwait', 0.0, None, 2, 6, 0) fr100=0 tr100=0 predDist=None
  a89 pos=(1072,1003) age=53 e=162 maxE=465 spd=10/22 hear=62 vis=175/1.57 mode=('fruit', 10, None, 3, 4, 0) fr100=3 tr100=2 predDist=None
  a91 pos=(1070,1012) age=50 e=307 maxE=465 spd=8/22 hear=62 vis=175/1.57 mode=('fruit', 8.5, None, 4, 7, 0) fr100=3 tr100=2 predDist=None
  a92 pos=(731,635) age=37 e=435 maxE=465 spd=10/20 hear=62 vis=175/1.41 mode=('treewait', 0.0, None, 1, 4, 0) fr100=0 tr100=1 predDist=None
  a93 pos=(1089,1019) age=0 e=74 maxE=465 spd=8/22 hear=62 vis=175/1.57 mode=('fruit', 8.5, None, 2, 2, 0) fr100=3 tr100=2 predDist=None
== t=1150.0 alive=6 preds=0 trees=17 fruits=29 score=1208.8
  a89 pos=(851,961) age=78 e=110 maxE=465 spd=10/22 hear=62 vis=175/1.57 mode=('elderwait', 0.0, None, 4, 6, 0) fr100=0 tr100=0 predDist=None
  a91 pos=(725,862) age=75 e=352 maxE=465 spd=8/22 hear=62 vis=175/1.57 mode=('elderwait', 0.0, None, 0, 7, 0) fr100=0 tr100=0 predDist=None
  a92 pos=(1350,110) age=62 e=272 maxE=465 spd=10/20 hear=62 vis=175/1.41 mode=('explore', 10, None, 0, 5, 0) fr100=0 tr100=2 predDist=None
  a93 pos=(979,830) age=25 e=83 maxE=465 spd=8/22 hear=62 vis=175/1.57 mode=('treewait', 0.0, None, 0, 1, 0) fr100=0 tr100=0 predDist=None
  a94 pos=(276,905) age=16 e=252 maxE=465 spd=10/22 hear=62 vis=175/1.57 mode=('fruit', 10, None, 5, 3, 0) fr100=2 tr100=1 predDist=None
  a95 pos=(1007,880) age=13 e=16 maxE=465 spd=10/22 hear=62 vis=175/1.57 mode=('treewait', 0.0, None, 0, 2, 0) fr100=0 tr100=0 predDist=None
== t=1175.0 alive=4 preds=0 trees=17 fruits=24 score=1234.8
  a92 pos=(1343,127) age=87 e=184 maxE=465 spd=10/20 hear=62 vis=175/1.41 mode=('waitfruit', 0.0, None, 4, 5, 0) fr100=4 tr100=2 predDist=None
  a93 pos=(1248,904) age=50 e=383 maxE=465 spd=8/22 hear=62 vis=175/1.57 mode=('treewait', 0.0, None, 0, 4, 0) fr100=0 tr100=1 predDist=None
  a94 pos=(299,848) age=41 e=421 maxE=465 spd=10/22 hear=62 vis=175/1.57 mode=('treewait', 0.0, None, 4, 4, 0) fr100=1 tr100=1 predDist=None
  a97 pos=(65,1165) age=20 e=304 maxE=465 spd=8/22 hear=62 vis=175/1.57 mode=('detour', 8.5, None, 2, 2, 0) fr100=0 tr100=0 predDist=None
== t=1200.0 alive=6 preds=0 trees=16 fruits=23 score=1260.3
  a92 pos=(1320,176) age=112 e=29 maxE=465 spd=10/20 hear=62 vis=175/1.41 mode=('elderwait', 0.0, None, 0, 4, 0) fr100=0 tr100=0 predDist=None
  a93 pos=(1146,634) age=75 e=260 maxE=465 spd=8/22 hear=62 vis=175/1.57 mode=('elderwait', 0.0, None, 0, 3, 0) fr100=0 tr100=0 predDist=None
  a94 pos=(294,744) age=66 e=417 maxE=465 spd=10/22 hear=62 vis=175/1.57 mode=('elderwait', 0.0, None, 5, 5, 0) fr100=4 tr100=0 predDist=None
  a97 pos=(439,1036) age=45 e=247 maxE=465 spd=8/22 hear=62 vis=175/1.57 mode=('waitfruit', 0.0, None, 1, 2, 0) fr100=1 tr100=1 predDist=None
  a98 pos=(1299,109) age=13 e=106 maxE=465 spd=10/20 hear=62 vis=175/1.41 mode=('treewait', 0.0, None, 0, 1, 0) fr100=0 tr100=0 predDist=None
  a99 pos=(1059,502) age=4 e=54 maxE=465 spd=8/22 hear=33 vis=175/1.57 mode=('explore', 8.5, None, 0, 3, 0) fr100=0 tr100=1 predDist=None
== t=1225.0 alive=5 preds=0 trees=20 fruits=26 score=1286.1
  a94 pos=(289,721) age=91 e=201 maxE=465 spd=10/22 hear=62 vis=175/1.57 mode=('elderwait', 0.0, None, 5, 4, 0) fr100=0 tr100=0 predDist=None
  a97 pos=(434,1028) age=70 e=259 maxE=465 spd=8/22 hear=62 vis=175/1.57 mode=('elderwait', 0.0, None, 0, 2, 0) fr100=0 tr100=1 predDist=None
  a99 pos=(1406,1133) age=29 e=151 maxE=465 spd=8/22 hear=33 vis=175/1.57 mode=('explore', 8.5, None, 0, 4, 0) fr100=0 tr100=0 predDist=None
  a100 pos=(606,1099) age=9 e=82 maxE=465 spd=10/22 hear=62 vis=175/1.57 mode=('fruit', 10, None, 4, 4, 0) fr100=2 tr100=2 predDist=None
  a101 pos=(134,776) age=8 e=325 maxE=465 spd=10/22 hear=62 vis=127/1.57 mode=('treewait', 0.0, None, 0, 1, 0) fr100=0 tr100=1 predDist=None
== t=1250.0 alive=4 preds=0 trees=14 fruits=25 score=1312.0
  a97 pos=(434,1028) age=95 e=17 maxE=465 spd=8/22 hear=62 vis=175/1.57 mode=('elderwait', 0.0, None, 0, 2, 0) fr100=0 tr100=0 predDist=None
  a99 pos=(1218,535) age=54 e=300 maxE=465 spd=8/22 hear=33 vis=175/1.57 mode=('explore', 8.5, None, 0, 3, 0) fr100=0 tr100=0 predDist=None
  a100 pos=(598,1124) age=34 e=408 maxE=465 spd=10/22 hear=62 vis=175/1.57 mode=('treewait', 0.0, None, 2, 4, 0) fr100=1 tr100=1 predDist=None
  a101 pos=(138,564) age=33 e=408 maxE=465 spd=10/22 hear=62 vis=127/1.57 mode=('treewait', 0.0, None, 0, 4, 0) fr100=0 tr100=0 predDist=None
== t=1275.0 alive=4 preds=0 trees=13 fruits=21 score=1337.7
  a99 pos=(676,502) age=78 e=393 maxE=465 spd=8/22 hear=33 vis=175/1.57 mode=('elderwait', 0.0, None, 2, 2, 0) fr100=0 tr100=0 predDist=None
  a100 pos=(736,1122) age=59 e=277 maxE=465 spd=10/22 hear=62 vis=175/1.57 mode=('waitfruit', 0.0, None, 1, 2, 0) fr100=1 tr100=1 predDist=None
  a101 pos=(87,175) age=58 e=456 maxE=465 spd=10/22 hear=62 vis=127/1.57 mode=('explore', 10.2, None, 1, 5, 0) fr100=1 tr100=0 predDist=None
  a102 pos=(1157,901) age=16 e=329 maxE=465 spd=10/22 hear=62 vis=175/1.57 mode=('tree', 10, None, 0, 2, 0) fr100=0 tr100=1 predDist=None
== t=1300.0 alive=6 preds=0 trees=12 fruits=25 score=1363.3
  a99 pos=(690,504) age=103 e=348 maxE=465 spd=8/22 hear=33 vis=175/1.57 mode=('elderwait', 0.0, None, 3, 2, 0) fr100=0 tr100=0 predDist=None
  a100 pos=(738,1118) age=84 e=32 maxE=465 spd=10/22 hear=62 vis=175/1.57 mode=('elderwait', 0.0, None, 0, 2, 0) fr100=0 tr100=0 predDist=None
  a101 pos=(308,220) age=83 e=391 maxE=465 spd=10/22 hear=62 vis=127/1.57 mode=('elderwait', 0.0, None, 1, 4, 0) fr100=0 tr100=0 predDist=None
  a102 pos=(1168,982) age=42 e=276 maxE=465 spd=10/22 hear=62 vis=175/1.57 mode=('treewait', 0.0, None, 0, 3, 0) fr100=0 tr100=1 predDist=None
  a103 pos=(793,551) age=22 e=427 maxE=465 spd=10/22 hear=62 vis=175/1.57 mode=('treewait', 0.0, None, 3, 1, 0) fr100=0 tr100=1 predDist=None
  a104 pos=(1319,898) age=21 e=44 maxE=653 spd=10/22 hear=62 vis=175/1.57 mode=('explore', 10, None, 0, 2, 0) fr100=0 tr100=1 predDist=None
== t=1325.0 alive=6 preds=0 trees=23 fruits=26 score=1388.4
  a99 pos=(709,512) age=128 e=180 maxE=465 spd=8/22 hear=33 vis=175/1.57 mode=('elderwait', 0.0, None, 2, 1, 0) fr100=0 tr100=0 predDist=None
  a101 pos=(299,219) age=108 e=182 maxE=465 spd=10/22 hear=62 vis=127/1.57 mode=('elderwait', 0.0, None, 0, 7, 0) fr100=0 tr100=2 predDist=None
  a102 pos=(1195,934) age=67 e=45 maxE=465 spd=10/22 hear=62 vis=175/1.57 mode=('elderwait', 0.0, None, 0, 3, 0) fr100=0 tr100=0 predDist=None
  a103 pos=(703,927) age=47 e=329 maxE=465 spd=10/22 hear=62 vis=175/1.57 mode=('detour', 10, None, 3, 4, 0) fr100=0 tr100=0 predDist=None
  a106 pos=(1022,680) age=7 e=121 maxE=465 spd=7/22 hear=62 vis=175/1.57 mode=('treewait', 0.0, None, 0, 2, 0) fr100=0 tr100=1 predDist=None
  a107 pos=(1339,597) age=4 e=47 maxE=465 spd=10/22 hear=62 vis=175/1.47 mode=('explore', 10, None, 0, 1, 0) fr100=0 tr100=0 predDist=None
== t=1350.0 alive=4 preds=0 trees=23 fruits=29 score=1414.3
  a103 pos=(535,822) age=72 e=325 maxE=465 spd=10/22 hear=62 vis=175/1.57 mode=('elderwait', 0.0, None, 0, 6, 0) fr100=0 tr100=1 predDist=None
  a106 pos=(1380,967) age=32 e=117 maxE=465 spd=7/22 hear=62 vis=175/1.57 mode=('explore', 6.5, None, 0, 3, 0) fr100=0 tr100=0 predDist=None
  a108 pos=(274,877) age=17 e=425 maxE=465 spd=10/22 hear=62 vis=175/1.57 mode=('treewait', 0.0, None, 3, 5, 0) fr100=1 tr100=3 predDist=None
  a109 pos=(324,908) age=3 e=54 maxE=465 spd=10/22 hear=62 vis=175/1.57 mode=('fruit', 10, None, 2, 4, 0) fr100=1 tr100=3 predDist=None
== t=1375.0 alive=4 preds=0 trees=13 fruits=43 score=1439.9
  a103 pos=(535,822) age=97 e=220 maxE=465 spd=10/22 hear=62 vis=175/1.57 mode=('elderwait', 0.0, None, 1, 5, 0) fr100=1 tr100=0 predDist=None
  a106 pos=(1335,1109) age=57 e=151 maxE=465 spd=7/22 hear=62 vis=175/1.57 mode=('treewait', 0.0, None, 0, 4, 0) fr100=0 tr100=1 predDist=None
  a108 pos=(353,950) age=42 e=437 maxE=465 spd=10/22 hear=62 vis=175/1.57 mode=('treewait', 0.0, None, 6, 2, 0) fr100=4 tr100=1 predDist=None
  a109 pos=(78,246) age=28 e=396 maxE=465 spd=10/22 hear=62 vis=175/1.57 mode=('fruit', 10, None, 2, 4, 0) fr100=0 tr100=0 predDist=None
== t=1400.0 alive=5 preds=0 trees=15 fruits=32 score=1465.6
  a106 pos=(1316,1092) age=81 e=140 maxE=465 spd=7/22 hear=62 vis=175/1.57 mode=('elderwait', 0.0, None, 0, 6, 0) fr100=0 tr100=1 predDist=None
  a108 pos=(311,899) age=67 e=299 maxE=465 spd=10/22 hear=62 vis=175/1.57 mode=('elderwait', 0.0, None, 3, 5, 0) fr100=0 tr100=0 predDist=None
  a109 pos=(83,726) age=53 e=413 maxE=465 spd=10/22 hear=62 vis=175/1.57 mode=('treewait', 0.0, None, 8, 6, 0) fr100=9 tr100=3 predDist=None
  a110 pos=(292,688) age=20 e=420 maxE=465 spd=10/22 hear=62 vis=160/1.57 mode=('treewait', 0.0, None, 1, 3, 0) fr100=1 tr100=0 predDist=None
  a111 pos=(598,922) age=5 e=131 maxE=465 spd=10/22 hear=62 vis=175/1.57 mode=('explore', 10, None, 0, 1, 0) fr100=0 tr100=1 predDist=None
== t=1425.0 alive=6 preds=0 trees=18 fruits=29 score=1491.4
  a106 pos=(1316,1092) age=106 e=95 maxE=465 spd=7/22 hear=62 vis=175/1.57 mode=('elderwait', 0.0, None, 1, 7, 0) fr100=1 tr100=1 predDist=None
  a108 pos=(305,906) age=92 e=138 maxE=465 spd=10/22 hear=62 vis=175/1.57 mode=('elderwait', 0.0, None, 4, 6, 0) fr100=2 tr100=1 predDist=None
  a109 pos=(99,728) age=78 e=348 maxE=465 spd=10/22 hear=62 vis=175/1.57 mode=('elderwait', 0.0, None, 5, 6, 0) fr100=2 tr100=2 predDist=None
  a110 pos=(71,709) age=45 e=430 maxE=465 spd=10/22 hear=62 vis=160/1.57 mode=('treewait', 0.0, None, 7, 4, 0) fr100=2 tr100=2 predDist=None
  a111 pos=(724,1109) age=30 e=151 maxE=465 spd=10/22 hear=62 vis=175/1.57 mode=('treewait', 0.0, None, 0, 2, 0) fr100=0 tr100=1 predDist=None
  a112 pos=(353,577) age=16 e=363 maxE=465 spd=10/22 hear=62 vis=224/1.57 mode=('waitfruit', 0.0, None, 2, 3, 0) fr100=2 tr100=1 predDist=None
== t=1450.0 alive=5 preds=0 trees=14 fruits=34 score=1517.0
  a109 pos=(102,718) age=103 e=32 maxE=465 spd=10/22 hear=62 vis=175/1.57 mode=('elderwait', 0.0, None, 3, 7, 0) fr100=0 tr100=2 predDist=None
  a110 pos=(310,590) age=70 e=417 maxE=465 spd=10/22 hear=62 vis=160/1.57 mode=('elderwait', 0.0, None, 8, 4, 0) fr100=3 tr100=1 predDist=None
  a111 pos=(1232,794) age=55 e=250 maxE=465 spd=10/22 hear=62 vis=175/1.57 mode=('treewait', 0.0, None, 0, 5, 0) fr100=0 tr100=2 predDist=None
  a112 pos=(369,595) age=41 e=452 maxE=465 spd=10/22 hear=62 vis=224/1.57 mode=('treewait', 0.0, None, 3, 5, 0) fr100=3 tr100=0 predDist=None
  a113 pos=(178,524) age=8 e=256 maxE=465 spd=10/22 hear=62 vis=175/1.57 mode=('treewait', 0.0, None, 0, 6, 0) fr100=0 tr100=2 predDist=None
== t=1475.0 alive=6 preds=0 trees=18 fruits=32 score=1542.6
  a110 pos=(330,595) age=94 e=171 maxE=465 spd=10/22 hear=62 vis=160/1.57 mode=('elderwait', 0.0, None, 3, 5, 0) fr100=0 tr100=1 predDist=None
  a111 pos=(1225,814) age=80 e=152 maxE=465 spd=10/22 hear=62 vis=175/1.57 mode=('elderwait', 0.0, None, 1, 4, 0) fr100=1 tr100=1 predDist=None
  a112 pos=(169,337) age=66 e=354 maxE=465 spd=10/22 hear=62 vis=224/1.57 mode=('elderwait', 0.0, None, 1, 6, 0) fr100=0 tr100=1 predDist=None
  a113 pos=(337,925) age=33 e=461 maxE=465 spd=10/22 hear=62 vis=175/1.57 mode=('treewait', 0.0, None, 6, 8, 0) fr100=4 tr100=1 predDist=None
  a114 pos=(203,170) age=18 e=140 maxE=465 spd=10/22 hear=62 vis=160/1.57 mode=('explore', 10, None, 0, 6, 0) fr100=0 tr100=0 predDist=None
  a115 pos=(288,803) age=4 e=44 maxE=465 spd=13/22 hear=62 vis=160/1.57 mode=('explore', 12.6, None, 0, 6, 0) fr100=0 tr100=2 predDist=None
== t=1500.0 alive=4 preds=0 trees=17 fruits=36 score=1568.4
  a112 pos=(169,337) age=91 e=186 maxE=465 spd=10/22 hear=62 vis=224/1.57 mode=('elderwait', 0.0, None, 3, 7, 0) fr100=0 tr100=1 predDist=None
  a113 pos=(244,764) age=58 e=407 maxE=465 spd=10/22 hear=62 vis=175/1.57 mode=('treewait', 0.0, None, 17, 9, 0) fr100=4 tr100=2 predDist=None
  a114 pos=(1322,135) age=43 e=218 maxE=465 spd=10/22 hear=62 vis=160/1.57 mode=('explore', 10, None, 0, 6, 0) fr100=0 tr100=0 predDist=None
  a115 pos=(847,959) age=29 e=406 maxE=465 spd=13/22 hear=62 vis=160/1.57 mode=('treewait', 0.0, None, 3, 9, 0) fr100=2 tr100=2 predDist=None
== t=1525.0 alive=5 preds=0 trees=14 fruits=29 score=1594.3
  a113 pos=(209,765) age=82 e=320 maxE=465 spd=10/22 hear=62 vis=175/1.57 mode=('elderwait', 0.0, None, 13, 8, 0) fr100=0 tr100=1 predDist=None
  a114 pos=(373,62) age=68 e=83 maxE=465 spd=10/22 hear=62 vis=160/1.57 mode=('elderwait', 0.0, None, 0, 6, 0) fr100=0 tr100=0 predDist=None
  a115 pos=(916,976) age=54 e=412 maxE=465 spd=13/22 hear=62 vis=160/1.57 mode=('treewait', 0.0, None, 5, 9, 0) fr100=2 tr100=1 predDist=None
  a116 pos=(239,564) age=21 e=420 maxE=465 spd=10/22 hear=62 vis=175/1.57 mode=('treewait', 0.0, None, 10, 6, 0) fr100=7 tr100=0 predDist=None
  a117 pos=(300,893) age=6 e=304 maxE=465 spd=10/22 hear=62 vis=175/1.57 mode=('waitfruit', 0.0, None, 1, 4, 0) fr100=1 tr100=3 predDist=None
== t=1550.0 alive=5 preds=0 trees=13 fruits=21 score=1619.7
  a113 pos=(199,762) age=107 e=275 maxE=465 spd=10/22 hear=62 vis=175/1.57 mode=('elderwait', 0.0, None, 15, 8, 0) fr100=0 tr100=0 predDist=None
  a115 pos=(996,929) age=79 e=296 maxE=465 spd=13/22 hear=62 vis=160/1.57 mode=('elderwait', 0.0, None, 6, 12, 0) fr100=1 tr100=1 predDist=None
  a116 pos=(129,403) age=46 e=450 maxE=465 spd=10/22 hear=62 vis=175/1.57 mode=('explore', 10, None, 9, 2, 0) fr100=0 tr100=0 predDist=None
  a117 pos=(357,712) age=31 e=431 maxE=465 spd=10/22 hear=62 vis=175/1.57 mode=('treewait', 0.0, None, 1, 3, 0) fr100=0 tr100=1 predDist=None
  a118 pos=(1372,547) age=17 e=40 maxE=465 spd=13/12 hear=62 vis=160/1.57 mode=('explore', 12.3, None, 0, 4, 0) fr100=0 tr100=0 predDist=None
== t=1575.0 alive=4 preds=0 trees=15 fruits=18 score=1645.4
  a116 pos=(193,575) age=70 e=301 maxE=465 spd=10/22 hear=62 vis=175/1.57 mode=('elderwait', 0.0, None, 6, 3, 0) fr100=0 tr100=1 predDist=None
  a117 pos=(170,987) age=56 e=390 maxE=465 spd=10/22 hear=62 vis=175/1.57 mode=('fruit', 10, None, 4, 1, 0) fr100=3 tr100=1 predDist=None
  a119 pos=(1070,984) age=20 e=409 maxE=465 spd=13/22 hear=62 vis=160/1.57 mode=('treewait', 0.0, None, 6, 3, 0) fr100=4 tr100=2 predDist=None
  a120 pos=(173,987) age=9 e=172 maxE=465 spd=10/22 hear=62 vis=234/1.57 mode=('fruit', 10, None, 3, 8, 0) fr100=3 tr100=1 predDist=None
== t=1600.0 alive=4 preds=0 trees=14 fruits=25 score=1671.0
  a117 pos=(164,1037) age=81 e=351 maxE=465 spd=10/22 hear=62 vis=175/1.57 mode=('waitfruit', 0.0, None, 2, 2, 0) fr100=2 tr100=1 predDist=None
  a119 pos=(1076,982) age=45 e=412 maxE=465 spd=13/22 hear=62 vis=160/1.57 mode=('treewait', 0.0, None, 7, 2, 0) fr100=5 tr100=0 predDist=None
  a120 pos=(200,618) age=34 e=320 maxE=465 spd=10/22 hear=62 vis=234/1.57 mode=('fruit', 10, None, 5, 6, 0) fr100=3 tr100=1 predDist=None
  a122 pos=(67,793) age=8 e=149 maxE=465 spd=10/22 hear=62 vis=175/1.22 mode=('treewait', 0.0, None, 0, 2, 0) fr100=0 tr100=2 predDist=None
== t=1625.0 alive=5 preds=0 trees=10 fruits=16 score=1696.6
  a117 pos=(178,1033) age=106 e=31 maxE=465 spd=10/22 hear=62 vis=175/1.57 mode=('elderwait', 0.0, None, 1, 2, 0) fr100=0 tr100=0 predDist=None
  a119 pos=(1058,1040) age=70 e=418 maxE=465 spd=13/22 hear=62 vis=160/1.57 mode=('elderwait', 0.0, None, 5, 1, 0) fr100=1 tr100=1 predDist=None
  a120 pos=(303,926) age=59 e=369 maxE=465 spd=10/22 hear=62 vis=234/1.57 mode=('fruit', 10, None, 2, 5, 0) fr100=0 tr100=1 predDist=None
  a122 pos=(58,285) age=33 e=78 maxE=465 spd=10/22 hear=62 vis=175/1.22 mode=('explore', 10, None, 0, 1, 0) fr100=0 tr100=0 predDist=None
  a123 pos=(390,1165) age=8 e=366 maxE=465 spd=10/22 hear=62 vis=175/1.57 mode=('river', 10, None, 0, 0, 0) fr100=0 tr100=0 predDist=None
== t=1650.0 alive=4 preds=0 trees=11 fruits=13 score=1721.9
  a120 pos=(431,1041) age=83 e=189 maxE=465 spd=10/22 hear=62 vis=234/1.57 mode=('elderwait', 0.0, None, 1, 5, 0) fr100=1 tr100=0 predDist=None
  a123 pos=(352,901) age=33 e=305 maxE=465 spd=10/22 hear=62 vis=175/1.57 mode=('waitfruit', 0.0, None, 1, 1, 0) fr100=1 tr100=1 predDist=None
  a124 pos=(851,964) age=22 e=295 maxE=465 spd=13/22 hear=91 vis=160/1.57 mode=('waitfruit', 0.0, None, 1, 5, 0) fr100=1 tr100=2 predDist=None
  a125 pos=(1025,1002) age=13 e=40 maxE=465 spd=13/22 hear=62 vis=83/1.57 mode=('treewait', 0.0, None, 0, 1, 0) fr100=0 tr100=1 predDist=None
== t=1675.0 alive=3 preds=0 trees=9 fruits=11 score=1747.2
  a123 pos=(326,849) age=58 e=314 maxE=465 spd=10/22 hear=62 vis=175/1.57 mode=('waitfruit', 0.0, None, 2, 2, 0) fr100=2 tr100=0 predDist=None
  a124 pos=(997,1056) age=47 e=232 maxE=465 spd=13/22 hear=91 vis=160/1.57 mode=('waitfruit', 0.0, None, 1, 4, 0) fr100=1 tr100=0 predDist=None
  a125 pos=(875,991) age=38 e=144 maxE=465 spd=13/22 hear=62 vis=83/1.57 mode=('treewait', 0.0, None, 0, 4, 0) fr100=0 tr100=3 predDist=None
== t=1700.0 alive=5 preds=0 trees=11 fruits=13 score=1772.4
  a123 pos=(344,851) age=83 e=73 maxE=465 spd=10/22 hear=62 vis=175/1.57 mode=('treewait', 0.0, None, 0, 3, 0) fr100=0 tr100=0 predDist=None
  a124 pos=(1066,1033) age=72 e=238 maxE=465 spd=13/22 hear=91 vis=160/1.57 mode=('explore', 12.6, None, 0, 3, 0) fr100=0 tr100=0 predDist=None
  a125 pos=(172,941) age=63 e=49 maxE=465 spd=13/22 hear=62 vis=83/1.57 mode=('explore', 12.6, None, 0, 6, 0) fr100=0 tr100=0 predDist=None
  a127 pos=(960,955) age=9 e=14 maxE=465 spd=10/22 hear=62 vis=247/1.57 mode=('explore', 10, None, 0, 7, 0) fr100=0 tr100=0 predDist=None
  a128 pos=(1057,998) age=9 e=9 maxE=465 spd=12/22 hear=62 vis=175/1.57 mode=('explore', 12.2, None, 0, 4, 0) fr100=0 tr100=0 predDist=None
== t=1725.0 alive=1 preds=0 trees=12 fruits=17 score=1797.6
  a124 pos=(1424,627) age=96 e=40 maxE=465 spd=13/22 hear=91 vis=160/1.57 mode=('explore', 12.6, None, 0, 5, 0) fr100=0 tr100=1 predDist=None
