1/321 0.4s
41/321 5.0s
81/321 10.3s
121/321 13.9s
161/321 18.5s
201/321 23.5s
241/321 28.9s
281/321 33.2s
321/321 38.7s
/Users/bumblebee/Github_repos/Projects/nordic-ai-cup-2026/survival/results/water-tuning-observed-tune.json
52.26666666666667 {'mode': 'cross', 'lead': 55, 'reserve': 18, 'switch': 9, 'max_move': 9, 'lookahead': 3, 'margin': 2, 'track_y': 0.7, 'escape': 22, 'face': 'fixed', 'turn_y': 920, 'observed': True, 'rest_wait': False, 'hold_ticks': 4, 'y_bias': 0, 'prediction': 'model', 'arc_cos': 0.8}
43.9 {'mode': 'cross', 'lead': 55, 'reserve': 12, 'switch': 9, 'max_move': 9, 'lookahead': 3, 'margin': 2, 'track_y': 0.7, 'escape': 28, 'face': 'fixed', 'turn_y': 920, 'observed': True, 'rest_wait': False, 'hold_ticks': 3, 'y_bias': 0, 'prediction': 'model', 'arc_cos': 0.9}
39.016758865489145 {'mode': 'cross', 'lead': 55, 'reserve': 12, 'switch': 9, 'max_move': 9, 'lookahead': 2, 'margin': 2, 'track_y': 0.3, 'escape': 25, 'face': 'fixed', 'turn_y': 920, 'observed': True, 'rest_wait': False, 'hold_ticks': 3, 'y_bias': 0, 'prediction': 'model', 'arc_cos': 0.6}
37.746960914669536 {'mode': 'arc', 'lead': 55, 'reserve': 18, 'switch': 3, 'max_move': 10, 'lookahead': 0, 'margin': 2, 'track_y': 0.7, 'escape': 22, 'face': 'fixed', 'turn_y': 920, 'observed': True, 'rest_wait': False, 'hold_ticks': 3, 'y_bias': 0, 'prediction': 'model', 'arc_cos': 0.8}
37.03897413557589 {'mode': 'arc', 'lead': 55, 'reserve': 14, 'switch': 9, 'max_move': 9, 'lookahead': 0, 'margin': 2, 'track_y': 0.3, 'escape': 20, 'face': 'fixed', 'turn_y': 920, 'observed': True, 'rest_wait': False, 'hold_ticks': 4, 'y_bias': 0, 'prediction': 'velocity', 'arc_cos': 0.8}
35.576792034781576 {'mode': 'cross', 'lead': 55, 'reserve': 10, 'switch': 9, 'max_move': 9, 'lookahead': 3, 'margin': 2, 'track_y': 0.3, 'escape': 25, 'face': 'fixed', 'turn_y': 920, 'observed': True, 'rest_wait': False, 'hold_ticks': 6, 'y_bias': 0, 'prediction': 'velocity', 'arc_cos': 0.8}
34.40796577056875 {'mode': 'arc', 'lead': 55, 'reserve': 12, 'switch': 0, 'max_move': 10, 'lookahead': 3, 'margin': 2, 'track_y': 0, 'escape': 28, 'face': 'fixed', 'turn_y': 920, 'observed': True, 'rest_wait': False, 'hold_ticks': 6, 'y_bias': 0, 'prediction': 'model', 'arc_cos': 0.97}
31.615695586587822 {'mode': 'cross', 'lead': 55, 'reserve': 10, 'switch': 6, 'max_move': 10, 'lookahead': 1, 'margin': 2, 'track_y': 0, 'escape': 28, 'face': 'fixed', 'turn_y': 920, 'observed': True, 'rest_wait': False, 'hold_ticks': 9, 'y_bias': 0, 'prediction': 'velocity', 'arc_cos': 0.9}
30.78067371629433 {'mode': 'arc', 'lead': 55, 'reserve': 14, 'switch': 6, 'max_move': 10, 'lookahead': 0, 'margin': 2, 'track_y': 1, 'escape': 25, 'face': 'fixed', 'turn_y': 920, 'observed': True, 'rest_wait': False, 'hold_ticks': 6, 'y_bias': 0, 'prediction': 'velocity', 'arc_cos': 0.9}
29.708256093120685 {'mode': 'cross', 'lead': 55, 'reserve': 12, 'switch': 0, 'max_move': 10, 'lookahead': 2, 'margin': 2, 'track_y': 1, 'escape': 25, 'face': 'fixed', 'turn_y': 920, 'observed': True, 'rest_wait': False, 'hold_ticks': 3, 'y_bias': 0, 'prediction': 'model', 'arc_cos': 0.9}
