{"family": "cooperative_auction", "iteration": 1, "mean": 1660.7537783947835, "best": 1660.7537783947835, "mean_game_seconds": 14.356627325546578, "eligible": true}
{"family": "congestion_net", "iteration": 1, "mean": 1691.5871658665928, "best": 1691.5871658665928, "mean_game_seconds": 15.558451111260219, "eligible": true}
{"family": "renewal_relocation", "iteration": 1, "mean": 1649.650199888216, "best": 1649.650199888216, "mean_game_seconds": 16.80129289374687, "eligible": true}
{"family": "capacity_budget", "iteration": 1, "mean": 1661.9774913185788, "best": 1661.9774913185788, "mean_game_seconds": 12.737800651121653, "eligible": true}
{"family": "auction_aging", "iteration": 1, "mean": 1682.8516306196532, "best": 1682.8516306196532, "mean_game_seconds": 11.479477589005255, "eligible": true}
{"family": "renewal_relocation", "iteration": 2, "mean": 1640.6464507561082, "best": 1649.650199888216, "mean_game_seconds": 14.328561928878772, "eligible": true}
{"family": "congestion_net", "iteration": 2, "mean": 1569.8417877373186, "best": 1691.5871658665928, "mean_game_seconds": 17.42489275689295, "eligible": true}
{"family": "cooperative_auction", "iteration": 2, "mean": 1612.3305472707061, "best": 1660.7537783947835, "mean_game_seconds": 17.368036928876535, "eligible": true}
{"family": "auction_aging", "iteration": 2, "mean": 1688.8025758663102, "best": 1688.8025758663102, "mean_game_seconds": 11.371853608019883, "eligible": true}
{"family": "capacity_budget", "iteration": 2, "mean": 1617.5797763359553, "best": 1661.9774913185788, "mean_game_seconds": 17.798121539771675, "eligible": true}
{"family": "renewal_relocation", "iteration": 3, "mean": 1642.2987051379178, "best": 1649.650199888216, "mean_game_seconds": 12.233867680043913, "eligible": true}
{"family": "congestion_net", "iteration": 3, "mean": 1686.7634569617728, "best": 1691.5871658665928, "mean_game_seconds": 13.883309324056608, "eligible": true}
{"family": "cooperative_auction", "iteration": 3, "mean": 1693.2347392212512, "best": 1693.2347392212512, "mean_game_seconds": 13.248881047473988, "eligible": true}
{"family": "auction_aging", "iteration": 3, "mean": 1633.5020641557617, "best": 1688.8025758663102, "mean_game_seconds": 12.078003473181743, "eligible": true}
{"family": "capacity_budget", "iteration": 3, "mean": 1634.3849854673972, "best": 1661.9774913185788, "mean_game_seconds": 11.700645087037119, "eligible": true}
{"family": "renewal_relocation", "iteration": 4, "mean": 1686.4309332984337, "best": 1686.4309332984337, "mean_game_seconds": 12.828240715811262, "eligible": true}
{"family": "congestion_net", "iteration": 4, "mean": 1683.9189593046744, "best": 1691.5871658665928, "mean_game_seconds": 12.415268269655062, "eligible": true}
{"family": "auction_aging", "iteration": 4, "mean": 1688.276707693412, "best": 1688.8025758663102, "mean_game_seconds": 12.09885038610373, "eligible": true}
{"family": "cooperative_auction", "iteration": 4, "mean": 1561.975712383372, "best": 1693.2347392212512, "mean_game_seconds": 15.66045912855072, "eligible": true}
{"family": "congestion_net", "iteration": 5, "mean": 1686.9472481524945, "best": 1691.5871658665928, "mean_game_seconds": 13.514363224979025, "eligible": true}
{"family": "auction_aging", "iteration": 5, "mean": 1688.807791262822, "best": 1688.807791262822, "mean_game_seconds": 12.798756276097848, "eligible": true}
{"family": "capacity_budget", "iteration": 4, "mean": 1543.1888451290445, "best": 1661.9774913185788, "mean_game_seconds": 17.306128873861745, "eligible": true}
{"family": "renewal_relocation", "iteration": 5, "mean": 1640.0826241326029, "best": 1686.4309332984337, "mean_game_seconds": 17.77148906891234, "eligible": true}
{"family": "cooperative_auction", "iteration": 5, "mean": 1653.0442347810472, "best": 1693.2347392212512, "mean_game_seconds": 11.843368676587707, "eligible": true}
{"family": "congestion_net", "iteration": 6, "mean": 1686.9048327613577, "best": 1691.5871658665928, "mean_game_seconds": 12.793285544512328, "eligible": true}
{"family": "capacity_budget", "iteration": 5, "mean": 1624.7560861418253, "best": 1661.9774913185788, "mean_game_seconds": 14.811736941221753, "eligible": true}
{"family": "auction_aging", "iteration": 6, "mean": 1584.4177287165314, "best": 1688.807791262822, "mean_game_seconds": 17.892925299379275, "eligible": true}
{"family": "cooperative_auction", "iteration": 6, "mean": 1678.9350490765326, "best": 1693.2347392212512, "mean_game_seconds": 12.800455641775043, "eligible": true}
{"family": "renewal_relocation", "iteration": 6, "mean": 1652.9319156334177, "best": 1686.4309332984337, "mean_game_seconds": 17.027046028616024, "eligible": true}
{"family": "congestion_net", "iteration": 7, "mean": 1656.6432768871591, "best": 1691.5871658665928, "mean_game_seconds": 17.40537184140703, "eligible": true}
{"family": "cooperative_auction", "iteration": 7, "mean": 1687.238794197721, "best": 1693.2347392212512, "mean_game_seconds": 12.727528905592044, "eligible": true}
{"family": "capacity_budget", "iteration": 6, "mean": 1638.9275171294403, "best": 1661.9774913185788, "mean_game_seconds": 17.480426911266985, "eligible": true}
{"family": "auction_aging", "iteration": 7, "mean": 1666.3272290957318, "best": 1688.807791262822, "mean_game_seconds": 14.854363819644787, "eligible": true}
{"family": "renewal_relocation", "iteration": 7, "mean": 1686.7672474083308, "best": 1686.7672474083308, "mean_game_seconds": 11.340728466750589, "eligible": true}
{"family": "congestion_net", "iteration": 8, "mean": 1693.5918902558635, "best": 1693.5918902558635, "mean_game_seconds": 11.70863106488774, "eligible": true}
{"family": "cooperative_auction", "iteration": 8, "mean": 1668.3679138195469, "best": 1693.2347392212512, "mean_game_seconds": 14.343234695766586, "eligible": true}
{"family": "capacity_budget", "iteration": 7, "mean": 1659.0863013782823, "best": 1661.9774913185788, "mean_game_seconds": 13.949506087301415, "eligible": true}
{"family": "auction_aging", "iteration": 8, "mean": 1697.391923371368, "best": 1697.391923371368, "mean_game_seconds": 13.039444882811512, "eligible": true}
{"family": "renewal_relocation", "iteration": 8, "mean": 1686.7672474083308, "best": 1686.7672474083308, "mean_game_seconds": 11.579869132180466, "eligible": true}
{"family": "congestion_net", "iteration": 9, "mean": 1682.893633099048, "best": 1693.5918902558635, "mean_game_seconds": 11.219575285202009, "eligible": true}
{"family": "cooperative_auction", "iteration": 9, "mean": 1698.727308217925, "best": 1698.727308217925, "mean_game_seconds": 12.861098681923467, "eligible": true}
{"family": "renewal_relocation", "iteration": 9, "mean": 1686.302466635849, "best": 1686.7672474083308, "mean_game_seconds": 12.158976601751055, "eligible": true}
{"family": "capacity_budget", "iteration": 8, "mean": 1619.647966559815, "best": 1661.9774913185788, "mean_game_seconds": 18.297411952010005, "eligible": true}
{"family": "auction_aging", "iteration": 9, "mean": 1687.4308243188173, "best": 1697.391923371368, "mean_game_seconds": 13.935060397919733, "eligible": true}
{"family": "congestion_net", "iteration": 10, "mean": 1691.3601256825225, "best": 1693.5918902558635, "mean_game_seconds": 11.257386097420822, "eligible": true}
{"family": "cooperative_auction", "iteration": 10, "mean": 1686.4327775778634, "best": 1698.727308217925, "mean_game_seconds": 13.04856514276471, "eligible": true}
{"family": "renewal_relocation", "iteration": 10, "mean": 1684.7604010673485, "best": 1686.7672474083308, "mean_game_seconds": 12.908516291778069, "eligible": true}
{"family": "auction_aging", "iteration": 10, "mean": 1680.4660160585688, "best": 1697.391923371368, "mean_game_seconds": 12.557052756973427, "eligible": true}
{"family": "congestion_net", "iteration": 11, "mean": 1712.8880875832892, "best": 1712.8880875832892, "mean_game_seconds": 11.512401578405406, "eligible": true}
{"family": "capacity_budget", "iteration": 9, "mean": 1647.7543992321052, "best": 1661.9774913185788, "mean_game_seconds": 13.603814962541218, "eligible": true}
{"family": "cooperative_auction", "iteration": 11, "mean": 1678.7058618308665, "best": 1698.727308217925, "mean_game_seconds": 11.646061885117087, "eligible": true}
{"family": "renewal_relocation", "iteration": 11, "mean": 1700.4034524549343, "best": 1700.4034524549343, "mean_game_seconds": 12.471529375772224, "eligible": true}
{"family": "auction_aging", "iteration": 11, "mean": 1590.254096666935, "best": 1697.391923371368, "mean_game_seconds": 14.86147592625639, "eligible": true}
{"family": "congestion_net", "iteration": 12, "mean": 1692.478703667546, "best": 1712.8880875832892, "mean_game_seconds": 12.833559791528387, "eligible": true}
{"family": "renewal_relocation", "iteration": 12, "mean": 1677.3059800829517, "best": 1700.4034524549343, "mean_game_seconds": 12.103791398776812, "eligible": true}
{"family": "capacity_budget", "iteration": 10, "mean": 1559.921033375989, "best": 1661.9774913185788, "mean_game_seconds": 19.11282267269504, "eligible": true}
{"family": "cooperative_auction", "iteration": 12, "mean": 1675.9558212090776, "best": 1698.727308217925, "mean_game_seconds": 12.588794978450752, "eligible": true}
{"family": "auction_aging", "iteration": 12, "mean": 1684.8017702798709, "best": 1697.391923371368, "mean_game_seconds": 11.011850360574318, "eligible": true}
{"family": "congestion_net", "iteration": 13, "mean": 1674.1799188749967, "best": 1712.8880875832892, "mean_game_seconds": 11.600994843149092, "eligible": true}
{"family": "renewal_relocation", "iteration": 13, "mean": 1660.8591830853566, "best": 1700.4034524549343, "mean_game_seconds": 12.741918913356495, "eligible": true}
{"family": "capacity_budget", "iteration": 11, "mean": 1683.5857920428562, "best": 1683.5857920428562, "mean_game_seconds": 13.463807873262558, "eligible": true}
{"family": "auction_aging", "iteration": 13, "mean": 1692.6430033346644, "best": 1697.391923371368, "mean_game_seconds": 12.178594451229436, "eligible": true}
{"family": "cooperative_auction", "iteration": 13, "mean": 1689.522556285065, "best": 1698.727308217925, "mean_game_seconds": 14.733171411742223, "eligible": true}
{"family": "congestion_net", "iteration": 14, "mean": 1685.1221955969302, "best": 1712.8880875832892, "mean_game_seconds": 11.345441742071417, "eligible": true}
{"family": "renewal_relocation", "iteration": 14, "mean": 1685.531173664987, "best": 1700.4034524549343, "mean_game_seconds": 12.333161458918475, "eligible": true}
{"family": "auction_aging", "iteration": 14, "mean": 1673.7668554839647, "best": 1697.391923371368, "mean_game_seconds": 13.00516586297541, "eligible": true}
{"family": "capacity_budget", "iteration": 12, "mean": 1570.3242816963007, "best": 1683.5857920428562, "mean_game_seconds": 17.8257171299489, "eligible": true}
{"family": "cooperative_auction", "iteration": 14, "mean": 1686.348746498558, "best": 1698.727308217925, "mean_game_seconds": 12.646583907682798, "eligible": true}
{"family": "congestion_net", "iteration": 15, "mean": 1699.8675039900543, "best": 1712.8880875832892, "mean_game_seconds": 12.016849760354381, "eligible": true}
{"family": "renewal_relocation", "iteration": 15, "mean": 1685.4469638723385, "best": 1700.4034524549343, "mean_game_seconds": 11.351242482553936, "eligible": true}
{"family": "auction_aging", "iteration": 15, "mean": 1692.2773792807043, "best": 1697.391923371368, "mean_game_seconds": 12.719260613950901, "eligible": true}
{"family": "capacity_budget", "iteration": 13, "mean": 1699.2497265700565, "best": 1699.2497265700565, "mean_game_seconds": 13.993454795310972, "eligible": true}
{"family": "cooperative_auction", "iteration": 15, "mean": 1645.0897427706307, "best": 1698.727308217925, "mean_game_seconds": 14.217832921768423, "eligible": true}
{"family": "renewal_relocation", "iteration": 16, "mean": 1696.5592595818762, "best": 1700.4034524549343, "mean_game_seconds": 11.898884468682226, "eligible": true}
{"family": "congestion_net", "iteration": 16, "mean": 1643.8249991171726, "best": 1712.8880875832892, "mean_game_seconds": 17.105431017392547, "eligible": true}
{"family": "capacity_budget", "iteration": 14, "mean": 1690.1388003251905, "best": 1699.2497265700565, "mean_game_seconds": 11.998768216951284, "eligible": true}
{"family": "auction_aging", "iteration": 16, "mean": 1619.1083998840113, "best": 1697.391923371368, "mean_game_seconds": 13.582968944825115, "eligible": true}
{"family": "cooperative_auction", "iteration": 16, "mean": 1684.1756849626329, "best": 1698.727308217925, "mean_game_seconds": 11.28954665512778, "eligible": true}
{"family": "capacity_budget", "iteration": 15, "mean": 1680.3855058426304, "best": 1699.2497265700565, "mean_game_seconds": 11.809573417148204, "eligible": true}
{"family": "capacity_budget", "iteration": 16, "mean": 1645.3494376147426, "best": 1699.2497265700565, "mean_game_seconds": 12.134907448004233, "eligible": true}
COMPLETE
