Running as unit: run-p838508-i876606.scope; invocation ID: 09898253eb8845689ab2745d7d79bdc0
{"progress": "real-map-EmergencyGuides-m10209-f20209-p1-direct_guide-sitebait1-7e677f06", "time": 10.0, "bait_deployed": 0.1, "policy_bait_ready": false, "encounter": 0.1, "oracle_handoff": null, "children": 8, "active_guide_id": 6, "guide_alive": true, "active_guide_alive": true, "guided_delivered": 0}
{"progress": "real-map-EmergencyGuides-m10209-f20209-p1-direct_guide-sitebait1-7e677f06", "time": 20.0, "bait_deployed": 0.1, "policy_bait_ready": false, "encounter": 0.1, "oracle_handoff": null, "children": 8, "active_guide_id": 1, "guide_alive": true, "active_guide_alive": true, "guided_delivered": 0}
{"progress": "real-map-EmergencyGuides-m10209-f20209-p1-direct_guide-sitebait1-7e677f06", "time": 30.0, "bait_deployed": 0.1, "policy_bait_ready": false, "encounter": 0.1, "oracle_handoff": null, "children": 8, "active_guide_id": 1, "guide_alive": true, "active_guide_alive": true, "guided_delivered": 0}
{"progress": "real-map-EmergencyGuides-m10209-f20209-p1-direct_guide-sitebait1-7e677f06", "time": 40.0, "bait_deployed": 0.1, "policy_bait_ready": false, "encounter": 0.1, "oracle_handoff": null, "children": 8, "active_guide_id": 1, "guide_alive": true, "active_guide_alive": true, "guided_delivered": 0}
{"progress": "real-map-EmergencyGuides-m10209-f20209-p1-direct_guide-sitebait1-7e677f06", "time": 50.0, "bait_deployed": 0.1, "policy_bait_ready": false, "encounter": 0.1, "oracle_handoff": null, "children": 8, "active_guide_id": 1, "guide_alive": true, "active_guide_alive": true, "guided_delivered": 0}
{"progress": "real-map-EmergencyGuides-m10209-f20209-p1-direct_guide-sitebait1-7e677f06", "time": 60.0, "bait_deployed": 0.1, "policy_bait_ready": false, "encounter": 0.1, "oracle_handoff": null, "children": 8, "active_guide_id": 1, "guide_alive": true, "active_guide_alive": true, "guided_delivered": 0}
{"progress": "real-map-EmergencyGuides-m10209-f20209-p1-direct_guide-sitebait1-7e677f06", "time": 70.0, "bait_deployed": 0.1, "policy_bait_ready": false, "encounter": 0.1, "oracle_handoff": null, "children": 8, "active_guide_id": 1, "guide_alive": true, "active_guide_alive": true, "guided_delivered": 0}
{"progress": "real-map-EmergencyGuides-m10209-f20209-p1-direct_guide-sitebait1-7e677f06", "time": 80.0, "bait_deployed": 0.1, "policy_bait_ready": false, "encounter": 0.1, "oracle_handoff": null, "children": 8, "active_guide_id": 3, "guide_alive": true, "active_guide_alive": true, "guided_delivered": 0}
{"progress": "real-map-EmergencyGuides-m10209-f20209-p1-direct_guide-sitebait1-7e677f06", "time": 90.0, "bait_deployed": 0.1, "policy_bait_ready": false, "encounter": 0.1, "oracle_handoff": null, "children": 8, "active_guide_id": 3, "guide_alive": true, "active_guide_alive": true, "guided_delivered": 0}
{"progress": "real-map-EmergencyGuides-m10209-f20209-p1-direct_guide-sitebait1-7e677f06", "time": 100.0, "bait_deployed": 0.1, "policy_bait_ready": false, "encounter": 0.1, "oracle_handoff": null, "children": 8, "active_guide_id": 3, "guide_alive": true, "active_guide_alive": true, "guided_delivered": 0}
{"progress": "real-map-EmergencyGuides-m10209-f20209-p1-direct_guide-sitebait1-7e677f06", "time": 110.0, "bait_deployed": 0.1, "policy_bait_ready": false, "encounter": 0.1, "oracle_handoff": null, "children": 8, "active_guide_id": 3, "guide_alive": true, "active_guide_alive": true, "guided_delivered": 0}
{"progress": "real-map-EmergencyGuides-m10209-f20209-p1-direct_guide-sitebait1-7e677f06", "time": 120.0, "bait_deployed": 0.1, "policy_bait_ready": false, "encounter": 0.1, "oracle_handoff": null, "children": 8, "active_guide_id": 3, "guide_alive": true, "active_guide_alive": true, "guided_delivered": 0}
{"progress": "real-map-EmergencyGuides-m10209-f20209-p1-direct_guide-sitebait1-7e677f06", "time": 130.0, "bait_deployed": 0.1, "policy_bait_ready": false, "encounter": 0.1, "oracle_handoff": null, "children": 8, "active_guide_id": 3, "guide_alive": true, "active_guide_alive": true, "guided_delivered": 0}
{"progress": "real-map-EmergencyGuides-m10209-f20209-p1-direct_guide-sitebait1-7e677f06", "time": 140.0, "bait_deployed": 0.1, "policy_bait_ready": false, "encounter": 0.1, "oracle_handoff": null, "children": 8, "active_guide_id": 3, "guide_alive": true, "active_guide_alive": true, "guided_delivered": 0}
{"progress": "real-map-EmergencyGuides-m10209-f20209-p1-direct_guide-sitebait1-7e677f06", "time": 150.0, "bait_deployed": 0.1, "policy_bait_ready": false, "encounter": 0.1, "oracle_handoff": null, "children": 8, "active_guide_id": 9, "guide_alive": true, "active_guide_alive": true, "guided_delivered": 0}
{"progress": "real-map-EmergencyGuides-m10209-f20209-p1-direct_guide-sitebait1-7e677f06", "time": 160.0, "bait_deployed": 0.1, "policy_bait_ready": false, "encounter": 0.1, "oracle_handoff": null, "children": 8, "active_guide_id": 7, "guide_alive": false, "active_guide_alive": true, "guided_delivered": 0}
{"progress": "real-map-EmergencyGuides-m10209-f20209-p1-direct_guide-sitebait1-7e677f06", "time": 170.0, "bait_deployed": 0.1, "policy_bait_ready": false, "encounter": 0.1, "oracle_handoff": null, "children": 8, "active_guide_id": 9, "guide_alive": false, "active_guide_alive": true, "guided_delivered": 0}
{"progress": "real-map-EmergencyGuides-m10209-f20209-p1-direct_guide-sitebait1-7e677f06", "time": 180.0, "bait_deployed": 0.1, "policy_bait_ready": false, "encounter": 0.1, "oracle_handoff": null, "children": 8, "active_guide_id": 9, "guide_alive": false, "active_guide_alive": true, "guided_delivered": 0}
{"progress": "real-map-EmergencyGuides-m10209-f20209-p1-direct_guide-sitebait1-7e677f06", "time": 190.0, "bait_deployed": 0.1, "policy_bait_ready": false, "encounter": 0.1, "oracle_handoff": null, "children": 8, "active_guide_id": 9, "guide_alive": false, "active_guide_alive": true, "guided_delivered": 0}
{"progress": "real-map-EmergencyGuides-m10209-f20209-p1-direct_guide-sitebait1-7e677f06", "time": 200.0, "bait_deployed": 0.1, "policy_bait_ready": false, "encounter": 0.1, "oracle_handoff": null, "children": 8, "active_guide_id": 9, "guide_alive": false, "active_guide_alive": true, "guided_delivered": 0}
{"progress": "real-map-EmergencyGuides-m10209-f20209-p1-direct_guide-sitebait1-7e677f06", "time": 210.0, "bait_deployed": 0.1, "policy_bait_ready": false, "encounter": 0.1, "oracle_handoff": null, "children": 8, "active_guide_id": 9, "guide_alive": false, "active_guide_alive": true, "guided_delivered": 0}
{"progress": "real-map-EmergencyGuides-m10209-f20209-p1-direct_guide-sitebait1-7e677f06", "time": 220.0, "bait_deployed": 0.1, "policy_bait_ready": false, "encounter": 0.1, "oracle_handoff": null, "children": 8, "active_guide_id": 9, "guide_alive": false, "active_guide_alive": true, "guided_delivered": 0}
{"progress": "real-map-EmergencyGuides-m10209-f20209-p1-direct_guide-sitebait1-7e677f06", "time": 230.0, "bait_deployed": 0.1, "policy_bait_ready": false, "encounter": 0.1, "oracle_handoff": null, "children": 8, "active_guide_id": 9, "guide_alive": false, "active_guide_alive": true, "guided_delivered": 0}
{"progress": "real-map-EmergencyGuides-m10209-f20209-p1-direct_guide-sitebait1-7e677f06", "time": 240.0, "bait_deployed": 0.1, "policy_bait_ready": false, "encounter": 0.1, "oracle_handoff": null, "children": 8, "active_guide_id": 9, "guide_alive": false, "active_guide_alive": true, "guided_delivered": 0}
{"progress": "real-map-EmergencyGuides-m10209-f20209-p1-direct_guide-sitebait1-7e677f06", "time": 250.0, "bait_deployed": 0.1, "policy_bait_ready": false, "encounter": 0.1, "oracle_handoff": null, "children": 8, "active_guide_id": 9, "guide_alive": false, "active_guide_alive": true, "guided_delivered": 0}
{"progress": "real-map-EmergencyGuides-m10209-f20209-p1-direct_guide-sitebait1-7e677f06", "time": 260.0, "bait_deployed": 0.1, "policy_bait_ready": false, "encounter": 0.1, "oracle_handoff": null, "children": 8, "active_guide_id": 9, "guide_alive": false, "active_guide_alive": true, "guided_delivered": 0}
{"progress": "real-map-EmergencyGuides-m10209-f20209-p1-direct_guide-sitebait1-7e677f06", "time": 270.0, "bait_deployed": 0.1, "policy_bait_ready": false, "encounter": 0.1, "oracle_handoff": null, "children": 8, "active_guide_id": 9, "guide_alive": false, "active_guide_alive": true, "guided_delivered": 0}
{"progress": "real-map-EmergencyGuides-m10209-f20209-p1-direct_guide-sitebait1-7e677f06", "time": 280.0, "bait_deployed": 0.1, "policy_bait_ready": false, "encounter": 0.1, "oracle_handoff": null, "children": 8, "active_guide_id": 9, "guide_alive": false, "active_guide_alive": true, "guided_delivered": 0}
{"progress": "real-map-EmergencyGuides-m10209-f20209-p1-direct_guide-sitebait1-7e677f06", "time": 290.0, "bait_deployed": 0.1, "policy_bait_ready": false, "encounter": 0.1, "oracle_handoff": null, "children": 8, "active_guide_id": 9, "guide_alive": false, "active_guide_alive": true, "guided_delivered": 0}
{"progress": "real-map-EmergencyGuides-m10209-f20209-p1-direct_guide-sitebait1-7e677f06", "time": 300.0, "bait_deployed": 0.1, "policy_bait_ready": false, "encounter": 0.1, "oracle_handoff": null, "children": 8, "active_guide_id": 9, "guide_alive": false, "active_guide_alive": true, "guided_delivered": 0}
{"viewer_manifest_refresh": {"status": "deferred", "reason": "bounded-memory runs defer full-replay viewer processing"}}
{
  "schema": "real-map-intake-result-v2",
  "policy": "integrated_guide.policy_v27:EmergencyGuides",
  "policy_hash": "b786cab54310e7e1c2d2fa370f5c59b5697bdddcad4ef2940a9e6b0443aac6dd",
  "harness_hashes": {
    "research/simple_chase/run_streaming_v2.py": "837e02b05d1ba3af71df0949cb30beb18a8b2844f090f8b383c692192c52719a",
    "research/simple_chase/sampling.py": "1efb7d309c4cc79bc87916c1bea72a7845e78d0c2cdf0aeaf9e2a758ceed48ab",
    "research/simple_chase/static_map.py": "197b16cbe9dd2e3dd06b81fe9481986a97bd92d9c2a55f33597cc9b7280faf3c",
    "debugger/streaming_recorder_v2.py": "d5ecda6bb39ec74a9ad86fb20458df5de7f466d73052558af9e2877be3d99b19"
  },
  "mode": "direct_guide",
  "map_seed": 10209,
  "fixture_seed": 20209,
  "static_map_hash": "85e17fe60e31157fde636ef48872e15c47c42fd2d3ffaf2ca18a74eb6f20b023",
  "site": {
    "mouth": [
      973.5277,
      906.5107
    ],
    "inward": [
      0.0,
      1.0
    ],
    "cross": [
      -1.0,
      0.0
    ],
    "goal": [
      973.5277,
      911.5107
    ],
    "far": [
      973.5277,
      781.5107
    ],
    "hold": [
      973.5277,
      831.5107
    ],
    "gap": 11.0407,
    "overlap": 29.6233,
    "runup": [
      973.5277,
      656.5107
    ],
    "approach_lane_offset": 0.0,
    "offset_approach": false,
    "obstacle_indices": [
      29,
      25
    ],
    "axis": 0,
    "other_mouth": [
      973.5277,
      936.134
    ],
    "replacement_entry": [
      973.5277,
      956.134
    ],
    "second_access_clear": true,
    "second_access_radius": 5.01,
    "bait_depth": 5.0,
    "boundary_indices": [],
    "geometric_replacement_access_only": true
  },
  "station_bait": true,
  "requested_seconds": 300.0,
  "seconds": 300.0,
  "reason": "horizon",
  "native_render": true,
  "reproduction_of": null,
  "record_every_ticks": 1,
  "replay_frames": 3001,
  "initial_predators": 1,
  "final_predators_total": 2,
  "tracked_predators_present_final": 1,
  "ambient_predators_spawned": 1,
  "ambient_predators_present_final": 1,
  "agent_energy_refilled": true,
  "predator_state_native": false,
  "predator_dynamics_native_after_setup": true,
  "arranged_adjacent_awake_start": true,
  "bait_id": 0,
  "guide_id": 1,
  "bait_alive": true,
  "guide_alive": false,
  "deaths": [
    {
      "time": 0.4,
      "agent_id": 2,
      "role": "native_child"
    },
    {
      "time": 19.9,
      "agent_id": 6,
      "role": "native_child"
    },
    {
      "time": 19.9,
      "agent_id": 8,
      "role": "native_child"
    },
    {
      "time": 158.7,
      "agent_id": 1,
      "role": "parent_guide"
    },
    {
      "time": 158.7,
      "agent_id": 3,
      "role": "native_child"
    },
    {
      "time": 168.3,
      "agent_id": 7,
      "role": "native_child"
    }
  ],
  "spawn_requests": [
    {
      "time": 0.3,
      "parent_id": 1
    },
    {
      "time": 0.4,
      "parent_id": 1
    },
    {
      "time": 0.5,
      "parent_id": 3
    },
    {
      "time": 0.6,
      "parent_id": 3
    },
    {
      "time": 0.7,
      "parent_id": 1
    },
    {
      "time": 3.5,
      "parent_id": 6
    },
    {
      "time": 3.6,
      "parent_id": 6
    },
    {
      "time": 3.7,
      "parent_id": 6
    }
  ],
  "child_births": [
    {
      "time": 0.3,
      "child_id": 2,
      "x": 1536.1205,
      "y": 247.586,
      "requesting_parent_ids": [
        1
      ],
      "native_parent_proximity_spawn": true
    },
    {
      "time": 0.4,
      "child_id": 3,
      "x": 1508.9813,
      "y": 278.9578,
      "requesting_parent_ids": [
        1
      ],
      "native_parent_proximity_spawn": true
    },
    {
      "time": 0.5,
      "child_id": 4,
      "x": 1497.3734,
      "y": 278.9578,
      "requesting_parent_ids": [
        3
      ],
      "native_parent_proximity_spawn": true
    },
    {
      "time": 0.6,
      "child_id": 5,
      "x": 1492.9312,
      "y": 289.6821,
      "requesting_parent_ids": [
        3
      ],
      "native_parent_proximity_spawn": true
    },
    {
      "time": 0.7,
      "child_id": 6,
      "x": 1472.0261,
      "y": 298.9578,
      "requesting_parent_ids": [
        1
      ],
      "native_parent_proximity_spawn": true
    },
    {
      "time": 3.5,
      "child_id": 7,
      "x": 1389.4478,
      "y": 441.6574,
      "requesting_parent_ids": [
        6
      ],
      "native_parent_proximity_spawn": true
    },
    {
      "time": 3.6,
      "child_id": 8,
      "x": 1380.6751,
      "y": 487.0372,
      "requesting_parent_ids": [
        6
      ],
      "native_parent_proximity_spawn": true
    },
    {
      "time": 3.7,
      "child_id": 9,
      "x": 1376.9789,
      "y": 466.0093,
      "requesting_parent_ids": [
        6
      ],
      "native_parent_proximity_spawn": true
    }
  ],
  "fruit_consumptions": [
    {
      "time": 4.7,
      "agent_id": 6,
      "x": 1264.0001,
      "y": 514.9327
    },
    {
      "time": 6.7,
      "agent_id": 6,
      "x": 1115.8474,
      "y": 578.2277
    },
    {
      "time": 8.5,
      "agent_id": 6,
      "x": 1166.0046,
      "y": 615.217
    },
    {
      "time": 15.4,
      "agent_id": 1,
      "x": 456.6234,
      "y": 403.8425
    },
    {
      "time": 16.1,
      "agent_id": 1,
      "x": 575.4422,
      "y": 361.1911
    },
    {
      "time": 19.8,
      "agent_id": 1,
      "x": 1232.7486,
      "y": 517.522
    },
    {
      "time": 20.0,
      "agent_id": 1,
      "x": 1271.6256,
      "y": 540.5768
    },
    {
      "time": 23.6,
      "agent_id": 3,
      "x": 440.5691,
      "y": 394.5216
    },
    {
      "time": 25.0,
      "agent_id": 1,
      "x": 681.7802,
      "y": 592.1673
    },
    {
      "time": 32.5,
      "agent_id": 3,
      "x": 1372.4134,
      "y": 571.2742
    },
    {
      "time": 36.0,
      "agent_id": 1,
      "x": 701.8828,
      "y": 726.4466
    },
    {
      "time": 36.1,
      "agent_id": 1,
      "x": 709.3405,
      "y": 741.7086
    },
    {
      "time": 40.0,
      "agent_id": 1,
      "x": 1196.1876,
      "y": 742.064
    },
    {
      "time": 40.5,
      "agent_id": 1,
      "x": 1282.7869,
      "y": 739.4111
    },
    {
      "time": 41.2,
      "agent_id": 3,
      "x": 617.5155,
      "y": 583.1573
    },
    {
      "time": 47.8,
      "agent_id": 1,
      "x": 967.812,
      "y": 819.1385
    },
    {
      "time": 64.7,
      "agent_id": 3,
      "x": 1116.34,
      "y": 737.0809
    },
    {
      "time": 64.8,
      "agent_id": 3,
      "x": 1126.7133,
      "y": 731.7021
    },
    {
      "time": 71.2,
      "agent_id": 3,
      "x": 1133.9167,
      "y": 869.9634
    },
    {
      "time": 146.2,
      "agent_id": 7,
      "x": 1350.1483,
      "y": 458.6815
    },
    {
      "time": 146.6,
      "agent_id": 7,
      "x": 1297.7971,
      "y": 444.1596
    },
    {
      "time": 147.0,
      "agent_id": 9,
      "x": 1458.0549,
      "y": 486.5889
    },
    {
      "time": 147.2,
      "agent_id": 9,
      "x": 1456.2616,
      "y": 529.4305
    },
    {
      "time": 147.4,
      "agent_id": 7,
      "x": 1426.0992,
      "y": 484.2248
    },
    {
      "time": 147.4,
      "agent_id": 7,
      "x": 1417.1762,
      "y": 474.499
    },
    {
      "time": 147.5,
      "agent_id": 7,
      "x": 1401.7689,
      "y": 487.8221
    },
    {
      "time": 148.7,
      "agent_id": 7,
      "x": 1307.4702,
      "y": 574.2603
    },
    {
      "time": 149.7,
      "agent_id": 7,
      "x": 1185.4379,
      "y": 606.2178
    },
    {
      "time": 149.9,
      "agent_id": 9,
      "x": 1178.7443,
      "y": 647.67
    },
    {
      "time": 150.1,
      "agent_id": 7,
      "x": 1198.6953,
      "y": 632.4777
    },
    {
      "time": 150.1,
      "agent_id": 9,
      "x": 1154.5509,
      "y": 607.027
    },
    {
      "time": 150.2,
      "agent_id": 7,
      "x": 1200.0662,
      "y": 649.6805
    },
    {
      "time": 150.3,
      "agent_id": 9,
      "x": 1123.6974,
      "y": 608.1016
    },
    {
      "time": 150.8,
      "agent_id": 9,
      "x": 1154.7947,
      "y": 650.8795
    },
    {
      "time": 151.3,
      "agent_id": 9,
      "x": 1139.2239,
      "y": 690.2018
    },
    {
      "time": 151.6,
      "agent_id": 9,
      "x": 1163.5871,
      "y": 727.5062
    },
    {
      "time": 152.1,
      "agent_id": 7,
      "x": 1249.7226,
      "y": 701.1005
    },
    {
      "time": 153.5,
      "agent_id": 9,
      "x": 1128.9576,
      "y": 579.0147
    },
    {
      "time": 155.0,
      "agent_id": 7,
      "x": 1064.2406,
      "y": 632.1813
    },
    {
      "time": 158.2,
      "agent_id": 7,
      "x": 1018.435,
      "y": 683.4432
    },
    {
      "time": 158.7,
      "agent_id": 7,
      "x": 966.9256,
      "y": 678.1862
    },
    {
      "time": 159.0,
      "agent_id": 9,
      "x": 994.578,
      "y": 652.0713
    },
    {
      "time": 160.9,
      "agent_id": 7,
      "x": 874.0129,
      "y": 703.6663
    },
    {
      "time": 163.1,
      "agent_id": 9,
      "x": 1029.2891,
      "y": 747.1626
    },
    {
      "time": 163.5,
      "agent_id": 9,
      "x": 1048.8995,
      "y": 726.8946
    },
    {
      "time": 163.5,
      "agent_id": 9,
      "x": 1065.0628,
      "y": 734.3565
    },
    {
      "time": 164.0,
      "agent_id": 9,
      "x": 1108.85,
      "y": 659.1525
    },
    {
      "time": 164.5,
      "agent_id": 9,
      "x": 1116.9843,
      "y": 596.8774
    },
    {
      "time": 165.2,
      "agent_id": 7,
      "x": 1041.5879,
      "y": 606.2932
    },
    {
      "time": 165.5,
      "agent_id": 9,
      "x": 1103.8395,
      "y": 625.7278
    },
    {
      "time": 165.7,
      "agent_id": 7,
      "x": 1002.9537,
      "y": 586.0408
    },
    {
      "time": 165.8,
      "agent_id": 7,
      "x": 996.0809,
      "y": 614.6466
    },
    {
      "time": 166.2,
      "agent_id": 9,
      "x": 1046.7173,
      "y": 595.9985
    },
    {
      "time": 166.8,
      "agent_id": 9,
      "x": 1036.017,
      "y": 669.7459
    },
    {
      "time": 168.2,
      "agent_id": 9,
      "x": 1037.7678,
      "y": 781.3952
    },
    {
      "time": 256.4,
      "agent_id": 9,
      "x": 963.9033,
      "y": 657.86
    }
  ],
  "parent_fruit_consumed_before_tracked_encounter": 0,
  "tracked_encounter_times": [
    0.1
  ],
  "conditional_delivery_denominator": true,
  "conditional_delivery_status": "not_applicable",
  "setup_oracle": false,
  "setup_oracle_target": null,
  "setup_oracle_ticks": 0,
  "setup_oracle_routing": null,
  "setup_oracle_route_resets": 0,
  "setup_oracle_policy_reset_before_handoff_act": false,
  "setup_oracle_handoff_time": null,
  "dynamic_action_privilege_ended_at": null,
  "target_switches": [
    {
      "time": 0.1,
      "tracked_predator_slot": 0,
      "target": 1
    },
    {
      "time": 0.6,
      "tracked_predator_slot": 0,
      "target": 3
    },
    {
      "time": 0.7,
      "tracked_predator_slot": 0,
      "target": 4
    },
    {
      "time": 0.8,
      "tracked_predator_slot": 0,
      "target": 3
    },
    {
      "time": 1.1,
      "tracked_predator_slot": 0,
      "target": null
    },
    {
      "time": 3.7,
      "tracked_predator_slot": 0,
      "target": 8
    },
    {
      "time": 3.8,
      "tracked_predator_slot": 0,
      "target": 6
    },
    {
      "time": 3.9,
      "tracked_predator_slot": 0,
      "target": 8
    },
    {
      "time": 5.6,
      "tracked_predator_slot": 0,
      "target": null
    },
    {
      "time": 5.7,
      "tracked_predator_slot": 0,
      "target": 6
    },
    {
      "time": 5.9,
      "tracked_predator_slot": 0,
      "target": null
    },
    {
      "time": 6.0,
      "tracked_predator_slot": 0,
      "target": 6
    },
    {
      "time": 6.2,
      "tracked_predator_slot": 0,
      "target": null
    },
    {
      "time": 6.8,
      "tracked_predator_slot": 0,
      "target": 6
    },
    {
      "time": 7.8,
      "tracked_predator_slot": 0,
      "target": 8
    },
    {
      "time": 7.9,
      "tracked_predator_slot": 0,
      "target": null
    },
    {
      "time": 8.6,
      "tracked_predator_slot": 0,
      "target": 6
    },
    {
      "time": 8.7,
      "tracked_predator_slot": 0,
      "target": 8
    },
    {
      "time": 8.8,
      "tracked_predator_slot": 0,
      "target": null
    },
    {
      "time": 9.0,
      "tracked_predator_slot": 0,
      "target": 6
    },
    {
      "time": 9.1,
      "tracked_predator_slot": 0,
      "target": 8
    },
    {
      "time": 9.3,
      "tracked_predator_slot": 0,
      "target": null
    },
    {
      "time": 9.6,
      "tracked_predator_slot": 0,
      "target": 6
    },
    {
      "time": 9.7,
      "tracked_predator_slot": 0,
      "target": 8
    },
    {
      "time": 9.8,
      "tracked_predator_slot": 0,
      "target": 6
    },
    {
      "time": 9.9,
      "tracked_predator_slot": 0,
      "target": 8
    },
    {
      "time": 10.0,
      "tracked_predator_slot": 0,
      "target": 6
    },
    {
      "time": 10.1,
      "tracked_predator_slot": 0,
      "target": 8
    },
    {
      "time": 10.2,
      "tracked_predator_slot": 0,
      "target": 6
    },
    {
      "time": 10.9,
      "tracked_predator_slot": 0,
      "target": 8
    },
    {
      "time": 11.1,
      "tracked_predator_slot": 0,
      "target": 6
    },
    {
      "time": 11.4,
      "tracked_predator_slot": 0,
      "target": 8
    },
    {
      "time": 11.5,
      "tracked_predator_slot": 0,
      "target": null
    },
    {
      "time": 11.6,
      "tracked_predator_slot": 0,
      "target": 6
    },
    {
      "time": 11.9,
      "tracked_predator_slot": 0,
      "target": null
    },
    {
      "time": 12.0,
      "tracked_predator_slot": 0,
      "target": 8
    },
    {
      "time": 12.1,
      "tracked_predator_slot": 0,
      "target": 6
    },
    {
      "time": 12.2,
      "tracked_predator_slot": 0,
      "target": null
    },
    {
      "time": 12.3,
      "tracked_predator_slot": 0,
      "target": 6
    },
    {
      "time": 12.4,
      "tracked_predator_slot": 0,
      "target": 8
    },
    {
      "time": 12.5,
      "tracked_predator_slot": 0,
      "target": 6
    },
    {
      "time": 12.6,
      "tracked_predator_slot": 0,
      "target": null
    },
    {
      "time": 12.7,
      "tracked_predator_slot": 0,
      "target": 8
    },
    {
      "time": 12.9,
      "tracked_predator_slot": 0,
      "target": 6
    },
    {
      "time": 13.1,
      "tracked_predator_slot": 0,
      "target": 8
    },
    {
      "time": 13.5,
      "tracked_predator_slot": 0,
      "target": 6
    },
    {
      "time": 13.6,
      "tracked_predator_slot": 0,
      "target": 8
    },
    {
      "time": 13.7,
      "tracked_predator_slot": 0,
      "target": 6
    },
    {
      "time": 13.8,
      "tracked_predator_slot": 0,
      "target": 8
    },
    {
      "time": 14.1,
      "tracked_predator_slot": 0,
      "target": 6
    },
    {
      "time": 14.4,
      "tracked_predator_slot": 0,
      "target": 8
    },
    {
      "time": 15.0,
      "tracked_predator_slot": 0,
      "target": 6
    },
    {
      "time": 15.1,
      "tracked_predator_slot": 0,
      "target": 8
    },
    {
      "time": 15.2,
      "tracked_predator_slot": 0,
      "target": 6
    },
    {
      "time": 15.3,
      "tracked_predator_slot": 0,
      "target": 8
    },
    {
      "time": 15.4,
      "tracked_predator_slot": 0,
      "target": 6
    },
    {
      "time": 15.5,
      "tracked_predator_slot": 0,
      "target": 8
    },
    {
      "time": 15.6,
      "tracked_predator_slot": 0,
      "target": 6
    },
    {
      "time": 15.7,
      "tracked_predator_slot": 0,
      "target": 8
    },
    {
      "time": 15.8,
      "tracked_predator_slot": 0,
      "target": "resting"
    },
    {
      "time": 19.3,
      "tracked_predator_slot": 0,
      "target": 6
    },
    {
      "time": 19.9,
      "tracked_predator_slot": 0,
      "target": 0
    },
    {
      "time": 33.0,
      "tracked_predator_slot": 0,
      "target": "resting"
    },
    {
      "time": 36.5,
      "tracked_predator_slot": 0,
      "target": 0
    },
    {
      "time": 45.6,
      "tracked_predator_slot": 0,
      "target": "resting"
    },
    {
      "time": 49.1,
      "tracked_predator_slot": 0,
      "target": 0
    },
    {
      "time": 58.2,
      "tracked_predator_slot": 0,
      "target": "resting"
    },
    {
      "time": 61.7,
      "tracked_predator_slot": 0,
      "target": 0
    },
    {
      "time": 70.8,
      "tracked_predator_slot": 0,
      "target": "resting"
    },
    {
      "time": 74.3,
      "tracked_predator_slot": 0,
      "target": 0
    },
    {
      "time": 83.4,
      "tracked_predator_slot": 0,
      "target": "resting"
    },
    {
      "time": 86.9,
      "tracked_predator_slot": 0,
      "target": 0
    },
    {
      "time": 96.0,
      "tracked_predator_slot": 0,
      "target": "resting"
    },
    {
      "time": 99.5,
      "tracked_predator_slot": 0,
      "target": 0
    },
    {
      "time": 108.6,
      "tracked_predator_slot": 0,
      "target": "resting"
    },
    {
      "time": 112.1,
      "tracked_predator_slot": 0,
      "target": 0
    },
    {
      "time": 121.2,
      "tracked_predator_slot": 0,
      "target": "resting"
    },
    {
      "time": 124.7,
      "tracked_predator_slot": 0,
      "target": 0
    },
    {
      "time": 133.8,
      "tracked_predator_slot": 0,
      "target": "resting"
    },
    {
      "time": 137.3,
      "tracked_predator_slot": 0,
      "target": 0
    },
    {
      "time": 146.4,
      "tracked_predator_slot": 0,
      "target": "resting"
    },
    {
      "time": 149.9,
      "tracked_predator_slot": 0,
      "target": 0
    },
    {
      "time": 159.0,
      "tracked_predator_slot": 0,
      "target": "resting"
    },
    {
      "time": 162.5,
      "tracked_predator_slot": 0,
      "target": 0
    },
    {
      "time": 171.9,
      "tracked_predator_slot": 0,
      "target": "resting"
    },
    {
      "time": 175.4,
      "tracked_predator_slot": 0,
      "target": 0
    },
    {
      "time": 184.5,
      "tracked_predator_slot": 0,
      "target": "resting"
    },
    {
      "time": 188.0,
      "tracked_predator_slot": 0,
      "target": 0
    },
    {
      "time": 197.1,
      "tracked_predator_slot": 0,
      "target": "resting"
    },
    {
      "time": 200.6,
      "tracked_predator_slot": 0,
      "target": 0
    },
    {
      "time": 209.7,
      "tracked_predator_slot": 0,
      "target": "resting"
    },
    {
      "time": 213.2,
      "tracked_predator_slot": 0,
      "target": 0
    },
    {
      "time": 222.6,
      "tracked_predator_slot": 0,
      "target": "resting"
    },
    {
      "time": 226.1,
      "tracked_predator_slot": 0,
      "target": 0
    },
    {
      "time": 235.2,
      "tracked_predator_slot": 0,
      "target": "resting"
    },
    {
      "time": 238.7,
      "tracked_predator_slot": 0,
      "target": 0
    },
    {
      "time": 247.8,
      "tracked_predator_slot": 0,
      "target": "resting"
    },
    {
      "time": 251.3,
      "tracked_predator_slot": 0,
      "target": 0
    },
    {
      "time": 260.4,
      "tracked_predator_slot": 0,
      "target": "resting"
    },
    {
      "time": 263.9,
      "tracked_predator_slot": 0,
      "target": 0
    },
    {
      "time": 273.0,
      "tracked_predator_slot": 0,
      "target": "resting"
    },
    {
      "time": 276.5,
      "tracked_predator_slot": 0,
      "target": 0
    },
    {
      "time": 285.6,
      "tracked_predator_slot": 0,
      "target": "resting"
    },
    {
      "time": 289.1,
      "tracked_predator_slot": 0,
      "target": 0
    },
    {
      "time": 298.5,
      "tracked_predator_slot": 0,
      "target": "resting"
    }
  ],
  "guide_role_trace": [
    {
      "time": 0,
      "active_guide_id": 1
    },
    {
      "time": 0.6,
      "active_guide_id": 3
    },
    {
      "time": 2.7,
      "active_guide_id": 6
    },
    {
      "time": 3.7,
      "active_guide_id": 8
    },
    {
      "time": 5.7,
      "active_guide_id": 6
    },
    {
      "time": 6.2,
      "active_guide_id": 8
    },
    {
      "time": 6.3,
      "active_guide_id": 6
    },
    {
      "time": 7.8,
      "active_guide_id": 8
    },
    {
      "time": 8.0,
      "active_guide_id": 6
    },
    {
      "time": 9.1,
      "active_guide_id": 8
    },
    {
      "time": 9.6,
      "active_guide_id": 6
    },
    {
      "time": 10.1,
      "active_guide_id": 8
    },
    {
      "time": 11.6,
      "active_guide_id": 6
    },
    {
      "time": 12.0,
      "active_guide_id": 8
    },
    {
      "time": 12.1,
      "active_guide_id": 6
    },
    {
      "time": 12.4,
      "active_guide_id": 8
    },
    {
      "time": 12.5,
      "active_guide_id": 6
    },
    {
      "time": 12.7,
      "active_guide_id": 8
    },
    {
      "time": 13.5,
      "active_guide_id": 6
    },
    {
      "time": 15.1,
      "active_guide_id": 8
    },
    {
      "time": 15.2,
      "active_guide_id": 6
    },
    {
      "time": 15.3,
      "active_guide_id": 8
    },
    {
      "time": 15.4,
      "active_guide_id": 6
    },
    {
      "time": 15.5,
      "active_guide_id": 8
    },
    {
      "time": 15.6,
      "active_guide_id": 6
    },
    {
      "time": 15.7,
      "active_guide_id": 8
    },
    {
      "time": 16.5,
      "active_guide_id": 6
    },
    {
      "time": 16.8,
      "active_guide_id": 8
    },
    {
      "time": 16.9,
      "active_guide_id": 6
    },
    {
      "time": 17.1,
      "active_guide_id": 8
    },
    {
      "time": 17.2,
      "active_guide_id": 6
    },
    {
      "time": 17.4,
      "active_guide_id": 8
    },
    {
      "time": 17.5,
      "active_guide_id": 6
    },
    {
      "time": 17.7,
      "active_guide_id": 8
    },
    {
      "time": 17.8,
      "active_guide_id": 6
    },
    {
      "time": 18.0,
      "active_guide_id": 8
    },
    {
      "time": 18.1,
      "active_guide_id": 6
    },
    {
      "time": 18.3,
      "active_guide_id": 8
    },
    {
      "time": 18.4,
      "active_guide_id": 6
    },
    {
      "time": 18.6,
      "active_guide_id": 8
    },
    {
      "time": 18.7,
      "active_guide_id": 6
    },
    {
      "time": 18.9,
      "active_guide_id": 8
    },
    {
      "time": 19.0,
      "active_guide_id": 6
    },
    {
      "time": 19.2,
      "active_guide_id": 8
    },
    {
      "time": 19.3,
      "active_guide_id": 6
    },
    {
      "time": 19.9,
      "active_guide_id": 1
    },
    {
      "time": 73.0,
      "active_guide_id": 3
    },
    {
      "time": 145.9,
      "active_guide_id": 7
    },
    {
      "time": 146.6,
      "active_guide_id": 9
    },
    {
      "time": 147.7,
      "active_guide_id": 7
    },
    {
      "time": 149.8,
      "active_guide_id": 9
    },
    {
      "time": 150.2,
      "active_guide_id": 7
    },
    {
      "time": 150.7,
      "active_guide_id": 9
    },
    {
      "time": 151.1,
      "active_guide_id": 7
    },
    {
      "time": 151.8,
      "active_guide_id": 9
    },
    {
      "time": 152.0,
      "active_guide_id": 7
    },
    {
      "time": 152.3,
      "active_guide_id": 9
    },
    {
      "time": 154.0,
      "active_guide_id": 7
    },
    {
      "time": 154.3,
      "active_guide_id": 9
    },
    {
      "time": 157.8,
      "active_guide_id": 7
    },
    {
      "time": 159.1,
      "active_guide_id": 9
    },
    {
      "time": 159.7,
      "active_guide_id": 7
    },
    {
      "time": 160.5,
      "active_guide_id": 9
    },
    {
      "time": 160.9,
      "active_guide_id": 7
    },
    {
      "time": 163.4,
      "active_guide_id": 9
    },
    {
      "time": 165.0,
      "active_guide_id": 7
    },
    {
      "time": 167.2,
      "active_guide_id": 9
    },
    {
      "time": 167.7,
      "active_guide_id": 7
    },
    {
      "time": 168.3,
      "active_guide_id": 9
    }
  ],
  "guide_follow_trace": [
    {
      "time": 0.1,
      "active_guide_id": 1,
      "tracked_predator_slot": 0
    },
    {
      "time": 0.8,
      "active_guide_id": 3,
      "tracked_predator_slot": 0
    },
    {
      "time": 3.9,
      "active_guide_id": 8,
      "tracked_predator_slot": 0
    },
    {
      "time": 5.8,
      "active_guide_id": 6,
      "tracked_predator_slot": 0
    },
    {
      "time": 6.8,
      "active_guide_id": 6,
      "tracked_predator_slot": 0
    },
    {
      "time": 8.6,
      "active_guide_id": 6,
      "tracked_predator_slot": 0
    },
    {
      "time": 9.2,
      "active_guide_id": 8,
      "tracked_predator_slot": 0
    },
    {
      "time": 9.8,
      "active_guide_id": 6,
      "tracked_predator_slot": 0
    },
    {
      "time": 10.9,
      "active_guide_id": 8,
      "tracked_predator_slot": 0
    },
    {
      "time": 11.7,
      "active_guide_id": 6,
      "tracked_predator_slot": 0
    },
    {
      "time": 12.3,
      "active_guide_id": 6,
      "tracked_predator_slot": 0
    },
    {
      "time": 12.8,
      "active_guide_id": 8,
      "tracked_predator_slot": 0
    },
    {
      "time": 13.7,
      "active_guide_id": 6,
      "tracked_predator_slot": 0
    },
    {
      "time": 19.4,
      "active_guide_id": 6,
      "tracked_predator_slot": 0
    }
  ],
  "guide_role": "child",
  "parent_role": "gather_evade",
  "child_role": "guide",
  "active_guide_id_final": 9,
  "active_guide_alive_final": true,
  "guide_role_ids": [
    1,
    3,
    4,
    5,
    6,
    7,
    8,
    9
  ],
  "bait_deployed_at": 0.1,
  "policy_bait_ready_final": false,
  "bait_left_after_deployment": null,
  "final_bait_distance_to_goal": 0.0,
  "first_guide_predator_observation": 0.1,
  "first_predator_following_guide": 0.1,
  "first_predator_following_active_guide": null,
  "tracked_seen_by_guide": 1,
  "tracked_followed_active_guide": 0,
  "physical_entered": 1,
  "guided_delivered": 0,
  "physical_losses_after_delivery": 0,
  "target_losses_after_delivery": 0,
  "physical_entry_times": [
    20.2
  ],
  "guided_delivery_times": [
    null
  ],
  "loss_times": [
    null
  ],
  "target_loss_times": [
    null
  ],
  "tail_seconds": 30.0,
  "tail_physical_min": 1,
  "tail_contained_min": 1,
  "final_distance_from_mouth": [
    14.8148
  ],
  "max_distance_after_delivery": [
    0.0
  ],
  "policy_events": [
    {
      "time": 0.3,
      "kind": "emergency_reserve_budget_enabled",
      "observed_distance": 45.467,
      "blocked_escape_cone": true,
      "close_wall": false,
      "agent_id": 1
    },
    {
      "time": 0.3,
      "kind": "bounded_emergency_reserve_birth",
      "parent_id": 1,
      "request_number": 1,
      "observed_distance": 45.467
    },
    {
      "time": 0.4,
      "kind": "bounded_emergency_reserve_birth",
      "parent_id": 1,
      "request_number": 2,
      "observed_distance": 46.3595
    },
    {
      "time": 0.5,
      "kind": "native_backup_registered",
      "agent_id": 3
    },
    {
      "time": 0.5,
      "kind": "bounded_emergency_reserve_birth",
      "parent_id": 3,
      "request_number": 3,
      "observed_distance": 48.6894
    },
    {
      "time": 0.6,
      "kind": "native_backup_registered",
      "agent_id": 4
    },
    {
      "time": 0.6,
      "kind": "public_dto_active_guide",
      "agent_id": 3,
      "reason": "minimum_observed_predator_distance_hysteresis"
    },
    {
      "time": 0.6,
      "kind": "bounded_emergency_reserve_birth",
      "parent_id": 3,
      "request_number": 4,
      "observed_distance": 52.447
    },
    {
      "time": 0.7,
      "kind": "native_backup_registered",
      "agent_id": 5
    },
    {
      "time": 0.7,
      "kind": "bounded_emergency_reserve_birth",
      "parent_id": 1,
      "request_number": 5,
      "observed_distance": 61.7176
    },
    {
      "time": 0.8,
      "kind": "native_backup_registered",
      "agent_id": 6
    },
    {
      "time": 2.7,
      "kind": "public_dto_active_guide",
      "agent_id": 6,
      "reason": "minimum_observed_predator_distance_hysteresis"
    },
    {
      "time": 3.5,
      "kind": "bounded_emergency_reserve_birth",
      "parent_id": 6,
      "request_number": 6,
      "observed_distance": 70.4841
    },
    {
      "time": 3.6,
      "kind": "native_backup_registered",
      "agent_id": 7
    },
    {
      "time": 3.6,
      "kind": "bounded_emergency_reserve_birth",
      "parent_id": 6,
      "request_number": 7,
      "observed_distance": 62.1273
    },
    {
      "time": 3.7,
      "kind": "native_backup_registered",
      "agent_id": 8
    },
    {
      "time": 3.7,
      "kind": "public_dto_active_guide",
      "agent_id": 8,
      "reason": "minimum_observed_predator_distance_hysteresis"
    },
    {
      "time": 3.7,
      "kind": "bounded_emergency_reserve_birth",
      "parent_id": 6,
      "request_number": 8,
      "observed_distance": 54.0863
    },
    {
      "time": 3.8,
      "kind": "native_backup_registered",
      "agent_id": 9
    },
    {
      "time": 5.7,
      "kind": "public_dto_active_guide",
      "agent_id": 6,
      "reason": "minimum_observed_predator_distance_hysteresis"
    },
    {
      "time": 6.2,
      "kind": "public_dto_active_guide",
      "agent_id": 8,
      "reason": "minimum_observed_predator_distance_hysteresis"
    },
    {
      "time": 6.3,
      "kind": "public_dto_active_guide",
      "agent_id": 6,
      "reason": "minimum_observed_predator_distance_hysteresis"
    },
    {
      "time": 7.8,
      "kind": "public_dto_active_guide",
      "agent_id": 8,
      "reason": "minimum_observed_predator_distance_hysteresis"
    },
    {
      "time": 8.0,
      "kind": "public_dto_active_guide",
      "agent_id": 6,
      "reason": "minimum_observed_predator_distance_hysteresis"
    },
    {
      "time": 9.1,
      "kind": "public_dto_active_guide",
      "agent_id": 8,
      "reason": "minimum_observed_predator_distance_hysteresis"
    },
    {
      "time": 9.6,
      "kind": "public_dto_active_guide",
      "agent_id": 6,
      "reason": "minimum_observed_predator_distance_hysteresis"
    },
    {
      "time": 10.1,
      "kind": "public_dto_active_guide",
      "agent_id": 8,
      "reason": "minimum_observed_predator_distance_hysteresis"
    },
    {
      "time": 11.6,
      "kind": "public_dto_active_guide",
      "agent_id": 6,
      "reason": "minimum_observed_predator_distance_hysteresis"
    },
    {
      "time": 12.0,
      "kind": "public_dto_active_guide",
      "agent_id": 8,
      "reason": "minimum_observed_predator_distance_hysteresis"
    },
    {
      "time": 12.1,
      "kind": "public_dto_active_guide",
      "agent_id": 6,
      "reason": "minimum_observed_predator_distance_hysteresis"
    },
    {
      "time": 12.4,
      "kind": "public_dto_active_guide",
      "agent_id": 8,
      "reason": "minimum_observed_predator_distance_hysteresis"
    },
    {
      "time": 12.5,
      "kind": "public_dto_active_guide",
      "agent_id": 6,
      "reason": "minimum_observed_predator_distance_hysteresis"
    },
    {
      "time": 12.7,
      "kind": "public_dto_active_guide",
      "agent_id": 8,
      "reason": "minimum_observed_predator_distance_hysteresis"
    },
    {
      "time": 13.5,
      "kind": "public_dto_active_guide",
      "agent_id": 6,
      "reason": "minimum_observed_predator_distance_hysteresis"
    },
    {
      "time": 15.1,
      "kind": "public_dto_active_guide",
      "agent_id": 8,
      "reason": "minimum_observed_predator_distance_hysteresis"
    },
    {
      "time": 15.2,
      "kind": "public_dto_active_guide",
      "agent_id": 6,
      "reason": "minimum_observed_predator_distance_hysteresis"
    },
    {
      "time": 15.3,
      "kind": "public_dto_active_guide",
      "agent_id": 8,
      "reason": "minimum_observed_predator_distance_hysteresis"
    },
    {
      "time": 15.4,
      "kind": "public_dto_active_guide",
      "agent_id": 6,
      "reason": "minimum_observed_predator_distance_hysteresis"
    },
    {
      "time": 15.5,
      "kind": "public_dto_active_guide",
      "agent_id": 8,
      "reason": "minimum_observed_predator_distance_hysteresis"
    },
    {
      "time": 15.6,
      "kind": "public_dto_active_guide",
      "agent_id": 6,
      "reason": "minimum_observed_predator_distance_hysteresis"
    },
    {
      "time": 15.7,
      "kind": "public_dto_active_guide",
      "agent_id": 8,
      "reason": "minimum_observed_predator_distance_hysteresis"
    },
    {
      "time": 16.5,
      "kind": "public_dto_active_guide",
      "agent_id": 6,
      "reason": "minimum_observed_predator_distance_hysteresis"
    },
    {
      "time": 16.8,
      "kind": "public_dto_active_guide",
      "agent_id": 8,
      "reason": "minimum_observed_predator_distance_hysteresis"
    },
    {
      "time": 16.9,
      "kind": "public_dto_active_guide",
      "agent_id": 6,
      "reason": "minimum_observed_predator_distance_hysteresis"
    },
    {
      "time": 17.1,
      "kind": "public_dto_active_guide",
      "agent_id": 8,
      "reason": "minimum_observed_predator_distance_hysteresis"
    },
    {
      "time": 17.2,
      "kind": "public_dto_active_guide",
      "agent_id": 6,
      "reason": "minimum_observed_predator_distance_hysteresis"
    },
    {
      "time": 17.4,
      "kind": "public_dto_active_guide",
      "agent_id": 8,
      "reason": "minimum_observed_predator_distance_hysteresis"
    },
    {
      "time": 17.5,
      "kind": "public_dto_active_guide",
      "agent_id": 6,
      "reason": "minimum_observed_predator_distance_hysteresis"
    },
    {
      "time": 17.7,
      "kind": "public_dto_active_guide",
      "agent_id": 8,
      "reason": "minimum_observed_predator_distance_hysteresis"
    },
    {
      "time": 17.8,
      "kind": "public_dto_active_guide",
      "agent_id": 6,
      "reason": "minimum_observed_predator_distance_hysteresis"
    },
    {
      "time": 18.0,
      "kind": "public_dto_active_guide",
      "agent_id": 8,
      "reason": "minimum_observed_predator_distance_hysteresis"
    },
    {
      "time": 18.1,
      "kind": "public_dto_active_guide",
      "agent_id": 6,
      "reason": "minimum_observed_predator_distance_hysteresis"
    },
    {
      "time": 18.3,
      "kind": "public_dto_active_guide",
      "agent_id": 8,
      "reason": "minimum_observed_predator_distance_hysteresis"
    },
    {
      "time": 18.4,
      "kind": "public_dto_active_guide",
      "agent_id": 6,
      "reason": "minimum_observed_predator_distance_hysteresis"
    },
    {
      "time": 18.6,
      "kind": "public_dto_active_guide",
      "agent_id": 8,
      "reason": "minimum_observed_predator_distance_hysteresis"
    },
    {
      "time": 18.7,
      "kind": "public_dto_active_guide",
      "agent_id": 6,
      "reason": "minimum_observed_predator_distance_hysteresis"
    },
    {
      "time": 18.9,
      "kind": "public_dto_active_guide",
      "agent_id": 8,
      "reason": "minimum_observed_predator_distance_hysteresis"
    },
    {
      "time": 19.0,
      "kind": "public_dto_active_guide",
      "agent_id": 6,
      "reason": "minimum_observed_predator_distance_hysteresis"
    },
    {
      "time": 19.2,
      "kind": "public_dto_active_guide",
      "agent_id": 8,
      "reason": "minimum_observed_predator_distance_hysteresis"
    },
    {
      "time": 19.3,
      "kind": "public_dto_active_guide",
      "agent_id": 6,
      "reason": "minimum_observed_predator_distance_hysteresis"
    },
    {
      "time": 19.9,
      "kind": "public_dto_active_guide",
      "agent_id": 1,
      "reason": "minimum_observed_predator_distance_hysteresis"
    },
    {
      "time": 73.0,
      "kind": "public_dto_active_guide",
      "agent_id": 3,
      "reason": "minimum_observed_predator_distance_hysteresis"
    },
    {
      "time": 145.9,
      "kind": "public_dto_active_guide",
      "agent_id": 7,
      "reason": "minimum_observed_predator_distance_hysteresis"
    },
    {
      "time": 146.6,
      "kind": "public_dto_active_guide",
      "agent_id": 9,
      "reason": "minimum_observed_predator_distance_hysteresis"
    },
    {
      "time": 147.7,
      "kind": "public_dto_active_guide",
      "agent_id": 7,
      "reason": "minimum_observed_predator_distance_hysteresis"
    },
    {
      "time": 149.8,
      "kind": "public_dto_active_guide",
      "agent_id": 9,
      "reason": "minimum_observed_predator_distance_hysteresis"
    },
    {
      "time": 150.2,
      "kind": "public_dto_active_guide",
      "agent_id": 7,
      "reason": "minimum_observed_predator_distance_hysteresis"
    },
    {
      "time": 150.7,
      "kind": "public_dto_active_guide",
      "agent_id": 9,
      "reason": "minimum_observed_predator_distance_hysteresis"
    },
    {
      "time": 151.1,
      "kind": "public_dto_active_guide",
      "agent_id": 7,
      "reason": "minimum_observed_predator_distance_hysteresis"
    },
    {
      "time": 151.8,
      "kind": "public_dto_active_guide",
      "agent_id": 9,
      "reason": "minimum_observed_predator_distance_hysteresis"
    },
    {
      "time": 152.0,
      "kind": "public_dto_active_guide",
      "agent_id": 7,
      "reason": "minimum_observed_predator_distance_hysteresis"
    },
    {
      "time": 152.3,
      "kind": "public_dto_active_guide",
      "agent_id": 9,
      "reason": "minimum_observed_predator_distance_hysteresis"
    },
    {
      "time": 154.0,
      "kind": "public_dto_active_guide",
      "agent_id": 7,
      "reason": "minimum_observed_predator_distance_hysteresis"
    },
    {
      "time": 154.3,
      "kind": "public_dto_active_guide",
      "agent_id": 9,
      "reason": "minimum_observed_predator_distance_hysteresis"
    },
    {
      "time": 157.8,
      "kind": "public_dto_active_guide",
      "agent_id": 7,
      "reason": "minimum_observed_predator_distance_hysteresis"
    },
    {
      "time": 159.1,
      "kind": "public_dto_active_guide",
      "agent_id": 9,
      "reason": "minimum_observed_predator_distance_hysteresis"
    },
    {
      "time": 159.7,
      "kind": "public_dto_active_guide",
      "agent_id": 7,
      "reason": "minimum_observed_predator_distance_hysteresis"
    },
    {
      "time": 160.5,
      "kind": "public_dto_active_guide",
      "agent_id": 9,
      "reason": "minimum_observed_predator_distance_hysteresis"
    },
    {
      "time": 160.9,
      "kind": "public_dto_active_guide",
      "agent_id": 7,
      "reason": "minimum_observed_predator_distance_hysteresis"
    },
    {
      "time": 163.4,
      "kind": "public_dto_active_guide",
      "agent_id": 9,
      "reason": "minimum_observed_predator_distance_hysteresis"
    },
    {
      "time": 165.0,
      "kind": "public_dto_active_guide",
      "agent_id": 7,
      "reason": "minimum_observed_predator_distance_hysteresis"
    },
    {
      "time": 167.2,
      "kind": "public_dto_active_guide",
      "agent_id": 9,
      "reason": "minimum_observed_predator_distance_hysteresis"
    },
    {
      "time": 167.7,
      "kind": "public_dto_active_guide",
      "agent_id": 7,
      "reason": "minimum_observed_predator_distance_hysteresis"
    },
    {
      "time": 168.3,
      "kind": "public_dto_active_guide",
      "agent_id": 9,
      "reason": "minimum_observed_predator_distance_hysteresis"
    }
  ],
  "success": false,
  "replay": "results/simple_chase/replays/real-map-EmergencyGuides-m10209-f20209-p1-direct_guide-sitebait1-7e677f06.json.gz"
}
/home/Ucals/projects/NordicCupAI-wall-funneling/survival-simulator/oscar-trap-research/survival/results/simple_chase/real-map-EmergencyGuides-m10209-f20209-p1-direct_guide-sitebait1-7e677f06.json
