Running as unit: run-p845231-i876881.scope; invocation ID: 6a38a8b2430442e9a8c4f72375d1ed41
{"progress": "real-map-EmergencyGuides-m10210-f20210-p1-direct_guide-sitebait1-93535dae", "time": 10.0, "bait_deployed": 0.1, "policy_bait_ready": false, "encounter": 0.1, "oracle_handoff": null, "children": 8, "active_guide_id": 3, "guide_alive": true, "active_guide_alive": true, "guided_delivered": 0}
{"progress": "real-map-EmergencyGuides-m10210-f20210-p1-direct_guide-sitebait1-93535dae", "time": 20.0, "bait_deployed": 0.1, "policy_bait_ready": false, "encounter": 0.1, "oracle_handoff": null, "children": 8, "active_guide_id": 9, "guide_alive": true, "active_guide_alive": true, "guided_delivered": 0}
{"progress": "real-map-EmergencyGuides-m10210-f20210-p1-direct_guide-sitebait1-93535dae", "time": 30.0, "bait_deployed": 0.1, "policy_bait_ready": false, "encounter": 0.1, "oracle_handoff": null, "children": 8, "active_guide_id": 5, "guide_alive": true, "active_guide_alive": true, "guided_delivered": 0}
{"progress": "real-map-EmergencyGuides-m10210-f20210-p1-direct_guide-sitebait1-93535dae", "time": 40.0, "bait_deployed": 0.1, "policy_bait_ready": false, "encounter": 0.1, "oracle_handoff": null, "children": 8, "active_guide_id": 5, "guide_alive": true, "active_guide_alive": true, "guided_delivered": 0}
{"progress": "real-map-EmergencyGuides-m10210-f20210-p1-direct_guide-sitebait1-93535dae", "time": 50.0, "bait_deployed": 0.1, "policy_bait_ready": false, "encounter": 0.1, "oracle_handoff": null, "children": 8, "active_guide_id": 5, "guide_alive": true, "active_guide_alive": true, "guided_delivered": 1}
{"progress": "real-map-EmergencyGuides-m10210-f20210-p1-direct_guide-sitebait1-93535dae", "time": 60.0, "bait_deployed": 0.1, "policy_bait_ready": false, "encounter": 0.1, "oracle_handoff": null, "children": 8, "active_guide_id": 5, "guide_alive": true, "active_guide_alive": true, "guided_delivered": 1}
{"progress": "real-map-EmergencyGuides-m10210-f20210-p1-direct_guide-sitebait1-93535dae", "time": 70.0, "bait_deployed": 0.1, "policy_bait_ready": false, "encounter": 0.1, "oracle_handoff": null, "children": 8, "active_guide_id": 5, "guide_alive": true, "active_guide_alive": true, "guided_delivered": 1}
{"progress": "real-map-EmergencyGuides-m10210-f20210-p1-direct_guide-sitebait1-93535dae", "time": 80.0, "bait_deployed": 0.1, "policy_bait_ready": false, "encounter": 0.1, "oracle_handoff": null, "children": 8, "active_guide_id": 1, "guide_alive": true, "active_guide_alive": true, "guided_delivered": 1}
{"progress": "real-map-EmergencyGuides-m10210-f20210-p1-direct_guide-sitebait1-93535dae", "time": 90.0, "bait_deployed": 0.1, "policy_bait_ready": false, "encounter": 0.1, "oracle_handoff": null, "children": 8, "active_guide_id": 1, "guide_alive": true, "active_guide_alive": true, "guided_delivered": 1}
{"progress": "real-map-EmergencyGuides-m10210-f20210-p1-direct_guide-sitebait1-93535dae", "time": 100.0, "bait_deployed": 0.1, "policy_bait_ready": false, "encounter": 0.1, "oracle_handoff": null, "children": 8, "active_guide_id": 1, "guide_alive": true, "active_guide_alive": true, "guided_delivered": 1}
{"progress": "real-map-EmergencyGuides-m10210-f20210-p1-direct_guide-sitebait1-93535dae", "time": 110.0, "bait_deployed": 0.1, "policy_bait_ready": false, "encounter": 0.1, "oracle_handoff": null, "children": 8, "active_guide_id": 1, "guide_alive": true, "active_guide_alive": true, "guided_delivered": 1}
{"progress": "real-map-EmergencyGuides-m10210-f20210-p1-direct_guide-sitebait1-93535dae", "time": 120.0, "bait_deployed": 0.1, "policy_bait_ready": false, "encounter": 0.1, "oracle_handoff": null, "children": 8, "active_guide_id": 1, "guide_alive": true, "active_guide_alive": true, "guided_delivered": 1}
{"progress": "real-map-EmergencyGuides-m10210-f20210-p1-direct_guide-sitebait1-93535dae", "time": 130.0, "bait_deployed": 0.1, "policy_bait_ready": false, "encounter": 0.1, "oracle_handoff": null, "children": 8, "active_guide_id": 1, "guide_alive": true, "active_guide_alive": true, "guided_delivered": 1}
{"progress": "real-map-EmergencyGuides-m10210-f20210-p1-direct_guide-sitebait1-93535dae", "time": 140.0, "bait_deployed": 0.1, "policy_bait_ready": false, "encounter": 0.1, "oracle_handoff": null, "children": 8, "active_guide_id": 1, "guide_alive": true, "active_guide_alive": true, "guided_delivered": 1}
{"progress": "real-map-EmergencyGuides-m10210-f20210-p1-direct_guide-sitebait1-93535dae", "time": 150.0, "bait_deployed": 0.1, "policy_bait_ready": false, "encounter": 0.1, "oracle_handoff": null, "children": 8, "active_guide_id": 1, "guide_alive": true, "active_guide_alive": true, "guided_delivered": 1}
{"progress": "real-map-EmergencyGuides-m10210-f20210-p1-direct_guide-sitebait1-93535dae", "time": 160.0, "bait_deployed": 0.1, "policy_bait_ready": false, "encounter": 0.1, "oracle_handoff": null, "children": 8, "active_guide_id": 1, "guide_alive": true, "active_guide_alive": true, "guided_delivered": 1}
{"progress": "real-map-EmergencyGuides-m10210-f20210-p1-direct_guide-sitebait1-93535dae", "time": 170.0, "bait_deployed": 0.1, "policy_bait_ready": false, "encounter": 0.1, "oracle_handoff": null, "children": 8, "active_guide_id": 1, "guide_alive": true, "active_guide_alive": true, "guided_delivered": 1}
{"progress": "real-map-EmergencyGuides-m10210-f20210-p1-direct_guide-sitebait1-93535dae", "time": 180.0, "bait_deployed": 0.1, "policy_bait_ready": false, "encounter": 0.1, "oracle_handoff": null, "children": 8, "active_guide_id": 1, "guide_alive": true, "active_guide_alive": true, "guided_delivered": 1}
{"progress": "real-map-EmergencyGuides-m10210-f20210-p1-direct_guide-sitebait1-93535dae", "time": 190.0, "bait_deployed": 0.1, "policy_bait_ready": false, "encounter": 0.1, "oracle_handoff": null, "children": 8, "active_guide_id": 1, "guide_alive": true, "active_guide_alive": true, "guided_delivered": 1}
{"progress": "real-map-EmergencyGuides-m10210-f20210-p1-direct_guide-sitebait1-93535dae", "time": 200.0, "bait_deployed": 0.1, "policy_bait_ready": false, "encounter": 0.1, "oracle_handoff": null, "children": 8, "active_guide_id": 1, "guide_alive": true, "active_guide_alive": true, "guided_delivered": 1}
{"progress": "real-map-EmergencyGuides-m10210-f20210-p1-direct_guide-sitebait1-93535dae", "time": 210.0, "bait_deployed": 0.1, "policy_bait_ready": false, "encounter": 0.1, "oracle_handoff": null, "children": 8, "active_guide_id": 1, "guide_alive": true, "active_guide_alive": true, "guided_delivered": 1}
{"progress": "real-map-EmergencyGuides-m10210-f20210-p1-direct_guide-sitebait1-93535dae", "time": 220.0, "bait_deployed": 0.1, "policy_bait_ready": false, "encounter": 0.1, "oracle_handoff": null, "children": 8, "active_guide_id": 1, "guide_alive": true, "active_guide_alive": true, "guided_delivered": 1}
{"progress": "real-map-EmergencyGuides-m10210-f20210-p1-direct_guide-sitebait1-93535dae", "time": 230.0, "bait_deployed": 0.1, "policy_bait_ready": false, "encounter": 0.1, "oracle_handoff": null, "children": 8, "active_guide_id": 1, "guide_alive": true, "active_guide_alive": true, "guided_delivered": 1}
{"progress": "real-map-EmergencyGuides-m10210-f20210-p1-direct_guide-sitebait1-93535dae", "time": 240.0, "bait_deployed": 0.1, "policy_bait_ready": false, "encounter": 0.1, "oracle_handoff": null, "children": 8, "active_guide_id": 1, "guide_alive": true, "active_guide_alive": true, "guided_delivered": 1}
{"progress": "real-map-EmergencyGuides-m10210-f20210-p1-direct_guide-sitebait1-93535dae", "time": 250.0, "bait_deployed": 0.1, "policy_bait_ready": false, "encounter": 0.1, "oracle_handoff": null, "children": 8, "active_guide_id": 1, "guide_alive": true, "active_guide_alive": true, "guided_delivered": 1}
{"progress": "real-map-EmergencyGuides-m10210-f20210-p1-direct_guide-sitebait1-93535dae", "time": 260.0, "bait_deployed": 0.1, "policy_bait_ready": false, "encounter": 0.1, "oracle_handoff": null, "children": 8, "active_guide_id": 1, "guide_alive": true, "active_guide_alive": true, "guided_delivered": 1}
{"progress": "real-map-EmergencyGuides-m10210-f20210-p1-direct_guide-sitebait1-93535dae", "time": 270.0, "bait_deployed": 0.1, "policy_bait_ready": false, "encounter": 0.1, "oracle_handoff": null, "children": 8, "active_guide_id": 1, "guide_alive": true, "active_guide_alive": true, "guided_delivered": 1}
{"progress": "real-map-EmergencyGuides-m10210-f20210-p1-direct_guide-sitebait1-93535dae", "time": 280.0, "bait_deployed": 0.1, "policy_bait_ready": false, "encounter": 0.1, "oracle_handoff": null, "children": 8, "active_guide_id": 1, "guide_alive": true, "active_guide_alive": true, "guided_delivered": 1}
{"progress": "real-map-EmergencyGuides-m10210-f20210-p1-direct_guide-sitebait1-93535dae", "time": 290.0, "bait_deployed": 0.1, "policy_bait_ready": false, "encounter": 0.1, "oracle_handoff": null, "children": 8, "active_guide_id": 1, "guide_alive": true, "active_guide_alive": true, "guided_delivered": 1}
{"progress": "real-map-EmergencyGuides-m10210-f20210-p1-direct_guide-sitebait1-93535dae", "time": 300.0, "bait_deployed": 0.1, "policy_bait_ready": false, "encounter": 0.1, "oracle_handoff": null, "children": 8, "active_guide_id": 1, "guide_alive": true, "active_guide_alive": true, "guided_delivered": 1}
{"viewer_manifest_refresh": {"status": "deferred", "reason": "bounded-memory runs defer full-replay viewer processing"}}
{
  "schema": "real-map-intake-result-v2",
  "policy": "integrated_guide.policy_v27:EmergencyGuides",
  "policy_hash": "b786cab54310e7e1c2d2fa370f5c59b5697bdddcad4ef2940a9e6b0443aac6dd",
  "harness_hashes": {
    "research/simple_chase/run_streaming_v2.py": "837e02b05d1ba3af71df0949cb30beb18a8b2844f090f8b383c692192c52719a",
    "research/simple_chase/sampling.py": "1efb7d309c4cc79bc87916c1bea72a7845e78d0c2cdf0aeaf9e2a758ceed48ab",
    "research/simple_chase/static_map.py": "197b16cbe9dd2e3dd06b81fe9481986a97bd92d9c2a55f33597cc9b7280faf3c",
    "debugger/streaming_recorder_v2.py": "d5ecda6bb39ec74a9ad86fb20458df5de7f466d73052558af9e2877be3d99b19"
  },
  "mode": "direct_guide",
  "map_seed": 10210,
  "fixture_seed": 20210,
  "static_map_hash": "85939dc11bdf6e9d22b7e143152acffd3cd9a0bfa43e57d85955d8bb6b9ed675",
  "site": {
    "mouth": [
      855.7127,
      936.0742
    ],
    "inward": [
      0.0,
      -1.0
    ],
    "cross": [
      1.0,
      0.0
    ],
    "goal": [
      855.7127,
      931.0742
    ],
    "far": [
      855.7127,
      1061.0742
    ],
    "hold": [
      855.7127,
      1011.0742
    ],
    "gap": 15.5554,
    "overlap": 33.5915,
    "runup": [
      855.7127,
      1136.0742
    ],
    "approach_lane_offset": 0.0,
    "offset_approach": false,
    "obstacle_indices": [
      38,
      9
    ],
    "axis": 0,
    "other_mouth": [
      855.7127,
      902.4827
    ],
    "replacement_entry": [
      855.7127,
      882.4827
    ],
    "second_access_clear": true,
    "second_access_radius": 5.01,
    "bait_depth": 5.0,
    "boundary_indices": [],
    "geometric_replacement_access_only": true
  },
  "station_bait": true,
  "requested_seconds": 300.0,
  "seconds": 300.0,
  "reason": "horizon",
  "native_render": true,
  "reproduction_of": null,
  "record_every_ticks": 1,
  "replay_frames": 3001,
  "initial_predators": 1,
  "final_predators_total": 3,
  "tracked_predators_present_final": 1,
  "ambient_predators_spawned": 2,
  "ambient_predators_present_final": 2,
  "agent_energy_refilled": true,
  "predator_state_native": false,
  "predator_dynamics_native_after_setup": true,
  "arranged_adjacent_awake_start": true,
  "bait_id": 0,
  "guide_id": 1,
  "bait_alive": true,
  "guide_alive": true,
  "deaths": [],
  "spawn_requests": [
    {
      "time": 2.7,
      "parent_id": 1
    },
    {
      "time": 2.8,
      "parent_id": 2
    },
    {
      "time": 3.1,
      "parent_id": 2
    },
    {
      "time": 3.2,
      "parent_id": 4
    },
    {
      "time": 3.3,
      "parent_id": 1
    },
    {
      "time": 3.4,
      "parent_id": 2
    },
    {
      "time": 3.5,
      "parent_id": 1
    },
    {
      "time": 3.6,
      "parent_id": 4
    }
  ],
  "child_births": [
    {
      "time": 2.7,
      "child_id": 2,
      "x": 1004.5225,
      "y": 1056.2388,
      "requesting_parent_ids": [
        1
      ],
      "native_parent_proximity_spawn": true
    },
    {
      "time": 2.8,
      "child_id": 3,
      "x": 996.8688,
      "y": 1074.7164,
      "requesting_parent_ids": [
        2
      ],
      "native_parent_proximity_spawn": true
    },
    {
      "time": 3.1,
      "child_id": 4,
      "x": 974.1837,
      "y": 1067.8722,
      "requesting_parent_ids": [
        2
      ],
      "native_parent_proximity_spawn": true
    },
    {
      "time": 3.2,
      "child_id": 5,
      "x": 962.177,
      "y": 1107.4578,
      "requesting_parent_ids": [
        4
      ],
      "native_parent_proximity_spawn": true
    },
    {
      "time": 3.3,
      "child_id": 6,
      "x": 983.3875,
      "y": 1067.2931,
      "requesting_parent_ids": [
        1
      ],
      "native_parent_proximity_spawn": true
    },
    {
      "time": 3.4,
      "child_id": 7,
      "x": 984.6744,
      "y": 1004.4392,
      "requesting_parent_ids": [
        2
      ],
      "native_parent_proximity_spawn": true
    },
    {
      "time": 3.5,
      "child_id": 8,
      "x": 992.3854,
      "y": 1003.8924,
      "requesting_parent_ids": [
        1
      ],
      "native_parent_proximity_spawn": true
    },
    {
      "time": 3.6,
      "child_id": 9,
      "x": 991.2229,
      "y": 985.3785,
      "requesting_parent_ids": [
        4
      ],
      "native_parent_proximity_spawn": true
    }
  ],
  "fruit_consumptions": [
    {
      "time": 7.2,
      "agent_id": 5,
      "x": 1032.697,
      "y": 906.0875
    },
    {
      "time": 8.7,
      "agent_id": 5,
      "x": 752.5368,
      "y": 931.4604
    },
    {
      "time": 8.7,
      "agent_id": 5,
      "x": 761.2317,
      "y": 931.9185
    },
    {
      "time": 9.4,
      "agent_id": 5,
      "x": 638.299,
      "y": 918.5817
    },
    {
      "time": 11.2,
      "agent_id": 5,
      "x": 277.6781,
      "y": 922.0731
    },
    {
      "time": 20.5,
      "agent_id": 2,
      "x": 648.7429,
      "y": 1061.7079
    },
    {
      "time": 23.2,
      "agent_id": 7,
      "x": 1108.7845,
      "y": 864.4668
    },
    {
      "time": 29.6,
      "agent_id": 7,
      "x": 235.3158,
      "y": 214.6751
    },
    {
      "time": 31.0,
      "agent_id": 7,
      "x": 214.0046,
      "y": 80.4811
    },
    {
      "time": 38.1,
      "agent_id": 5,
      "x": 898.1991,
      "y": 1056.7945
    },
    {
      "time": 42.1,
      "agent_id": 7,
      "x": 809.1076,
      "y": 255.7146
    },
    {
      "time": 43.6,
      "agent_id": 7,
      "x": 554.7182,
      "y": 252.2143
    },
    {
      "time": 44.5,
      "agent_id": 5,
      "x": 889.6935,
      "y": 1037.3732
    },
    {
      "time": 45.4,
      "agent_id": 7,
      "x": 218.3032,
      "y": 264.4493
    },
    {
      "time": 45.6,
      "agent_id": 7,
      "x": 191.3622,
      "y": 260.485
    },
    {
      "time": 46.1,
      "agent_id": 5,
      "x": 877.4003,
      "y": 977.6422
    },
    {
      "time": 46.9,
      "agent_id": 5,
      "x": 859.1671,
      "y": 996.2758
    },
    {
      "time": 48.1,
      "agent_id": 7,
      "x": 339.8515,
      "y": 389.7362
    },
    {
      "time": 54.1,
      "agent_id": 7,
      "x": 1291.4359,
      "y": 510.9819
    },
    {
      "time": 54.5,
      "agent_id": 7,
      "x": 1346.2718,
      "y": 558.8741
    },
    {
      "time": 55.6,
      "agent_id": 7,
      "x": 1167.9535,
      "y": 589.6065
    },
    {
      "time": 60.9,
      "agent_id": 7,
      "x": 290.6333,
      "y": 602.8773
    },
    {
      "time": 61.2,
      "agent_id": 9,
      "x": 1269.8655,
      "y": 483.5188
    },
    {
      "time": 63.7,
      "agent_id": 7,
      "x": 238.0101,
      "y": 746.1027
    },
    {
      "time": 65.5,
      "agent_id": 7,
      "x": 602.8202,
      "y": 751.1004
    },
    {
      "time": 65.7,
      "agent_id": 7,
      "x": 636.6987,
      "y": 740.8128
    },
    {
      "time": 68.0,
      "agent_id": 7,
      "x": 1027.4039,
      "y": 805.8867
    },
    {
      "time": 68.3,
      "agent_id": 7,
      "x": 1057.3076,
      "y": 755.9314
    },
    {
      "time": 68.5,
      "agent_id": 7,
      "x": 1093.1007,
      "y": 748.8296
    },
    {
      "time": 68.5,
      "agent_id": 7,
      "x": 1093.4443,
      "y": 744.8863
    },
    {
      "time": 68.6,
      "agent_id": 7,
      "x": 1102.7705,
      "y": 737.6133
    },
    {
      "time": 68.8,
      "agent_id": 7,
      "x": 1148.8033,
      "y": 745.5875
    },
    {
      "time": 69.9,
      "agent_id": 7,
      "x": 1379.3801,
      "y": 739.1667
    },
    {
      "time": 73.1,
      "agent_id": 7,
      "x": 886.1994,
      "y": 1012.9298
    },
    {
      "time": 75.0,
      "agent_id": 1,
      "x": 1311.1399,
      "y": 786.4686
    },
    {
      "time": 75.4,
      "agent_id": 7,
      "x": 866.9406,
      "y": 1127.6495
    },
    {
      "time": 77.0,
      "agent_id": 4,
      "x": 881.557,
      "y": 1099.5963
    },
    {
      "time": 78.7,
      "agent_id": 1,
      "x": 836.5133,
      "y": 1011.8896
    },
    {
      "time": 79.3,
      "agent_id": 9,
      "x": 1016.6412,
      "y": 908.0302
    },
    {
      "time": 248.8,
      "agent_id": 1,
      "x": 850.308,
      "y": 1143.3488
    },
    {
      "time": 262.0,
      "agent_id": 1,
      "x": 852.1742,
      "y": 1144.8597
    }
  ],
  "parent_fruit_consumed_before_tracked_encounter": 0,
  "tracked_encounter_times": [
    0.1
  ],
  "conditional_delivery_denominator": true,
  "conditional_delivery_status": "not_applicable",
  "setup_oracle": false,
  "setup_oracle_target": null,
  "setup_oracle_ticks": 0,
  "setup_oracle_routing": null,
  "setup_oracle_route_resets": 0,
  "setup_oracle_policy_reset_before_handoff_act": false,
  "setup_oracle_handoff_time": null,
  "dynamic_action_privilege_ended_at": null,
  "target_switches": [
    {
      "time": 0.1,
      "tracked_predator_slot": 0,
      "target": 1
    },
    {
      "time": 2.9,
      "tracked_predator_slot": 0,
      "target": null
    },
    {
      "time": 3.5,
      "tracked_predator_slot": 0,
      "target": 7
    },
    {
      "time": 3.6,
      "tracked_predator_slot": 0,
      "target": 1
    },
    {
      "time": 3.8,
      "tracked_predator_slot": 0,
      "target": null
    },
    {
      "time": 3.9,
      "tracked_predator_slot": 0,
      "target": 1
    },
    {
      "time": 4.0,
      "tracked_predator_slot": 0,
      "target": null
    },
    {
      "time": 4.1,
      "tracked_predator_slot": 0,
      "target": 7
    },
    {
      "time": 4.2,
      "tracked_predator_slot": 0,
      "target": 1
    },
    {
      "time": 4.3,
      "tracked_predator_slot": 0,
      "target": null
    },
    {
      "time": 4.4,
      "tracked_predator_slot": 0,
      "target": 1
    },
    {
      "time": 4.5,
      "tracked_predator_slot": 0,
      "target": null
    },
    {
      "time": 4.7,
      "tracked_predator_slot": 0,
      "target": 4
    },
    {
      "time": 4.8,
      "tracked_predator_slot": 0,
      "target": 2
    },
    {
      "time": 4.9,
      "tracked_predator_slot": 0,
      "target": 4
    },
    {
      "time": 5.0,
      "tracked_predator_slot": 0,
      "target": 3
    },
    {
      "time": 5.3,
      "tracked_predator_slot": 0,
      "target": 6
    },
    {
      "time": 5.7,
      "tracked_predator_slot": 0,
      "target": 3
    },
    {
      "time": 5.8,
      "tracked_predator_slot": 0,
      "target": 6
    },
    {
      "time": 5.9,
      "tracked_predator_slot": 0,
      "target": 3
    },
    {
      "time": 6.0,
      "tracked_predator_slot": 0,
      "target": 6
    },
    {
      "time": 6.2,
      "tracked_predator_slot": 0,
      "target": 3
    },
    {
      "time": 6.4,
      "tracked_predator_slot": 0,
      "target": 6
    },
    {
      "time": 6.5,
      "tracked_predator_slot": 0,
      "target": 4
    },
    {
      "time": 6.6,
      "tracked_predator_slot": 0,
      "target": 2
    },
    {
      "time": 6.8,
      "tracked_predator_slot": 0,
      "target": 9
    },
    {
      "time": 6.9,
      "tracked_predator_slot": 0,
      "target": 4
    },
    {
      "time": 7.0,
      "tracked_predator_slot": 0,
      "target": 1
    },
    {
      "time": 7.2,
      "tracked_predator_slot": 0,
      "target": 4
    },
    {
      "time": 7.3,
      "tracked_predator_slot": 0,
      "target": 1
    },
    {
      "time": 7.4,
      "tracked_predator_slot": 0,
      "target": 4
    },
    {
      "time": 8.5,
      "tracked_predator_slot": 0,
      "target": 6
    },
    {
      "time": 8.6,
      "tracked_predator_slot": 0,
      "target": 3
    },
    {
      "time": 8.7,
      "tracked_predator_slot": 0,
      "target": 1
    },
    {
      "time": 8.8,
      "tracked_predator_slot": 0,
      "target": 6
    },
    {
      "time": 8.9,
      "tracked_predator_slot": 0,
      "target": 2
    },
    {
      "time": 9.0,
      "tracked_predator_slot": 0,
      "target": 4
    },
    {
      "time": 9.1,
      "tracked_predator_slot": 0,
      "target": 1
    },
    {
      "time": 9.2,
      "tracked_predator_slot": 0,
      "target": 4
    },
    {
      "time": 9.3,
      "tracked_predator_slot": 0,
      "target": 2
    },
    {
      "time": 9.4,
      "tracked_predator_slot": 0,
      "target": 6
    },
    {
      "time": 9.5,
      "tracked_predator_slot": 0,
      "target": 9
    },
    {
      "time": 9.6,
      "tracked_predator_slot": 0,
      "target": 6
    },
    {
      "time": 9.8,
      "tracked_predator_slot": 0,
      "target": 4
    },
    {
      "time": 10.3,
      "tracked_predator_slot": 0,
      "target": 1
    },
    {
      "time": 10.4,
      "tracked_predator_slot": 0,
      "target": 3
    },
    {
      "time": 10.5,
      "tracked_predator_slot": 0,
      "target": 4
    },
    {
      "time": 10.6,
      "tracked_predator_slot": 0,
      "target": 1
    },
    {
      "time": 10.7,
      "tracked_predator_slot": 0,
      "target": 4
    },
    {
      "time": 10.8,
      "tracked_predator_slot": 0,
      "target": 3
    },
    {
      "time": 10.9,
      "tracked_predator_slot": 0,
      "target": 1
    },
    {
      "time": 11.1,
      "tracked_predator_slot": 0,
      "target": 3
    },
    {
      "time": 11.2,
      "tracked_predator_slot": 0,
      "target": 1
    },
    {
      "time": 11.3,
      "tracked_predator_slot": 0,
      "target": 3
    },
    {
      "time": 11.4,
      "tracked_predator_slot": 0,
      "target": 1
    },
    {
      "time": 11.9,
      "tracked_predator_slot": 0,
      "target": 8
    },
    {
      "time": 12.0,
      "tracked_predator_slot": 0,
      "target": 6
    },
    {
      "time": 12.1,
      "tracked_predator_slot": 0,
      "target": 8
    },
    {
      "time": 12.2,
      "tracked_predator_slot": 0,
      "target": 6
    },
    {
      "time": 12.3,
      "tracked_predator_slot": 0,
      "target": 2
    },
    {
      "time": 12.4,
      "tracked_predator_slot": 0,
      "target": 4
    },
    {
      "time": 12.5,
      "tracked_predator_slot": 0,
      "target": 2
    },
    {
      "time": 12.6,
      "tracked_predator_slot": 0,
      "target": 4
    },
    {
      "time": 12.7,
      "tracked_predator_slot": 0,
      "target": 6
    },
    {
      "time": 13.0,
      "tracked_predator_slot": 0,
      "target": "resting"
    },
    {
      "time": 16.5,
      "tracked_predator_slot": 0,
      "target": 2
    },
    {
      "time": 16.6,
      "tracked_predator_slot": 0,
      "target": 9
    },
    {
      "time": 16.8,
      "tracked_predator_slot": 0,
      "target": 1
    },
    {
      "time": 16.9,
      "tracked_predator_slot": 0,
      "target": 5
    },
    {
      "time": 17.0,
      "tracked_predator_slot": 0,
      "target": 1
    },
    {
      "time": 17.1,
      "tracked_predator_slot": 0,
      "target": 9
    },
    {
      "time": 17.5,
      "tracked_predator_slot": 0,
      "target": null
    },
    {
      "time": 17.7,
      "tracked_predator_slot": 0,
      "target": 9
    },
    {
      "time": 17.9,
      "tracked_predator_slot": 0,
      "target": null
    },
    {
      "time": 18.4,
      "tracked_predator_slot": 0,
      "target": 1
    },
    {
      "time": 18.5,
      "tracked_predator_slot": 0,
      "target": 9
    },
    {
      "time": 18.6,
      "tracked_predator_slot": 0,
      "target": 3
    },
    {
      "time": 18.8,
      "tracked_predator_slot": 0,
      "target": 5
    },
    {
      "time": 18.9,
      "tracked_predator_slot": 0,
      "target": 3
    },
    {
      "time": 19.0,
      "tracked_predator_slot": 0,
      "target": null
    },
    {
      "time": 19.6,
      "tracked_predator_slot": 0,
      "target": 9
    },
    {
      "time": 19.8,
      "tracked_predator_slot": 0,
      "target": null
    },
    {
      "time": 21.1,
      "tracked_predator_slot": 0,
      "target": 9
    },
    {
      "time": 21.6,
      "tracked_predator_slot": 0,
      "target": 5
    },
    {
      "time": 24.5,
      "tracked_predator_slot": 0,
      "target": null
    },
    {
      "time": 24.7,
      "tracked_predator_slot": 0,
      "target": 5
    },
    {
      "time": 24.8,
      "tracked_predator_slot": 0,
      "target": null
    },
    {
      "time": 24.9,
      "tracked_predator_slot": 0,
      "target": 5
    },
    {
      "time": 25.1,
      "tracked_predator_slot": 0,
      "target": null
    },
    {
      "time": 25.2,
      "tracked_predator_slot": 0,
      "target": 5
    },
    {
      "time": 25.3,
      "tracked_predator_slot": 0,
      "target": null
    },
    {
      "time": 25.9,
      "tracked_predator_slot": 0,
      "target": "resting"
    },
    {
      "time": 29.4,
      "tracked_predator_slot": 0,
      "target": 5
    },
    {
      "time": 29.5,
      "tracked_predator_slot": 0,
      "target": null
    },
    {
      "time": 29.8,
      "tracked_predator_slot": 0,
      "target": 5
    },
    {
      "time": 30.0,
      "tracked_predator_slot": 0,
      "target": null
    },
    {
      "time": 30.1,
      "tracked_predator_slot": 0,
      "target": 5
    },
    {
      "time": 33.2,
      "tracked_predator_slot": 0,
      "target": null
    },
    {
      "time": 33.6,
      "tracked_predator_slot": 0,
      "target": 5
    },
    {
      "time": 33.7,
      "tracked_predator_slot": 0,
      "target": null
    },
    {
      "time": 34.9,
      "tracked_predator_slot": 0,
      "target": 5
    },
    {
      "time": 35.0,
      "tracked_predator_slot": 0,
      "target": null
    },
    {
      "time": 35.1,
      "tracked_predator_slot": 0,
      "target": 5
    },
    {
      "time": 35.2,
      "tracked_predator_slot": 0,
      "target": null
    },
    {
      "time": 35.4,
      "tracked_predator_slot": 0,
      "target": 5
    },
    {
      "time": 38.5,
      "tracked_predator_slot": 0,
      "target": "resting"
    },
    {
      "time": 42.0,
      "tracked_predator_slot": 0,
      "target": 5
    },
    {
      "time": 42.7,
      "tracked_predator_slot": 0,
      "target": null
    },
    {
      "time": 43.8,
      "tracked_predator_slot": 0,
      "target": 5
    },
    {
      "time": 43.9,
      "tracked_predator_slot": 0,
      "target": null
    },
    {
      "time": 45.0,
      "tracked_predator_slot": 0,
      "target": 5
    },
    {
      "time": 45.2,
      "tracked_predator_slot": 0,
      "target": 0
    },
    {
      "time": 52.6,
      "tracked_predator_slot": 0,
      "target": "resting"
    },
    {
      "time": 56.1,
      "tracked_predator_slot": 0,
      "target": 0
    },
    {
      "time": 65.3,
      "tracked_predator_slot": 0,
      "target": "resting"
    },
    {
      "time": 68.8,
      "tracked_predator_slot": 0,
      "target": 0
    },
    {
      "time": 78.0,
      "tracked_predator_slot": 0,
      "target": "resting"
    },
    {
      "time": 81.5,
      "tracked_predator_slot": 0,
      "target": 0
    },
    {
      "time": 90.7,
      "tracked_predator_slot": 0,
      "target": "resting"
    },
    {
      "time": 94.2,
      "tracked_predator_slot": 0,
      "target": 0
    },
    {
      "time": 103.4,
      "tracked_predator_slot": 0,
      "target": "resting"
    },
    {
      "time": 106.9,
      "tracked_predator_slot": 0,
      "target": 0
    },
    {
      "time": 116.2,
      "tracked_predator_slot": 0,
      "target": "resting"
    },
    {
      "time": 119.7,
      "tracked_predator_slot": 0,
      "target": 0
    },
    {
      "time": 128.9,
      "tracked_predator_slot": 0,
      "target": "resting"
    },
    {
      "time": 132.4,
      "tracked_predator_slot": 0,
      "target": 0
    },
    {
      "time": 141.6,
      "tracked_predator_slot": 0,
      "target": "resting"
    },
    {
      "time": 145.1,
      "tracked_predator_slot": 0,
      "target": 0
    },
    {
      "time": 154.3,
      "tracked_predator_slot": 0,
      "target": "resting"
    },
    {
      "time": 157.8,
      "tracked_predator_slot": 0,
      "target": 0
    },
    {
      "time": 167.0,
      "tracked_predator_slot": 0,
      "target": "resting"
    },
    {
      "time": 170.5,
      "tracked_predator_slot": 0,
      "target": 0
    },
    {
      "time": 179.7,
      "tracked_predator_slot": 0,
      "target": "resting"
    },
    {
      "time": 183.2,
      "tracked_predator_slot": 0,
      "target": 0
    },
    {
      "time": 192.4,
      "tracked_predator_slot": 0,
      "target": "resting"
    },
    {
      "time": 195.9,
      "tracked_predator_slot": 0,
      "target": 0
    },
    {
      "time": 205.1,
      "tracked_predator_slot": 0,
      "target": "resting"
    },
    {
      "time": 208.6,
      "tracked_predator_slot": 0,
      "target": 0
    },
    {
      "time": 217.8,
      "tracked_predator_slot": 0,
      "target": "resting"
    },
    {
      "time": 221.3,
      "tracked_predator_slot": 0,
      "target": 0
    },
    {
      "time": 230.5,
      "tracked_predator_slot": 0,
      "target": "resting"
    },
    {
      "time": 234.0,
      "tracked_predator_slot": 0,
      "target": 0
    },
    {
      "time": 243.2,
      "tracked_predator_slot": 0,
      "target": "resting"
    },
    {
      "time": 246.7,
      "tracked_predator_slot": 0,
      "target": 0
    },
    {
      "time": 256.0,
      "tracked_predator_slot": 0,
      "target": "resting"
    },
    {
      "time": 259.5,
      "tracked_predator_slot": 0,
      "target": 0
    },
    {
      "time": 268.7,
      "tracked_predator_slot": 0,
      "target": "resting"
    },
    {
      "time": 272.2,
      "tracked_predator_slot": 0,
      "target": 0
    },
    {
      "time": 281.4,
      "tracked_predator_slot": 0,
      "target": "resting"
    },
    {
      "time": 284.9,
      "tracked_predator_slot": 0,
      "target": 0
    },
    {
      "time": 294.1,
      "tracked_predator_slot": 0,
      "target": "resting"
    },
    {
      "time": 297.6,
      "tracked_predator_slot": 0,
      "target": 0
    }
  ],
  "guide_role_trace": [
    {
      "time": 0,
      "active_guide_id": 1
    },
    {
      "time": 3.5,
      "active_guide_id": 7
    },
    {
      "time": 3.6,
      "active_guide_id": 1
    },
    {
      "time": 4.0,
      "active_guide_id": 2
    },
    {
      "time": 4.1,
      "active_guide_id": 7
    },
    {
      "time": 4.2,
      "active_guide_id": 1
    },
    {
      "time": 4.5,
      "active_guide_id": 2
    },
    {
      "time": 4.9,
      "active_guide_id": 4
    },
    {
      "time": 5.0,
      "active_guide_id": 1
    },
    {
      "time": 5.2,
      "active_guide_id": 3
    },
    {
      "time": 5.6,
      "active_guide_id": 6
    },
    {
      "time": 5.7,
      "active_guide_id": 3
    },
    {
      "time": 6.2,
      "active_guide_id": 4
    },
    {
      "time": 6.3,
      "active_guide_id": 2
    },
    {
      "time": 6.8,
      "active_guide_id": 9
    },
    {
      "time": 7.1,
      "active_guide_id": 3
    },
    {
      "time": 7.3,
      "active_guide_id": 1
    },
    {
      "time": 7.9,
      "active_guide_id": 6
    },
    {
      "time": 8.0,
      "active_guide_id": 4
    },
    {
      "time": 8.5,
      "active_guide_id": 6
    },
    {
      "time": 8.7,
      "active_guide_id": 1
    },
    {
      "time": 8.8,
      "active_guide_id": 6
    },
    {
      "time": 9.0,
      "active_guide_id": 4
    },
    {
      "time": 9.1,
      "active_guide_id": 1
    },
    {
      "time": 9.3,
      "active_guide_id": 2
    },
    {
      "time": 9.4,
      "active_guide_id": 6
    },
    {
      "time": 9.5,
      "active_guide_id": 9
    },
    {
      "time": 9.6,
      "active_guide_id": 6
    },
    {
      "time": 9.9,
      "active_guide_id": 3
    },
    {
      "time": 10.1,
      "active_guide_id": 4
    },
    {
      "time": 10.3,
      "active_guide_id": 3
    },
    {
      "time": 10.5,
      "active_guide_id": 4
    },
    {
      "time": 10.8,
      "active_guide_id": 3
    },
    {
      "time": 10.9,
      "active_guide_id": 1
    },
    {
      "time": 11.1,
      "active_guide_id": 3
    },
    {
      "time": 11.4,
      "active_guide_id": 9
    },
    {
      "time": 11.6,
      "active_guide_id": 1
    },
    {
      "time": 12.3,
      "active_guide_id": 3
    },
    {
      "time": 12.4,
      "active_guide_id": 4
    },
    {
      "time": 12.5,
      "active_guide_id": 2
    },
    {
      "time": 13.0,
      "active_guide_id": 6
    },
    {
      "time": 13.2,
      "active_guide_id": 4
    },
    {
      "time": 14.0,
      "active_guide_id": 1
    },
    {
      "time": 14.2,
      "active_guide_id": 2
    },
    {
      "time": 16.7,
      "active_guide_id": 1
    },
    {
      "time": 16.9,
      "active_guide_id": 5
    },
    {
      "time": 17.0,
      "active_guide_id": 1
    },
    {
      "time": 17.1,
      "active_guide_id": 3
    },
    {
      "time": 17.3,
      "active_guide_id": 9
    },
    {
      "time": 17.9,
      "active_guide_id": 1
    },
    {
      "time": 18.0,
      "active_guide_id": 3
    },
    {
      "time": 18.5,
      "active_guide_id": 9
    },
    {
      "time": 18.6,
      "active_guide_id": 3
    },
    {
      "time": 18.7,
      "active_guide_id": 9
    },
    {
      "time": 18.8,
      "active_guide_id": 5
    },
    {
      "time": 18.9,
      "active_guide_id": 9
    },
    {
      "time": 19.5,
      "active_guide_id": 5
    },
    {
      "time": 19.6,
      "active_guide_id": 9
    },
    {
      "time": 21.6,
      "active_guide_id": 5
    },
    {
      "time": 72.4,
      "active_guide_id": 7
    },
    {
      "time": 74.4,
      "active_guide_id": 6
    },
    {
      "time": 74.5,
      "active_guide_id": 4
    },
    {
      "time": 76.0,
      "active_guide_id": 6
    },
    {
      "time": 77.1,
      "active_guide_id": 1
    },
    {
      "time": 77.9,
      "active_guide_id": 3
    },
    {
      "time": 78.8,
      "active_guide_id": 1
    },
    {
      "time": 81.7,
      "active_guide_id": 3
    },
    {
      "time": 81.8,
      "active_guide_id": 1
    },
    {
      "time": 81.9,
      "active_guide_id": 9
    },
    {
      "time": 82.3,
      "active_guide_id": 1
    },
    {
      "time": 82.8,
      "active_guide_id": 9
    },
    {
      "time": 83.3,
      "active_guide_id": 1
    },
    {
      "time": 83.6,
      "active_guide_id": 9
    },
    {
      "time": 83.9,
      "active_guide_id": 1
    },
    {
      "time": 84.2,
      "active_guide_id": 9
    },
    {
      "time": 84.3,
      "active_guide_id": 1
    }
  ],
  "guide_follow_trace": [
    {
      "time": 0.1,
      "active_guide_id": 1,
      "tracked_predator_slot": 0
    },
    {
      "time": 3.7,
      "active_guide_id": 1,
      "tracked_predator_slot": 0
    },
    {
      "time": 4.4,
      "active_guide_id": 1,
      "tracked_predator_slot": 0
    },
    {
      "time": 4.8,
      "active_guide_id": 2,
      "tracked_predator_slot": 0
    },
    {
      "time": 5.9,
      "active_guide_id": 3,
      "tracked_predator_slot": 0
    },
    {
      "time": 6.6,
      "active_guide_id": 2,
      "tracked_predator_slot": 0
    },
    {
      "time": 8.1,
      "active_guide_id": 4,
      "tracked_predator_slot": 0
    },
    {
      "time": 9.7,
      "active_guide_id": 6,
      "tracked_predator_slot": 0
    },
    {
      "time": 10.2,
      "active_guide_id": 4,
      "tracked_predator_slot": 0
    },
    {
      "time": 10.4,
      "active_guide_id": 3,
      "tracked_predator_slot": 0
    },
    {
      "time": 10.7,
      "active_guide_id": 4,
      "tracked_predator_slot": 0
    },
    {
      "time": 11.0,
      "active_guide_id": 1,
      "tracked_predator_slot": 0
    },
    {
      "time": 11.3,
      "active_guide_id": 3,
      "tracked_predator_slot": 0
    },
    {
      "time": 11.7,
      "active_guide_id": 1,
      "tracked_predator_slot": 0
    },
    {
      "time": 16.5,
      "active_guide_id": 2,
      "tracked_predator_slot": 0
    },
    {
      "time": 16.8,
      "active_guide_id": 1,
      "tracked_predator_slot": 0
    },
    {
      "time": 17.4,
      "active_guide_id": 9,
      "tracked_predator_slot": 0
    },
    {
      "time": 18.7,
      "active_guide_id": 3,
      "tracked_predator_slot": 0
    },
    {
      "time": 19.7,
      "active_guide_id": 9,
      "tracked_predator_slot": 0
    },
    {
      "time": 21.7,
      "active_guide_id": 5,
      "tracked_predator_slot": 0
    }
  ],
  "guide_role": "parent",
  "parent_role": "guide",
  "child_role": "gather_evade",
  "active_guide_id_final": 1,
  "active_guide_alive_final": true,
  "guide_role_ids": [
    1,
    2,
    3,
    4,
    5,
    6,
    7,
    8,
    9
  ],
  "bait_deployed_at": 0.1,
  "policy_bait_ready_final": false,
  "bait_left_after_deployment": null,
  "final_bait_distance_to_goal": 0.0,
  "first_guide_predator_observation": 0.1,
  "first_predator_following_guide": 0.1,
  "first_predator_following_active_guide": null,
  "tracked_seen_by_guide": 1,
  "tracked_followed_active_guide": 0,
  "physical_entered": 1,
  "guided_delivered": 1,
  "physical_losses_after_delivery": 0,
  "target_losses_after_delivery": 0,
  "physical_entry_times": [
    45.0
  ],
  "guided_delivery_times": [
    45.2
  ],
  "loss_times": [
    null
  ],
  "target_loss_times": [
    null
  ],
  "tail_seconds": 30.0,
  "tail_physical_min": 1,
  "tail_contained_min": 1,
  "final_distance_from_mouth": [
    10.4735
  ],
  "max_distance_after_delivery": [
    22.289
  ],
  "policy_events": [
    {
      "time": 2.7,
      "kind": "emergency_reserve_budget_enabled",
      "observed_distance": 34.5787,
      "blocked_escape_cone": false,
      "close_wall": true,
      "agent_id": 1
    },
    {
      "time": 2.7,
      "kind": "bounded_emergency_reserve_birth",
      "parent_id": 1,
      "request_number": 1,
      "observed_distance": 34.5787
    },
    {
      "time": 2.8,
      "kind": "native_backup_registered",
      "agent_id": 2
    },
    {
      "time": 2.8,
      "kind": "bounded_emergency_reserve_birth",
      "parent_id": 2,
      "request_number": 2,
      "observed_distance": 45.3721
    },
    {
      "time": 2.9,
      "kind": "native_backup_registered",
      "agent_id": 3
    },
    {
      "time": 3.1,
      "kind": "bounded_emergency_reserve_birth",
      "parent_id": 2,
      "request_number": 3,
      "observed_distance": 65.8929
    },
    {
      "time": 3.2,
      "kind": "native_backup_registered",
      "agent_id": 4
    },
    {
      "time": 3.2,
      "kind": "bounded_emergency_reserve_birth",
      "parent_id": 4,
      "request_number": 4,
      "observed_distance": 68.6135
    },
    {
      "time": 3.3,
      "kind": "native_backup_registered",
      "agent_id": 5
    },
    {
      "time": 3.3,
      "kind": "bounded_emergency_reserve_birth",
      "parent_id": 1,
      "request_number": 5,
      "observed_distance": 50.2027
    },
    {
      "time": 3.4,
      "kind": "native_backup_registered",
      "agent_id": 6
    },
    {
      "time": 3.4,
      "kind": "bounded_emergency_reserve_birth",
      "parent_id": 2,
      "request_number": 6,
      "observed_distance": 62.1928
    },
    {
      "time": 3.5,
      "kind": "native_backup_registered",
      "agent_id": 7
    },
    {
      "time": 3.5,
      "kind": "public_dto_active_guide",
      "agent_id": 7,
      "reason": "minimum_observed_predator_distance_hysteresis"
    },
    {
      "time": 3.5,
      "kind": "bounded_emergency_reserve_birth",
      "parent_id": 1,
      "request_number": 7,
      "observed_distance": 50.9594
    },
    {
      "time": 3.6,
      "kind": "native_backup_registered",
      "agent_id": 8
    },
    {
      "time": 3.6,
      "kind": "public_dto_active_guide",
      "agent_id": 1,
      "reason": "minimum_observed_predator_distance_hysteresis"
    },
    {
      "time": 3.6,
      "kind": "bounded_emergency_reserve_birth",
      "parent_id": 4,
      "request_number": 8,
      "observed_distance": 68.887
    },
    {
      "time": 3.7,
      "kind": "native_backup_registered",
      "agent_id": 9
    },
    {
      "time": 4.0,
      "kind": "public_dto_active_guide",
      "agent_id": 2,
      "reason": "minimum_observed_predator_distance_hysteresis"
    },
    {
      "time": 4.1,
      "kind": "public_dto_active_guide",
      "agent_id": 7,
      "reason": "minimum_observed_predator_distance_hysteresis"
    },
    {
      "time": 4.2,
      "kind": "public_dto_active_guide",
      "agent_id": 1,
      "reason": "minimum_observed_predator_distance_hysteresis"
    },
    {
      "time": 4.5,
      "kind": "public_dto_active_guide",
      "agent_id": 2,
      "reason": "minimum_observed_predator_distance_hysteresis"
    },
    {
      "time": 4.9,
      "kind": "public_dto_active_guide",
      "agent_id": 4,
      "reason": "minimum_observed_predator_distance_hysteresis"
    },
    {
      "time": 5.0,
      "kind": "public_dto_active_guide",
      "agent_id": 1,
      "reason": "minimum_observed_predator_distance_hysteresis"
    },
    {
      "time": 5.2,
      "kind": "public_dto_active_guide",
      "agent_id": 3,
      "reason": "minimum_observed_predator_distance_hysteresis"
    },
    {
      "time": 5.6,
      "kind": "public_dto_active_guide",
      "agent_id": 6,
      "reason": "minimum_observed_predator_distance_hysteresis"
    },
    {
      "time": 5.7,
      "kind": "public_dto_active_guide",
      "agent_id": 3,
      "reason": "minimum_observed_predator_distance_hysteresis"
    },
    {
      "time": 6.2,
      "kind": "public_dto_active_guide",
      "agent_id": 4,
      "reason": "minimum_observed_predator_distance_hysteresis"
    },
    {
      "time": 6.3,
      "kind": "public_dto_active_guide",
      "agent_id": 2,
      "reason": "minimum_observed_predator_distance_hysteresis"
    },
    {
      "time": 6.8,
      "kind": "public_dto_active_guide",
      "agent_id": 9,
      "reason": "minimum_observed_predator_distance_hysteresis"
    },
    {
      "time": 7.1,
      "kind": "public_dto_active_guide",
      "agent_id": 3,
      "reason": "minimum_observed_predator_distance_hysteresis"
    },
    {
      "time": 7.3,
      "kind": "public_dto_active_guide",
      "agent_id": 1,
      "reason": "minimum_observed_predator_distance_hysteresis"
    },
    {
      "time": 7.9,
      "kind": "public_dto_active_guide",
      "agent_id": 6,
      "reason": "minimum_observed_predator_distance_hysteresis"
    },
    {
      "time": 8.0,
      "kind": "public_dto_active_guide",
      "agent_id": 4,
      "reason": "minimum_observed_predator_distance_hysteresis"
    },
    {
      "time": 8.5,
      "kind": "public_dto_active_guide",
      "agent_id": 6,
      "reason": "minimum_observed_predator_distance_hysteresis"
    },
    {
      "time": 8.7,
      "kind": "public_dto_active_guide",
      "agent_id": 1,
      "reason": "minimum_observed_predator_distance_hysteresis"
    },
    {
      "time": 8.8,
      "kind": "public_dto_active_guide",
      "agent_id": 6,
      "reason": "minimum_observed_predator_distance_hysteresis"
    },
    {
      "time": 9.0,
      "kind": "public_dto_active_guide",
      "agent_id": 4,
      "reason": "minimum_observed_predator_distance_hysteresis"
    },
    {
      "time": 9.1,
      "kind": "public_dto_active_guide",
      "agent_id": 1,
      "reason": "minimum_observed_predator_distance_hysteresis"
    },
    {
      "time": 9.3,
      "kind": "public_dto_active_guide",
      "agent_id": 2,
      "reason": "minimum_observed_predator_distance_hysteresis"
    },
    {
      "time": 9.4,
      "kind": "public_dto_active_guide",
      "agent_id": 6,
      "reason": "minimum_observed_predator_distance_hysteresis"
    },
    {
      "time": 9.5,
      "kind": "public_dto_active_guide",
      "agent_id": 9,
      "reason": "minimum_observed_predator_distance_hysteresis"
    },
    {
      "time": 9.6,
      "kind": "public_dto_active_guide",
      "agent_id": 6,
      "reason": "minimum_observed_predator_distance_hysteresis"
    },
    {
      "time": 9.9,
      "kind": "public_dto_active_guide",
      "agent_id": 3,
      "reason": "minimum_observed_predator_distance_hysteresis"
    },
    {
      "time": 10.1,
      "kind": "public_dto_active_guide",
      "agent_id": 4,
      "reason": "minimum_observed_predator_distance_hysteresis"
    },
    {
      "time": 10.3,
      "kind": "public_dto_active_guide",
      "agent_id": 3,
      "reason": "minimum_observed_predator_distance_hysteresis"
    },
    {
      "time": 10.5,
      "kind": "public_dto_active_guide",
      "agent_id": 4,
      "reason": "minimum_observed_predator_distance_hysteresis"
    },
    {
      "time": 10.8,
      "kind": "public_dto_active_guide",
      "agent_id": 3,
      "reason": "minimum_observed_predator_distance_hysteresis"
    },
    {
      "time": 10.9,
      "kind": "public_dto_active_guide",
      "agent_id": 1,
      "reason": "minimum_observed_predator_distance_hysteresis"
    },
    {
      "time": 11.1,
      "kind": "public_dto_active_guide",
      "agent_id": 3,
      "reason": "minimum_observed_predator_distance_hysteresis"
    },
    {
      "time": 11.4,
      "kind": "public_dto_active_guide",
      "agent_id": 9,
      "reason": "minimum_observed_predator_distance_hysteresis"
    },
    {
      "time": 11.6,
      "kind": "public_dto_active_guide",
      "agent_id": 1,
      "reason": "minimum_observed_predator_distance_hysteresis"
    },
    {
      "time": 12.3,
      "kind": "public_dto_active_guide",
      "agent_id": 3,
      "reason": "minimum_observed_predator_distance_hysteresis"
    },
    {
      "time": 12.4,
      "kind": "public_dto_active_guide",
      "agent_id": 4,
      "reason": "minimum_observed_predator_distance_hysteresis"
    },
    {
      "time": 12.5,
      "kind": "public_dto_active_guide",
      "agent_id": 2,
      "reason": "minimum_observed_predator_distance_hysteresis"
    },
    {
      "time": 13.0,
      "kind": "public_dto_active_guide",
      "agent_id": 6,
      "reason": "minimum_observed_predator_distance_hysteresis"
    },
    {
      "time": 13.2,
      "kind": "public_dto_active_guide",
      "agent_id": 4,
      "reason": "minimum_observed_predator_distance_hysteresis"
    },
    {
      "time": 14.0,
      "kind": "public_dto_active_guide",
      "agent_id": 1,
      "reason": "minimum_observed_predator_distance_hysteresis"
    },
    {
      "time": 14.2,
      "kind": "public_dto_active_guide",
      "agent_id": 2,
      "reason": "minimum_observed_predator_distance_hysteresis"
    },
    {
      "time": 16.7,
      "kind": "public_dto_active_guide",
      "agent_id": 1,
      "reason": "minimum_observed_predator_distance_hysteresis"
    },
    {
      "time": 16.9,
      "kind": "public_dto_active_guide",
      "agent_id": 5,
      "reason": "minimum_observed_predator_distance_hysteresis"
    },
    {
      "time": 17.0,
      "kind": "public_dto_active_guide",
      "agent_id": 1,
      "reason": "minimum_observed_predator_distance_hysteresis"
    },
    {
      "time": 17.1,
      "kind": "public_dto_active_guide",
      "agent_id": 3,
      "reason": "minimum_observed_predator_distance_hysteresis"
    },
    {
      "time": 17.3,
      "kind": "public_dto_active_guide",
      "agent_id": 9,
      "reason": "minimum_observed_predator_distance_hysteresis"
    },
    {
      "time": 17.9,
      "kind": "public_dto_active_guide",
      "agent_id": 1,
      "reason": "minimum_observed_predator_distance_hysteresis"
    },
    {
      "time": 18.0,
      "kind": "public_dto_active_guide",
      "agent_id": 3,
      "reason": "minimum_observed_predator_distance_hysteresis"
    },
    {
      "time": 18.5,
      "kind": "public_dto_active_guide",
      "agent_id": 9,
      "reason": "minimum_observed_predator_distance_hysteresis"
    },
    {
      "time": 18.6,
      "kind": "public_dto_active_guide",
      "agent_id": 3,
      "reason": "minimum_observed_predator_distance_hysteresis"
    },
    {
      "time": 18.7,
      "kind": "public_dto_active_guide",
      "agent_id": 9,
      "reason": "minimum_observed_predator_distance_hysteresis"
    },
    {
      "time": 18.8,
      "kind": "public_dto_active_guide",
      "agent_id": 5,
      "reason": "minimum_observed_predator_distance_hysteresis"
    },
    {
      "time": 18.9,
      "kind": "public_dto_active_guide",
      "agent_id": 9,
      "reason": "minimum_observed_predator_distance_hysteresis"
    },
    {
      "time": 19.5,
      "kind": "public_dto_active_guide",
      "agent_id": 5,
      "reason": "minimum_observed_predator_distance_hysteresis"
    },
    {
      "time": 19.6,
      "kind": "public_dto_active_guide",
      "agent_id": 9,
      "reason": "minimum_observed_predator_distance_hysteresis"
    },
    {
      "time": 21.6,
      "kind": "public_dto_active_guide",
      "agent_id": 5,
      "reason": "minimum_observed_predator_distance_hysteresis"
    },
    {
      "time": 72.4,
      "kind": "public_dto_active_guide",
      "agent_id": 7,
      "reason": "minimum_observed_predator_distance_hysteresis"
    },
    {
      "time": 74.4,
      "kind": "public_dto_active_guide",
      "agent_id": 6,
      "reason": "minimum_observed_predator_distance_hysteresis"
    },
    {
      "time": 74.5,
      "kind": "public_dto_active_guide",
      "agent_id": 4,
      "reason": "minimum_observed_predator_distance_hysteresis"
    },
    {
      "time": 76.0,
      "kind": "public_dto_active_guide",
      "agent_id": 6,
      "reason": "minimum_observed_predator_distance_hysteresis"
    },
    {
      "time": 77.1,
      "kind": "public_dto_active_guide",
      "agent_id": 1,
      "reason": "minimum_observed_predator_distance_hysteresis"
    },
    {
      "time": 77.9,
      "kind": "public_dto_active_guide",
      "agent_id": 3,
      "reason": "minimum_observed_predator_distance_hysteresis"
    },
    {
      "time": 78.8,
      "kind": "public_dto_active_guide",
      "agent_id": 1,
      "reason": "minimum_observed_predator_distance_hysteresis"
    },
    {
      "time": 81.7,
      "kind": "public_dto_active_guide",
      "agent_id": 3,
      "reason": "minimum_observed_predator_distance_hysteresis"
    },
    {
      "time": 81.8,
      "kind": "public_dto_active_guide",
      "agent_id": 1,
      "reason": "minimum_observed_predator_distance_hysteresis"
    },
    {
      "time": 81.9,
      "kind": "public_dto_active_guide",
      "agent_id": 9,
      "reason": "minimum_observed_predator_distance_hysteresis"
    },
    {
      "time": 82.3,
      "kind": "public_dto_active_guide",
      "agent_id": 1,
      "reason": "minimum_observed_predator_distance_hysteresis"
    },
    {
      "time": 82.8,
      "kind": "public_dto_active_guide",
      "agent_id": 9,
      "reason": "minimum_observed_predator_distance_hysteresis"
    },
    {
      "time": 83.3,
      "kind": "public_dto_active_guide",
      "agent_id": 1,
      "reason": "minimum_observed_predator_distance_hysteresis"
    },
    {
      "time": 83.6,
      "kind": "public_dto_active_guide",
      "agent_id": 9,
      "reason": "minimum_observed_predator_distance_hysteresis"
    },
    {
      "time": 83.9,
      "kind": "public_dto_active_guide",
      "agent_id": 1,
      "reason": "minimum_observed_predator_distance_hysteresis"
    },
    {
      "time": 84.2,
      "kind": "public_dto_active_guide",
      "agent_id": 9,
      "reason": "minimum_observed_predator_distance_hysteresis"
    },
    {
      "time": 84.3,
      "kind": "public_dto_active_guide",
      "agent_id": 1,
      "reason": "minimum_observed_predator_distance_hysteresis"
    }
  ],
  "success": true,
  "replay": "results/simple_chase/replays/real-map-EmergencyGuides-m10210-f20210-p1-direct_guide-sitebait1-93535dae.json.gz"
}
/home/Ucals/projects/NordicCupAI-wall-funneling/survival-simulator/oscar-trap-research/survival/results/simple_chase/real-map-EmergencyGuides-m10210-f20210-p1-direct_guide-sitebait1-93535dae.json
