Running as unit: run-p850333-i833972.scope; invocation ID: 8b93022996c340468857eb173a612566
{"progress": "real-map-EmergencyGuides-m10211-f20211-p1-direct_guide-sitebait1-3e76e836", "time": 10.0, "bait_deployed": 0.1, "policy_bait_ready": false, "encounter": 0.1, "oracle_handoff": null, "children": 0, "active_guide_id": 1, "guide_alive": true, "active_guide_alive": true, "guided_delivered": 0}
{"progress": "real-map-EmergencyGuides-m10211-f20211-p1-direct_guide-sitebait1-3e76e836", "time": 20.0, "bait_deployed": 0.1, "policy_bait_ready": false, "encounter": 0.1, "oracle_handoff": null, "children": 0, "active_guide_id": 1, "guide_alive": false, "active_guide_alive": false, "guided_delivered": 1}
{"progress": "real-map-EmergencyGuides-m10211-f20211-p1-direct_guide-sitebait1-3e76e836", "time": 30.0, "bait_deployed": 0.1, "policy_bait_ready": false, "encounter": 0.1, "oracle_handoff": null, "children": 0, "active_guide_id": 1, "guide_alive": false, "active_guide_alive": false, "guided_delivered": 1}
{"progress": "real-map-EmergencyGuides-m10211-f20211-p1-direct_guide-sitebait1-3e76e836", "time": 40.0, "bait_deployed": 0.1, "policy_bait_ready": false, "encounter": 0.1, "oracle_handoff": null, "children": 0, "active_guide_id": 1, "guide_alive": false, "active_guide_alive": false, "guided_delivered": 1}
{"progress": "real-map-EmergencyGuides-m10211-f20211-p1-direct_guide-sitebait1-3e76e836", "time": 50.0, "bait_deployed": 0.1, "policy_bait_ready": false, "encounter": 0.1, "oracle_handoff": null, "children": 0, "active_guide_id": 1, "guide_alive": false, "active_guide_alive": false, "guided_delivered": 1}
{"progress": "real-map-EmergencyGuides-m10211-f20211-p1-direct_guide-sitebait1-3e76e836", "time": 60.0, "bait_deployed": 0.1, "policy_bait_ready": false, "encounter": 0.1, "oracle_handoff": null, "children": 0, "active_guide_id": 1, "guide_alive": false, "active_guide_alive": false, "guided_delivered": 1}
{"progress": "real-map-EmergencyGuides-m10211-f20211-p1-direct_guide-sitebait1-3e76e836", "time": 70.0, "bait_deployed": 0.1, "policy_bait_ready": false, "encounter": 0.1, "oracle_handoff": null, "children": 0, "active_guide_id": 1, "guide_alive": false, "active_guide_alive": false, "guided_delivered": 1}
{"progress": "real-map-EmergencyGuides-m10211-f20211-p1-direct_guide-sitebait1-3e76e836", "time": 80.0, "bait_deployed": 0.1, "policy_bait_ready": false, "encounter": 0.1, "oracle_handoff": null, "children": 0, "active_guide_id": 1, "guide_alive": false, "active_guide_alive": false, "guided_delivered": 1}
{"progress": "real-map-EmergencyGuides-m10211-f20211-p1-direct_guide-sitebait1-3e76e836", "time": 90.0, "bait_deployed": 0.1, "policy_bait_ready": false, "encounter": 0.1, "oracle_handoff": null, "children": 0, "active_guide_id": 1, "guide_alive": false, "active_guide_alive": false, "guided_delivered": 1}
{"progress": "real-map-EmergencyGuides-m10211-f20211-p1-direct_guide-sitebait1-3e76e836", "time": 100.0, "bait_deployed": 0.1, "policy_bait_ready": false, "encounter": 0.1, "oracle_handoff": null, "children": 0, "active_guide_id": 1, "guide_alive": false, "active_guide_alive": false, "guided_delivered": 1}
{"progress": "real-map-EmergencyGuides-m10211-f20211-p1-direct_guide-sitebait1-3e76e836", "time": 110.0, "bait_deployed": 0.1, "policy_bait_ready": false, "encounter": 0.1, "oracle_handoff": null, "children": 0, "active_guide_id": 1, "guide_alive": false, "active_guide_alive": false, "guided_delivered": 1}
{"progress": "real-map-EmergencyGuides-m10211-f20211-p1-direct_guide-sitebait1-3e76e836", "time": 120.0, "bait_deployed": 0.1, "policy_bait_ready": false, "encounter": 0.1, "oracle_handoff": null, "children": 0, "active_guide_id": 1, "guide_alive": false, "active_guide_alive": false, "guided_delivered": 1}
{"progress": "real-map-EmergencyGuides-m10211-f20211-p1-direct_guide-sitebait1-3e76e836", "time": 130.0, "bait_deployed": 0.1, "policy_bait_ready": false, "encounter": 0.1, "oracle_handoff": null, "children": 0, "active_guide_id": 1, "guide_alive": false, "active_guide_alive": false, "guided_delivered": 1}
{"progress": "real-map-EmergencyGuides-m10211-f20211-p1-direct_guide-sitebait1-3e76e836", "time": 140.0, "bait_deployed": 0.1, "policy_bait_ready": false, "encounter": 0.1, "oracle_handoff": null, "children": 0, "active_guide_id": 1, "guide_alive": false, "active_guide_alive": false, "guided_delivered": 1}
{"progress": "real-map-EmergencyGuides-m10211-f20211-p1-direct_guide-sitebait1-3e76e836", "time": 150.0, "bait_deployed": 0.1, "policy_bait_ready": false, "encounter": 0.1, "oracle_handoff": null, "children": 0, "active_guide_id": 1, "guide_alive": false, "active_guide_alive": false, "guided_delivered": 1}
{"progress": "real-map-EmergencyGuides-m10211-f20211-p1-direct_guide-sitebait1-3e76e836", "time": 160.0, "bait_deployed": 0.1, "policy_bait_ready": false, "encounter": 0.1, "oracle_handoff": null, "children": 0, "active_guide_id": 1, "guide_alive": false, "active_guide_alive": false, "guided_delivered": 1}
{"progress": "real-map-EmergencyGuides-m10211-f20211-p1-direct_guide-sitebait1-3e76e836", "time": 170.0, "bait_deployed": 0.1, "policy_bait_ready": false, "encounter": 0.1, "oracle_handoff": null, "children": 0, "active_guide_id": 1, "guide_alive": false, "active_guide_alive": false, "guided_delivered": 1}
{"progress": "real-map-EmergencyGuides-m10211-f20211-p1-direct_guide-sitebait1-3e76e836", "time": 180.0, "bait_deployed": 0.1, "policy_bait_ready": false, "encounter": 0.1, "oracle_handoff": null, "children": 0, "active_guide_id": 1, "guide_alive": false, "active_guide_alive": false, "guided_delivered": 1}
{"progress": "real-map-EmergencyGuides-m10211-f20211-p1-direct_guide-sitebait1-3e76e836", "time": 190.0, "bait_deployed": 0.1, "policy_bait_ready": false, "encounter": 0.1, "oracle_handoff": null, "children": 0, "active_guide_id": 1, "guide_alive": false, "active_guide_alive": false, "guided_delivered": 1}
{"progress": "real-map-EmergencyGuides-m10211-f20211-p1-direct_guide-sitebait1-3e76e836", "time": 200.0, "bait_deployed": 0.1, "policy_bait_ready": false, "encounter": 0.1, "oracle_handoff": null, "children": 0, "active_guide_id": 1, "guide_alive": false, "active_guide_alive": false, "guided_delivered": 1}
{"progress": "real-map-EmergencyGuides-m10211-f20211-p1-direct_guide-sitebait1-3e76e836", "time": 210.0, "bait_deployed": 0.1, "policy_bait_ready": false, "encounter": 0.1, "oracle_handoff": null, "children": 0, "active_guide_id": 1, "guide_alive": false, "active_guide_alive": false, "guided_delivered": 1}
{"progress": "real-map-EmergencyGuides-m10211-f20211-p1-direct_guide-sitebait1-3e76e836", "time": 220.0, "bait_deployed": 0.1, "policy_bait_ready": false, "encounter": 0.1, "oracle_handoff": null, "children": 0, "active_guide_id": 1, "guide_alive": false, "active_guide_alive": false, "guided_delivered": 1}
{"progress": "real-map-EmergencyGuides-m10211-f20211-p1-direct_guide-sitebait1-3e76e836", "time": 230.0, "bait_deployed": 0.1, "policy_bait_ready": false, "encounter": 0.1, "oracle_handoff": null, "children": 0, "active_guide_id": 1, "guide_alive": false, "active_guide_alive": false, "guided_delivered": 1}
{"progress": "real-map-EmergencyGuides-m10211-f20211-p1-direct_guide-sitebait1-3e76e836", "time": 240.0, "bait_deployed": 0.1, "policy_bait_ready": false, "encounter": 0.1, "oracle_handoff": null, "children": 0, "active_guide_id": 1, "guide_alive": false, "active_guide_alive": false, "guided_delivered": 1}
{"progress": "real-map-EmergencyGuides-m10211-f20211-p1-direct_guide-sitebait1-3e76e836", "time": 250.0, "bait_deployed": 0.1, "policy_bait_ready": false, "encounter": 0.1, "oracle_handoff": null, "children": 0, "active_guide_id": 1, "guide_alive": false, "active_guide_alive": false, "guided_delivered": 1}
{"progress": "real-map-EmergencyGuides-m10211-f20211-p1-direct_guide-sitebait1-3e76e836", "time": 260.0, "bait_deployed": 0.1, "policy_bait_ready": false, "encounter": 0.1, "oracle_handoff": null, "children": 0, "active_guide_id": 1, "guide_alive": false, "active_guide_alive": false, "guided_delivered": 1}
{"progress": "real-map-EmergencyGuides-m10211-f20211-p1-direct_guide-sitebait1-3e76e836", "time": 270.0, "bait_deployed": 0.1, "policy_bait_ready": false, "encounter": 0.1, "oracle_handoff": null, "children": 0, "active_guide_id": 1, "guide_alive": false, "active_guide_alive": false, "guided_delivered": 1}
{"progress": "real-map-EmergencyGuides-m10211-f20211-p1-direct_guide-sitebait1-3e76e836", "time": 280.0, "bait_deployed": 0.1, "policy_bait_ready": false, "encounter": 0.1, "oracle_handoff": null, "children": 0, "active_guide_id": 1, "guide_alive": false, "active_guide_alive": false, "guided_delivered": 1}
{"progress": "real-map-EmergencyGuides-m10211-f20211-p1-direct_guide-sitebait1-3e76e836", "time": 290.0, "bait_deployed": 0.1, "policy_bait_ready": false, "encounter": 0.1, "oracle_handoff": null, "children": 0, "active_guide_id": 1, "guide_alive": false, "active_guide_alive": false, "guided_delivered": 1}
{"progress": "real-map-EmergencyGuides-m10211-f20211-p1-direct_guide-sitebait1-3e76e836", "time": 300.0, "bait_deployed": 0.1, "policy_bait_ready": false, "encounter": 0.1, "oracle_handoff": null, "children": 0, "active_guide_id": 1, "guide_alive": false, "active_guide_alive": false, "guided_delivered": 1}
{"viewer_manifest_refresh": {"status": "deferred", "reason": "bounded-memory runs defer full-replay viewer processing"}}
{
  "schema": "real-map-intake-result-v2",
  "policy": "integrated_guide.policy_v27:EmergencyGuides",
  "policy_hash": "b786cab54310e7e1c2d2fa370f5c59b5697bdddcad4ef2940a9e6b0443aac6dd",
  "harness_hashes": {
    "research/simple_chase/run_streaming_v2.py": "837e02b05d1ba3af71df0949cb30beb18a8b2844f090f8b383c692192c52719a",
    "research/simple_chase/sampling.py": "1efb7d309c4cc79bc87916c1bea72a7845e78d0c2cdf0aeaf9e2a758ceed48ab",
    "research/simple_chase/static_map.py": "197b16cbe9dd2e3dd06b81fe9481986a97bd92d9c2a55f33597cc9b7280faf3c",
    "debugger/streaming_recorder_v2.py": "d5ecda6bb39ec74a9ad86fb20458df5de7f466d73052558af9e2877be3d99b19"
  },
  "mode": "direct_guide",
  "map_seed": 10211,
  "fixture_seed": 20211,
  "static_map_hash": "d78e5116d0b4be70276a9029d95bbc8fad0dd87bd2a3e7dde4687810457aac03",
  "site": {
    "mouth": [
      1328.6154,
      903.7768
    ],
    "inward": [
      1.0,
      0.0
    ],
    "cross": [
      -0.0,
      1.0
    ],
    "goal": [
      1333.6154,
      903.7768
    ],
    "far": [
      1203.6154,
      903.7768
    ],
    "hold": [
      1253.6154,
      903.7768
    ],
    "gap": 17.4982,
    "overlap": 30.2939,
    "runup": [
      1078.6154,
      903.7768
    ],
    "approach_lane_offset": 0.0,
    "offset_approach": false,
    "obstacle_indices": [
      21,
      26
    ],
    "axis": 1,
    "other_mouth": [
      1358.9093,
      903.7768
    ],
    "replacement_entry": [
      1378.9093,
      903.7768
    ],
    "second_access_clear": true,
    "second_access_radius": 5.01,
    "bait_depth": 5.0,
    "boundary_indices": [],
    "geometric_replacement_access_only": true
  },
  "station_bait": true,
  "requested_seconds": 300.0,
  "seconds": 300.0,
  "reason": "horizon",
  "native_render": true,
  "reproduction_of": null,
  "record_every_ticks": 1,
  "replay_frames": 3001,
  "initial_predators": 1,
  "final_predators_total": 3,
  "tracked_predators_present_final": 1,
  "ambient_predators_spawned": 2,
  "ambient_predators_present_final": 2,
  "agent_energy_refilled": true,
  "predator_state_native": false,
  "predator_dynamics_native_after_setup": true,
  "arranged_adjacent_awake_start": true,
  "bait_id": 0,
  "guide_id": 1,
  "bait_alive": true,
  "guide_alive": false,
  "deaths": [
    {
      "time": 17.7,
      "agent_id": 1,
      "role": "parent_guide"
    }
  ],
  "spawn_requests": [],
  "child_births": [],
  "fruit_consumptions": [
    {
      "time": 0.3,
      "agent_id": 1,
      "x": 841.5457,
      "y": 701.9162
    }
  ],
  "parent_fruit_consumed_before_tracked_encounter": 0,
  "tracked_encounter_times": [
    0.1
  ],
  "conditional_delivery_denominator": true,
  "conditional_delivery_status": "not_applicable",
  "setup_oracle": false,
  "setup_oracle_target": null,
  "setup_oracle_ticks": 0,
  "setup_oracle_routing": null,
  "setup_oracle_route_resets": 0,
  "setup_oracle_policy_reset_before_handoff_act": false,
  "setup_oracle_handoff_time": null,
  "dynamic_action_privilege_ended_at": null,
  "target_switches": [
    {
      "time": 0.1,
      "tracked_predator_slot": 0,
      "target": 1
    },
    {
      "time": 6.7,
      "tracked_predator_slot": 0,
      "target": null
    },
    {
      "time": 7.1,
      "tracked_predator_slot": 0,
      "target": 1
    },
    {
      "time": 7.3,
      "tracked_predator_slot": 0,
      "target": null
    },
    {
      "time": 7.6,
      "tracked_predator_slot": 0,
      "target": 1
    },
    {
      "time": 12.9,
      "tracked_predator_slot": 0,
      "target": "resting"
    },
    {
      "time": 16.4,
      "tracked_predator_slot": 0,
      "target": null
    },
    {
      "time": 16.5,
      "tracked_predator_slot": 0,
      "target": 1
    },
    {
      "time": 17.7,
      "tracked_predator_slot": 0,
      "target": 0
    },
    {
      "time": 30.9,
      "tracked_predator_slot": 0,
      "target": "resting"
    },
    {
      "time": 34.4,
      "tracked_predator_slot": 0,
      "target": 0
    },
    {
      "time": 43.6,
      "tracked_predator_slot": 0,
      "target": "resting"
    },
    {
      "time": 47.1,
      "tracked_predator_slot": 0,
      "target": 0
    },
    {
      "time": 56.1,
      "tracked_predator_slot": 0,
      "target": "resting"
    },
    {
      "time": 59.6,
      "tracked_predator_slot": 0,
      "target": 0
    },
    {
      "time": 68.8,
      "tracked_predator_slot": 0,
      "target": "resting"
    },
    {
      "time": 72.3,
      "tracked_predator_slot": 0,
      "target": 0
    },
    {
      "time": 81.2,
      "tracked_predator_slot": 0,
      "target": "resting"
    },
    {
      "time": 84.7,
      "tracked_predator_slot": 0,
      "target": 0
    },
    {
      "time": 93.6,
      "tracked_predator_slot": 0,
      "target": "resting"
    },
    {
      "time": 97.1,
      "tracked_predator_slot": 0,
      "target": 0
    },
    {
      "time": 106.3,
      "tracked_predator_slot": 0,
      "target": "resting"
    },
    {
      "time": 109.8,
      "tracked_predator_slot": 0,
      "target": 0
    },
    {
      "time": 119.1,
      "tracked_predator_slot": 0,
      "target": "resting"
    },
    {
      "time": 122.6,
      "tracked_predator_slot": 0,
      "target": 0
    },
    {
      "time": 131.8,
      "tracked_predator_slot": 0,
      "target": "resting"
    },
    {
      "time": 135.3,
      "tracked_predator_slot": 0,
      "target": 0
    },
    {
      "time": 144.5,
      "tracked_predator_slot": 0,
      "target": "resting"
    },
    {
      "time": 148.0,
      "tracked_predator_slot": 0,
      "target": 0
    },
    {
      "time": 157.2,
      "tracked_predator_slot": 0,
      "target": "resting"
    },
    {
      "time": 160.7,
      "tracked_predator_slot": 0,
      "target": 0
    },
    {
      "time": 169.9,
      "tracked_predator_slot": 0,
      "target": "resting"
    },
    {
      "time": 173.4,
      "tracked_predator_slot": 0,
      "target": 0
    },
    {
      "time": 182.7,
      "tracked_predator_slot": 0,
      "target": "resting"
    },
    {
      "time": 186.2,
      "tracked_predator_slot": 0,
      "target": 0
    },
    {
      "time": 195.5,
      "tracked_predator_slot": 0,
      "target": "resting"
    },
    {
      "time": 199.0,
      "tracked_predator_slot": 0,
      "target": 0
    },
    {
      "time": 208.2,
      "tracked_predator_slot": 0,
      "target": "resting"
    },
    {
      "time": 211.7,
      "tracked_predator_slot": 0,
      "target": 0
    },
    {
      "time": 221.0,
      "tracked_predator_slot": 0,
      "target": "resting"
    },
    {
      "time": 224.5,
      "tracked_predator_slot": 0,
      "target": 0
    },
    {
      "time": 233.8,
      "tracked_predator_slot": 0,
      "target": "resting"
    },
    {
      "time": 237.3,
      "tracked_predator_slot": 0,
      "target": 0
    },
    {
      "time": 246.5,
      "tracked_predator_slot": 0,
      "target": "resting"
    },
    {
      "time": 250.0,
      "tracked_predator_slot": 0,
      "target": 0
    },
    {
      "time": 259.3,
      "tracked_predator_slot": 0,
      "target": "resting"
    },
    {
      "time": 262.8,
      "tracked_predator_slot": 0,
      "target": 0
    },
    {
      "time": 272.1,
      "tracked_predator_slot": 0,
      "target": "resting"
    },
    {
      "time": 275.6,
      "tracked_predator_slot": 0,
      "target": 0
    },
    {
      "time": 284.9,
      "tracked_predator_slot": 0,
      "target": "resting"
    },
    {
      "time": 288.4,
      "tracked_predator_slot": 0,
      "target": 0
    },
    {
      "time": 297.7,
      "tracked_predator_slot": 0,
      "target": "resting"
    }
  ],
  "guide_role_trace": [
    {
      "time": 0,
      "active_guide_id": 1
    }
  ],
  "guide_follow_trace": [
    {
      "time": 0.1,
      "active_guide_id": 1,
      "tracked_predator_slot": 0
    }
  ],
  "guide_role": "parent",
  "parent_role": "guide",
  "child_role": "gather_evade",
  "active_guide_id_final": 1,
  "active_guide_alive_final": false,
  "guide_role_ids": [
    1
  ],
  "bait_deployed_at": 0.1,
  "policy_bait_ready_final": false,
  "bait_left_after_deployment": null,
  "final_bait_distance_to_goal": 0.0,
  "first_guide_predator_observation": 0.1,
  "first_predator_following_guide": 0.1,
  "first_predator_following_active_guide": 0.1,
  "tracked_seen_by_guide": 1,
  "tracked_followed_active_guide": 1,
  "physical_entered": 1,
  "guided_delivered": 1,
  "physical_losses_after_delivery": 0,
  "target_losses_after_delivery": 0,
  "physical_entry_times": [
    17.8
  ],
  "guided_delivery_times": [
    17.8
  ],
  "loss_times": [
    null
  ],
  "target_loss_times": [
    null
  ],
  "tail_seconds": 30.0,
  "tail_physical_min": 1,
  "tail_contained_min": 1,
  "final_distance_from_mouth": [
    11.9629
  ],
  "max_distance_after_delivery": [
    28.9471
  ],
  "policy_events": [],
  "success": true,
  "replay": "results/simple_chase/replays/real-map-EmergencyGuides-m10211-f20211-p1-direct_guide-sitebait1-3e76e836.json.gz"
}
/home/Ucals/projects/NordicCupAI-wall-funneling/survival-simulator/oscar-trap-research/survival/results/simple_chase/real-map-EmergencyGuides-m10211-f20211-p1-direct_guide-sitebait1-3e76e836.json
