Running as unit: run-p872173-i826114.scope; invocation ID: 7015baaf9d9f49bc8b381f93dae631b3
{"progress": "real-map-Guide-m10227-f20227-p1-direct_guide-sitebait1-3619bd16", "time": 10.0, "bait_deployed": 0.1, "policy_bait_ready": false, "encounter": 0.2, "oracle_handoff": null, "children": 0, "active_guide_id": 1, "guide_alive": true, "active_guide_alive": true, "guided_delivered": 0}
{"progress": "real-map-Guide-m10227-f20227-p1-direct_guide-sitebait1-3619bd16", "time": 20.0, "bait_deployed": 0.1, "policy_bait_ready": false, "encounter": 0.2, "oracle_handoff": null, "children": 0, "active_guide_id": 1, "guide_alive": true, "active_guide_alive": true, "guided_delivered": 0}
{"progress": "real-map-Guide-m10227-f20227-p1-direct_guide-sitebait1-3619bd16", "time": 30.0, "bait_deployed": 0.1, "policy_bait_ready": false, "encounter": 0.2, "oracle_handoff": null, "children": 0, "active_guide_id": 1, "guide_alive": true, "active_guide_alive": true, "guided_delivered": 0}
{"progress": "real-map-Guide-m10227-f20227-p1-direct_guide-sitebait1-3619bd16", "time": 40.0, "bait_deployed": 0.1, "policy_bait_ready": false, "encounter": 0.2, "oracle_handoff": null, "children": 0, "active_guide_id": 1, "guide_alive": true, "active_guide_alive": true, "guided_delivered": 0}
{"progress": "real-map-Guide-m10227-f20227-p1-direct_guide-sitebait1-3619bd16", "time": 50.0, "bait_deployed": 0.1, "policy_bait_ready": false, "encounter": 0.2, "oracle_handoff": null, "children": 0, "active_guide_id": 1, "guide_alive": true, "active_guide_alive": true, "guided_delivered": 0}
{"progress": "real-map-Guide-m10227-f20227-p1-direct_guide-sitebait1-3619bd16", "time": 60.0, "bait_deployed": 0.1, "policy_bait_ready": false, "encounter": 0.2, "oracle_handoff": null, "children": 0, "active_guide_id": 1, "guide_alive": true, "active_guide_alive": true, "guided_delivered": 0}
{"progress": "real-map-Guide-m10227-f20227-p1-direct_guide-sitebait1-3619bd16", "time": 70.0, "bait_deployed": 0.1, "policy_bait_ready": false, "encounter": 0.2, "oracle_handoff": null, "children": 0, "active_guide_id": 1, "guide_alive": true, "active_guide_alive": true, "guided_delivered": 1}
{"progress": "real-map-Guide-m10227-f20227-p1-direct_guide-sitebait1-3619bd16", "time": 80.0, "bait_deployed": 0.1, "policy_bait_ready": false, "encounter": 0.2, "oracle_handoff": null, "children": 0, "active_guide_id": 1, "guide_alive": true, "active_guide_alive": true, "guided_delivered": 1}
{"progress": "real-map-Guide-m10227-f20227-p1-direct_guide-sitebait1-3619bd16", "time": 90.0, "bait_deployed": 0.1, "policy_bait_ready": false, "encounter": 0.2, "oracle_handoff": null, "children": 0, "active_guide_id": 1, "guide_alive": true, "active_guide_alive": true, "guided_delivered": 1}
{"progress": "real-map-Guide-m10227-f20227-p1-direct_guide-sitebait1-3619bd16", "time": 100.0, "bait_deployed": 0.1, "policy_bait_ready": false, "encounter": 0.2, "oracle_handoff": null, "children": 0, "active_guide_id": 1, "guide_alive": true, "active_guide_alive": true, "guided_delivered": 1}
{"progress": "real-map-Guide-m10227-f20227-p1-direct_guide-sitebait1-3619bd16", "time": 110.0, "bait_deployed": 0.1, "policy_bait_ready": false, "encounter": 0.2, "oracle_handoff": null, "children": 0, "active_guide_id": 1, "guide_alive": true, "active_guide_alive": true, "guided_delivered": 1}
{"progress": "real-map-Guide-m10227-f20227-p1-direct_guide-sitebait1-3619bd16", "time": 120.0, "bait_deployed": 0.1, "policy_bait_ready": false, "encounter": 0.2, "oracle_handoff": null, "children": 0, "active_guide_id": 1, "guide_alive": true, "active_guide_alive": true, "guided_delivered": 1}
{"progress": "real-map-Guide-m10227-f20227-p1-direct_guide-sitebait1-3619bd16", "time": 130.0, "bait_deployed": 0.1, "policy_bait_ready": false, "encounter": 0.2, "oracle_handoff": null, "children": 0, "active_guide_id": 1, "guide_alive": true, "active_guide_alive": true, "guided_delivered": 1}
{"progress": "real-map-Guide-m10227-f20227-p1-direct_guide-sitebait1-3619bd16", "time": 140.0, "bait_deployed": 0.1, "policy_bait_ready": false, "encounter": 0.2, "oracle_handoff": null, "children": 0, "active_guide_id": 1, "guide_alive": true, "active_guide_alive": true, "guided_delivered": 1}
{"progress": "real-map-Guide-m10227-f20227-p1-direct_guide-sitebait1-3619bd16", "time": 150.0, "bait_deployed": 0.1, "policy_bait_ready": false, "encounter": 0.2, "oracle_handoff": null, "children": 0, "active_guide_id": 1, "guide_alive": true, "active_guide_alive": true, "guided_delivered": 1}
{"progress": "real-map-Guide-m10227-f20227-p1-direct_guide-sitebait1-3619bd16", "time": 160.0, "bait_deployed": 0.1, "policy_bait_ready": false, "encounter": 0.2, "oracle_handoff": null, "children": 0, "active_guide_id": 1, "guide_alive": true, "active_guide_alive": true, "guided_delivered": 1}
{"progress": "real-map-Guide-m10227-f20227-p1-direct_guide-sitebait1-3619bd16", "time": 170.0, "bait_deployed": 0.1, "policy_bait_ready": false, "encounter": 0.2, "oracle_handoff": null, "children": 0, "active_guide_id": 1, "guide_alive": true, "active_guide_alive": true, "guided_delivered": 1}
{"progress": "real-map-Guide-m10227-f20227-p1-direct_guide-sitebait1-3619bd16", "time": 180.0, "bait_deployed": 0.1, "policy_bait_ready": false, "encounter": 0.2, "oracle_handoff": null, "children": 0, "active_guide_id": 1, "guide_alive": true, "active_guide_alive": true, "guided_delivered": 1}
{"progress": "real-map-Guide-m10227-f20227-p1-direct_guide-sitebait1-3619bd16", "time": 190.0, "bait_deployed": 0.1, "policy_bait_ready": false, "encounter": 0.2, "oracle_handoff": null, "children": 0, "active_guide_id": 1, "guide_alive": true, "active_guide_alive": true, "guided_delivered": 1}
{"progress": "real-map-Guide-m10227-f20227-p1-direct_guide-sitebait1-3619bd16", "time": 200.0, "bait_deployed": 0.1, "policy_bait_ready": false, "encounter": 0.2, "oracle_handoff": null, "children": 0, "active_guide_id": 1, "guide_alive": true, "active_guide_alive": true, "guided_delivered": 1}
{"progress": "real-map-Guide-m10227-f20227-p1-direct_guide-sitebait1-3619bd16", "time": 210.0, "bait_deployed": 0.1, "policy_bait_ready": false, "encounter": 0.2, "oracle_handoff": null, "children": 0, "active_guide_id": 1, "guide_alive": true, "active_guide_alive": true, "guided_delivered": 1}
{"progress": "real-map-Guide-m10227-f20227-p1-direct_guide-sitebait1-3619bd16", "time": 220.0, "bait_deployed": 0.1, "policy_bait_ready": false, "encounter": 0.2, "oracle_handoff": null, "children": 0, "active_guide_id": 1, "guide_alive": true, "active_guide_alive": true, "guided_delivered": 1}
{"progress": "real-map-Guide-m10227-f20227-p1-direct_guide-sitebait1-3619bd16", "time": 230.0, "bait_deployed": 0.1, "policy_bait_ready": false, "encounter": 0.2, "oracle_handoff": null, "children": 0, "active_guide_id": 1, "guide_alive": true, "active_guide_alive": true, "guided_delivered": 1}
{"progress": "real-map-Guide-m10227-f20227-p1-direct_guide-sitebait1-3619bd16", "time": 240.0, "bait_deployed": 0.1, "policy_bait_ready": false, "encounter": 0.2, "oracle_handoff": null, "children": 0, "active_guide_id": 1, "guide_alive": true, "active_guide_alive": true, "guided_delivered": 1}
{"progress": "real-map-Guide-m10227-f20227-p1-direct_guide-sitebait1-3619bd16", "time": 250.0, "bait_deployed": 0.1, "policy_bait_ready": false, "encounter": 0.2, "oracle_handoff": null, "children": 0, "active_guide_id": 1, "guide_alive": true, "active_guide_alive": true, "guided_delivered": 1}
{"progress": "real-map-Guide-m10227-f20227-p1-direct_guide-sitebait1-3619bd16", "time": 260.0, "bait_deployed": 0.1, "policy_bait_ready": false, "encounter": 0.2, "oracle_handoff": null, "children": 0, "active_guide_id": 1, "guide_alive": true, "active_guide_alive": true, "guided_delivered": 1}
{"progress": "real-map-Guide-m10227-f20227-p1-direct_guide-sitebait1-3619bd16", "time": 270.0, "bait_deployed": 0.1, "policy_bait_ready": false, "encounter": 0.2, "oracle_handoff": null, "children": 0, "active_guide_id": 1, "guide_alive": true, "active_guide_alive": true, "guided_delivered": 1}
{"progress": "real-map-Guide-m10227-f20227-p1-direct_guide-sitebait1-3619bd16", "time": 280.0, "bait_deployed": 0.1, "policy_bait_ready": false, "encounter": 0.2, "oracle_handoff": null, "children": 0, "active_guide_id": 1, "guide_alive": true, "active_guide_alive": true, "guided_delivered": 1}
{"progress": "real-map-Guide-m10227-f20227-p1-direct_guide-sitebait1-3619bd16", "time": 290.0, "bait_deployed": 0.1, "policy_bait_ready": false, "encounter": 0.2, "oracle_handoff": null, "children": 0, "active_guide_id": 1, "guide_alive": true, "active_guide_alive": true, "guided_delivered": 1}
{"progress": "real-map-Guide-m10227-f20227-p1-direct_guide-sitebait1-3619bd16", "time": 300.0, "bait_deployed": 0.1, "policy_bait_ready": false, "encounter": 0.2, "oracle_handoff": null, "children": 0, "active_guide_id": 1, "guide_alive": true, "active_guide_alive": true, "guided_delivered": 1}
{"viewer_manifest_refresh": {"status": "deferred", "reason": "bounded-memory runs defer full-replay viewer processing"}}
{
  "schema": "real-map-intake-result-v2",
  "policy": "integrated_guide.policy_v30_wide_route:Guide",
  "policy_hash": "fd56a3bdfb35bf92c443a79f6cd954aa2dc6aa9c4fbe5d90ec309647771f9b0c",
  "harness_hashes": {
    "research/simple_chase/run_streaming_v2.py": "837e02b05d1ba3af71df0949cb30beb18a8b2844f090f8b383c692192c52719a",
    "research/simple_chase/sampling.py": "1efb7d309c4cc79bc87916c1bea72a7845e78d0c2cdf0aeaf9e2a758ceed48ab",
    "research/simple_chase/static_map.py": "197b16cbe9dd2e3dd06b81fe9481986a97bd92d9c2a55f33597cc9b7280faf3c",
    "debugger/streaming_recorder_v2.py": "d5ecda6bb39ec74a9ad86fb20458df5de7f466d73052558af9e2877be3d99b19"
  },
  "mode": "direct_guide",
  "map_seed": 10227,
  "fixture_seed": 20227,
  "static_map_hash": "c54754de4b14e00a3f033de13b412a5602257fe28bbc4f0aa67d731706013e28",
  "site": {
    "mouth": [
      1348.0029,
      858.6083
    ],
    "inward": [
      1.0,
      0.0
    ],
    "cross": [
      -0.0,
      1.0
    ],
    "goal": [
      1353.0029,
      858.6083
    ],
    "far": [
      1223.0029,
      858.6083
    ],
    "hold": [
      1273.0029,
      858.6083
    ],
    "gap": 11.9751,
    "overlap": 45.2172,
    "runup": [
      1098.0029,
      858.6083
    ],
    "approach_lane_offset": 0.0,
    "offset_approach": false,
    "obstacle_indices": [
      12,
      72
    ],
    "axis": 1,
    "other_mouth": [
      1393.2201,
      858.6083
    ],
    "replacement_entry": [
      1413.2201,
      858.6083
    ],
    "second_access_clear": true,
    "second_access_radius": 5.01,
    "bait_depth": 5.0,
    "boundary_indices": [],
    "geometric_replacement_access_only": true
  },
  "station_bait": true,
  "requested_seconds": 300.0,
  "seconds": 300.0,
  "reason": "horizon",
  "native_render": true,
  "reproduction_of": null,
  "record_every_ticks": 1,
  "replay_frames": 3001,
  "initial_predators": 1,
  "final_predators_total": 3,
  "tracked_predators_present_final": 1,
  "ambient_predators_spawned": 2,
  "ambient_predators_present_final": 2,
  "agent_energy_refilled": true,
  "predator_state_native": false,
  "predator_dynamics_native_after_setup": true,
  "arranged_adjacent_awake_start": true,
  "bait_id": 0,
  "guide_id": 1,
  "bait_alive": true,
  "guide_alive": true,
  "deaths": [],
  "spawn_requests": [],
  "child_births": [],
  "fruit_consumptions": [
    {
      "time": 22.1,
      "agent_id": 1,
      "x": 1143.2902,
      "y": 1080.2638
    }
  ],
  "parent_fruit_consumed_before_tracked_encounter": 0,
  "tracked_encounter_times": [
    0.2
  ],
  "conditional_delivery_denominator": true,
  "conditional_delivery_status": "not_applicable",
  "setup_oracle": false,
  "setup_oracle_target": null,
  "setup_oracle_ticks": 0,
  "setup_oracle_routing": null,
  "setup_oracle_route_resets": 0,
  "setup_oracle_policy_reset_before_handoff_act": false,
  "setup_oracle_handoff_time": null,
  "dynamic_action_privilege_ended_at": null,
  "target_switches": [
    {
      "time": 0.1,
      "tracked_predator_slot": 0,
      "target": 1
    },
    {
      "time": 13.2,
      "tracked_predator_slot": 0,
      "target": "resting"
    },
    {
      "time": 16.7,
      "tracked_predator_slot": 0,
      "target": 1
    },
    {
      "time": 23.6,
      "tracked_predator_slot": 0,
      "target": null
    },
    {
      "time": 23.9,
      "tracked_predator_slot": 0,
      "target": 1
    },
    {
      "time": 25.7,
      "tracked_predator_slot": 0,
      "target": "resting"
    },
    {
      "time": 29.2,
      "tracked_predator_slot": 0,
      "target": 1
    },
    {
      "time": 29.5,
      "tracked_predator_slot": 0,
      "target": null
    },
    {
      "time": 30.3,
      "tracked_predator_slot": 0,
      "target": 1
    },
    {
      "time": 31.9,
      "tracked_predator_slot": 0,
      "target": null
    },
    {
      "time": 32.0,
      "tracked_predator_slot": 0,
      "target": 1
    },
    {
      "time": 34.4,
      "tracked_predator_slot": 0,
      "target": null
    },
    {
      "time": 35.5,
      "tracked_predator_slot": 0,
      "target": 1
    },
    {
      "time": 35.6,
      "tracked_predator_slot": 0,
      "target": null
    },
    {
      "time": 35.9,
      "tracked_predator_slot": 0,
      "target": 1
    },
    {
      "time": 36.0,
      "tracked_predator_slot": 0,
      "target": null
    },
    {
      "time": 36.1,
      "tracked_predator_slot": 0,
      "target": 1
    },
    {
      "time": 36.2,
      "tracked_predator_slot": 0,
      "target": null
    },
    {
      "time": 36.6,
      "tracked_predator_slot": 0,
      "target": 1
    },
    {
      "time": 36.9,
      "tracked_predator_slot": 0,
      "target": null
    },
    {
      "time": 37.0,
      "tracked_predator_slot": 0,
      "target": 1
    },
    {
      "time": 38.7,
      "tracked_predator_slot": 0,
      "target": "resting"
    },
    {
      "time": 42.2,
      "tracked_predator_slot": 0,
      "target": 1
    },
    {
      "time": 42.5,
      "tracked_predator_slot": 0,
      "target": null
    },
    {
      "time": 42.7,
      "tracked_predator_slot": 0,
      "target": 1
    },
    {
      "time": 44.6,
      "tracked_predator_slot": 0,
      "target": null
    },
    {
      "time": 44.7,
      "tracked_predator_slot": 0,
      "target": 1
    },
    {
      "time": 44.8,
      "tracked_predator_slot": 0,
      "target": null
    },
    {
      "time": 44.9,
      "tracked_predator_slot": 0,
      "target": 1
    },
    {
      "time": 45.1,
      "tracked_predator_slot": 0,
      "target": null
    },
    {
      "time": 45.2,
      "tracked_predator_slot": 0,
      "target": 1
    },
    {
      "time": 45.3,
      "tracked_predator_slot": 0,
      "target": null
    },
    {
      "time": 45.4,
      "tracked_predator_slot": 0,
      "target": 1
    },
    {
      "time": 45.5,
      "tracked_predator_slot": 0,
      "target": null
    },
    {
      "time": 45.6,
      "tracked_predator_slot": 0,
      "target": 1
    },
    {
      "time": 46.6,
      "tracked_predator_slot": 0,
      "target": null
    },
    {
      "time": 46.8,
      "tracked_predator_slot": 0,
      "target": 1
    },
    {
      "time": 49.1,
      "tracked_predator_slot": 0,
      "target": null
    },
    {
      "time": 49.7,
      "tracked_predator_slot": 0,
      "target": 1
    },
    {
      "time": 49.9,
      "tracked_predator_slot": 0,
      "target": null
    },
    {
      "time": 50.5,
      "tracked_predator_slot": 0,
      "target": 1
    },
    {
      "time": 50.9,
      "tracked_predator_slot": 0,
      "target": null
    },
    {
      "time": 51.1,
      "tracked_predator_slot": 0,
      "target": 1
    },
    {
      "time": 51.2,
      "tracked_predator_slot": 0,
      "target": null
    },
    {
      "time": 51.3,
      "tracked_predator_slot": 0,
      "target": 1
    },
    {
      "time": 51.6,
      "tracked_predator_slot": 0,
      "target": "resting"
    },
    {
      "time": 55.1,
      "tracked_predator_slot": 0,
      "target": 1
    },
    {
      "time": 61.0,
      "tracked_predator_slot": 0,
      "target": 0
    },
    {
      "time": 64.1,
      "tracked_predator_slot": 0,
      "target": "resting"
    },
    {
      "time": 67.6,
      "tracked_predator_slot": 0,
      "target": 0
    },
    {
      "time": 76.9,
      "tracked_predator_slot": 0,
      "target": "resting"
    },
    {
      "time": 80.4,
      "tracked_predator_slot": 0,
      "target": 0
    },
    {
      "time": 89.6,
      "tracked_predator_slot": 0,
      "target": "resting"
    },
    {
      "time": 93.1,
      "tracked_predator_slot": 0,
      "target": 0
    },
    {
      "time": 102.4,
      "tracked_predator_slot": 0,
      "target": "resting"
    },
    {
      "time": 105.9,
      "tracked_predator_slot": 0,
      "target": 0
    },
    {
      "time": 115.1,
      "tracked_predator_slot": 0,
      "target": "resting"
    },
    {
      "time": 118.6,
      "tracked_predator_slot": 0,
      "target": 0
    },
    {
      "time": 127.5,
      "tracked_predator_slot": 0,
      "target": "resting"
    },
    {
      "time": 131.0,
      "tracked_predator_slot": 0,
      "target": 0
    },
    {
      "time": 140.0,
      "tracked_predator_slot": 0,
      "target": "resting"
    },
    {
      "time": 143.5,
      "tracked_predator_slot": 0,
      "target": 0
    },
    {
      "time": 152.7,
      "tracked_predator_slot": 0,
      "target": "resting"
    },
    {
      "time": 156.2,
      "tracked_predator_slot": 0,
      "target": 0
    },
    {
      "time": 165.5,
      "tracked_predator_slot": 0,
      "target": "resting"
    },
    {
      "time": 169.0,
      "tracked_predator_slot": 0,
      "target": 0
    },
    {
      "time": 178.3,
      "tracked_predator_slot": 0,
      "target": "resting"
    },
    {
      "time": 181.8,
      "tracked_predator_slot": 0,
      "target": 0
    },
    {
      "time": 191.1,
      "tracked_predator_slot": 0,
      "target": "resting"
    },
    {
      "time": 194.6,
      "tracked_predator_slot": 0,
      "target": 0
    },
    {
      "time": 203.8,
      "tracked_predator_slot": 0,
      "target": "resting"
    },
    {
      "time": 207.3,
      "tracked_predator_slot": 0,
      "target": 0
    },
    {
      "time": 216.6,
      "tracked_predator_slot": 0,
      "target": "resting"
    },
    {
      "time": 220.1,
      "tracked_predator_slot": 0,
      "target": 0
    },
    {
      "time": 229.3,
      "tracked_predator_slot": 0,
      "target": "resting"
    },
    {
      "time": 232.8,
      "tracked_predator_slot": 0,
      "target": 0
    },
    {
      "time": 242.1,
      "tracked_predator_slot": 0,
      "target": "resting"
    },
    {
      "time": 245.6,
      "tracked_predator_slot": 0,
      "target": 0
    },
    {
      "time": 254.8,
      "tracked_predator_slot": 0,
      "target": "resting"
    },
    {
      "time": 258.3,
      "tracked_predator_slot": 0,
      "target": 0
    },
    {
      "time": 267.6,
      "tracked_predator_slot": 0,
      "target": "resting"
    },
    {
      "time": 271.1,
      "tracked_predator_slot": 0,
      "target": 0
    },
    {
      "time": 280.3,
      "tracked_predator_slot": 0,
      "target": "resting"
    },
    {
      "time": 283.8,
      "tracked_predator_slot": 0,
      "target": 0
    },
    {
      "time": 292.8,
      "tracked_predator_slot": 0,
      "target": "resting"
    },
    {
      "time": 296.3,
      "tracked_predator_slot": 0,
      "target": 0
    }
  ],
  "guide_role_trace": [
    {
      "time": 0,
      "active_guide_id": 1
    }
  ],
  "guide_follow_trace": [
    {
      "time": 0.1,
      "active_guide_id": 1,
      "tracked_predator_slot": 0
    }
  ],
  "guide_role": "parent",
  "parent_role": "guide",
  "child_role": "gather_evade",
  "active_guide_id_final": 1,
  "active_guide_alive_final": true,
  "guide_role_ids": [
    1
  ],
  "bait_deployed_at": 0.1,
  "policy_bait_ready_final": false,
  "bait_left_after_deployment": null,
  "final_bait_distance_to_goal": 0.0,
  "first_guide_predator_observation": 0.2,
  "first_predator_following_guide": 0.1,
  "first_predator_following_active_guide": 0.1,
  "tracked_seen_by_guide": 1,
  "tracked_followed_active_guide": 1,
  "physical_entered": 1,
  "guided_delivered": 1,
  "physical_losses_after_delivery": 0,
  "target_losses_after_delivery": 0,
  "physical_entry_times": [
    59.6
  ],
  "guided_delivery_times": [
    61.0
  ],
  "loss_times": [
    null
  ],
  "target_loss_times": [
    null
  ],
  "tail_seconds": 30.0,
  "tail_physical_min": 1,
  "tail_contained_min": 1,
  "final_distance_from_mouth": [
    21.0651
  ],
  "max_distance_after_delivery": [
    24.7346
  ],
  "policy_events": [
    {
      "time": 66.3,
      "kind": "guide_release_observed",
      "agent_id": 1
    },
    {
      "time": 70.8,
      "kind": "guide_returned_to_staging",
      "agent_id": 1
    }
  ],
  "success": true,
  "replay": "results/simple_chase/replays/real-map-Guide-m10227-f20227-p1-direct_guide-sitebait1-3619bd16.json.gz"
}
/home/Ucals/projects/NordicCupAI-wall-funneling/survival-simulator/oscar-trap-research/survival/results/simple_chase/real-map-Guide-m10227-f20227-p1-direct_guide-sitebait1-3619bd16.json
