Running as unit: run-p862645-i864018.scope; invocation ID: c5d26b896cf3428dba8f5ac1f7325566
{"progress": "real-map-Guide-m10221-f20221-p1-direct_guide-sitebait1-d0388482", "time": 10.0, "bait_deployed": 0.1, "policy_bait_ready": false, "encounter": 0.1, "oracle_handoff": null, "children": 0, "active_guide_id": 1, "guide_alive": true, "active_guide_alive": true, "guided_delivered": 0}
{"progress": "real-map-Guide-m10221-f20221-p1-direct_guide-sitebait1-d0388482", "time": 20.0, "bait_deployed": 0.1, "policy_bait_ready": false, "encounter": 0.1, "oracle_handoff": null, "children": 0, "active_guide_id": 1, "guide_alive": true, "active_guide_alive": true, "guided_delivered": 0}
{"progress": "real-map-Guide-m10221-f20221-p1-direct_guide-sitebait1-d0388482", "time": 30.0, "bait_deployed": 0.1, "policy_bait_ready": false, "encounter": 0.1, "oracle_handoff": null, "children": 0, "active_guide_id": 1, "guide_alive": true, "active_guide_alive": true, "guided_delivered": 0}
{"progress": "real-map-Guide-m10221-f20221-p1-direct_guide-sitebait1-d0388482", "time": 40.0, "bait_deployed": 0.1, "policy_bait_ready": false, "encounter": 0.1, "oracle_handoff": null, "children": 0, "active_guide_id": 1, "guide_alive": true, "active_guide_alive": true, "guided_delivered": 0}
{"progress": "real-map-Guide-m10221-f20221-p1-direct_guide-sitebait1-d0388482", "time": 50.0, "bait_deployed": 0.1, "policy_bait_ready": false, "encounter": 0.1, "oracle_handoff": null, "children": 0, "active_guide_id": 1, "guide_alive": true, "active_guide_alive": true, "guided_delivered": 0}
{"progress": "real-map-Guide-m10221-f20221-p1-direct_guide-sitebait1-d0388482", "time": 60.0, "bait_deployed": 0.1, "policy_bait_ready": false, "encounter": 0.1, "oracle_handoff": null, "children": 0, "active_guide_id": 1, "guide_alive": true, "active_guide_alive": true, "guided_delivered": 0}
{"progress": "real-map-Guide-m10221-f20221-p1-direct_guide-sitebait1-d0388482", "time": 70.0, "bait_deployed": 0.1, "policy_bait_ready": false, "encounter": 0.1, "oracle_handoff": null, "children": 0, "active_guide_id": 1, "guide_alive": true, "active_guide_alive": true, "guided_delivered": 0}
{"progress": "real-map-Guide-m10221-f20221-p1-direct_guide-sitebait1-d0388482", "time": 80.0, "bait_deployed": 0.1, "policy_bait_ready": false, "encounter": 0.1, "oracle_handoff": null, "children": 0, "active_guide_id": 1, "guide_alive": true, "active_guide_alive": true, "guided_delivered": 0}
{"progress": "real-map-Guide-m10221-f20221-p1-direct_guide-sitebait1-d0388482", "time": 90.0, "bait_deployed": 0.1, "policy_bait_ready": false, "encounter": 0.1, "oracle_handoff": null, "children": 0, "active_guide_id": 1, "guide_alive": true, "active_guide_alive": true, "guided_delivered": 0}
{"progress": "real-map-Guide-m10221-f20221-p1-direct_guide-sitebait1-d0388482", "time": 100.0, "bait_deployed": 0.1, "policy_bait_ready": false, "encounter": 0.1, "oracle_handoff": null, "children": 0, "active_guide_id": 1, "guide_alive": true, "active_guide_alive": true, "guided_delivered": 0}
{"progress": "real-map-Guide-m10221-f20221-p1-direct_guide-sitebait1-d0388482", "time": 110.0, "bait_deployed": 0.1, "policy_bait_ready": false, "encounter": 0.1, "oracle_handoff": null, "children": 0, "active_guide_id": 1, "guide_alive": true, "active_guide_alive": true, "guided_delivered": 0}
{"progress": "real-map-Guide-m10221-f20221-p1-direct_guide-sitebait1-d0388482", "time": 120.0, "bait_deployed": 0.1, "policy_bait_ready": false, "encounter": 0.1, "oracle_handoff": null, "children": 0, "active_guide_id": 1, "guide_alive": true, "active_guide_alive": true, "guided_delivered": 0}
{"progress": "real-map-Guide-m10221-f20221-p1-direct_guide-sitebait1-d0388482", "time": 130.0, "bait_deployed": 0.1, "policy_bait_ready": false, "encounter": 0.1, "oracle_handoff": null, "children": 0, "active_guide_id": 1, "guide_alive": true, "active_guide_alive": true, "guided_delivered": 0}
{"progress": "real-map-Guide-m10221-f20221-p1-direct_guide-sitebait1-d0388482", "time": 140.0, "bait_deployed": 0.1, "policy_bait_ready": false, "encounter": 0.1, "oracle_handoff": null, "children": 0, "active_guide_id": 1, "guide_alive": true, "active_guide_alive": true, "guided_delivered": 0}
{"progress": "real-map-Guide-m10221-f20221-p1-direct_guide-sitebait1-d0388482", "time": 150.0, "bait_deployed": 0.1, "policy_bait_ready": false, "encounter": 0.1, "oracle_handoff": null, "children": 0, "active_guide_id": 1, "guide_alive": true, "active_guide_alive": true, "guided_delivered": 1}
{"progress": "real-map-Guide-m10221-f20221-p1-direct_guide-sitebait1-d0388482", "time": 160.0, "bait_deployed": 0.1, "policy_bait_ready": false, "encounter": 0.1, "oracle_handoff": null, "children": 0, "active_guide_id": 1, "guide_alive": true, "active_guide_alive": true, "guided_delivered": 1}
{"progress": "real-map-Guide-m10221-f20221-p1-direct_guide-sitebait1-d0388482", "time": 170.0, "bait_deployed": 0.1, "policy_bait_ready": false, "encounter": 0.1, "oracle_handoff": null, "children": 0, "active_guide_id": 1, "guide_alive": true, "active_guide_alive": true, "guided_delivered": 1}
{"progress": "real-map-Guide-m10221-f20221-p1-direct_guide-sitebait1-d0388482", "time": 180.0, "bait_deployed": 0.1, "policy_bait_ready": false, "encounter": 0.1, "oracle_handoff": null, "children": 0, "active_guide_id": 1, "guide_alive": true, "active_guide_alive": true, "guided_delivered": 1}
{"progress": "real-map-Guide-m10221-f20221-p1-direct_guide-sitebait1-d0388482", "time": 190.0, "bait_deployed": 0.1, "policy_bait_ready": false, "encounter": 0.1, "oracle_handoff": null, "children": 0, "active_guide_id": 1, "guide_alive": true, "active_guide_alive": true, "guided_delivered": 1}
{"progress": "real-map-Guide-m10221-f20221-p1-direct_guide-sitebait1-d0388482", "time": 200.0, "bait_deployed": 0.1, "policy_bait_ready": false, "encounter": 0.1, "oracle_handoff": null, "children": 0, "active_guide_id": 1, "guide_alive": true, "active_guide_alive": true, "guided_delivered": 1}
{"progress": "real-map-Guide-m10221-f20221-p1-direct_guide-sitebait1-d0388482", "time": 210.0, "bait_deployed": 0.1, "policy_bait_ready": false, "encounter": 0.1, "oracle_handoff": null, "children": 0, "active_guide_id": 1, "guide_alive": true, "active_guide_alive": true, "guided_delivered": 1}
{"progress": "real-map-Guide-m10221-f20221-p1-direct_guide-sitebait1-d0388482", "time": 220.0, "bait_deployed": 0.1, "policy_bait_ready": false, "encounter": 0.1, "oracle_handoff": null, "children": 0, "active_guide_id": 1, "guide_alive": true, "active_guide_alive": true, "guided_delivered": 1}
{"progress": "real-map-Guide-m10221-f20221-p1-direct_guide-sitebait1-d0388482", "time": 230.0, "bait_deployed": 0.1, "policy_bait_ready": false, "encounter": 0.1, "oracle_handoff": null, "children": 0, "active_guide_id": 1, "guide_alive": true, "active_guide_alive": true, "guided_delivered": 1}
{"progress": "real-map-Guide-m10221-f20221-p1-direct_guide-sitebait1-d0388482", "time": 240.0, "bait_deployed": 0.1, "policy_bait_ready": false, "encounter": 0.1, "oracle_handoff": null, "children": 0, "active_guide_id": 1, "guide_alive": true, "active_guide_alive": true, "guided_delivered": 1}
{"progress": "real-map-Guide-m10221-f20221-p1-direct_guide-sitebait1-d0388482", "time": 250.0, "bait_deployed": 0.1, "policy_bait_ready": false, "encounter": 0.1, "oracle_handoff": null, "children": 0, "active_guide_id": 1, "guide_alive": true, "active_guide_alive": true, "guided_delivered": 1}
{"progress": "real-map-Guide-m10221-f20221-p1-direct_guide-sitebait1-d0388482", "time": 260.0, "bait_deployed": 0.1, "policy_bait_ready": false, "encounter": 0.1, "oracle_handoff": null, "children": 0, "active_guide_id": 1, "guide_alive": true, "active_guide_alive": true, "guided_delivered": 1}
{"progress": "real-map-Guide-m10221-f20221-p1-direct_guide-sitebait1-d0388482", "time": 270.0, "bait_deployed": 0.1, "policy_bait_ready": false, "encounter": 0.1, "oracle_handoff": null, "children": 0, "active_guide_id": 1, "guide_alive": true, "active_guide_alive": true, "guided_delivered": 1}
{"progress": "real-map-Guide-m10221-f20221-p1-direct_guide-sitebait1-d0388482", "time": 280.0, "bait_deployed": 0.1, "policy_bait_ready": false, "encounter": 0.1, "oracle_handoff": null, "children": 0, "active_guide_id": 1, "guide_alive": true, "active_guide_alive": true, "guided_delivered": 1}
{"progress": "real-map-Guide-m10221-f20221-p1-direct_guide-sitebait1-d0388482", "time": 290.0, "bait_deployed": 0.1, "policy_bait_ready": false, "encounter": 0.1, "oracle_handoff": null, "children": 0, "active_guide_id": 1, "guide_alive": true, "active_guide_alive": true, "guided_delivered": 1}
{"progress": "real-map-Guide-m10221-f20221-p1-direct_guide-sitebait1-d0388482", "time": 300.0, "bait_deployed": 0.1, "policy_bait_ready": false, "encounter": 0.1, "oracle_handoff": null, "children": 0, "active_guide_id": 1, "guide_alive": true, "active_guide_alive": true, "guided_delivered": 1}
{"viewer_manifest_refresh": {"status": "deferred", "reason": "bounded-memory runs defer full-replay viewer processing"}}
{
  "schema": "real-map-intake-result-v2",
  "policy": "integrated_guide.policy_v30_wide_route:Guide",
  "policy_hash": "fd56a3bdfb35bf92c443a79f6cd954aa2dc6aa9c4fbe5d90ec309647771f9b0c",
  "harness_hashes": {
    "research/simple_chase/run_streaming_v2.py": "837e02b05d1ba3af71df0949cb30beb18a8b2844f090f8b383c692192c52719a",
    "research/simple_chase/sampling.py": "1efb7d309c4cc79bc87916c1bea72a7845e78d0c2cdf0aeaf9e2a758ceed48ab",
    "research/simple_chase/static_map.py": "197b16cbe9dd2e3dd06b81fe9481986a97bd92d9c2a55f33597cc9b7280faf3c",
    "debugger/streaming_recorder_v2.py": "d5ecda6bb39ec74a9ad86fb20458df5de7f466d73052558af9e2877be3d99b19"
  },
  "mode": "direct_guide",
  "map_seed": 10221,
  "fixture_seed": 20221,
  "static_map_hash": "5b31054584cc60e86dbe9a5419e6fb253f1ce9080e1f33c8e9e7e2de6d8e78e2",
  "site": {
    "mouth": [
      289.6534,
      333.9912
    ],
    "inward": [
      0.0,
      -1.0
    ],
    "cross": [
      1.0,
      0.0
    ],
    "goal": [
      289.6534,
      328.9912
    ],
    "far": [
      289.6534,
      458.9912
    ],
    "hold": [
      289.6534,
      408.9912
    ],
    "gap": 10.916,
    "overlap": 27.3632,
    "runup": [
      289.6534,
      493.9912
    ],
    "approach_lane_offset": 0.0,
    "offset_approach": false,
    "obstacle_indices": [
      67,
      34
    ],
    "axis": 0,
    "other_mouth": [
      289.6534,
      306.628
    ],
    "replacement_entry": [
      289.6534,
      286.628
    ],
    "second_access_clear": true,
    "second_access_radius": 5.01,
    "bait_depth": 5.0,
    "boundary_indices": [],
    "geometric_replacement_access_only": true
  },
  "station_bait": true,
  "requested_seconds": 300.0,
  "seconds": 300.0,
  "reason": "horizon",
  "native_render": true,
  "reproduction_of": null,
  "record_every_ticks": 1,
  "replay_frames": 3001,
  "initial_predators": 1,
  "final_predators_total": 3,
  "tracked_predators_present_final": 1,
  "ambient_predators_spawned": 2,
  "ambient_predators_present_final": 2,
  "agent_energy_refilled": true,
  "predator_state_native": false,
  "predator_dynamics_native_after_setup": true,
  "arranged_adjacent_awake_start": true,
  "bait_id": 0,
  "guide_id": 1,
  "bait_alive": true,
  "guide_alive": true,
  "deaths": [],
  "spawn_requests": [],
  "child_births": [],
  "fruit_consumptions": [
    {
      "time": 18.2,
      "agent_id": 1,
      "x": 965.8487,
      "y": 677.8078
    },
    {
      "time": 29.9,
      "agent_id": 1,
      "x": 1022.7256,
      "y": 841.0445
    },
    {
      "time": 30.4,
      "agent_id": 1,
      "x": 1092.8351,
      "y": 856.4772
    },
    {
      "time": 30.4,
      "agent_id": 1,
      "x": 1096.944,
      "y": 865.5953
    },
    {
      "time": 31.1,
      "agent_id": 1,
      "x": 1192.3377,
      "y": 829.5899
    },
    {
      "time": 31.6,
      "agent_id": 1,
      "x": 1209.3058,
      "y": 796.66
    },
    {
      "time": 59.7,
      "agent_id": 1,
      "x": 890.2266,
      "y": 711.1982
    },
    {
      "time": 59.8,
      "agent_id": 1,
      "x": 877.7792,
      "y": 699.2992
    },
    {
      "time": 60.3,
      "agent_id": 1,
      "x": 840.312,
      "y": 705.8583
    },
    {
      "time": 62.4,
      "agent_id": 1,
      "x": 606.5491,
      "y": 633.7621
    },
    {
      "time": 63.2,
      "agent_id": 1,
      "x": 546.5914,
      "y": 590.5263
    },
    {
      "time": 64.6,
      "agent_id": 1,
      "x": 413.5303,
      "y": 501.3901
    },
    {
      "time": 65.0,
      "agent_id": 1,
      "x": 377.8628,
      "y": 492.203
    },
    {
      "time": 74.9,
      "agent_id": 1,
      "x": 422.3082,
      "y": 529.0016
    },
    {
      "time": 75.9,
      "agent_id": 1,
      "x": 380.0056,
      "y": 539.6254
    },
    {
      "time": 76.3,
      "agent_id": 1,
      "x": 420.2509,
      "y": 534.0849
    },
    {
      "time": 79.9,
      "agent_id": 1,
      "x": 376.387,
      "y": 460.1118
    },
    {
      "time": 89.0,
      "agent_id": 1,
      "x": 328.7612,
      "y": 408.6285
    },
    {
      "time": 91.7,
      "agent_id": 1,
      "x": 181.7287,
      "y": 502.7682
    },
    {
      "time": 91.7,
      "agent_id": 1,
      "x": 181.7642,
      "y": 498.9522
    },
    {
      "time": 104.4,
      "agent_id": 1,
      "x": 326.042,
      "y": 1103.0577
    },
    {
      "time": 104.4,
      "agent_id": 1,
      "x": 312.4356,
      "y": 1095.3043
    },
    {
      "time": 104.6,
      "agent_id": 1,
      "x": 288.0233,
      "y": 1093.0027
    },
    {
      "time": 109.9,
      "agent_id": 1,
      "x": 347.1231,
      "y": 1094.5381
    },
    {
      "time": 109.9,
      "agent_id": 1,
      "x": 352.3826,
      "y": 1095.1392
    },
    {
      "time": 110.1,
      "agent_id": 1,
      "x": 375.1108,
      "y": 1097.6736
    },
    {
      "time": 110.3,
      "agent_id": 1,
      "x": 364.5755,
      "y": 1141.3518
    },
    {
      "time": 114.5,
      "agent_id": 1,
      "x": 397.7088,
      "y": 1131.7311
    },
    {
      "time": 115.4,
      "agent_id": 1,
      "x": 479.0548,
      "y": 1082.8348
    },
    {
      "time": 119.4,
      "agent_id": 1,
      "x": 336.8848,
      "y": 791.0598
    },
    {
      "time": 119.6,
      "agent_id": 1,
      "x": 357.8846,
      "y": 774.6936
    },
    {
      "time": 133.9,
      "agent_id": 1,
      "x": 271.9603,
      "y": 490.3183
    },
    {
      "time": 141.1,
      "agent_id": 1,
      "x": 211.0171,
      "y": 537.5955
    },
    {
      "time": 142.0,
      "agent_id": 1,
      "x": 298.1404,
      "y": 503.4633
    },
    {
      "time": 142.1,
      "agent_id": 1,
      "x": 291.5135,
      "y": 517.0055
    },
    {
      "time": 143.8,
      "agent_id": 1,
      "x": 272.5975,
      "y": 445.914
    },
    {
      "time": 143.8,
      "agent_id": 1,
      "x": 274.6984,
      "y": 433.3258
    },
    {
      "time": 153.2,
      "agent_id": 1,
      "x": 298.7643,
      "y": 437.4304
    },
    {
      "time": 153.4,
      "agent_id": 1,
      "x": 289.726,
      "y": 457.5662
    },
    {
      "time": 153.4,
      "agent_id": 1,
      "x": 298.3779,
      "y": 458.1472
    }
  ],
  "parent_fruit_consumed_before_tracked_encounter": 0,
  "tracked_encounter_times": [
    0.1
  ],
  "conditional_delivery_denominator": true,
  "conditional_delivery_status": "not_applicable",
  "setup_oracle": false,
  "setup_oracle_target": null,
  "setup_oracle_ticks": 0,
  "setup_oracle_routing": null,
  "setup_oracle_route_resets": 0,
  "setup_oracle_policy_reset_before_handoff_act": false,
  "setup_oracle_handoff_time": null,
  "dynamic_action_privilege_ended_at": null,
  "target_switches": [
    {
      "time": 0.1,
      "tracked_predator_slot": 0,
      "target": 1
    },
    {
      "time": 5.7,
      "tracked_predator_slot": 0,
      "target": null
    },
    {
      "time": 6.6,
      "tracked_predator_slot": 0,
      "target": 1
    },
    {
      "time": 6.7,
      "tracked_predator_slot": 0,
      "target": null
    },
    {
      "time": 7.8,
      "tracked_predator_slot": 0,
      "target": 1
    },
    {
      "time": 9.7,
      "tracked_predator_slot": 0,
      "target": null
    },
    {
      "time": 10.1,
      "tracked_predator_slot": 0,
      "target": 1
    },
    {
      "time": 10.2,
      "tracked_predator_slot": 0,
      "target": null
    },
    {
      "time": 11.1,
      "tracked_predator_slot": 0,
      "target": 1
    },
    {
      "time": 11.3,
      "tracked_predator_slot": 0,
      "target": null
    },
    {
      "time": 11.4,
      "tracked_predator_slot": 0,
      "target": 1
    },
    {
      "time": 13.1,
      "tracked_predator_slot": 0,
      "target": "resting"
    },
    {
      "time": 16.6,
      "tracked_predator_slot": 0,
      "target": 1
    },
    {
      "time": 21.2,
      "tracked_predator_slot": 0,
      "target": null
    },
    {
      "time": 21.3,
      "tracked_predator_slot": 0,
      "target": 1
    },
    {
      "time": 21.4,
      "tracked_predator_slot": 0,
      "target": null
    },
    {
      "time": 22.0,
      "tracked_predator_slot": 0,
      "target": 1
    },
    {
      "time": 22.1,
      "tracked_predator_slot": 0,
      "target": null
    },
    {
      "time": 22.4,
      "tracked_predator_slot": 0,
      "target": 1
    },
    {
      "time": 22.5,
      "tracked_predator_slot": 0,
      "target": null
    },
    {
      "time": 22.9,
      "tracked_predator_slot": 0,
      "target": 1
    },
    {
      "time": 23.0,
      "tracked_predator_slot": 0,
      "target": null
    },
    {
      "time": 23.2,
      "tracked_predator_slot": 0,
      "target": 1
    },
    {
      "time": 23.3,
      "tracked_predator_slot": 0,
      "target": null
    },
    {
      "time": 23.5,
      "tracked_predator_slot": 0,
      "target": 1
    },
    {
      "time": 23.8,
      "tracked_predator_slot": 0,
      "target": null
    },
    {
      "time": 24.4,
      "tracked_predator_slot": 0,
      "target": 1
    },
    {
      "time": 24.6,
      "tracked_predator_slot": 0,
      "target": null
    },
    {
      "time": 25.1,
      "tracked_predator_slot": 0,
      "target": 1
    },
    {
      "time": 25.4,
      "tracked_predator_slot": 0,
      "target": null
    },
    {
      "time": 25.8,
      "tracked_predator_slot": 0,
      "target": "resting"
    },
    {
      "time": 29.3,
      "tracked_predator_slot": 0,
      "target": 1
    },
    {
      "time": 29.5,
      "tracked_predator_slot": 0,
      "target": null
    },
    {
      "time": 30.4,
      "tracked_predator_slot": 0,
      "target": 1
    },
    {
      "time": 30.6,
      "tracked_predator_slot": 0,
      "target": null
    },
    {
      "time": 31.1,
      "tracked_predator_slot": 0,
      "target": 1
    },
    {
      "time": 31.2,
      "tracked_predator_slot": 0,
      "target": null
    },
    {
      "time": 32.0,
      "tracked_predator_slot": 0,
      "target": 1
    },
    {
      "time": 32.1,
      "tracked_predator_slot": 0,
      "target": null
    },
    {
      "time": 32.5,
      "tracked_predator_slot": 0,
      "target": 1
    },
    {
      "time": 32.6,
      "tracked_predator_slot": 0,
      "target": null
    },
    {
      "time": 32.7,
      "tracked_predator_slot": 0,
      "target": 1
    },
    {
      "time": 32.8,
      "tracked_predator_slot": 0,
      "target": null
    },
    {
      "time": 32.9,
      "tracked_predator_slot": 0,
      "target": 1
    },
    {
      "time": 33.0,
      "tracked_predator_slot": 0,
      "target": null
    },
    {
      "time": 33.1,
      "tracked_predator_slot": 0,
      "target": 1
    },
    {
      "time": 33.2,
      "tracked_predator_slot": 0,
      "target": null
    },
    {
      "time": 36.3,
      "tracked_predator_slot": 0,
      "target": 1
    },
    {
      "time": 36.5,
      "tracked_predator_slot": 0,
      "target": null
    },
    {
      "time": 37.0,
      "tracked_predator_slot": 0,
      "target": 1
    },
    {
      "time": 37.3,
      "tracked_predator_slot": 0,
      "target": null
    },
    {
      "time": 38.1,
      "tracked_predator_slot": 0,
      "target": 1
    },
    {
      "time": 38.2,
      "tracked_predator_slot": 0,
      "target": null
    },
    {
      "time": 38.4,
      "tracked_predator_slot": 0,
      "target": 1
    },
    {
      "time": 38.5,
      "tracked_predator_slot": 0,
      "target": null
    },
    {
      "time": 38.6,
      "tracked_predator_slot": 0,
      "target": 1
    },
    {
      "time": 38.7,
      "tracked_predator_slot": 0,
      "target": null
    },
    {
      "time": 39.1,
      "tracked_predator_slot": 0,
      "target": 1
    },
    {
      "time": 40.3,
      "tracked_predator_slot": 0,
      "target": "resting"
    },
    {
      "time": 43.8,
      "tracked_predator_slot": 0,
      "target": 1
    },
    {
      "time": 45.3,
      "tracked_predator_slot": 0,
      "target": null
    },
    {
      "time": 45.5,
      "tracked_predator_slot": 0,
      "target": 1
    },
    {
      "time": 45.6,
      "tracked_predator_slot": 0,
      "target": null
    },
    {
      "time": 46.3,
      "tracked_predator_slot": 0,
      "target": 1
    },
    {
      "time": 46.6,
      "tracked_predator_slot": 0,
      "target": null
    },
    {
      "time": 46.8,
      "tracked_predator_slot": 0,
      "target": 1
    },
    {
      "time": 49.3,
      "tracked_predator_slot": 0,
      "target": null
    },
    {
      "time": 49.4,
      "tracked_predator_slot": 0,
      "target": 1
    },
    {
      "time": 50.3,
      "tracked_predator_slot": 0,
      "target": null
    },
    {
      "time": 51.1,
      "tracked_predator_slot": 0,
      "target": 1
    },
    {
      "time": 51.4,
      "tracked_predator_slot": 0,
      "target": null
    },
    {
      "time": 51.9,
      "tracked_predator_slot": 0,
      "target": 1
    },
    {
      "time": 52.0,
      "tracked_predator_slot": 0,
      "target": null
    },
    {
      "time": 52.4,
      "tracked_predator_slot": 0,
      "target": 1
    },
    {
      "time": 52.9,
      "tracked_predator_slot": 0,
      "target": null
    },
    {
      "time": 53.1,
      "tracked_predator_slot": 0,
      "target": 1
    },
    {
      "time": 53.2,
      "tracked_predator_slot": 0,
      "target": null
    },
    {
      "time": 53.3,
      "tracked_predator_slot": 0,
      "target": "resting"
    },
    {
      "time": 56.8,
      "tracked_predator_slot": 0,
      "target": null
    },
    {
      "time": 56.9,
      "tracked_predator_slot": 0,
      "target": 1
    },
    {
      "time": 66.3,
      "tracked_predator_slot": 0,
      "target": "resting"
    },
    {
      "time": 69.8,
      "tracked_predator_slot": 0,
      "target": 1
    },
    {
      "time": 69.9,
      "tracked_predator_slot": 0,
      "target": null
    },
    {
      "time": 70.6,
      "tracked_predator_slot": 0,
      "target": 1
    },
    {
      "time": 70.7,
      "tracked_predator_slot": 0,
      "target": null
    },
    {
      "time": 70.9,
      "tracked_predator_slot": 0,
      "target": 1
    },
    {
      "time": 71.0,
      "tracked_predator_slot": 0,
      "target": null
    },
    {
      "time": 71.2,
      "tracked_predator_slot": 0,
      "target": 1
    },
    {
      "time": 71.4,
      "tracked_predator_slot": 0,
      "target": null
    },
    {
      "time": 71.6,
      "tracked_predator_slot": 0,
      "target": 1
    },
    {
      "time": 71.8,
      "tracked_predator_slot": 0,
      "target": null
    },
    {
      "time": 72.5,
      "tracked_predator_slot": 0,
      "target": 1
    },
    {
      "time": 76.0,
      "tracked_predator_slot": 0,
      "target": null
    },
    {
      "time": 76.7,
      "tracked_predator_slot": 0,
      "target": 1
    },
    {
      "time": 76.8,
      "tracked_predator_slot": 0,
      "target": null
    },
    {
      "time": 76.9,
      "tracked_predator_slot": 0,
      "target": 1
    },
    {
      "time": 77.6,
      "tracked_predator_slot": 0,
      "target": null
    },
    {
      "time": 77.7,
      "tracked_predator_slot": 0,
      "target": 1
    },
    {
      "time": 77.8,
      "tracked_predator_slot": 0,
      "target": null
    },
    {
      "time": 78.0,
      "tracked_predator_slot": 0,
      "target": 1
    },
    {
      "time": 79.9,
      "tracked_predator_slot": 0,
      "target": "resting"
    },
    {
      "time": 83.4,
      "tracked_predator_slot": 0,
      "target": 1
    },
    {
      "time": 84.6,
      "tracked_predator_slot": 0,
      "target": null
    },
    {
      "time": 84.8,
      "tracked_predator_slot": 0,
      "target": 1
    },
    {
      "time": 87.2,
      "tracked_predator_slot": 0,
      "target": null
    },
    {
      "time": 87.9,
      "tracked_predator_slot": 0,
      "target": 1
    },
    {
      "time": 88.0,
      "tracked_predator_slot": 0,
      "target": null
    },
    {
      "time": 88.1,
      "tracked_predator_slot": 0,
      "target": 1
    },
    {
      "time": 88.2,
      "tracked_predator_slot": 0,
      "target": null
    },
    {
      "time": 88.9,
      "tracked_predator_slot": 0,
      "target": 1
    },
    {
      "time": 92.5,
      "tracked_predator_slot": 0,
      "target": "resting"
    },
    {
      "time": 96.0,
      "tracked_predator_slot": 0,
      "target": 1
    },
    {
      "time": 96.1,
      "tracked_predator_slot": 0,
      "target": null
    },
    {
      "time": 100.2,
      "tracked_predator_slot": 0,
      "target": 1
    },
    {
      "time": 100.3,
      "tracked_predator_slot": 0,
      "target": null
    },
    {
      "time": 100.4,
      "tracked_predator_slot": 0,
      "target": 1
    },
    {
      "time": 100.6,
      "tracked_predator_slot": 0,
      "target": null
    },
    {
      "time": 100.7,
      "tracked_predator_slot": 0,
      "target": 1
    },
    {
      "time": 100.8,
      "tracked_predator_slot": 0,
      "target": null
    },
    {
      "time": 103.4,
      "tracked_predator_slot": 0,
      "target": 1
    },
    {
      "time": 103.5,
      "tracked_predator_slot": 0,
      "target": null
    },
    {
      "time": 105.1,
      "tracked_predator_slot": 0,
      "target": 1
    },
    {
      "time": 105.2,
      "tracked_predator_slot": 0,
      "target": null
    },
    {
      "time": 105.3,
      "tracked_predator_slot": 0,
      "target": 1
    },
    {
      "time": 106.0,
      "tracked_predator_slot": 0,
      "target": null
    },
    {
      "time": 106.1,
      "tracked_predator_slot": 0,
      "target": 1
    },
    {
      "time": 106.6,
      "tracked_predator_slot": 0,
      "target": null
    },
    {
      "time": 106.7,
      "tracked_predator_slot": 0,
      "target": 1
    },
    {
      "time": 106.8,
      "tracked_predator_slot": 0,
      "target": null
    },
    {
      "time": 107.9,
      "tracked_predator_slot": 0,
      "target": 1
    },
    {
      "time": 110.1,
      "tracked_predator_slot": 0,
      "target": "resting"
    },
    {
      "time": 113.6,
      "tracked_predator_slot": 0,
      "target": 1
    },
    {
      "time": 113.8,
      "tracked_predator_slot": 0,
      "target": null
    },
    {
      "time": 114.1,
      "tracked_predator_slot": 0,
      "target": 1
    },
    {
      "time": 114.2,
      "tracked_predator_slot": 0,
      "target": null
    },
    {
      "time": 114.6,
      "tracked_predator_slot": 0,
      "target": 1
    },
    {
      "time": 114.8,
      "tracked_predator_slot": 0,
      "target": null
    },
    {
      "time": 115.5,
      "tracked_predator_slot": 0,
      "target": 1
    },
    {
      "time": 115.6,
      "tracked_predator_slot": 0,
      "target": null
    },
    {
      "time": 115.8,
      "tracked_predator_slot": 0,
      "target": 1
    },
    {
      "time": 120.1,
      "tracked_predator_slot": 0,
      "target": null
    },
    {
      "time": 120.2,
      "tracked_predator_slot": 0,
      "target": 1
    },
    {
      "time": 121.8,
      "tracked_predator_slot": 0,
      "target": null
    },
    {
      "time": 122.9,
      "tracked_predator_slot": 0,
      "target": 1
    },
    {
      "time": 123.0,
      "tracked_predator_slot": 0,
      "target": null
    },
    {
      "time": 123.1,
      "tracked_predator_slot": 0,
      "target": 1
    },
    {
      "time": 123.3,
      "tracked_predator_slot": 0,
      "target": null
    },
    {
      "time": 123.5,
      "tracked_predator_slot": 0,
      "target": 1
    },
    {
      "time": 123.6,
      "tracked_predator_slot": 0,
      "target": "resting"
    },
    {
      "time": 127.1,
      "tracked_predator_slot": 0,
      "target": 1
    },
    {
      "time": 127.2,
      "tracked_predator_slot": 0,
      "target": null
    },
    {
      "time": 127.4,
      "tracked_predator_slot": 0,
      "target": 1
    },
    {
      "time": 127.5,
      "tracked_predator_slot": 0,
      "target": null
    },
    {
      "time": 128.1,
      "tracked_predator_slot": 0,
      "target": 1
    },
    {
      "time": 136.0,
      "tracked_predator_slot": 0,
      "target": null
    },
    {
      "time": 136.1,
      "tracked_predator_slot": 0,
      "target": 1
    },
    {
      "time": 136.3,
      "tracked_predator_slot": 0,
      "target": null
    },
    {
      "time": 136.7,
      "tracked_predator_slot": 0,
      "target": 1
    },
    {
      "time": 136.8,
      "tracked_predator_slot": 0,
      "target": "resting"
    },
    {
      "time": 140.3,
      "tracked_predator_slot": 0,
      "target": null
    },
    {
      "time": 140.4,
      "tracked_predator_slot": 0,
      "target": 1
    },
    {
      "time": 140.5,
      "tracked_predator_slot": 0,
      "target": null
    },
    {
      "time": 141.1,
      "tracked_predator_slot": 0,
      "target": 1
    },
    {
      "time": 141.3,
      "tracked_predator_slot": 0,
      "target": null
    },
    {
      "time": 141.4,
      "tracked_predator_slot": 0,
      "target": 1
    },
    {
      "time": 142.7,
      "tracked_predator_slot": 0,
      "target": null
    },
    {
      "time": 143.4,
      "tracked_predator_slot": 0,
      "target": 1
    },
    {
      "time": 143.6,
      "tracked_predator_slot": 0,
      "target": null
    },
    {
      "time": 143.9,
      "tracked_predator_slot": 0,
      "target": 1
    },
    {
      "time": 144.3,
      "tracked_predator_slot": 0,
      "target": 0
    },
    {
      "time": 150.7,
      "tracked_predator_slot": 0,
      "target": "resting"
    },
    {
      "time": 154.2,
      "tracked_predator_slot": 0,
      "target": 0
    },
    {
      "time": 163.1,
      "tracked_predator_slot": 0,
      "target": "resting"
    },
    {
      "time": 166.6,
      "tracked_predator_slot": 0,
      "target": 0
    },
    {
      "time": 175.6,
      "tracked_predator_slot": 0,
      "target": "resting"
    },
    {
      "time": 179.1,
      "tracked_predator_slot": 0,
      "target": 0
    },
    {
      "time": 188.3,
      "tracked_predator_slot": 0,
      "target": "resting"
    },
    {
      "time": 191.8,
      "tracked_predator_slot": 0,
      "target": 0
    },
    {
      "time": 200.7,
      "tracked_predator_slot": 0,
      "target": "resting"
    },
    {
      "time": 204.2,
      "tracked_predator_slot": 0,
      "target": 0
    },
    {
      "time": 213.2,
      "tracked_predator_slot": 0,
      "target": "resting"
    },
    {
      "time": 216.7,
      "tracked_predator_slot": 0,
      "target": 0
    },
    {
      "time": 226.0,
      "tracked_predator_slot": 0,
      "target": "resting"
    },
    {
      "time": 229.5,
      "tracked_predator_slot": 0,
      "target": 0
    },
    {
      "time": 238.8,
      "tracked_predator_slot": 0,
      "target": "resting"
    },
    {
      "time": 242.3,
      "tracked_predator_slot": 0,
      "target": 0
    },
    {
      "time": 251.5,
      "tracked_predator_slot": 0,
      "target": "resting"
    },
    {
      "time": 255.0,
      "tracked_predator_slot": 0,
      "target": 0
    },
    {
      "time": 264.0,
      "tracked_predator_slot": 0,
      "target": "resting"
    },
    {
      "time": 267.5,
      "tracked_predator_slot": 0,
      "target": 0
    },
    {
      "time": 276.8,
      "tracked_predator_slot": 0,
      "target": "resting"
    },
    {
      "time": 280.3,
      "tracked_predator_slot": 0,
      "target": 0
    },
    {
      "time": 289.6,
      "tracked_predator_slot": 0,
      "target": "resting"
    },
    {
      "time": 293.1,
      "tracked_predator_slot": 0,
      "target": 0
    }
  ],
  "guide_role_trace": [
    {
      "time": 0,
      "active_guide_id": 1
    }
  ],
  "guide_follow_trace": [
    {
      "time": 0.1,
      "active_guide_id": 1,
      "tracked_predator_slot": 0
    }
  ],
  "guide_role": "parent",
  "parent_role": "guide",
  "child_role": "gather_evade",
  "active_guide_id_final": 1,
  "active_guide_alive_final": true,
  "guide_role_ids": [
    1
  ],
  "bait_deployed_at": 0.1,
  "policy_bait_ready_final": false,
  "bait_left_after_deployment": null,
  "final_bait_distance_to_goal": 0.0,
  "first_guide_predator_observation": 0.1,
  "first_predator_following_guide": 0.1,
  "first_predator_following_active_guide": 0.1,
  "tracked_seen_by_guide": 1,
  "tracked_followed_active_guide": 1,
  "physical_entered": 1,
  "guided_delivered": 1,
  "physical_losses_after_delivery": 0,
  "target_losses_after_delivery": 0,
  "physical_entry_times": [
    144.0
  ],
  "guided_delivery_times": [
    144.3
  ],
  "loss_times": [
    null
  ],
  "target_loss_times": [
    null
  ],
  "tail_seconds": 30.0,
  "tail_physical_min": 1,
  "tail_contained_min": 1,
  "final_distance_from_mouth": [
    17.1249
  ],
  "max_distance_after_delivery": [
    30.5366
  ],
  "policy_events": [
    {
      "time": 152.8,
      "kind": "guide_release_observed",
      "agent_id": 1
    },
    {
      "time": 153.8,
      "kind": "guide_returned_to_staging",
      "agent_id": 1
    }
  ],
  "success": true,
  "replay": "results/simple_chase/replays/real-map-Guide-m10221-f20221-p1-direct_guide-sitebait1-d0388482.json.gz"
}
/home/Ucals/projects/NordicCupAI-wall-funneling/survival-simulator/oscar-trap-research/survival/results/simple_chase/real-map-Guide-m10221-f20221-p1-direct_guide-sitebait1-d0388482.json
