Running as unit: run-p869200-i826015.scope; invocation ID: 297c3aaa6eb049dcb6fd5543bf5e3fc3
{"progress": "real-map-Guide-m10225-f20225-p1-direct_guide-sitebait1-634237c8", "time": 10.0, "bait_deployed": 0.1, "policy_bait_ready": false, "encounter": 0.1, "oracle_handoff": null, "children": 0, "active_guide_id": 1, "guide_alive": true, "active_guide_alive": true, "guided_delivered": 0}
{"progress": "real-map-Guide-m10225-f20225-p1-direct_guide-sitebait1-634237c8", "time": 20.0, "bait_deployed": 0.1, "policy_bait_ready": false, "encounter": 0.1, "oracle_handoff": null, "children": 0, "active_guide_id": 1, "guide_alive": true, "active_guide_alive": true, "guided_delivered": 1}
{"progress": "real-map-Guide-m10225-f20225-p1-direct_guide-sitebait1-634237c8", "time": 30.0, "bait_deployed": 0.1, "policy_bait_ready": false, "encounter": 0.1, "oracle_handoff": null, "children": 0, "active_guide_id": 1, "guide_alive": true, "active_guide_alive": true, "guided_delivered": 1}
{"progress": "real-map-Guide-m10225-f20225-p1-direct_guide-sitebait1-634237c8", "time": 40.0, "bait_deployed": 0.1, "policy_bait_ready": false, "encounter": 0.1, "oracle_handoff": null, "children": 0, "active_guide_id": 1, "guide_alive": true, "active_guide_alive": true, "guided_delivered": 1}
{"progress": "real-map-Guide-m10225-f20225-p1-direct_guide-sitebait1-634237c8", "time": 50.0, "bait_deployed": 0.1, "policy_bait_ready": false, "encounter": 0.1, "oracle_handoff": null, "children": 0, "active_guide_id": 1, "guide_alive": true, "active_guide_alive": true, "guided_delivered": 1}
{"progress": "real-map-Guide-m10225-f20225-p1-direct_guide-sitebait1-634237c8", "time": 60.0, "bait_deployed": 0.1, "policy_bait_ready": false, "encounter": 0.1, "oracle_handoff": null, "children": 0, "active_guide_id": 1, "guide_alive": true, "active_guide_alive": true, "guided_delivered": 1}
{"progress": "real-map-Guide-m10225-f20225-p1-direct_guide-sitebait1-634237c8", "time": 70.0, "bait_deployed": 0.1, "policy_bait_ready": false, "encounter": 0.1, "oracle_handoff": null, "children": 0, "active_guide_id": 1, "guide_alive": true, "active_guide_alive": true, "guided_delivered": 1}
{"progress": "real-map-Guide-m10225-f20225-p1-direct_guide-sitebait1-634237c8", "time": 80.0, "bait_deployed": 0.1, "policy_bait_ready": false, "encounter": 0.1, "oracle_handoff": null, "children": 0, "active_guide_id": 1, "guide_alive": true, "active_guide_alive": true, "guided_delivered": 1}
{"progress": "real-map-Guide-m10225-f20225-p1-direct_guide-sitebait1-634237c8", "time": 90.0, "bait_deployed": 0.1, "policy_bait_ready": false, "encounter": 0.1, "oracle_handoff": null, "children": 0, "active_guide_id": 1, "guide_alive": true, "active_guide_alive": true, "guided_delivered": 1}
{"progress": "real-map-Guide-m10225-f20225-p1-direct_guide-sitebait1-634237c8", "time": 100.0, "bait_deployed": 0.1, "policy_bait_ready": false, "encounter": 0.1, "oracle_handoff": null, "children": 0, "active_guide_id": 1, "guide_alive": true, "active_guide_alive": true, "guided_delivered": 1}
{"progress": "real-map-Guide-m10225-f20225-p1-direct_guide-sitebait1-634237c8", "time": 110.0, "bait_deployed": 0.1, "policy_bait_ready": false, "encounter": 0.1, "oracle_handoff": null, "children": 0, "active_guide_id": 1, "guide_alive": true, "active_guide_alive": true, "guided_delivered": 1}
{"progress": "real-map-Guide-m10225-f20225-p1-direct_guide-sitebait1-634237c8", "time": 120.0, "bait_deployed": 0.1, "policy_bait_ready": false, "encounter": 0.1, "oracle_handoff": null, "children": 0, "active_guide_id": 1, "guide_alive": true, "active_guide_alive": true, "guided_delivered": 1}
{"progress": "real-map-Guide-m10225-f20225-p1-direct_guide-sitebait1-634237c8", "time": 130.0, "bait_deployed": 0.1, "policy_bait_ready": false, "encounter": 0.1, "oracle_handoff": null, "children": 0, "active_guide_id": 1, "guide_alive": true, "active_guide_alive": true, "guided_delivered": 1}
{"progress": "real-map-Guide-m10225-f20225-p1-direct_guide-sitebait1-634237c8", "time": 140.0, "bait_deployed": 0.1, "policy_bait_ready": false, "encounter": 0.1, "oracle_handoff": null, "children": 0, "active_guide_id": 1, "guide_alive": true, "active_guide_alive": true, "guided_delivered": 1}
{"progress": "real-map-Guide-m10225-f20225-p1-direct_guide-sitebait1-634237c8", "time": 150.0, "bait_deployed": 0.1, "policy_bait_ready": false, "encounter": 0.1, "oracle_handoff": null, "children": 0, "active_guide_id": 1, "guide_alive": false, "active_guide_alive": false, "guided_delivered": 1}
{"progress": "real-map-Guide-m10225-f20225-p1-direct_guide-sitebait1-634237c8", "time": 160.0, "bait_deployed": 0.1, "policy_bait_ready": false, "encounter": 0.1, "oracle_handoff": null, "children": 0, "active_guide_id": 1, "guide_alive": false, "active_guide_alive": false, "guided_delivered": 1}
{"progress": "real-map-Guide-m10225-f20225-p1-direct_guide-sitebait1-634237c8", "time": 170.0, "bait_deployed": 0.1, "policy_bait_ready": false, "encounter": 0.1, "oracle_handoff": null, "children": 0, "active_guide_id": 1, "guide_alive": false, "active_guide_alive": false, "guided_delivered": 1}
{"progress": "real-map-Guide-m10225-f20225-p1-direct_guide-sitebait1-634237c8", "time": 180.0, "bait_deployed": 0.1, "policy_bait_ready": false, "encounter": 0.1, "oracle_handoff": null, "children": 0, "active_guide_id": 1, "guide_alive": false, "active_guide_alive": false, "guided_delivered": 1}
{"progress": "real-map-Guide-m10225-f20225-p1-direct_guide-sitebait1-634237c8", "time": 190.0, "bait_deployed": 0.1, "policy_bait_ready": false, "encounter": 0.1, "oracle_handoff": null, "children": 0, "active_guide_id": 1, "guide_alive": false, "active_guide_alive": false, "guided_delivered": 1}
{"progress": "real-map-Guide-m10225-f20225-p1-direct_guide-sitebait1-634237c8", "time": 200.0, "bait_deployed": 0.1, "policy_bait_ready": false, "encounter": 0.1, "oracle_handoff": null, "children": 0, "active_guide_id": 1, "guide_alive": false, "active_guide_alive": false, "guided_delivered": 1}
{"progress": "real-map-Guide-m10225-f20225-p1-direct_guide-sitebait1-634237c8", "time": 210.0, "bait_deployed": 0.1, "policy_bait_ready": false, "encounter": 0.1, "oracle_handoff": null, "children": 0, "active_guide_id": 1, "guide_alive": false, "active_guide_alive": false, "guided_delivered": 1}
{"progress": "real-map-Guide-m10225-f20225-p1-direct_guide-sitebait1-634237c8", "time": 220.0, "bait_deployed": 0.1, "policy_bait_ready": false, "encounter": 0.1, "oracle_handoff": null, "children": 0, "active_guide_id": 1, "guide_alive": false, "active_guide_alive": false, "guided_delivered": 1}
{"progress": "real-map-Guide-m10225-f20225-p1-direct_guide-sitebait1-634237c8", "time": 230.0, "bait_deployed": 0.1, "policy_bait_ready": false, "encounter": 0.1, "oracle_handoff": null, "children": 0, "active_guide_id": 1, "guide_alive": false, "active_guide_alive": false, "guided_delivered": 1}
{"progress": "real-map-Guide-m10225-f20225-p1-direct_guide-sitebait1-634237c8", "time": 240.0, "bait_deployed": 0.1, "policy_bait_ready": false, "encounter": 0.1, "oracle_handoff": null, "children": 0, "active_guide_id": 1, "guide_alive": false, "active_guide_alive": false, "guided_delivered": 1}
{"progress": "real-map-Guide-m10225-f20225-p1-direct_guide-sitebait1-634237c8", "time": 250.0, "bait_deployed": 0.1, "policy_bait_ready": false, "encounter": 0.1, "oracle_handoff": null, "children": 0, "active_guide_id": 1, "guide_alive": false, "active_guide_alive": false, "guided_delivered": 1}
{"progress": "real-map-Guide-m10225-f20225-p1-direct_guide-sitebait1-634237c8", "time": 260.0, "bait_deployed": 0.1, "policy_bait_ready": false, "encounter": 0.1, "oracle_handoff": null, "children": 0, "active_guide_id": 1, "guide_alive": false, "active_guide_alive": false, "guided_delivered": 1}
{"progress": "real-map-Guide-m10225-f20225-p1-direct_guide-sitebait1-634237c8", "time": 270.0, "bait_deployed": 0.1, "policy_bait_ready": false, "encounter": 0.1, "oracle_handoff": null, "children": 0, "active_guide_id": 1, "guide_alive": false, "active_guide_alive": false, "guided_delivered": 1}
{"progress": "real-map-Guide-m10225-f20225-p1-direct_guide-sitebait1-634237c8", "time": 280.0, "bait_deployed": 0.1, "policy_bait_ready": false, "encounter": 0.1, "oracle_handoff": null, "children": 0, "active_guide_id": 1, "guide_alive": false, "active_guide_alive": false, "guided_delivered": 1}
{"progress": "real-map-Guide-m10225-f20225-p1-direct_guide-sitebait1-634237c8", "time": 290.0, "bait_deployed": 0.1, "policy_bait_ready": false, "encounter": 0.1, "oracle_handoff": null, "children": 0, "active_guide_id": 1, "guide_alive": false, "active_guide_alive": false, "guided_delivered": 1}
{"progress": "real-map-Guide-m10225-f20225-p1-direct_guide-sitebait1-634237c8", "time": 300.0, "bait_deployed": 0.1, "policy_bait_ready": false, "encounter": 0.1, "oracle_handoff": null, "children": 0, "active_guide_id": 1, "guide_alive": false, "active_guide_alive": false, "guided_delivered": 1}
{"viewer_manifest_refresh": {"status": "deferred", "reason": "bounded-memory runs defer full-replay viewer processing"}}
{
  "schema": "real-map-intake-result-v2",
  "policy": "integrated_guide.policy_v30_wide_route:Guide",
  "policy_hash": "fd56a3bdfb35bf92c443a79f6cd954aa2dc6aa9c4fbe5d90ec309647771f9b0c",
  "harness_hashes": {
    "research/simple_chase/run_streaming_v2.py": "837e02b05d1ba3af71df0949cb30beb18a8b2844f090f8b383c692192c52719a",
    "research/simple_chase/sampling.py": "1efb7d309c4cc79bc87916c1bea72a7845e78d0c2cdf0aeaf9e2a758ceed48ab",
    "research/simple_chase/static_map.py": "197b16cbe9dd2e3dd06b81fe9481986a97bd92d9c2a55f33597cc9b7280faf3c",
    "debugger/streaming_recorder_v2.py": "d5ecda6bb39ec74a9ad86fb20458df5de7f466d73052558af9e2877be3d99b19"
  },
  "mode": "direct_guide",
  "map_seed": 10225,
  "fixture_seed": 20225,
  "static_map_hash": "0785140f0c5e42558e2337b4a2d47986ac1f88ce0175c94d9a4f889347a68139",
  "site": {
    "mouth": [
      183.3807,
      960.1471
    ],
    "inward": [
      0.0,
      1.0
    ],
    "cross": [
      -1.0,
      0.0
    ],
    "goal": [
      183.3807,
      965.1471
    ],
    "far": [
      183.3807,
      835.1471
    ],
    "hold": [
      183.3807,
      885.1471
    ],
    "gap": 16.3575,
    "overlap": 76.7333,
    "runup": [
      183.3807,
      800.1471
    ],
    "approach_lane_offset": 0.0,
    "offset_approach": false,
    "obstacle_indices": [
      43,
      4
    ],
    "axis": 0,
    "other_mouth": [
      183.3807,
      1036.8804
    ],
    "replacement_entry": [
      183.3807,
      1056.8804
    ],
    "second_access_clear": true,
    "second_access_radius": 5.01,
    "bait_depth": 5.0,
    "boundary_indices": [],
    "geometric_replacement_access_only": true
  },
  "station_bait": true,
  "requested_seconds": 300.0,
  "seconds": 300.0,
  "reason": "horizon",
  "native_render": true,
  "reproduction_of": null,
  "record_every_ticks": 1,
  "replay_frames": 3001,
  "initial_predators": 1,
  "final_predators_total": 5,
  "tracked_predators_present_final": 1,
  "ambient_predators_spawned": 4,
  "ambient_predators_present_final": 4,
  "agent_energy_refilled": true,
  "predator_state_native": false,
  "predator_dynamics_native_after_setup": true,
  "arranged_adjacent_awake_start": true,
  "bait_id": 0,
  "guide_id": 1,
  "bait_alive": true,
  "guide_alive": false,
  "deaths": [
    {
      "time": 143.2,
      "agent_id": 1,
      "role": "parent_guide"
    }
  ],
  "spawn_requests": [],
  "child_births": [],
  "fruit_consumptions": [
    {
      "time": 67.3,
      "agent_id": 1,
      "x": 188.1364,
      "y": 809.4328
    }
  ],
  "parent_fruit_consumed_before_tracked_encounter": 0,
  "tracked_encounter_times": [
    0.1
  ],
  "conditional_delivery_denominator": true,
  "conditional_delivery_status": "not_applicable",
  "setup_oracle": false,
  "setup_oracle_target": null,
  "setup_oracle_ticks": 0,
  "setup_oracle_routing": null,
  "setup_oracle_route_resets": 0,
  "setup_oracle_policy_reset_before_handoff_act": false,
  "setup_oracle_handoff_time": null,
  "dynamic_action_privilege_ended_at": null,
  "target_switches": [
    {
      "time": 0.1,
      "tracked_predator_slot": 0,
      "target": 1
    },
    {
      "time": 9.7,
      "tracked_predator_slot": 0,
      "target": 0
    },
    {
      "time": 9.8,
      "tracked_predator_slot": 0,
      "target": 1
    },
    {
      "time": 11.4,
      "tracked_predator_slot": 0,
      "target": 0
    },
    {
      "time": 13.3,
      "tracked_predator_slot": 0,
      "target": "resting"
    },
    {
      "time": 16.8,
      "tracked_predator_slot": 0,
      "target": 0
    },
    {
      "time": 26.0,
      "tracked_predator_slot": 0,
      "target": "resting"
    },
    {
      "time": 29.5,
      "tracked_predator_slot": 0,
      "target": 0
    },
    {
      "time": 38.7,
      "tracked_predator_slot": 0,
      "target": "resting"
    },
    {
      "time": 42.2,
      "tracked_predator_slot": 0,
      "target": 0
    },
    {
      "time": 51.4,
      "tracked_predator_slot": 0,
      "target": "resting"
    },
    {
      "time": 54.9,
      "tracked_predator_slot": 0,
      "target": 0
    },
    {
      "time": 64.1,
      "tracked_predator_slot": 0,
      "target": "resting"
    },
    {
      "time": 67.6,
      "tracked_predator_slot": 0,
      "target": 0
    },
    {
      "time": 76.8,
      "tracked_predator_slot": 0,
      "target": "resting"
    },
    {
      "time": 80.3,
      "tracked_predator_slot": 0,
      "target": 0
    },
    {
      "time": 89.5,
      "tracked_predator_slot": 0,
      "target": "resting"
    },
    {
      "time": 93.0,
      "tracked_predator_slot": 0,
      "target": 0
    },
    {
      "time": 102.1,
      "tracked_predator_slot": 0,
      "target": "resting"
    },
    {
      "time": 105.6,
      "tracked_predator_slot": 0,
      "target": 0
    },
    {
      "time": 114.8,
      "tracked_predator_slot": 0,
      "target": "resting"
    },
    {
      "time": 118.3,
      "tracked_predator_slot": 0,
      "target": 0
    },
    {
      "time": 127.5,
      "tracked_predator_slot": 0,
      "target": "resting"
    },
    {
      "time": 131.0,
      "tracked_predator_slot": 0,
      "target": 0
    },
    {
      "time": 140.2,
      "tracked_predator_slot": 0,
      "target": "resting"
    },
    {
      "time": 143.7,
      "tracked_predator_slot": 0,
      "target": 0
    },
    {
      "time": 152.9,
      "tracked_predator_slot": 0,
      "target": "resting"
    },
    {
      "time": 156.4,
      "tracked_predator_slot": 0,
      "target": 0
    },
    {
      "time": 165.6,
      "tracked_predator_slot": 0,
      "target": "resting"
    },
    {
      "time": 169.1,
      "tracked_predator_slot": 0,
      "target": 0
    },
    {
      "time": 178.2,
      "tracked_predator_slot": 0,
      "target": "resting"
    },
    {
      "time": 181.7,
      "tracked_predator_slot": 0,
      "target": 0
    },
    {
      "time": 190.6,
      "tracked_predator_slot": 0,
      "target": "resting"
    },
    {
      "time": 194.1,
      "tracked_predator_slot": 0,
      "target": 0
    },
    {
      "time": 203.3,
      "tracked_predator_slot": 0,
      "target": "resting"
    },
    {
      "time": 206.8,
      "tracked_predator_slot": 0,
      "target": 0
    },
    {
      "time": 216.0,
      "tracked_predator_slot": 0,
      "target": "resting"
    },
    {
      "time": 219.5,
      "tracked_predator_slot": 0,
      "target": 0
    },
    {
      "time": 228.7,
      "tracked_predator_slot": 0,
      "target": "resting"
    },
    {
      "time": 232.2,
      "tracked_predator_slot": 0,
      "target": 0
    },
    {
      "time": 241.4,
      "tracked_predator_slot": 0,
      "target": "resting"
    },
    {
      "time": 244.9,
      "tracked_predator_slot": 0,
      "target": 0
    },
    {
      "time": 254.1,
      "tracked_predator_slot": 0,
      "target": "resting"
    },
    {
      "time": 257.6,
      "tracked_predator_slot": 0,
      "target": 0
    },
    {
      "time": 266.8,
      "tracked_predator_slot": 0,
      "target": "resting"
    },
    {
      "time": 270.3,
      "tracked_predator_slot": 0,
      "target": 0
    },
    {
      "time": 279.5,
      "tracked_predator_slot": 0,
      "target": "resting"
    },
    {
      "time": 283.0,
      "tracked_predator_slot": 0,
      "target": 0
    },
    {
      "time": 292.2,
      "tracked_predator_slot": 0,
      "target": "resting"
    },
    {
      "time": 295.7,
      "tracked_predator_slot": 0,
      "target": 0
    }
  ],
  "guide_role_trace": [
    {
      "time": 0,
      "active_guide_id": 1
    }
  ],
  "guide_follow_trace": [
    {
      "time": 0.1,
      "active_guide_id": 1,
      "tracked_predator_slot": 0
    }
  ],
  "guide_role": "parent",
  "parent_role": "guide",
  "child_role": "gather_evade",
  "active_guide_id_final": 1,
  "active_guide_alive_final": false,
  "guide_role_ids": [
    1
  ],
  "bait_deployed_at": 0.1,
  "policy_bait_ready_final": false,
  "bait_left_after_deployment": null,
  "final_bait_distance_to_goal": 0.0,
  "first_guide_predator_observation": 0.1,
  "first_predator_following_guide": 0.1,
  "first_predator_following_active_guide": 0.1,
  "tracked_seen_by_guide": 1,
  "tracked_followed_active_guide": 1,
  "physical_entered": 1,
  "guided_delivered": 1,
  "physical_losses_after_delivery": 0,
  "target_losses_after_delivery": 0,
  "physical_entry_times": [
    11.1
  ],
  "guided_delivery_times": [
    11.4
  ],
  "loss_times": [
    null
  ],
  "target_loss_times": [
    null
  ],
  "tail_seconds": 30.0,
  "tail_physical_min": 1,
  "tail_contained_min": 1,
  "final_distance_from_mouth": [
    16.9707
  ],
  "max_distance_after_delivery": [
    27.6391
  ],
  "policy_events": [
    {
      "time": 15.3,
      "kind": "guide_release_observed",
      "agent_id": 1
    },
    {
      "time": 16.6,
      "kind": "guide_returned_to_staging",
      "agent_id": 1
    }
  ],
  "success": true,
  "replay": "results/simple_chase/replays/real-map-Guide-m10225-f20225-p1-direct_guide-sitebait1-634237c8.json.gz"
}
/home/Ucals/projects/NordicCupAI-wall-funneling/survival-simulator/oscar-trap-research/survival/results/simple_chase/real-map-Guide-m10225-f20225-p1-direct_guide-sitebait1-634237c8.json
