Running as unit: run-p868372-i885567.scope; invocation ID: 044e3de908204366838475947e59b70d
{"progress": "real-map-Guide-m10224-f20224-p1-direct_guide-sitebait1-723d3cf0", "time": 10.0, "bait_deployed": 0.1, "policy_bait_ready": false, "encounter": 0.1, "oracle_handoff": null, "children": 0, "active_guide_id": 1, "guide_alive": false, "active_guide_alive": false, "guided_delivered": 0}
{"progress": "real-map-Guide-m10224-f20224-p1-direct_guide-sitebait1-723d3cf0", "time": 20.0, "bait_deployed": 0.1, "policy_bait_ready": false, "encounter": 0.1, "oracle_handoff": null, "children": 0, "active_guide_id": 1, "guide_alive": false, "active_guide_alive": false, "guided_delivered": 0}
{"progress": "real-map-Guide-m10224-f20224-p1-direct_guide-sitebait1-723d3cf0", "time": 30.0, "bait_deployed": 0.1, "policy_bait_ready": false, "encounter": 0.1, "oracle_handoff": null, "children": 0, "active_guide_id": 1, "guide_alive": false, "active_guide_alive": false, "guided_delivered": 0}
{"progress": "real-map-Guide-m10224-f20224-p1-direct_guide-sitebait1-723d3cf0", "time": 40.0, "bait_deployed": 0.1, "policy_bait_ready": false, "encounter": 0.1, "oracle_handoff": null, "children": 0, "active_guide_id": 1, "guide_alive": false, "active_guide_alive": false, "guided_delivered": 0}
{"progress": "real-map-Guide-m10224-f20224-p1-direct_guide-sitebait1-723d3cf0", "time": 50.0, "bait_deployed": 0.1, "policy_bait_ready": false, "encounter": 0.1, "oracle_handoff": null, "children": 0, "active_guide_id": 1, "guide_alive": false, "active_guide_alive": false, "guided_delivered": 0}
{"progress": "real-map-Guide-m10224-f20224-p1-direct_guide-sitebait1-723d3cf0", "time": 60.0, "bait_deployed": 0.1, "policy_bait_ready": false, "encounter": 0.1, "oracle_handoff": null, "children": 0, "active_guide_id": 1, "guide_alive": false, "active_guide_alive": false, "guided_delivered": 1}
{"progress": "real-map-Guide-m10224-f20224-p1-direct_guide-sitebait1-723d3cf0", "time": 70.0, "bait_deployed": 0.1, "policy_bait_ready": false, "encounter": 0.1, "oracle_handoff": null, "children": 0, "active_guide_id": 1, "guide_alive": false, "active_guide_alive": false, "guided_delivered": 1}
{"progress": "real-map-Guide-m10224-f20224-p1-direct_guide-sitebait1-723d3cf0", "time": 80.0, "bait_deployed": 0.1, "policy_bait_ready": false, "encounter": 0.1, "oracle_handoff": null, "children": 0, "active_guide_id": 1, "guide_alive": false, "active_guide_alive": false, "guided_delivered": 1}
{"progress": "real-map-Guide-m10224-f20224-p1-direct_guide-sitebait1-723d3cf0", "time": 90.0, "bait_deployed": 0.1, "policy_bait_ready": false, "encounter": 0.1, "oracle_handoff": null, "children": 0, "active_guide_id": 1, "guide_alive": false, "active_guide_alive": false, "guided_delivered": 1}
{"progress": "real-map-Guide-m10224-f20224-p1-direct_guide-sitebait1-723d3cf0", "time": 100.0, "bait_deployed": 0.1, "policy_bait_ready": false, "encounter": 0.1, "oracle_handoff": null, "children": 0, "active_guide_id": 1, "guide_alive": false, "active_guide_alive": false, "guided_delivered": 1}
{"progress": "real-map-Guide-m10224-f20224-p1-direct_guide-sitebait1-723d3cf0", "time": 110.0, "bait_deployed": 0.1, "policy_bait_ready": false, "encounter": 0.1, "oracle_handoff": null, "children": 0, "active_guide_id": 1, "guide_alive": false, "active_guide_alive": false, "guided_delivered": 1}
{"progress": "real-map-Guide-m10224-f20224-p1-direct_guide-sitebait1-723d3cf0", "time": 120.0, "bait_deployed": 0.1, "policy_bait_ready": false, "encounter": 0.1, "oracle_handoff": null, "children": 0, "active_guide_id": 1, "guide_alive": false, "active_guide_alive": false, "guided_delivered": 1}
{"progress": "real-map-Guide-m10224-f20224-p1-direct_guide-sitebait1-723d3cf0", "time": 130.0, "bait_deployed": 0.1, "policy_bait_ready": false, "encounter": 0.1, "oracle_handoff": null, "children": 0, "active_guide_id": 1, "guide_alive": false, "active_guide_alive": false, "guided_delivered": 1}
{"progress": "real-map-Guide-m10224-f20224-p1-direct_guide-sitebait1-723d3cf0", "time": 140.0, "bait_deployed": 0.1, "policy_bait_ready": false, "encounter": 0.1, "oracle_handoff": null, "children": 0, "active_guide_id": 1, "guide_alive": false, "active_guide_alive": false, "guided_delivered": 1}
{"progress": "real-map-Guide-m10224-f20224-p1-direct_guide-sitebait1-723d3cf0", "time": 150.0, "bait_deployed": 0.1, "policy_bait_ready": false, "encounter": 0.1, "oracle_handoff": null, "children": 0, "active_guide_id": 1, "guide_alive": false, "active_guide_alive": false, "guided_delivered": 1}
{"progress": "real-map-Guide-m10224-f20224-p1-direct_guide-sitebait1-723d3cf0", "time": 160.0, "bait_deployed": 0.1, "policy_bait_ready": false, "encounter": 0.1, "oracle_handoff": null, "children": 0, "active_guide_id": 1, "guide_alive": false, "active_guide_alive": false, "guided_delivered": 1}
{"progress": "real-map-Guide-m10224-f20224-p1-direct_guide-sitebait1-723d3cf0", "time": 170.0, "bait_deployed": 0.1, "policy_bait_ready": false, "encounter": 0.1, "oracle_handoff": null, "children": 0, "active_guide_id": 1, "guide_alive": false, "active_guide_alive": false, "guided_delivered": 1}
{"progress": "real-map-Guide-m10224-f20224-p1-direct_guide-sitebait1-723d3cf0", "time": 180.0, "bait_deployed": 0.1, "policy_bait_ready": false, "encounter": 0.1, "oracle_handoff": null, "children": 0, "active_guide_id": 1, "guide_alive": false, "active_guide_alive": false, "guided_delivered": 1}
{"progress": "real-map-Guide-m10224-f20224-p1-direct_guide-sitebait1-723d3cf0", "time": 190.0, "bait_deployed": 0.1, "policy_bait_ready": false, "encounter": 0.1, "oracle_handoff": null, "children": 0, "active_guide_id": 1, "guide_alive": false, "active_guide_alive": false, "guided_delivered": 1}
{"progress": "real-map-Guide-m10224-f20224-p1-direct_guide-sitebait1-723d3cf0", "time": 200.0, "bait_deployed": 0.1, "policy_bait_ready": false, "encounter": 0.1, "oracle_handoff": null, "children": 0, "active_guide_id": 1, "guide_alive": false, "active_guide_alive": false, "guided_delivered": 1}
{"progress": "real-map-Guide-m10224-f20224-p1-direct_guide-sitebait1-723d3cf0", "time": 210.0, "bait_deployed": 0.1, "policy_bait_ready": false, "encounter": 0.1, "oracle_handoff": null, "children": 0, "active_guide_id": 1, "guide_alive": false, "active_guide_alive": false, "guided_delivered": 1}
{"progress": "real-map-Guide-m10224-f20224-p1-direct_guide-sitebait1-723d3cf0", "time": 220.0, "bait_deployed": 0.1, "policy_bait_ready": false, "encounter": 0.1, "oracle_handoff": null, "children": 0, "active_guide_id": 1, "guide_alive": false, "active_guide_alive": false, "guided_delivered": 1}
{"progress": "real-map-Guide-m10224-f20224-p1-direct_guide-sitebait1-723d3cf0", "time": 230.0, "bait_deployed": 0.1, "policy_bait_ready": false, "encounter": 0.1, "oracle_handoff": null, "children": 0, "active_guide_id": 1, "guide_alive": false, "active_guide_alive": false, "guided_delivered": 1}
{"progress": "real-map-Guide-m10224-f20224-p1-direct_guide-sitebait1-723d3cf0", "time": 240.0, "bait_deployed": 0.1, "policy_bait_ready": false, "encounter": 0.1, "oracle_handoff": null, "children": 0, "active_guide_id": 1, "guide_alive": false, "active_guide_alive": false, "guided_delivered": 1}
{"progress": "real-map-Guide-m10224-f20224-p1-direct_guide-sitebait1-723d3cf0", "time": 250.0, "bait_deployed": 0.1, "policy_bait_ready": false, "encounter": 0.1, "oracle_handoff": null, "children": 0, "active_guide_id": 1, "guide_alive": false, "active_guide_alive": false, "guided_delivered": 1}
{"progress": "real-map-Guide-m10224-f20224-p1-direct_guide-sitebait1-723d3cf0", "time": 260.0, "bait_deployed": 0.1, "policy_bait_ready": false, "encounter": 0.1, "oracle_handoff": null, "children": 0, "active_guide_id": 1, "guide_alive": false, "active_guide_alive": false, "guided_delivered": 1}
{"progress": "real-map-Guide-m10224-f20224-p1-direct_guide-sitebait1-723d3cf0", "time": 270.0, "bait_deployed": 0.1, "policy_bait_ready": false, "encounter": 0.1, "oracle_handoff": null, "children": 0, "active_guide_id": 1, "guide_alive": false, "active_guide_alive": false, "guided_delivered": 1}
{"progress": "real-map-Guide-m10224-f20224-p1-direct_guide-sitebait1-723d3cf0", "time": 280.0, "bait_deployed": 0.1, "policy_bait_ready": false, "encounter": 0.1, "oracle_handoff": null, "children": 0, "active_guide_id": 1, "guide_alive": false, "active_guide_alive": false, "guided_delivered": 1}
{"progress": "real-map-Guide-m10224-f20224-p1-direct_guide-sitebait1-723d3cf0", "time": 290.0, "bait_deployed": 0.1, "policy_bait_ready": false, "encounter": 0.1, "oracle_handoff": null, "children": 0, "active_guide_id": 1, "guide_alive": false, "active_guide_alive": false, "guided_delivered": 1}
{"progress": "real-map-Guide-m10224-f20224-p1-direct_guide-sitebait1-723d3cf0", "time": 300.0, "bait_deployed": 0.1, "policy_bait_ready": false, "encounter": 0.1, "oracle_handoff": null, "children": 0, "active_guide_id": 1, "guide_alive": false, "active_guide_alive": false, "guided_delivered": 1}
{"viewer_manifest_refresh": {"status": "deferred", "reason": "bounded-memory runs defer full-replay viewer processing"}}
{
  "schema": "real-map-intake-result-v2",
  "policy": "integrated_guide.policy_v30_wide_route:Guide",
  "policy_hash": "fd56a3bdfb35bf92c443a79f6cd954aa2dc6aa9c4fbe5d90ec309647771f9b0c",
  "harness_hashes": {
    "research/simple_chase/run_streaming_v2.py": "837e02b05d1ba3af71df0949cb30beb18a8b2844f090f8b383c692192c52719a",
    "research/simple_chase/sampling.py": "1efb7d309c4cc79bc87916c1bea72a7845e78d0c2cdf0aeaf9e2a758ceed48ab",
    "research/simple_chase/static_map.py": "197b16cbe9dd2e3dd06b81fe9481986a97bd92d9c2a55f33597cc9b7280faf3c",
    "debugger/streaming_recorder_v2.py": "d5ecda6bb39ec74a9ad86fb20458df5de7f466d73052558af9e2877be3d99b19"
  },
  "mode": "direct_guide",
  "map_seed": 10224,
  "fixture_seed": 20224,
  "static_map_hash": "0c5900404748b8114e1d237f68a442fd827ade972ffaafd668a95ce109436837",
  "site": {
    "mouth": [
      497.3656,
      967.1247
    ],
    "inward": [
      1.0,
      0.0
    ],
    "cross": [
      -0.0,
      1.0
    ],
    "goal": [
      502.3656,
      967.1247
    ],
    "far": [
      372.3656,
      967.1247
    ],
    "hold": [
      422.3656,
      967.1247
    ],
    "gap": 11.7133,
    "overlap": 22.0593,
    "runup": [
      247.3656,
      967.1247
    ],
    "approach_lane_offset": 0.0,
    "offset_approach": false,
    "obstacle_indices": [
      72,
      45
    ],
    "axis": 1,
    "other_mouth": [
      519.4249,
      967.1247
    ],
    "replacement_entry": [
      539.4249,
      967.1247
    ],
    "second_access_clear": true,
    "second_access_radius": 5.01,
    "bait_depth": 5.0,
    "boundary_indices": [],
    "geometric_replacement_access_only": true
  },
  "station_bait": true,
  "requested_seconds": 300.0,
  "seconds": 300.0,
  "reason": "horizon",
  "native_render": true,
  "reproduction_of": null,
  "record_every_ticks": 1,
  "replay_frames": 3001,
  "initial_predators": 1,
  "final_predators_total": 3,
  "tracked_predators_present_final": 1,
  "ambient_predators_spawned": 2,
  "ambient_predators_present_final": 2,
  "agent_energy_refilled": true,
  "predator_state_native": false,
  "predator_dynamics_native_after_setup": true,
  "arranged_adjacent_awake_start": true,
  "bait_id": 0,
  "guide_id": 1,
  "bait_alive": true,
  "guide_alive": false,
  "deaths": [
    {
      "time": 2.6,
      "agent_id": 1,
      "role": "parent_guide"
    }
  ],
  "spawn_requests": [],
  "child_births": [],
  "fruit_consumptions": [],
  "parent_fruit_consumed_before_tracked_encounter": 0,
  "tracked_encounter_times": [
    0.1
  ],
  "conditional_delivery_denominator": true,
  "conditional_delivery_status": "not_applicable",
  "setup_oracle": false,
  "setup_oracle_target": null,
  "setup_oracle_ticks": 0,
  "setup_oracle_routing": null,
  "setup_oracle_route_resets": 0,
  "setup_oracle_policy_reset_before_handoff_act": false,
  "setup_oracle_handoff_time": null,
  "dynamic_action_privilege_ended_at": null,
  "target_switches": [
    {
      "time": 0.1,
      "tracked_predator_slot": 0,
      "target": 1
    },
    {
      "time": 2.6,
      "tracked_predator_slot": 0,
      "target": null
    },
    {
      "time": 38.1,
      "tracked_predator_slot": 0,
      "target": "resting"
    },
    {
      "time": 41.6,
      "tracked_predator_slot": 0,
      "target": null
    },
    {
      "time": 51.0,
      "tracked_predator_slot": 0,
      "target": 0
    },
    {
      "time": 58.1,
      "tracked_predator_slot": 0,
      "target": "resting"
    },
    {
      "time": 61.6,
      "tracked_predator_slot": 0,
      "target": 0
    },
    {
      "time": 70.9,
      "tracked_predator_slot": 0,
      "target": "resting"
    },
    {
      "time": 74.4,
      "tracked_predator_slot": 0,
      "target": 0
    },
    {
      "time": 83.4,
      "tracked_predator_slot": 0,
      "target": "resting"
    },
    {
      "time": 86.9,
      "tracked_predator_slot": 0,
      "target": 0
    },
    {
      "time": 96.2,
      "tracked_predator_slot": 0,
      "target": "resting"
    },
    {
      "time": 99.7,
      "tracked_predator_slot": 0,
      "target": 0
    },
    {
      "time": 109.0,
      "tracked_predator_slot": 0,
      "target": "resting"
    },
    {
      "time": 112.5,
      "tracked_predator_slot": 0,
      "target": 0
    },
    {
      "time": 121.8,
      "tracked_predator_slot": 0,
      "target": "resting"
    },
    {
      "time": 125.3,
      "tracked_predator_slot": 0,
      "target": 0
    },
    {
      "time": 134.3,
      "tracked_predator_slot": 0,
      "target": "resting"
    },
    {
      "time": 137.8,
      "tracked_predator_slot": 0,
      "target": 0
    },
    {
      "time": 146.8,
      "tracked_predator_slot": 0,
      "target": "resting"
    },
    {
      "time": 150.3,
      "tracked_predator_slot": 0,
      "target": 0
    },
    {
      "time": 159.6,
      "tracked_predator_slot": 0,
      "target": "resting"
    },
    {
      "time": 163.1,
      "tracked_predator_slot": 0,
      "target": 0
    },
    {
      "time": 172.4,
      "tracked_predator_slot": 0,
      "target": "resting"
    },
    {
      "time": 175.9,
      "tracked_predator_slot": 0,
      "target": 0
    },
    {
      "time": 185.2,
      "tracked_predator_slot": 0,
      "target": "resting"
    },
    {
      "time": 188.7,
      "tracked_predator_slot": 0,
      "target": 0
    },
    {
      "time": 197.7,
      "tracked_predator_slot": 0,
      "target": "resting"
    },
    {
      "time": 201.2,
      "tracked_predator_slot": 0,
      "target": 0
    },
    {
      "time": 210.2,
      "tracked_predator_slot": 0,
      "target": "resting"
    },
    {
      "time": 213.7,
      "tracked_predator_slot": 0,
      "target": 0
    },
    {
      "time": 223.0,
      "tracked_predator_slot": 0,
      "target": "resting"
    },
    {
      "time": 226.5,
      "tracked_predator_slot": 0,
      "target": 0
    },
    {
      "time": 235.8,
      "tracked_predator_slot": 0,
      "target": "resting"
    },
    {
      "time": 239.3,
      "tracked_predator_slot": 0,
      "target": 0
    },
    {
      "time": 248.6,
      "tracked_predator_slot": 0,
      "target": "resting"
    },
    {
      "time": 252.1,
      "tracked_predator_slot": 0,
      "target": 0
    },
    {
      "time": 261.1,
      "tracked_predator_slot": 0,
      "target": "resting"
    },
    {
      "time": 264.6,
      "tracked_predator_slot": 0,
      "target": 0
    },
    {
      "time": 273.9,
      "tracked_predator_slot": 0,
      "target": "resting"
    },
    {
      "time": 277.4,
      "tracked_predator_slot": 0,
      "target": 0
    },
    {
      "time": 286.7,
      "tracked_predator_slot": 0,
      "target": "resting"
    },
    {
      "time": 290.2,
      "tracked_predator_slot": 0,
      "target": 0
    },
    {
      "time": 299.2,
      "tracked_predator_slot": 0,
      "target": "resting"
    }
  ],
  "guide_role_trace": [
    {
      "time": 0,
      "active_guide_id": 1
    }
  ],
  "guide_follow_trace": [
    {
      "time": 0.1,
      "active_guide_id": 1,
      "tracked_predator_slot": 0
    }
  ],
  "guide_role": "parent",
  "parent_role": "guide",
  "child_role": "gather_evade",
  "active_guide_id_final": 1,
  "active_guide_alive_final": false,
  "guide_role_ids": [
    1
  ],
  "bait_deployed_at": 0.1,
  "policy_bait_ready_final": false,
  "bait_left_after_deployment": null,
  "final_bait_distance_to_goal": 0.0,
  "first_guide_predator_observation": 0.1,
  "first_predator_following_guide": 0.1,
  "first_predator_following_active_guide": 0.1,
  "tracked_seen_by_guide": 1,
  "tracked_followed_active_guide": 1,
  "physical_entered": 1,
  "guided_delivered": 1,
  "physical_losses_after_delivery": 0,
  "target_losses_after_delivery": 0,
  "physical_entry_times": [
    52.5
  ],
  "guided_delivery_times": [
    52.5
  ],
  "loss_times": [
    null
  ],
  "target_loss_times": [
    null
  ],
  "tail_seconds": 30.0,
  "tail_physical_min": 1,
  "tail_contained_min": 1,
  "final_distance_from_mouth": [
    19.5189
  ],
  "max_distance_after_delivery": [
    24.921
  ],
  "policy_events": [],
  "success": true,
  "replay": "results/simple_chase/replays/real-map-Guide-m10224-f20224-p1-direct_guide-sitebait1-723d3cf0.json.gz"
}
/home/Ucals/projects/NordicCupAI-wall-funneling/survival-simulator/oscar-trap-research/survival/results/simple_chase/real-map-Guide-m10224-f20224-p1-direct_guide-sitebait1-723d3cf0.json
