Running as unit: run-p866651-i864161.scope; invocation ID: 6f7a88059c9b4231a187c864939f22ce
{"progress": "real-map-Guide-m10223-f20223-p1-direct_guide-sitebait1-a7d39a4f", "time": 10.0, "bait_deployed": 0.1, "policy_bait_ready": false, "encounter": 0.1, "oracle_handoff": null, "children": 0, "active_guide_id": 1, "guide_alive": true, "active_guide_alive": true, "guided_delivered": 0}
{"progress": "real-map-Guide-m10223-f20223-p1-direct_guide-sitebait1-a7d39a4f", "time": 20.0, "bait_deployed": 0.1, "policy_bait_ready": false, "encounter": 0.1, "oracle_handoff": null, "children": 0, "active_guide_id": 1, "guide_alive": true, "active_guide_alive": true, "guided_delivered": 0}
{"progress": "real-map-Guide-m10223-f20223-p1-direct_guide-sitebait1-a7d39a4f", "time": 30.0, "bait_deployed": 0.1, "policy_bait_ready": false, "encounter": 0.1, "oracle_handoff": null, "children": 0, "active_guide_id": 1, "guide_alive": true, "active_guide_alive": true, "guided_delivered": 0}
{"progress": "real-map-Guide-m10223-f20223-p1-direct_guide-sitebait1-a7d39a4f", "time": 40.0, "bait_deployed": 0.1, "policy_bait_ready": false, "encounter": 0.1, "oracle_handoff": null, "children": 0, "active_guide_id": 1, "guide_alive": false, "active_guide_alive": false, "guided_delivered": 0}
{"progress": "real-map-Guide-m10223-f20223-p1-direct_guide-sitebait1-a7d39a4f", "time": 50.0, "bait_deployed": 0.1, "policy_bait_ready": false, "encounter": 0.1, "oracle_handoff": null, "children": 0, "active_guide_id": 1, "guide_alive": false, "active_guide_alive": false, "guided_delivered": 1}
{"progress": "real-map-Guide-m10223-f20223-p1-direct_guide-sitebait1-a7d39a4f", "time": 60.0, "bait_deployed": 0.1, "policy_bait_ready": false, "encounter": 0.1, "oracle_handoff": null, "children": 0, "active_guide_id": 1, "guide_alive": false, "active_guide_alive": false, "guided_delivered": 1}
{"progress": "real-map-Guide-m10223-f20223-p1-direct_guide-sitebait1-a7d39a4f", "time": 70.0, "bait_deployed": 0.1, "policy_bait_ready": false, "encounter": 0.1, "oracle_handoff": null, "children": 0, "active_guide_id": 1, "guide_alive": false, "active_guide_alive": false, "guided_delivered": 1}
{"progress": "real-map-Guide-m10223-f20223-p1-direct_guide-sitebait1-a7d39a4f", "time": 80.0, "bait_deployed": 0.1, "policy_bait_ready": false, "encounter": 0.1, "oracle_handoff": null, "children": 0, "active_guide_id": 1, "guide_alive": false, "active_guide_alive": false, "guided_delivered": 1}
{"progress": "real-map-Guide-m10223-f20223-p1-direct_guide-sitebait1-a7d39a4f", "time": 90.0, "bait_deployed": 0.1, "policy_bait_ready": false, "encounter": 0.1, "oracle_handoff": null, "children": 0, "active_guide_id": 1, "guide_alive": false, "active_guide_alive": false, "guided_delivered": 1}
{"progress": "real-map-Guide-m10223-f20223-p1-direct_guide-sitebait1-a7d39a4f", "time": 100.0, "bait_deployed": 0.1, "policy_bait_ready": false, "encounter": 0.1, "oracle_handoff": null, "children": 0, "active_guide_id": 1, "guide_alive": false, "active_guide_alive": false, "guided_delivered": 1}
{"progress": "real-map-Guide-m10223-f20223-p1-direct_guide-sitebait1-a7d39a4f", "time": 110.0, "bait_deployed": 0.1, "policy_bait_ready": false, "encounter": 0.1, "oracle_handoff": null, "children": 0, "active_guide_id": 1, "guide_alive": false, "active_guide_alive": false, "guided_delivered": 1}
{"progress": "real-map-Guide-m10223-f20223-p1-direct_guide-sitebait1-a7d39a4f", "time": 120.0, "bait_deployed": 0.1, "policy_bait_ready": false, "encounter": 0.1, "oracle_handoff": null, "children": 0, "active_guide_id": 1, "guide_alive": false, "active_guide_alive": false, "guided_delivered": 1}
{"progress": "real-map-Guide-m10223-f20223-p1-direct_guide-sitebait1-a7d39a4f", "time": 130.0, "bait_deployed": 0.1, "policy_bait_ready": false, "encounter": 0.1, "oracle_handoff": null, "children": 0, "active_guide_id": 1, "guide_alive": false, "active_guide_alive": false, "guided_delivered": 1}
{"progress": "real-map-Guide-m10223-f20223-p1-direct_guide-sitebait1-a7d39a4f", "time": 140.0, "bait_deployed": 0.1, "policy_bait_ready": false, "encounter": 0.1, "oracle_handoff": null, "children": 0, "active_guide_id": 1, "guide_alive": false, "active_guide_alive": false, "guided_delivered": 1}
{"progress": "real-map-Guide-m10223-f20223-p1-direct_guide-sitebait1-a7d39a4f", "time": 150.0, "bait_deployed": 0.1, "policy_bait_ready": false, "encounter": 0.1, "oracle_handoff": null, "children": 0, "active_guide_id": 1, "guide_alive": false, "active_guide_alive": false, "guided_delivered": 1}
{"progress": "real-map-Guide-m10223-f20223-p1-direct_guide-sitebait1-a7d39a4f", "time": 160.0, "bait_deployed": 0.1, "policy_bait_ready": false, "encounter": 0.1, "oracle_handoff": null, "children": 0, "active_guide_id": 1, "guide_alive": false, "active_guide_alive": false, "guided_delivered": 1}
{"progress": "real-map-Guide-m10223-f20223-p1-direct_guide-sitebait1-a7d39a4f", "time": 170.0, "bait_deployed": 0.1, "policy_bait_ready": false, "encounter": 0.1, "oracle_handoff": null, "children": 0, "active_guide_id": 1, "guide_alive": false, "active_guide_alive": false, "guided_delivered": 1}
{"progress": "real-map-Guide-m10223-f20223-p1-direct_guide-sitebait1-a7d39a4f", "time": 180.0, "bait_deployed": 0.1, "policy_bait_ready": false, "encounter": 0.1, "oracle_handoff": null, "children": 0, "active_guide_id": 1, "guide_alive": false, "active_guide_alive": false, "guided_delivered": 1}
{"progress": "real-map-Guide-m10223-f20223-p1-direct_guide-sitebait1-a7d39a4f", "time": 190.0, "bait_deployed": 0.1, "policy_bait_ready": false, "encounter": 0.1, "oracle_handoff": null, "children": 0, "active_guide_id": 1, "guide_alive": false, "active_guide_alive": false, "guided_delivered": 1}
{"progress": "real-map-Guide-m10223-f20223-p1-direct_guide-sitebait1-a7d39a4f", "time": 200.0, "bait_deployed": 0.1, "policy_bait_ready": false, "encounter": 0.1, "oracle_handoff": null, "children": 0, "active_guide_id": 1, "guide_alive": false, "active_guide_alive": false, "guided_delivered": 1}
{"progress": "real-map-Guide-m10223-f20223-p1-direct_guide-sitebait1-a7d39a4f", "time": 210.0, "bait_deployed": 0.1, "policy_bait_ready": false, "encounter": 0.1, "oracle_handoff": null, "children": 0, "active_guide_id": 1, "guide_alive": false, "active_guide_alive": false, "guided_delivered": 1}
{"progress": "real-map-Guide-m10223-f20223-p1-direct_guide-sitebait1-a7d39a4f", "time": 220.0, "bait_deployed": 0.1, "policy_bait_ready": false, "encounter": 0.1, "oracle_handoff": null, "children": 0, "active_guide_id": 1, "guide_alive": false, "active_guide_alive": false, "guided_delivered": 1}
{"progress": "real-map-Guide-m10223-f20223-p1-direct_guide-sitebait1-a7d39a4f", "time": 230.0, "bait_deployed": 0.1, "policy_bait_ready": false, "encounter": 0.1, "oracle_handoff": null, "children": 0, "active_guide_id": 1, "guide_alive": false, "active_guide_alive": false, "guided_delivered": 1}
{"progress": "real-map-Guide-m10223-f20223-p1-direct_guide-sitebait1-a7d39a4f", "time": 240.0, "bait_deployed": 0.1, "policy_bait_ready": false, "encounter": 0.1, "oracle_handoff": null, "children": 0, "active_guide_id": 1, "guide_alive": false, "active_guide_alive": false, "guided_delivered": 1}
{"progress": "real-map-Guide-m10223-f20223-p1-direct_guide-sitebait1-a7d39a4f", "time": 250.0, "bait_deployed": 0.1, "policy_bait_ready": false, "encounter": 0.1, "oracle_handoff": null, "children": 0, "active_guide_id": 1, "guide_alive": false, "active_guide_alive": false, "guided_delivered": 1}
{"progress": "real-map-Guide-m10223-f20223-p1-direct_guide-sitebait1-a7d39a4f", "time": 260.0, "bait_deployed": 0.1, "policy_bait_ready": false, "encounter": 0.1, "oracle_handoff": null, "children": 0, "active_guide_id": 1, "guide_alive": false, "active_guide_alive": false, "guided_delivered": 1}
{"progress": "real-map-Guide-m10223-f20223-p1-direct_guide-sitebait1-a7d39a4f", "time": 270.0, "bait_deployed": 0.1, "policy_bait_ready": false, "encounter": 0.1, "oracle_handoff": null, "children": 0, "active_guide_id": 1, "guide_alive": false, "active_guide_alive": false, "guided_delivered": 1}
{"progress": "real-map-Guide-m10223-f20223-p1-direct_guide-sitebait1-a7d39a4f", "time": 280.0, "bait_deployed": 0.1, "policy_bait_ready": false, "encounter": 0.1, "oracle_handoff": null, "children": 0, "active_guide_id": 1, "guide_alive": false, "active_guide_alive": false, "guided_delivered": 1}
{"progress": "real-map-Guide-m10223-f20223-p1-direct_guide-sitebait1-a7d39a4f", "time": 290.0, "bait_deployed": 0.1, "policy_bait_ready": false, "encounter": 0.1, "oracle_handoff": null, "children": 0, "active_guide_id": 1, "guide_alive": false, "active_guide_alive": false, "guided_delivered": 1}
{"progress": "real-map-Guide-m10223-f20223-p1-direct_guide-sitebait1-a7d39a4f", "time": 300.0, "bait_deployed": 0.1, "policy_bait_ready": false, "encounter": 0.1, "oracle_handoff": null, "children": 0, "active_guide_id": 1, "guide_alive": false, "active_guide_alive": false, "guided_delivered": 1}
{"viewer_manifest_refresh": {"status": "deferred", "reason": "bounded-memory runs defer full-replay viewer processing"}}
{
  "schema": "real-map-intake-result-v2",
  "policy": "integrated_guide.policy_v30_wide_route:Guide",
  "policy_hash": "fd56a3bdfb35bf92c443a79f6cd954aa2dc6aa9c4fbe5d90ec309647771f9b0c",
  "harness_hashes": {
    "research/simple_chase/run_streaming_v2.py": "837e02b05d1ba3af71df0949cb30beb18a8b2844f090f8b383c692192c52719a",
    "research/simple_chase/sampling.py": "1efb7d309c4cc79bc87916c1bea72a7845e78d0c2cdf0aeaf9e2a758ceed48ab",
    "research/simple_chase/static_map.py": "197b16cbe9dd2e3dd06b81fe9481986a97bd92d9c2a55f33597cc9b7280faf3c",
    "debugger/streaming_recorder_v2.py": "d5ecda6bb39ec74a9ad86fb20458df5de7f466d73052558af9e2877be3d99b19"
  },
  "mode": "direct_guide",
  "map_seed": 10223,
  "fixture_seed": 20223,
  "static_map_hash": "54c0e8a115dafb1c559f3f75ba1ed3ce68863c276cb0039611b9b71868ef7139",
  "site": {
    "mouth": [
      961.6209,
      152.5238
    ],
    "inward": [
      1.0,
      0.0
    ],
    "cross": [
      -0.0,
      1.0
    ],
    "goal": [
      966.6209,
      152.5238
    ],
    "far": [
      836.6209,
      152.5238
    ],
    "hold": [
      886.6209,
      152.5238
    ],
    "gap": 18.1995,
    "overlap": 32.5059,
    "runup": [
      711.6209,
      152.5238
    ],
    "approach_lane_offset": 0.0,
    "offset_approach": false,
    "obstacle_indices": [
      50,
      26
    ],
    "axis": 1,
    "other_mouth": [
      994.1268,
      152.5238
    ],
    "replacement_entry": [
      1014.1268,
      152.5238
    ],
    "second_access_clear": true,
    "second_access_radius": 5.01,
    "bait_depth": 5.0,
    "boundary_indices": [],
    "geometric_replacement_access_only": true
  },
  "station_bait": true,
  "requested_seconds": 300.0,
  "seconds": 300.0,
  "reason": "horizon",
  "native_render": true,
  "reproduction_of": null,
  "record_every_ticks": 1,
  "replay_frames": 3001,
  "initial_predators": 1,
  "final_predators_total": 3,
  "tracked_predators_present_final": 1,
  "ambient_predators_spawned": 2,
  "ambient_predators_present_final": 2,
  "agent_energy_refilled": true,
  "predator_state_native": false,
  "predator_dynamics_native_after_setup": true,
  "arranged_adjacent_awake_start": true,
  "bait_id": 0,
  "guide_id": 1,
  "bait_alive": true,
  "guide_alive": false,
  "deaths": [
    {
      "time": 39.2,
      "agent_id": 1,
      "role": "parent_guide"
    }
  ],
  "spawn_requests": [],
  "child_births": [],
  "fruit_consumptions": [
    {
      "time": 30.9,
      "agent_id": 1,
      "x": 736.5556,
      "y": 146.6798
    },
    {
      "time": 33.4,
      "agent_id": 1,
      "x": 754.2918,
      "y": 166.1291
    },
    {
      "time": 36.2,
      "agent_id": 1,
      "x": 682.5388,
      "y": 96.5631
    }
  ],
  "parent_fruit_consumed_before_tracked_encounter": 0,
  "tracked_encounter_times": [
    0.1
  ],
  "conditional_delivery_denominator": true,
  "conditional_delivery_status": "not_applicable",
  "setup_oracle": false,
  "setup_oracle_target": null,
  "setup_oracle_ticks": 0,
  "setup_oracle_routing": null,
  "setup_oracle_route_resets": 0,
  "setup_oracle_policy_reset_before_handoff_act": false,
  "setup_oracle_handoff_time": null,
  "dynamic_action_privilege_ended_at": null,
  "target_switches": [
    {
      "time": 0.1,
      "tracked_predator_slot": 0,
      "target": 1
    },
    {
      "time": 0.7,
      "tracked_predator_slot": 0,
      "target": null
    },
    {
      "time": 0.8,
      "tracked_predator_slot": 0,
      "target": 1
    },
    {
      "time": 5.1,
      "tracked_predator_slot": 0,
      "target": null
    },
    {
      "time": 5.5,
      "tracked_predator_slot": 0,
      "target": 1
    },
    {
      "time": 6.2,
      "tracked_predator_slot": 0,
      "target": null
    },
    {
      "time": 6.3,
      "tracked_predator_slot": 0,
      "target": 1
    },
    {
      "time": 6.4,
      "tracked_predator_slot": 0,
      "target": null
    },
    {
      "time": 7.4,
      "tracked_predator_slot": 0,
      "target": 1
    },
    {
      "time": 9.7,
      "tracked_predator_slot": 0,
      "target": null
    },
    {
      "time": 9.9,
      "tracked_predator_slot": 0,
      "target": 1
    },
    {
      "time": 10.0,
      "tracked_predator_slot": 0,
      "target": null
    },
    {
      "time": 10.1,
      "tracked_predator_slot": 0,
      "target": 1
    },
    {
      "time": 10.3,
      "tracked_predator_slot": 0,
      "target": null
    },
    {
      "time": 10.8,
      "tracked_predator_slot": 0,
      "target": 1
    },
    {
      "time": 10.9,
      "tracked_predator_slot": 0,
      "target": null
    },
    {
      "time": 11.0,
      "tracked_predator_slot": 0,
      "target": 1
    },
    {
      "time": 11.3,
      "tracked_predator_slot": 0,
      "target": null
    },
    {
      "time": 11.9,
      "tracked_predator_slot": 0,
      "target": 1
    },
    {
      "time": 12.0,
      "tracked_predator_slot": 0,
      "target": null
    },
    {
      "time": 12.1,
      "tracked_predator_slot": 0,
      "target": 1
    },
    {
      "time": 12.2,
      "tracked_predator_slot": 0,
      "target": null
    },
    {
      "time": 12.7,
      "tracked_predator_slot": 0,
      "target": 1
    },
    {
      "time": 12.9,
      "tracked_predator_slot": 0,
      "target": null
    },
    {
      "time": 13.0,
      "tracked_predator_slot": 0,
      "target": 1
    },
    {
      "time": 13.4,
      "tracked_predator_slot": 0,
      "target": null
    },
    {
      "time": 13.5,
      "tracked_predator_slot": 0,
      "target": 1
    },
    {
      "time": 13.8,
      "tracked_predator_slot": 0,
      "target": null
    },
    {
      "time": 13.9,
      "tracked_predator_slot": 0,
      "target": 1
    },
    {
      "time": 14.1,
      "tracked_predator_slot": 0,
      "target": "resting"
    },
    {
      "time": 17.6,
      "tracked_predator_slot": 0,
      "target": 1
    },
    {
      "time": 26.3,
      "tracked_predator_slot": 0,
      "target": null
    },
    {
      "time": 26.6,
      "tracked_predator_slot": 0,
      "target": 1
    },
    {
      "time": 26.7,
      "tracked_predator_slot": 0,
      "target": null
    },
    {
      "time": 26.8,
      "tracked_predator_slot": 0,
      "target": 1
    },
    {
      "time": 27.1,
      "tracked_predator_slot": 0,
      "target": "resting"
    },
    {
      "time": 30.6,
      "tracked_predator_slot": 0,
      "target": null
    },
    {
      "time": 31.1,
      "tracked_predator_slot": 0,
      "target": 1
    },
    {
      "time": 31.3,
      "tracked_predator_slot": 0,
      "target": 0
    },
    {
      "time": 31.7,
      "tracked_predator_slot": 0,
      "target": 1
    },
    {
      "time": 31.9,
      "tracked_predator_slot": 0,
      "target": null
    },
    {
      "time": 32.2,
      "tracked_predator_slot": 0,
      "target": 1
    },
    {
      "time": 33.5,
      "tracked_predator_slot": 0,
      "target": null
    },
    {
      "time": 33.9,
      "tracked_predator_slot": 0,
      "target": 1
    },
    {
      "time": 34.6,
      "tracked_predator_slot": 0,
      "target": null
    },
    {
      "time": 34.8,
      "tracked_predator_slot": 0,
      "target": 1
    },
    {
      "time": 39.2,
      "tracked_predator_slot": 0,
      "target": 0
    },
    {
      "time": 52.1,
      "tracked_predator_slot": 0,
      "target": "resting"
    },
    {
      "time": 55.6,
      "tracked_predator_slot": 0,
      "target": 0
    },
    {
      "time": 64.9,
      "tracked_predator_slot": 0,
      "target": "resting"
    },
    {
      "time": 68.4,
      "tracked_predator_slot": 0,
      "target": 0
    },
    {
      "time": 77.7,
      "tracked_predator_slot": 0,
      "target": "resting"
    },
    {
      "time": 81.2,
      "tracked_predator_slot": 0,
      "target": 0
    },
    {
      "time": 90.5,
      "tracked_predator_slot": 0,
      "target": "resting"
    },
    {
      "time": 94.0,
      "tracked_predator_slot": 0,
      "target": 0
    },
    {
      "time": 103.2,
      "tracked_predator_slot": 0,
      "target": "resting"
    },
    {
      "time": 106.7,
      "tracked_predator_slot": 0,
      "target": 0
    },
    {
      "time": 115.7,
      "tracked_predator_slot": 0,
      "target": "resting"
    },
    {
      "time": 119.2,
      "tracked_predator_slot": 0,
      "target": 0
    },
    {
      "time": 128.5,
      "tracked_predator_slot": 0,
      "target": "resting"
    },
    {
      "time": 132.0,
      "tracked_predator_slot": 0,
      "target": 0
    },
    {
      "time": 141.0,
      "tracked_predator_slot": 0,
      "target": "resting"
    },
    {
      "time": 144.5,
      "tracked_predator_slot": 0,
      "target": 0
    },
    {
      "time": 153.8,
      "tracked_predator_slot": 0,
      "target": "resting"
    },
    {
      "time": 157.3,
      "tracked_predator_slot": 0,
      "target": 0
    },
    {
      "time": 166.6,
      "tracked_predator_slot": 0,
      "target": "resting"
    },
    {
      "time": 170.1,
      "tracked_predator_slot": 0,
      "target": 0
    },
    {
      "time": 179.4,
      "tracked_predator_slot": 0,
      "target": "resting"
    },
    {
      "time": 182.9,
      "tracked_predator_slot": 0,
      "target": 0
    },
    {
      "time": 192.2,
      "tracked_predator_slot": 0,
      "target": "resting"
    },
    {
      "time": 195.7,
      "tracked_predator_slot": 0,
      "target": 0
    },
    {
      "time": 204.9,
      "tracked_predator_slot": 0,
      "target": "resting"
    },
    {
      "time": 208.4,
      "tracked_predator_slot": 0,
      "target": 0
    },
    {
      "time": 217.4,
      "tracked_predator_slot": 0,
      "target": "resting"
    },
    {
      "time": 220.9,
      "tracked_predator_slot": 0,
      "target": 0
    },
    {
      "time": 230.2,
      "tracked_predator_slot": 0,
      "target": "resting"
    },
    {
      "time": 233.7,
      "tracked_predator_slot": 0,
      "target": 0
    },
    {
      "time": 243.0,
      "tracked_predator_slot": 0,
      "target": "resting"
    },
    {
      "time": 246.5,
      "tracked_predator_slot": 0,
      "target": 0
    },
    {
      "time": 255.8,
      "tracked_predator_slot": 0,
      "target": "resting"
    },
    {
      "time": 259.3,
      "tracked_predator_slot": 0,
      "target": 0
    },
    {
      "time": 268.6,
      "tracked_predator_slot": 0,
      "target": "resting"
    },
    {
      "time": 272.1,
      "tracked_predator_slot": 0,
      "target": 0
    },
    {
      "time": 281.3,
      "tracked_predator_slot": 0,
      "target": "resting"
    },
    {
      "time": 284.8,
      "tracked_predator_slot": 0,
      "target": 0
    },
    {
      "time": 293.8,
      "tracked_predator_slot": 0,
      "target": "resting"
    },
    {
      "time": 297.3,
      "tracked_predator_slot": 0,
      "target": 0
    }
  ],
  "guide_role_trace": [
    {
      "time": 0,
      "active_guide_id": 1
    }
  ],
  "guide_follow_trace": [
    {
      "time": 0.1,
      "active_guide_id": 1,
      "tracked_predator_slot": 0
    }
  ],
  "guide_role": "parent",
  "parent_role": "guide",
  "child_role": "gather_evade",
  "active_guide_id_final": 1,
  "active_guide_alive_final": false,
  "guide_role_ids": [
    1
  ],
  "bait_deployed_at": 0.1,
  "policy_bait_ready_final": false,
  "bait_left_after_deployment": null,
  "final_bait_distance_to_goal": 0.0,
  "first_guide_predator_observation": 0.1,
  "first_predator_following_guide": 0.1,
  "first_predator_following_active_guide": 0.1,
  "tracked_seen_by_guide": 1,
  "tracked_followed_active_guide": 1,
  "physical_entered": 1,
  "guided_delivered": 1,
  "physical_losses_after_delivery": 0,
  "target_losses_after_delivery": 0,
  "physical_entry_times": [
    39.3
  ],
  "guided_delivery_times": [
    39.3
  ],
  "loss_times": [
    null
  ],
  "target_loss_times": [
    null
  ],
  "tail_seconds": 30.0,
  "tail_physical_min": 1,
  "tail_contained_min": 1,
  "final_distance_from_mouth": [
    18.399
  ],
  "max_distance_after_delivery": [
    20.3499
  ],
  "policy_events": [],
  "success": true,
  "replay": "results/simple_chase/replays/real-map-Guide-m10223-f20223-p1-direct_guide-sitebait1-a7d39a4f.json.gz"
}
/home/Ucals/projects/NordicCupAI-wall-funneling/survival-simulator/oscar-trap-research/survival/results/simple_chase/real-map-Guide-m10223-f20223-p1-direct_guide-sitebait1-a7d39a4f.json
