Running as unit: run-p866100-i871814.scope; invocation ID: b25c70ca8520458ea37939b1cead8045
{"progress": "real-map-Guide-m10222-f20222-p1-direct_guide-sitebait1-cdf270ff", "time": 10.0, "bait_deployed": 0.1, "policy_bait_ready": false, "encounter": 0.1, "oracle_handoff": null, "children": 0, "active_guide_id": 1, "guide_alive": true, "active_guide_alive": true, "guided_delivered": 0}
{"progress": "real-map-Guide-m10222-f20222-p1-direct_guide-sitebait1-cdf270ff", "time": 20.0, "bait_deployed": 0.1, "policy_bait_ready": false, "encounter": 0.1, "oracle_handoff": null, "children": 0, "active_guide_id": 1, "guide_alive": true, "active_guide_alive": true, "guided_delivered": 0}
{"progress": "real-map-Guide-m10222-f20222-p1-direct_guide-sitebait1-cdf270ff", "time": 30.0, "bait_deployed": 0.1, "policy_bait_ready": false, "encounter": 0.1, "oracle_handoff": null, "children": 0, "active_guide_id": 1, "guide_alive": true, "active_guide_alive": true, "guided_delivered": 0}
{"progress": "real-map-Guide-m10222-f20222-p1-direct_guide-sitebait1-cdf270ff", "time": 40.0, "bait_deployed": 0.1, "policy_bait_ready": false, "encounter": 0.1, "oracle_handoff": null, "children": 0, "active_guide_id": 1, "guide_alive": false, "active_guide_alive": false, "guided_delivered": 1}
{"progress": "real-map-Guide-m10222-f20222-p1-direct_guide-sitebait1-cdf270ff", "time": 50.0, "bait_deployed": 0.1, "policy_bait_ready": false, "encounter": 0.1, "oracle_handoff": null, "children": 0, "active_guide_id": 1, "guide_alive": false, "active_guide_alive": false, "guided_delivered": 1}
{"progress": "real-map-Guide-m10222-f20222-p1-direct_guide-sitebait1-cdf270ff", "time": 60.0, "bait_deployed": 0.1, "policy_bait_ready": false, "encounter": 0.1, "oracle_handoff": null, "children": 0, "active_guide_id": 1, "guide_alive": false, "active_guide_alive": false, "guided_delivered": 1}
{"progress": "real-map-Guide-m10222-f20222-p1-direct_guide-sitebait1-cdf270ff", "time": 70.0, "bait_deployed": 0.1, "policy_bait_ready": false, "encounter": 0.1, "oracle_handoff": null, "children": 0, "active_guide_id": 1, "guide_alive": false, "active_guide_alive": false, "guided_delivered": 1}
{"progress": "real-map-Guide-m10222-f20222-p1-direct_guide-sitebait1-cdf270ff", "time": 80.0, "bait_deployed": 0.1, "policy_bait_ready": false, "encounter": 0.1, "oracle_handoff": null, "children": 0, "active_guide_id": 1, "guide_alive": false, "active_guide_alive": false, "guided_delivered": 1}
{"progress": "real-map-Guide-m10222-f20222-p1-direct_guide-sitebait1-cdf270ff", "time": 90.0, "bait_deployed": 0.1, "policy_bait_ready": false, "encounter": 0.1, "oracle_handoff": null, "children": 0, "active_guide_id": 1, "guide_alive": false, "active_guide_alive": false, "guided_delivered": 1}
{"progress": "real-map-Guide-m10222-f20222-p1-direct_guide-sitebait1-cdf270ff", "time": 100.0, "bait_deployed": 0.1, "policy_bait_ready": false, "encounter": 0.1, "oracle_handoff": null, "children": 0, "active_guide_id": 1, "guide_alive": false, "active_guide_alive": false, "guided_delivered": 1}
{"progress": "real-map-Guide-m10222-f20222-p1-direct_guide-sitebait1-cdf270ff", "time": 110.0, "bait_deployed": 0.1, "policy_bait_ready": false, "encounter": 0.1, "oracle_handoff": null, "children": 0, "active_guide_id": 1, "guide_alive": false, "active_guide_alive": false, "guided_delivered": 1}
{"progress": "real-map-Guide-m10222-f20222-p1-direct_guide-sitebait1-cdf270ff", "time": 120.0, "bait_deployed": 0.1, "policy_bait_ready": false, "encounter": 0.1, "oracle_handoff": null, "children": 0, "active_guide_id": 1, "guide_alive": false, "active_guide_alive": false, "guided_delivered": 1}
{"progress": "real-map-Guide-m10222-f20222-p1-direct_guide-sitebait1-cdf270ff", "time": 130.0, "bait_deployed": 0.1, "policy_bait_ready": false, "encounter": 0.1, "oracle_handoff": null, "children": 0, "active_guide_id": 1, "guide_alive": false, "active_guide_alive": false, "guided_delivered": 1}
{"progress": "real-map-Guide-m10222-f20222-p1-direct_guide-sitebait1-cdf270ff", "time": 140.0, "bait_deployed": 0.1, "policy_bait_ready": false, "encounter": 0.1, "oracle_handoff": null, "children": 0, "active_guide_id": 1, "guide_alive": false, "active_guide_alive": false, "guided_delivered": 1}
{"progress": "real-map-Guide-m10222-f20222-p1-direct_guide-sitebait1-cdf270ff", "time": 150.0, "bait_deployed": 0.1, "policy_bait_ready": false, "encounter": 0.1, "oracle_handoff": null, "children": 0, "active_guide_id": 1, "guide_alive": false, "active_guide_alive": false, "guided_delivered": 1}
{"progress": "real-map-Guide-m10222-f20222-p1-direct_guide-sitebait1-cdf270ff", "time": 160.0, "bait_deployed": 0.1, "policy_bait_ready": false, "encounter": 0.1, "oracle_handoff": null, "children": 0, "active_guide_id": 1, "guide_alive": false, "active_guide_alive": false, "guided_delivered": 1}
{"progress": "real-map-Guide-m10222-f20222-p1-direct_guide-sitebait1-cdf270ff", "time": 170.0, "bait_deployed": 0.1, "policy_bait_ready": false, "encounter": 0.1, "oracle_handoff": null, "children": 0, "active_guide_id": 1, "guide_alive": false, "active_guide_alive": false, "guided_delivered": 1}
{"progress": "real-map-Guide-m10222-f20222-p1-direct_guide-sitebait1-cdf270ff", "time": 180.0, "bait_deployed": 0.1, "policy_bait_ready": false, "encounter": 0.1, "oracle_handoff": null, "children": 0, "active_guide_id": 1, "guide_alive": false, "active_guide_alive": false, "guided_delivered": 1}
{"progress": "real-map-Guide-m10222-f20222-p1-direct_guide-sitebait1-cdf270ff", "time": 190.0, "bait_deployed": 0.1, "policy_bait_ready": false, "encounter": 0.1, "oracle_handoff": null, "children": 0, "active_guide_id": 1, "guide_alive": false, "active_guide_alive": false, "guided_delivered": 1}
{"progress": "real-map-Guide-m10222-f20222-p1-direct_guide-sitebait1-cdf270ff", "time": 200.0, "bait_deployed": 0.1, "policy_bait_ready": false, "encounter": 0.1, "oracle_handoff": null, "children": 0, "active_guide_id": 1, "guide_alive": false, "active_guide_alive": false, "guided_delivered": 1}
{"progress": "real-map-Guide-m10222-f20222-p1-direct_guide-sitebait1-cdf270ff", "time": 210.0, "bait_deployed": 0.1, "policy_bait_ready": false, "encounter": 0.1, "oracle_handoff": null, "children": 0, "active_guide_id": 1, "guide_alive": false, "active_guide_alive": false, "guided_delivered": 1}
{"progress": "real-map-Guide-m10222-f20222-p1-direct_guide-sitebait1-cdf270ff", "time": 220.0, "bait_deployed": 0.1, "policy_bait_ready": false, "encounter": 0.1, "oracle_handoff": null, "children": 0, "active_guide_id": 1, "guide_alive": false, "active_guide_alive": false, "guided_delivered": 1}
{"progress": "real-map-Guide-m10222-f20222-p1-direct_guide-sitebait1-cdf270ff", "time": 230.0, "bait_deployed": 0.1, "policy_bait_ready": false, "encounter": 0.1, "oracle_handoff": null, "children": 0, "active_guide_id": 1, "guide_alive": false, "active_guide_alive": false, "guided_delivered": 1}
{"progress": "real-map-Guide-m10222-f20222-p1-direct_guide-sitebait1-cdf270ff", "time": 240.0, "bait_deployed": 0.1, "policy_bait_ready": false, "encounter": 0.1, "oracle_handoff": null, "children": 0, "active_guide_id": 1, "guide_alive": false, "active_guide_alive": false, "guided_delivered": 1}
{"progress": "real-map-Guide-m10222-f20222-p1-direct_guide-sitebait1-cdf270ff", "time": 250.0, "bait_deployed": 0.1, "policy_bait_ready": false, "encounter": 0.1, "oracle_handoff": null, "children": 0, "active_guide_id": 1, "guide_alive": false, "active_guide_alive": false, "guided_delivered": 1}
{"progress": "real-map-Guide-m10222-f20222-p1-direct_guide-sitebait1-cdf270ff", "time": 260.0, "bait_deployed": 0.1, "policy_bait_ready": false, "encounter": 0.1, "oracle_handoff": null, "children": 0, "active_guide_id": 1, "guide_alive": false, "active_guide_alive": false, "guided_delivered": 1}
{"progress": "real-map-Guide-m10222-f20222-p1-direct_guide-sitebait1-cdf270ff", "time": 270.0, "bait_deployed": 0.1, "policy_bait_ready": false, "encounter": 0.1, "oracle_handoff": null, "children": 0, "active_guide_id": 1, "guide_alive": false, "active_guide_alive": false, "guided_delivered": 1}
{"progress": "real-map-Guide-m10222-f20222-p1-direct_guide-sitebait1-cdf270ff", "time": 280.0, "bait_deployed": 0.1, "policy_bait_ready": false, "encounter": 0.1, "oracle_handoff": null, "children": 0, "active_guide_id": 1, "guide_alive": false, "active_guide_alive": false, "guided_delivered": 1}
{"progress": "real-map-Guide-m10222-f20222-p1-direct_guide-sitebait1-cdf270ff", "time": 290.0, "bait_deployed": 0.1, "policy_bait_ready": false, "encounter": 0.1, "oracle_handoff": null, "children": 0, "active_guide_id": 1, "guide_alive": false, "active_guide_alive": false, "guided_delivered": 1}
{"progress": "real-map-Guide-m10222-f20222-p1-direct_guide-sitebait1-cdf270ff", "time": 300.0, "bait_deployed": 0.1, "policy_bait_ready": false, "encounter": 0.1, "oracle_handoff": null, "children": 0, "active_guide_id": 1, "guide_alive": false, "active_guide_alive": false, "guided_delivered": 1}
{"viewer_manifest_refresh": {"status": "deferred", "reason": "bounded-memory runs defer full-replay viewer processing"}}
{
  "schema": "real-map-intake-result-v2",
  "policy": "integrated_guide.policy_v30_wide_route:Guide",
  "policy_hash": "fd56a3bdfb35bf92c443a79f6cd954aa2dc6aa9c4fbe5d90ec309647771f9b0c",
  "harness_hashes": {
    "research/simple_chase/run_streaming_v2.py": "837e02b05d1ba3af71df0949cb30beb18a8b2844f090f8b383c692192c52719a",
    "research/simple_chase/sampling.py": "1efb7d309c4cc79bc87916c1bea72a7845e78d0c2cdf0aeaf9e2a758ceed48ab",
    "research/simple_chase/static_map.py": "197b16cbe9dd2e3dd06b81fe9481986a97bd92d9c2a55f33597cc9b7280faf3c",
    "debugger/streaming_recorder_v2.py": "d5ecda6bb39ec74a9ad86fb20458df5de7f466d73052558af9e2877be3d99b19"
  },
  "mode": "direct_guide",
  "map_seed": 10222,
  "fixture_seed": 20222,
  "static_map_hash": "f63a0dd13ed012bfcb75ac934d44e0ce18c59ad41b9a3204b6a2569c03342d02",
  "site": {
    "mouth": [
      464.5278,
      1163.4444
    ],
    "inward": [
      1.0,
      0.0
    ],
    "cross": [
      -0.0,
      1.0
    ],
    "goal": [
      469.5278,
      1163.4444
    ],
    "far": [
      339.5278,
      1157.4444
    ],
    "hold": [
      389.5278,
      1157.4444
    ],
    "gap": 13.1112,
    "overlap": 99.0679,
    "runup": [
      214.5278,
      1157.4444
    ],
    "approach_lane_offset": -6.0,
    "offset_approach": true,
    "obstacle_indices": [
      65,
      1
    ],
    "axis": 1,
    "other_mouth": [
      563.5957,
      1163.4444
    ],
    "replacement_entry": [
      583.5957,
      1163.4444
    ],
    "second_access_clear": true,
    "second_access_radius": 5.01,
    "bait_depth": 5.0,
    "boundary_indices": [
      1
    ],
    "geometric_replacement_access_only": true
  },
  "station_bait": true,
  "requested_seconds": 300.0,
  "seconds": 300.0,
  "reason": "horizon",
  "native_render": true,
  "reproduction_of": null,
  "record_every_ticks": 1,
  "replay_frames": 3001,
  "initial_predators": 1,
  "final_predators_total": 3,
  "tracked_predators_present_final": 1,
  "ambient_predators_spawned": 2,
  "ambient_predators_present_final": 2,
  "agent_energy_refilled": true,
  "predator_state_native": false,
  "predator_dynamics_native_after_setup": true,
  "arranged_adjacent_awake_start": true,
  "bait_id": 0,
  "guide_id": 1,
  "bait_alive": true,
  "guide_alive": false,
  "deaths": [
    {
      "time": 33.8,
      "agent_id": 1,
      "role": "parent_guide"
    }
  ],
  "spawn_requests": [],
  "child_births": [],
  "fruit_consumptions": [
    {
      "time": 4.5,
      "agent_id": 1,
      "x": 861.2367,
      "y": 967.0453
    },
    {
      "time": 12.8,
      "agent_id": 1,
      "x": 648.6868,
      "y": 930.99
    },
    {
      "time": 32.5,
      "agent_id": 1,
      "x": 367.644,
      "y": 1144.7169
    }
  ],
  "parent_fruit_consumed_before_tracked_encounter": 0,
  "tracked_encounter_times": [
    0.1
  ],
  "conditional_delivery_denominator": true,
  "conditional_delivery_status": "not_applicable",
  "setup_oracle": false,
  "setup_oracle_target": null,
  "setup_oracle_ticks": 0,
  "setup_oracle_routing": null,
  "setup_oracle_route_resets": 0,
  "setup_oracle_policy_reset_before_handoff_act": false,
  "setup_oracle_handoff_time": null,
  "dynamic_action_privilege_ended_at": null,
  "target_switches": [
    {
      "time": 0.1,
      "tracked_predator_slot": 0,
      "target": 1
    },
    {
      "time": 13.3,
      "tracked_predator_slot": 0,
      "target": "resting"
    },
    {
      "time": 16.8,
      "tracked_predator_slot": 0,
      "target": 1
    },
    {
      "time": 26.1,
      "tracked_predator_slot": 0,
      "target": "resting"
    },
    {
      "time": 29.6,
      "tracked_predator_slot": 0,
      "target": 1
    },
    {
      "time": 29.7,
      "tracked_predator_slot": 0,
      "target": null
    },
    {
      "time": 29.8,
      "tracked_predator_slot": 0,
      "target": 1
    },
    {
      "time": 33.8,
      "tracked_predator_slot": 0,
      "target": 0
    },
    {
      "time": 46.9,
      "tracked_predator_slot": 0,
      "target": "resting"
    },
    {
      "time": 50.4,
      "tracked_predator_slot": 0,
      "target": 0
    },
    {
      "time": 59.5,
      "tracked_predator_slot": 0,
      "target": "resting"
    },
    {
      "time": 63.0,
      "tracked_predator_slot": 0,
      "target": 0
    },
    {
      "time": 72.1,
      "tracked_predator_slot": 0,
      "target": "resting"
    },
    {
      "time": 75.6,
      "tracked_predator_slot": 0,
      "target": 0
    },
    {
      "time": 85.0,
      "tracked_predator_slot": 0,
      "target": "resting"
    },
    {
      "time": 88.5,
      "tracked_predator_slot": 0,
      "target": 0
    },
    {
      "time": 97.6,
      "tracked_predator_slot": 0,
      "target": "resting"
    },
    {
      "time": 101.1,
      "tracked_predator_slot": 0,
      "target": 0
    },
    {
      "time": 110.2,
      "tracked_predator_slot": 0,
      "target": "resting"
    },
    {
      "time": 113.7,
      "tracked_predator_slot": 0,
      "target": 0
    },
    {
      "time": 123.1,
      "tracked_predator_slot": 0,
      "target": "resting"
    },
    {
      "time": 126.6,
      "tracked_predator_slot": 0,
      "target": 0
    },
    {
      "time": 135.7,
      "tracked_predator_slot": 0,
      "target": "resting"
    },
    {
      "time": 139.2,
      "tracked_predator_slot": 0,
      "target": 0
    },
    {
      "time": 148.3,
      "tracked_predator_slot": 0,
      "target": "resting"
    },
    {
      "time": 151.8,
      "tracked_predator_slot": 0,
      "target": 0
    },
    {
      "time": 161.2,
      "tracked_predator_slot": 0,
      "target": "resting"
    },
    {
      "time": 164.7,
      "tracked_predator_slot": 0,
      "target": 0
    },
    {
      "time": 173.8,
      "tracked_predator_slot": 0,
      "target": "resting"
    },
    {
      "time": 177.3,
      "tracked_predator_slot": 0,
      "target": 0
    },
    {
      "time": 186.4,
      "tracked_predator_slot": 0,
      "target": "resting"
    },
    {
      "time": 189.9,
      "tracked_predator_slot": 0,
      "target": 0
    },
    {
      "time": 199.0,
      "tracked_predator_slot": 0,
      "target": "resting"
    },
    {
      "time": 202.5,
      "tracked_predator_slot": 0,
      "target": 0
    },
    {
      "time": 211.9,
      "tracked_predator_slot": 0,
      "target": "resting"
    },
    {
      "time": 215.4,
      "tracked_predator_slot": 0,
      "target": 0
    },
    {
      "time": 224.5,
      "tracked_predator_slot": 0,
      "target": "resting"
    },
    {
      "time": 228.0,
      "tracked_predator_slot": 0,
      "target": 0
    },
    {
      "time": 237.1,
      "tracked_predator_slot": 0,
      "target": "resting"
    },
    {
      "time": 240.6,
      "tracked_predator_slot": 0,
      "target": 0
    },
    {
      "time": 250.0,
      "tracked_predator_slot": 0,
      "target": "resting"
    },
    {
      "time": 253.5,
      "tracked_predator_slot": 0,
      "target": 0
    },
    {
      "time": 262.6,
      "tracked_predator_slot": 0,
      "target": "resting"
    },
    {
      "time": 266.1,
      "tracked_predator_slot": 0,
      "target": 0
    },
    {
      "time": 275.5,
      "tracked_predator_slot": 0,
      "target": "resting"
    },
    {
      "time": 279.0,
      "tracked_predator_slot": 0,
      "target": 0
    },
    {
      "time": 288.1,
      "tracked_predator_slot": 0,
      "target": "resting"
    },
    {
      "time": 291.6,
      "tracked_predator_slot": 0,
      "target": 0
    }
  ],
  "guide_role_trace": [
    {
      "time": 0,
      "active_guide_id": 1
    }
  ],
  "guide_follow_trace": [
    {
      "time": 0.1,
      "active_guide_id": 1,
      "tracked_predator_slot": 0
    }
  ],
  "guide_role": "parent",
  "parent_role": "guide",
  "child_role": "gather_evade",
  "active_guide_id_final": 1,
  "active_guide_alive_final": false,
  "guide_role_ids": [
    1
  ],
  "bait_deployed_at": 0.1,
  "policy_bait_ready_final": false,
  "bait_left_after_deployment": null,
  "final_bait_distance_to_goal": 0.0,
  "first_guide_predator_observation": 0.1,
  "first_predator_following_guide": 0.1,
  "first_predator_following_active_guide": 0.1,
  "tracked_seen_by_guide": 1,
  "tracked_followed_active_guide": 1,
  "physical_entered": 1,
  "guided_delivered": 1,
  "physical_losses_after_delivery": 0,
  "target_losses_after_delivery": 0,
  "physical_entry_times": [
    34.1
  ],
  "guided_delivery_times": [
    34.1
  ],
  "loss_times": [
    null
  ],
  "target_loss_times": [
    null
  ],
  "tail_seconds": 30.0,
  "tail_physical_min": 1,
  "tail_contained_min": 1,
  "final_distance_from_mouth": [
    11.2597
  ],
  "max_distance_after_delivery": [
    19.8261
  ],
  "policy_events": [],
  "success": true,
  "replay": "results/simple_chase/replays/real-map-Guide-m10222-f20222-p1-direct_guide-sitebait1-cdf270ff.json.gz"
}
/home/Ucals/projects/NordicCupAI-wall-funneling/survival-simulator/oscar-trap-research/survival/results/simple_chase/real-map-Guide-m10222-f20222-p1-direct_guide-sitebait1-cdf270ff.json
