Running as unit: run-p871244-i826066.scope; invocation ID: 59031a41c2c54c31a14bb5afce34d1ea
{"progress": "real-map-Guide-m10226-f20226-p1-direct_guide-sitebait1-71a6996d", "time": 10.0, "bait_deployed": 0.1, "policy_bait_ready": false, "encounter": 0.1, "oracle_handoff": null, "children": 0, "active_guide_id": 1, "guide_alive": true, "active_guide_alive": true, "guided_delivered": 0}
{"progress": "real-map-Guide-m10226-f20226-p1-direct_guide-sitebait1-71a6996d", "time": 20.0, "bait_deployed": 0.1, "policy_bait_ready": false, "encounter": 0.1, "oracle_handoff": null, "children": 0, "active_guide_id": 1, "guide_alive": true, "active_guide_alive": true, "guided_delivered": 0}
{"progress": "real-map-Guide-m10226-f20226-p1-direct_guide-sitebait1-71a6996d", "time": 30.0, "bait_deployed": 0.1, "policy_bait_ready": false, "encounter": 0.1, "oracle_handoff": null, "children": 0, "active_guide_id": 1, "guide_alive": true, "active_guide_alive": true, "guided_delivered": 0}
{"progress": "real-map-Guide-m10226-f20226-p1-direct_guide-sitebait1-71a6996d", "time": 40.0, "bait_deployed": 0.1, "policy_bait_ready": false, "encounter": 0.1, "oracle_handoff": null, "children": 0, "active_guide_id": 1, "guide_alive": true, "active_guide_alive": true, "guided_delivered": 0}
{"progress": "real-map-Guide-m10226-f20226-p1-direct_guide-sitebait1-71a6996d", "time": 50.0, "bait_deployed": 0.1, "policy_bait_ready": false, "encounter": 0.1, "oracle_handoff": null, "children": 0, "active_guide_id": 1, "guide_alive": true, "active_guide_alive": true, "guided_delivered": 0}
{"progress": "real-map-Guide-m10226-f20226-p1-direct_guide-sitebait1-71a6996d", "time": 60.0, "bait_deployed": 0.1, "policy_bait_ready": false, "encounter": 0.1, "oracle_handoff": null, "children": 0, "active_guide_id": 1, "guide_alive": true, "active_guide_alive": true, "guided_delivered": 0}
{"progress": "real-map-Guide-m10226-f20226-p1-direct_guide-sitebait1-71a6996d", "time": 70.0, "bait_deployed": 0.1, "policy_bait_ready": false, "encounter": 0.1, "oracle_handoff": null, "children": 0, "active_guide_id": 1, "guide_alive": true, "active_guide_alive": true, "guided_delivered": 0}
{"progress": "real-map-Guide-m10226-f20226-p1-direct_guide-sitebait1-71a6996d", "time": 80.0, "bait_deployed": 0.1, "policy_bait_ready": false, "encounter": 0.1, "oracle_handoff": null, "children": 0, "active_guide_id": 1, "guide_alive": true, "active_guide_alive": true, "guided_delivered": 0}
{"progress": "real-map-Guide-m10226-f20226-p1-direct_guide-sitebait1-71a6996d", "time": 90.0, "bait_deployed": 0.1, "policy_bait_ready": false, "encounter": 0.1, "oracle_handoff": null, "children": 0, "active_guide_id": 1, "guide_alive": false, "active_guide_alive": false, "guided_delivered": 0}
{"progress": "real-map-Guide-m10226-f20226-p1-direct_guide-sitebait1-71a6996d", "time": 100.0, "bait_deployed": 0.1, "policy_bait_ready": false, "encounter": 0.1, "oracle_handoff": null, "children": 0, "active_guide_id": 1, "guide_alive": false, "active_guide_alive": false, "guided_delivered": 1}
{"progress": "real-map-Guide-m10226-f20226-p1-direct_guide-sitebait1-71a6996d", "time": 110.0, "bait_deployed": 0.1, "policy_bait_ready": false, "encounter": 0.1, "oracle_handoff": null, "children": 0, "active_guide_id": 1, "guide_alive": false, "active_guide_alive": false, "guided_delivered": 1}
{"progress": "real-map-Guide-m10226-f20226-p1-direct_guide-sitebait1-71a6996d", "time": 120.0, "bait_deployed": 0.1, "policy_bait_ready": false, "encounter": 0.1, "oracle_handoff": null, "children": 0, "active_guide_id": 1, "guide_alive": false, "active_guide_alive": false, "guided_delivered": 1}
{"progress": "real-map-Guide-m10226-f20226-p1-direct_guide-sitebait1-71a6996d", "time": 130.0, "bait_deployed": 0.1, "policy_bait_ready": false, "encounter": 0.1, "oracle_handoff": null, "children": 0, "active_guide_id": 1, "guide_alive": false, "active_guide_alive": false, "guided_delivered": 1}
{"progress": "real-map-Guide-m10226-f20226-p1-direct_guide-sitebait1-71a6996d", "time": 140.0, "bait_deployed": 0.1, "policy_bait_ready": false, "encounter": 0.1, "oracle_handoff": null, "children": 0, "active_guide_id": 1, "guide_alive": false, "active_guide_alive": false, "guided_delivered": 1}
{"progress": "real-map-Guide-m10226-f20226-p1-direct_guide-sitebait1-71a6996d", "time": 150.0, "bait_deployed": 0.1, "policy_bait_ready": false, "encounter": 0.1, "oracle_handoff": null, "children": 0, "active_guide_id": 1, "guide_alive": false, "active_guide_alive": false, "guided_delivered": 1}
{"progress": "real-map-Guide-m10226-f20226-p1-direct_guide-sitebait1-71a6996d", "time": 160.0, "bait_deployed": 0.1, "policy_bait_ready": false, "encounter": 0.1, "oracle_handoff": null, "children": 0, "active_guide_id": 1, "guide_alive": false, "active_guide_alive": false, "guided_delivered": 1}
{"progress": "real-map-Guide-m10226-f20226-p1-direct_guide-sitebait1-71a6996d", "time": 170.0, "bait_deployed": 0.1, "policy_bait_ready": false, "encounter": 0.1, "oracle_handoff": null, "children": 0, "active_guide_id": 1, "guide_alive": false, "active_guide_alive": false, "guided_delivered": 1}
{"progress": "real-map-Guide-m10226-f20226-p1-direct_guide-sitebait1-71a6996d", "time": 180.0, "bait_deployed": 0.1, "policy_bait_ready": false, "encounter": 0.1, "oracle_handoff": null, "children": 0, "active_guide_id": 1, "guide_alive": false, "active_guide_alive": false, "guided_delivered": 1}
{"progress": "real-map-Guide-m10226-f20226-p1-direct_guide-sitebait1-71a6996d", "time": 190.0, "bait_deployed": 0.1, "policy_bait_ready": false, "encounter": 0.1, "oracle_handoff": null, "children": 0, "active_guide_id": 1, "guide_alive": false, "active_guide_alive": false, "guided_delivered": 1}
{"progress": "real-map-Guide-m10226-f20226-p1-direct_guide-sitebait1-71a6996d", "time": 200.0, "bait_deployed": 0.1, "policy_bait_ready": false, "encounter": 0.1, "oracle_handoff": null, "children": 0, "active_guide_id": 1, "guide_alive": false, "active_guide_alive": false, "guided_delivered": 1}
{"progress": "real-map-Guide-m10226-f20226-p1-direct_guide-sitebait1-71a6996d", "time": 210.0, "bait_deployed": 0.1, "policy_bait_ready": false, "encounter": 0.1, "oracle_handoff": null, "children": 0, "active_guide_id": 1, "guide_alive": false, "active_guide_alive": false, "guided_delivered": 1}
{"progress": "real-map-Guide-m10226-f20226-p1-direct_guide-sitebait1-71a6996d", "time": 220.0, "bait_deployed": 0.1, "policy_bait_ready": false, "encounter": 0.1, "oracle_handoff": null, "children": 0, "active_guide_id": 1, "guide_alive": false, "active_guide_alive": false, "guided_delivered": 1}
{"progress": "real-map-Guide-m10226-f20226-p1-direct_guide-sitebait1-71a6996d", "time": 230.0, "bait_deployed": 0.1, "policy_bait_ready": false, "encounter": 0.1, "oracle_handoff": null, "children": 0, "active_guide_id": 1, "guide_alive": false, "active_guide_alive": false, "guided_delivered": 1}
{"progress": "real-map-Guide-m10226-f20226-p1-direct_guide-sitebait1-71a6996d", "time": 240.0, "bait_deployed": 0.1, "policy_bait_ready": false, "encounter": 0.1, "oracle_handoff": null, "children": 0, "active_guide_id": 1, "guide_alive": false, "active_guide_alive": false, "guided_delivered": 1}
{"progress": "real-map-Guide-m10226-f20226-p1-direct_guide-sitebait1-71a6996d", "time": 250.0, "bait_deployed": 0.1, "policy_bait_ready": false, "encounter": 0.1, "oracle_handoff": null, "children": 0, "active_guide_id": 1, "guide_alive": false, "active_guide_alive": false, "guided_delivered": 1}
{"progress": "real-map-Guide-m10226-f20226-p1-direct_guide-sitebait1-71a6996d", "time": 260.0, "bait_deployed": 0.1, "policy_bait_ready": false, "encounter": 0.1, "oracle_handoff": null, "children": 0, "active_guide_id": 1, "guide_alive": false, "active_guide_alive": false, "guided_delivered": 1}
{"progress": "real-map-Guide-m10226-f20226-p1-direct_guide-sitebait1-71a6996d", "time": 270.0, "bait_deployed": 0.1, "policy_bait_ready": false, "encounter": 0.1, "oracle_handoff": null, "children": 0, "active_guide_id": 1, "guide_alive": false, "active_guide_alive": false, "guided_delivered": 1}
{"progress": "real-map-Guide-m10226-f20226-p1-direct_guide-sitebait1-71a6996d", "time": 280.0, "bait_deployed": 0.1, "policy_bait_ready": false, "encounter": 0.1, "oracle_handoff": null, "children": 0, "active_guide_id": 1, "guide_alive": false, "active_guide_alive": false, "guided_delivered": 1}
{"progress": "real-map-Guide-m10226-f20226-p1-direct_guide-sitebait1-71a6996d", "time": 290.0, "bait_deployed": 0.1, "policy_bait_ready": false, "encounter": 0.1, "oracle_handoff": null, "children": 0, "active_guide_id": 1, "guide_alive": false, "active_guide_alive": false, "guided_delivered": 1}
{"progress": "real-map-Guide-m10226-f20226-p1-direct_guide-sitebait1-71a6996d", "time": 300.0, "bait_deployed": 0.1, "policy_bait_ready": false, "encounter": 0.1, "oracle_handoff": null, "children": 0, "active_guide_id": 1, "guide_alive": false, "active_guide_alive": false, "guided_delivered": 1}
{"viewer_manifest_refresh": {"status": "deferred", "reason": "bounded-memory runs defer full-replay viewer processing"}}
{
  "schema": "real-map-intake-result-v2",
  "policy": "integrated_guide.policy_v30_wide_route:Guide",
  "policy_hash": "fd56a3bdfb35bf92c443a79f6cd954aa2dc6aa9c4fbe5d90ec309647771f9b0c",
  "harness_hashes": {
    "research/simple_chase/run_streaming_v2.py": "837e02b05d1ba3af71df0949cb30beb18a8b2844f090f8b383c692192c52719a",
    "research/simple_chase/sampling.py": "1efb7d309c4cc79bc87916c1bea72a7845e78d0c2cdf0aeaf9e2a758ceed48ab",
    "research/simple_chase/static_map.py": "197b16cbe9dd2e3dd06b81fe9481986a97bd92d9c2a55f33597cc9b7280faf3c",
    "debugger/streaming_recorder_v2.py": "d5ecda6bb39ec74a9ad86fb20458df5de7f466d73052558af9e2877be3d99b19"
  },
  "mode": "direct_guide",
  "map_seed": 10226,
  "fixture_seed": 20226,
  "static_map_hash": "87af586262a72063b05a22313b6cb02f1af2e0f3252fb66aa0a1868b1a90e834",
  "site": {
    "mouth": [
      952.3121,
      390.4285
    ],
    "inward": [
      0.0,
      -1.0
    ],
    "cross": [
      1.0,
      0.0
    ],
    "goal": [
      952.3121,
      385.4285
    ],
    "far": [
      952.3121,
      515.4285
    ],
    "hold": [
      952.3121,
      465.4285
    ],
    "gap": 17.0032,
    "overlap": 57.8577,
    "runup": [
      952.3121,
      640.4285
    ],
    "approach_lane_offset": 0.0,
    "offset_approach": false,
    "obstacle_indices": [
      36,
      82
    ],
    "axis": 0,
    "other_mouth": [
      952.3121,
      332.5708
    ],
    "replacement_entry": [
      952.3121,
      312.5708
    ],
    "second_access_clear": true,
    "second_access_radius": 5.01,
    "bait_depth": 5.0,
    "boundary_indices": [],
    "geometric_replacement_access_only": true
  },
  "station_bait": true,
  "requested_seconds": 300.0,
  "seconds": 300.0,
  "reason": "horizon",
  "native_render": true,
  "reproduction_of": null,
  "record_every_ticks": 1,
  "replay_frames": 3001,
  "initial_predators": 1,
  "final_predators_total": 4,
  "tracked_predators_present_final": 1,
  "ambient_predators_spawned": 3,
  "ambient_predators_present_final": 3,
  "agent_energy_refilled": true,
  "predator_state_native": false,
  "predator_dynamics_native_after_setup": true,
  "arranged_adjacent_awake_start": true,
  "bait_id": 0,
  "guide_id": 1,
  "bait_alive": true,
  "guide_alive": false,
  "deaths": [
    {
      "time": 88.0,
      "agent_id": 1,
      "role": "parent_guide"
    }
  ],
  "spawn_requests": [],
  "child_births": [],
  "fruit_consumptions": [
    {
      "time": 15.6,
      "agent_id": 1,
      "x": 302.0519,
      "y": 1092.8935
    },
    {
      "time": 28.3,
      "agent_id": 1,
      "x": 541.2553,
      "y": 797.2434
    },
    {
      "time": 34.5,
      "agent_id": 1,
      "x": 866.9206,
      "y": 822.2294
    },
    {
      "time": 58.7,
      "agent_id": 1,
      "x": 1094.1712,
      "y": 1126.2764
    },
    {
      "time": 58.8,
      "agent_id": 1,
      "x": 1078.3931,
      "y": 1129.8948
    },
    {
      "time": 74.0,
      "agent_id": 1,
      "x": 983.8734,
      "y": 689.6566
    },
    {
      "time": 75.2,
      "agent_id": 1,
      "x": 967.8506,
      "y": 635.3668
    },
    {
      "time": 79.6,
      "agent_id": 1,
      "x": 867.781,
      "y": 526.0549
    },
    {
      "time": 80.0,
      "agent_id": 1,
      "x": 890.5099,
      "y": 560.2844
    }
  ],
  "parent_fruit_consumed_before_tracked_encounter": 0,
  "tracked_encounter_times": [
    0.1
  ],
  "conditional_delivery_denominator": true,
  "conditional_delivery_status": "not_applicable",
  "setup_oracle": false,
  "setup_oracle_target": null,
  "setup_oracle_ticks": 0,
  "setup_oracle_routing": null,
  "setup_oracle_route_resets": 0,
  "setup_oracle_policy_reset_before_handoff_act": false,
  "setup_oracle_handoff_time": null,
  "dynamic_action_privilege_ended_at": null,
  "target_switches": [
    {
      "time": 0.1,
      "tracked_predator_slot": 0,
      "target": 1
    },
    {
      "time": 3.2,
      "tracked_predator_slot": 0,
      "target": null
    },
    {
      "time": 4.5,
      "tracked_predator_slot": 0,
      "target": 1
    },
    {
      "time": 4.7,
      "tracked_predator_slot": 0,
      "target": null
    },
    {
      "time": 5.1,
      "tracked_predator_slot": 0,
      "target": 1
    },
    {
      "time": 5.2,
      "tracked_predator_slot": 0,
      "target": null
    },
    {
      "time": 5.3,
      "tracked_predator_slot": 0,
      "target": 1
    },
    {
      "time": 5.4,
      "tracked_predator_slot": 0,
      "target": null
    },
    {
      "time": 5.9,
      "tracked_predator_slot": 0,
      "target": 1
    },
    {
      "time": 6.0,
      "tracked_predator_slot": 0,
      "target": null
    },
    {
      "time": 6.3,
      "tracked_predator_slot": 0,
      "target": 1
    },
    {
      "time": 6.4,
      "tracked_predator_slot": 0,
      "target": null
    },
    {
      "time": 6.6,
      "tracked_predator_slot": 0,
      "target": 1
    },
    {
      "time": 6.7,
      "tracked_predator_slot": 0,
      "target": null
    },
    {
      "time": 7.1,
      "tracked_predator_slot": 0,
      "target": 1
    },
    {
      "time": 7.3,
      "tracked_predator_slot": 0,
      "target": null
    },
    {
      "time": 8.3,
      "tracked_predator_slot": 0,
      "target": 1
    },
    {
      "time": 8.5,
      "tracked_predator_slot": 0,
      "target": null
    },
    {
      "time": 8.6,
      "tracked_predator_slot": 0,
      "target": 1
    },
    {
      "time": 10.8,
      "tracked_predator_slot": 0,
      "target": null
    },
    {
      "time": 11.0,
      "tracked_predator_slot": 0,
      "target": 1
    },
    {
      "time": 11.7,
      "tracked_predator_slot": 0,
      "target": null
    },
    {
      "time": 12.6,
      "tracked_predator_slot": 0,
      "target": 1
    },
    {
      "time": 12.7,
      "tracked_predator_slot": 0,
      "target": null
    },
    {
      "time": 12.8,
      "tracked_predator_slot": 0,
      "target": 1
    },
    {
      "time": 12.9,
      "tracked_predator_slot": 0,
      "target": null
    },
    {
      "time": 13.2,
      "tracked_predator_slot": 0,
      "target": 1
    },
    {
      "time": 13.3,
      "tracked_predator_slot": 0,
      "target": null
    },
    {
      "time": 13.4,
      "tracked_predator_slot": 0,
      "target": 1
    },
    {
      "time": 14.9,
      "tracked_predator_slot": 0,
      "target": "resting"
    },
    {
      "time": 18.4,
      "tracked_predator_slot": 0,
      "target": 1
    },
    {
      "time": 18.7,
      "tracked_predator_slot": 0,
      "target": null
    },
    {
      "time": 18.8,
      "tracked_predator_slot": 0,
      "target": 1
    },
    {
      "time": 18.9,
      "tracked_predator_slot": 0,
      "target": null
    },
    {
      "time": 19.6,
      "tracked_predator_slot": 0,
      "target": 1
    },
    {
      "time": 19.7,
      "tracked_predator_slot": 0,
      "target": null
    },
    {
      "time": 20.1,
      "tracked_predator_slot": 0,
      "target": 1
    },
    {
      "time": 20.3,
      "tracked_predator_slot": 0,
      "target": null
    },
    {
      "time": 23.2,
      "tracked_predator_slot": 0,
      "target": 1
    },
    {
      "time": 24.2,
      "tracked_predator_slot": 0,
      "target": null
    },
    {
      "time": 24.8,
      "tracked_predator_slot": 0,
      "target": 1
    },
    {
      "time": 24.9,
      "tracked_predator_slot": 0,
      "target": null
    },
    {
      "time": 25.1,
      "tracked_predator_slot": 0,
      "target": 1
    },
    {
      "time": 29.0,
      "tracked_predator_slot": 0,
      "target": "resting"
    },
    {
      "time": 32.5,
      "tracked_predator_slot": 0,
      "target": 1
    },
    {
      "time": 35.8,
      "tracked_predator_slot": 0,
      "target": null
    },
    {
      "time": 36.7,
      "tracked_predator_slot": 0,
      "target": 1
    },
    {
      "time": 36.8,
      "tracked_predator_slot": 0,
      "target": null
    },
    {
      "time": 37.0,
      "tracked_predator_slot": 0,
      "target": 1
    },
    {
      "time": 37.1,
      "tracked_predator_slot": 0,
      "target": null
    },
    {
      "time": 37.7,
      "tracked_predator_slot": 0,
      "target": 1
    },
    {
      "time": 38.5,
      "tracked_predator_slot": 0,
      "target": null
    },
    {
      "time": 38.6,
      "tracked_predator_slot": 0,
      "target": 1
    },
    {
      "time": 40.8,
      "tracked_predator_slot": 0,
      "target": null
    },
    {
      "time": 40.9,
      "tracked_predator_slot": 0,
      "target": 1
    },
    {
      "time": 41.0,
      "tracked_predator_slot": 0,
      "target": null
    },
    {
      "time": 41.3,
      "tracked_predator_slot": 0,
      "target": 1
    },
    {
      "time": 41.4,
      "tracked_predator_slot": 0,
      "target": "resting"
    },
    {
      "time": 44.9,
      "tracked_predator_slot": 0,
      "target": 1
    },
    {
      "time": 45.0,
      "tracked_predator_slot": 0,
      "target": null
    },
    {
      "time": 45.8,
      "tracked_predator_slot": 0,
      "target": 1
    },
    {
      "time": 50.5,
      "tracked_predator_slot": 0,
      "target": null
    },
    {
      "time": 52.0,
      "tracked_predator_slot": 0,
      "target": 1
    },
    {
      "time": 52.1,
      "tracked_predator_slot": 0,
      "target": null
    },
    {
      "time": 52.2,
      "tracked_predator_slot": 0,
      "target": 1
    },
    {
      "time": 52.3,
      "tracked_predator_slot": 0,
      "target": null
    },
    {
      "time": 54.5,
      "tracked_predator_slot": 0,
      "target": "resting"
    },
    {
      "time": 58.0,
      "tracked_predator_slot": 0,
      "target": 1
    },
    {
      "time": 58.2,
      "tracked_predator_slot": 0,
      "target": null
    },
    {
      "time": 58.4,
      "tracked_predator_slot": 0,
      "target": 1
    },
    {
      "time": 60.3,
      "tracked_predator_slot": 0,
      "target": null
    },
    {
      "time": 60.4,
      "tracked_predator_slot": 0,
      "target": 1
    },
    {
      "time": 60.5,
      "tracked_predator_slot": 0,
      "target": null
    },
    {
      "time": 61.3,
      "tracked_predator_slot": 0,
      "target": 1
    },
    {
      "time": 65.7,
      "tracked_predator_slot": 0,
      "target": null
    },
    {
      "time": 66.1,
      "tracked_predator_slot": 0,
      "target": 1
    },
    {
      "time": 66.2,
      "tracked_predator_slot": 0,
      "target": null
    },
    {
      "time": 66.3,
      "tracked_predator_slot": 0,
      "target": 1
    },
    {
      "time": 66.4,
      "tracked_predator_slot": 0,
      "target": null
    },
    {
      "time": 66.5,
      "tracked_predator_slot": 0,
      "target": 1
    },
    {
      "time": 67.3,
      "tracked_predator_slot": 0,
      "target": "resting"
    },
    {
      "time": 70.8,
      "tracked_predator_slot": 0,
      "target": 1
    },
    {
      "time": 72.2,
      "tracked_predator_slot": 0,
      "target": null
    },
    {
      "time": 72.7,
      "tracked_predator_slot": 0,
      "target": 1
    },
    {
      "time": 73.0,
      "tracked_predator_slot": 0,
      "target": null
    },
    {
      "time": 73.2,
      "tracked_predator_slot": 0,
      "target": 1
    },
    {
      "time": 73.3,
      "tracked_predator_slot": 0,
      "target": null
    },
    {
      "time": 73.4,
      "tracked_predator_slot": 0,
      "target": 1
    },
    {
      "time": 80.7,
      "tracked_predator_slot": 0,
      "target": "resting"
    },
    {
      "time": 84.2,
      "tracked_predator_slot": 0,
      "target": 1
    },
    {
      "time": 88.0,
      "tracked_predator_slot": 0,
      "target": 0
    },
    {
      "time": 101.2,
      "tracked_predator_slot": 0,
      "target": "resting"
    },
    {
      "time": 104.7,
      "tracked_predator_slot": 0,
      "target": 0
    },
    {
      "time": 113.9,
      "tracked_predator_slot": 0,
      "target": "resting"
    },
    {
      "time": 117.4,
      "tracked_predator_slot": 0,
      "target": 0
    },
    {
      "time": 126.6,
      "tracked_predator_slot": 0,
      "target": "resting"
    },
    {
      "time": 130.1,
      "tracked_predator_slot": 0,
      "target": 0
    },
    {
      "time": 139.6,
      "tracked_predator_slot": 0,
      "target": "resting"
    },
    {
      "time": 143.1,
      "tracked_predator_slot": 0,
      "target": 0
    },
    {
      "time": 152.2,
      "tracked_predator_slot": 0,
      "target": "resting"
    },
    {
      "time": 155.7,
      "tracked_predator_slot": 0,
      "target": 0
    },
    {
      "time": 164.9,
      "tracked_predator_slot": 0,
      "target": "resting"
    },
    {
      "time": 168.4,
      "tracked_predator_slot": 0,
      "target": 0
    },
    {
      "time": 177.6,
      "tracked_predator_slot": 0,
      "target": "resting"
    },
    {
      "time": 181.1,
      "tracked_predator_slot": 0,
      "target": 0
    },
    {
      "time": 190.6,
      "tracked_predator_slot": 0,
      "target": "resting"
    },
    {
      "time": 194.1,
      "tracked_predator_slot": 0,
      "target": 0
    },
    {
      "time": 203.2,
      "tracked_predator_slot": 0,
      "target": "resting"
    },
    {
      "time": 206.7,
      "tracked_predator_slot": 0,
      "target": 0
    },
    {
      "time": 215.9,
      "tracked_predator_slot": 0,
      "target": "resting"
    },
    {
      "time": 219.4,
      "tracked_predator_slot": 0,
      "target": 0
    },
    {
      "time": 228.6,
      "tracked_predator_slot": 0,
      "target": "resting"
    },
    {
      "time": 232.1,
      "tracked_predator_slot": 0,
      "target": 0
    },
    {
      "time": 241.6,
      "tracked_predator_slot": 0,
      "target": "resting"
    },
    {
      "time": 245.1,
      "tracked_predator_slot": 0,
      "target": 0
    },
    {
      "time": 254.2,
      "tracked_predator_slot": 0,
      "target": "resting"
    },
    {
      "time": 257.7,
      "tracked_predator_slot": 0,
      "target": 0
    },
    {
      "time": 266.9,
      "tracked_predator_slot": 0,
      "target": "resting"
    },
    {
      "time": 270.4,
      "tracked_predator_slot": 0,
      "target": 0
    },
    {
      "time": 279.6,
      "tracked_predator_slot": 0,
      "target": "resting"
    },
    {
      "time": 283.1,
      "tracked_predator_slot": 0,
      "target": 0
    },
    {
      "time": 292.2,
      "tracked_predator_slot": 0,
      "target": "resting"
    },
    {
      "time": 295.7,
      "tracked_predator_slot": 0,
      "target": 0
    }
  ],
  "guide_role_trace": [
    {
      "time": 0,
      "active_guide_id": 1
    }
  ],
  "guide_follow_trace": [
    {
      "time": 0.1,
      "active_guide_id": 1,
      "tracked_predator_slot": 0
    }
  ],
  "guide_role": "parent",
  "parent_role": "guide",
  "child_role": "gather_evade",
  "active_guide_id_final": 1,
  "active_guide_alive_final": false,
  "guide_role_ids": [
    1
  ],
  "bait_deployed_at": 0.1,
  "policy_bait_ready_final": false,
  "bait_left_after_deployment": null,
  "final_bait_distance_to_goal": 0.0,
  "first_guide_predator_observation": 0.1,
  "first_predator_following_guide": 0.1,
  "first_predator_following_active_guide": 0.1,
  "tracked_seen_by_guide": 1,
  "tracked_followed_active_guide": 1,
  "physical_entered": 1,
  "guided_delivered": 1,
  "physical_losses_after_delivery": 0,
  "target_losses_after_delivery": 0,
  "physical_entry_times": [
    88.2
  ],
  "guided_delivery_times": [
    88.2
  ],
  "loss_times": [
    null
  ],
  "target_loss_times": [
    null
  ],
  "tail_seconds": 30.0,
  "tail_physical_min": 1,
  "tail_contained_min": 1,
  "final_distance_from_mouth": [
    11.2842
  ],
  "max_distance_after_delivery": [
    14.2503
  ],
  "policy_events": [],
  "success": true,
  "replay": "results/simple_chase/replays/real-map-Guide-m10226-f20226-p1-direct_guide-sitebait1-71a6996d.json.gz"
}
/home/Ucals/projects/NordicCupAI-wall-funneling/survival-simulator/oscar-trap-research/survival/results/simple_chase/real-map-Guide-m10226-f20226-p1-direct_guide-sitebait1-71a6996d.json
