Running as unit: run-p935936-i951854.scope; invocation ID: 6a17e3c16a1e4b8caff678841d9b978e
{"progress": "real-map-EmergencyGuides-m10345-f20345-p1-direct_guide-sitebait1-b47f476e", "time": 10.0, "bait_deployed": 0.1, "policy_bait_ready": false, "encounter": 0.1, "oracle_handoff": null, "children": 0, "active_guide_id": 1, "guide_alive": true, "active_guide_alive": true, "guided_delivered": 0}
{"progress": "real-map-EmergencyGuides-m10345-f20345-p1-direct_guide-sitebait1-b47f476e", "time": 20.0, "bait_deployed": 0.1, "policy_bait_ready": false, "encounter": 0.1, "oracle_handoff": null, "children": 0, "active_guide_id": 1, "guide_alive": true, "active_guide_alive": true, "guided_delivered": 0}
{"progress": "real-map-EmergencyGuides-m10345-f20345-p1-direct_guide-sitebait1-b47f476e", "time": 30.0, "bait_deployed": 0.1, "policy_bait_ready": false, "encounter": 0.1, "oracle_handoff": null, "children": 0, "active_guide_id": 1, "guide_alive": true, "active_guide_alive": true, "guided_delivered": 0}
{"progress": "real-map-EmergencyGuides-m10345-f20345-p1-direct_guide-sitebait1-b47f476e", "time": 40.0, "bait_deployed": 0.1, "policy_bait_ready": false, "encounter": 0.1, "oracle_handoff": null, "children": 8, "active_guide_id": 6, "guide_alive": true, "active_guide_alive": true, "guided_delivered": 1}
{"progress": "real-map-EmergencyGuides-m10345-f20345-p1-direct_guide-sitebait1-b47f476e", "time": 50.0, "bait_deployed": 0.1, "policy_bait_ready": false, "encounter": 0.1, "oracle_handoff": null, "children": 8, "active_guide_id": 8, "guide_alive": true, "active_guide_alive": true, "guided_delivered": 1}
{"progress": "real-map-EmergencyGuides-m10345-f20345-p1-direct_guide-sitebait1-b47f476e", "time": 60.0, "bait_deployed": 0.1, "policy_bait_ready": false, "encounter": 0.1, "oracle_handoff": null, "children": 8, "active_guide_id": 8, "guide_alive": true, "active_guide_alive": true, "guided_delivered": 1}
{"progress": "real-map-EmergencyGuides-m10345-f20345-p1-direct_guide-sitebait1-b47f476e", "time": 70.0, "bait_deployed": 0.1, "policy_bait_ready": false, "encounter": 0.1, "oracle_handoff": null, "children": 8, "active_guide_id": 8, "guide_alive": true, "active_guide_alive": true, "guided_delivered": 1}
{"progress": "real-map-EmergencyGuides-m10345-f20345-p1-direct_guide-sitebait1-b47f476e", "time": 80.0, "bait_deployed": 0.1, "policy_bait_ready": false, "encounter": 0.1, "oracle_handoff": null, "children": 8, "active_guide_id": 8, "guide_alive": true, "active_guide_alive": true, "guided_delivered": 1}
{"progress": "real-map-EmergencyGuides-m10345-f20345-p1-direct_guide-sitebait1-b47f476e", "time": 90.0, "bait_deployed": 0.1, "policy_bait_ready": false, "encounter": 0.1, "oracle_handoff": null, "children": 8, "active_guide_id": 8, "guide_alive": true, "active_guide_alive": true, "guided_delivered": 1}
{"progress": "real-map-EmergencyGuides-m10345-f20345-p1-direct_guide-sitebait1-b47f476e", "time": 100.0, "bait_deployed": 0.1, "policy_bait_ready": false, "encounter": 0.1, "oracle_handoff": null, "children": 8, "active_guide_id": 8, "guide_alive": true, "active_guide_alive": true, "guided_delivered": 1}
{"progress": "real-map-EmergencyGuides-m10345-f20345-p1-direct_guide-sitebait1-b47f476e", "time": 110.0, "bait_deployed": 0.1, "policy_bait_ready": false, "encounter": 0.1, "oracle_handoff": null, "children": 8, "active_guide_id": 8, "guide_alive": true, "active_guide_alive": true, "guided_delivered": 1}
{"progress": "real-map-EmergencyGuides-m10345-f20345-p1-direct_guide-sitebait1-b47f476e", "time": 120.0, "bait_deployed": 0.1, "policy_bait_ready": false, "encounter": 0.1, "oracle_handoff": null, "children": 8, "active_guide_id": 8, "guide_alive": true, "active_guide_alive": true, "guided_delivered": 1}
{"progress": "real-map-EmergencyGuides-m10345-f20345-p1-direct_guide-sitebait1-b47f476e", "time": 130.0, "bait_deployed": 0.1, "policy_bait_ready": false, "encounter": 0.1, "oracle_handoff": null, "children": 8, "active_guide_id": 8, "guide_alive": true, "active_guide_alive": true, "guided_delivered": 1}
{"progress": "real-map-EmergencyGuides-m10345-f20345-p1-direct_guide-sitebait1-b47f476e", "time": 140.0, "bait_deployed": 0.1, "policy_bait_ready": false, "encounter": 0.1, "oracle_handoff": null, "children": 8, "active_guide_id": 8, "guide_alive": true, "active_guide_alive": true, "guided_delivered": 1}
{"progress": "real-map-EmergencyGuides-m10345-f20345-p1-direct_guide-sitebait1-b47f476e", "time": 150.0, "bait_deployed": 0.1, "policy_bait_ready": false, "encounter": 0.1, "oracle_handoff": null, "children": 8, "active_guide_id": 8, "guide_alive": true, "active_guide_alive": true, "guided_delivered": 1}
{"progress": "real-map-EmergencyGuides-m10345-f20345-p1-direct_guide-sitebait1-b47f476e", "time": 160.0, "bait_deployed": 0.1, "policy_bait_ready": false, "encounter": 0.1, "oracle_handoff": null, "children": 8, "active_guide_id": 8, "guide_alive": true, "active_guide_alive": true, "guided_delivered": 1}
{"progress": "real-map-EmergencyGuides-m10345-f20345-p1-direct_guide-sitebait1-b47f476e", "time": 170.0, "bait_deployed": 0.1, "policy_bait_ready": false, "encounter": 0.1, "oracle_handoff": null, "children": 8, "active_guide_id": 8, "guide_alive": true, "active_guide_alive": true, "guided_delivered": 1}
{"progress": "real-map-EmergencyGuides-m10345-f20345-p1-direct_guide-sitebait1-b47f476e", "time": 180.0, "bait_deployed": 0.1, "policy_bait_ready": false, "encounter": 0.1, "oracle_handoff": null, "children": 8, "active_guide_id": 8, "guide_alive": true, "active_guide_alive": true, "guided_delivered": 1}
{"progress": "real-map-EmergencyGuides-m10345-f20345-p1-direct_guide-sitebait1-b47f476e", "time": 190.0, "bait_deployed": 0.1, "policy_bait_ready": false, "encounter": 0.1, "oracle_handoff": null, "children": 8, "active_guide_id": 8, "guide_alive": true, "active_guide_alive": true, "guided_delivered": 1}
{"progress": "real-map-EmergencyGuides-m10345-f20345-p1-direct_guide-sitebait1-b47f476e", "time": 200.0, "bait_deployed": 0.1, "policy_bait_ready": false, "encounter": 0.1, "oracle_handoff": null, "children": 8, "active_guide_id": 8, "guide_alive": true, "active_guide_alive": true, "guided_delivered": 1}
{"progress": "real-map-EmergencyGuides-m10345-f20345-p1-direct_guide-sitebait1-b47f476e", "time": 210.0, "bait_deployed": 0.1, "policy_bait_ready": false, "encounter": 0.1, "oracle_handoff": null, "children": 8, "active_guide_id": 8, "guide_alive": true, "active_guide_alive": true, "guided_delivered": 1}
{"progress": "real-map-EmergencyGuides-m10345-f20345-p1-direct_guide-sitebait1-b47f476e", "time": 220.0, "bait_deployed": 0.1, "policy_bait_ready": false, "encounter": 0.1, "oracle_handoff": null, "children": 8, "active_guide_id": 8, "guide_alive": true, "active_guide_alive": true, "guided_delivered": 1}
{"progress": "real-map-EmergencyGuides-m10345-f20345-p1-direct_guide-sitebait1-b47f476e", "time": 230.0, "bait_deployed": 0.1, "policy_bait_ready": false, "encounter": 0.1, "oracle_handoff": null, "children": 8, "active_guide_id": 8, "guide_alive": true, "active_guide_alive": true, "guided_delivered": 1}
{"progress": "real-map-EmergencyGuides-m10345-f20345-p1-direct_guide-sitebait1-b47f476e", "time": 240.0, "bait_deployed": 0.1, "policy_bait_ready": false, "encounter": 0.1, "oracle_handoff": null, "children": 8, "active_guide_id": 8, "guide_alive": true, "active_guide_alive": true, "guided_delivered": 1}
{"progress": "real-map-EmergencyGuides-m10345-f20345-p1-direct_guide-sitebait1-b47f476e", "time": 250.0, "bait_deployed": 0.1, "policy_bait_ready": false, "encounter": 0.1, "oracle_handoff": null, "children": 8, "active_guide_id": 8, "guide_alive": true, "active_guide_alive": true, "guided_delivered": 1}
{"progress": "real-map-EmergencyGuides-m10345-f20345-p1-direct_guide-sitebait1-b47f476e", "time": 260.0, "bait_deployed": 0.1, "policy_bait_ready": false, "encounter": 0.1, "oracle_handoff": null, "children": 8, "active_guide_id": 8, "guide_alive": true, "active_guide_alive": true, "guided_delivered": 1}
{"progress": "real-map-EmergencyGuides-m10345-f20345-p1-direct_guide-sitebait1-b47f476e", "time": 270.0, "bait_deployed": 0.1, "policy_bait_ready": false, "encounter": 0.1, "oracle_handoff": null, "children": 8, "active_guide_id": 8, "guide_alive": true, "active_guide_alive": true, "guided_delivered": 1}
{"progress": "real-map-EmergencyGuides-m10345-f20345-p1-direct_guide-sitebait1-b47f476e", "time": 280.0, "bait_deployed": 0.1, "policy_bait_ready": false, "encounter": 0.1, "oracle_handoff": null, "children": 8, "active_guide_id": 8, "guide_alive": true, "active_guide_alive": true, "guided_delivered": 1}
{"progress": "real-map-EmergencyGuides-m10345-f20345-p1-direct_guide-sitebait1-b47f476e", "time": 290.0, "bait_deployed": 0.1, "policy_bait_ready": false, "encounter": 0.1, "oracle_handoff": null, "children": 8, "active_guide_id": 8, "guide_alive": true, "active_guide_alive": true, "guided_delivered": 1}
{"progress": "real-map-EmergencyGuides-m10345-f20345-p1-direct_guide-sitebait1-b47f476e", "time": 300.0, "bait_deployed": 0.1, "policy_bait_ready": false, "encounter": 0.1, "oracle_handoff": null, "children": 8, "active_guide_id": 8, "guide_alive": true, "active_guide_alive": true, "guided_delivered": 1}
{"viewer_manifest_refresh": {"status": "deferred", "reason": "bounded-memory runs defer full-replay viewer processing"}}
{
  "schema": "real-map-intake-result-v2",
  "policy": "integrated_guide.policy_v34_wide_emergency:EmergencyGuides",
  "policy_hash": "41e1169f4cf2954e8749cc49a89d271db8dfa535114ff82644fa1a471897bac7",
  "harness_hashes": {
    "research/simple_chase/run_streaming_v2.py": "837e02b05d1ba3af71df0949cb30beb18a8b2844f090f8b383c692192c52719a",
    "research/simple_chase/sampling.py": "1efb7d309c4cc79bc87916c1bea72a7845e78d0c2cdf0aeaf9e2a758ceed48ab",
    "research/simple_chase/static_map.py": "197b16cbe9dd2e3dd06b81fe9481986a97bd92d9c2a55f33597cc9b7280faf3c",
    "debugger/streaming_recorder_v2.py": "d5ecda6bb39ec74a9ad86fb20458df5de7f466d73052558af9e2877be3d99b19"
  },
  "mode": "direct_guide",
  "map_seed": 10345,
  "fixture_seed": 20345,
  "static_map_hash": "9c04d075b649aa98490ec302c776d25a6865c7335e3725848431e68401b88cf2",
  "site": {
    "mouth": [
      237.4953,
      948.3525
    ],
    "inward": [
      -1.0,
      0.0
    ],
    "cross": [
      -0.0,
      -1.0
    ],
    "goal": [
      232.4953,
      948.3525
    ],
    "far": [
      362.4953,
      948.3525
    ],
    "hold": [
      312.4953,
      948.3525
    ],
    "gap": 16.6167,
    "overlap": 40.2471,
    "runup": [
      487.4953,
      948.3525
    ],
    "approach_lane_offset": 0.0,
    "offset_approach": false,
    "obstacle_indices": [
      83,
      38
    ],
    "axis": 1,
    "other_mouth": [
      197.2482,
      948.3525
    ],
    "replacement_entry": [
      177.2482,
      948.3525
    ],
    "second_access_clear": true,
    "second_access_radius": 5.01,
    "bait_depth": 5.0,
    "boundary_indices": [],
    "geometric_replacement_access_only": true
  },
  "station_bait": true,
  "requested_seconds": 300.0,
  "seconds": 300.0,
  "reason": "horizon",
  "native_render": true,
  "reproduction_of": null,
  "record_every_ticks": 1,
  "replay_frames": 3001,
  "initial_predators": 1,
  "final_predators_total": 2,
  "tracked_predators_present_final": 1,
  "ambient_predators_spawned": 1,
  "ambient_predators_present_final": 1,
  "agent_energy_refilled": true,
  "predator_state_native": false,
  "predator_dynamics_native_after_setup": true,
  "arranged_adjacent_awake_start": true,
  "bait_id": 0,
  "guide_id": 1,
  "bait_alive": true,
  "guide_alive": true,
  "deaths": [],
  "spawn_requests": [
    {
      "time": 37.1,
      "parent_id": 1
    },
    {
      "time": 37.2,
      "parent_id": 1
    },
    {
      "time": 37.3,
      "parent_id": 2
    },
    {
      "time": 37.4,
      "parent_id": 1
    },
    {
      "time": 37.5,
      "parent_id": 2
    },
    {
      "time": 37.6,
      "parent_id": 1
    },
    {
      "time": 37.7,
      "parent_id": 4
    },
    {
      "time": 37.8,
      "parent_id": 7
    }
  ],
  "child_births": [
    {
      "time": 37.1,
      "child_id": 2,
      "x": 290.0219,
      "y": 933.0416,
      "requesting_parent_ids": [
        1
      ],
      "native_parent_proximity_spawn": true
    },
    {
      "time": 37.2,
      "child_id": 3,
      "x": 276.1597,
      "y": 950.7361,
      "requesting_parent_ids": [
        1
      ],
      "native_parent_proximity_spawn": true
    },
    {
      "time": 37.3,
      "child_id": 4,
      "x": 302.4426,
      "y": 935.051,
      "requesting_parent_ids": [
        2
      ],
      "native_parent_proximity_spawn": true
    },
    {
      "time": 37.4,
      "child_id": 5,
      "x": 311.3062,
      "y": 938.4381,
      "requesting_parent_ids": [
        1
      ],
      "native_parent_proximity_spawn": true
    },
    {
      "time": 37.5,
      "child_id": 6,
      "x": 317.8704,
      "y": 918.309,
      "requesting_parent_ids": [
        2
      ],
      "native_parent_proximity_spawn": true
    },
    {
      "time": 37.6,
      "child_id": 7,
      "x": 308.881,
      "y": 950.2752,
      "requesting_parent_ids": [
        1
      ],
      "native_parent_proximity_spawn": true
    },
    {
      "time": 37.7,
      "child_id": 8,
      "x": 293.5539,
      "y": 934.8972,
      "requesting_parent_ids": [
        4
      ],
      "native_parent_proximity_spawn": true
    },
    {
      "time": 37.8,
      "child_id": 9,
      "x": 277.5532,
      "y": 954.4753,
      "requesting_parent_ids": [
        7
      ],
      "native_parent_proximity_spawn": true
    }
  ],
  "fruit_consumptions": [
    {
      "time": 14.5,
      "agent_id": 1,
      "x": 487.0749,
      "y": 591.5718
    },
    {
      "time": 14.5,
      "agent_id": 1,
      "x": 472.6604,
      "y": 588.2093
    },
    {
      "time": 17.8,
      "agent_id": 1,
      "x": 462.4375,
      "y": 733.042
    },
    {
      "time": 49.9,
      "agent_id": 2,
      "x": 399.2395,
      "y": 944.9675
    },
    {
      "time": 54.2,
      "agent_id": 8,
      "x": 464.7185,
      "y": 953.7162
    }
  ],
  "parent_fruit_consumed_before_tracked_encounter": 0,
  "tracked_encounter_times": [
    0.1
  ],
  "conditional_delivery_denominator": true,
  "conditional_delivery_status": "not_applicable",
  "setup_oracle": false,
  "setup_oracle_target": null,
  "setup_oracle_ticks": 0,
  "setup_oracle_routing": null,
  "setup_oracle_route_resets": 0,
  "setup_oracle_policy_reset_before_handoff_act": false,
  "setup_oracle_handoff_time": null,
  "dynamic_action_privilege_ended_at": null,
  "target_switches": [
    {
      "time": 0.1,
      "tracked_predator_slot": 0,
      "target": 1
    },
    {
      "time": 5.9,
      "tracked_predator_slot": 0,
      "target": null
    },
    {
      "time": 6.6,
      "tracked_predator_slot": 0,
      "target": 1
    },
    {
      "time": 6.7,
      "tracked_predator_slot": 0,
      "target": null
    },
    {
      "time": 6.8,
      "tracked_predator_slot": 0,
      "target": 1
    },
    {
      "time": 11.7,
      "tracked_predator_slot": 0,
      "target": null
    },
    {
      "time": 11.8,
      "tracked_predator_slot": 0,
      "target": 1
    },
    {
      "time": 12.0,
      "tracked_predator_slot": 0,
      "target": null
    },
    {
      "time": 12.7,
      "tracked_predator_slot": 0,
      "target": 1
    },
    {
      "time": 13.3,
      "tracked_predator_slot": 0,
      "target": "resting"
    },
    {
      "time": 16.8,
      "tracked_predator_slot": 0,
      "target": null
    },
    {
      "time": 16.9,
      "tracked_predator_slot": 0,
      "target": 1
    },
    {
      "time": 19.5,
      "tracked_predator_slot": 0,
      "target": 0
    },
    {
      "time": 19.6,
      "tracked_predator_slot": 0,
      "target": 1
    },
    {
      "time": 19.8,
      "tracked_predator_slot": 0,
      "target": null
    },
    {
      "time": 19.9,
      "tracked_predator_slot": 0,
      "target": 1
    },
    {
      "time": 20.0,
      "tracked_predator_slot": 0,
      "target": null
    },
    {
      "time": 20.1,
      "tracked_predator_slot": 0,
      "target": 1
    },
    {
      "time": 20.4,
      "tracked_predator_slot": 0,
      "target": null
    },
    {
      "time": 20.5,
      "tracked_predator_slot": 0,
      "target": 1
    },
    {
      "time": 22.0,
      "tracked_predator_slot": 0,
      "target": 0
    },
    {
      "time": 22.6,
      "tracked_predator_slot": 0,
      "target": 1
    },
    {
      "time": 24.9,
      "tracked_predator_slot": 0,
      "target": null
    },
    {
      "time": 25.3,
      "tracked_predator_slot": 0,
      "target": 0
    },
    {
      "time": 25.4,
      "tracked_predator_slot": 0,
      "target": 1
    },
    {
      "time": 25.9,
      "tracked_predator_slot": 0,
      "target": null
    },
    {
      "time": 26.0,
      "tracked_predator_slot": 0,
      "target": "resting"
    },
    {
      "time": 29.5,
      "tracked_predator_slot": 0,
      "target": 1
    },
    {
      "time": 29.7,
      "tracked_predator_slot": 0,
      "target": null
    },
    {
      "time": 29.8,
      "tracked_predator_slot": 0,
      "target": 1
    },
    {
      "time": 31.2,
      "tracked_predator_slot": 0,
      "target": 0
    },
    {
      "time": 31.3,
      "tracked_predator_slot": 0,
      "target": 1
    },
    {
      "time": 31.5,
      "tracked_predator_slot": 0,
      "target": 0
    },
    {
      "time": 38.7,
      "tracked_predator_slot": 0,
      "target": "resting"
    },
    {
      "time": 42.2,
      "tracked_predator_slot": 0,
      "target": 0
    },
    {
      "time": 51.2,
      "tracked_predator_slot": 0,
      "target": "resting"
    },
    {
      "time": 54.7,
      "tracked_predator_slot": 0,
      "target": 0
    },
    {
      "time": 63.9,
      "tracked_predator_slot": 0,
      "target": "resting"
    },
    {
      "time": 67.4,
      "tracked_predator_slot": 0,
      "target": 0
    },
    {
      "time": 76.3,
      "tracked_predator_slot": 0,
      "target": "resting"
    },
    {
      "time": 79.8,
      "tracked_predator_slot": 0,
      "target": 0
    },
    {
      "time": 88.7,
      "tracked_predator_slot": 0,
      "target": "resting"
    },
    {
      "time": 92.2,
      "tracked_predator_slot": 0,
      "target": 0
    },
    {
      "time": 101.1,
      "tracked_predator_slot": 0,
      "target": "resting"
    },
    {
      "time": 104.6,
      "tracked_predator_slot": 0,
      "target": 0
    },
    {
      "time": 113.9,
      "tracked_predator_slot": 0,
      "target": "resting"
    },
    {
      "time": 117.4,
      "tracked_predator_slot": 0,
      "target": 0
    },
    {
      "time": 126.7,
      "tracked_predator_slot": 0,
      "target": "resting"
    },
    {
      "time": 130.2,
      "tracked_predator_slot": 0,
      "target": 0
    },
    {
      "time": 139.5,
      "tracked_predator_slot": 0,
      "target": "resting"
    },
    {
      "time": 143.0,
      "tracked_predator_slot": 0,
      "target": 0
    },
    {
      "time": 152.3,
      "tracked_predator_slot": 0,
      "target": "resting"
    },
    {
      "time": 155.8,
      "tracked_predator_slot": 0,
      "target": 0
    },
    {
      "time": 165.0,
      "tracked_predator_slot": 0,
      "target": "resting"
    },
    {
      "time": 168.5,
      "tracked_predator_slot": 0,
      "target": 0
    },
    {
      "time": 177.8,
      "tracked_predator_slot": 0,
      "target": "resting"
    },
    {
      "time": 181.3,
      "tracked_predator_slot": 0,
      "target": 0
    },
    {
      "time": 190.6,
      "tracked_predator_slot": 0,
      "target": "resting"
    },
    {
      "time": 194.1,
      "tracked_predator_slot": 0,
      "target": 0
    },
    {
      "time": 203.3,
      "tracked_predator_slot": 0,
      "target": "resting"
    },
    {
      "time": 206.8,
      "tracked_predator_slot": 0,
      "target": 0
    },
    {
      "time": 215.8,
      "tracked_predator_slot": 0,
      "target": "resting"
    },
    {
      "time": 219.3,
      "tracked_predator_slot": 0,
      "target": 0
    },
    {
      "time": 228.5,
      "tracked_predator_slot": 0,
      "target": "resting"
    },
    {
      "time": 232.0,
      "tracked_predator_slot": 0,
      "target": 0
    },
    {
      "time": 240.9,
      "tracked_predator_slot": 0,
      "target": "resting"
    },
    {
      "time": 244.4,
      "tracked_predator_slot": 0,
      "target": 0
    },
    {
      "time": 253.3,
      "tracked_predator_slot": 0,
      "target": "resting"
    },
    {
      "time": 256.8,
      "tracked_predator_slot": 0,
      "target": 0
    },
    {
      "time": 265.7,
      "tracked_predator_slot": 0,
      "target": "resting"
    },
    {
      "time": 269.2,
      "tracked_predator_slot": 0,
      "target": 0
    },
    {
      "time": 278.5,
      "tracked_predator_slot": 0,
      "target": "resting"
    },
    {
      "time": 282.0,
      "tracked_predator_slot": 0,
      "target": 0
    },
    {
      "time": 291.3,
      "tracked_predator_slot": 0,
      "target": "resting"
    },
    {
      "time": 294.8,
      "tracked_predator_slot": 0,
      "target": 0
    }
  ],
  "guide_role_trace": [
    {
      "time": 0,
      "active_guide_id": 1
    },
    {
      "time": 37.2,
      "active_guide_id": 2
    },
    {
      "time": 37.3,
      "active_guide_id": 3
    },
    {
      "time": 37.5,
      "active_guide_id": 4
    },
    {
      "time": 37.6,
      "active_guide_id": 3
    },
    {
      "time": 37.7,
      "active_guide_id": 2
    },
    {
      "time": 37.8,
      "active_guide_id": 3
    },
    {
      "time": 37.9,
      "active_guide_id": 9
    },
    {
      "time": 38.1,
      "active_guide_id": 5
    },
    {
      "time": 39.0,
      "active_guide_id": 6
    },
    {
      "time": 42.5,
      "active_guide_id": 4
    },
    {
      "time": 43.8,
      "active_guide_id": 8
    },
    {
      "time": 44.0,
      "active_guide_id": 6
    },
    {
      "time": 44.1,
      "active_guide_id": 2
    },
    {
      "time": 44.6,
      "active_guide_id": 6
    },
    {
      "time": 44.7,
      "active_guide_id": 4
    },
    {
      "time": 44.9,
      "active_guide_id": 8
    },
    {
      "time": 45.0,
      "active_guide_id": 2
    },
    {
      "time": 45.1,
      "active_guide_id": 8
    },
    {
      "time": 45.3,
      "active_guide_id": 4
    },
    {
      "time": 46.7,
      "active_guide_id": 2
    },
    {
      "time": 47.3,
      "active_guide_id": 8
    },
    {
      "time": 47.5,
      "active_guide_id": 2
    },
    {
      "time": 47.7,
      "active_guide_id": 8
    },
    {
      "time": 48.4,
      "active_guide_id": 4
    },
    {
      "time": 49.1,
      "active_guide_id": 8
    },
    {
      "time": 50.9,
      "active_guide_id": 4
    },
    {
      "time": 51.6,
      "active_guide_id": 8
    }
  ],
  "guide_follow_trace": [
    {
      "time": 0.1,
      "active_guide_id": 1,
      "tracked_predator_slot": 0
    }
  ],
  "guide_role": "child",
  "parent_role": "gather_evade",
  "child_role": "guide",
  "active_guide_id_final": 8,
  "active_guide_alive_final": true,
  "guide_role_ids": [
    1,
    2,
    3,
    4,
    5,
    6,
    7,
    8,
    9
  ],
  "bait_deployed_at": 0.1,
  "policy_bait_ready_final": false,
  "bait_left_after_deployment": null,
  "final_bait_distance_to_goal": 0.0,
  "first_guide_predator_observation": 0.1,
  "first_predator_following_guide": 0.1,
  "first_predator_following_active_guide": null,
  "tracked_seen_by_guide": 1,
  "tracked_followed_active_guide": 0,
  "physical_entered": 1,
  "guided_delivered": 1,
  "physical_losses_after_delivery": 0,
  "target_losses_after_delivery": 0,
  "physical_entry_times": [
    32.1
  ],
  "guided_delivery_times": [
    32.1
  ],
  "loss_times": [
    null
  ],
  "target_loss_times": [
    null
  ],
  "tail_seconds": 30.0,
  "tail_physical_min": 1,
  "tail_contained_min": 1,
  "final_distance_from_mouth": [
    20.0861
  ],
  "max_distance_after_delivery": [
    28.6107
  ],
  "policy_events": [
    {
      "time": 37.1,
      "kind": "emergency_reserve_budget_enabled",
      "observed_distance": 38.2413,
      "blocked_escape_cone": false,
      "close_wall": true,
      "agent_id": 1
    },
    {
      "time": 37.1,
      "kind": "bounded_emergency_reserve_birth",
      "parent_id": 1,
      "request_number": 1,
      "observed_distance": 38.2413
    },
    {
      "time": 37.2,
      "kind": "native_backup_registered",
      "agent_id": 2
    },
    {
      "time": 37.2,
      "kind": "public_dto_active_guide",
      "agent_id": 2,
      "reason": "minimum_observed_predator_distance_hysteresis"
    },
    {
      "time": 37.2,
      "kind": "bounded_emergency_reserve_birth",
      "parent_id": 1,
      "request_number": 2,
      "observed_distance": 67.6542
    },
    {
      "time": 37.3,
      "kind": "native_backup_registered",
      "agent_id": 3
    },
    {
      "time": 37.3,
      "kind": "public_dto_active_guide",
      "agent_id": 3,
      "reason": "minimum_observed_predator_distance_hysteresis"
    },
    {
      "time": 37.3,
      "kind": "bounded_emergency_reserve_birth",
      "parent_id": 2,
      "request_number": 3,
      "observed_distance": 58.8427
    },
    {
      "time": 37.4,
      "kind": "native_backup_registered",
      "agent_id": 4
    },
    {
      "time": 37.4,
      "kind": "bounded_emergency_reserve_birth",
      "parent_id": 1,
      "request_number": 4,
      "observed_distance": 67.3857
    },
    {
      "time": 37.5,
      "kind": "native_backup_registered",
      "agent_id": 5
    },
    {
      "time": 37.5,
      "kind": "public_dto_active_guide",
      "agent_id": 4,
      "reason": "minimum_observed_predator_distance_hysteresis"
    },
    {
      "time": 37.5,
      "kind": "bounded_emergency_reserve_birth",
      "parent_id": 2,
      "request_number": 5,
      "observed_distance": 62.995
    },
    {
      "time": 37.6,
      "kind": "native_backup_registered",
      "agent_id": 6
    },
    {
      "time": 37.6,
      "kind": "public_dto_active_guide",
      "agent_id": 3,
      "reason": "minimum_observed_predator_distance_hysteresis"
    },
    {
      "time": 37.6,
      "kind": "bounded_emergency_reserve_birth",
      "parent_id": 1,
      "request_number": 6,
      "observed_distance": 70.2807
    },
    {
      "time": 37.7,
      "kind": "native_backup_registered",
      "agent_id": 7
    },
    {
      "time": 37.7,
      "kind": "public_dto_active_guide",
      "agent_id": 2,
      "reason": "minimum_observed_predator_distance_hysteresis"
    },
    {
      "time": 37.7,
      "kind": "bounded_emergency_reserve_birth",
      "parent_id": 4,
      "request_number": 7,
      "observed_distance": 59.1513
    },
    {
      "time": 37.8,
      "kind": "native_backup_registered",
      "agent_id": 8
    },
    {
      "time": 37.8,
      "kind": "public_dto_active_guide",
      "agent_id": 3,
      "reason": "minimum_observed_predator_distance_hysteresis"
    },
    {
      "time": 37.8,
      "kind": "bounded_emergency_reserve_birth",
      "parent_id": 7,
      "request_number": 8,
      "observed_distance": 67.1517
    },
    {
      "time": 37.9,
      "kind": "native_backup_registered",
      "agent_id": 9
    },
    {
      "time": 37.9,
      "kind": "public_dto_active_guide",
      "agent_id": 9,
      "reason": "minimum_observed_predator_distance_hysteresis"
    },
    {
      "time": 38.1,
      "kind": "public_dto_active_guide",
      "agent_id": 5,
      "reason": "minimum_observed_predator_distance_hysteresis"
    },
    {
      "time": 39.0,
      "kind": "public_dto_active_guide",
      "agent_id": 6,
      "reason": "minimum_observed_predator_distance_hysteresis"
    },
    {
      "time": 42.5,
      "kind": "public_dto_active_guide",
      "agent_id": 4,
      "reason": "minimum_observed_predator_distance_hysteresis"
    },
    {
      "time": 43.8,
      "kind": "public_dto_active_guide",
      "agent_id": 8,
      "reason": "minimum_observed_predator_distance_hysteresis"
    },
    {
      "time": 44.0,
      "kind": "public_dto_active_guide",
      "agent_id": 6,
      "reason": "minimum_observed_predator_distance_hysteresis"
    },
    {
      "time": 44.1,
      "kind": "public_dto_active_guide",
      "agent_id": 2,
      "reason": "minimum_observed_predator_distance_hysteresis"
    },
    {
      "time": 44.6,
      "kind": "public_dto_active_guide",
      "agent_id": 6,
      "reason": "minimum_observed_predator_distance_hysteresis"
    },
    {
      "time": 44.7,
      "kind": "public_dto_active_guide",
      "agent_id": 4,
      "reason": "minimum_observed_predator_distance_hysteresis"
    },
    {
      "time": 44.9,
      "kind": "public_dto_active_guide",
      "agent_id": 8,
      "reason": "minimum_observed_predator_distance_hysteresis"
    },
    {
      "time": 45.0,
      "kind": "public_dto_active_guide",
      "agent_id": 2,
      "reason": "minimum_observed_predator_distance_hysteresis"
    },
    {
      "time": 45.1,
      "kind": "public_dto_active_guide",
      "agent_id": 8,
      "reason": "minimum_observed_predator_distance_hysteresis"
    },
    {
      "time": 45.3,
      "kind": "public_dto_active_guide",
      "agent_id": 4,
      "reason": "minimum_observed_predator_distance_hysteresis"
    },
    {
      "time": 46.7,
      "kind": "public_dto_active_guide",
      "agent_id": 2,
      "reason": "minimum_observed_predator_distance_hysteresis"
    },
    {
      "time": 47.3,
      "kind": "public_dto_active_guide",
      "agent_id": 8,
      "reason": "minimum_observed_predator_distance_hysteresis"
    },
    {
      "time": 47.5,
      "kind": "public_dto_active_guide",
      "agent_id": 2,
      "reason": "minimum_observed_predator_distance_hysteresis"
    },
    {
      "time": 47.7,
      "kind": "public_dto_active_guide",
      "agent_id": 8,
      "reason": "minimum_observed_predator_distance_hysteresis"
    },
    {
      "time": 48.4,
      "kind": "public_dto_active_guide",
      "agent_id": 4,
      "reason": "minimum_observed_predator_distance_hysteresis"
    },
    {
      "time": 49.1,
      "kind": "public_dto_active_guide",
      "agent_id": 8,
      "reason": "minimum_observed_predator_distance_hysteresis"
    },
    {
      "time": 50.9,
      "kind": "public_dto_active_guide",
      "agent_id": 4,
      "reason": "minimum_observed_predator_distance_hysteresis"
    },
    {
      "time": 51.6,
      "kind": "public_dto_active_guide",
      "agent_id": 8,
      "reason": "minimum_observed_predator_distance_hysteresis"
    }
  ],
  "success": true,
  "replay": "results/simple_chase/replays/real-map-EmergencyGuides-m10345-f20345-p1-direct_guide-sitebait1-b47f476e.json.gz"
}
/home/Ucals/projects/NordicCupAI-wall-funneling/survival-simulator/oscar-trap-research/survival/results/simple_chase/real-map-EmergencyGuides-m10345-f20345-p1-direct_guide-sitebait1-b47f476e.json
