Running as unit: run-p923132-i908883.scope; invocation ID: 81a4321f5543473290b3a4a4b153d87f
{"progress": "real-map-EmergencyGuides-m10342-f20342-p1-direct_guide-sitebait1-405e3eb7", "time": 10.0, "bait_deployed": 0.1, "policy_bait_ready": false, "encounter": 0.1, "oracle_handoff": null, "children": 0, "active_guide_id": 1, "guide_alive": false, "active_guide_alive": false, "guided_delivered": 1}
{"progress": "real-map-EmergencyGuides-m10342-f20342-p1-direct_guide-sitebait1-405e3eb7", "time": 20.0, "bait_deployed": 0.1, "policy_bait_ready": false, "encounter": 0.1, "oracle_handoff": null, "children": 0, "active_guide_id": 1, "guide_alive": false, "active_guide_alive": false, "guided_delivered": 1}
{"progress": "real-map-EmergencyGuides-m10342-f20342-p1-direct_guide-sitebait1-405e3eb7", "time": 30.0, "bait_deployed": 0.1, "policy_bait_ready": false, "encounter": 0.1, "oracle_handoff": null, "children": 0, "active_guide_id": 1, "guide_alive": false, "active_guide_alive": false, "guided_delivered": 1}
{"progress": "real-map-EmergencyGuides-m10342-f20342-p1-direct_guide-sitebait1-405e3eb7", "time": 40.0, "bait_deployed": 0.1, "policy_bait_ready": false, "encounter": 0.1, "oracle_handoff": null, "children": 0, "active_guide_id": 1, "guide_alive": false, "active_guide_alive": false, "guided_delivered": 1}
{"progress": "real-map-EmergencyGuides-m10342-f20342-p1-direct_guide-sitebait1-405e3eb7", "time": 50.0, "bait_deployed": 0.1, "policy_bait_ready": false, "encounter": 0.1, "oracle_handoff": null, "children": 0, "active_guide_id": 1, "guide_alive": false, "active_guide_alive": false, "guided_delivered": 1}
{"progress": "real-map-EmergencyGuides-m10342-f20342-p1-direct_guide-sitebait1-405e3eb7", "time": 60.0, "bait_deployed": 0.1, "policy_bait_ready": false, "encounter": 0.1, "oracle_handoff": null, "children": 0, "active_guide_id": 1, "guide_alive": false, "active_guide_alive": false, "guided_delivered": 1}
{"progress": "real-map-EmergencyGuides-m10342-f20342-p1-direct_guide-sitebait1-405e3eb7", "time": 70.0, "bait_deployed": 0.1, "policy_bait_ready": false, "encounter": 0.1, "oracle_handoff": null, "children": 0, "active_guide_id": 1, "guide_alive": false, "active_guide_alive": false, "guided_delivered": 1}
{"progress": "real-map-EmergencyGuides-m10342-f20342-p1-direct_guide-sitebait1-405e3eb7", "time": 80.0, "bait_deployed": 0.1, "policy_bait_ready": false, "encounter": 0.1, "oracle_handoff": null, "children": 0, "active_guide_id": 1, "guide_alive": false, "active_guide_alive": false, "guided_delivered": 1}
{"progress": "real-map-EmergencyGuides-m10342-f20342-p1-direct_guide-sitebait1-405e3eb7", "time": 90.0, "bait_deployed": 0.1, "policy_bait_ready": false, "encounter": 0.1, "oracle_handoff": null, "children": 0, "active_guide_id": 1, "guide_alive": false, "active_guide_alive": false, "guided_delivered": 1}
{"progress": "real-map-EmergencyGuides-m10342-f20342-p1-direct_guide-sitebait1-405e3eb7", "time": 100.0, "bait_deployed": 0.1, "policy_bait_ready": false, "encounter": 0.1, "oracle_handoff": null, "children": 0, "active_guide_id": 1, "guide_alive": false, "active_guide_alive": false, "guided_delivered": 1}
{"progress": "real-map-EmergencyGuides-m10342-f20342-p1-direct_guide-sitebait1-405e3eb7", "time": 110.0, "bait_deployed": 0.1, "policy_bait_ready": false, "encounter": 0.1, "oracle_handoff": null, "children": 0, "active_guide_id": 1, "guide_alive": false, "active_guide_alive": false, "guided_delivered": 1}
{"progress": "real-map-EmergencyGuides-m10342-f20342-p1-direct_guide-sitebait1-405e3eb7", "time": 120.0, "bait_deployed": 0.1, "policy_bait_ready": false, "encounter": 0.1, "oracle_handoff": null, "children": 0, "active_guide_id": 1, "guide_alive": false, "active_guide_alive": false, "guided_delivered": 1}
{"progress": "real-map-EmergencyGuides-m10342-f20342-p1-direct_guide-sitebait1-405e3eb7", "time": 130.0, "bait_deployed": 0.1, "policy_bait_ready": false, "encounter": 0.1, "oracle_handoff": null, "children": 0, "active_guide_id": 1, "guide_alive": false, "active_guide_alive": false, "guided_delivered": 1}
{"progress": "real-map-EmergencyGuides-m10342-f20342-p1-direct_guide-sitebait1-405e3eb7", "time": 140.0, "bait_deployed": 0.1, "policy_bait_ready": false, "encounter": 0.1, "oracle_handoff": null, "children": 0, "active_guide_id": 1, "guide_alive": false, "active_guide_alive": false, "guided_delivered": 1}
{"progress": "real-map-EmergencyGuides-m10342-f20342-p1-direct_guide-sitebait1-405e3eb7", "time": 150.0, "bait_deployed": 0.1, "policy_bait_ready": false, "encounter": 0.1, "oracle_handoff": null, "children": 0, "active_guide_id": 1, "guide_alive": false, "active_guide_alive": false, "guided_delivered": 1}
{"progress": "real-map-EmergencyGuides-m10342-f20342-p1-direct_guide-sitebait1-405e3eb7", "time": 160.0, "bait_deployed": 0.1, "policy_bait_ready": false, "encounter": 0.1, "oracle_handoff": null, "children": 0, "active_guide_id": 1, "guide_alive": false, "active_guide_alive": false, "guided_delivered": 1}
{"progress": "real-map-EmergencyGuides-m10342-f20342-p1-direct_guide-sitebait1-405e3eb7", "time": 170.0, "bait_deployed": 0.1, "policy_bait_ready": false, "encounter": 0.1, "oracle_handoff": null, "children": 0, "active_guide_id": 1, "guide_alive": false, "active_guide_alive": false, "guided_delivered": 1}
{"progress": "real-map-EmergencyGuides-m10342-f20342-p1-direct_guide-sitebait1-405e3eb7", "time": 180.0, "bait_deployed": 0.1, "policy_bait_ready": false, "encounter": 0.1, "oracle_handoff": null, "children": 0, "active_guide_id": 1, "guide_alive": false, "active_guide_alive": false, "guided_delivered": 1}
{"progress": "real-map-EmergencyGuides-m10342-f20342-p1-direct_guide-sitebait1-405e3eb7", "time": 190.0, "bait_deployed": 0.1, "policy_bait_ready": false, "encounter": 0.1, "oracle_handoff": null, "children": 0, "active_guide_id": 1, "guide_alive": false, "active_guide_alive": false, "guided_delivered": 1}
{"progress": "real-map-EmergencyGuides-m10342-f20342-p1-direct_guide-sitebait1-405e3eb7", "time": 200.0, "bait_deployed": 0.1, "policy_bait_ready": false, "encounter": 0.1, "oracle_handoff": null, "children": 0, "active_guide_id": 1, "guide_alive": false, "active_guide_alive": false, "guided_delivered": 1}
{"progress": "real-map-EmergencyGuides-m10342-f20342-p1-direct_guide-sitebait1-405e3eb7", "time": 210.0, "bait_deployed": 0.1, "policy_bait_ready": false, "encounter": 0.1, "oracle_handoff": null, "children": 0, "active_guide_id": 1, "guide_alive": false, "active_guide_alive": false, "guided_delivered": 1}
{"progress": "real-map-EmergencyGuides-m10342-f20342-p1-direct_guide-sitebait1-405e3eb7", "time": 220.0, "bait_deployed": 0.1, "policy_bait_ready": false, "encounter": 0.1, "oracle_handoff": null, "children": 0, "active_guide_id": 1, "guide_alive": false, "active_guide_alive": false, "guided_delivered": 1}
{"progress": "real-map-EmergencyGuides-m10342-f20342-p1-direct_guide-sitebait1-405e3eb7", "time": 230.0, "bait_deployed": 0.1, "policy_bait_ready": false, "encounter": 0.1, "oracle_handoff": null, "children": 0, "active_guide_id": 1, "guide_alive": false, "active_guide_alive": false, "guided_delivered": 1}
{"progress": "real-map-EmergencyGuides-m10342-f20342-p1-direct_guide-sitebait1-405e3eb7", "time": 240.0, "bait_deployed": 0.1, "policy_bait_ready": false, "encounter": 0.1, "oracle_handoff": null, "children": 0, "active_guide_id": 1, "guide_alive": false, "active_guide_alive": false, "guided_delivered": 1}
{"progress": "real-map-EmergencyGuides-m10342-f20342-p1-direct_guide-sitebait1-405e3eb7", "time": 250.0, "bait_deployed": 0.1, "policy_bait_ready": false, "encounter": 0.1, "oracle_handoff": null, "children": 0, "active_guide_id": 1, "guide_alive": false, "active_guide_alive": false, "guided_delivered": 1}
{"progress": "real-map-EmergencyGuides-m10342-f20342-p1-direct_guide-sitebait1-405e3eb7", "time": 260.0, "bait_deployed": 0.1, "policy_bait_ready": false, "encounter": 0.1, "oracle_handoff": null, "children": 0, "active_guide_id": 1, "guide_alive": false, "active_guide_alive": false, "guided_delivered": 1}
{"progress": "real-map-EmergencyGuides-m10342-f20342-p1-direct_guide-sitebait1-405e3eb7", "time": 270.0, "bait_deployed": 0.1, "policy_bait_ready": false, "encounter": 0.1, "oracle_handoff": null, "children": 0, "active_guide_id": 1, "guide_alive": false, "active_guide_alive": false, "guided_delivered": 1}
{"progress": "real-map-EmergencyGuides-m10342-f20342-p1-direct_guide-sitebait1-405e3eb7", "time": 280.0, "bait_deployed": 0.1, "policy_bait_ready": false, "encounter": 0.1, "oracle_handoff": null, "children": 0, "active_guide_id": 1, "guide_alive": false, "active_guide_alive": false, "guided_delivered": 1}
{"progress": "real-map-EmergencyGuides-m10342-f20342-p1-direct_guide-sitebait1-405e3eb7", "time": 290.0, "bait_deployed": 0.1, "policy_bait_ready": false, "encounter": 0.1, "oracle_handoff": null, "children": 0, "active_guide_id": 1, "guide_alive": false, "active_guide_alive": false, "guided_delivered": 1}
{"progress": "real-map-EmergencyGuides-m10342-f20342-p1-direct_guide-sitebait1-405e3eb7", "time": 300.0, "bait_deployed": 0.1, "policy_bait_ready": false, "encounter": 0.1, "oracle_handoff": null, "children": 0, "active_guide_id": 1, "guide_alive": false, "active_guide_alive": false, "guided_delivered": 1}
{"viewer_manifest_refresh": {"status": "deferred", "reason": "bounded-memory runs defer full-replay viewer processing"}}
{
  "schema": "real-map-intake-result-v2",
  "policy": "integrated_guide.policy_v34_wide_emergency:EmergencyGuides",
  "policy_hash": "41e1169f4cf2954e8749cc49a89d271db8dfa535114ff82644fa1a471897bac7",
  "harness_hashes": {
    "research/simple_chase/run_streaming_v2.py": "837e02b05d1ba3af71df0949cb30beb18a8b2844f090f8b383c692192c52719a",
    "research/simple_chase/sampling.py": "1efb7d309c4cc79bc87916c1bea72a7845e78d0c2cdf0aeaf9e2a758ceed48ab",
    "research/simple_chase/static_map.py": "197b16cbe9dd2e3dd06b81fe9481986a97bd92d9c2a55f33597cc9b7280faf3c",
    "debugger/streaming_recorder_v2.py": "d5ecda6bb39ec74a9ad86fb20458df5de7f466d73052558af9e2877be3d99b19"
  },
  "mode": "direct_guide",
  "map_seed": 10342,
  "fixture_seed": 20342,
  "static_map_hash": "9c0d1a009895db5a85fb11b8e6d744d9f46878597a60947f43d144c998e36983",
  "site": {
    "mouth": [
      865.7619,
      542.6962
    ],
    "inward": [
      1.0,
      0.0
    ],
    "cross": [
      -0.0,
      1.0
    ],
    "goal": [
      870.7619,
      542.6962
    ],
    "far": [
      740.7619,
      542.6962
    ],
    "hold": [
      790.7619,
      542.6962
    ],
    "gap": 15.2679,
    "overlap": 30.7381,
    "runup": [
      615.7619,
      542.6962
    ],
    "approach_lane_offset": 0.0,
    "offset_approach": false,
    "obstacle_indices": [
      16,
      59
    ],
    "axis": 1,
    "other_mouth": [
      896.4999,
      542.6962
    ],
    "replacement_entry": [
      916.4999,
      542.6962
    ],
    "second_access_clear": true,
    "second_access_radius": 5.01,
    "bait_depth": 5.0,
    "boundary_indices": [],
    "geometric_replacement_access_only": true
  },
  "station_bait": true,
  "requested_seconds": 300.0,
  "seconds": 300.0,
  "reason": "horizon",
  "native_render": true,
  "reproduction_of": null,
  "record_every_ticks": 1,
  "replay_frames": 3001,
  "initial_predators": 1,
  "final_predators_total": 3,
  "tracked_predators_present_final": 1,
  "ambient_predators_spawned": 2,
  "ambient_predators_present_final": 2,
  "agent_energy_refilled": true,
  "predator_state_native": false,
  "predator_dynamics_native_after_setup": true,
  "arranged_adjacent_awake_start": true,
  "bait_id": 0,
  "guide_id": 1,
  "bait_alive": true,
  "guide_alive": false,
  "deaths": [
    {
      "time": 4.0,
      "agent_id": 1,
      "role": "parent_guide"
    }
  ],
  "spawn_requests": [],
  "child_births": [],
  "fruit_consumptions": [],
  "parent_fruit_consumed_before_tracked_encounter": 0,
  "tracked_encounter_times": [
    0.1
  ],
  "conditional_delivery_denominator": true,
  "conditional_delivery_status": "not_applicable",
  "setup_oracle": false,
  "setup_oracle_target": null,
  "setup_oracle_ticks": 0,
  "setup_oracle_routing": null,
  "setup_oracle_route_resets": 0,
  "setup_oracle_policy_reset_before_handoff_act": false,
  "setup_oracle_handoff_time": null,
  "dynamic_action_privilege_ended_at": null,
  "target_switches": [
    {
      "time": 0.1,
      "tracked_predator_slot": 0,
      "target": 1
    },
    {
      "time": 4.0,
      "tracked_predator_slot": 0,
      "target": 0
    },
    {
      "time": 16.9,
      "tracked_predator_slot": 0,
      "target": "resting"
    },
    {
      "time": 20.4,
      "tracked_predator_slot": 0,
      "target": 0
    },
    {
      "time": 29.4,
      "tracked_predator_slot": 0,
      "target": "resting"
    },
    {
      "time": 32.9,
      "tracked_predator_slot": 0,
      "target": 0
    },
    {
      "time": 42.2,
      "tracked_predator_slot": 0,
      "target": "resting"
    },
    {
      "time": 45.7,
      "tracked_predator_slot": 0,
      "target": 0
    },
    {
      "time": 55.0,
      "tracked_predator_slot": 0,
      "target": "resting"
    },
    {
      "time": 58.5,
      "tracked_predator_slot": 0,
      "target": 0
    },
    {
      "time": 67.7,
      "tracked_predator_slot": 0,
      "target": "resting"
    },
    {
      "time": 71.2,
      "tracked_predator_slot": 0,
      "target": 0
    },
    {
      "time": 80.2,
      "tracked_predator_slot": 0,
      "target": "resting"
    },
    {
      "time": 83.7,
      "tracked_predator_slot": 0,
      "target": 0
    },
    {
      "time": 93.0,
      "tracked_predator_slot": 0,
      "target": "resting"
    },
    {
      "time": 96.5,
      "tracked_predator_slot": 0,
      "target": 0
    },
    {
      "time": 105.8,
      "tracked_predator_slot": 0,
      "target": "resting"
    },
    {
      "time": 109.3,
      "tracked_predator_slot": 0,
      "target": 0
    },
    {
      "time": 118.6,
      "tracked_predator_slot": 0,
      "target": "resting"
    },
    {
      "time": 122.1,
      "tracked_predator_slot": 0,
      "target": 0
    },
    {
      "time": 131.4,
      "tracked_predator_slot": 0,
      "target": "resting"
    },
    {
      "time": 134.9,
      "tracked_predator_slot": 0,
      "target": 0
    },
    {
      "time": 144.2,
      "tracked_predator_slot": 0,
      "target": "resting"
    },
    {
      "time": 147.7,
      "tracked_predator_slot": 0,
      "target": 0
    },
    {
      "time": 157.0,
      "tracked_predator_slot": 0,
      "target": "resting"
    },
    {
      "time": 160.5,
      "tracked_predator_slot": 0,
      "target": 0
    },
    {
      "time": 169.8,
      "tracked_predator_slot": 0,
      "target": "resting"
    },
    {
      "time": 173.3,
      "tracked_predator_slot": 0,
      "target": 0
    },
    {
      "time": 182.6,
      "tracked_predator_slot": 0,
      "target": "resting"
    },
    {
      "time": 186.1,
      "tracked_predator_slot": 0,
      "target": 0
    },
    {
      "time": 195.4,
      "tracked_predator_slot": 0,
      "target": "resting"
    },
    {
      "time": 198.9,
      "tracked_predator_slot": 0,
      "target": 0
    },
    {
      "time": 208.2,
      "tracked_predator_slot": 0,
      "target": "resting"
    },
    {
      "time": 211.7,
      "tracked_predator_slot": 0,
      "target": 0
    },
    {
      "time": 221.0,
      "tracked_predator_slot": 0,
      "target": "resting"
    },
    {
      "time": 224.5,
      "tracked_predator_slot": 0,
      "target": 0
    },
    {
      "time": 233.8,
      "tracked_predator_slot": 0,
      "target": "resting"
    },
    {
      "time": 237.3,
      "tracked_predator_slot": 0,
      "target": 0
    },
    {
      "time": 246.6,
      "tracked_predator_slot": 0,
      "target": "resting"
    },
    {
      "time": 250.1,
      "tracked_predator_slot": 0,
      "target": 0
    },
    {
      "time": 259.3,
      "tracked_predator_slot": 0,
      "target": "resting"
    },
    {
      "time": 262.8,
      "tracked_predator_slot": 0,
      "target": 0
    },
    {
      "time": 271.8,
      "tracked_predator_slot": 0,
      "target": "resting"
    },
    {
      "time": 275.3,
      "tracked_predator_slot": 0,
      "target": 0
    },
    {
      "time": 284.7,
      "tracked_predator_slot": 0,
      "target": "resting"
    },
    {
      "time": 288.2,
      "tracked_predator_slot": 0,
      "target": 0
    },
    {
      "time": 297.5,
      "tracked_predator_slot": 0,
      "target": "resting"
    }
  ],
  "guide_role_trace": [
    {
      "time": 0,
      "active_guide_id": 1
    }
  ],
  "guide_follow_trace": [
    {
      "time": 0.1,
      "active_guide_id": 1,
      "tracked_predator_slot": 0
    }
  ],
  "guide_role": "parent",
  "parent_role": "guide",
  "child_role": "gather_evade",
  "active_guide_id_final": 1,
  "active_guide_alive_final": false,
  "guide_role_ids": [
    1
  ],
  "bait_deployed_at": 0.1,
  "policy_bait_ready_final": false,
  "bait_left_after_deployment": null,
  "final_bait_distance_to_goal": 0.0,
  "first_guide_predator_observation": 0.1,
  "first_predator_following_guide": 0.1,
  "first_predator_following_active_guide": 0.1,
  "tracked_seen_by_guide": 1,
  "tracked_followed_active_guide": 1,
  "physical_entered": 1,
  "guided_delivered": 1,
  "physical_losses_after_delivery": 0,
  "target_losses_after_delivery": 0,
  "physical_entry_times": [
    4.1
  ],
  "guided_delivery_times": [
    4.1
  ],
  "loss_times": [
    null
  ],
  "target_loss_times": [
    null
  ],
  "tail_seconds": 30.0,
  "tail_physical_min": 1,
  "tail_contained_min": 1,
  "final_distance_from_mouth": [
    12.2828
  ],
  "max_distance_after_delivery": [
    21.4724
  ],
  "policy_events": [],
  "success": true,
  "replay": "results/simple_chase/replays/real-map-EmergencyGuides-m10342-f20342-p1-direct_guide-sitebait1-405e3eb7.json.gz"
}
/home/Ucals/projects/NordicCupAI-wall-funneling/survival-simulator/oscar-trap-research/survival/results/simple_chase/real-map-EmergencyGuides-m10342-f20342-p1-direct_guide-sitebait1-405e3eb7.json
