Running as unit: run-p931674-i970827.scope; invocation ID: 752f8e7282dd4f57b8317853812924d9
{"progress": "real-map-EmergencyGuides-m10344-f20344-p1-direct_guide-sitebait1-3513e3b5", "time": 10.0, "bait_deployed": 0.1, "policy_bait_ready": false, "encounter": 0.1, "oracle_handoff": null, "children": 8, "active_guide_id": 3, "guide_alive": true, "active_guide_alive": true, "guided_delivered": 0}
{"progress": "real-map-EmergencyGuides-m10344-f20344-p1-direct_guide-sitebait1-3513e3b5", "time": 20.0, "bait_deployed": 0.1, "policy_bait_ready": false, "encounter": 0.1, "oracle_handoff": null, "children": 8, "active_guide_id": 5, "guide_alive": true, "active_guide_alive": true, "guided_delivered": 0}
{"progress": "real-map-EmergencyGuides-m10344-f20344-p1-direct_guide-sitebait1-3513e3b5", "time": 30.0, "bait_deployed": 0.1, "policy_bait_ready": false, "encounter": 0.1, "oracle_handoff": null, "children": 8, "active_guide_id": 3, "guide_alive": true, "active_guide_alive": true, "guided_delivered": 0}
{"progress": "real-map-EmergencyGuides-m10344-f20344-p1-direct_guide-sitebait1-3513e3b5", "time": 40.0, "bait_deployed": 0.1, "policy_bait_ready": false, "encounter": 0.1, "oracle_handoff": null, "children": 8, "active_guide_id": 7, "guide_alive": true, "active_guide_alive": true, "guided_delivered": 0}
{"progress": "real-map-EmergencyGuides-m10344-f20344-p1-direct_guide-sitebait1-3513e3b5", "time": 50.0, "bait_deployed": 0.1, "policy_bait_ready": false, "encounter": 0.1, "oracle_handoff": null, "children": 8, "active_guide_id": 6, "guide_alive": true, "active_guide_alive": true, "guided_delivered": 0}
{"progress": "real-map-EmergencyGuides-m10344-f20344-p1-direct_guide-sitebait1-3513e3b5", "time": 60.0, "bait_deployed": 0.1, "policy_bait_ready": false, "encounter": 0.1, "oracle_handoff": null, "children": 8, "active_guide_id": 6, "guide_alive": true, "active_guide_alive": true, "guided_delivered": 0}
{"progress": "real-map-EmergencyGuides-m10344-f20344-p1-direct_guide-sitebait1-3513e3b5", "time": 70.0, "bait_deployed": 0.1, "policy_bait_ready": false, "encounter": 0.1, "oracle_handoff": null, "children": 8, "active_guide_id": 6, "guide_alive": true, "active_guide_alive": true, "guided_delivered": 0}
{"progress": "real-map-EmergencyGuides-m10344-f20344-p1-direct_guide-sitebait1-3513e3b5", "time": 80.0, "bait_deployed": 0.1, "policy_bait_ready": false, "encounter": 0.1, "oracle_handoff": null, "children": 8, "active_guide_id": 6, "guide_alive": true, "active_guide_alive": true, "guided_delivered": 0}
{"progress": "real-map-EmergencyGuides-m10344-f20344-p1-direct_guide-sitebait1-3513e3b5", "time": 90.0, "bait_deployed": 0.1, "policy_bait_ready": false, "encounter": 0.1, "oracle_handoff": null, "children": 8, "active_guide_id": 6, "guide_alive": true, "active_guide_alive": true, "guided_delivered": 0}
{"progress": "real-map-EmergencyGuides-m10344-f20344-p1-direct_guide-sitebait1-3513e3b5", "time": 100.0, "bait_deployed": 0.1, "policy_bait_ready": false, "encounter": 0.1, "oracle_handoff": null, "children": 8, "active_guide_id": 6, "guide_alive": true, "active_guide_alive": true, "guided_delivered": 0}
{"progress": "real-map-EmergencyGuides-m10344-f20344-p1-direct_guide-sitebait1-3513e3b5", "time": 110.0, "bait_deployed": 0.1, "policy_bait_ready": false, "encounter": 0.1, "oracle_handoff": null, "children": 8, "active_guide_id": 6, "guide_alive": true, "active_guide_alive": true, "guided_delivered": 0}
{"progress": "real-map-EmergencyGuides-m10344-f20344-p1-direct_guide-sitebait1-3513e3b5", "time": 120.0, "bait_deployed": 0.1, "policy_bait_ready": false, "encounter": 0.1, "oracle_handoff": null, "children": 8, "active_guide_id": 6, "guide_alive": true, "active_guide_alive": true, "guided_delivered": 0}
{"progress": "real-map-EmergencyGuides-m10344-f20344-p1-direct_guide-sitebait1-3513e3b5", "time": 130.0, "bait_deployed": 0.1, "policy_bait_ready": false, "encounter": 0.1, "oracle_handoff": null, "children": 8, "active_guide_id": 6, "guide_alive": true, "active_guide_alive": true, "guided_delivered": 0}
{"progress": "real-map-EmergencyGuides-m10344-f20344-p1-direct_guide-sitebait1-3513e3b5", "time": 140.0, "bait_deployed": 0.1, "policy_bait_ready": false, "encounter": 0.1, "oracle_handoff": null, "children": 8, "active_guide_id": 6, "guide_alive": true, "active_guide_alive": true, "guided_delivered": 0}
{"progress": "real-map-EmergencyGuides-m10344-f20344-p1-direct_guide-sitebait1-3513e3b5", "time": 150.0, "bait_deployed": 0.1, "policy_bait_ready": false, "encounter": 0.1, "oracle_handoff": null, "children": 8, "active_guide_id": 6, "guide_alive": true, "active_guide_alive": true, "guided_delivered": 0}
{"progress": "real-map-EmergencyGuides-m10344-f20344-p1-direct_guide-sitebait1-3513e3b5", "time": 160.0, "bait_deployed": 0.1, "policy_bait_ready": false, "encounter": 0.1, "oracle_handoff": null, "children": 8, "active_guide_id": 6, "guide_alive": true, "active_guide_alive": true, "guided_delivered": 0}
{"progress": "real-map-EmergencyGuides-m10344-f20344-p1-direct_guide-sitebait1-3513e3b5", "time": 170.0, "bait_deployed": 0.1, "policy_bait_ready": false, "encounter": 0.1, "oracle_handoff": null, "children": 8, "active_guide_id": 6, "guide_alive": true, "active_guide_alive": true, "guided_delivered": 0}
{"progress": "real-map-EmergencyGuides-m10344-f20344-p1-direct_guide-sitebait1-3513e3b5", "time": 180.0, "bait_deployed": 0.1, "policy_bait_ready": false, "encounter": 0.1, "oracle_handoff": null, "children": 8, "active_guide_id": 6, "guide_alive": true, "active_guide_alive": true, "guided_delivered": 0}
{"progress": "real-map-EmergencyGuides-m10344-f20344-p1-direct_guide-sitebait1-3513e3b5", "time": 190.0, "bait_deployed": 0.1, "policy_bait_ready": false, "encounter": 0.1, "oracle_handoff": null, "children": 8, "active_guide_id": 6, "guide_alive": true, "active_guide_alive": true, "guided_delivered": 0}
{"progress": "real-map-EmergencyGuides-m10344-f20344-p1-direct_guide-sitebait1-3513e3b5", "time": 200.0, "bait_deployed": 0.1, "policy_bait_ready": false, "encounter": 0.1, "oracle_handoff": null, "children": 8, "active_guide_id": 6, "guide_alive": true, "active_guide_alive": true, "guided_delivered": 0}
{"progress": "real-map-EmergencyGuides-m10344-f20344-p1-direct_guide-sitebait1-3513e3b5", "time": 210.0, "bait_deployed": 0.1, "policy_bait_ready": false, "encounter": 0.1, "oracle_handoff": null, "children": 8, "active_guide_id": 6, "guide_alive": true, "active_guide_alive": true, "guided_delivered": 0}
{"progress": "real-map-EmergencyGuides-m10344-f20344-p1-direct_guide-sitebait1-3513e3b5", "time": 220.0, "bait_deployed": 0.1, "policy_bait_ready": false, "encounter": 0.1, "oracle_handoff": null, "children": 8, "active_guide_id": 6, "guide_alive": true, "active_guide_alive": true, "guided_delivered": 0}
{"progress": "real-map-EmergencyGuides-m10344-f20344-p1-direct_guide-sitebait1-3513e3b5", "time": 230.0, "bait_deployed": 0.1, "policy_bait_ready": false, "encounter": 0.1, "oracle_handoff": null, "children": 8, "active_guide_id": 6, "guide_alive": false, "active_guide_alive": false, "guided_delivered": 0}
{"progress": "real-map-EmergencyGuides-m10344-f20344-p1-direct_guide-sitebait1-3513e3b5", "time": 240.0, "bait_deployed": 0.1, "policy_bait_ready": false, "encounter": 0.1, "oracle_handoff": null, "children": 8, "active_guide_id": 6, "guide_alive": false, "active_guide_alive": false, "guided_delivered": 0}
{"progress": "real-map-EmergencyGuides-m10344-f20344-p1-direct_guide-sitebait1-3513e3b5", "time": 250.0, "bait_deployed": 0.1, "policy_bait_ready": false, "encounter": 0.1, "oracle_handoff": null, "children": 8, "active_guide_id": 6, "guide_alive": false, "active_guide_alive": false, "guided_delivered": 0}
{"progress": "real-map-EmergencyGuides-m10344-f20344-p1-direct_guide-sitebait1-3513e3b5", "time": 260.0, "bait_deployed": 0.1, "policy_bait_ready": false, "encounter": 0.1, "oracle_handoff": null, "children": 8, "active_guide_id": 6, "guide_alive": false, "active_guide_alive": false, "guided_delivered": 0}
{"progress": "real-map-EmergencyGuides-m10344-f20344-p1-direct_guide-sitebait1-3513e3b5", "time": 270.0, "bait_deployed": 0.1, "policy_bait_ready": false, "encounter": 0.1, "oracle_handoff": null, "children": 8, "active_guide_id": 6, "guide_alive": false, "active_guide_alive": false, "guided_delivered": 0}
{"progress": "real-map-EmergencyGuides-m10344-f20344-p1-direct_guide-sitebait1-3513e3b5", "time": 280.0, "bait_deployed": 0.1, "policy_bait_ready": false, "encounter": 0.1, "oracle_handoff": null, "children": 8, "active_guide_id": 6, "guide_alive": false, "active_guide_alive": false, "guided_delivered": 0}
{"progress": "real-map-EmergencyGuides-m10344-f20344-p1-direct_guide-sitebait1-3513e3b5", "time": 290.0, "bait_deployed": 0.1, "policy_bait_ready": false, "encounter": 0.1, "oracle_handoff": null, "children": 8, "active_guide_id": 6, "guide_alive": false, "active_guide_alive": false, "guided_delivered": 0}
{"progress": "real-map-EmergencyGuides-m10344-f20344-p1-direct_guide-sitebait1-3513e3b5", "time": 300.0, "bait_deployed": 0.1, "policy_bait_ready": false, "encounter": 0.1, "oracle_handoff": null, "children": 8, "active_guide_id": 6, "guide_alive": false, "active_guide_alive": false, "guided_delivered": 0}
{"viewer_manifest_refresh": {"status": "deferred", "reason": "bounded-memory runs defer full-replay viewer processing"}}
{
  "schema": "real-map-intake-result-v2",
  "policy": "integrated_guide.policy_v34_wide_emergency:EmergencyGuides",
  "policy_hash": "41e1169f4cf2954e8749cc49a89d271db8dfa535114ff82644fa1a471897bac7",
  "harness_hashes": {
    "research/simple_chase/run_streaming_v2.py": "837e02b05d1ba3af71df0949cb30beb18a8b2844f090f8b383c692192c52719a",
    "research/simple_chase/sampling.py": "1efb7d309c4cc79bc87916c1bea72a7845e78d0c2cdf0aeaf9e2a758ceed48ab",
    "research/simple_chase/static_map.py": "197b16cbe9dd2e3dd06b81fe9481986a97bd92d9c2a55f33597cc9b7280faf3c",
    "debugger/streaming_recorder_v2.py": "d5ecda6bb39ec74a9ad86fb20458df5de7f466d73052558af9e2877be3d99b19"
  },
  "mode": "direct_guide",
  "map_seed": 10344,
  "fixture_seed": 20344,
  "static_map_hash": "1bf9d922cc98c3ef6b431b784a0b7d1e017d1c85c075f9bb1a019f450a4230e8",
  "site": {
    "mouth": [
      474.6405,
      666.3043
    ],
    "inward": [
      0.0,
      -1.0
    ],
    "cross": [
      1.0,
      0.0
    ],
    "goal": [
      474.6405,
      661.3043
    ],
    "far": [
      474.6405,
      791.3043
    ],
    "hold": [
      474.6405,
      741.3043
    ],
    "gap": 15.3639,
    "overlap": 48.5938,
    "runup": [
      474.6405,
      916.3043
    ],
    "approach_lane_offset": 0.0,
    "offset_approach": false,
    "obstacle_indices": [
      6,
      76
    ],
    "axis": 0,
    "other_mouth": [
      474.6405,
      617.7105
    ],
    "replacement_entry": [
      474.6405,
      597.7105
    ],
    "second_access_clear": true,
    "second_access_radius": 5.01,
    "bait_depth": 5.0,
    "boundary_indices": [],
    "geometric_replacement_access_only": true
  },
  "station_bait": true,
  "requested_seconds": 300.0,
  "seconds": 300.0,
  "reason": "horizon",
  "native_render": true,
  "reproduction_of": null,
  "record_every_ticks": 1,
  "replay_frames": 3001,
  "initial_predators": 1,
  "final_predators_total": 3,
  "tracked_predators_present_final": 1,
  "ambient_predators_spawned": 2,
  "ambient_predators_present_final": 2,
  "agent_energy_refilled": true,
  "predator_state_native": false,
  "predator_dynamics_native_after_setup": true,
  "arranged_adjacent_awake_start": true,
  "bait_id": 0,
  "guide_id": 1,
  "bait_alive": true,
  "guide_alive": false,
  "deaths": [
    {
      "time": 226.6,
      "agent_id": 1,
      "role": "parent_guide"
    },
    {
      "time": 226.6,
      "agent_id": 2,
      "role": "native_child"
    },
    {
      "time": 226.6,
      "agent_id": 3,
      "role": "native_child"
    },
    {
      "time": 226.6,
      "agent_id": 4,
      "role": "native_child"
    },
    {
      "time": 226.6,
      "agent_id": 5,
      "role": "native_child"
    },
    {
      "time": 226.6,
      "agent_id": 6,
      "role": "native_child"
    },
    {
      "time": 226.6,
      "agent_id": 7,
      "role": "native_child"
    },
    {
      "time": 226.6,
      "agent_id": 8,
      "role": "native_child"
    },
    {
      "time": 226.6,
      "agent_id": 9,
      "role": "native_child"
    }
  ],
  "spawn_requests": [
    {
      "time": 5.1,
      "parent_id": 1
    },
    {
      "time": 5.2,
      "parent_id": 1
    },
    {
      "time": 5.4,
      "parent_id": 1
    },
    {
      "time": 5.5,
      "parent_id": 1
    },
    {
      "time": 5.6,
      "parent_id": 1
    },
    {
      "time": 5.7,
      "parent_id": 1
    },
    {
      "time": 5.8,
      "parent_id": 5
    },
    {
      "time": 5.9,
      "parent_id": 2
    }
  ],
  "child_births": [
    {
      "time": 5.1,
      "child_id": 2,
      "x": 947.0552,
      "y": 189.3968,
      "requesting_parent_ids": [
        1
      ],
      "native_parent_proximity_spawn": true
    },
    {
      "time": 5.2,
      "child_id": 3,
      "x": 930.5344,
      "y": 203.3773,
      "requesting_parent_ids": [
        1
      ],
      "native_parent_proximity_spawn": true
    },
    {
      "time": 5.4,
      "child_id": 4,
      "x": 937.5288,
      "y": 193.291,
      "requesting_parent_ids": [
        1
      ],
      "native_parent_proximity_spawn": true
    },
    {
      "time": 5.5,
      "child_id": 5,
      "x": 941.9831,
      "y": 168.2437,
      "requesting_parent_ids": [
        1
      ],
      "native_parent_proximity_spawn": true
    },
    {
      "time": 5.6,
      "child_id": 6,
      "x": 904.1522,
      "y": 212.5825,
      "requesting_parent_ids": [
        1
      ],
      "native_parent_proximity_spawn": true
    },
    {
      "time": 5.7,
      "child_id": 7,
      "x": 899.5429,
      "y": 183.6469,
      "requesting_parent_ids": [
        1
      ],
      "native_parent_proximity_spawn": true
    },
    {
      "time": 5.8,
      "child_id": 8,
      "x": 919.1526,
      "y": 159.2702,
      "requesting_parent_ids": [
        5
      ],
      "native_parent_proximity_spawn": true
    },
    {
      "time": 5.9,
      "child_id": 9,
      "x": 915.9484,
      "y": 207.492,
      "requesting_parent_ids": [
        2
      ],
      "native_parent_proximity_spawn": true
    }
  ],
  "fruit_consumptions": [
    {
      "time": 6.5,
      "agent_id": 3,
      "x": 866.3546,
      "y": 289.1475
    },
    {
      "time": 11.2,
      "agent_id": 1,
      "x": 723.7586,
      "y": 670.4342
    },
    {
      "time": 13.0,
      "agent_id": 2,
      "x": 646.2361,
      "y": 868.0085
    },
    {
      "time": 25.9,
      "agent_id": 9,
      "x": 579.7831,
      "y": 865.1933
    },
    {
      "time": 26.5,
      "agent_id": 2,
      "x": 548.2425,
      "y": 805.9131
    },
    {
      "time": 26.7,
      "agent_id": 2,
      "x": 514.6621,
      "y": 800.6445
    }
  ],
  "parent_fruit_consumed_before_tracked_encounter": 0,
  "tracked_encounter_times": [
    0.1
  ],
  "conditional_delivery_denominator": true,
  "conditional_delivery_status": "not_applicable",
  "setup_oracle": false,
  "setup_oracle_target": null,
  "setup_oracle_ticks": 0,
  "setup_oracle_routing": null,
  "setup_oracle_route_resets": 0,
  "setup_oracle_policy_reset_before_handoff_act": false,
  "setup_oracle_handoff_time": null,
  "dynamic_action_privilege_ended_at": null,
  "target_switches": [
    {
      "time": 0.1,
      "tracked_predator_slot": 0,
      "target": 1
    },
    {
      "time": 3.1,
      "tracked_predator_slot": 0,
      "target": null
    },
    {
      "time": 3.9,
      "tracked_predator_slot": 0,
      "target": 1
    },
    {
      "time": 4.0,
      "tracked_predator_slot": 0,
      "target": null
    },
    {
      "time": 4.5,
      "tracked_predator_slot": 0,
      "target": 1
    },
    {
      "time": 4.6,
      "tracked_predator_slot": 0,
      "target": null
    },
    {
      "time": 5.0,
      "tracked_predator_slot": 0,
      "target": 1
    },
    {
      "time": 5.2,
      "tracked_predator_slot": 0,
      "target": null
    },
    {
      "time": 5.8,
      "tracked_predator_slot": 0,
      "target": 7
    },
    {
      "time": 5.9,
      "tracked_predator_slot": 0,
      "target": 1
    },
    {
      "time": 6.0,
      "tracked_predator_slot": 0,
      "target": 6
    },
    {
      "time": 6.1,
      "tracked_predator_slot": 0,
      "target": 1
    },
    {
      "time": 6.2,
      "tracked_predator_slot": 0,
      "target": 3
    },
    {
      "time": 6.3,
      "tracked_predator_slot": 0,
      "target": 2
    },
    {
      "time": 6.4,
      "tracked_predator_slot": 0,
      "target": 4
    },
    {
      "time": 6.5,
      "tracked_predator_slot": 0,
      "target": 9
    },
    {
      "time": 6.6,
      "tracked_predator_slot": 0,
      "target": 8
    },
    {
      "time": 6.7,
      "tracked_predator_slot": 0,
      "target": 9
    },
    {
      "time": 6.9,
      "tracked_predator_slot": 0,
      "target": 6
    },
    {
      "time": 7.1,
      "tracked_predator_slot": 0,
      "target": 4
    },
    {
      "time": 7.2,
      "tracked_predator_slot": 0,
      "target": 6
    },
    {
      "time": 7.3,
      "tracked_predator_slot": 0,
      "target": 3
    },
    {
      "time": 7.4,
      "tracked_predator_slot": 0,
      "target": 7
    },
    {
      "time": 7.5,
      "tracked_predator_slot": 0,
      "target": 2
    },
    {
      "time": 7.9,
      "tracked_predator_slot": 0,
      "target": 9
    },
    {
      "time": 8.0,
      "tracked_predator_slot": 0,
      "target": 8
    },
    {
      "time": 8.3,
      "tracked_predator_slot": 0,
      "target": 4
    },
    {
      "time": 8.4,
      "tracked_predator_slot": 0,
      "target": 8
    },
    {
      "time": 8.5,
      "tracked_predator_slot": 0,
      "target": 7
    },
    {
      "time": 8.6,
      "tracked_predator_slot": 0,
      "target": 2
    },
    {
      "time": 8.7,
      "tracked_predator_slot": 0,
      "target": 5
    },
    {
      "time": 8.8,
      "tracked_predator_slot": 0,
      "target": 8
    },
    {
      "time": 9.0,
      "tracked_predator_slot": 0,
      "target": 5
    },
    {
      "time": 9.1,
      "tracked_predator_slot": 0,
      "target": 7
    },
    {
      "time": 9.2,
      "tracked_predator_slot": 0,
      "target": 8
    },
    {
      "time": 9.8,
      "tracked_predator_slot": 0,
      "target": 6
    },
    {
      "time": 9.9,
      "tracked_predator_slot": 0,
      "target": 3
    },
    {
      "time": 10.0,
      "tracked_predator_slot": 0,
      "target": 7
    },
    {
      "time": 10.1,
      "tracked_predator_slot": 0,
      "target": 6
    },
    {
      "time": 10.2,
      "tracked_predator_slot": 0,
      "target": 4
    },
    {
      "time": 10.3,
      "tracked_predator_slot": 0,
      "target": 9
    },
    {
      "time": 10.4,
      "tracked_predator_slot": 0,
      "target": 7
    },
    {
      "time": 10.5,
      "tracked_predator_slot": 0,
      "target": 5
    },
    {
      "time": 10.6,
      "tracked_predator_slot": 0,
      "target": 3
    },
    {
      "time": 10.7,
      "tracked_predator_slot": 0,
      "target": 2
    },
    {
      "time": 10.8,
      "tracked_predator_slot": 0,
      "target": 3
    },
    {
      "time": 10.9,
      "tracked_predator_slot": 0,
      "target": 2
    },
    {
      "time": 11.0,
      "tracked_predator_slot": 0,
      "target": 6
    },
    {
      "time": 11.1,
      "tracked_predator_slot": 0,
      "target": 3
    },
    {
      "time": 11.2,
      "tracked_predator_slot": 0,
      "target": 6
    },
    {
      "time": 11.3,
      "tracked_predator_slot": 0,
      "target": 2
    },
    {
      "time": 11.4,
      "tracked_predator_slot": 0,
      "target": 6
    },
    {
      "time": 11.5,
      "tracked_predator_slot": 0,
      "target": 1
    },
    {
      "time": 11.6,
      "tracked_predator_slot": 0,
      "target": 6
    },
    {
      "time": 11.7,
      "tracked_predator_slot": 0,
      "target": 5
    },
    {
      "time": 11.8,
      "tracked_predator_slot": 0,
      "target": 6
    },
    {
      "time": 11.9,
      "tracked_predator_slot": 0,
      "target": 2
    },
    {
      "time": 12.0,
      "tracked_predator_slot": 0,
      "target": 6
    },
    {
      "time": 12.1,
      "tracked_predator_slot": 0,
      "target": 1
    },
    {
      "time": 12.2,
      "tracked_predator_slot": 0,
      "target": 9
    },
    {
      "time": 12.3,
      "tracked_predator_slot": 0,
      "target": 1
    },
    {
      "time": 12.4,
      "tracked_predator_slot": 0,
      "target": 5
    },
    {
      "time": 12.5,
      "tracked_predator_slot": 0,
      "target": 2
    },
    {
      "time": 12.6,
      "tracked_predator_slot": 0,
      "target": 6
    },
    {
      "time": 12.7,
      "tracked_predator_slot": 0,
      "target": 9
    },
    {
      "time": 12.8,
      "tracked_predator_slot": 0,
      "target": 5
    },
    {
      "time": 12.9,
      "tracked_predator_slot": 0,
      "target": 8
    },
    {
      "time": 13.0,
      "tracked_predator_slot": 0,
      "target": 5
    },
    {
      "time": 13.1,
      "tracked_predator_slot": 0,
      "target": 7
    },
    {
      "time": 13.2,
      "tracked_predator_slot": 0,
      "target": 8
    },
    {
      "time": 13.3,
      "tracked_predator_slot": 0,
      "target": 5
    },
    {
      "time": 13.5,
      "tracked_predator_slot": 0,
      "target": 8
    },
    {
      "time": 13.7,
      "tracked_predator_slot": 0,
      "target": 4
    },
    {
      "time": 13.8,
      "tracked_predator_slot": 0,
      "target": 7
    },
    {
      "time": 13.9,
      "tracked_predator_slot": 0,
      "target": 2
    },
    {
      "time": 14.0,
      "tracked_predator_slot": 0,
      "target": 9
    },
    {
      "time": 14.2,
      "tracked_predator_slot": 0,
      "target": 3
    },
    {
      "time": 14.3,
      "tracked_predator_slot": 0,
      "target": 4
    },
    {
      "time": 14.4,
      "tracked_predator_slot": 0,
      "target": 9
    },
    {
      "time": 14.5,
      "tracked_predator_slot": 0,
      "target": 4
    },
    {
      "time": 14.6,
      "tracked_predator_slot": 0,
      "target": 2
    },
    {
      "time": 14.7,
      "tracked_predator_slot": 0,
      "target": "resting"
    },
    {
      "time": 18.2,
      "tracked_predator_slot": 0,
      "target": null
    },
    {
      "time": 18.3,
      "tracked_predator_slot": 0,
      "target": 1
    },
    {
      "time": 18.4,
      "tracked_predator_slot": 0,
      "target": 9
    },
    {
      "time": 18.6,
      "tracked_predator_slot": 0,
      "target": 3
    },
    {
      "time": 18.7,
      "tracked_predator_slot": 0,
      "target": 2
    },
    {
      "time": 18.9,
      "tracked_predator_slot": 0,
      "target": 7
    },
    {
      "time": 19.0,
      "tracked_predator_slot": 0,
      "target": 4
    },
    {
      "time": 19.2,
      "tracked_predator_slot": 0,
      "target": 8
    },
    {
      "time": 19.4,
      "tracked_predator_slot": 0,
      "target": 3
    },
    {
      "time": 19.5,
      "tracked_predator_slot": 0,
      "target": 5
    },
    {
      "time": 19.6,
      "tracked_predator_slot": 0,
      "target": 7
    },
    {
      "time": 19.7,
      "tracked_predator_slot": 0,
      "target": 3
    },
    {
      "time": 19.9,
      "tracked_predator_slot": 0,
      "target": 5
    },
    {
      "time": 20.0,
      "tracked_predator_slot": 0,
      "target": 6
    },
    {
      "time": 20.1,
      "tracked_predator_slot": 0,
      "target": 3
    },
    {
      "time": 20.2,
      "tracked_predator_slot": 0,
      "target": 9
    },
    {
      "time": 20.3,
      "tracked_predator_slot": 0,
      "target": 1
    },
    {
      "time": 20.4,
      "tracked_predator_slot": 0,
      "target": 6
    },
    {
      "time": 20.6,
      "tracked_predator_slot": 0,
      "target": 9
    },
    {
      "time": 20.8,
      "tracked_predator_slot": 0,
      "target": 6
    },
    {
      "time": 21.1,
      "tracked_predator_slot": 0,
      "target": 5
    },
    {
      "time": 21.2,
      "tracked_predator_slot": 0,
      "target": 1
    },
    {
      "time": 21.3,
      "tracked_predator_slot": 0,
      "target": 5
    },
    {
      "time": 21.4,
      "tracked_predator_slot": 0,
      "target": 9
    },
    {
      "time": 21.5,
      "tracked_predator_slot": 0,
      "target": 5
    },
    {
      "time": 21.6,
      "tracked_predator_slot": 0,
      "target": 7
    },
    {
      "time": 21.9,
      "tracked_predator_slot": 0,
      "target": 4
    },
    {
      "time": 22.0,
      "tracked_predator_slot": 0,
      "target": 1
    },
    {
      "time": 22.1,
      "tracked_predator_slot": 0,
      "target": 9
    },
    {
      "time": 22.2,
      "tracked_predator_slot": 0,
      "target": 6
    },
    {
      "time": 22.6,
      "tracked_predator_slot": 0,
      "target": 2
    },
    {
      "time": 22.7,
      "tracked_predator_slot": 0,
      "target": 4
    },
    {
      "time": 22.8,
      "tracked_predator_slot": 0,
      "target": 5
    },
    {
      "time": 22.9,
      "tracked_predator_slot": 0,
      "target": 1
    },
    {
      "time": 23.0,
      "tracked_predator_slot": 0,
      "target": 3
    },
    {
      "time": 23.2,
      "tracked_predator_slot": 0,
      "target": 4
    },
    {
      "time": 23.4,
      "tracked_predator_slot": 0,
      "target": 3
    },
    {
      "time": 23.5,
      "tracked_predator_slot": 0,
      "target": 4
    },
    {
      "time": 23.8,
      "tracked_predator_slot": 0,
      "target": 7
    },
    {
      "time": 23.9,
      "tracked_predator_slot": 0,
      "target": 6
    },
    {
      "time": 24.0,
      "tracked_predator_slot": 0,
      "target": 7
    },
    {
      "time": 24.1,
      "tracked_predator_slot": 0,
      "target": 9
    },
    {
      "time": 24.2,
      "tracked_predator_slot": 0,
      "target": 6
    },
    {
      "time": 24.5,
      "tracked_predator_slot": 0,
      "target": 3
    },
    {
      "time": 24.6,
      "tracked_predator_slot": 0,
      "target": 2
    },
    {
      "time": 24.7,
      "tracked_predator_slot": 0,
      "target": 7
    },
    {
      "time": 24.8,
      "tracked_predator_slot": 0,
      "target": 3
    },
    {
      "time": 24.9,
      "tracked_predator_slot": 0,
      "target": 2
    },
    {
      "time": 25.0,
      "tracked_predator_slot": 0,
      "target": 3
    },
    {
      "time": 25.1,
      "tracked_predator_slot": 0,
      "target": 6
    },
    {
      "time": 25.2,
      "tracked_predator_slot": 0,
      "target": 8
    },
    {
      "time": 25.3,
      "tracked_predator_slot": 0,
      "target": 2
    },
    {
      "time": 25.4,
      "tracked_predator_slot": 0,
      "target": 5
    },
    {
      "time": 25.8,
      "tracked_predator_slot": 0,
      "target": 3
    },
    {
      "time": 26.0,
      "tracked_predator_slot": 0,
      "target": 7
    },
    {
      "time": 26.2,
      "tracked_predator_slot": 0,
      "target": 9
    },
    {
      "time": 26.3,
      "tracked_predator_slot": 0,
      "target": 3
    },
    {
      "time": 26.4,
      "tracked_predator_slot": 0,
      "target": 6
    },
    {
      "time": 26.5,
      "tracked_predator_slot": 0,
      "target": 8
    },
    {
      "time": 26.7,
      "tracked_predator_slot": 0,
      "target": 3
    },
    {
      "time": 26.8,
      "tracked_predator_slot": 0,
      "target": 2
    },
    {
      "time": 26.9,
      "tracked_predator_slot": 0,
      "target": 6
    },
    {
      "time": 27.0,
      "tracked_predator_slot": 0,
      "target": 8
    },
    {
      "time": 27.4,
      "tracked_predator_slot": 0,
      "target": "resting"
    },
    {
      "time": 30.9,
      "tracked_predator_slot": 0,
      "target": 3
    },
    {
      "time": 31.0,
      "tracked_predator_slot": 0,
      "target": 5
    },
    {
      "time": 31.2,
      "tracked_predator_slot": 0,
      "target": 4
    },
    {
      "time": 31.3,
      "tracked_predator_slot": 0,
      "target": 5
    },
    {
      "time": 31.4,
      "tracked_predator_slot": 0,
      "target": 9
    },
    {
      "time": 31.5,
      "tracked_predator_slot": 0,
      "target": 5
    },
    {
      "time": 31.9,
      "tracked_predator_slot": 0,
      "target": 9
    },
    {
      "time": 32.0,
      "tracked_predator_slot": 0,
      "target": 5
    },
    {
      "time": 32.1,
      "tracked_predator_slot": 0,
      "target": 8
    },
    {
      "time": 32.2,
      "tracked_predator_slot": 0,
      "target": 9
    },
    {
      "time": 32.3,
      "tracked_predator_slot": 0,
      "target": 8
    },
    {
      "time": 32.4,
      "tracked_predator_slot": 0,
      "target": 2
    },
    {
      "time": 32.5,
      "tracked_predator_slot": 0,
      "target": 0
    },
    {
      "time": 40.1,
      "tracked_predator_slot": 0,
      "target": "resting"
    },
    {
      "time": 43.6,
      "tracked_predator_slot": 0,
      "target": 0
    },
    {
      "time": 52.6,
      "tracked_predator_slot": 0,
      "target": "resting"
    },
    {
      "time": 56.1,
      "tracked_predator_slot": 0,
      "target": 0
    },
    {
      "time": 65.4,
      "tracked_predator_slot": 0,
      "target": "resting"
    },
    {
      "time": 68.9,
      "tracked_predator_slot": 0,
      "target": 0
    },
    {
      "time": 77.9,
      "tracked_predator_slot": 0,
      "target": "resting"
    },
    {
      "time": 81.4,
      "tracked_predator_slot": 0,
      "target": 0
    },
    {
      "time": 90.7,
      "tracked_predator_slot": 0,
      "target": "resting"
    },
    {
      "time": 94.2,
      "tracked_predator_slot": 0,
      "target": 0
    },
    {
      "time": 103.5,
      "tracked_predator_slot": 0,
      "target": "resting"
    },
    {
      "time": 107.0,
      "tracked_predator_slot": 0,
      "target": 0
    },
    {
      "time": 116.3,
      "tracked_predator_slot": 0,
      "target": "resting"
    },
    {
      "time": 119.8,
      "tracked_predator_slot": 0,
      "target": 0
    },
    {
      "time": 129.1,
      "tracked_predator_slot": 0,
      "target": "resting"
    },
    {
      "time": 132.6,
      "tracked_predator_slot": 0,
      "target": 0
    },
    {
      "time": 141.9,
      "tracked_predator_slot": 0,
      "target": "resting"
    },
    {
      "time": 145.4,
      "tracked_predator_slot": 0,
      "target": 0
    },
    {
      "time": 154.7,
      "tracked_predator_slot": 0,
      "target": "resting"
    },
    {
      "time": 158.2,
      "tracked_predator_slot": 0,
      "target": 0
    },
    {
      "time": 167.5,
      "tracked_predator_slot": 0,
      "target": "resting"
    },
    {
      "time": 171.0,
      "tracked_predator_slot": 0,
      "target": 0
    },
    {
      "time": 180.3,
      "tracked_predator_slot": 0,
      "target": "resting"
    },
    {
      "time": 183.8,
      "tracked_predator_slot": 0,
      "target": 0
    },
    {
      "time": 193.0,
      "tracked_predator_slot": 0,
      "target": "resting"
    },
    {
      "time": 196.5,
      "tracked_predator_slot": 0,
      "target": 0
    },
    {
      "time": 205.5,
      "tracked_predator_slot": 0,
      "target": "resting"
    },
    {
      "time": 209.0,
      "tracked_predator_slot": 0,
      "target": 0
    },
    {
      "time": 218.4,
      "tracked_predator_slot": 0,
      "target": "resting"
    },
    {
      "time": 221.9,
      "tracked_predator_slot": 0,
      "target": 0
    },
    {
      "time": 231.2,
      "tracked_predator_slot": 0,
      "target": "resting"
    },
    {
      "time": 234.7,
      "tracked_predator_slot": 0,
      "target": 0
    },
    {
      "time": 244.0,
      "tracked_predator_slot": 0,
      "target": "resting"
    },
    {
      "time": 247.5,
      "tracked_predator_slot": 0,
      "target": 0
    },
    {
      "time": 256.5,
      "tracked_predator_slot": 0,
      "target": "resting"
    },
    {
      "time": 260.0,
      "tracked_predator_slot": 0,
      "target": 0
    },
    {
      "time": 269.3,
      "tracked_predator_slot": 0,
      "target": "resting"
    },
    {
      "time": 272.8,
      "tracked_predator_slot": 0,
      "target": 0
    },
    {
      "time": 282.0,
      "tracked_predator_slot": 0,
      "target": "resting"
    },
    {
      "time": 285.5,
      "tracked_predator_slot": 0,
      "target": 0
    },
    {
      "time": 294.5,
      "tracked_predator_slot": 0,
      "target": "resting"
    },
    {
      "time": 298.0,
      "tracked_predator_slot": 0,
      "target": 0
    }
  ],
  "guide_role_trace": [
    {
      "time": 0,
      "active_guide_id": 1
    },
    {
      "time": 6.0,
      "active_guide_id": 6
    },
    {
      "time": 6.1,
      "active_guide_id": 1
    },
    {
      "time": 6.2,
      "active_guide_id": 3
    },
    {
      "time": 6.3,
      "active_guide_id": 2
    },
    {
      "time": 6.6,
      "active_guide_id": 8
    },
    {
      "time": 6.9,
      "active_guide_id": 6
    },
    {
      "time": 8.4,
      "active_guide_id": 8
    },
    {
      "time": 8.5,
      "active_guide_id": 7
    },
    {
      "time": 8.6,
      "active_guide_id": 2
    },
    {
      "time": 8.7,
      "active_guide_id": 5
    },
    {
      "time": 8.8,
      "active_guide_id": 7
    },
    {
      "time": 9.2,
      "active_guide_id": 8
    },
    {
      "time": 9.4,
      "active_guide_id": 1
    },
    {
      "time": 9.5,
      "active_guide_id": 9
    },
    {
      "time": 9.6,
      "active_guide_id": 8
    },
    {
      "time": 9.8,
      "active_guide_id": 6
    },
    {
      "time": 9.9,
      "active_guide_id": 3
    },
    {
      "time": 10.0,
      "active_guide_id": 7
    },
    {
      "time": 10.1,
      "active_guide_id": 6
    },
    {
      "time": 10.2,
      "active_guide_id": 4
    },
    {
      "time": 10.3,
      "active_guide_id": 2
    },
    {
      "time": 10.4,
      "active_guide_id": 7
    },
    {
      "time": 10.5,
      "active_guide_id": 5
    },
    {
      "time": 10.6,
      "active_guide_id": 3
    },
    {
      "time": 10.7,
      "active_guide_id": 2
    },
    {
      "time": 10.8,
      "active_guide_id": 3
    },
    {
      "time": 10.9,
      "active_guide_id": 2
    },
    {
      "time": 11.0,
      "active_guide_id": 6
    },
    {
      "time": 11.1,
      "active_guide_id": 3
    },
    {
      "time": 11.2,
      "active_guide_id": 6
    },
    {
      "time": 11.3,
      "active_guide_id": 2
    },
    {
      "time": 11.4,
      "active_guide_id": 6
    },
    {
      "time": 11.5,
      "active_guide_id": 1
    },
    {
      "time": 11.6,
      "active_guide_id": 6
    },
    {
      "time": 11.7,
      "active_guide_id": 5
    },
    {
      "time": 11.8,
      "active_guide_id": 6
    },
    {
      "time": 11.9,
      "active_guide_id": 2
    },
    {
      "time": 12.0,
      "active_guide_id": 6
    },
    {
      "time": 12.1,
      "active_guide_id": 1
    },
    {
      "time": 12.2,
      "active_guide_id": 9
    },
    {
      "time": 12.3,
      "active_guide_id": 1
    },
    {
      "time": 12.4,
      "active_guide_id": 5
    },
    {
      "time": 12.5,
      "active_guide_id": 2
    },
    {
      "time": 12.6,
      "active_guide_id": 6
    },
    {
      "time": 12.7,
      "active_guide_id": 9
    },
    {
      "time": 12.8,
      "active_guide_id": 5
    },
    {
      "time": 13.1,
      "active_guide_id": 7
    },
    {
      "time": 13.4,
      "active_guide_id": 5
    },
    {
      "time": 13.6,
      "active_guide_id": 8
    },
    {
      "time": 13.7,
      "active_guide_id": 4
    },
    {
      "time": 13.8,
      "active_guide_id": 7
    },
    {
      "time": 13.9,
      "active_guide_id": 2
    },
    {
      "time": 14.3,
      "active_guide_id": 4
    },
    {
      "time": 14.4,
      "active_guide_id": 9
    },
    {
      "time": 14.5,
      "active_guide_id": 4
    },
    {
      "time": 14.7,
      "active_guide_id": 7
    },
    {
      "time": 14.8,
      "active_guide_id": 8
    },
    {
      "time": 14.9,
      "active_guide_id": 5
    },
    {
      "time": 15.1,
      "active_guide_id": 4
    },
    {
      "time": 15.2,
      "active_guide_id": 2
    },
    {
      "time": 15.3,
      "active_guide_id": 8
    },
    {
      "time": 15.4,
      "active_guide_id": 2
    },
    {
      "time": 15.6,
      "active_guide_id": 7
    },
    {
      "time": 15.7,
      "active_guide_id": 8
    },
    {
      "time": 15.8,
      "active_guide_id": 7
    },
    {
      "time": 15.9,
      "active_guide_id": 8
    },
    {
      "time": 16.0,
      "active_guide_id": 7
    },
    {
      "time": 16.1,
      "active_guide_id": 8
    },
    {
      "time": 16.2,
      "active_guide_id": 7
    },
    {
      "time": 16.3,
      "active_guide_id": 8
    },
    {
      "time": 16.4,
      "active_guide_id": 7
    },
    {
      "time": 16.5,
      "active_guide_id": 8
    },
    {
      "time": 16.6,
      "active_guide_id": 7
    },
    {
      "time": 16.7,
      "active_guide_id": 8
    },
    {
      "time": 16.8,
      "active_guide_id": 7
    },
    {
      "time": 16.9,
      "active_guide_id": 8
    },
    {
      "time": 17.0,
      "active_guide_id": 7
    },
    {
      "time": 17.1,
      "active_guide_id": 8
    },
    {
      "time": 17.2,
      "active_guide_id": 7
    },
    {
      "time": 17.3,
      "active_guide_id": 8
    },
    {
      "time": 17.4,
      "active_guide_id": 7
    },
    {
      "time": 17.5,
      "active_guide_id": 8
    },
    {
      "time": 17.6,
      "active_guide_id": 7
    },
    {
      "time": 17.7,
      "active_guide_id": 8
    },
    {
      "time": 17.8,
      "active_guide_id": 7
    },
    {
      "time": 17.9,
      "active_guide_id": 8
    },
    {
      "time": 18.0,
      "active_guide_id": 7
    },
    {
      "time": 18.1,
      "active_guide_id": 8
    },
    {
      "time": 18.2,
      "active_guide_id": 7
    },
    {
      "time": 18.3,
      "active_guide_id": 8
    },
    {
      "time": 18.4,
      "active_guide_id": 7
    },
    {
      "time": 18.5,
      "active_guide_id": 9
    },
    {
      "time": 19.3,
      "active_guide_id": 8
    },
    {
      "time": 19.4,
      "active_guide_id": 3
    },
    {
      "time": 19.5,
      "active_guide_id": 5
    },
    {
      "time": 20.9,
      "active_guide_id": 6
    },
    {
      "time": 21.2,
      "active_guide_id": 1
    },
    {
      "time": 21.3,
      "active_guide_id": 5
    },
    {
      "time": 21.4,
      "active_guide_id": 9
    },
    {
      "time": 21.5,
      "active_guide_id": 5
    },
    {
      "time": 21.6,
      "active_guide_id": 7
    },
    {
      "time": 21.9,
      "active_guide_id": 4
    },
    {
      "time": 22.0,
      "active_guide_id": 1
    },
    {
      "time": 22.1,
      "active_guide_id": 9
    },
    {
      "time": 22.2,
      "active_guide_id": 6
    },
    {
      "time": 22.7,
      "active_guide_id": 4
    },
    {
      "time": 22.8,
      "active_guide_id": 5
    },
    {
      "time": 22.9,
      "active_guide_id": 1
    },
    {
      "time": 23.1,
      "active_guide_id": 3
    },
    {
      "time": 23.2,
      "active_guide_id": 4
    },
    {
      "time": 23.8,
      "active_guide_id": 9
    },
    {
      "time": 23.9,
      "active_guide_id": 6
    },
    {
      "time": 24.0,
      "active_guide_id": 7
    },
    {
      "time": 24.2,
      "active_guide_id": 6
    },
    {
      "time": 24.5,
      "active_guide_id": 3
    },
    {
      "time": 24.6,
      "active_guide_id": 2
    },
    {
      "time": 24.7,
      "active_guide_id": 7
    },
    {
      "time": 24.8,
      "active_guide_id": 4
    },
    {
      "time": 25.0,
      "active_guide_id": 3
    },
    {
      "time": 25.1,
      "active_guide_id": 6
    },
    {
      "time": 25.2,
      "active_guide_id": 3
    },
    {
      "time": 25.3,
      "active_guide_id": 4
    },
    {
      "time": 25.5,
      "active_guide_id": 5
    },
    {
      "time": 25.8,
      "active_guide_id": 3
    },
    {
      "time": 26.1,
      "active_guide_id": 7
    },
    {
      "time": 26.2,
      "active_guide_id": 9
    },
    {
      "time": 26.3,
      "active_guide_id": 3
    },
    {
      "time": 26.4,
      "active_guide_id": 6
    },
    {
      "time": 26.6,
      "active_guide_id": 1
    },
    {
      "time": 26.8,
      "active_guide_id": 2
    },
    {
      "time": 26.9,
      "active_guide_id": 6
    },
    {
      "time": 27.1,
      "active_guide_id": 8
    },
    {
      "time": 27.5,
      "active_guide_id": 3
    },
    {
      "time": 27.6,
      "active_guide_id": 8
    },
    {
      "time": 27.7,
      "active_guide_id": 3
    },
    {
      "time": 27.8,
      "active_guide_id": 1
    },
    {
      "time": 28.1,
      "active_guide_id": 3
    },
    {
      "time": 28.2,
      "active_guide_id": 7
    },
    {
      "time": 28.3,
      "active_guide_id": 3
    },
    {
      "time": 28.4,
      "active_guide_id": 7
    },
    {
      "time": 28.5,
      "active_guide_id": 3
    },
    {
      "time": 28.6,
      "active_guide_id": 7
    },
    {
      "time": 28.7,
      "active_guide_id": 3
    },
    {
      "time": 28.8,
      "active_guide_id": 7
    },
    {
      "time": 28.9,
      "active_guide_id": 3
    },
    {
      "time": 29.0,
      "active_guide_id": 7
    },
    {
      "time": 29.1,
      "active_guide_id": 3
    },
    {
      "time": 29.2,
      "active_guide_id": 7
    },
    {
      "time": 29.3,
      "active_guide_id": 3
    },
    {
      "time": 29.4,
      "active_guide_id": 7
    },
    {
      "time": 29.5,
      "active_guide_id": 3
    },
    {
      "time": 29.6,
      "active_guide_id": 7
    },
    {
      "time": 29.7,
      "active_guide_id": 3
    },
    {
      "time": 29.8,
      "active_guide_id": 7
    },
    {
      "time": 29.9,
      "active_guide_id": 3
    },
    {
      "time": 30.0,
      "active_guide_id": 7
    },
    {
      "time": 30.1,
      "active_guide_id": 3
    },
    {
      "time": 30.2,
      "active_guide_id": 7
    },
    {
      "time": 30.3,
      "active_guide_id": 3
    },
    {
      "time": 30.4,
      "active_guide_id": 7
    },
    {
      "time": 30.5,
      "active_guide_id": 3
    },
    {
      "time": 30.6,
      "active_guide_id": 7
    },
    {
      "time": 30.7,
      "active_guide_id": 3
    },
    {
      "time": 30.8,
      "active_guide_id": 7
    },
    {
      "time": 30.9,
      "active_guide_id": 3
    },
    {
      "time": 31.0,
      "active_guide_id": 7
    },
    {
      "time": 31.3,
      "active_guide_id": 6
    },
    {
      "time": 31.5,
      "active_guide_id": 5
    },
    {
      "time": 32.1,
      "active_guide_id": 3
    },
    {
      "time": 32.2,
      "active_guide_id": 1
    },
    {
      "time": 32.3,
      "active_guide_id": 3
    },
    {
      "time": 32.4,
      "active_guide_id": 2
    },
    {
      "time": 32.5,
      "active_guide_id": 3
    },
    {
      "time": 32.6,
      "active_guide_id": 9
    },
    {
      "time": 33.3,
      "active_guide_id": 8
    },
    {
      "time": 33.5,
      "active_guide_id": 9
    },
    {
      "time": 33.7,
      "active_guide_id": 8
    },
    {
      "time": 33.9,
      "active_guide_id": 4
    },
    {
      "time": 34.4,
      "active_guide_id": 6
    },
    {
      "time": 34.7,
      "active_guide_id": 3
    },
    {
      "time": 34.9,
      "active_guide_id": 6
    },
    {
      "time": 35.0,
      "active_guide_id": 3
    },
    {
      "time": 35.3,
      "active_guide_id": 9
    },
    {
      "time": 35.4,
      "active_guide_id": 2
    },
    {
      "time": 35.5,
      "active_guide_id": 7
    },
    {
      "time": 35.6,
      "active_guide_id": 2
    },
    {
      "time": 35.9,
      "active_guide_id": 6
    },
    {
      "time": 36.0,
      "active_guide_id": 7
    },
    {
      "time": 36.2,
      "active_guide_id": 3
    },
    {
      "time": 36.4,
      "active_guide_id": 1
    },
    {
      "time": 36.7,
      "active_guide_id": 7
    },
    {
      "time": 37.7,
      "active_guide_id": 2
    },
    {
      "time": 38.6,
      "active_guide_id": 7
    },
    {
      "time": 40.6,
      "active_guide_id": 6
    }
  ],
  "guide_follow_trace": [
    {
      "time": 0.1,
      "active_guide_id": 1,
      "tracked_predator_slot": 0
    },
    {
      "time": 7.0,
      "active_guide_id": 6,
      "tracked_predator_slot": 0
    },
    {
      "time": 9.1,
      "active_guide_id": 7,
      "tracked_predator_slot": 0
    },
    {
      "time": 9.3,
      "active_guide_id": 8,
      "tracked_predator_slot": 0
    },
    {
      "time": 9.7,
      "active_guide_id": 8,
      "tracked_predator_slot": 0
    },
    {
      "time": 13.0,
      "active_guide_id": 5,
      "tracked_predator_slot": 0
    },
    {
      "time": 19.9,
      "active_guide_id": 5,
      "tracked_predator_slot": 0
    },
    {
      "time": 21.0,
      "active_guide_id": 6,
      "tracked_predator_slot": 0
    },
    {
      "time": 21.7,
      "active_guide_id": 7,
      "tracked_predator_slot": 0
    },
    {
      "time": 22.3,
      "active_guide_id": 6,
      "tracked_predator_slot": 0
    },
    {
      "time": 23.3,
      "active_guide_id": 4,
      "tracked_predator_slot": 0
    },
    {
      "time": 24.3,
      "active_guide_id": 6,
      "tracked_predator_slot": 0
    },
    {
      "time": 25.6,
      "active_guide_id": 5,
      "tracked_predator_slot": 0
    },
    {
      "time": 25.9,
      "active_guide_id": 3,
      "tracked_predator_slot": 0
    },
    {
      "time": 27.2,
      "active_guide_id": 8,
      "tracked_predator_slot": 0
    },
    {
      "time": 31.6,
      "active_guide_id": 5,
      "tracked_predator_slot": 0
    }
  ],
  "guide_role": "child",
  "parent_role": "gather_evade",
  "child_role": "guide",
  "active_guide_id_final": 6,
  "active_guide_alive_final": false,
  "guide_role_ids": [
    1,
    2,
    3,
    4,
    5,
    6,
    7,
    8,
    9
  ],
  "bait_deployed_at": 0.1,
  "policy_bait_ready_final": false,
  "bait_left_after_deployment": null,
  "final_bait_distance_to_goal": 0.0,
  "first_guide_predator_observation": 0.1,
  "first_predator_following_guide": 0.1,
  "first_predator_following_active_guide": null,
  "tracked_seen_by_guide": 1,
  "tracked_followed_active_guide": 0,
  "physical_entered": 1,
  "guided_delivered": 0,
  "physical_losses_after_delivery": 0,
  "target_losses_after_delivery": 0,
  "physical_entry_times": [
    32.2
  ],
  "guided_delivery_times": [
    null
  ],
  "loss_times": [
    null
  ],
  "target_loss_times": [
    null
  ],
  "tail_seconds": 30.0,
  "tail_physical_min": 1,
  "tail_contained_min": 1,
  "final_distance_from_mouth": [
    18.7414
  ],
  "max_distance_after_delivery": [
    0.0
  ],
  "policy_events": [
    {
      "time": 5.1,
      "kind": "emergency_reserve_budget_enabled",
      "observed_distance": 38.5265,
      "blocked_escape_cone": false,
      "close_wall": true,
      "agent_id": 1
    },
    {
      "time": 5.1,
      "kind": "bounded_emergency_reserve_birth",
      "parent_id": 1,
      "request_number": 1,
      "observed_distance": 38.5265
    },
    {
      "time": 5.2,
      "kind": "native_backup_registered",
      "agent_id": 2
    },
    {
      "time": 5.2,
      "kind": "bounded_emergency_reserve_birth",
      "parent_id": 1,
      "request_number": 2,
      "observed_distance": 71.3025
    },
    {
      "time": 5.3,
      "kind": "native_backup_registered",
      "agent_id": 3
    },
    {
      "time": 5.4,
      "kind": "bounded_emergency_reserve_birth",
      "parent_id": 1,
      "request_number": 3,
      "observed_distance": 69.8415
    },
    {
      "time": 5.5,
      "kind": "native_backup_registered",
      "agent_id": 4
    },
    {
      "time": 5.5,
      "kind": "bounded_emergency_reserve_birth",
      "parent_id": 1,
      "request_number": 4,
      "observed_distance": 62.8935
    },
    {
      "time": 5.6,
      "kind": "native_backup_registered",
      "agent_id": 5
    },
    {
      "time": 5.6,
      "kind": "bounded_emergency_reserve_birth",
      "parent_id": 1,
      "request_number": 5,
      "observed_distance": 62.9832
    },
    {
      "time": 5.7,
      "kind": "native_backup_registered",
      "agent_id": 6
    },
    {
      "time": 5.7,
      "kind": "bounded_emergency_reserve_birth",
      "parent_id": 1,
      "request_number": 6,
      "observed_distance": 70.2499
    },
    {
      "time": 5.8,
      "kind": "native_backup_registered",
      "agent_id": 7
    },
    {
      "time": 5.8,
      "kind": "bounded_emergency_reserve_birth",
      "parent_id": 5,
      "request_number": 7,
      "observed_distance": 74.0198
    },
    {
      "time": 5.9,
      "kind": "native_backup_registered",
      "agent_id": 8
    },
    {
      "time": 5.9,
      "kind": "bounded_emergency_reserve_birth",
      "parent_id": 2,
      "request_number": 8,
      "observed_distance": 68.9367
    },
    {
      "time": 6.0,
      "kind": "native_backup_registered",
      "agent_id": 9
    },
    {
      "time": 6.0,
      "kind": "public_dto_active_guide",
      "agent_id": 6,
      "reason": "minimum_observed_predator_distance_hysteresis"
    },
    {
      "time": 6.1,
      "kind": "public_dto_active_guide",
      "agent_id": 1,
      "reason": "minimum_observed_predator_distance_hysteresis"
    },
    {
      "time": 6.2,
      "kind": "public_dto_active_guide",
      "agent_id": 3,
      "reason": "minimum_observed_predator_distance_hysteresis"
    },
    {
      "time": 6.3,
      "kind": "public_dto_active_guide",
      "agent_id": 2,
      "reason": "minimum_observed_predator_distance_hysteresis"
    },
    {
      "time": 6.6,
      "kind": "public_dto_active_guide",
      "agent_id": 8,
      "reason": "minimum_observed_predator_distance_hysteresis"
    },
    {
      "time": 6.9,
      "kind": "public_dto_active_guide",
      "agent_id": 6,
      "reason": "minimum_observed_predator_distance_hysteresis"
    },
    {
      "time": 8.4,
      "kind": "public_dto_active_guide",
      "agent_id": 8,
      "reason": "minimum_observed_predator_distance_hysteresis"
    },
    {
      "time": 8.5,
      "kind": "public_dto_active_guide",
      "agent_id": 7,
      "reason": "minimum_observed_predator_distance_hysteresis"
    },
    {
      "time": 8.6,
      "kind": "public_dto_active_guide",
      "agent_id": 2,
      "reason": "minimum_observed_predator_distance_hysteresis"
    },
    {
      "time": 8.7,
      "kind": "public_dto_active_guide",
      "agent_id": 5,
      "reason": "minimum_observed_predator_distance_hysteresis"
    },
    {
      "time": 8.8,
      "kind": "public_dto_active_guide",
      "agent_id": 7,
      "reason": "minimum_observed_predator_distance_hysteresis"
    },
    {
      "time": 9.2,
      "kind": "public_dto_active_guide",
      "agent_id": 8,
      "reason": "minimum_observed_predator_distance_hysteresis"
    },
    {
      "time": 9.4,
      "kind": "public_dto_active_guide",
      "agent_id": 1,
      "reason": "minimum_observed_predator_distance_hysteresis"
    },
    {
      "time": 9.5,
      "kind": "public_dto_active_guide",
      "agent_id": 9,
      "reason": "minimum_observed_predator_distance_hysteresis"
    },
    {
      "time": 9.6,
      "kind": "public_dto_active_guide",
      "agent_id": 8,
      "reason": "minimum_observed_predator_distance_hysteresis"
    },
    {
      "time": 9.8,
      "kind": "public_dto_active_guide",
      "agent_id": 6,
      "reason": "minimum_observed_predator_distance_hysteresis"
    },
    {
      "time": 9.9,
      "kind": "public_dto_active_guide",
      "agent_id": 3,
      "reason": "minimum_observed_predator_distance_hysteresis"
    },
    {
      "time": 10.0,
      "kind": "public_dto_active_guide",
      "agent_id": 7,
      "reason": "minimum_observed_predator_distance_hysteresis"
    },
    {
      "time": 10.1,
      "kind": "public_dto_active_guide",
      "agent_id": 6,
      "reason": "minimum_observed_predator_distance_hysteresis"
    },
    {
      "time": 10.2,
      "kind": "public_dto_active_guide",
      "agent_id": 4,
      "reason": "minimum_observed_predator_distance_hysteresis"
    },
    {
      "time": 10.3,
      "kind": "public_dto_active_guide",
      "agent_id": 2,
      "reason": "minimum_observed_predator_distance_hysteresis"
    },
    {
      "time": 10.4,
      "kind": "public_dto_active_guide",
      "agent_id": 7,
      "reason": "minimum_observed_predator_distance_hysteresis"
    },
    {
      "time": 10.5,
      "kind": "public_dto_active_guide",
      "agent_id": 5,
      "reason": "minimum_observed_predator_distance_hysteresis"
    },
    {
      "time": 10.6,
      "kind": "public_dto_active_guide",
      "agent_id": 3,
      "reason": "minimum_observed_predator_distance_hysteresis"
    },
    {
      "time": 10.7,
      "kind": "public_dto_active_guide",
      "agent_id": 2,
      "reason": "minimum_observed_predator_distance_hysteresis"
    },
    {
      "time": 10.8,
      "kind": "public_dto_active_guide",
      "agent_id": 3,
      "reason": "minimum_observed_predator_distance_hysteresis"
    },
    {
      "time": 10.9,
      "kind": "public_dto_active_guide",
      "agent_id": 2,
      "reason": "minimum_observed_predator_distance_hysteresis"
    },
    {
      "time": 11.0,
      "kind": "public_dto_active_guide",
      "agent_id": 6,
      "reason": "minimum_observed_predator_distance_hysteresis"
    },
    {
      "time": 11.1,
      "kind": "public_dto_active_guide",
      "agent_id": 3,
      "reason": "minimum_observed_predator_distance_hysteresis"
    },
    {
      "time": 11.2,
      "kind": "public_dto_active_guide",
      "agent_id": 6,
      "reason": "minimum_observed_predator_distance_hysteresis"
    },
    {
      "time": 11.3,
      "kind": "public_dto_active_guide",
      "agent_id": 2,
      "reason": "minimum_observed_predator_distance_hysteresis"
    },
    {
      "time": 11.4,
      "kind": "public_dto_active_guide",
      "agent_id": 6,
      "reason": "minimum_observed_predator_distance_hysteresis"
    },
    {
      "time": 11.5,
      "kind": "public_dto_active_guide",
      "agent_id": 1,
      "reason": "minimum_observed_predator_distance_hysteresis"
    },
    {
      "time": 11.6,
      "kind": "public_dto_active_guide",
      "agent_id": 6,
      "reason": "minimum_observed_predator_distance_hysteresis"
    },
    {
      "time": 11.7,
      "kind": "public_dto_active_guide",
      "agent_id": 5,
      "reason": "minimum_observed_predator_distance_hysteresis"
    },
    {
      "time": 11.8,
      "kind": "public_dto_active_guide",
      "agent_id": 6,
      "reason": "minimum_observed_predator_distance_hysteresis"
    },
    {
      "time": 11.9,
      "kind": "public_dto_active_guide",
      "agent_id": 2,
      "reason": "minimum_observed_predator_distance_hysteresis"
    },
    {
      "time": 12.0,
      "kind": "public_dto_active_guide",
      "agent_id": 6,
      "reason": "minimum_observed_predator_distance_hysteresis"
    },
    {
      "time": 12.1,
      "kind": "public_dto_active_guide",
      "agent_id": 1,
      "reason": "minimum_observed_predator_distance_hysteresis"
    },
    {
      "time": 12.2,
      "kind": "public_dto_active_guide",
      "agent_id": 9,
      "reason": "minimum_observed_predator_distance_hysteresis"
    },
    {
      "time": 12.3,
      "kind": "public_dto_active_guide",
      "agent_id": 1,
      "reason": "minimum_observed_predator_distance_hysteresis"
    },
    {
      "time": 12.4,
      "kind": "public_dto_active_guide",
      "agent_id": 5,
      "reason": "minimum_observed_predator_distance_hysteresis"
    },
    {
      "time": 12.5,
      "kind": "public_dto_active_guide",
      "agent_id": 2,
      "reason": "minimum_observed_predator_distance_hysteresis"
    },
    {
      "time": 12.6,
      "kind": "public_dto_active_guide",
      "agent_id": 6,
      "reason": "minimum_observed_predator_distance_hysteresis"
    },
    {
      "time": 12.7,
      "kind": "public_dto_active_guide",
      "agent_id": 9,
      "reason": "minimum_observed_predator_distance_hysteresis"
    },
    {
      "time": 12.8,
      "kind": "public_dto_active_guide",
      "agent_id": 5,
      "reason": "minimum_observed_predator_distance_hysteresis"
    },
    {
      "time": 13.1,
      "kind": "public_dto_active_guide",
      "agent_id": 7,
      "reason": "minimum_observed_predator_distance_hysteresis"
    },
    {
      "time": 13.4,
      "kind": "public_dto_active_guide",
      "agent_id": 5,
      "reason": "minimum_observed_predator_distance_hysteresis"
    },
    {
      "time": 13.6,
      "kind": "public_dto_active_guide",
      "agent_id": 8,
      "reason": "minimum_observed_predator_distance_hysteresis"
    },
    {
      "time": 13.7,
      "kind": "public_dto_active_guide",
      "agent_id": 4,
      "reason": "minimum_observed_predator_distance_hysteresis"
    },
    {
      "time": 13.8,
      "kind": "public_dto_active_guide",
      "agent_id": 7,
      "reason": "minimum_observed_predator_distance_hysteresis"
    },
    {
      "time": 13.9,
      "kind": "public_dto_active_guide",
      "agent_id": 2,
      "reason": "minimum_observed_predator_distance_hysteresis"
    },
    {
      "time": 14.3,
      "kind": "public_dto_active_guide",
      "agent_id": 4,
      "reason": "minimum_observed_predator_distance_hysteresis"
    },
    {
      "time": 14.4,
      "kind": "public_dto_active_guide",
      "agent_id": 9,
      "reason": "minimum_observed_predator_distance_hysteresis"
    },
    {
      "time": 14.5,
      "kind": "public_dto_active_guide",
      "agent_id": 4,
      "reason": "minimum_observed_predator_distance_hysteresis"
    },
    {
      "time": 14.7,
      "kind": "public_dto_active_guide",
      "agent_id": 7,
      "reason": "minimum_observed_predator_distance_hysteresis"
    },
    {
      "time": 14.8,
      "kind": "public_dto_active_guide",
      "agent_id": 8,
      "reason": "minimum_observed_predator_distance_hysteresis"
    },
    {
      "time": 14.9,
      "kind": "public_dto_active_guide",
      "agent_id": 5,
      "reason": "minimum_observed_predator_distance_hysteresis"
    },
    {
      "time": 15.1,
      "kind": "public_dto_active_guide",
      "agent_id": 4,
      "reason": "minimum_observed_predator_distance_hysteresis"
    },
    {
      "time": 15.2,
      "kind": "public_dto_active_guide",
      "agent_id": 2,
      "reason": "minimum_observed_predator_distance_hysteresis"
    },
    {
      "time": 15.3,
      "kind": "public_dto_active_guide",
      "agent_id": 8,
      "reason": "minimum_observed_predator_distance_hysteresis"
    },
    {
      "time": 15.4,
      "kind": "public_dto_active_guide",
      "agent_id": 2,
      "reason": "minimum_observed_predator_distance_hysteresis"
    },
    {
      "time": 15.6,
      "kind": "public_dto_active_guide",
      "agent_id": 7,
      "reason": "minimum_observed_predator_distance_hysteresis"
    },
    {
      "time": 15.7,
      "kind": "public_dto_active_guide",
      "agent_id": 8,
      "reason": "minimum_observed_predator_distance_hysteresis"
    },
    {
      "time": 15.8,
      "kind": "public_dto_active_guide",
      "agent_id": 7,
      "reason": "minimum_observed_predator_distance_hysteresis"
    },
    {
      "time": 15.9,
      "kind": "public_dto_active_guide",
      "agent_id": 8,
      "reason": "minimum_observed_predator_distance_hysteresis"
    },
    {
      "time": 16.0,
      "kind": "public_dto_active_guide",
      "agent_id": 7,
      "reason": "minimum_observed_predator_distance_hysteresis"
    },
    {
      "time": 16.1,
      "kind": "public_dto_active_guide",
      "agent_id": 8,
      "reason": "minimum_observed_predator_distance_hysteresis"
    },
    {
      "time": 16.2,
      "kind": "public_dto_active_guide",
      "agent_id": 7,
      "reason": "minimum_observed_predator_distance_hysteresis"
    },
    {
      "time": 16.3,
      "kind": "public_dto_active_guide",
      "agent_id": 8,
      "reason": "minimum_observed_predator_distance_hysteresis"
    },
    {
      "time": 16.4,
      "kind": "public_dto_active_guide",
      "agent_id": 7,
      "reason": "minimum_observed_predator_distance_hysteresis"
    },
    {
      "time": 16.5,
      "kind": "public_dto_active_guide",
      "agent_id": 8,
      "reason": "minimum_observed_predator_distance_hysteresis"
    },
    {
      "time": 16.6,
      "kind": "public_dto_active_guide",
      "agent_id": 7,
      "reason": "minimum_observed_predator_distance_hysteresis"
    },
    {
      "time": 16.7,
      "kind": "public_dto_active_guide",
      "agent_id": 8,
      "reason": "minimum_observed_predator_distance_hysteresis"
    },
    {
      "time": 16.8,
      "kind": "public_dto_active_guide",
      "agent_id": 7,
      "reason": "minimum_observed_predator_distance_hysteresis"
    },
    {
      "time": 16.9,
      "kind": "public_dto_active_guide",
      "agent_id": 8,
      "reason": "minimum_observed_predator_distance_hysteresis"
    },
    {
      "time": 17.0,
      "kind": "public_dto_active_guide",
      "agent_id": 7,
      "reason": "minimum_observed_predator_distance_hysteresis"
    },
    {
      "time": 17.1,
      "kind": "public_dto_active_guide",
      "agent_id": 8,
      "reason": "minimum_observed_predator_distance_hysteresis"
    },
    {
      "time": 17.2,
      "kind": "public_dto_active_guide",
      "agent_id": 7,
      "reason": "minimum_observed_predator_distance_hysteresis"
    },
    {
      "time": 17.3,
      "kind": "public_dto_active_guide",
      "agent_id": 8,
      "reason": "minimum_observed_predator_distance_hysteresis"
    },
    {
      "time": 17.4,
      "kind": "public_dto_active_guide",
      "agent_id": 7,
      "reason": "minimum_observed_predator_distance_hysteresis"
    },
    {
      "time": 17.5,
      "kind": "public_dto_active_guide",
      "agent_id": 8,
      "reason": "minimum_observed_predator_distance_hysteresis"
    },
    {
      "time": 17.6,
      "kind": "public_dto_active_guide",
      "agent_id": 7,
      "reason": "minimum_observed_predator_distance_hysteresis"
    },
    {
      "time": 17.7,
      "kind": "public_dto_active_guide",
      "agent_id": 8,
      "reason": "minimum_observed_predator_distance_hysteresis"
    },
    {
      "time": 17.8,
      "kind": "public_dto_active_guide",
      "agent_id": 7,
      "reason": "minimum_observed_predator_distance_hysteresis"
    },
    {
      "time": 17.9,
      "kind": "public_dto_active_guide",
      "agent_id": 8,
      "reason": "minimum_observed_predator_distance_hysteresis"
    },
    {
      "time": 18.0,
      "kind": "public_dto_active_guide",
      "agent_id": 7,
      "reason": "minimum_observed_predator_distance_hysteresis"
    },
    {
      "time": 18.1,
      "kind": "public_dto_active_guide",
      "agent_id": 8,
      "reason": "minimum_observed_predator_distance_hysteresis"
    },
    {
      "time": 18.2,
      "kind": "public_dto_active_guide",
      "agent_id": 7,
      "reason": "minimum_observed_predator_distance_hysteresis"
    },
    {
      "time": 18.3,
      "kind": "public_dto_active_guide",
      "agent_id": 8,
      "reason": "minimum_observed_predator_distance_hysteresis"
    },
    {
      "time": 18.4,
      "kind": "public_dto_active_guide",
      "agent_id": 7,
      "reason": "minimum_observed_predator_distance_hysteresis"
    },
    {
      "time": 18.5,
      "kind": "public_dto_active_guide",
      "agent_id": 9,
      "reason": "minimum_observed_predator_distance_hysteresis"
    },
    {
      "time": 19.3,
      "kind": "public_dto_active_guide",
      "agent_id": 8,
      "reason": "minimum_observed_predator_distance_hysteresis"
    },
    {
      "time": 19.4,
      "kind": "public_dto_active_guide",
      "agent_id": 3,
      "reason": "minimum_observed_predator_distance_hysteresis"
    },
    {
      "time": 19.5,
      "kind": "public_dto_active_guide",
      "agent_id": 5,
      "reason": "minimum_observed_predator_distance_hysteresis"
    },
    {
      "time": 20.9,
      "kind": "public_dto_active_guide",
      "agent_id": 6,
      "reason": "minimum_observed_predator_distance_hysteresis"
    },
    {
      "time": 21.2,
      "kind": "public_dto_active_guide",
      "agent_id": 1,
      "reason": "minimum_observed_predator_distance_hysteresis"
    },
    {
      "time": 21.3,
      "kind": "public_dto_active_guide",
      "agent_id": 5,
      "reason": "minimum_observed_predator_distance_hysteresis"
    },
    {
      "time": 21.4,
      "kind": "public_dto_active_guide",
      "agent_id": 9,
      "reason": "minimum_observed_predator_distance_hysteresis"
    },
    {
      "time": 21.5,
      "kind": "public_dto_active_guide",
      "agent_id": 5,
      "reason": "minimum_observed_predator_distance_hysteresis"
    },
    {
      "time": 21.6,
      "kind": "public_dto_active_guide",
      "agent_id": 7,
      "reason": "minimum_observed_predator_distance_hysteresis"
    },
    {
      "time": 21.9,
      "kind": "public_dto_active_guide",
      "agent_id": 4,
      "reason": "minimum_observed_predator_distance_hysteresis"
    },
    {
      "time": 22.0,
      "kind": "public_dto_active_guide",
      "agent_id": 1,
      "reason": "minimum_observed_predator_distance_hysteresis"
    },
    {
      "time": 22.1,
      "kind": "public_dto_active_guide",
      "agent_id": 9,
      "reason": "minimum_observed_predator_distance_hysteresis"
    },
    {
      "time": 22.2,
      "kind": "public_dto_active_guide",
      "agent_id": 6,
      "reason": "minimum_observed_predator_distance_hysteresis"
    },
    {
      "time": 22.7,
      "kind": "public_dto_active_guide",
      "agent_id": 4,
      "reason": "minimum_observed_predator_distance_hysteresis"
    },
    {
      "time": 22.8,
      "kind": "public_dto_active_guide",
      "agent_id": 5,
      "reason": "minimum_observed_predator_distance_hysteresis"
    },
    {
      "time": 22.9,
      "kind": "public_dto_active_guide",
      "agent_id": 1,
      "reason": "minimum_observed_predator_distance_hysteresis"
    },
    {
      "time": 23.1,
      "kind": "public_dto_active_guide",
      "agent_id": 3,
      "reason": "minimum_observed_predator_distance_hysteresis"
    },
    {
      "time": 23.2,
      "kind": "public_dto_active_guide",
      "agent_id": 4,
      "reason": "minimum_observed_predator_distance_hysteresis"
    },
    {
      "time": 23.8,
      "kind": "public_dto_active_guide",
      "agent_id": 9,
      "reason": "minimum_observed_predator_distance_hysteresis"
    },
    {
      "time": 23.9,
      "kind": "public_dto_active_guide",
      "agent_id": 6,
      "reason": "minimum_observed_predator_distance_hysteresis"
    },
    {
      "time": 24.0,
      "kind": "public_dto_active_guide",
      "agent_id": 7,
      "reason": "minimum_observed_predator_distance_hysteresis"
    },
    {
      "time": 24.2,
      "kind": "public_dto_active_guide",
      "agent_id": 6,
      "reason": "minimum_observed_predator_distance_hysteresis"
    },
    {
      "time": 24.5,
      "kind": "public_dto_active_guide",
      "agent_id": 3,
      "reason": "minimum_observed_predator_distance_hysteresis"
    },
    {
      "time": 24.6,
      "kind": "public_dto_active_guide",
      "agent_id": 2,
      "reason": "minimum_observed_predator_distance_hysteresis"
    },
    {
      "time": 24.7,
      "kind": "public_dto_active_guide",
      "agent_id": 7,
      "reason": "minimum_observed_predator_distance_hysteresis"
    },
    {
      "time": 24.8,
      "kind": "public_dto_active_guide",
      "agent_id": 4,
      "reason": "minimum_observed_predator_distance_hysteresis"
    },
    {
      "time": 25.0,
      "kind": "public_dto_active_guide",
      "agent_id": 3,
      "reason": "minimum_observed_predator_distance_hysteresis"
    },
    {
      "time": 25.1,
      "kind": "public_dto_active_guide",
      "agent_id": 6,
      "reason": "minimum_observed_predator_distance_hysteresis"
    },
    {
      "time": 25.2,
      "kind": "public_dto_active_guide",
      "agent_id": 3,
      "reason": "minimum_observed_predator_distance_hysteresis"
    },
    {
      "time": 25.3,
      "kind": "public_dto_active_guide",
      "agent_id": 4,
      "reason": "minimum_observed_predator_distance_hysteresis"
    },
    {
      "time": 25.5,
      "kind": "public_dto_active_guide",
      "agent_id": 5,
      "reason": "minimum_observed_predator_distance_hysteresis"
    },
    {
      "time": 25.8,
      "kind": "public_dto_active_guide",
      "agent_id": 3,
      "reason": "minimum_observed_predator_distance_hysteresis"
    },
    {
      "time": 26.1,
      "kind": "public_dto_active_guide",
      "agent_id": 7,
      "reason": "minimum_observed_predator_distance_hysteresis"
    },
    {
      "time": 26.2,
      "kind": "public_dto_active_guide",
      "agent_id": 9,
      "reason": "minimum_observed_predator_distance_hysteresis"
    },
    {
      "time": 26.3,
      "kind": "public_dto_active_guide",
      "agent_id": 3,
      "reason": "minimum_observed_predator_distance_hysteresis"
    },
    {
      "time": 26.4,
      "kind": "public_dto_active_guide",
      "agent_id": 6,
      "reason": "minimum_observed_predator_distance_hysteresis"
    },
    {
      "time": 26.6,
      "kind": "public_dto_active_guide",
      "agent_id": 1,
      "reason": "minimum_observed_predator_distance_hysteresis"
    },
    {
      "time": 26.8,
      "kind": "public_dto_active_guide",
      "agent_id": 2,
      "reason": "minimum_observed_predator_distance_hysteresis"
    },
    {
      "time": 26.9,
      "kind": "public_dto_active_guide",
      "agent_id": 6,
      "reason": "minimum_observed_predator_distance_hysteresis"
    },
    {
      "time": 27.1,
      "kind": "public_dto_active_guide",
      "agent_id": 8,
      "reason": "minimum_observed_predator_distance_hysteresis"
    },
    {
      "time": 27.5,
      "kind": "public_dto_active_guide",
      "agent_id": 3,
      "reason": "minimum_observed_predator_distance_hysteresis"
    },
    {
      "time": 27.6,
      "kind": "public_dto_active_guide",
      "agent_id": 8,
      "reason": "minimum_observed_predator_distance_hysteresis"
    },
    {
      "time": 27.7,
      "kind": "public_dto_active_guide",
      "agent_id": 3,
      "reason": "minimum_observed_predator_distance_hysteresis"
    },
    {
      "time": 27.8,
      "kind": "public_dto_active_guide",
      "agent_id": 1,
      "reason": "minimum_observed_predator_distance_hysteresis"
    },
    {
      "time": 28.1,
      "kind": "public_dto_active_guide",
      "agent_id": 3,
      "reason": "minimum_observed_predator_distance_hysteresis"
    },
    {
      "time": 28.2,
      "kind": "public_dto_active_guide",
      "agent_id": 7,
      "reason": "minimum_observed_predator_distance_hysteresis"
    },
    {
      "time": 28.3,
      "kind": "public_dto_active_guide",
      "agent_id": 3,
      "reason": "minimum_observed_predator_distance_hysteresis"
    },
    {
      "time": 28.4,
      "kind": "public_dto_active_guide",
      "agent_id": 7,
      "reason": "minimum_observed_predator_distance_hysteresis"
    },
    {
      "time": 28.5,
      "kind": "public_dto_active_guide",
      "agent_id": 3,
      "reason": "minimum_observed_predator_distance_hysteresis"
    },
    {
      "time": 28.6,
      "kind": "public_dto_active_guide",
      "agent_id": 7,
      "reason": "minimum_observed_predator_distance_hysteresis"
    },
    {
      "time": 28.7,
      "kind": "public_dto_active_guide",
      "agent_id": 3,
      "reason": "minimum_observed_predator_distance_hysteresis"
    },
    {
      "time": 28.8,
      "kind": "public_dto_active_guide",
      "agent_id": 7,
      "reason": "minimum_observed_predator_distance_hysteresis"
    },
    {
      "time": 28.9,
      "kind": "public_dto_active_guide",
      "agent_id": 3,
      "reason": "minimum_observed_predator_distance_hysteresis"
    },
    {
      "time": 29.0,
      "kind": "public_dto_active_guide",
      "agent_id": 7,
      "reason": "minimum_observed_predator_distance_hysteresis"
    },
    {
      "time": 29.1,
      "kind": "public_dto_active_guide",
      "agent_id": 3,
      "reason": "minimum_observed_predator_distance_hysteresis"
    },
    {
      "time": 29.2,
      "kind": "public_dto_active_guide",
      "agent_id": 7,
      "reason": "minimum_observed_predator_distance_hysteresis"
    },
    {
      "time": 29.3,
      "kind": "public_dto_active_guide",
      "agent_id": 3,
      "reason": "minimum_observed_predator_distance_hysteresis"
    },
    {
      "time": 29.4,
      "kind": "public_dto_active_guide",
      "agent_id": 7,
      "reason": "minimum_observed_predator_distance_hysteresis"
    },
    {
      "time": 29.5,
      "kind": "public_dto_active_guide",
      "agent_id": 3,
      "reason": "minimum_observed_predator_distance_hysteresis"
    },
    {
      "time": 29.6,
      "kind": "public_dto_active_guide",
      "agent_id": 7,
      "reason": "minimum_observed_predator_distance_hysteresis"
    },
    {
      "time": 29.7,
      "kind": "public_dto_active_guide",
      "agent_id": 3,
      "reason": "minimum_observed_predator_distance_hysteresis"
    },
    {
      "time": 29.8,
      "kind": "public_dto_active_guide",
      "agent_id": 7,
      "reason": "minimum_observed_predator_distance_hysteresis"
    },
    {
      "time": 29.9,
      "kind": "public_dto_active_guide",
      "agent_id": 3,
      "reason": "minimum_observed_predator_distance_hysteresis"
    },
    {
      "time": 30.0,
      "kind": "public_dto_active_guide",
      "agent_id": 7,
      "reason": "minimum_observed_predator_distance_hysteresis"
    },
    {
      "time": 30.1,
      "kind": "public_dto_active_guide",
      "agent_id": 3,
      "reason": "minimum_observed_predator_distance_hysteresis"
    },
    {
      "time": 30.2,
      "kind": "public_dto_active_guide",
      "agent_id": 7,
      "reason": "minimum_observed_predator_distance_hysteresis"
    },
    {
      "time": 30.3,
      "kind": "public_dto_active_guide",
      "agent_id": 3,
      "reason": "minimum_observed_predator_distance_hysteresis"
    },
    {
      "time": 30.4,
      "kind": "public_dto_active_guide",
      "agent_id": 7,
      "reason": "minimum_observed_predator_distance_hysteresis"
    },
    {
      "time": 30.5,
      "kind": "public_dto_active_guide",
      "agent_id": 3,
      "reason": "minimum_observed_predator_distance_hysteresis"
    },
    {
      "time": 30.6,
      "kind": "public_dto_active_guide",
      "agent_id": 7,
      "reason": "minimum_observed_predator_distance_hysteresis"
    },
    {
      "time": 30.7,
      "kind": "public_dto_active_guide",
      "agent_id": 3,
      "reason": "minimum_observed_predator_distance_hysteresis"
    },
    {
      "time": 30.8,
      "kind": "public_dto_active_guide",
      "agent_id": 7,
      "reason": "minimum_observed_predator_distance_hysteresis"
    },
    {
      "time": 30.9,
      "kind": "public_dto_active_guide",
      "agent_id": 3,
      "reason": "minimum_observed_predator_distance_hysteresis"
    },
    {
      "time": 31.0,
      "kind": "public_dto_active_guide",
      "agent_id": 7,
      "reason": "minimum_observed_predator_distance_hysteresis"
    },
    {
      "time": 31.3,
      "kind": "public_dto_active_guide",
      "agent_id": 6,
      "reason": "minimum_observed_predator_distance_hysteresis"
    },
    {
      "time": 31.5,
      "kind": "public_dto_active_guide",
      "agent_id": 5,
      "reason": "minimum_observed_predator_distance_hysteresis"
    },
    {
      "time": 32.1,
      "kind": "public_dto_active_guide",
      "agent_id": 3,
      "reason": "minimum_observed_predator_distance_hysteresis"
    },
    {
      "time": 32.2,
      "kind": "public_dto_active_guide",
      "agent_id": 1,
      "reason": "minimum_observed_predator_distance_hysteresis"
    },
    {
      "time": 32.3,
      "kind": "public_dto_active_guide",
      "agent_id": 3,
      "reason": "minimum_observed_predator_distance_hysteresis"
    },
    {
      "time": 32.4,
      "kind": "public_dto_active_guide",
      "agent_id": 2,
      "reason": "minimum_observed_predator_distance_hysteresis"
    },
    {
      "time": 32.5,
      "kind": "public_dto_active_guide",
      "agent_id": 3,
      "reason": "minimum_observed_predator_distance_hysteresis"
    },
    {
      "time": 32.6,
      "kind": "public_dto_active_guide",
      "agent_id": 9,
      "reason": "minimum_observed_predator_distance_hysteresis"
    },
    {
      "time": 33.3,
      "kind": "public_dto_active_guide",
      "agent_id": 8,
      "reason": "minimum_observed_predator_distance_hysteresis"
    },
    {
      "time": 33.5,
      "kind": "public_dto_active_guide",
      "agent_id": 9,
      "reason": "minimum_observed_predator_distance_hysteresis"
    },
    {
      "time": 33.7,
      "kind": "public_dto_active_guide",
      "agent_id": 8,
      "reason": "minimum_observed_predator_distance_hysteresis"
    },
    {
      "time": 33.9,
      "kind": "public_dto_active_guide",
      "agent_id": 4,
      "reason": "minimum_observed_predator_distance_hysteresis"
    },
    {
      "time": 34.4,
      "kind": "public_dto_active_guide",
      "agent_id": 6,
      "reason": "minimum_observed_predator_distance_hysteresis"
    },
    {
      "time": 34.7,
      "kind": "public_dto_active_guide",
      "agent_id": 3,
      "reason": "minimum_observed_predator_distance_hysteresis"
    },
    {
      "time": 34.9,
      "kind": "public_dto_active_guide",
      "agent_id": 6,
      "reason": "minimum_observed_predator_distance_hysteresis"
    },
    {
      "time": 35.0,
      "kind": "public_dto_active_guide",
      "agent_id": 3,
      "reason": "minimum_observed_predator_distance_hysteresis"
    },
    {
      "time": 35.3,
      "kind": "public_dto_active_guide",
      "agent_id": 9,
      "reason": "minimum_observed_predator_distance_hysteresis"
    },
    {
      "time": 35.4,
      "kind": "public_dto_active_guide",
      "agent_id": 2,
      "reason": "minimum_observed_predator_distance_hysteresis"
    },
    {
      "time": 35.5,
      "kind": "public_dto_active_guide",
      "agent_id": 7,
      "reason": "minimum_observed_predator_distance_hysteresis"
    },
    {
      "time": 35.6,
      "kind": "public_dto_active_guide",
      "agent_id": 2,
      "reason": "minimum_observed_predator_distance_hysteresis"
    },
    {
      "time": 35.9,
      "kind": "public_dto_active_guide",
      "agent_id": 6,
      "reason": "minimum_observed_predator_distance_hysteresis"
    },
    {
      "time": 36.0,
      "kind": "public_dto_active_guide",
      "agent_id": 7,
      "reason": "minimum_observed_predator_distance_hysteresis"
    },
    {
      "time": 36.2,
      "kind": "public_dto_active_guide",
      "agent_id": 3,
      "reason": "minimum_observed_predator_distance_hysteresis"
    },
    {
      "time": 36.4,
      "kind": "public_dto_active_guide",
      "agent_id": 1,
      "reason": "minimum_observed_predator_distance_hysteresis"
    },
    {
      "time": 36.7,
      "kind": "public_dto_active_guide",
      "agent_id": 7,
      "reason": "minimum_observed_predator_distance_hysteresis"
    },
    {
      "time": 37.7,
      "kind": "public_dto_active_guide",
      "agent_id": 2,
      "reason": "minimum_observed_predator_distance_hysteresis"
    },
    {
      "time": 38.6,
      "kind": "public_dto_active_guide",
      "agent_id": 7,
      "reason": "minimum_observed_predator_distance_hysteresis"
    },
    {
      "time": 40.6,
      "kind": "public_dto_active_guide",
      "agent_id": 6,
      "reason": "minimum_observed_predator_distance_hysteresis"
    }
  ],
  "success": false,
  "replay": "results/simple_chase/replays/real-map-EmergencyGuides-m10344-f20344-p1-direct_guide-sitebait1-3513e3b5.json.gz"
}
/home/Ucals/projects/NordicCupAI-wall-funneling/survival-simulator/oscar-trap-research/survival/results/simple_chase/real-map-EmergencyGuides-m10344-f20344-p1-direct_guide-sitebait1-3513e3b5.json
