Running as unit: run-p918451-i908630.scope; invocation ID: ca7d2abd73674ee6b1a0e42a89ee093f
{"progress": "real-map-EmergencyGuides-m10341-f20341-p1-direct_guide-sitebait1-ba3754b4", "time": 10.0, "bait_deployed": 0.1, "policy_bait_ready": false, "encounter": 0.1, "oracle_handoff": null, "children": 8, "active_guide_id": 1, "guide_alive": true, "active_guide_alive": true, "guided_delivered": 0}
{"progress": "real-map-EmergencyGuides-m10341-f20341-p1-direct_guide-sitebait1-ba3754b4", "time": 20.0, "bait_deployed": 0.1, "policy_bait_ready": false, "encounter": 0.1, "oracle_handoff": null, "children": 8, "active_guide_id": 1, "guide_alive": true, "active_guide_alive": true, "guided_delivered": 0}
{"progress": "real-map-EmergencyGuides-m10341-f20341-p1-direct_guide-sitebait1-ba3754b4", "time": 30.0, "bait_deployed": 0.1, "policy_bait_ready": false, "encounter": 0.1, "oracle_handoff": null, "children": 8, "active_guide_id": 3, "guide_alive": true, "active_guide_alive": true, "guided_delivered": 0}
{"progress": "real-map-EmergencyGuides-m10341-f20341-p1-direct_guide-sitebait1-ba3754b4", "time": 40.0, "bait_deployed": 0.1, "policy_bait_ready": false, "encounter": 0.1, "oracle_handoff": null, "children": 8, "active_guide_id": 1, "guide_alive": true, "active_guide_alive": true, "guided_delivered": 0}
{"progress": "real-map-EmergencyGuides-m10341-f20341-p1-direct_guide-sitebait1-ba3754b4", "time": 50.0, "bait_deployed": 0.1, "policy_bait_ready": false, "encounter": 0.1, "oracle_handoff": null, "children": 8, "active_guide_id": 8, "guide_alive": false, "active_guide_alive": true, "guided_delivered": 0}
{"progress": "real-map-EmergencyGuides-m10341-f20341-p1-direct_guide-sitebait1-ba3754b4", "time": 60.0, "bait_deployed": 0.1, "policy_bait_ready": false, "encounter": 0.1, "oracle_handoff": null, "children": 8, "active_guide_id": 8, "guide_alive": false, "active_guide_alive": true, "guided_delivered": 0}
{"progress": "real-map-EmergencyGuides-m10341-f20341-p1-direct_guide-sitebait1-ba3754b4", "time": 70.0, "bait_deployed": 0.1, "policy_bait_ready": false, "encounter": 0.1, "oracle_handoff": null, "children": 8, "active_guide_id": 8, "guide_alive": false, "active_guide_alive": true, "guided_delivered": 0}
{"progress": "real-map-EmergencyGuides-m10341-f20341-p1-direct_guide-sitebait1-ba3754b4", "time": 80.0, "bait_deployed": 0.1, "policy_bait_ready": false, "encounter": 0.1, "oracle_handoff": null, "children": 8, "active_guide_id": 8, "guide_alive": false, "active_guide_alive": true, "guided_delivered": 0}
{"progress": "real-map-EmergencyGuides-m10341-f20341-p1-direct_guide-sitebait1-ba3754b4", "time": 90.0, "bait_deployed": 0.1, "policy_bait_ready": false, "encounter": 0.1, "oracle_handoff": null, "children": 8, "active_guide_id": 8, "guide_alive": false, "active_guide_alive": true, "guided_delivered": 0}
{"progress": "real-map-EmergencyGuides-m10341-f20341-p1-direct_guide-sitebait1-ba3754b4", "time": 100.0, "bait_deployed": 0.1, "policy_bait_ready": false, "encounter": 0.1, "oracle_handoff": null, "children": 8, "active_guide_id": 8, "guide_alive": false, "active_guide_alive": true, "guided_delivered": 0}
{"progress": "real-map-EmergencyGuides-m10341-f20341-p1-direct_guide-sitebait1-ba3754b4", "time": 110.0, "bait_deployed": 0.1, "policy_bait_ready": false, "encounter": 0.1, "oracle_handoff": null, "children": 8, "active_guide_id": 8, "guide_alive": false, "active_guide_alive": true, "guided_delivered": 0}
{"progress": "real-map-EmergencyGuides-m10341-f20341-p1-direct_guide-sitebait1-ba3754b4", "time": 120.0, "bait_deployed": 0.1, "policy_bait_ready": false, "encounter": 0.1, "oracle_handoff": null, "children": 8, "active_guide_id": 8, "guide_alive": false, "active_guide_alive": true, "guided_delivered": 0}
{"progress": "real-map-EmergencyGuides-m10341-f20341-p1-direct_guide-sitebait1-ba3754b4", "time": 130.0, "bait_deployed": 0.1, "policy_bait_ready": false, "encounter": 0.1, "oracle_handoff": null, "children": 8, "active_guide_id": 8, "guide_alive": false, "active_guide_alive": true, "guided_delivered": 0}
{"progress": "real-map-EmergencyGuides-m10341-f20341-p1-direct_guide-sitebait1-ba3754b4", "time": 140.0, "bait_deployed": 0.1, "policy_bait_ready": false, "encounter": 0.1, "oracle_handoff": null, "children": 8, "active_guide_id": 8, "guide_alive": false, "active_guide_alive": false, "guided_delivered": 0}
{"progress": "real-map-EmergencyGuides-m10341-f20341-p1-direct_guide-sitebait1-ba3754b4", "time": 150.0, "bait_deployed": 0.1, "policy_bait_ready": false, "encounter": 0.1, "oracle_handoff": null, "children": 8, "active_guide_id": 8, "guide_alive": false, "active_guide_alive": false, "guided_delivered": 0}
{"progress": "real-map-EmergencyGuides-m10341-f20341-p1-direct_guide-sitebait1-ba3754b4", "time": 160.0, "bait_deployed": 0.1, "policy_bait_ready": false, "encounter": 0.1, "oracle_handoff": null, "children": 8, "active_guide_id": 8, "guide_alive": false, "active_guide_alive": false, "guided_delivered": 0}
{"progress": "real-map-EmergencyGuides-m10341-f20341-p1-direct_guide-sitebait1-ba3754b4", "time": 170.0, "bait_deployed": 0.1, "policy_bait_ready": false, "encounter": 0.1, "oracle_handoff": null, "children": 8, "active_guide_id": 8, "guide_alive": false, "active_guide_alive": false, "guided_delivered": 0}
{"progress": "real-map-EmergencyGuides-m10341-f20341-p1-direct_guide-sitebait1-ba3754b4", "time": 180.0, "bait_deployed": 0.1, "policy_bait_ready": false, "encounter": 0.1, "oracle_handoff": null, "children": 8, "active_guide_id": 8, "guide_alive": false, "active_guide_alive": false, "guided_delivered": 0}
{"progress": "real-map-EmergencyGuides-m10341-f20341-p1-direct_guide-sitebait1-ba3754b4", "time": 190.0, "bait_deployed": 0.1, "policy_bait_ready": false, "encounter": 0.1, "oracle_handoff": null, "children": 8, "active_guide_id": 8, "guide_alive": false, "active_guide_alive": false, "guided_delivered": 0}
{"progress": "real-map-EmergencyGuides-m10341-f20341-p1-direct_guide-sitebait1-ba3754b4", "time": 200.0, "bait_deployed": 0.1, "policy_bait_ready": false, "encounter": 0.1, "oracle_handoff": null, "children": 8, "active_guide_id": 8, "guide_alive": false, "active_guide_alive": false, "guided_delivered": 0}
{"progress": "real-map-EmergencyGuides-m10341-f20341-p1-direct_guide-sitebait1-ba3754b4", "time": 210.0, "bait_deployed": 0.1, "policy_bait_ready": false, "encounter": 0.1, "oracle_handoff": null, "children": 8, "active_guide_id": 8, "guide_alive": false, "active_guide_alive": false, "guided_delivered": 0}
{"progress": "real-map-EmergencyGuides-m10341-f20341-p1-direct_guide-sitebait1-ba3754b4", "time": 220.0, "bait_deployed": 0.1, "policy_bait_ready": false, "encounter": 0.1, "oracle_handoff": null, "children": 8, "active_guide_id": 8, "guide_alive": false, "active_guide_alive": false, "guided_delivered": 0}
{"progress": "real-map-EmergencyGuides-m10341-f20341-p1-direct_guide-sitebait1-ba3754b4", "time": 230.0, "bait_deployed": 0.1, "policy_bait_ready": false, "encounter": 0.1, "oracle_handoff": null, "children": 8, "active_guide_id": 8, "guide_alive": false, "active_guide_alive": false, "guided_delivered": 0}
{"progress": "real-map-EmergencyGuides-m10341-f20341-p1-direct_guide-sitebait1-ba3754b4", "time": 240.0, "bait_deployed": 0.1, "policy_bait_ready": false, "encounter": 0.1, "oracle_handoff": null, "children": 8, "active_guide_id": 8, "guide_alive": false, "active_guide_alive": false, "guided_delivered": 0}
{"progress": "real-map-EmergencyGuides-m10341-f20341-p1-direct_guide-sitebait1-ba3754b4", "time": 250.0, "bait_deployed": 0.1, "policy_bait_ready": false, "encounter": 0.1, "oracle_handoff": null, "children": 8, "active_guide_id": 8, "guide_alive": false, "active_guide_alive": false, "guided_delivered": 0}
{"progress": "real-map-EmergencyGuides-m10341-f20341-p1-direct_guide-sitebait1-ba3754b4", "time": 260.0, "bait_deployed": 0.1, "policy_bait_ready": false, "encounter": 0.1, "oracle_handoff": null, "children": 8, "active_guide_id": 8, "guide_alive": false, "active_guide_alive": false, "guided_delivered": 0}
{"progress": "real-map-EmergencyGuides-m10341-f20341-p1-direct_guide-sitebait1-ba3754b4", "time": 270.0, "bait_deployed": 0.1, "policy_bait_ready": false, "encounter": 0.1, "oracle_handoff": null, "children": 8, "active_guide_id": 8, "guide_alive": false, "active_guide_alive": false, "guided_delivered": 0}
{"progress": "real-map-EmergencyGuides-m10341-f20341-p1-direct_guide-sitebait1-ba3754b4", "time": 280.0, "bait_deployed": 0.1, "policy_bait_ready": false, "encounter": 0.1, "oracle_handoff": null, "children": 8, "active_guide_id": 8, "guide_alive": false, "active_guide_alive": false, "guided_delivered": 0}
{"progress": "real-map-EmergencyGuides-m10341-f20341-p1-direct_guide-sitebait1-ba3754b4", "time": 290.0, "bait_deployed": 0.1, "policy_bait_ready": false, "encounter": 0.1, "oracle_handoff": null, "children": 8, "active_guide_id": 8, "guide_alive": false, "active_guide_alive": false, "guided_delivered": 0}
{"progress": "real-map-EmergencyGuides-m10341-f20341-p1-direct_guide-sitebait1-ba3754b4", "time": 300.0, "bait_deployed": 0.1, "policy_bait_ready": false, "encounter": 0.1, "oracle_handoff": null, "children": 8, "active_guide_id": 8, "guide_alive": false, "active_guide_alive": false, "guided_delivered": 0}
{"viewer_manifest_refresh": {"status": "deferred", "reason": "bounded-memory runs defer full-replay viewer processing"}}
{
  "schema": "real-map-intake-result-v2",
  "policy": "integrated_guide.policy_v34_wide_emergency:EmergencyGuides",
  "policy_hash": "41e1169f4cf2954e8749cc49a89d271db8dfa535114ff82644fa1a471897bac7",
  "harness_hashes": {
    "research/simple_chase/run_streaming_v2.py": "837e02b05d1ba3af71df0949cb30beb18a8b2844f090f8b383c692192c52719a",
    "research/simple_chase/sampling.py": "1efb7d309c4cc79bc87916c1bea72a7845e78d0c2cdf0aeaf9e2a758ceed48ab",
    "research/simple_chase/static_map.py": "197b16cbe9dd2e3dd06b81fe9481986a97bd92d9c2a55f33597cc9b7280faf3c",
    "debugger/streaming_recorder_v2.py": "d5ecda6bb39ec74a9ad86fb20458df5de7f466d73052558af9e2877be3d99b19"
  },
  "mode": "direct_guide",
  "map_seed": 10341,
  "fixture_seed": 20341,
  "static_map_hash": "f60f0e468efdc42a5dfea834c4ff493f7d5e014b7eb8ff74b1813a722ddc2d89",
  "site": {
    "mouth": [
      172.8587,
      601.9505
    ],
    "inward": [
      0.0,
      -1.0
    ],
    "cross": [
      1.0,
      0.0
    ],
    "goal": [
      172.8587,
      596.9505
    ],
    "far": [
      172.8587,
      726.9505
    ],
    "hold": [
      172.8587,
      676.9505
    ],
    "gap": 13.3921,
    "overlap": 43.6457,
    "runup": [
      172.8587,
      851.9505
    ],
    "approach_lane_offset": 0.0,
    "offset_approach": false,
    "obstacle_indices": [
      25,
      11
    ],
    "axis": 0,
    "other_mouth": [
      172.8587,
      558.3048
    ],
    "replacement_entry": [
      172.8587,
      538.3048
    ],
    "second_access_clear": true,
    "second_access_radius": 5.01,
    "bait_depth": 5.0,
    "boundary_indices": [],
    "geometric_replacement_access_only": true
  },
  "station_bait": true,
  "requested_seconds": 300.0,
  "seconds": 300.0,
  "reason": "horizon",
  "native_render": true,
  "reproduction_of": null,
  "record_every_ticks": 1,
  "replay_frames": 3001,
  "initial_predators": 1,
  "final_predators_total": 3,
  "tracked_predators_present_final": 1,
  "ambient_predators_spawned": 2,
  "ambient_predators_present_final": 2,
  "agent_energy_refilled": true,
  "predator_state_native": false,
  "predator_dynamics_native_after_setup": true,
  "arranged_adjacent_awake_start": true,
  "bait_id": 0,
  "guide_id": 1,
  "bait_alive": true,
  "guide_alive": false,
  "deaths": [
    {
      "time": 36.2,
      "agent_id": 3,
      "role": "native_child"
    },
    {
      "time": 36.2,
      "agent_id": 7,
      "role": "native_child"
    },
    {
      "time": 44.0,
      "agent_id": 1,
      "role": "parent_guide"
    },
    {
      "time": 44.0,
      "agent_id": 2,
      "role": "native_child"
    },
    {
      "time": 44.0,
      "agent_id": 4,
      "role": "native_child"
    },
    {
      "time": 44.0,
      "agent_id": 6,
      "role": "native_child"
    },
    {
      "time": 46.3,
      "agent_id": 5,
      "role": "native_child"
    },
    {
      "time": 46.3,
      "agent_id": 9,
      "role": "native_child"
    },
    {
      "time": 137.2,
      "agent_id": 8,
      "role": "native_child"
    }
  ],
  "spawn_requests": [
    {
      "time": 5.6,
      "parent_id": 1
    },
    {
      "time": 5.7,
      "parent_id": 1
    },
    {
      "time": 5.8,
      "parent_id": 3
    },
    {
      "time": 5.9,
      "parent_id": 3
    },
    {
      "time": 6.0,
      "parent_id": 3
    },
    {
      "time": 6.1,
      "parent_id": 2
    },
    {
      "time": 6.2,
      "parent_id": 2
    },
    {
      "time": 6.3,
      "parent_id": 7
    }
  ],
  "child_births": [
    {
      "time": 5.6,
      "child_id": 2,
      "x": 755.3389,
      "y": 887.9174,
      "requesting_parent_ids": [
        1
      ],
      "native_parent_proximity_spawn": true
    },
    {
      "time": 5.7,
      "child_id": 3,
      "x": 782.9907,
      "y": 884.3855,
      "requesting_parent_ids": [
        1
      ],
      "native_parent_proximity_spawn": true
    },
    {
      "time": 5.8,
      "child_id": 4,
      "x": 829.1719,
      "y": 889.0269,
      "requesting_parent_ids": [
        3
      ],
      "native_parent_proximity_spawn": true
    },
    {
      "time": 5.9,
      "child_id": 5,
      "x": 769.0059,
      "y": 871.6897,
      "requesting_parent_ids": [
        3
      ],
      "native_parent_proximity_spawn": true
    },
    {
      "time": 6.0,
      "child_id": 6,
      "x": 786.1042,
      "y": 884.4859,
      "requesting_parent_ids": [
        3
      ],
      "native_parent_proximity_spawn": true
    },
    {
      "time": 6.1,
      "child_id": 7,
      "x": 704.7155,
      "y": 868.7076,
      "requesting_parent_ids": [
        2
      ],
      "native_parent_proximity_spawn": true
    },
    {
      "time": 6.2,
      "child_id": 8,
      "x": 706.8498,
      "y": 875.1238,
      "requesting_parent_ids": [
        2
      ],
      "native_parent_proximity_spawn": true
    },
    {
      "time": 6.3,
      "child_id": 9,
      "x": 734.564,
      "y": 859.2339,
      "requesting_parent_ids": [
        7
      ],
      "native_parent_proximity_spawn": true
    }
  ],
  "fruit_consumptions": [
    {
      "time": 10.9,
      "agent_id": 6,
      "x": 691.6326,
      "y": 876.8608
    },
    {
      "time": 10.9,
      "agent_id": 1,
      "x": 704.5955,
      "y": 868.2343
    },
    {
      "time": 18.9,
      "agent_id": 1,
      "x": 604.7344,
      "y": 1079.1702
    },
    {
      "time": 23.1,
      "agent_id": 1,
      "x": 35.5286,
      "y": 905.6629
    },
    {
      "time": 45.2,
      "agent_id": 8,
      "x": 231.8736,
      "y": 752.2198
    },
    {
      "time": 53.4,
      "agent_id": 8,
      "x": 317.6101,
      "y": 863.2066
    },
    {
      "time": 56.2,
      "agent_id": 8,
      "x": 164.0457,
      "y": 949.6051
    },
    {
      "time": 57.0,
      "agent_id": 8,
      "x": 173.0798,
      "y": 1045.2759
    },
    {
      "time": 57.1,
      "agent_id": 8,
      "x": 154.6477,
      "y": 1058.6725
    },
    {
      "time": 57.7,
      "agent_id": 8,
      "x": 203.1513,
      "y": 1063.0961
    },
    {
      "time": 61.3,
      "agent_id": 8,
      "x": 888.3099,
      "y": 1055.2714
    },
    {
      "time": 65.9,
      "agent_id": 8,
      "x": 1253.0546,
      "y": 1068.8972
    },
    {
      "time": 71.1,
      "agent_id": 8,
      "x": 951.4541,
      "y": 823.9889
    },
    {
      "time": 71.3,
      "agent_id": 8,
      "x": 946.1029,
      "y": 795.7575
    },
    {
      "time": 71.4,
      "agent_id": 8,
      "x": 918.1635,
      "y": 789.5992
    },
    {
      "time": 71.4,
      "agent_id": 8,
      "x": 938.7732,
      "y": 786.0465
    },
    {
      "time": 71.5,
      "agent_id": 8,
      "x": 908.1312,
      "y": 770.49
    },
    {
      "time": 71.6,
      "agent_id": 8,
      "x": 907.1406,
      "y": 743.5357
    },
    {
      "time": 71.7,
      "agent_id": 8,
      "x": 885.0627,
      "y": 744.9192
    },
    {
      "time": 71.9,
      "agent_id": 8,
      "x": 864.8391,
      "y": 707.9785
    },
    {
      "time": 73.1,
      "agent_id": 8,
      "x": 660.1286,
      "y": 587.0628
    },
    {
      "time": 86.1,
      "agent_id": 8,
      "x": 939.5502,
      "y": 98.8748
    },
    {
      "time": 86.6,
      "agent_id": 8,
      "x": 985.5014,
      "y": 90.5725
    },
    {
      "time": 87.8,
      "agent_id": 8,
      "x": 1104.9885,
      "y": 104.0374
    },
    {
      "time": 90.1,
      "agent_id": 8,
      "x": 1295.0621,
      "y": 194.2669
    },
    {
      "time": 101.0,
      "agent_id": 8,
      "x": 915.7934,
      "y": 179.0522
    },
    {
      "time": 102.8,
      "agent_id": 8,
      "x": 938.0103,
      "y": 189.2794
    },
    {
      "time": 121.8,
      "agent_id": 8,
      "x": 443.4522,
      "y": 541.596
    },
    {
      "time": 122.1,
      "agent_id": 8,
      "x": 415.968,
      "y": 574.0072
    }
  ],
  "parent_fruit_consumed_before_tracked_encounter": 0,
  "tracked_encounter_times": [
    0.1
  ],
  "conditional_delivery_denominator": true,
  "conditional_delivery_status": "not_applicable",
  "setup_oracle": false,
  "setup_oracle_target": null,
  "setup_oracle_ticks": 0,
  "setup_oracle_routing": null,
  "setup_oracle_route_resets": 0,
  "setup_oracle_policy_reset_before_handoff_act": false,
  "setup_oracle_handoff_time": null,
  "dynamic_action_privilege_ended_at": null,
  "target_switches": [
    {
      "time": 0.1,
      "tracked_predator_slot": 0,
      "target": 1
    },
    {
      "time": 5.7,
      "tracked_predator_slot": 0,
      "target": 2
    },
    {
      "time": 6.0,
      "tracked_predator_slot": 0,
      "target": 5
    },
    {
      "time": 6.1,
      "tracked_predator_slot": 0,
      "target": 3
    },
    {
      "time": 6.3,
      "tracked_predator_slot": 0,
      "target": null
    },
    {
      "time": 6.4,
      "tracked_predator_slot": 0,
      "target": 2
    },
    {
      "time": 6.5,
      "tracked_predator_slot": 0,
      "target": 3
    },
    {
      "time": 6.9,
      "tracked_predator_slot": 0,
      "target": null
    },
    {
      "time": 7.0,
      "tracked_predator_slot": 0,
      "target": 7
    },
    {
      "time": 7.1,
      "tracked_predator_slot": 0,
      "target": 2
    },
    {
      "time": 7.2,
      "tracked_predator_slot": 0,
      "target": 7
    },
    {
      "time": 7.3,
      "tracked_predator_slot": 0,
      "target": 2
    },
    {
      "time": 7.7,
      "tracked_predator_slot": 0,
      "target": 7
    },
    {
      "time": 7.8,
      "tracked_predator_slot": 0,
      "target": 2
    },
    {
      "time": 7.9,
      "tracked_predator_slot": 0,
      "target": 9
    },
    {
      "time": 8.0,
      "tracked_predator_slot": 0,
      "target": 2
    },
    {
      "time": 8.1,
      "tracked_predator_slot": 0,
      "target": 9
    },
    {
      "time": 8.2,
      "tracked_predator_slot": 0,
      "target": 3
    },
    {
      "time": 8.3,
      "tracked_predator_slot": 0,
      "target": 9
    },
    {
      "time": 8.4,
      "tracked_predator_slot": 0,
      "target": 3
    },
    {
      "time": 8.5,
      "tracked_predator_slot": 0,
      "target": 7
    },
    {
      "time": 8.7,
      "tracked_predator_slot": 0,
      "target": 8
    },
    {
      "time": 8.8,
      "tracked_predator_slot": 0,
      "target": 3
    },
    {
      "time": 8.9,
      "tracked_predator_slot": 0,
      "target": 8
    },
    {
      "time": 9.0,
      "tracked_predator_slot": 0,
      "target": 2
    },
    {
      "time": 9.1,
      "tracked_predator_slot": 0,
      "target": 8
    },
    {
      "time": 9.2,
      "tracked_predator_slot": 0,
      "target": 2
    },
    {
      "time": 9.3,
      "tracked_predator_slot": 0,
      "target": 8
    },
    {
      "time": 9.4,
      "tracked_predator_slot": 0,
      "target": 9
    },
    {
      "time": 9.5,
      "tracked_predator_slot": 0,
      "target": 8
    },
    {
      "time": 9.6,
      "tracked_predator_slot": 0,
      "target": 1
    },
    {
      "time": 9.8,
      "tracked_predator_slot": 0,
      "target": 9
    },
    {
      "time": 9.9,
      "tracked_predator_slot": 0,
      "target": 1
    },
    {
      "time": 10.0,
      "tracked_predator_slot": 0,
      "target": 7
    },
    {
      "time": 10.1,
      "tracked_predator_slot": 0,
      "target": 1
    },
    {
      "time": 10.5,
      "tracked_predator_slot": 0,
      "target": 6
    },
    {
      "time": 10.8,
      "tracked_predator_slot": 0,
      "target": 1
    },
    {
      "time": 11.1,
      "tracked_predator_slot": 0,
      "target": 6
    },
    {
      "time": 11.3,
      "tracked_predator_slot": 0,
      "target": 1
    },
    {
      "time": 11.4,
      "tracked_predator_slot": 0,
      "target": 9
    },
    {
      "time": 11.5,
      "tracked_predator_slot": 0,
      "target": 6
    },
    {
      "time": 11.6,
      "tracked_predator_slot": 0,
      "target": 9
    },
    {
      "time": 11.7,
      "tracked_predator_slot": 0,
      "target": 8
    },
    {
      "time": 11.8,
      "tracked_predator_slot": 0,
      "target": 9
    },
    {
      "time": 11.9,
      "tracked_predator_slot": 0,
      "target": 1
    },
    {
      "time": 12.0,
      "tracked_predator_slot": 0,
      "target": 9
    },
    {
      "time": 12.8,
      "tracked_predator_slot": 0,
      "target": "resting"
    },
    {
      "time": 16.3,
      "tracked_predator_slot": 0,
      "target": 7
    },
    {
      "time": 16.5,
      "tracked_predator_slot": 0,
      "target": 6
    },
    {
      "time": 16.6,
      "tracked_predator_slot": 0,
      "target": 9
    },
    {
      "time": 16.7,
      "tracked_predator_slot": 0,
      "target": 7
    },
    {
      "time": 16.8,
      "tracked_predator_slot": 0,
      "target": 1
    },
    {
      "time": 16.9,
      "tracked_predator_slot": 0,
      "target": null
    },
    {
      "time": 19.6,
      "tracked_predator_slot": 0,
      "target": 1
    },
    {
      "time": 19.7,
      "tracked_predator_slot": 0,
      "target": null
    },
    {
      "time": 20.0,
      "tracked_predator_slot": 0,
      "target": 1
    },
    {
      "time": 22.7,
      "tracked_predator_slot": 0,
      "target": 2
    },
    {
      "time": 22.9,
      "tracked_predator_slot": 0,
      "target": 1
    },
    {
      "time": 23.1,
      "tracked_predator_slot": 0,
      "target": 6
    },
    {
      "time": 23.2,
      "tracked_predator_slot": 0,
      "target": 1
    },
    {
      "time": 23.6,
      "tracked_predator_slot": 0,
      "target": null
    },
    {
      "time": 23.8,
      "tracked_predator_slot": 0,
      "target": 6
    },
    {
      "time": 23.9,
      "tracked_predator_slot": 0,
      "target": 3
    },
    {
      "time": 24.0,
      "tracked_predator_slot": 0,
      "target": 2
    },
    {
      "time": 24.1,
      "tracked_predator_slot": 0,
      "target": 1
    },
    {
      "time": 24.2,
      "tracked_predator_slot": 0,
      "target": 6
    },
    {
      "time": 24.3,
      "tracked_predator_slot": 0,
      "target": 1
    },
    {
      "time": 24.4,
      "tracked_predator_slot": 0,
      "target": 5
    },
    {
      "time": 24.5,
      "tracked_predator_slot": 0,
      "target": 1
    },
    {
      "time": 24.6,
      "tracked_predator_slot": 0,
      "target": 9
    },
    {
      "time": 24.7,
      "tracked_predator_slot": 0,
      "target": 2
    },
    {
      "time": 24.8,
      "tracked_predator_slot": 0,
      "target": 6
    },
    {
      "time": 24.9,
      "tracked_predator_slot": 0,
      "target": 5
    },
    {
      "time": 25.0,
      "tracked_predator_slot": 0,
      "target": 6
    },
    {
      "time": 25.1,
      "tracked_predator_slot": 0,
      "target": 5
    },
    {
      "time": 25.4,
      "tracked_predator_slot": 0,
      "target": 1
    },
    {
      "time": 25.5,
      "tracked_predator_slot": 0,
      "target": 8
    },
    {
      "time": 25.6,
      "tracked_predator_slot": 0,
      "target": 1
    },
    {
      "time": 25.7,
      "tracked_predator_slot": 0,
      "target": 8
    },
    {
      "time": 25.8,
      "tracked_predator_slot": 0,
      "target": 4
    },
    {
      "time": 25.9,
      "tracked_predator_slot": 0,
      "target": 8
    },
    {
      "time": 26.0,
      "tracked_predator_slot": 0,
      "target": 1
    },
    {
      "time": 26.1,
      "tracked_predator_slot": 0,
      "target": 4
    },
    {
      "time": 26.3,
      "tracked_predator_slot": 0,
      "target": 3
    },
    {
      "time": 26.4,
      "tracked_predator_slot": 0,
      "target": 1
    },
    {
      "time": 26.5,
      "tracked_predator_slot": 0,
      "target": 6
    },
    {
      "time": 26.6,
      "tracked_predator_slot": 0,
      "target": null
    },
    {
      "time": 26.7,
      "tracked_predator_slot": 0,
      "target": 3
    },
    {
      "time": 26.8,
      "tracked_predator_slot": 0,
      "target": 7
    },
    {
      "time": 26.9,
      "tracked_predator_slot": 0,
      "target": 1
    },
    {
      "time": 27.0,
      "tracked_predator_slot": 0,
      "target": 8
    },
    {
      "time": 27.1,
      "tracked_predator_slot": 0,
      "target": 6
    },
    {
      "time": 27.2,
      "tracked_predator_slot": 0,
      "target": "resting"
    },
    {
      "time": 30.7,
      "tracked_predator_slot": 0,
      "target": 3
    },
    {
      "time": 30.9,
      "tracked_predator_slot": 0,
      "target": 8
    },
    {
      "time": 31.0,
      "tracked_predator_slot": 0,
      "target": 6
    },
    {
      "time": 31.2,
      "tracked_predator_slot": 0,
      "target": 4
    },
    {
      "time": 31.3,
      "tracked_predator_slot": 0,
      "target": 6
    },
    {
      "time": 31.4,
      "tracked_predator_slot": 0,
      "target": 7
    },
    {
      "time": 31.6,
      "tracked_predator_slot": 0,
      "target": 8
    },
    {
      "time": 31.7,
      "tracked_predator_slot": 0,
      "target": 1
    },
    {
      "time": 31.8,
      "tracked_predator_slot": 0,
      "target": 6
    },
    {
      "time": 32.2,
      "tracked_predator_slot": 0,
      "target": 5
    },
    {
      "time": 32.3,
      "tracked_predator_slot": 0,
      "target": 2
    },
    {
      "time": 32.7,
      "tracked_predator_slot": 0,
      "target": 1
    },
    {
      "time": 32.8,
      "tracked_predator_slot": 0,
      "target": 9
    },
    {
      "time": 33.1,
      "tracked_predator_slot": 0,
      "target": 3
    },
    {
      "time": 33.2,
      "tracked_predator_slot": 0,
      "target": 5
    },
    {
      "time": 33.3,
      "tracked_predator_slot": 0,
      "target": 6
    },
    {
      "time": 33.4,
      "tracked_predator_slot": 0,
      "target": 1
    },
    {
      "time": 33.5,
      "tracked_predator_slot": 0,
      "target": 3
    },
    {
      "time": 33.6,
      "tracked_predator_slot": 0,
      "target": 5
    },
    {
      "time": 33.8,
      "tracked_predator_slot": 0,
      "target": 4
    },
    {
      "time": 34.0,
      "tracked_predator_slot": 0,
      "target": 5
    },
    {
      "time": 34.1,
      "tracked_predator_slot": 0,
      "target": 3
    },
    {
      "time": 34.4,
      "tracked_predator_slot": 0,
      "target": 2
    },
    {
      "time": 34.5,
      "tracked_predator_slot": 0,
      "target": 1
    },
    {
      "time": 34.7,
      "tracked_predator_slot": 0,
      "target": 7
    },
    {
      "time": 34.8,
      "tracked_predator_slot": 0,
      "target": 1
    },
    {
      "time": 35.1,
      "tracked_predator_slot": 0,
      "target": 7
    },
    {
      "time": 35.5,
      "tracked_predator_slot": 0,
      "target": 8
    },
    {
      "time": 35.6,
      "tracked_predator_slot": 0,
      "target": 7
    },
    {
      "time": 35.7,
      "tracked_predator_slot": 0,
      "target": 2
    },
    {
      "time": 35.8,
      "tracked_predator_slot": 0,
      "target": 7
    },
    {
      "time": 35.9,
      "tracked_predator_slot": 0,
      "target": 6
    },
    {
      "time": 36.0,
      "tracked_predator_slot": 0,
      "target": 4
    },
    {
      "time": 36.1,
      "tracked_predator_slot": 0,
      "target": 6
    },
    {
      "time": 36.2,
      "tracked_predator_slot": 0,
      "target": 5
    },
    {
      "time": 36.3,
      "tracked_predator_slot": 0,
      "target": 6
    },
    {
      "time": 36.4,
      "tracked_predator_slot": 0,
      "target": 1
    },
    {
      "time": 36.7,
      "tracked_predator_slot": 0,
      "target": 6
    },
    {
      "time": 36.8,
      "tracked_predator_slot": 0,
      "target": null
    },
    {
      "time": 37.3,
      "tracked_predator_slot": 0,
      "target": 6
    },
    {
      "time": 37.4,
      "tracked_predator_slot": 0,
      "target": null
    },
    {
      "time": 38.2,
      "tracked_predator_slot": 0,
      "target": 4
    },
    {
      "time": 38.3,
      "tracked_predator_slot": 0,
      "target": 6
    },
    {
      "time": 38.5,
      "tracked_predator_slot": 0,
      "target": 8
    },
    {
      "time": 38.6,
      "tracked_predator_slot": 0,
      "target": 6
    },
    {
      "time": 38.7,
      "tracked_predator_slot": 0,
      "target": 4
    },
    {
      "time": 38.9,
      "tracked_predator_slot": 0,
      "target": 8
    },
    {
      "time": 39.0,
      "tracked_predator_slot": 0,
      "target": 4
    },
    {
      "time": 39.1,
      "tracked_predator_slot": 0,
      "target": 6
    },
    {
      "time": 39.2,
      "tracked_predator_slot": 0,
      "target": 1
    },
    {
      "time": 39.3,
      "tracked_predator_slot": 0,
      "target": 2
    },
    {
      "time": 39.4,
      "tracked_predator_slot": 0,
      "target": 1
    },
    {
      "time": 39.5,
      "tracked_predator_slot": 0,
      "target": 2
    },
    {
      "time": 39.7,
      "tracked_predator_slot": 0,
      "target": 1
    },
    {
      "time": 39.8,
      "tracked_predator_slot": 0,
      "target": 4
    },
    {
      "time": 39.9,
      "tracked_predator_slot": 0,
      "target": 1
    },
    {
      "time": 40.3,
      "tracked_predator_slot": 0,
      "target": 8
    },
    {
      "time": 40.5,
      "tracked_predator_slot": 0,
      "target": 2
    },
    {
      "time": 40.8,
      "tracked_predator_slot": 0,
      "target": 9
    },
    {
      "time": 41.0,
      "tracked_predator_slot": 0,
      "target": 6
    },
    {
      "time": 41.4,
      "tracked_predator_slot": 0,
      "target": 4
    },
    {
      "time": 41.5,
      "tracked_predator_slot": 0,
      "target": 9
    },
    {
      "time": 41.7,
      "tracked_predator_slot": 0,
      "target": 8
    },
    {
      "time": 41.8,
      "tracked_predator_slot": 0,
      "target": 4
    },
    {
      "time": 41.9,
      "tracked_predator_slot": 0,
      "target": 8
    },
    {
      "time": 42.0,
      "tracked_predator_slot": 0,
      "target": 4
    },
    {
      "time": 42.1,
      "tracked_predator_slot": 0,
      "target": 8
    },
    {
      "time": 42.2,
      "tracked_predator_slot": 0,
      "target": 4
    },
    {
      "time": 42.3,
      "tracked_predator_slot": 0,
      "target": 6
    },
    {
      "time": 43.4,
      "tracked_predator_slot": 0,
      "target": 1
    },
    {
      "time": 43.7,
      "tracked_predator_slot": 0,
      "target": 6
    },
    {
      "time": 44.0,
      "tracked_predator_slot": 0,
      "target": 5
    },
    {
      "time": 44.3,
      "tracked_predator_slot": 0,
      "target": 8
    },
    {
      "time": 44.4,
      "tracked_predator_slot": 0,
      "target": 5
    },
    {
      "time": 44.5,
      "tracked_predator_slot": 0,
      "target": 9
    },
    {
      "time": 44.6,
      "tracked_predator_slot": 0,
      "target": 5
    },
    {
      "time": 44.7,
      "tracked_predator_slot": 0,
      "target": 8
    },
    {
      "time": 44.8,
      "tracked_predator_slot": 0,
      "target": 5
    },
    {
      "time": 44.9,
      "tracked_predator_slot": 0,
      "target": 9
    },
    {
      "time": 45.0,
      "tracked_predator_slot": 0,
      "target": 8
    },
    {
      "time": 45.5,
      "tracked_predator_slot": 0,
      "target": 5
    },
    {
      "time": 45.6,
      "tracked_predator_slot": 0,
      "target": 9
    },
    {
      "time": 46.0,
      "tracked_predator_slot": 0,
      "target": 5
    },
    {
      "time": 46.3,
      "tracked_predator_slot": 0,
      "target": 0
    },
    {
      "time": 46.5,
      "tracked_predator_slot": 0,
      "target": 8
    },
    {
      "time": 46.6,
      "tracked_predator_slot": 0,
      "target": null
    },
    {
      "time": 46.7,
      "tracked_predator_slot": 0,
      "target": 8
    },
    {
      "time": 49.4,
      "tracked_predator_slot": 0,
      "target": null
    },
    {
      "time": 69.9,
      "tracked_predator_slot": 0,
      "target": "resting"
    },
    {
      "time": 73.4,
      "tracked_predator_slot": 0,
      "target": null
    },
    {
      "time": 89.2,
      "tracked_predator_slot": 0,
      "target": 8
    },
    {
      "time": 91.6,
      "tracked_predator_slot": 0,
      "target": "resting"
    },
    {
      "time": 95.1,
      "tracked_predator_slot": 0,
      "target": 8
    },
    {
      "time": 103.3,
      "tracked_predator_slot": 0,
      "target": null
    },
    {
      "time": 104.3,
      "tracked_predator_slot": 0,
      "target": "resting"
    },
    {
      "time": 107.8,
      "tracked_predator_slot": 0,
      "target": null
    },
    {
      "time": 126.0,
      "tracked_predator_slot": 0,
      "target": "resting"
    },
    {
      "time": 129.5,
      "tracked_predator_slot": 0,
      "target": null
    },
    {
      "time": 147.7,
      "tracked_predator_slot": 0,
      "target": "resting"
    },
    {
      "time": 151.2,
      "tracked_predator_slot": 0,
      "target": null
    },
    {
      "time": 160.2,
      "tracked_predator_slot": 0,
      "target": 0
    },
    {
      "time": 167.5,
      "tracked_predator_slot": 0,
      "target": "resting"
    },
    {
      "time": 171.0,
      "tracked_predator_slot": 0,
      "target": 0
    },
    {
      "time": 180.2,
      "tracked_predator_slot": 0,
      "target": "resting"
    },
    {
      "time": 183.7,
      "tracked_predator_slot": 0,
      "target": 0
    },
    {
      "time": 192.9,
      "tracked_predator_slot": 0,
      "target": "resting"
    },
    {
      "time": 196.4,
      "tracked_predator_slot": 0,
      "target": 0
    },
    {
      "time": 205.6,
      "tracked_predator_slot": 0,
      "target": "resting"
    },
    {
      "time": 209.1,
      "tracked_predator_slot": 0,
      "target": 0
    },
    {
      "time": 218.3,
      "tracked_predator_slot": 0,
      "target": "resting"
    },
    {
      "time": 221.8,
      "tracked_predator_slot": 0,
      "target": 0
    },
    {
      "time": 231.0,
      "tracked_predator_slot": 0,
      "target": "resting"
    },
    {
      "time": 234.5,
      "tracked_predator_slot": 0,
      "target": 0
    },
    {
      "time": 243.7,
      "tracked_predator_slot": 0,
      "target": "resting"
    },
    {
      "time": 247.2,
      "tracked_predator_slot": 0,
      "target": 0
    },
    {
      "time": 256.3,
      "tracked_predator_slot": 0,
      "target": "resting"
    },
    {
      "time": 259.8,
      "tracked_predator_slot": 0,
      "target": 0
    },
    {
      "time": 269.0,
      "tracked_predator_slot": 0,
      "target": "resting"
    },
    {
      "time": 272.5,
      "tracked_predator_slot": 0,
      "target": 0
    },
    {
      "time": 281.7,
      "tracked_predator_slot": 0,
      "target": "resting"
    },
    {
      "time": 285.2,
      "tracked_predator_slot": 0,
      "target": 0
    },
    {
      "time": 294.4,
      "tracked_predator_slot": 0,
      "target": "resting"
    },
    {
      "time": 297.9,
      "tracked_predator_slot": 0,
      "target": 0
    }
  ],
  "guide_role_trace": [
    {
      "time": 0,
      "active_guide_id": 1
    },
    {
      "time": 5.7,
      "active_guide_id": 2
    },
    {
      "time": 6.0,
      "active_guide_id": 5
    },
    {
      "time": 6.1,
      "active_guide_id": 3
    },
    {
      "time": 6.4,
      "active_guide_id": 2
    },
    {
      "time": 6.5,
      "active_guide_id": 3
    },
    {
      "time": 6.9,
      "active_guide_id": 7
    },
    {
      "time": 7.1,
      "active_guide_id": 2
    },
    {
      "time": 7.9,
      "active_guide_id": 9
    },
    {
      "time": 8.0,
      "active_guide_id": 3
    },
    {
      "time": 8.1,
      "active_guide_id": 9
    },
    {
      "time": 8.2,
      "active_guide_id": 3
    },
    {
      "time": 8.3,
      "active_guide_id": 9
    },
    {
      "time": 8.4,
      "active_guide_id": 7
    },
    {
      "time": 8.7,
      "active_guide_id": 8
    },
    {
      "time": 8.8,
      "active_guide_id": 3
    },
    {
      "time": 8.9,
      "active_guide_id": 8
    },
    {
      "time": 9.0,
      "active_guide_id": 2
    },
    {
      "time": 9.1,
      "active_guide_id": 8
    },
    {
      "time": 9.2,
      "active_guide_id": 7
    },
    {
      "time": 9.9,
      "active_guide_id": 1
    },
    {
      "time": 10.0,
      "active_guide_id": 7
    },
    {
      "time": 10.1,
      "active_guide_id": 9
    },
    {
      "time": 10.6,
      "active_guide_id": 6
    },
    {
      "time": 10.7,
      "active_guide_id": 2
    },
    {
      "time": 10.8,
      "active_guide_id": 1
    },
    {
      "time": 10.9,
      "active_guide_id": 3
    },
    {
      "time": 11.1,
      "active_guide_id": 6
    },
    {
      "time": 11.5,
      "active_guide_id": 4
    },
    {
      "time": 11.7,
      "active_guide_id": 8
    },
    {
      "time": 11.8,
      "active_guide_id": 1
    },
    {
      "time": 12.0,
      "active_guide_id": 9
    },
    {
      "time": 12.7,
      "active_guide_id": 3
    },
    {
      "time": 12.8,
      "active_guide_id": 2
    },
    {
      "time": 13.1,
      "active_guide_id": 8
    },
    {
      "time": 16.5,
      "active_guide_id": 6
    },
    {
      "time": 16.6,
      "active_guide_id": 1
    },
    {
      "time": 16.9,
      "active_guide_id": 5
    },
    {
      "time": 18.1,
      "active_guide_id": 1
    },
    {
      "time": 22.3,
      "active_guide_id": 2
    },
    {
      "time": 22.4,
      "active_guide_id": 1
    },
    {
      "time": 22.6,
      "active_guide_id": 2
    },
    {
      "time": 22.9,
      "active_guide_id": 8
    },
    {
      "time": 23.0,
      "active_guide_id": 2
    },
    {
      "time": 23.1,
      "active_guide_id": 6
    },
    {
      "time": 23.2,
      "active_guide_id": 1
    },
    {
      "time": 23.6,
      "active_guide_id": 2
    },
    {
      "time": 23.7,
      "active_guide_id": 6
    },
    {
      "time": 23.9,
      "active_guide_id": 3
    },
    {
      "time": 24.1,
      "active_guide_id": 1
    },
    {
      "time": 24.2,
      "active_guide_id": 6
    },
    {
      "time": 24.3,
      "active_guide_id": 1
    },
    {
      "time": 24.4,
      "active_guide_id": 5
    },
    {
      "time": 24.5,
      "active_guide_id": 1
    },
    {
      "time": 24.6,
      "active_guide_id": 9
    },
    {
      "time": 24.7,
      "active_guide_id": 2
    },
    {
      "time": 24.8,
      "active_guide_id": 6
    },
    {
      "time": 24.9,
      "active_guide_id": 5
    },
    {
      "time": 25.0,
      "active_guide_id": 6
    },
    {
      "time": 25.1,
      "active_guide_id": 5
    },
    {
      "time": 25.4,
      "active_guide_id": 1
    },
    {
      "time": 25.5,
      "active_guide_id": 8
    },
    {
      "time": 25.6,
      "active_guide_id": 1
    },
    {
      "time": 25.7,
      "active_guide_id": 8
    },
    {
      "time": 25.8,
      "active_guide_id": 4
    },
    {
      "time": 25.9,
      "active_guide_id": 8
    },
    {
      "time": 26.0,
      "active_guide_id": 5
    },
    {
      "time": 26.2,
      "active_guide_id": 4
    },
    {
      "time": 26.4,
      "active_guide_id": 6
    },
    {
      "time": 26.6,
      "active_guide_id": 3
    },
    {
      "time": 26.9,
      "active_guide_id": 1
    },
    {
      "time": 27.3,
      "active_guide_id": 7
    },
    {
      "time": 27.4,
      "active_guide_id": 3
    },
    {
      "time": 30.9,
      "active_guide_id": 8
    },
    {
      "time": 31.0,
      "active_guide_id": 6
    },
    {
      "time": 31.2,
      "active_guide_id": 5
    },
    {
      "time": 31.3,
      "active_guide_id": 7
    },
    {
      "time": 31.7,
      "active_guide_id": 1
    },
    {
      "time": 31.9,
      "active_guide_id": 9
    },
    {
      "time": 32.0,
      "active_guide_id": 6
    },
    {
      "time": 32.1,
      "active_guide_id": 8
    },
    {
      "time": 32.2,
      "active_guide_id": 5
    },
    {
      "time": 32.5,
      "active_guide_id": 6
    },
    {
      "time": 32.6,
      "active_guide_id": 2
    },
    {
      "time": 32.7,
      "active_guide_id": 1
    },
    {
      "time": 32.8,
      "active_guide_id": 9
    },
    {
      "time": 32.9,
      "active_guide_id": 5
    },
    {
      "time": 33.0,
      "active_guide_id": 9
    },
    {
      "time": 33.2,
      "active_guide_id": 5
    },
    {
      "time": 33.3,
      "active_guide_id": 6
    },
    {
      "time": 33.5,
      "active_guide_id": 3
    },
    {
      "time": 33.6,
      "active_guide_id": 5
    },
    {
      "time": 33.8,
      "active_guide_id": 4
    },
    {
      "time": 34.2,
      "active_guide_id": 3
    },
    {
      "time": 34.4,
      "active_guide_id": 1
    },
    {
      "time": 35.2,
      "active_guide_id": 7
    },
    {
      "time": 35.5,
      "active_guide_id": 8
    },
    {
      "time": 35.7,
      "active_guide_id": 2
    },
    {
      "time": 35.9,
      "active_guide_id": 8
    },
    {
      "time": 36.0,
      "active_guide_id": 9
    },
    {
      "time": 36.1,
      "active_guide_id": 6
    },
    {
      "time": 36.5,
      "active_guide_id": 1
    },
    {
      "time": 36.7,
      "active_guide_id": 6
    },
    {
      "time": 36.8,
      "active_guide_id": 4
    },
    {
      "time": 37.3,
      "active_guide_id": 9
    },
    {
      "time": 37.6,
      "active_guide_id": 6
    },
    {
      "time": 38.0,
      "active_guide_id": 4
    },
    {
      "time": 38.3,
      "active_guide_id": 6
    },
    {
      "time": 38.5,
      "active_guide_id": 8
    },
    {
      "time": 38.7,
      "active_guide_id": 4
    },
    {
      "time": 38.9,
      "active_guide_id": 8
    },
    {
      "time": 39.0,
      "active_guide_id": 4
    },
    {
      "time": 39.1,
      "active_guide_id": 6
    },
    {
      "time": 39.7,
      "active_guide_id": 1
    },
    {
      "time": 40.4,
      "active_guide_id": 5
    },
    {
      "time": 40.5,
      "active_guide_id": 2
    },
    {
      "time": 41.1,
      "active_guide_id": 4
    },
    {
      "time": 41.2,
      "active_guide_id": 9
    },
    {
      "time": 41.3,
      "active_guide_id": 8
    },
    {
      "time": 41.4,
      "active_guide_id": 4
    },
    {
      "time": 41.5,
      "active_guide_id": 9
    },
    {
      "time": 41.7,
      "active_guide_id": 2
    },
    {
      "time": 41.8,
      "active_guide_id": 4
    },
    {
      "time": 41.9,
      "active_guide_id": 5
    },
    {
      "time": 42.0,
      "active_guide_id": 4
    },
    {
      "time": 42.5,
      "active_guide_id": 6
    },
    {
      "time": 43.3,
      "active_guide_id": 9
    },
    {
      "time": 43.5,
      "active_guide_id": 1
    },
    {
      "time": 44.0,
      "active_guide_id": 5
    },
    {
      "time": 44.3,
      "active_guide_id": 8
    },
    {
      "time": 44.5,
      "active_guide_id": 9
    },
    {
      "time": 44.6,
      "active_guide_id": 5
    },
    {
      "time": 44.7,
      "active_guide_id": 8
    },
    {
      "time": 44.9,
      "active_guide_id": 9
    },
    {
      "time": 45.4,
      "active_guide_id": 5
    },
    {
      "time": 45.7,
      "active_guide_id": 9
    },
    {
      "time": 46.3,
      "active_guide_id": 8
    }
  ],
  "guide_follow_trace": [
    {
      "time": 0.1,
      "active_guide_id": 1,
      "tracked_predator_slot": 0
    },
    {
      "time": 5.8,
      "active_guide_id": 2,
      "tracked_predator_slot": 0
    },
    {
      "time": 6.2,
      "active_guide_id": 3,
      "tracked_predator_slot": 0
    },
    {
      "time": 6.6,
      "active_guide_id": 3,
      "tracked_predator_slot": 0
    },
    {
      "time": 7.0,
      "active_guide_id": 7,
      "tracked_predator_slot": 0
    },
    {
      "time": 7.3,
      "active_guide_id": 2,
      "tracked_predator_slot": 0
    },
    {
      "time": 8.5,
      "active_guide_id": 7,
      "tracked_predator_slot": 0
    },
    {
      "time": 10.7,
      "active_guide_id": 6,
      "tracked_predator_slot": 0
    },
    {
      "time": 10.9,
      "active_guide_id": 1,
      "tracked_predator_slot": 0
    },
    {
      "time": 11.2,
      "active_guide_id": 6,
      "tracked_predator_slot": 0
    },
    {
      "time": 11.9,
      "active_guide_id": 1,
      "tracked_predator_slot": 0
    },
    {
      "time": 12.1,
      "active_guide_id": 9,
      "tracked_predator_slot": 0
    },
    {
      "time": 16.8,
      "active_guide_id": 1,
      "tracked_predator_slot": 0
    },
    {
      "time": 19.6,
      "active_guide_id": 1,
      "tracked_predator_slot": 0
    },
    {
      "time": 22.5,
      "active_guide_id": 1,
      "tracked_predator_slot": 0
    },
    {
      "time": 22.7,
      "active_guide_id": 2,
      "tracked_predator_slot": 0
    },
    {
      "time": 23.3,
      "active_guide_id": 1,
      "tracked_predator_slot": 0
    },
    {
      "time": 23.8,
      "active_guide_id": 6,
      "tracked_predator_slot": 0
    },
    {
      "time": 25.2,
      "active_guide_id": 5,
      "tracked_predator_slot": 0
    },
    {
      "time": 26.5,
      "active_guide_id": 6,
      "tracked_predator_slot": 0
    },
    {
      "time": 26.7,
      "active_guide_id": 3,
      "tracked_predator_slot": 0
    },
    {
      "time": 30.7,
      "active_guide_id": 3,
      "tracked_predator_slot": 0
    },
    {
      "time": 31.1,
      "active_guide_id": 6,
      "tracked_predator_slot": 0
    },
    {
      "time": 31.4,
      "active_guide_id": 7,
      "tracked_predator_slot": 0
    },
    {
      "time": 32.1,
      "active_guide_id": 6,
      "tracked_predator_slot": 0
    },
    {
      "time": 32.9,
      "active_guide_id": 9,
      "tracked_predator_slot": 0
    },
    {
      "time": 33.7,
      "active_guide_id": 5,
      "tracked_predator_slot": 0
    },
    {
      "time": 33.9,
      "active_guide_id": 4,
      "tracked_predator_slot": 0
    },
    {
      "time": 34.3,
      "active_guide_id": 3,
      "tracked_predator_slot": 0
    },
    {
      "time": 34.5,
      "active_guide_id": 1,
      "tracked_predator_slot": 0
    },
    {
      "time": 35.3,
      "active_guide_id": 7,
      "tracked_predator_slot": 0
    },
    {
      "time": 36.3,
      "active_guide_id": 6,
      "tracked_predator_slot": 0
    },
    {
      "time": 36.6,
      "active_guide_id": 1,
      "tracked_predator_slot": 0
    },
    {
      "time": 38.2,
      "active_guide_id": 4,
      "tracked_predator_slot": 0
    },
    {
      "time": 38.4,
      "active_guide_id": 6,
      "tracked_predator_slot": 0
    },
    {
      "time": 38.8,
      "active_guide_id": 4,
      "tracked_predator_slot": 0
    },
    {
      "time": 39.9,
      "active_guide_id": 1,
      "tracked_predator_slot": 0
    },
    {
      "time": 40.6,
      "active_guide_id": 2,
      "tracked_predator_slot": 0
    },
    {
      "time": 41.6,
      "active_guide_id": 9,
      "tracked_predator_slot": 0
    },
    {
      "time": 42.2,
      "active_guide_id": 4,
      "tracked_predator_slot": 0
    },
    {
      "time": 42.6,
      "active_guide_id": 6,
      "tracked_predator_slot": 0
    },
    {
      "time": 43.6,
      "active_guide_id": 1,
      "tracked_predator_slot": 0
    },
    {
      "time": 44.1,
      "active_guide_id": 5,
      "tracked_predator_slot": 0
    },
    {
      "time": 45.5,
      "active_guide_id": 5,
      "tracked_predator_slot": 0
    },
    {
      "time": 45.8,
      "active_guide_id": 9,
      "tracked_predator_slot": 0
    },
    {
      "time": 46.5,
      "active_guide_id": 8,
      "tracked_predator_slot": 0
    }
  ],
  "guide_role": "child",
  "parent_role": "gather_evade",
  "child_role": "guide",
  "active_guide_id_final": 8,
  "active_guide_alive_final": false,
  "guide_role_ids": [
    1,
    2,
    3,
    4,
    5,
    6,
    7,
    8,
    9
  ],
  "bait_deployed_at": 0.1,
  "policy_bait_ready_final": false,
  "bait_left_after_deployment": null,
  "final_bait_distance_to_goal": 0.0,
  "first_guide_predator_observation": 0.1,
  "first_predator_following_guide": 0.1,
  "first_predator_following_active_guide": 46.5,
  "tracked_seen_by_guide": 1,
  "tracked_followed_active_guide": 1,
  "physical_entered": 0,
  "guided_delivered": 0,
  "physical_losses_after_delivery": 0,
  "target_losses_after_delivery": 0,
  "physical_entry_times": [
    null
  ],
  "guided_delivery_times": [
    null
  ],
  "loss_times": [
    null
  ],
  "target_loss_times": [
    null
  ],
  "tail_seconds": 30.0,
  "tail_physical_min": 0,
  "tail_contained_min": 0,
  "final_distance_from_mouth": [
    54.085
  ],
  "max_distance_after_delivery": [
    0.0
  ],
  "policy_events": [
    {
      "time": 5.6,
      "kind": "emergency_reserve_budget_enabled",
      "observed_distance": 35.6693,
      "blocked_escape_cone": false,
      "close_wall": true,
      "agent_id": 1
    },
    {
      "time": 5.6,
      "kind": "bounded_emergency_reserve_birth",
      "parent_id": 1,
      "request_number": 1,
      "observed_distance": 35.6693
    },
    {
      "time": 5.7,
      "kind": "native_backup_registered",
      "agent_id": 2
    },
    {
      "time": 5.7,
      "kind": "public_dto_active_guide",
      "agent_id": 2,
      "reason": "minimum_observed_predator_distance_hysteresis"
    },
    {
      "time": 5.7,
      "kind": "bounded_emergency_reserve_birth",
      "parent_id": 1,
      "request_number": 2,
      "observed_distance": 39.7075
    },
    {
      "time": 5.8,
      "kind": "native_backup_registered",
      "agent_id": 3
    },
    {
      "time": 5.8,
      "kind": "bounded_emergency_reserve_birth",
      "parent_id": 3,
      "request_number": 3,
      "observed_distance": 44.4776
    },
    {
      "time": 5.9,
      "kind": "native_backup_registered",
      "agent_id": 4
    },
    {
      "time": 5.9,
      "kind": "bounded_emergency_reserve_birth",
      "parent_id": 3,
      "request_number": 4,
      "observed_distance": 61.1176
    },
    {
      "time": 6.0,
      "kind": "native_backup_registered",
      "agent_id": 5
    },
    {
      "time": 6.0,
      "kind": "public_dto_active_guide",
      "agent_id": 5,
      "reason": "minimum_observed_predator_distance_hysteresis"
    },
    {
      "time": 6.0,
      "kind": "bounded_emergency_reserve_birth",
      "parent_id": 3,
      "request_number": 5,
      "observed_distance": 52.6176
    },
    {
      "time": 6.1,
      "kind": "native_backup_registered",
      "agent_id": 6
    },
    {
      "time": 6.1,
      "kind": "public_dto_active_guide",
      "agent_id": 3,
      "reason": "minimum_observed_predator_distance_hysteresis"
    },
    {
      "time": 6.1,
      "kind": "bounded_emergency_reserve_birth",
      "parent_id": 2,
      "request_number": 6,
      "observed_distance": 61.651
    },
    {
      "time": 6.2,
      "kind": "native_backup_registered",
      "agent_id": 7
    },
    {
      "time": 6.2,
      "kind": "bounded_emergency_reserve_birth",
      "parent_id": 2,
      "request_number": 7,
      "observed_distance": 56.8678
    },
    {
      "time": 6.3,
      "kind": "native_backup_registered",
      "agent_id": 8
    },
    {
      "time": 6.3,
      "kind": "bounded_emergency_reserve_birth",
      "parent_id": 7,
      "request_number": 8,
      "observed_distance": 60.0522
    },
    {
      "time": 6.4,
      "kind": "native_backup_registered",
      "agent_id": 9
    },
    {
      "time": 6.4,
      "kind": "public_dto_active_guide",
      "agent_id": 2,
      "reason": "minimum_observed_predator_distance_hysteresis"
    },
    {
      "time": 6.5,
      "kind": "public_dto_active_guide",
      "agent_id": 3,
      "reason": "minimum_observed_predator_distance_hysteresis"
    },
    {
      "time": 6.9,
      "kind": "public_dto_active_guide",
      "agent_id": 7,
      "reason": "minimum_observed_predator_distance_hysteresis"
    },
    {
      "time": 7.1,
      "kind": "public_dto_active_guide",
      "agent_id": 2,
      "reason": "minimum_observed_predator_distance_hysteresis"
    },
    {
      "time": 7.9,
      "kind": "public_dto_active_guide",
      "agent_id": 9,
      "reason": "minimum_observed_predator_distance_hysteresis"
    },
    {
      "time": 8.0,
      "kind": "public_dto_active_guide",
      "agent_id": 3,
      "reason": "minimum_observed_predator_distance_hysteresis"
    },
    {
      "time": 8.1,
      "kind": "public_dto_active_guide",
      "agent_id": 9,
      "reason": "minimum_observed_predator_distance_hysteresis"
    },
    {
      "time": 8.2,
      "kind": "public_dto_active_guide",
      "agent_id": 3,
      "reason": "minimum_observed_predator_distance_hysteresis"
    },
    {
      "time": 8.3,
      "kind": "public_dto_active_guide",
      "agent_id": 9,
      "reason": "minimum_observed_predator_distance_hysteresis"
    },
    {
      "time": 8.4,
      "kind": "public_dto_active_guide",
      "agent_id": 7,
      "reason": "minimum_observed_predator_distance_hysteresis"
    },
    {
      "time": 8.7,
      "kind": "public_dto_active_guide",
      "agent_id": 8,
      "reason": "minimum_observed_predator_distance_hysteresis"
    },
    {
      "time": 8.8,
      "kind": "public_dto_active_guide",
      "agent_id": 3,
      "reason": "minimum_observed_predator_distance_hysteresis"
    },
    {
      "time": 8.9,
      "kind": "public_dto_active_guide",
      "agent_id": 8,
      "reason": "minimum_observed_predator_distance_hysteresis"
    },
    {
      "time": 9.0,
      "kind": "public_dto_active_guide",
      "agent_id": 2,
      "reason": "minimum_observed_predator_distance_hysteresis"
    },
    {
      "time": 9.1,
      "kind": "public_dto_active_guide",
      "agent_id": 8,
      "reason": "minimum_observed_predator_distance_hysteresis"
    },
    {
      "time": 9.2,
      "kind": "public_dto_active_guide",
      "agent_id": 7,
      "reason": "minimum_observed_predator_distance_hysteresis"
    },
    {
      "time": 9.9,
      "kind": "public_dto_active_guide",
      "agent_id": 1,
      "reason": "minimum_observed_predator_distance_hysteresis"
    },
    {
      "time": 10.0,
      "kind": "public_dto_active_guide",
      "agent_id": 7,
      "reason": "minimum_observed_predator_distance_hysteresis"
    },
    {
      "time": 10.1,
      "kind": "public_dto_active_guide",
      "agent_id": 9,
      "reason": "minimum_observed_predator_distance_hysteresis"
    },
    {
      "time": 10.6,
      "kind": "public_dto_active_guide",
      "agent_id": 6,
      "reason": "minimum_observed_predator_distance_hysteresis"
    },
    {
      "time": 10.7,
      "kind": "public_dto_active_guide",
      "agent_id": 2,
      "reason": "minimum_observed_predator_distance_hysteresis"
    },
    {
      "time": 10.8,
      "kind": "public_dto_active_guide",
      "agent_id": 1,
      "reason": "minimum_observed_predator_distance_hysteresis"
    },
    {
      "time": 10.9,
      "kind": "public_dto_active_guide",
      "agent_id": 3,
      "reason": "minimum_observed_predator_distance_hysteresis"
    },
    {
      "time": 11.1,
      "kind": "public_dto_active_guide",
      "agent_id": 6,
      "reason": "minimum_observed_predator_distance_hysteresis"
    },
    {
      "time": 11.5,
      "kind": "public_dto_active_guide",
      "agent_id": 4,
      "reason": "minimum_observed_predator_distance_hysteresis"
    },
    {
      "time": 11.7,
      "kind": "public_dto_active_guide",
      "agent_id": 8,
      "reason": "minimum_observed_predator_distance_hysteresis"
    },
    {
      "time": 11.8,
      "kind": "public_dto_active_guide",
      "agent_id": 1,
      "reason": "minimum_observed_predator_distance_hysteresis"
    },
    {
      "time": 12.0,
      "kind": "public_dto_active_guide",
      "agent_id": 9,
      "reason": "minimum_observed_predator_distance_hysteresis"
    },
    {
      "time": 12.7,
      "kind": "public_dto_active_guide",
      "agent_id": 3,
      "reason": "minimum_observed_predator_distance_hysteresis"
    },
    {
      "time": 12.8,
      "kind": "public_dto_active_guide",
      "agent_id": 2,
      "reason": "minimum_observed_predator_distance_hysteresis"
    },
    {
      "time": 13.1,
      "kind": "public_dto_active_guide",
      "agent_id": 8,
      "reason": "minimum_observed_predator_distance_hysteresis"
    },
    {
      "time": 16.5,
      "kind": "public_dto_active_guide",
      "agent_id": 6,
      "reason": "minimum_observed_predator_distance_hysteresis"
    },
    {
      "time": 16.6,
      "kind": "public_dto_active_guide",
      "agent_id": 1,
      "reason": "minimum_observed_predator_distance_hysteresis"
    },
    {
      "time": 16.9,
      "kind": "public_dto_active_guide",
      "agent_id": 5,
      "reason": "minimum_observed_predator_distance_hysteresis"
    },
    {
      "time": 18.1,
      "kind": "public_dto_active_guide",
      "agent_id": 1,
      "reason": "minimum_observed_predator_distance_hysteresis"
    },
    {
      "time": 22.3,
      "kind": "public_dto_active_guide",
      "agent_id": 2,
      "reason": "minimum_observed_predator_distance_hysteresis"
    },
    {
      "time": 22.4,
      "kind": "public_dto_active_guide",
      "agent_id": 1,
      "reason": "minimum_observed_predator_distance_hysteresis"
    },
    {
      "time": 22.6,
      "kind": "public_dto_active_guide",
      "agent_id": 2,
      "reason": "minimum_observed_predator_distance_hysteresis"
    },
    {
      "time": 22.9,
      "kind": "public_dto_active_guide",
      "agent_id": 8,
      "reason": "minimum_observed_predator_distance_hysteresis"
    },
    {
      "time": 23.0,
      "kind": "public_dto_active_guide",
      "agent_id": 2,
      "reason": "minimum_observed_predator_distance_hysteresis"
    },
    {
      "time": 23.1,
      "kind": "public_dto_active_guide",
      "agent_id": 6,
      "reason": "minimum_observed_predator_distance_hysteresis"
    },
    {
      "time": 23.2,
      "kind": "public_dto_active_guide",
      "agent_id": 1,
      "reason": "minimum_observed_predator_distance_hysteresis"
    },
    {
      "time": 23.6,
      "kind": "public_dto_active_guide",
      "agent_id": 2,
      "reason": "minimum_observed_predator_distance_hysteresis"
    },
    {
      "time": 23.7,
      "kind": "public_dto_active_guide",
      "agent_id": 6,
      "reason": "minimum_observed_predator_distance_hysteresis"
    },
    {
      "time": 23.9,
      "kind": "public_dto_active_guide",
      "agent_id": 3,
      "reason": "minimum_observed_predator_distance_hysteresis"
    },
    {
      "time": 24.1,
      "kind": "public_dto_active_guide",
      "agent_id": 1,
      "reason": "minimum_observed_predator_distance_hysteresis"
    },
    {
      "time": 24.2,
      "kind": "public_dto_active_guide",
      "agent_id": 6,
      "reason": "minimum_observed_predator_distance_hysteresis"
    },
    {
      "time": 24.3,
      "kind": "public_dto_active_guide",
      "agent_id": 1,
      "reason": "minimum_observed_predator_distance_hysteresis"
    },
    {
      "time": 24.4,
      "kind": "public_dto_active_guide",
      "agent_id": 5,
      "reason": "minimum_observed_predator_distance_hysteresis"
    },
    {
      "time": 24.5,
      "kind": "public_dto_active_guide",
      "agent_id": 1,
      "reason": "minimum_observed_predator_distance_hysteresis"
    },
    {
      "time": 24.6,
      "kind": "public_dto_active_guide",
      "agent_id": 9,
      "reason": "minimum_observed_predator_distance_hysteresis"
    },
    {
      "time": 24.7,
      "kind": "public_dto_active_guide",
      "agent_id": 2,
      "reason": "minimum_observed_predator_distance_hysteresis"
    },
    {
      "time": 24.8,
      "kind": "public_dto_active_guide",
      "agent_id": 6,
      "reason": "minimum_observed_predator_distance_hysteresis"
    },
    {
      "time": 24.9,
      "kind": "public_dto_active_guide",
      "agent_id": 5,
      "reason": "minimum_observed_predator_distance_hysteresis"
    },
    {
      "time": 25.0,
      "kind": "public_dto_active_guide",
      "agent_id": 6,
      "reason": "minimum_observed_predator_distance_hysteresis"
    },
    {
      "time": 25.1,
      "kind": "public_dto_active_guide",
      "agent_id": 5,
      "reason": "minimum_observed_predator_distance_hysteresis"
    },
    {
      "time": 25.4,
      "kind": "public_dto_active_guide",
      "agent_id": 1,
      "reason": "minimum_observed_predator_distance_hysteresis"
    },
    {
      "time": 25.5,
      "kind": "public_dto_active_guide",
      "agent_id": 8,
      "reason": "minimum_observed_predator_distance_hysteresis"
    },
    {
      "time": 25.6,
      "kind": "public_dto_active_guide",
      "agent_id": 1,
      "reason": "minimum_observed_predator_distance_hysteresis"
    },
    {
      "time": 25.7,
      "kind": "public_dto_active_guide",
      "agent_id": 8,
      "reason": "minimum_observed_predator_distance_hysteresis"
    },
    {
      "time": 25.8,
      "kind": "public_dto_active_guide",
      "agent_id": 4,
      "reason": "minimum_observed_predator_distance_hysteresis"
    },
    {
      "time": 25.9,
      "kind": "public_dto_active_guide",
      "agent_id": 8,
      "reason": "minimum_observed_predator_distance_hysteresis"
    },
    {
      "time": 26.0,
      "kind": "public_dto_active_guide",
      "agent_id": 5,
      "reason": "minimum_observed_predator_distance_hysteresis"
    },
    {
      "time": 26.2,
      "kind": "public_dto_active_guide",
      "agent_id": 4,
      "reason": "minimum_observed_predator_distance_hysteresis"
    },
    {
      "time": 26.4,
      "kind": "public_dto_active_guide",
      "agent_id": 6,
      "reason": "minimum_observed_predator_distance_hysteresis"
    },
    {
      "time": 26.6,
      "kind": "public_dto_active_guide",
      "agent_id": 3,
      "reason": "minimum_observed_predator_distance_hysteresis"
    },
    {
      "time": 26.9,
      "kind": "public_dto_active_guide",
      "agent_id": 1,
      "reason": "minimum_observed_predator_distance_hysteresis"
    },
    {
      "time": 27.3,
      "kind": "public_dto_active_guide",
      "agent_id": 7,
      "reason": "minimum_observed_predator_distance_hysteresis"
    },
    {
      "time": 27.4,
      "kind": "public_dto_active_guide",
      "agent_id": 3,
      "reason": "minimum_observed_predator_distance_hysteresis"
    },
    {
      "time": 30.9,
      "kind": "public_dto_active_guide",
      "agent_id": 8,
      "reason": "minimum_observed_predator_distance_hysteresis"
    },
    {
      "time": 31.0,
      "kind": "public_dto_active_guide",
      "agent_id": 6,
      "reason": "minimum_observed_predator_distance_hysteresis"
    },
    {
      "time": 31.2,
      "kind": "public_dto_active_guide",
      "agent_id": 5,
      "reason": "minimum_observed_predator_distance_hysteresis"
    },
    {
      "time": 31.3,
      "kind": "public_dto_active_guide",
      "agent_id": 7,
      "reason": "minimum_observed_predator_distance_hysteresis"
    },
    {
      "time": 31.7,
      "kind": "public_dto_active_guide",
      "agent_id": 1,
      "reason": "minimum_observed_predator_distance_hysteresis"
    },
    {
      "time": 31.9,
      "kind": "public_dto_active_guide",
      "agent_id": 9,
      "reason": "minimum_observed_predator_distance_hysteresis"
    },
    {
      "time": 32.0,
      "kind": "public_dto_active_guide",
      "agent_id": 6,
      "reason": "minimum_observed_predator_distance_hysteresis"
    },
    {
      "time": 32.1,
      "kind": "public_dto_active_guide",
      "agent_id": 8,
      "reason": "minimum_observed_predator_distance_hysteresis"
    },
    {
      "time": 32.2,
      "kind": "public_dto_active_guide",
      "agent_id": 5,
      "reason": "minimum_observed_predator_distance_hysteresis"
    },
    {
      "time": 32.5,
      "kind": "public_dto_active_guide",
      "agent_id": 6,
      "reason": "minimum_observed_predator_distance_hysteresis"
    },
    {
      "time": 32.6,
      "kind": "public_dto_active_guide",
      "agent_id": 2,
      "reason": "minimum_observed_predator_distance_hysteresis"
    },
    {
      "time": 32.7,
      "kind": "public_dto_active_guide",
      "agent_id": 1,
      "reason": "minimum_observed_predator_distance_hysteresis"
    },
    {
      "time": 32.8,
      "kind": "public_dto_active_guide",
      "agent_id": 9,
      "reason": "minimum_observed_predator_distance_hysteresis"
    },
    {
      "time": 32.9,
      "kind": "public_dto_active_guide",
      "agent_id": 5,
      "reason": "minimum_observed_predator_distance_hysteresis"
    },
    {
      "time": 33.0,
      "kind": "public_dto_active_guide",
      "agent_id": 9,
      "reason": "minimum_observed_predator_distance_hysteresis"
    },
    {
      "time": 33.2,
      "kind": "public_dto_active_guide",
      "agent_id": 5,
      "reason": "minimum_observed_predator_distance_hysteresis"
    },
    {
      "time": 33.3,
      "kind": "public_dto_active_guide",
      "agent_id": 6,
      "reason": "minimum_observed_predator_distance_hysteresis"
    },
    {
      "time": 33.5,
      "kind": "public_dto_active_guide",
      "agent_id": 3,
      "reason": "minimum_observed_predator_distance_hysteresis"
    },
    {
      "time": 33.6,
      "kind": "public_dto_active_guide",
      "agent_id": 5,
      "reason": "minimum_observed_predator_distance_hysteresis"
    },
    {
      "time": 33.8,
      "kind": "public_dto_active_guide",
      "agent_id": 4,
      "reason": "minimum_observed_predator_distance_hysteresis"
    },
    {
      "time": 34.2,
      "kind": "public_dto_active_guide",
      "agent_id": 3,
      "reason": "minimum_observed_predator_distance_hysteresis"
    },
    {
      "time": 34.4,
      "kind": "public_dto_active_guide",
      "agent_id": 1,
      "reason": "minimum_observed_predator_distance_hysteresis"
    },
    {
      "time": 35.2,
      "kind": "public_dto_active_guide",
      "agent_id": 7,
      "reason": "minimum_observed_predator_distance_hysteresis"
    },
    {
      "time": 35.5,
      "kind": "public_dto_active_guide",
      "agent_id": 8,
      "reason": "minimum_observed_predator_distance_hysteresis"
    },
    {
      "time": 35.7,
      "kind": "public_dto_active_guide",
      "agent_id": 2,
      "reason": "minimum_observed_predator_distance_hysteresis"
    },
    {
      "time": 35.9,
      "kind": "public_dto_active_guide",
      "agent_id": 8,
      "reason": "minimum_observed_predator_distance_hysteresis"
    },
    {
      "time": 36.0,
      "kind": "public_dto_active_guide",
      "agent_id": 9,
      "reason": "minimum_observed_predator_distance_hysteresis"
    },
    {
      "time": 36.1,
      "kind": "public_dto_active_guide",
      "agent_id": 6,
      "reason": "minimum_observed_predator_distance_hysteresis"
    },
    {
      "time": 36.5,
      "kind": "public_dto_active_guide",
      "agent_id": 1,
      "reason": "minimum_observed_predator_distance_hysteresis"
    },
    {
      "time": 36.7,
      "kind": "public_dto_active_guide",
      "agent_id": 6,
      "reason": "minimum_observed_predator_distance_hysteresis"
    },
    {
      "time": 36.8,
      "kind": "public_dto_active_guide",
      "agent_id": 4,
      "reason": "minimum_observed_predator_distance_hysteresis"
    },
    {
      "time": 37.3,
      "kind": "public_dto_active_guide",
      "agent_id": 9,
      "reason": "minimum_observed_predator_distance_hysteresis"
    },
    {
      "time": 37.6,
      "kind": "public_dto_active_guide",
      "agent_id": 6,
      "reason": "minimum_observed_predator_distance_hysteresis"
    },
    {
      "time": 38.0,
      "kind": "public_dto_active_guide",
      "agent_id": 4,
      "reason": "minimum_observed_predator_distance_hysteresis"
    },
    {
      "time": 38.3,
      "kind": "public_dto_active_guide",
      "agent_id": 6,
      "reason": "minimum_observed_predator_distance_hysteresis"
    },
    {
      "time": 38.5,
      "kind": "public_dto_active_guide",
      "agent_id": 8,
      "reason": "minimum_observed_predator_distance_hysteresis"
    },
    {
      "time": 38.7,
      "kind": "public_dto_active_guide",
      "agent_id": 4,
      "reason": "minimum_observed_predator_distance_hysteresis"
    },
    {
      "time": 38.9,
      "kind": "public_dto_active_guide",
      "agent_id": 8,
      "reason": "minimum_observed_predator_distance_hysteresis"
    },
    {
      "time": 39.0,
      "kind": "public_dto_active_guide",
      "agent_id": 4,
      "reason": "minimum_observed_predator_distance_hysteresis"
    },
    {
      "time": 39.1,
      "kind": "public_dto_active_guide",
      "agent_id": 6,
      "reason": "minimum_observed_predator_distance_hysteresis"
    },
    {
      "time": 39.7,
      "kind": "public_dto_active_guide",
      "agent_id": 1,
      "reason": "minimum_observed_predator_distance_hysteresis"
    },
    {
      "time": 40.4,
      "kind": "public_dto_active_guide",
      "agent_id": 5,
      "reason": "minimum_observed_predator_distance_hysteresis"
    },
    {
      "time": 40.5,
      "kind": "public_dto_active_guide",
      "agent_id": 2,
      "reason": "minimum_observed_predator_distance_hysteresis"
    },
    {
      "time": 41.1,
      "kind": "public_dto_active_guide",
      "agent_id": 4,
      "reason": "minimum_observed_predator_distance_hysteresis"
    },
    {
      "time": 41.2,
      "kind": "public_dto_active_guide",
      "agent_id": 9,
      "reason": "minimum_observed_predator_distance_hysteresis"
    },
    {
      "time": 41.3,
      "kind": "public_dto_active_guide",
      "agent_id": 8,
      "reason": "minimum_observed_predator_distance_hysteresis"
    },
    {
      "time": 41.4,
      "kind": "public_dto_active_guide",
      "agent_id": 4,
      "reason": "minimum_observed_predator_distance_hysteresis"
    },
    {
      "time": 41.5,
      "kind": "public_dto_active_guide",
      "agent_id": 9,
      "reason": "minimum_observed_predator_distance_hysteresis"
    },
    {
      "time": 41.7,
      "kind": "public_dto_active_guide",
      "agent_id": 2,
      "reason": "minimum_observed_predator_distance_hysteresis"
    },
    {
      "time": 41.8,
      "kind": "public_dto_active_guide",
      "agent_id": 4,
      "reason": "minimum_observed_predator_distance_hysteresis"
    },
    {
      "time": 41.9,
      "kind": "public_dto_active_guide",
      "agent_id": 5,
      "reason": "minimum_observed_predator_distance_hysteresis"
    },
    {
      "time": 42.0,
      "kind": "public_dto_active_guide",
      "agent_id": 4,
      "reason": "minimum_observed_predator_distance_hysteresis"
    },
    {
      "time": 42.5,
      "kind": "public_dto_active_guide",
      "agent_id": 6,
      "reason": "minimum_observed_predator_distance_hysteresis"
    },
    {
      "time": 43.3,
      "kind": "public_dto_active_guide",
      "agent_id": 9,
      "reason": "minimum_observed_predator_distance_hysteresis"
    },
    {
      "time": 43.5,
      "kind": "public_dto_active_guide",
      "agent_id": 1,
      "reason": "minimum_observed_predator_distance_hysteresis"
    },
    {
      "time": 44.0,
      "kind": "public_dto_active_guide",
      "agent_id": 5,
      "reason": "minimum_observed_predator_distance_hysteresis"
    },
    {
      "time": 44.3,
      "kind": "public_dto_active_guide",
      "agent_id": 8,
      "reason": "minimum_observed_predator_distance_hysteresis"
    },
    {
      "time": 44.5,
      "kind": "public_dto_active_guide",
      "agent_id": 9,
      "reason": "minimum_observed_predator_distance_hysteresis"
    },
    {
      "time": 44.6,
      "kind": "public_dto_active_guide",
      "agent_id": 5,
      "reason": "minimum_observed_predator_distance_hysteresis"
    },
    {
      "time": 44.7,
      "kind": "public_dto_active_guide",
      "agent_id": 8,
      "reason": "minimum_observed_predator_distance_hysteresis"
    },
    {
      "time": 44.9,
      "kind": "public_dto_active_guide",
      "agent_id": 9,
      "reason": "minimum_observed_predator_distance_hysteresis"
    },
    {
      "time": 45.4,
      "kind": "public_dto_active_guide",
      "agent_id": 5,
      "reason": "minimum_observed_predator_distance_hysteresis"
    },
    {
      "time": 45.7,
      "kind": "public_dto_active_guide",
      "agent_id": 9,
      "reason": "minimum_observed_predator_distance_hysteresis"
    },
    {
      "time": 46.3,
      "kind": "public_dto_active_guide",
      "agent_id": 8,
      "reason": "minimum_observed_predator_distance_hysteresis"
    }
  ],
  "success": false,
  "replay": "results/simple_chase/replays/real-map-EmergencyGuides-m10341-f20341-p1-direct_guide-sitebait1-ba3754b4.json.gz"
}
/home/Ucals/projects/NordicCupAI-wall-funneling/survival-simulator/oscar-trap-research/survival/results/simple_chase/real-map-EmergencyGuides-m10341-f20341-p1-direct_guide-sitebait1-ba3754b4.json
