Running as unit: run-p914509-i890511.scope; invocation ID: dc1276eb2f974c90bcfac121793fcf6b
{"progress": "real-map-EmergencyGuides-m10340-f20340-p1-direct_guide-sitebait1-9f7a3c90", "time": 10.0, "bait_deployed": 0.1, "policy_bait_ready": false, "encounter": 0.1, "oracle_handoff": null, "children": 8, "active_guide_id": 4, "guide_alive": true, "active_guide_alive": true, "guided_delivered": 0}
{"progress": "real-map-EmergencyGuides-m10340-f20340-p1-direct_guide-sitebait1-9f7a3c90", "time": 20.0, "bait_deployed": 0.1, "policy_bait_ready": false, "encounter": 0.1, "oracle_handoff": null, "children": 8, "active_guide_id": 6, "guide_alive": false, "active_guide_alive": true, "guided_delivered": 0}
{"progress": "real-map-EmergencyGuides-m10340-f20340-p1-direct_guide-sitebait1-9f7a3c90", "time": 30.0, "bait_deployed": 0.1, "policy_bait_ready": false, "encounter": 0.1, "oracle_handoff": null, "children": 8, "active_guide_id": 7, "guide_alive": false, "active_guide_alive": true, "guided_delivered": 0}
{"progress": "real-map-EmergencyGuides-m10340-f20340-p1-direct_guide-sitebait1-9f7a3c90", "time": 40.0, "bait_deployed": 0.1, "policy_bait_ready": false, "encounter": 0.1, "oracle_handoff": null, "children": 8, "active_guide_id": 7, "guide_alive": false, "active_guide_alive": true, "guided_delivered": 0}
{"progress": "real-map-EmergencyGuides-m10340-f20340-p1-direct_guide-sitebait1-9f7a3c90", "time": 50.0, "bait_deployed": 0.1, "policy_bait_ready": false, "encounter": 0.1, "oracle_handoff": null, "children": 8, "active_guide_id": 7, "guide_alive": false, "active_guide_alive": true, "guided_delivered": 0}
{"progress": "real-map-EmergencyGuides-m10340-f20340-p1-direct_guide-sitebait1-9f7a3c90", "time": 60.0, "bait_deployed": 0.1, "policy_bait_ready": false, "encounter": 0.1, "oracle_handoff": null, "children": 8, "active_guide_id": 7, "guide_alive": false, "active_guide_alive": true, "guided_delivered": 0}
{"progress": "real-map-EmergencyGuides-m10340-f20340-p1-direct_guide-sitebait1-9f7a3c90", "time": 70.0, "bait_deployed": 0.1, "policy_bait_ready": false, "encounter": 0.1, "oracle_handoff": null, "children": 8, "active_guide_id": 7, "guide_alive": false, "active_guide_alive": true, "guided_delivered": 0}
{"progress": "real-map-EmergencyGuides-m10340-f20340-p1-direct_guide-sitebait1-9f7a3c90", "time": 80.0, "bait_deployed": 0.1, "policy_bait_ready": false, "encounter": 0.1, "oracle_handoff": null, "children": 8, "active_guide_id": 7, "guide_alive": false, "active_guide_alive": true, "guided_delivered": 0}
{"progress": "real-map-EmergencyGuides-m10340-f20340-p1-direct_guide-sitebait1-9f7a3c90", "time": 90.0, "bait_deployed": 0.1, "policy_bait_ready": false, "encounter": 0.1, "oracle_handoff": null, "children": 8, "active_guide_id": 7, "guide_alive": false, "active_guide_alive": true, "guided_delivered": 0}
{"progress": "real-map-EmergencyGuides-m10340-f20340-p1-direct_guide-sitebait1-9f7a3c90", "time": 100.0, "bait_deployed": 0.1, "policy_bait_ready": false, "encounter": 0.1, "oracle_handoff": null, "children": 8, "active_guide_id": 7, "guide_alive": false, "active_guide_alive": true, "guided_delivered": 0}
{"progress": "real-map-EmergencyGuides-m10340-f20340-p1-direct_guide-sitebait1-9f7a3c90", "time": 110.0, "bait_deployed": 0.1, "policy_bait_ready": false, "encounter": 0.1, "oracle_handoff": null, "children": 8, "active_guide_id": 7, "guide_alive": false, "active_guide_alive": true, "guided_delivered": 0}
{"progress": "real-map-EmergencyGuides-m10340-f20340-p1-direct_guide-sitebait1-9f7a3c90", "time": 120.0, "bait_deployed": 0.1, "policy_bait_ready": false, "encounter": 0.1, "oracle_handoff": null, "children": 8, "active_guide_id": 7, "guide_alive": false, "active_guide_alive": true, "guided_delivered": 0}
{"progress": "real-map-EmergencyGuides-m10340-f20340-p1-direct_guide-sitebait1-9f7a3c90", "time": 130.0, "bait_deployed": 0.1, "policy_bait_ready": false, "encounter": 0.1, "oracle_handoff": null, "children": 8, "active_guide_id": 7, "guide_alive": false, "active_guide_alive": true, "guided_delivered": 0}
{"progress": "real-map-EmergencyGuides-m10340-f20340-p1-direct_guide-sitebait1-9f7a3c90", "time": 140.0, "bait_deployed": 0.1, "policy_bait_ready": false, "encounter": 0.1, "oracle_handoff": null, "children": 8, "active_guide_id": 7, "guide_alive": false, "active_guide_alive": true, "guided_delivered": 0}
{"progress": "real-map-EmergencyGuides-m10340-f20340-p1-direct_guide-sitebait1-9f7a3c90", "time": 150.0, "bait_deployed": 0.1, "policy_bait_ready": false, "encounter": 0.1, "oracle_handoff": null, "children": 8, "active_guide_id": 7, "guide_alive": false, "active_guide_alive": true, "guided_delivered": 0}
{"progress": "real-map-EmergencyGuides-m10340-f20340-p1-direct_guide-sitebait1-9f7a3c90", "time": 160.0, "bait_deployed": 0.1, "policy_bait_ready": false, "encounter": 0.1, "oracle_handoff": null, "children": 8, "active_guide_id": 7, "guide_alive": false, "active_guide_alive": true, "guided_delivered": 0}
{"progress": "real-map-EmergencyGuides-m10340-f20340-p1-direct_guide-sitebait1-9f7a3c90", "time": 170.0, "bait_deployed": 0.1, "policy_bait_ready": false, "encounter": 0.1, "oracle_handoff": null, "children": 8, "active_guide_id": 7, "guide_alive": false, "active_guide_alive": true, "guided_delivered": 0}
{"progress": "real-map-EmergencyGuides-m10340-f20340-p1-direct_guide-sitebait1-9f7a3c90", "time": 180.0, "bait_deployed": 0.1, "policy_bait_ready": false, "encounter": 0.1, "oracle_handoff": null, "children": 8, "active_guide_id": 7, "guide_alive": false, "active_guide_alive": true, "guided_delivered": 0}
{"progress": "real-map-EmergencyGuides-m10340-f20340-p1-direct_guide-sitebait1-9f7a3c90", "time": 190.0, "bait_deployed": 0.1, "policy_bait_ready": false, "encounter": 0.1, "oracle_handoff": null, "children": 8, "active_guide_id": 7, "guide_alive": false, "active_guide_alive": true, "guided_delivered": 0}
{"progress": "real-map-EmergencyGuides-m10340-f20340-p1-direct_guide-sitebait1-9f7a3c90", "time": 200.0, "bait_deployed": 0.1, "policy_bait_ready": false, "encounter": 0.1, "oracle_handoff": null, "children": 8, "active_guide_id": 7, "guide_alive": false, "active_guide_alive": true, "guided_delivered": 0}
{"progress": "real-map-EmergencyGuides-m10340-f20340-p1-direct_guide-sitebait1-9f7a3c90", "time": 210.0, "bait_deployed": 0.1, "policy_bait_ready": false, "encounter": 0.1, "oracle_handoff": null, "children": 8, "active_guide_id": 7, "guide_alive": false, "active_guide_alive": true, "guided_delivered": 0}
{"progress": "real-map-EmergencyGuides-m10340-f20340-p1-direct_guide-sitebait1-9f7a3c90", "time": 220.0, "bait_deployed": 0.1, "policy_bait_ready": false, "encounter": 0.1, "oracle_handoff": null, "children": 8, "active_guide_id": 7, "guide_alive": false, "active_guide_alive": true, "guided_delivered": 0}
{"progress": "real-map-EmergencyGuides-m10340-f20340-p1-direct_guide-sitebait1-9f7a3c90", "time": 230.0, "bait_deployed": 0.1, "policy_bait_ready": false, "encounter": 0.1, "oracle_handoff": null, "children": 8, "active_guide_id": 7, "guide_alive": false, "active_guide_alive": true, "guided_delivered": 0}
{"progress": "real-map-EmergencyGuides-m10340-f20340-p1-direct_guide-sitebait1-9f7a3c90", "time": 240.0, "bait_deployed": 0.1, "policy_bait_ready": false, "encounter": 0.1, "oracle_handoff": null, "children": 8, "active_guide_id": 7, "guide_alive": false, "active_guide_alive": true, "guided_delivered": 0}
{"progress": "real-map-EmergencyGuides-m10340-f20340-p1-direct_guide-sitebait1-9f7a3c90", "time": 250.0, "bait_deployed": 0.1, "policy_bait_ready": false, "encounter": 0.1, "oracle_handoff": null, "children": 8, "active_guide_id": 7, "guide_alive": false, "active_guide_alive": true, "guided_delivered": 0}
{"progress": "real-map-EmergencyGuides-m10340-f20340-p1-direct_guide-sitebait1-9f7a3c90", "time": 260.0, "bait_deployed": 0.1, "policy_bait_ready": false, "encounter": 0.1, "oracle_handoff": null, "children": 8, "active_guide_id": 7, "guide_alive": false, "active_guide_alive": true, "guided_delivered": 0}
{"progress": "real-map-EmergencyGuides-m10340-f20340-p1-direct_guide-sitebait1-9f7a3c90", "time": 270.0, "bait_deployed": 0.1, "policy_bait_ready": false, "encounter": 0.1, "oracle_handoff": null, "children": 8, "active_guide_id": 7, "guide_alive": false, "active_guide_alive": true, "guided_delivered": 0}
{"progress": "real-map-EmergencyGuides-m10340-f20340-p1-direct_guide-sitebait1-9f7a3c90", "time": 280.0, "bait_deployed": 0.1, "policy_bait_ready": false, "encounter": 0.1, "oracle_handoff": null, "children": 8, "active_guide_id": 7, "guide_alive": false, "active_guide_alive": true, "guided_delivered": 0}
{"progress": "real-map-EmergencyGuides-m10340-f20340-p1-direct_guide-sitebait1-9f7a3c90", "time": 290.0, "bait_deployed": 0.1, "policy_bait_ready": false, "encounter": 0.1, "oracle_handoff": null, "children": 8, "active_guide_id": 7, "guide_alive": false, "active_guide_alive": true, "guided_delivered": 0}
{"progress": "real-map-EmergencyGuides-m10340-f20340-p1-direct_guide-sitebait1-9f7a3c90", "time": 300.0, "bait_deployed": 0.1, "policy_bait_ready": false, "encounter": 0.1, "oracle_handoff": null, "children": 8, "active_guide_id": 7, "guide_alive": false, "active_guide_alive": true, "guided_delivered": 0}
{"viewer_manifest_refresh": {"status": "deferred", "reason": "bounded-memory runs defer full-replay viewer processing"}}
{
  "schema": "real-map-intake-result-v2",
  "policy": "integrated_guide.policy_v34_wide_emergency:EmergencyGuides",
  "policy_hash": "41e1169f4cf2954e8749cc49a89d271db8dfa535114ff82644fa1a471897bac7",
  "harness_hashes": {
    "research/simple_chase/run_streaming_v2.py": "837e02b05d1ba3af71df0949cb30beb18a8b2844f090f8b383c692192c52719a",
    "research/simple_chase/sampling.py": "1efb7d309c4cc79bc87916c1bea72a7845e78d0c2cdf0aeaf9e2a758ceed48ab",
    "research/simple_chase/static_map.py": "197b16cbe9dd2e3dd06b81fe9481986a97bd92d9c2a55f33597cc9b7280faf3c",
    "debugger/streaming_recorder_v2.py": "d5ecda6bb39ec74a9ad86fb20458df5de7f466d73052558af9e2877be3d99b19"
  },
  "mode": "direct_guide",
  "map_seed": 10340,
  "fixture_seed": 20340,
  "static_map_hash": "b81f8733be5a0c353e1d326a9b5790a7b7d019ede0c3593a925b1134a140260b",
  "site": {
    "mouth": [
      1227.2811,
      918.4534
    ],
    "inward": [
      1.0,
      0.0
    ],
    "cross": [
      -0.0,
      1.0
    ],
    "goal": [
      1232.2811,
      918.4534
    ],
    "far": [
      1102.2811,
      918.4534
    ],
    "hold": [
      1152.2811,
      918.4534
    ],
    "gap": 15.5676,
    "overlap": 56.9737,
    "runup": [
      1027.2811,
      918.4534
    ],
    "approach_lane_offset": 0.0,
    "offset_approach": false,
    "obstacle_indices": [
      47,
      33
    ],
    "axis": 1,
    "other_mouth": [
      1284.2548,
      918.4534
    ],
    "replacement_entry": [
      1304.2548,
      918.4534
    ],
    "second_access_clear": true,
    "second_access_radius": 5.01,
    "bait_depth": 5.0,
    "boundary_indices": [],
    "geometric_replacement_access_only": true
  },
  "station_bait": true,
  "requested_seconds": 300.0,
  "seconds": 300.0,
  "reason": "horizon",
  "native_render": true,
  "reproduction_of": null,
  "record_every_ticks": 1,
  "replay_frames": 3001,
  "initial_predators": 1,
  "final_predators_total": 4,
  "tracked_predators_present_final": 1,
  "ambient_predators_spawned": 3,
  "ambient_predators_present_final": 3,
  "agent_energy_refilled": true,
  "predator_state_native": false,
  "predator_dynamics_native_after_setup": true,
  "arranged_adjacent_awake_start": true,
  "bait_id": 0,
  "guide_id": 1,
  "bait_alive": true,
  "guide_alive": false,
  "deaths": [
    {
      "time": 11.2,
      "agent_id": 3,
      "role": "native_child"
    },
    {
      "time": 11.2,
      "agent_id": 9,
      "role": "native_child"
    },
    {
      "time": 11.3,
      "agent_id": 1,
      "role": "parent_guide"
    },
    {
      "time": 13.6,
      "agent_id": 8,
      "role": "native_child"
    },
    {
      "time": 16.0,
      "agent_id": 2,
      "role": "native_child"
    },
    {
      "time": 16.1,
      "agent_id": 5,
      "role": "native_child"
    },
    {
      "time": 22.8,
      "agent_id": 4,
      "role": "native_child"
    },
    {
      "time": 22.8,
      "agent_id": 6,
      "role": "native_child"
    }
  ],
  "spawn_requests": [
    {
      "time": 0.1,
      "parent_id": 1
    },
    {
      "time": 0.2,
      "parent_id": 2
    },
    {
      "time": 0.3,
      "parent_id": 3
    },
    {
      "time": 0.4,
      "parent_id": 3
    },
    {
      "time": 0.5,
      "parent_id": 4
    },
    {
      "time": 0.6,
      "parent_id": 5
    },
    {
      "time": 0.7,
      "parent_id": 5
    },
    {
      "time": 0.8,
      "parent_id": 2
    }
  ],
  "child_births": [
    {
      "time": 0.1,
      "child_id": 2,
      "x": 953.6674,
      "y": 871.4283,
      "requesting_parent_ids": [
        1
      ],
      "native_parent_proximity_spawn": true
    },
    {
      "time": 0.2,
      "child_id": 3,
      "x": 953.6674,
      "y": 891.4283,
      "requesting_parent_ids": [
        2
      ],
      "native_parent_proximity_spawn": true
    },
    {
      "time": 0.3,
      "child_id": 4,
      "x": 921.9717,
      "y": 896.3649,
      "requesting_parent_ids": [
        3
      ],
      "native_parent_proximity_spawn": true
    },
    {
      "time": 0.4,
      "child_id": 5,
      "x": 925.3831,
      "y": 919.7126,
      "requesting_parent_ids": [
        3
      ],
      "native_parent_proximity_spawn": true
    },
    {
      "time": 0.5,
      "child_id": 6,
      "x": 906.0823,
      "y": 913.6778,
      "requesting_parent_ids": [
        4
      ],
      "native_parent_proximity_spawn": true
    },
    {
      "time": 0.6,
      "child_id": 7,
      "x": 874.0691,
      "y": 911.537,
      "requesting_parent_ids": [
        5
      ],
      "native_parent_proximity_spawn": true
    },
    {
      "time": 0.7,
      "child_id": 8,
      "x": 881.9632,
      "y": 961.2852,
      "requesting_parent_ids": [
        5
      ],
      "native_parent_proximity_spawn": true
    },
    {
      "time": 0.8,
      "child_id": 9,
      "x": 860.7897,
      "y": 971.4801,
      "requesting_parent_ids": [
        2
      ],
      "native_parent_proximity_spawn": true
    }
  ],
  "fruit_consumptions": [
    {
      "time": 3.9,
      "agent_id": 3,
      "x": 953.9858,
      "y": 1039.4884
    },
    {
      "time": 7.9,
      "agent_id": 8,
      "x": 1025.576,
      "y": 1056.6462
    },
    {
      "time": 21.9,
      "agent_id": 4,
      "x": 1164.9986,
      "y": 914.0344
    }
  ],
  "parent_fruit_consumed_before_tracked_encounter": 0,
  "tracked_encounter_times": [
    0.1
  ],
  "conditional_delivery_denominator": true,
  "conditional_delivery_status": "not_applicable",
  "setup_oracle": false,
  "setup_oracle_target": null,
  "setup_oracle_ticks": 0,
  "setup_oracle_routing": null,
  "setup_oracle_route_resets": 0,
  "setup_oracle_policy_reset_before_handoff_act": false,
  "setup_oracle_handoff_time": null,
  "dynamic_action_privilege_ended_at": null,
  "target_switches": [
    {
      "time": 0.1,
      "tracked_predator_slot": 0,
      "target": 1
    },
    {
      "time": 0.6,
      "tracked_predator_slot": 0,
      "target": 4
    },
    {
      "time": 0.9,
      "tracked_predator_slot": 0,
      "target": 7
    },
    {
      "time": 1.4,
      "tracked_predator_slot": 0,
      "target": 4
    },
    {
      "time": 1.5,
      "tracked_predator_slot": 0,
      "target": 8
    },
    {
      "time": 1.6,
      "tracked_predator_slot": 0,
      "target": 4
    },
    {
      "time": 1.7,
      "tracked_predator_slot": 0,
      "target": 8
    },
    {
      "time": 1.8,
      "tracked_predator_slot": 0,
      "target": 7
    },
    {
      "time": 1.9,
      "tracked_predator_slot": 0,
      "target": 8
    },
    {
      "time": 2.0,
      "tracked_predator_slot": 0,
      "target": 4
    },
    {
      "time": 2.3,
      "tracked_predator_slot": 0,
      "target": 1
    },
    {
      "time": 2.7,
      "tracked_predator_slot": 0,
      "target": 4
    },
    {
      "time": 2.8,
      "tracked_predator_slot": 0,
      "target": 5
    },
    {
      "time": 2.9,
      "tracked_predator_slot": 0,
      "target": 8
    },
    {
      "time": 3.1,
      "tracked_predator_slot": 0,
      "target": 6
    },
    {
      "time": 3.2,
      "tracked_predator_slot": 0,
      "target": 2
    },
    {
      "time": 3.3,
      "tracked_predator_slot": 0,
      "target": 8
    },
    {
      "time": 3.4,
      "tracked_predator_slot": 0,
      "target": 7
    },
    {
      "time": 3.5,
      "tracked_predator_slot": 0,
      "target": 3
    },
    {
      "time": 3.6,
      "tracked_predator_slot": 0,
      "target": 5
    },
    {
      "time": 3.9,
      "tracked_predator_slot": 0,
      "target": 6
    },
    {
      "time": 4.0,
      "tracked_predator_slot": 0,
      "target": 8
    },
    {
      "time": 4.2,
      "tracked_predator_slot": 0,
      "target": 3
    },
    {
      "time": 5.6,
      "tracked_predator_slot": 0,
      "target": 5
    },
    {
      "time": 5.7,
      "tracked_predator_slot": 0,
      "target": 2
    },
    {
      "time": 6.0,
      "tracked_predator_slot": 0,
      "target": 6
    },
    {
      "time": 6.1,
      "tracked_predator_slot": 0,
      "target": 2
    },
    {
      "time": 6.2,
      "tracked_predator_slot": 0,
      "target": 6
    },
    {
      "time": 6.3,
      "tracked_predator_slot": 0,
      "target": null
    },
    {
      "time": 6.4,
      "tracked_predator_slot": 0,
      "target": 5
    },
    {
      "time": 6.5,
      "tracked_predator_slot": 0,
      "target": 7
    },
    {
      "time": 6.6,
      "tracked_predator_slot": 0,
      "target": 5
    },
    {
      "time": 6.7,
      "tracked_predator_slot": 0,
      "target": 2
    },
    {
      "time": 6.8,
      "tracked_predator_slot": 0,
      "target": 5
    },
    {
      "time": 7.1,
      "tracked_predator_slot": 0,
      "target": 2
    },
    {
      "time": 7.2,
      "tracked_predator_slot": 0,
      "target": 9
    },
    {
      "time": 8.0,
      "tracked_predator_slot": 0,
      "target": 3
    },
    {
      "time": 8.1,
      "tracked_predator_slot": 0,
      "target": 9
    },
    {
      "time": 8.2,
      "tracked_predator_slot": 0,
      "target": 3
    },
    {
      "time": 8.5,
      "tracked_predator_slot": 0,
      "target": 9
    },
    {
      "time": 8.6,
      "tracked_predator_slot": 0,
      "target": null
    },
    {
      "time": 8.9,
      "tracked_predator_slot": 0,
      "target": 9
    },
    {
      "time": 9.0,
      "tracked_predator_slot": 0,
      "target": 5
    },
    {
      "time": 9.2,
      "tracked_predator_slot": 0,
      "target": 8
    },
    {
      "time": 9.5,
      "tracked_predator_slot": 0,
      "target": 1
    },
    {
      "time": 9.6,
      "tracked_predator_slot": 0,
      "target": 8
    },
    {
      "time": 9.7,
      "tracked_predator_slot": 0,
      "target": 4
    },
    {
      "time": 9.8,
      "tracked_predator_slot": 0,
      "target": 5
    },
    {
      "time": 9.9,
      "tracked_predator_slot": 0,
      "target": 4
    },
    {
      "time": 10.0,
      "tracked_predator_slot": 0,
      "target": 5
    },
    {
      "time": 10.1,
      "tracked_predator_slot": 0,
      "target": 1
    },
    {
      "time": 10.2,
      "tracked_predator_slot": 0,
      "target": 2
    },
    {
      "time": 10.3,
      "tracked_predator_slot": 0,
      "target": 7
    },
    {
      "time": 10.4,
      "tracked_predator_slot": 0,
      "target": 9
    },
    {
      "time": 10.5,
      "tracked_predator_slot": 0,
      "target": 7
    },
    {
      "time": 10.6,
      "tracked_predator_slot": 0,
      "target": 9
    },
    {
      "time": 10.7,
      "tracked_predator_slot": 0,
      "target": 7
    },
    {
      "time": 10.8,
      "tracked_predator_slot": 0,
      "target": 4
    },
    {
      "time": 10.9,
      "tracked_predator_slot": 0,
      "target": 7
    },
    {
      "time": 11.0,
      "tracked_predator_slot": 0,
      "target": 4
    },
    {
      "time": 11.1,
      "tracked_predator_slot": 0,
      "target": 1
    },
    {
      "time": 11.3,
      "tracked_predator_slot": 0,
      "target": 5
    },
    {
      "time": 11.6,
      "tracked_predator_slot": 0,
      "target": 4
    },
    {
      "time": 11.7,
      "tracked_predator_slot": 0,
      "target": 5
    },
    {
      "time": 12.1,
      "tracked_predator_slot": 0,
      "target": 2
    },
    {
      "time": 12.2,
      "tracked_predator_slot": 0,
      "target": 5
    },
    {
      "time": 12.4,
      "tracked_predator_slot": 0,
      "target": 2
    },
    {
      "time": 12.7,
      "tracked_predator_slot": 0,
      "target": 8
    },
    {
      "time": 12.8,
      "tracked_predator_slot": 0,
      "target": 5
    },
    {
      "time": 12.9,
      "tracked_predator_slot": 0,
      "target": 7
    },
    {
      "time": 13.0,
      "tracked_predator_slot": 0,
      "target": 4
    },
    {
      "time": 13.1,
      "tracked_predator_slot": 0,
      "target": 8
    },
    {
      "time": 13.6,
      "tracked_predator_slot": 0,
      "target": null
    },
    {
      "time": 13.9,
      "tracked_predator_slot": 0,
      "target": 2
    },
    {
      "time": 14.0,
      "tracked_predator_slot": 0,
      "target": 7
    },
    {
      "time": 14.1,
      "tracked_predator_slot": 0,
      "target": null
    },
    {
      "time": 14.2,
      "tracked_predator_slot": 0,
      "target": 5
    },
    {
      "time": 14.4,
      "tracked_predator_slot": 0,
      "target": 4
    },
    {
      "time": 14.5,
      "tracked_predator_slot": 0,
      "target": 5
    },
    {
      "time": 14.8,
      "tracked_predator_slot": 0,
      "target": 2
    },
    {
      "time": 14.9,
      "tracked_predator_slot": 0,
      "target": 5
    },
    {
      "time": 15.1,
      "tracked_predator_slot": 0,
      "target": 7
    },
    {
      "time": 15.2,
      "tracked_predator_slot": 0,
      "target": 5
    },
    {
      "time": 15.4,
      "tracked_predator_slot": 0,
      "target": 7
    },
    {
      "time": 15.6,
      "tracked_predator_slot": 0,
      "target": 4
    },
    {
      "time": 16.0,
      "tracked_predator_slot": 0,
      "target": 7
    },
    {
      "time": 16.4,
      "tracked_predator_slot": 0,
      "target": 6
    },
    {
      "time": 16.5,
      "tracked_predator_slot": 0,
      "target": 7
    },
    {
      "time": 16.6,
      "tracked_predator_slot": 0,
      "target": null
    },
    {
      "time": 16.7,
      "tracked_predator_slot": 0,
      "target": 6
    },
    {
      "time": 16.8,
      "tracked_predator_slot": 0,
      "target": 7
    },
    {
      "time": 16.9,
      "tracked_predator_slot": 0,
      "target": null
    },
    {
      "time": 17.0,
      "tracked_predator_slot": 0,
      "target": 6
    },
    {
      "time": 17.1,
      "tracked_predator_slot": 0,
      "target": null
    },
    {
      "time": 17.2,
      "tracked_predator_slot": 0,
      "target": 6
    },
    {
      "time": 17.9,
      "tracked_predator_slot": 0,
      "target": 4
    },
    {
      "time": 18.1,
      "tracked_predator_slot": 0,
      "target": 6
    },
    {
      "time": 18.2,
      "tracked_predator_slot": 0,
      "target": 4
    },
    {
      "time": 18.3,
      "tracked_predator_slot": 0,
      "target": 7
    },
    {
      "time": 18.4,
      "tracked_predator_slot": 0,
      "target": 4
    },
    {
      "time": 18.6,
      "tracked_predator_slot": 0,
      "target": 7
    },
    {
      "time": 18.7,
      "tracked_predator_slot": 0,
      "target": 6
    },
    {
      "time": 18.8,
      "tracked_predator_slot": 0,
      "target": 7
    },
    {
      "time": 18.9,
      "tracked_predator_slot": 0,
      "target": 6
    },
    {
      "time": 19.3,
      "tracked_predator_slot": 0,
      "target": null
    },
    {
      "time": 19.4,
      "tracked_predator_slot": 0,
      "target": 7
    },
    {
      "time": 19.6,
      "tracked_predator_slot": 0,
      "target": 6
    },
    {
      "time": 20.8,
      "tracked_predator_slot": 0,
      "target": 7
    },
    {
      "time": 21.9,
      "tracked_predator_slot": 0,
      "target": 6
    },
    {
      "time": 22.5,
      "tracked_predator_slot": 0,
      "target": 4
    },
    {
      "time": 22.8,
      "tracked_predator_slot": 0,
      "target": 0
    },
    {
      "time": 35.8,
      "tracked_predator_slot": 0,
      "target": "resting"
    },
    {
      "time": 39.3,
      "tracked_predator_slot": 0,
      "target": 0
    },
    {
      "time": 48.6,
      "tracked_predator_slot": 0,
      "target": "resting"
    },
    {
      "time": 52.1,
      "tracked_predator_slot": 0,
      "target": 0
    },
    {
      "time": 61.4,
      "tracked_predator_slot": 0,
      "target": "resting"
    },
    {
      "time": 64.9,
      "tracked_predator_slot": 0,
      "target": 0
    },
    {
      "time": 74.2,
      "tracked_predator_slot": 0,
      "target": "resting"
    },
    {
      "time": 77.7,
      "tracked_predator_slot": 0,
      "target": 0
    },
    {
      "time": 86.7,
      "tracked_predator_slot": 0,
      "target": "resting"
    },
    {
      "time": 90.2,
      "tracked_predator_slot": 0,
      "target": 0
    },
    {
      "time": 99.5,
      "tracked_predator_slot": 0,
      "target": "resting"
    },
    {
      "time": 103.0,
      "tracked_predator_slot": 0,
      "target": 0
    },
    {
      "time": 112.3,
      "tracked_predator_slot": 0,
      "target": "resting"
    },
    {
      "time": 115.8,
      "tracked_predator_slot": 0,
      "target": 0
    },
    {
      "time": 125.1,
      "tracked_predator_slot": 0,
      "target": "resting"
    },
    {
      "time": 128.6,
      "tracked_predator_slot": 0,
      "target": 0
    },
    {
      "time": 137.9,
      "tracked_predator_slot": 0,
      "target": "resting"
    },
    {
      "time": 141.4,
      "tracked_predator_slot": 0,
      "target": 0
    },
    {
      "time": 150.7,
      "tracked_predator_slot": 0,
      "target": "resting"
    },
    {
      "time": 154.2,
      "tracked_predator_slot": 0,
      "target": 0
    },
    {
      "time": 163.4,
      "tracked_predator_slot": 0,
      "target": "resting"
    },
    {
      "time": 166.9,
      "tracked_predator_slot": 0,
      "target": 0
    },
    {
      "time": 175.9,
      "tracked_predator_slot": 0,
      "target": "resting"
    },
    {
      "time": 179.4,
      "tracked_predator_slot": 0,
      "target": 0
    },
    {
      "time": 188.7,
      "tracked_predator_slot": 0,
      "target": "resting"
    },
    {
      "time": 192.2,
      "tracked_predator_slot": 0,
      "target": 0
    },
    {
      "time": 201.2,
      "tracked_predator_slot": 0,
      "target": "resting"
    },
    {
      "time": 204.7,
      "tracked_predator_slot": 0,
      "target": 0
    },
    {
      "time": 214.0,
      "tracked_predator_slot": 0,
      "target": "resting"
    },
    {
      "time": 217.5,
      "tracked_predator_slot": 0,
      "target": 0
    },
    {
      "time": 226.8,
      "tracked_predator_slot": 0,
      "target": "resting"
    },
    {
      "time": 230.3,
      "tracked_predator_slot": 0,
      "target": 0
    },
    {
      "time": 239.6,
      "tracked_predator_slot": 0,
      "target": "resting"
    },
    {
      "time": 243.1,
      "tracked_predator_slot": 0,
      "target": 0
    },
    {
      "time": 252.4,
      "tracked_predator_slot": 0,
      "target": "resting"
    },
    {
      "time": 255.9,
      "tracked_predator_slot": 0,
      "target": 0
    },
    {
      "time": 265.2,
      "tracked_predator_slot": 0,
      "target": "resting"
    },
    {
      "time": 268.7,
      "tracked_predator_slot": 0,
      "target": 0
    },
    {
      "time": 278.0,
      "tracked_predator_slot": 0,
      "target": "resting"
    },
    {
      "time": 281.5,
      "tracked_predator_slot": 0,
      "target": 0
    },
    {
      "time": 290.8,
      "tracked_predator_slot": 0,
      "target": "resting"
    },
    {
      "time": 294.3,
      "tracked_predator_slot": 0,
      "target": 0
    }
  ],
  "guide_role_trace": [
    {
      "time": 0,
      "active_guide_id": 1
    },
    {
      "time": 0.6,
      "active_guide_id": 4
    },
    {
      "time": 0.9,
      "active_guide_id": 7
    },
    {
      "time": 1.6,
      "active_guide_id": 4
    },
    {
      "time": 1.7,
      "active_guide_id": 7
    },
    {
      "time": 1.9,
      "active_guide_id": 8
    },
    {
      "time": 2.0,
      "active_guide_id": 4
    },
    {
      "time": 2.4,
      "active_guide_id": 1
    },
    {
      "time": 2.6,
      "active_guide_id": 4
    },
    {
      "time": 2.8,
      "active_guide_id": 5
    },
    {
      "time": 2.9,
      "active_guide_id": 9
    },
    {
      "time": 3.0,
      "active_guide_id": 8
    },
    {
      "time": 3.5,
      "active_guide_id": 3
    },
    {
      "time": 3.6,
      "active_guide_id": 5
    },
    {
      "time": 4.0,
      "active_guide_id": 8
    },
    {
      "time": 4.3,
      "active_guide_id": 1
    },
    {
      "time": 4.4,
      "active_guide_id": 3
    },
    {
      "time": 5.1,
      "active_guide_id": 9
    },
    {
      "time": 5.2,
      "active_guide_id": 3
    },
    {
      "time": 5.6,
      "active_guide_id": 5
    },
    {
      "time": 5.8,
      "active_guide_id": 2
    },
    {
      "time": 5.9,
      "active_guide_id": 3
    },
    {
      "time": 6.0,
      "active_guide_id": 6
    },
    {
      "time": 6.1,
      "active_guide_id": 2
    },
    {
      "time": 6.2,
      "active_guide_id": 6
    },
    {
      "time": 6.3,
      "active_guide_id": 2
    },
    {
      "time": 6.4,
      "active_guide_id": 5
    },
    {
      "time": 6.5,
      "active_guide_id": 7
    },
    {
      "time": 6.7,
      "active_guide_id": 3
    },
    {
      "time": 6.8,
      "active_guide_id": 5
    },
    {
      "time": 7.0,
      "active_guide_id": 7
    },
    {
      "time": 7.2,
      "active_guide_id": 9
    },
    {
      "time": 8.0,
      "active_guide_id": 3
    },
    {
      "time": 8.6,
      "active_guide_id": 9
    },
    {
      "time": 9.0,
      "active_guide_id": 5
    },
    {
      "time": 9.2,
      "active_guide_id": 8
    },
    {
      "time": 9.5,
      "active_guide_id": 1
    },
    {
      "time": 9.6,
      "active_guide_id": 8
    },
    {
      "time": 9.7,
      "active_guide_id": 4
    },
    {
      "time": 9.8,
      "active_guide_id": 5
    },
    {
      "time": 9.9,
      "active_guide_id": 4
    },
    {
      "time": 10.0,
      "active_guide_id": 5
    },
    {
      "time": 10.2,
      "active_guide_id": 2
    },
    {
      "time": 10.3,
      "active_guide_id": 7
    },
    {
      "time": 10.4,
      "active_guide_id": 9
    },
    {
      "time": 10.5,
      "active_guide_id": 7
    },
    {
      "time": 10.8,
      "active_guide_id": 4
    },
    {
      "time": 10.9,
      "active_guide_id": 7
    },
    {
      "time": 11.1,
      "active_guide_id": 1
    },
    {
      "time": 11.3,
      "active_guide_id": 5
    },
    {
      "time": 11.6,
      "active_guide_id": 4
    },
    {
      "time": 11.7,
      "active_guide_id": 5
    },
    {
      "time": 12.1,
      "active_guide_id": 2
    },
    {
      "time": 12.7,
      "active_guide_id": 8
    },
    {
      "time": 12.8,
      "active_guide_id": 5
    },
    {
      "time": 13.1,
      "active_guide_id": 8
    },
    {
      "time": 13.5,
      "active_guide_id": 2
    },
    {
      "time": 14.0,
      "active_guide_id": 7
    },
    {
      "time": 14.1,
      "active_guide_id": 4
    },
    {
      "time": 14.2,
      "active_guide_id": 5
    },
    {
      "time": 15.5,
      "active_guide_id": 7
    },
    {
      "time": 15.7,
      "active_guide_id": 4
    },
    {
      "time": 16.1,
      "active_guide_id": 7
    },
    {
      "time": 16.2,
      "active_guide_id": 6
    },
    {
      "time": 16.3,
      "active_guide_id": 7
    },
    {
      "time": 17.2,
      "active_guide_id": 6
    },
    {
      "time": 17.9,
      "active_guide_id": 4
    },
    {
      "time": 18.1,
      "active_guide_id": 6
    },
    {
      "time": 18.2,
      "active_guide_id": 4
    },
    {
      "time": 18.3,
      "active_guide_id": 7
    },
    {
      "time": 18.4,
      "active_guide_id": 4
    },
    {
      "time": 18.6,
      "active_guide_id": 7
    },
    {
      "time": 18.7,
      "active_guide_id": 6
    },
    {
      "time": 19.4,
      "active_guide_id": 7
    },
    {
      "time": 19.6,
      "active_guide_id": 6
    },
    {
      "time": 20.7,
      "active_guide_id": 4
    },
    {
      "time": 20.8,
      "active_guide_id": 7
    },
    {
      "time": 22.0,
      "active_guide_id": 6
    },
    {
      "time": 22.4,
      "active_guide_id": 7
    },
    {
      "time": 22.5,
      "active_guide_id": 4
    },
    {
      "time": 22.8,
      "active_guide_id": 7
    }
  ],
  "guide_follow_trace": [
    {
      "time": 0.1,
      "active_guide_id": 1,
      "tracked_predator_slot": 0
    },
    {
      "time": 0.7,
      "active_guide_id": 4,
      "tracked_predator_slot": 0
    },
    {
      "time": 1.0,
      "active_guide_id": 7,
      "tracked_predator_slot": 0
    },
    {
      "time": 1.8,
      "active_guide_id": 7,
      "tracked_predator_slot": 0
    },
    {
      "time": 2.1,
      "active_guide_id": 4,
      "tracked_predator_slot": 0
    },
    {
      "time": 2.5,
      "active_guide_id": 1,
      "tracked_predator_slot": 0
    },
    {
      "time": 2.7,
      "active_guide_id": 4,
      "tracked_predator_slot": 0
    },
    {
      "time": 3.3,
      "active_guide_id": 8,
      "tracked_predator_slot": 0
    },
    {
      "time": 3.7,
      "active_guide_id": 5,
      "tracked_predator_slot": 0
    },
    {
      "time": 4.1,
      "active_guide_id": 8,
      "tracked_predator_slot": 0
    },
    {
      "time": 4.5,
      "active_guide_id": 3,
      "tracked_predator_slot": 0
    },
    {
      "time": 5.3,
      "active_guide_id": 3,
      "tracked_predator_slot": 0
    },
    {
      "time": 5.9,
      "active_guide_id": 2,
      "tracked_predator_slot": 0
    },
    {
      "time": 6.9,
      "active_guide_id": 5,
      "tracked_predator_slot": 0
    },
    {
      "time": 7.3,
      "active_guide_id": 9,
      "tracked_predator_slot": 0
    },
    {
      "time": 8.2,
      "active_guide_id": 3,
      "tracked_predator_slot": 0
    },
    {
      "time": 8.9,
      "active_guide_id": 9,
      "tracked_predator_slot": 0
    },
    {
      "time": 9.1,
      "active_guide_id": 5,
      "tracked_predator_slot": 0
    },
    {
      "time": 9.3,
      "active_guide_id": 8,
      "tracked_predator_slot": 0
    },
    {
      "time": 10.7,
      "active_guide_id": 7,
      "tracked_predator_slot": 0
    },
    {
      "time": 11.2,
      "active_guide_id": 1,
      "tracked_predator_slot": 0
    },
    {
      "time": 11.4,
      "active_guide_id": 5,
      "tracked_predator_slot": 0
    },
    {
      "time": 11.8,
      "active_guide_id": 5,
      "tracked_predator_slot": 0
    },
    {
      "time": 12.4,
      "active_guide_id": 2,
      "tracked_predator_slot": 0
    },
    {
      "time": 13.2,
      "active_guide_id": 8,
      "tracked_predator_slot": 0
    },
    {
      "time": 13.9,
      "active_guide_id": 2,
      "tracked_predator_slot": 0
    },
    {
      "time": 14.3,
      "active_guide_id": 5,
      "tracked_predator_slot": 0
    },
    {
      "time": 15.8,
      "active_guide_id": 4,
      "tracked_predator_slot": 0
    },
    {
      "time": 16.2,
      "active_guide_id": 7,
      "tracked_predator_slot": 0
    },
    {
      "time": 16.5,
      "active_guide_id": 7,
      "tracked_predator_slot": 0
    },
    {
      "time": 17.3,
      "active_guide_id": 6,
      "tracked_predator_slot": 0
    },
    {
      "time": 18.0,
      "active_guide_id": 4,
      "tracked_predator_slot": 0
    },
    {
      "time": 18.5,
      "active_guide_id": 4,
      "tracked_predator_slot": 0
    },
    {
      "time": 18.9,
      "active_guide_id": 6,
      "tracked_predator_slot": 0
    },
    {
      "time": 19.5,
      "active_guide_id": 7,
      "tracked_predator_slot": 0
    },
    {
      "time": 19.7,
      "active_guide_id": 6,
      "tracked_predator_slot": 0
    },
    {
      "time": 20.9,
      "active_guide_id": 7,
      "tracked_predator_slot": 0
    },
    {
      "time": 22.1,
      "active_guide_id": 6,
      "tracked_predator_slot": 0
    },
    {
      "time": 22.6,
      "active_guide_id": 4,
      "tracked_predator_slot": 0
    }
  ],
  "guide_role": "child",
  "parent_role": "gather_evade",
  "child_role": "guide",
  "active_guide_id_final": 7,
  "active_guide_alive_final": true,
  "guide_role_ids": [
    1,
    2,
    3,
    4,
    5,
    6,
    7,
    8,
    9
  ],
  "bait_deployed_at": 0.1,
  "policy_bait_ready_final": false,
  "bait_left_after_deployment": null,
  "final_bait_distance_to_goal": 0.0,
  "first_guide_predator_observation": 0.1,
  "first_predator_following_guide": 0.1,
  "first_predator_following_active_guide": null,
  "tracked_seen_by_guide": 1,
  "tracked_followed_active_guide": 0,
  "physical_entered": 1,
  "guided_delivered": 0,
  "physical_losses_after_delivery": 0,
  "target_losses_after_delivery": 0,
  "physical_entry_times": [
    23.0
  ],
  "guided_delivery_times": [
    null
  ],
  "loss_times": [
    null
  ],
  "target_loss_times": [
    null
  ],
  "tail_seconds": 30.0,
  "tail_physical_min": 1,
  "tail_contained_min": 1,
  "final_distance_from_mouth": [
    16.9874
  ],
  "max_distance_after_delivery": [
    0.0
  ],
  "policy_events": [
    {
      "time": 0.1,
      "kind": "emergency_reserve_budget_enabled",
      "observed_distance": 55.0,
      "blocked_escape_cone": true,
      "close_wall": false,
      "agent_id": 1
    },
    {
      "time": 0.1,
      "kind": "bounded_emergency_reserve_birth",
      "parent_id": 1,
      "request_number": 1,
      "observed_distance": 55.0
    },
    {
      "time": 0.2,
      "kind": "native_backup_registered",
      "agent_id": 2
    },
    {
      "time": 0.2,
      "kind": "bounded_emergency_reserve_birth",
      "parent_id": 2,
      "request_number": 2,
      "observed_distance": 43.0
    },
    {
      "time": 0.3,
      "kind": "native_backup_registered",
      "agent_id": 3
    },
    {
      "time": 0.3,
      "kind": "bounded_emergency_reserve_birth",
      "parent_id": 3,
      "request_number": 3,
      "observed_distance": 45.5236
    },
    {
      "time": 0.4,
      "kind": "native_backup_registered",
      "agent_id": 4
    },
    {
      "time": 0.4,
      "kind": "bounded_emergency_reserve_birth",
      "parent_id": 3,
      "request_number": 4,
      "observed_distance": 43.5665
    },
    {
      "time": 0.5,
      "kind": "native_backup_registered",
      "agent_id": 5
    },
    {
      "time": 0.5,
      "kind": "bounded_emergency_reserve_birth",
      "parent_id": 4,
      "request_number": 5,
      "observed_distance": 51.5513
    },
    {
      "time": 0.6,
      "kind": "native_backup_registered",
      "agent_id": 6
    },
    {
      "time": 0.6,
      "kind": "public_dto_active_guide",
      "agent_id": 4,
      "reason": "minimum_observed_predator_distance_hysteresis"
    },
    {
      "time": 0.6,
      "kind": "bounded_emergency_reserve_birth",
      "parent_id": 5,
      "request_number": 6,
      "observed_distance": 52.9157
    },
    {
      "time": 0.7,
      "kind": "native_backup_registered",
      "agent_id": 7
    },
    {
      "time": 0.7,
      "kind": "bounded_emergency_reserve_birth",
      "parent_id": 5,
      "request_number": 7,
      "observed_distance": 57.8256
    },
    {
      "time": 0.8,
      "kind": "native_backup_registered",
      "agent_id": 8
    },
    {
      "time": 0.8,
      "kind": "bounded_emergency_reserve_birth",
      "parent_id": 2,
      "request_number": 8,
      "observed_distance": 59.1324
    },
    {
      "time": 0.9,
      "kind": "native_backup_registered",
      "agent_id": 9
    },
    {
      "time": 0.9,
      "kind": "public_dto_active_guide",
      "agent_id": 7,
      "reason": "minimum_observed_predator_distance_hysteresis"
    },
    {
      "time": 1.6,
      "kind": "public_dto_active_guide",
      "agent_id": 4,
      "reason": "minimum_observed_predator_distance_hysteresis"
    },
    {
      "time": 1.7,
      "kind": "public_dto_active_guide",
      "agent_id": 7,
      "reason": "minimum_observed_predator_distance_hysteresis"
    },
    {
      "time": 1.9,
      "kind": "public_dto_active_guide",
      "agent_id": 8,
      "reason": "minimum_observed_predator_distance_hysteresis"
    },
    {
      "time": 2.0,
      "kind": "public_dto_active_guide",
      "agent_id": 4,
      "reason": "minimum_observed_predator_distance_hysteresis"
    },
    {
      "time": 2.4,
      "kind": "public_dto_active_guide",
      "agent_id": 1,
      "reason": "minimum_observed_predator_distance_hysteresis"
    },
    {
      "time": 2.6,
      "kind": "public_dto_active_guide",
      "agent_id": 4,
      "reason": "minimum_observed_predator_distance_hysteresis"
    },
    {
      "time": 2.8,
      "kind": "public_dto_active_guide",
      "agent_id": 5,
      "reason": "minimum_observed_predator_distance_hysteresis"
    },
    {
      "time": 2.9,
      "kind": "public_dto_active_guide",
      "agent_id": 9,
      "reason": "minimum_observed_predator_distance_hysteresis"
    },
    {
      "time": 3.0,
      "kind": "public_dto_active_guide",
      "agent_id": 8,
      "reason": "minimum_observed_predator_distance_hysteresis"
    },
    {
      "time": 3.5,
      "kind": "public_dto_active_guide",
      "agent_id": 3,
      "reason": "minimum_observed_predator_distance_hysteresis"
    },
    {
      "time": 3.6,
      "kind": "public_dto_active_guide",
      "agent_id": 5,
      "reason": "minimum_observed_predator_distance_hysteresis"
    },
    {
      "time": 4.0,
      "kind": "public_dto_active_guide",
      "agent_id": 8,
      "reason": "minimum_observed_predator_distance_hysteresis"
    },
    {
      "time": 4.3,
      "kind": "public_dto_active_guide",
      "agent_id": 1,
      "reason": "minimum_observed_predator_distance_hysteresis"
    },
    {
      "time": 4.4,
      "kind": "public_dto_active_guide",
      "agent_id": 3,
      "reason": "minimum_observed_predator_distance_hysteresis"
    },
    {
      "time": 5.1,
      "kind": "public_dto_active_guide",
      "agent_id": 9,
      "reason": "minimum_observed_predator_distance_hysteresis"
    },
    {
      "time": 5.2,
      "kind": "public_dto_active_guide",
      "agent_id": 3,
      "reason": "minimum_observed_predator_distance_hysteresis"
    },
    {
      "time": 5.6,
      "kind": "public_dto_active_guide",
      "agent_id": 5,
      "reason": "minimum_observed_predator_distance_hysteresis"
    },
    {
      "time": 5.8,
      "kind": "public_dto_active_guide",
      "agent_id": 2,
      "reason": "minimum_observed_predator_distance_hysteresis"
    },
    {
      "time": 5.9,
      "kind": "public_dto_active_guide",
      "agent_id": 3,
      "reason": "minimum_observed_predator_distance_hysteresis"
    },
    {
      "time": 6.0,
      "kind": "public_dto_active_guide",
      "agent_id": 6,
      "reason": "minimum_observed_predator_distance_hysteresis"
    },
    {
      "time": 6.1,
      "kind": "public_dto_active_guide",
      "agent_id": 2,
      "reason": "minimum_observed_predator_distance_hysteresis"
    },
    {
      "time": 6.2,
      "kind": "public_dto_active_guide",
      "agent_id": 6,
      "reason": "minimum_observed_predator_distance_hysteresis"
    },
    {
      "time": 6.3,
      "kind": "public_dto_active_guide",
      "agent_id": 2,
      "reason": "minimum_observed_predator_distance_hysteresis"
    },
    {
      "time": 6.4,
      "kind": "public_dto_active_guide",
      "agent_id": 5,
      "reason": "minimum_observed_predator_distance_hysteresis"
    },
    {
      "time": 6.5,
      "kind": "public_dto_active_guide",
      "agent_id": 7,
      "reason": "minimum_observed_predator_distance_hysteresis"
    },
    {
      "time": 6.7,
      "kind": "public_dto_active_guide",
      "agent_id": 3,
      "reason": "minimum_observed_predator_distance_hysteresis"
    },
    {
      "time": 6.8,
      "kind": "public_dto_active_guide",
      "agent_id": 5,
      "reason": "minimum_observed_predator_distance_hysteresis"
    },
    {
      "time": 7.0,
      "kind": "public_dto_active_guide",
      "agent_id": 7,
      "reason": "minimum_observed_predator_distance_hysteresis"
    },
    {
      "time": 7.2,
      "kind": "public_dto_active_guide",
      "agent_id": 9,
      "reason": "minimum_observed_predator_distance_hysteresis"
    },
    {
      "time": 8.0,
      "kind": "public_dto_active_guide",
      "agent_id": 3,
      "reason": "minimum_observed_predator_distance_hysteresis"
    },
    {
      "time": 8.6,
      "kind": "public_dto_active_guide",
      "agent_id": 9,
      "reason": "minimum_observed_predator_distance_hysteresis"
    },
    {
      "time": 9.0,
      "kind": "public_dto_active_guide",
      "agent_id": 5,
      "reason": "minimum_observed_predator_distance_hysteresis"
    },
    {
      "time": 9.2,
      "kind": "public_dto_active_guide",
      "agent_id": 8,
      "reason": "minimum_observed_predator_distance_hysteresis"
    },
    {
      "time": 9.5,
      "kind": "public_dto_active_guide",
      "agent_id": 1,
      "reason": "minimum_observed_predator_distance_hysteresis"
    },
    {
      "time": 9.6,
      "kind": "public_dto_active_guide",
      "agent_id": 8,
      "reason": "minimum_observed_predator_distance_hysteresis"
    },
    {
      "time": 9.7,
      "kind": "public_dto_active_guide",
      "agent_id": 4,
      "reason": "minimum_observed_predator_distance_hysteresis"
    },
    {
      "time": 9.8,
      "kind": "public_dto_active_guide",
      "agent_id": 5,
      "reason": "minimum_observed_predator_distance_hysteresis"
    },
    {
      "time": 9.9,
      "kind": "public_dto_active_guide",
      "agent_id": 4,
      "reason": "minimum_observed_predator_distance_hysteresis"
    },
    {
      "time": 10.0,
      "kind": "public_dto_active_guide",
      "agent_id": 5,
      "reason": "minimum_observed_predator_distance_hysteresis"
    },
    {
      "time": 10.2,
      "kind": "public_dto_active_guide",
      "agent_id": 2,
      "reason": "minimum_observed_predator_distance_hysteresis"
    },
    {
      "time": 10.3,
      "kind": "public_dto_active_guide",
      "agent_id": 7,
      "reason": "minimum_observed_predator_distance_hysteresis"
    },
    {
      "time": 10.4,
      "kind": "public_dto_active_guide",
      "agent_id": 9,
      "reason": "minimum_observed_predator_distance_hysteresis"
    },
    {
      "time": 10.5,
      "kind": "public_dto_active_guide",
      "agent_id": 7,
      "reason": "minimum_observed_predator_distance_hysteresis"
    },
    {
      "time": 10.8,
      "kind": "public_dto_active_guide",
      "agent_id": 4,
      "reason": "minimum_observed_predator_distance_hysteresis"
    },
    {
      "time": 10.9,
      "kind": "public_dto_active_guide",
      "agent_id": 7,
      "reason": "minimum_observed_predator_distance_hysteresis"
    },
    {
      "time": 11.1,
      "kind": "public_dto_active_guide",
      "agent_id": 1,
      "reason": "minimum_observed_predator_distance_hysteresis"
    },
    {
      "time": 11.3,
      "kind": "public_dto_active_guide",
      "agent_id": 5,
      "reason": "minimum_observed_predator_distance_hysteresis"
    },
    {
      "time": 11.6,
      "kind": "public_dto_active_guide",
      "agent_id": 4,
      "reason": "minimum_observed_predator_distance_hysteresis"
    },
    {
      "time": 11.7,
      "kind": "public_dto_active_guide",
      "agent_id": 5,
      "reason": "minimum_observed_predator_distance_hysteresis"
    },
    {
      "time": 12.1,
      "kind": "public_dto_active_guide",
      "agent_id": 2,
      "reason": "minimum_observed_predator_distance_hysteresis"
    },
    {
      "time": 12.7,
      "kind": "public_dto_active_guide",
      "agent_id": 8,
      "reason": "minimum_observed_predator_distance_hysteresis"
    },
    {
      "time": 12.8,
      "kind": "public_dto_active_guide",
      "agent_id": 5,
      "reason": "minimum_observed_predator_distance_hysteresis"
    },
    {
      "time": 13.1,
      "kind": "public_dto_active_guide",
      "agent_id": 8,
      "reason": "minimum_observed_predator_distance_hysteresis"
    },
    {
      "time": 13.5,
      "kind": "public_dto_active_guide",
      "agent_id": 2,
      "reason": "minimum_observed_predator_distance_hysteresis"
    },
    {
      "time": 14.0,
      "kind": "public_dto_active_guide",
      "agent_id": 7,
      "reason": "minimum_observed_predator_distance_hysteresis"
    },
    {
      "time": 14.1,
      "kind": "public_dto_active_guide",
      "agent_id": 4,
      "reason": "minimum_observed_predator_distance_hysteresis"
    },
    {
      "time": 14.2,
      "kind": "public_dto_active_guide",
      "agent_id": 5,
      "reason": "minimum_observed_predator_distance_hysteresis"
    },
    {
      "time": 15.5,
      "kind": "public_dto_active_guide",
      "agent_id": 7,
      "reason": "minimum_observed_predator_distance_hysteresis"
    },
    {
      "time": 15.7,
      "kind": "public_dto_active_guide",
      "agent_id": 4,
      "reason": "minimum_observed_predator_distance_hysteresis"
    },
    {
      "time": 16.1,
      "kind": "public_dto_active_guide",
      "agent_id": 7,
      "reason": "minimum_observed_predator_distance_hysteresis"
    },
    {
      "time": 16.2,
      "kind": "public_dto_active_guide",
      "agent_id": 6,
      "reason": "minimum_observed_predator_distance_hysteresis"
    },
    {
      "time": 16.3,
      "kind": "public_dto_active_guide",
      "agent_id": 7,
      "reason": "minimum_observed_predator_distance_hysteresis"
    },
    {
      "time": 17.2,
      "kind": "public_dto_active_guide",
      "agent_id": 6,
      "reason": "minimum_observed_predator_distance_hysteresis"
    },
    {
      "time": 17.9,
      "kind": "public_dto_active_guide",
      "agent_id": 4,
      "reason": "minimum_observed_predator_distance_hysteresis"
    },
    {
      "time": 18.1,
      "kind": "public_dto_active_guide",
      "agent_id": 6,
      "reason": "minimum_observed_predator_distance_hysteresis"
    },
    {
      "time": 18.2,
      "kind": "public_dto_active_guide",
      "agent_id": 4,
      "reason": "minimum_observed_predator_distance_hysteresis"
    },
    {
      "time": 18.3,
      "kind": "public_dto_active_guide",
      "agent_id": 7,
      "reason": "minimum_observed_predator_distance_hysteresis"
    },
    {
      "time": 18.4,
      "kind": "public_dto_active_guide",
      "agent_id": 4,
      "reason": "minimum_observed_predator_distance_hysteresis"
    },
    {
      "time": 18.6,
      "kind": "public_dto_active_guide",
      "agent_id": 7,
      "reason": "minimum_observed_predator_distance_hysteresis"
    },
    {
      "time": 18.7,
      "kind": "public_dto_active_guide",
      "agent_id": 6,
      "reason": "minimum_observed_predator_distance_hysteresis"
    },
    {
      "time": 19.4,
      "kind": "public_dto_active_guide",
      "agent_id": 7,
      "reason": "minimum_observed_predator_distance_hysteresis"
    },
    {
      "time": 19.6,
      "kind": "public_dto_active_guide",
      "agent_id": 6,
      "reason": "minimum_observed_predator_distance_hysteresis"
    },
    {
      "time": 20.7,
      "kind": "public_dto_active_guide",
      "agent_id": 4,
      "reason": "minimum_observed_predator_distance_hysteresis"
    },
    {
      "time": 20.8,
      "kind": "public_dto_active_guide",
      "agent_id": 7,
      "reason": "minimum_observed_predator_distance_hysteresis"
    },
    {
      "time": 22.0,
      "kind": "public_dto_active_guide",
      "agent_id": 6,
      "reason": "minimum_observed_predator_distance_hysteresis"
    },
    {
      "time": 22.4,
      "kind": "public_dto_active_guide",
      "agent_id": 7,
      "reason": "minimum_observed_predator_distance_hysteresis"
    },
    {
      "time": 22.5,
      "kind": "public_dto_active_guide",
      "agent_id": 4,
      "reason": "minimum_observed_predator_distance_hysteresis"
    },
    {
      "time": 22.8,
      "kind": "public_dto_active_guide",
      "agent_id": 7,
      "reason": "minimum_observed_predator_distance_hysteresis"
    }
  ],
  "success": false,
  "replay": "results/simple_chase/replays/real-map-EmergencyGuides-m10340-f20340-p1-direct_guide-sitebait1-9f7a3c90.json.gz"
}
/home/Ucals/projects/NordicCupAI-wall-funneling/survival-simulator/oscar-trap-research/survival/results/simple_chase/real-map-EmergencyGuides-m10340-f20340-p1-direct_guide-sitebait1-9f7a3c90.json
