Running as unit: run-p940076-i891445.scope; invocation ID: 408d51d575ff4c55a99ae57f6d8cdc82
{"progress": "real-map-EmergencyGuides-m10346-f20346-p1-direct_guide-sitebait1-d156221e", "time": 10.0, "bait_deployed": 0.1, "policy_bait_ready": false, "encounter": 0.2, "oracle_handoff": null, "children": 8, "active_guide_id": 1, "guide_alive": true, "active_guide_alive": true, "guided_delivered": 0}
{"progress": "real-map-EmergencyGuides-m10346-f20346-p1-direct_guide-sitebait1-d156221e", "time": 20.0, "bait_deployed": 0.1, "policy_bait_ready": false, "encounter": 0.2, "oracle_handoff": null, "children": 8, "active_guide_id": 1, "guide_alive": true, "active_guide_alive": true, "guided_delivered": 0}
{"progress": "real-map-EmergencyGuides-m10346-f20346-p1-direct_guide-sitebait1-d156221e", "time": 30.0, "bait_deployed": 0.1, "policy_bait_ready": false, "encounter": 0.2, "oracle_handoff": null, "children": 8, "active_guide_id": 6, "guide_alive": true, "active_guide_alive": true, "guided_delivered": 0}
{"progress": "real-map-EmergencyGuides-m10346-f20346-p1-direct_guide-sitebait1-d156221e", "time": 40.0, "bait_deployed": 0.1, "policy_bait_ready": false, "encounter": 0.2, "oracle_handoff": null, "children": 8, "active_guide_id": 3, "guide_alive": false, "active_guide_alive": true, "guided_delivered": 0}
{"progress": "real-map-EmergencyGuides-m10346-f20346-p1-direct_guide-sitebait1-d156221e", "time": 50.0, "bait_deployed": 0.1, "policy_bait_ready": false, "encounter": 0.2, "oracle_handoff": null, "children": 8, "active_guide_id": 3, "guide_alive": false, "active_guide_alive": true, "guided_delivered": 0}
{"progress": "real-map-EmergencyGuides-m10346-f20346-p1-direct_guide-sitebait1-d156221e", "time": 60.0, "bait_deployed": 0.1, "policy_bait_ready": false, "encounter": 0.2, "oracle_handoff": null, "children": 8, "active_guide_id": 9, "guide_alive": false, "active_guide_alive": true, "guided_delivered": 0}
{"progress": "real-map-EmergencyGuides-m10346-f20346-p1-direct_guide-sitebait1-d156221e", "time": 70.0, "bait_deployed": 0.1, "policy_bait_ready": false, "encounter": 0.2, "oracle_handoff": null, "children": 8, "active_guide_id": 9, "guide_alive": false, "active_guide_alive": true, "guided_delivered": 0}
{"progress": "real-map-EmergencyGuides-m10346-f20346-p1-direct_guide-sitebait1-d156221e", "time": 80.0, "bait_deployed": 0.1, "policy_bait_ready": false, "encounter": 0.2, "oracle_handoff": null, "children": 8, "active_guide_id": 3, "guide_alive": false, "active_guide_alive": true, "guided_delivered": 0}
{"progress": "real-map-EmergencyGuides-m10346-f20346-p1-direct_guide-sitebait1-d156221e", "time": 90.0, "bait_deployed": 0.1, "policy_bait_ready": false, "encounter": 0.2, "oracle_handoff": null, "children": 8, "active_guide_id": 3, "guide_alive": false, "active_guide_alive": true, "guided_delivered": 0}
{"progress": "real-map-EmergencyGuides-m10346-f20346-p1-direct_guide-sitebait1-d156221e", "time": 100.0, "bait_deployed": 0.1, "policy_bait_ready": false, "encounter": 0.2, "oracle_handoff": null, "children": 8, "active_guide_id": 9, "guide_alive": false, "active_guide_alive": true, "guided_delivered": 0}
{"progress": "real-map-EmergencyGuides-m10346-f20346-p1-direct_guide-sitebait1-d156221e", "time": 110.0, "bait_deployed": 0.1, "policy_bait_ready": false, "encounter": 0.2, "oracle_handoff": null, "children": 8, "active_guide_id": 9, "guide_alive": false, "active_guide_alive": true, "guided_delivered": 0}
{"progress": "real-map-EmergencyGuides-m10346-f20346-p1-direct_guide-sitebait1-d156221e", "time": 120.0, "bait_deployed": 0.1, "policy_bait_ready": false, "encounter": 0.2, "oracle_handoff": null, "children": 8, "active_guide_id": 9, "guide_alive": false, "active_guide_alive": true, "guided_delivered": 0}
{"progress": "real-map-EmergencyGuides-m10346-f20346-p1-direct_guide-sitebait1-d156221e", "time": 130.0, "bait_deployed": 0.1, "policy_bait_ready": false, "encounter": 0.2, "oracle_handoff": null, "children": 8, "active_guide_id": 9, "guide_alive": false, "active_guide_alive": true, "guided_delivered": 0}
{"progress": "real-map-EmergencyGuides-m10346-f20346-p1-direct_guide-sitebait1-d156221e", "time": 140.0, "bait_deployed": 0.1, "policy_bait_ready": false, "encounter": 0.2, "oracle_handoff": null, "children": 8, "active_guide_id": 9, "guide_alive": false, "active_guide_alive": true, "guided_delivered": 0}
{"progress": "real-map-EmergencyGuides-m10346-f20346-p1-direct_guide-sitebait1-d156221e", "time": 150.0, "bait_deployed": 0.1, "policy_bait_ready": false, "encounter": 0.2, "oracle_handoff": null, "children": 8, "active_guide_id": 9, "guide_alive": false, "active_guide_alive": true, "guided_delivered": 0}
{"progress": "real-map-EmergencyGuides-m10346-f20346-p1-direct_guide-sitebait1-d156221e", "time": 160.0, "bait_deployed": 0.1, "policy_bait_ready": false, "encounter": 0.2, "oracle_handoff": null, "children": 8, "active_guide_id": 9, "guide_alive": false, "active_guide_alive": true, "guided_delivered": 0}
{"progress": "real-map-EmergencyGuides-m10346-f20346-p1-direct_guide-sitebait1-d156221e", "time": 170.0, "bait_deployed": 0.1, "policy_bait_ready": false, "encounter": 0.2, "oracle_handoff": null, "children": 8, "active_guide_id": 9, "guide_alive": false, "active_guide_alive": true, "guided_delivered": 0}
{"progress": "real-map-EmergencyGuides-m10346-f20346-p1-direct_guide-sitebait1-d156221e", "time": 180.0, "bait_deployed": 0.1, "policy_bait_ready": false, "encounter": 0.2, "oracle_handoff": null, "children": 8, "active_guide_id": 9, "guide_alive": false, "active_guide_alive": true, "guided_delivered": 0}
{"progress": "real-map-EmergencyGuides-m10346-f20346-p1-direct_guide-sitebait1-d156221e", "time": 190.0, "bait_deployed": 0.1, "policy_bait_ready": false, "encounter": 0.2, "oracle_handoff": null, "children": 8, "active_guide_id": 9, "guide_alive": false, "active_guide_alive": true, "guided_delivered": 0}
{"progress": "real-map-EmergencyGuides-m10346-f20346-p1-direct_guide-sitebait1-d156221e", "time": 200.0, "bait_deployed": 0.1, "policy_bait_ready": false, "encounter": 0.2, "oracle_handoff": null, "children": 8, "active_guide_id": 9, "guide_alive": false, "active_guide_alive": true, "guided_delivered": 0}
{"progress": "real-map-EmergencyGuides-m10346-f20346-p1-direct_guide-sitebait1-d156221e", "time": 210.0, "bait_deployed": 0.1, "policy_bait_ready": false, "encounter": 0.2, "oracle_handoff": null, "children": 8, "active_guide_id": 9, "guide_alive": false, "active_guide_alive": true, "guided_delivered": 0}
{"progress": "real-map-EmergencyGuides-m10346-f20346-p1-direct_guide-sitebait1-d156221e", "time": 220.0, "bait_deployed": 0.1, "policy_bait_ready": false, "encounter": 0.2, "oracle_handoff": null, "children": 8, "active_guide_id": 9, "guide_alive": false, "active_guide_alive": true, "guided_delivered": 0}
{"progress": "real-map-EmergencyGuides-m10346-f20346-p1-direct_guide-sitebait1-d156221e", "time": 230.0, "bait_deployed": 0.1, "policy_bait_ready": false, "encounter": 0.2, "oracle_handoff": null, "children": 8, "active_guide_id": 9, "guide_alive": false, "active_guide_alive": true, "guided_delivered": 0}
{"progress": "real-map-EmergencyGuides-m10346-f20346-p1-direct_guide-sitebait1-d156221e", "time": 240.0, "bait_deployed": 0.1, "policy_bait_ready": false, "encounter": 0.2, "oracle_handoff": null, "children": 8, "active_guide_id": 9, "guide_alive": false, "active_guide_alive": true, "guided_delivered": 0}
{"progress": "real-map-EmergencyGuides-m10346-f20346-p1-direct_guide-sitebait1-d156221e", "time": 250.0, "bait_deployed": 0.1, "policy_bait_ready": false, "encounter": 0.2, "oracle_handoff": null, "children": 8, "active_guide_id": 9, "guide_alive": false, "active_guide_alive": true, "guided_delivered": 0}
{"progress": "real-map-EmergencyGuides-m10346-f20346-p1-direct_guide-sitebait1-d156221e", "time": 260.0, "bait_deployed": 0.1, "policy_bait_ready": false, "encounter": 0.2, "oracle_handoff": null, "children": 8, "active_guide_id": 9, "guide_alive": false, "active_guide_alive": true, "guided_delivered": 0}
{"progress": "real-map-EmergencyGuides-m10346-f20346-p1-direct_guide-sitebait1-d156221e", "time": 270.0, "bait_deployed": 0.1, "policy_bait_ready": false, "encounter": 0.2, "oracle_handoff": null, "children": 8, "active_guide_id": 9, "guide_alive": false, "active_guide_alive": true, "guided_delivered": 0}
{"progress": "real-map-EmergencyGuides-m10346-f20346-p1-direct_guide-sitebait1-d156221e", "time": 280.0, "bait_deployed": 0.1, "policy_bait_ready": false, "encounter": 0.2, "oracle_handoff": null, "children": 8, "active_guide_id": 9, "guide_alive": false, "active_guide_alive": true, "guided_delivered": 0}
{"progress": "real-map-EmergencyGuides-m10346-f20346-p1-direct_guide-sitebait1-d156221e", "time": 290.0, "bait_deployed": 0.1, "policy_bait_ready": false, "encounter": 0.2, "oracle_handoff": null, "children": 8, "active_guide_id": 9, "guide_alive": false, "active_guide_alive": true, "guided_delivered": 0}
{"progress": "real-map-EmergencyGuides-m10346-f20346-p1-direct_guide-sitebait1-d156221e", "time": 300.0, "bait_deployed": 0.1, "policy_bait_ready": false, "encounter": 0.2, "oracle_handoff": null, "children": 8, "active_guide_id": 9, "guide_alive": false, "active_guide_alive": true, "guided_delivered": 0}
{"viewer_manifest_refresh": {"status": "deferred", "reason": "bounded-memory runs defer full-replay viewer processing"}}
{
  "schema": "real-map-intake-result-v2",
  "policy": "integrated_guide.policy_v34_wide_emergency:EmergencyGuides",
  "policy_hash": "41e1169f4cf2954e8749cc49a89d271db8dfa535114ff82644fa1a471897bac7",
  "harness_hashes": {
    "research/simple_chase/run_streaming_v2.py": "837e02b05d1ba3af71df0949cb30beb18a8b2844f090f8b383c692192c52719a",
    "research/simple_chase/sampling.py": "1efb7d309c4cc79bc87916c1bea72a7845e78d0c2cdf0aeaf9e2a758ceed48ab",
    "research/simple_chase/static_map.py": "197b16cbe9dd2e3dd06b81fe9481986a97bd92d9c2a55f33597cc9b7280faf3c",
    "debugger/streaming_recorder_v2.py": "d5ecda6bb39ec74a9ad86fb20458df5de7f466d73052558af9e2877be3d99b19"
  },
  "mode": "direct_guide",
  "map_seed": 10346,
  "fixture_seed": 20346,
  "static_map_hash": "9340a3a40ac6b24d63ad245894c41c415ab8d7846ab7761027b6aad1b656a809",
  "site": {
    "mouth": [
      36.8585,
      711.7769
    ],
    "inward": [
      0.0,
      1.0
    ],
    "cross": [
      -1.0,
      0.0
    ],
    "goal": [
      36.8585,
      716.7769
    ],
    "far": [
      42.8585,
      586.7769
    ],
    "hold": [
      42.8585,
      636.7769
    ],
    "gap": 13.717,
    "overlap": 96.6132,
    "runup": [
      42.8585,
      461.7769
    ],
    "approach_lane_offset": -6.0,
    "offset_approach": true,
    "obstacle_indices": [
      2,
      65
    ],
    "axis": 0,
    "other_mouth": [
      36.8585,
      808.3902
    ],
    "replacement_entry": [
      36.8585,
      828.3902
    ],
    "second_access_clear": true,
    "second_access_radius": 5.01,
    "bait_depth": 5.0,
    "boundary_indices": [
      2
    ],
    "geometric_replacement_access_only": true
  },
  "station_bait": true,
  "requested_seconds": 300.0,
  "seconds": 300.0,
  "reason": "horizon",
  "native_render": true,
  "reproduction_of": null,
  "record_every_ticks": 1,
  "replay_frames": 3001,
  "initial_predators": 1,
  "final_predators_total": 2,
  "tracked_predators_present_final": 1,
  "ambient_predators_spawned": 1,
  "ambient_predators_present_final": 1,
  "agent_energy_refilled": true,
  "predator_state_native": false,
  "predator_dynamics_native_after_setup": true,
  "arranged_adjacent_awake_start": true,
  "bait_id": 0,
  "guide_id": 1,
  "bait_alive": true,
  "guide_alive": false,
  "deaths": [
    {
      "time": 21.9,
      "agent_id": 7,
      "role": "native_child"
    },
    {
      "time": 32.1,
      "agent_id": 8,
      "role": "native_child"
    },
    {
      "time": 32.2,
      "agent_id": 1,
      "role": "parent_guide"
    },
    {
      "time": 32.2,
      "agent_id": 5,
      "role": "native_child"
    },
    {
      "time": 32.2,
      "agent_id": 6,
      "role": "native_child"
    },
    {
      "time": 38.1,
      "agent_id": 4,
      "role": "native_child"
    }
  ],
  "spawn_requests": [
    {
      "time": 8.7,
      "parent_id": 1
    },
    {
      "time": 8.8,
      "parent_id": 1
    },
    {
      "time": 8.9,
      "parent_id": 3
    },
    {
      "time": 9.0,
      "parent_id": 3
    },
    {
      "time": 9.1,
      "parent_id": 1
    },
    {
      "time": 9.2,
      "parent_id": 1
    },
    {
      "time": 9.3,
      "parent_id": 1
    },
    {
      "time": 9.4,
      "parent_id": 2
    }
  ],
  "child_births": [
    {
      "time": 8.7,
      "child_id": 2,
      "x": 1051.0838,
      "y": 667.1597,
      "requesting_parent_ids": [
        1
      ],
      "native_parent_proximity_spawn": true
    },
    {
      "time": 8.8,
      "child_id": 3,
      "x": 1063.228,
      "y": 628.0199,
      "requesting_parent_ids": [
        1
      ],
      "native_parent_proximity_spawn": true
    },
    {
      "time": 8.9,
      "child_id": 4,
      "x": 1080.2071,
      "y": 585.5705,
      "requesting_parent_ids": [
        3
      ],
      "native_parent_proximity_spawn": true
    },
    {
      "time": 9.0,
      "child_id": 5,
      "x": 1094.377,
      "y": 603.8313,
      "requesting_parent_ids": [
        3
      ],
      "native_parent_proximity_spawn": true
    },
    {
      "time": 9.1,
      "child_id": 6,
      "x": 1026.4551,
      "y": 654.7383,
      "requesting_parent_ids": [
        1
      ],
      "native_parent_proximity_spawn": true
    },
    {
      "time": 9.2,
      "child_id": 7,
      "x": 988.3006,
      "y": 640.9385,
      "requesting_parent_ids": [
        1
      ],
      "native_parent_proximity_spawn": true
    },
    {
      "time": 9.3,
      "child_id": 8,
      "x": 1026.9319,
      "y": 651.2261,
      "requesting_parent_ids": [
        1
      ],
      "native_parent_proximity_spawn": true
    },
    {
      "time": 9.4,
      "child_id": 9,
      "x": 1044.9746,
      "y": 662.6138,
      "requesting_parent_ids": [
        2
      ],
      "native_parent_proximity_spawn": true
    }
  ],
  "fruit_consumptions": [
    {
      "time": 11.4,
      "agent_id": 1,
      "x": 920.8329,
      "y": 612.0407
    },
    {
      "time": 28.0,
      "agent_id": 3,
      "x": 513.0644,
      "y": 472.3224
    },
    {
      "time": 42.2,
      "agent_id": 3,
      "x": 529.3494,
      "y": 641.8736
    },
    {
      "time": 76.0,
      "agent_id": 2,
      "x": 304.3688,
      "y": 688.8935
    },
    {
      "time": 76.5,
      "agent_id": 3,
      "x": 356.7095,
      "y": 668.1837
    },
    {
      "time": 94.1,
      "agent_id": 9,
      "x": 118.8944,
      "y": 530.1111
    },
    {
      "time": 94.6,
      "agent_id": 9,
      "x": 92.0422,
      "y": 483.8833
    },
    {
      "time": 94.7,
      "agent_id": 2,
      "x": 72.1565,
      "y": 484.192
    },
    {
      "time": 95.6,
      "agent_id": 3,
      "x": 52.0243,
      "y": 508.245
    },
    {
      "time": 97.7,
      "agent_id": 2,
      "x": 49.0692,
      "y": 519.5671
    },
    {
      "time": 100.5,
      "agent_id": 9,
      "x": 86.8763,
      "y": 657.7145
    },
    {
      "time": 100.8,
      "agent_id": 2,
      "x": 143.7032,
      "y": 698.2631
    },
    {
      "time": 101.4,
      "agent_id": 3,
      "x": 68.8586,
      "y": 650.3199
    }
  ],
  "parent_fruit_consumed_before_tracked_encounter": 0,
  "tracked_encounter_times": [
    0.2
  ],
  "conditional_delivery_denominator": true,
  "conditional_delivery_status": "not_applicable",
  "setup_oracle": false,
  "setup_oracle_target": null,
  "setup_oracle_ticks": 0,
  "setup_oracle_routing": null,
  "setup_oracle_route_resets": 0,
  "setup_oracle_policy_reset_before_handoff_act": false,
  "setup_oracle_handoff_time": null,
  "dynamic_action_privilege_ended_at": null,
  "target_switches": [
    {
      "time": 0.1,
      "tracked_predator_slot": 0,
      "target": 1
    },
    {
      "time": 0.9,
      "tracked_predator_slot": 0,
      "target": null
    },
    {
      "time": 1.7,
      "tracked_predator_slot": 0,
      "target": 1
    },
    {
      "time": 1.8,
      "tracked_predator_slot": 0,
      "target": null
    },
    {
      "time": 1.9,
      "tracked_predator_slot": 0,
      "target": 1
    },
    {
      "time": 2.3,
      "tracked_predator_slot": 0,
      "target": null
    },
    {
      "time": 2.6,
      "tracked_predator_slot": 0,
      "target": 1
    },
    {
      "time": 2.7,
      "tracked_predator_slot": 0,
      "target": null
    },
    {
      "time": 2.9,
      "tracked_predator_slot": 0,
      "target": 1
    },
    {
      "time": 3.0,
      "tracked_predator_slot": 0,
      "target": null
    },
    {
      "time": 4.0,
      "tracked_predator_slot": 0,
      "target": 1
    },
    {
      "time": 4.1,
      "tracked_predator_slot": 0,
      "target": null
    },
    {
      "time": 4.4,
      "tracked_predator_slot": 0,
      "target": 1
    },
    {
      "time": 4.5,
      "tracked_predator_slot": 0,
      "target": null
    },
    {
      "time": 4.9,
      "tracked_predator_slot": 0,
      "target": 1
    },
    {
      "time": 5.0,
      "tracked_predator_slot": 0,
      "target": null
    },
    {
      "time": 5.1,
      "tracked_predator_slot": 0,
      "target": 1
    },
    {
      "time": 8.8,
      "tracked_predator_slot": 0,
      "target": 2
    },
    {
      "time": 9.2,
      "tracked_predator_slot": 0,
      "target": 6
    },
    {
      "time": 9.3,
      "tracked_predator_slot": 0,
      "target": null
    },
    {
      "time": 9.5,
      "tracked_predator_slot": 0,
      "target": 1
    },
    {
      "time": 9.7,
      "tracked_predator_slot": 0,
      "target": 6
    },
    {
      "time": 9.8,
      "tracked_predator_slot": 0,
      "target": 1
    },
    {
      "time": 9.9,
      "tracked_predator_slot": 0,
      "target": 2
    },
    {
      "time": 10.1,
      "tracked_predator_slot": 0,
      "target": 9
    },
    {
      "time": 10.2,
      "tracked_predator_slot": 0,
      "target": 2
    },
    {
      "time": 10.3,
      "tracked_predator_slot": 0,
      "target": 9
    },
    {
      "time": 10.4,
      "tracked_predator_slot": 0,
      "target": 1
    },
    {
      "time": 10.5,
      "tracked_predator_slot": 0,
      "target": 6
    },
    {
      "time": 10.7,
      "tracked_predator_slot": 0,
      "target": 9
    },
    {
      "time": 11.0,
      "tracked_predator_slot": 0,
      "target": 2
    },
    {
      "time": 11.1,
      "tracked_predator_slot": 0,
      "target": 6
    },
    {
      "time": 12.4,
      "tracked_predator_slot": 0,
      "target": 9
    },
    {
      "time": 12.5,
      "tracked_predator_slot": 0,
      "target": 6
    },
    {
      "time": 12.7,
      "tracked_predator_slot": 0,
      "target": 2
    },
    {
      "time": 12.9,
      "tracked_predator_slot": 0,
      "target": 4
    },
    {
      "time": 13.0,
      "tracked_predator_slot": 0,
      "target": 6
    },
    {
      "time": 13.3,
      "tracked_predator_slot": 0,
      "target": 1
    },
    {
      "time": 13.4,
      "tracked_predator_slot": 0,
      "target": 6
    },
    {
      "time": 13.7,
      "tracked_predator_slot": 0,
      "target": 2
    },
    {
      "time": 13.8,
      "tracked_predator_slot": 0,
      "target": 4
    },
    {
      "time": 13.9,
      "tracked_predator_slot": 0,
      "target": 9
    },
    {
      "time": 14.8,
      "tracked_predator_slot": 0,
      "target": "resting"
    },
    {
      "time": 18.3,
      "tracked_predator_slot": 0,
      "target": 6
    },
    {
      "time": 18.4,
      "tracked_predator_slot": 0,
      "target": 2
    },
    {
      "time": 18.5,
      "tracked_predator_slot": 0,
      "target": 4
    },
    {
      "time": 18.7,
      "tracked_predator_slot": 0,
      "target": 1
    },
    {
      "time": 18.8,
      "tracked_predator_slot": 0,
      "target": 4
    },
    {
      "time": 18.9,
      "tracked_predator_slot": 0,
      "target": 7
    },
    {
      "time": 19.0,
      "tracked_predator_slot": 0,
      "target": 1
    },
    {
      "time": 19.1,
      "tracked_predator_slot": 0,
      "target": 4
    },
    {
      "time": 19.3,
      "tracked_predator_slot": 0,
      "target": 1
    },
    {
      "time": 19.4,
      "tracked_predator_slot": 0,
      "target": 4
    },
    {
      "time": 19.5,
      "tracked_predator_slot": 0,
      "target": 1
    },
    {
      "time": 19.7,
      "tracked_predator_slot": 0,
      "target": 4
    },
    {
      "time": 19.9,
      "tracked_predator_slot": 0,
      "target": 1
    },
    {
      "time": 20.2,
      "tracked_predator_slot": 0,
      "target": 8
    },
    {
      "time": 20.3,
      "tracked_predator_slot": 0,
      "target": 2
    },
    {
      "time": 20.5,
      "tracked_predator_slot": 0,
      "target": 7
    },
    {
      "time": 21.4,
      "tracked_predator_slot": 0,
      "target": 9
    },
    {
      "time": 21.5,
      "tracked_predator_slot": 0,
      "target": 4
    },
    {
      "time": 21.6,
      "tracked_predator_slot": 0,
      "target": 7
    },
    {
      "time": 21.9,
      "tracked_predator_slot": 0,
      "target": 8
    },
    {
      "time": 22.0,
      "tracked_predator_slot": 0,
      "target": null
    },
    {
      "time": 22.1,
      "tracked_predator_slot": 0,
      "target": 2
    },
    {
      "time": 22.3,
      "tracked_predator_slot": 0,
      "target": null
    },
    {
      "time": 22.4,
      "tracked_predator_slot": 0,
      "target": 9
    },
    {
      "time": 22.5,
      "tracked_predator_slot": 0,
      "target": null
    },
    {
      "time": 22.6,
      "tracked_predator_slot": 0,
      "target": 9
    },
    {
      "time": 22.7,
      "tracked_predator_slot": 0,
      "target": null
    },
    {
      "time": 22.9,
      "tracked_predator_slot": 0,
      "target": 8
    },
    {
      "time": 23.0,
      "tracked_predator_slot": 0,
      "target": null
    },
    {
      "time": 23.1,
      "tracked_predator_slot": 0,
      "target": 9
    },
    {
      "time": 23.2,
      "tracked_predator_slot": 0,
      "target": 4
    },
    {
      "time": 23.4,
      "tracked_predator_slot": 0,
      "target": 8
    },
    {
      "time": 23.5,
      "tracked_predator_slot": 0,
      "target": 2
    },
    {
      "time": 24.5,
      "tracked_predator_slot": 0,
      "target": 8
    },
    {
      "time": 24.6,
      "tracked_predator_slot": 0,
      "target": 5
    },
    {
      "time": 24.7,
      "tracked_predator_slot": 0,
      "target": 3
    },
    {
      "time": 24.8,
      "tracked_predator_slot": 0,
      "target": 4
    },
    {
      "time": 24.9,
      "tracked_predator_slot": 0,
      "target": 6
    },
    {
      "time": 25.2,
      "tracked_predator_slot": 0,
      "target": 8
    },
    {
      "time": 25.3,
      "tracked_predator_slot": 0,
      "target": 9
    },
    {
      "time": 25.4,
      "tracked_predator_slot": 0,
      "target": 6
    },
    {
      "time": 25.6,
      "tracked_predator_slot": 0,
      "target": 4
    },
    {
      "time": 25.8,
      "tracked_predator_slot": 0,
      "target": 9
    },
    {
      "time": 26.2,
      "tracked_predator_slot": 0,
      "target": 5
    },
    {
      "time": 26.3,
      "tracked_predator_slot": 0,
      "target": 1
    },
    {
      "time": 26.4,
      "tracked_predator_slot": 0,
      "target": 8
    },
    {
      "time": 26.6,
      "tracked_predator_slot": 0,
      "target": 3
    },
    {
      "time": 26.7,
      "tracked_predator_slot": 0,
      "target": 8
    },
    {
      "time": 26.8,
      "tracked_predator_slot": 0,
      "target": 9
    },
    {
      "time": 26.9,
      "tracked_predator_slot": 0,
      "target": 3
    },
    {
      "time": 27.5,
      "tracked_predator_slot": 0,
      "target": 6
    },
    {
      "time": 27.6,
      "tracked_predator_slot": 0,
      "target": 2
    },
    {
      "time": 27.7,
      "tracked_predator_slot": 0,
      "target": 5
    },
    {
      "time": 27.8,
      "tracked_predator_slot": 0,
      "target": 9
    },
    {
      "time": 27.9,
      "tracked_predator_slot": 0,
      "target": 6
    },
    {
      "time": 28.0,
      "tracked_predator_slot": 0,
      "target": 2
    },
    {
      "time": 28.1,
      "tracked_predator_slot": 0,
      "target": 9
    },
    {
      "time": 28.5,
      "tracked_predator_slot": 0,
      "target": 6
    },
    {
      "time": 28.8,
      "tracked_predator_slot": 0,
      "target": 4
    },
    {
      "time": 28.9,
      "tracked_predator_slot": 0,
      "target": 1
    },
    {
      "time": 29.0,
      "tracked_predator_slot": 0,
      "target": 2
    },
    {
      "time": 29.3,
      "tracked_predator_slot": 0,
      "target": 5
    },
    {
      "time": 29.5,
      "tracked_predator_slot": 0,
      "target": 3
    },
    {
      "time": 29.6,
      "tracked_predator_slot": 0,
      "target": 5
    },
    {
      "time": 29.7,
      "tracked_predator_slot": 0,
      "target": 6
    },
    {
      "time": 30.0,
      "tracked_predator_slot": 0,
      "target": 3
    },
    {
      "time": 30.2,
      "tracked_predator_slot": 0,
      "target": 5
    },
    {
      "time": 30.3,
      "tracked_predator_slot": 0,
      "target": 4
    },
    {
      "time": 30.4,
      "tracked_predator_slot": 0,
      "target": 5
    },
    {
      "time": 31.1,
      "tracked_predator_slot": 0,
      "target": 4
    },
    {
      "time": 31.2,
      "tracked_predator_slot": 0,
      "target": 9
    },
    {
      "time": 31.4,
      "tracked_predator_slot": 0,
      "target": 4
    },
    {
      "time": 31.6,
      "tracked_predator_slot": 0,
      "target": 6
    },
    {
      "time": 31.7,
      "tracked_predator_slot": 0,
      "target": 5
    },
    {
      "time": 31.8,
      "tracked_predator_slot": 0,
      "target": 6
    },
    {
      "time": 31.9,
      "tracked_predator_slot": 0,
      "target": 8
    },
    {
      "time": 32.0,
      "tracked_predator_slot": 0,
      "target": 6
    },
    {
      "time": 32.1,
      "tracked_predator_slot": 0,
      "target": 1
    },
    {
      "time": 32.2,
      "tracked_predator_slot": 0,
      "target": 2
    },
    {
      "time": 32.3,
      "tracked_predator_slot": 0,
      "target": 9
    },
    {
      "time": 32.4,
      "tracked_predator_slot": 0,
      "target": 2
    },
    {
      "time": 32.5,
      "tracked_predator_slot": 0,
      "target": null
    },
    {
      "time": 32.6,
      "tracked_predator_slot": 0,
      "target": 3
    },
    {
      "time": 32.7,
      "tracked_predator_slot": 0,
      "target": null
    },
    {
      "time": 32.8,
      "tracked_predator_slot": 0,
      "target": 4
    },
    {
      "time": 32.9,
      "tracked_predator_slot": 0,
      "target": 2
    },
    {
      "time": 33.0,
      "tracked_predator_slot": 0,
      "target": 9
    },
    {
      "time": 33.2,
      "tracked_predator_slot": 0,
      "target": 3
    },
    {
      "time": 33.4,
      "tracked_predator_slot": 0,
      "target": 4
    },
    {
      "time": 33.5,
      "tracked_predator_slot": 0,
      "target": 9
    },
    {
      "time": 33.6,
      "tracked_predator_slot": 0,
      "target": 2
    },
    {
      "time": 33.9,
      "tracked_predator_slot": 0,
      "target": 4
    },
    {
      "time": 34.2,
      "tracked_predator_slot": 0,
      "target": 9
    },
    {
      "time": 34.3,
      "tracked_predator_slot": 0,
      "target": 4
    },
    {
      "time": 34.7,
      "tracked_predator_slot": 0,
      "target": 2
    },
    {
      "time": 34.9,
      "tracked_predator_slot": 0,
      "target": 3
    },
    {
      "time": 35.0,
      "tracked_predator_slot": 0,
      "target": 9
    },
    {
      "time": 35.1,
      "tracked_predator_slot": 0,
      "target": 3
    },
    {
      "time": 35.9,
      "tracked_predator_slot": 0,
      "target": 4
    },
    {
      "time": 36.0,
      "tracked_predator_slot": 0,
      "target": 9
    },
    {
      "time": 36.1,
      "tracked_predator_slot": 0,
      "target": 2
    },
    {
      "time": 36.3,
      "tracked_predator_slot": 0,
      "target": 4
    },
    {
      "time": 36.6,
      "tracked_predator_slot": 0,
      "target": 9
    },
    {
      "time": 36.8,
      "tracked_predator_slot": 0,
      "target": 4
    },
    {
      "time": 37.5,
      "tracked_predator_slot": 0,
      "target": 2
    },
    {
      "time": 37.7,
      "tracked_predator_slot": 0,
      "target": 9
    },
    {
      "time": 38.1,
      "tracked_predator_slot": 0,
      "target": 2
    },
    {
      "time": 38.3,
      "tracked_predator_slot": 0,
      "target": null
    },
    {
      "time": 38.7,
      "tracked_predator_slot": 0,
      "target": 3
    },
    {
      "time": 43.8,
      "tracked_predator_slot": 0,
      "target": 2
    },
    {
      "time": 43.9,
      "tracked_predator_slot": 0,
      "target": 9
    },
    {
      "time": 44.1,
      "tracked_predator_slot": 0,
      "target": 3
    },
    {
      "time": 44.2,
      "tracked_predator_slot": 0,
      "target": 9
    },
    {
      "time": 44.4,
      "tracked_predator_slot": 0,
      "target": 2
    },
    {
      "time": 44.5,
      "tracked_predator_slot": 0,
      "target": 9
    },
    {
      "time": 45.0,
      "tracked_predator_slot": 0,
      "target": 2
    },
    {
      "time": 45.1,
      "tracked_predator_slot": 0,
      "target": 9
    },
    {
      "time": 45.3,
      "tracked_predator_slot": 0,
      "target": 2
    },
    {
      "time": 45.4,
      "tracked_predator_slot": 0,
      "target": 9
    },
    {
      "time": 45.7,
      "tracked_predator_slot": 0,
      "target": 2
    },
    {
      "time": 45.9,
      "tracked_predator_slot": 0,
      "target": 3
    },
    {
      "time": 46.3,
      "tracked_predator_slot": 0,
      "target": 2
    },
    {
      "time": 46.4,
      "tracked_predator_slot": 0,
      "target": 9
    },
    {
      "time": 46.5,
      "tracked_predator_slot": 0,
      "target": 2
    },
    {
      "time": 46.6,
      "tracked_predator_slot": 0,
      "target": 3
    },
    {
      "time": 46.9,
      "tracked_predator_slot": 0,
      "target": 9
    },
    {
      "time": 47.0,
      "tracked_predator_slot": 0,
      "target": 2
    },
    {
      "time": 47.1,
      "tracked_predator_slot": 0,
      "target": 9
    },
    {
      "time": 47.2,
      "tracked_predator_slot": 0,
      "target": 2
    },
    {
      "time": 47.4,
      "tracked_predator_slot": 0,
      "target": 3
    },
    {
      "time": 47.9,
      "tracked_predator_slot": 0,
      "target": 2
    },
    {
      "time": 48.0,
      "tracked_predator_slot": 0,
      "target": 9
    },
    {
      "time": 48.3,
      "tracked_predator_slot": 0,
      "target": 2
    },
    {
      "time": 48.4,
      "tracked_predator_slot": 0,
      "target": 3
    },
    {
      "time": 49.2,
      "tracked_predator_slot": 0,
      "target": null
    },
    {
      "time": 49.6,
      "tracked_predator_slot": 0,
      "target": 3
    },
    {
      "time": 50.1,
      "tracked_predator_slot": 0,
      "target": 2
    },
    {
      "time": 50.2,
      "tracked_predator_slot": 0,
      "target": 3
    },
    {
      "time": 51.3,
      "tracked_predator_slot": 0,
      "target": "resting"
    },
    {
      "time": 54.8,
      "tracked_predator_slot": 0,
      "target": 9
    },
    {
      "time": 54.9,
      "tracked_predator_slot": 0,
      "target": 2
    },
    {
      "time": 55.4,
      "tracked_predator_slot": 0,
      "target": 9
    },
    {
      "time": 56.2,
      "tracked_predator_slot": 0,
      "target": 2
    },
    {
      "time": 56.3,
      "tracked_predator_slot": 0,
      "target": 9
    },
    {
      "time": 56.8,
      "tracked_predator_slot": 0,
      "target": 2
    },
    {
      "time": 57.1,
      "tracked_predator_slot": 0,
      "target": 9
    },
    {
      "time": 57.2,
      "tracked_predator_slot": 0,
      "target": 2
    },
    {
      "time": 57.5,
      "tracked_predator_slot": 0,
      "target": 3
    },
    {
      "time": 57.6,
      "tracked_predator_slot": 0,
      "target": 9
    },
    {
      "time": 57.7,
      "tracked_predator_slot": 0,
      "target": 2
    },
    {
      "time": 57.8,
      "tracked_predator_slot": 0,
      "target": 9
    },
    {
      "time": 57.9,
      "tracked_predator_slot": 0,
      "target": 2
    },
    {
      "time": 58.0,
      "tracked_predator_slot": 0,
      "target": 9
    },
    {
      "time": 58.2,
      "tracked_predator_slot": 0,
      "target": 3
    },
    {
      "time": 58.3,
      "tracked_predator_slot": 0,
      "target": 9
    },
    {
      "time": 58.5,
      "tracked_predator_slot": 0,
      "target": 3
    },
    {
      "time": 58.6,
      "tracked_predator_slot": 0,
      "target": 9
    },
    {
      "time": 58.8,
      "tracked_predator_slot": 0,
      "target": 2
    },
    {
      "time": 58.9,
      "tracked_predator_slot": 0,
      "target": 9
    },
    {
      "time": 61.4,
      "tracked_predator_slot": 0,
      "target": 2
    },
    {
      "time": 61.5,
      "tracked_predator_slot": 0,
      "target": 9
    },
    {
      "time": 61.7,
      "tracked_predator_slot": 0,
      "target": 2
    },
    {
      "time": 62.1,
      "tracked_predator_slot": 0,
      "target": 9
    },
    {
      "time": 62.2,
      "tracked_predator_slot": 0,
      "target": 2
    },
    {
      "time": 63.1,
      "tracked_predator_slot": 0,
      "target": 3
    },
    {
      "time": 63.2,
      "tracked_predator_slot": 0,
      "target": 2
    },
    {
      "time": 63.7,
      "tracked_predator_slot": 0,
      "target": "resting"
    },
    {
      "time": 67.2,
      "tracked_predator_slot": 0,
      "target": 9
    },
    {
      "time": 67.3,
      "tracked_predator_slot": 0,
      "target": 3
    },
    {
      "time": 67.4,
      "tracked_predator_slot": 0,
      "target": 2
    },
    {
      "time": 67.5,
      "tracked_predator_slot": 0,
      "target": 3
    },
    {
      "time": 67.6,
      "tracked_predator_slot": 0,
      "target": 2
    },
    {
      "time": 67.7,
      "tracked_predator_slot": 0,
      "target": 3
    },
    {
      "time": 68.3,
      "tracked_predator_slot": 0,
      "target": 9
    },
    {
      "time": 69.2,
      "tracked_predator_slot": 0,
      "target": 2
    },
    {
      "time": 69.7,
      "tracked_predator_slot": 0,
      "target": 3
    },
    {
      "time": 70.0,
      "tracked_predator_slot": 0,
      "target": 2
    },
    {
      "time": 70.1,
      "tracked_predator_slot": 0,
      "target": 3
    },
    {
      "time": 70.2,
      "tracked_predator_slot": 0,
      "target": 2
    },
    {
      "time": 70.4,
      "tracked_predator_slot": 0,
      "target": 3
    },
    {
      "time": 70.5,
      "tracked_predator_slot": 0,
      "target": 9
    },
    {
      "time": 70.6,
      "tracked_predator_slot": 0,
      "target": 3
    },
    {
      "time": 70.7,
      "tracked_predator_slot": 0,
      "target": 9
    },
    {
      "time": 70.8,
      "tracked_predator_slot": 0,
      "target": 3
    },
    {
      "time": 71.3,
      "tracked_predator_slot": 0,
      "target": 9
    },
    {
      "time": 71.4,
      "tracked_predator_slot": 0,
      "target": 3
    },
    {
      "time": 71.9,
      "tracked_predator_slot": 0,
      "target": 2
    },
    {
      "time": 72.0,
      "tracked_predator_slot": 0,
      "target": 9
    },
    {
      "time": 72.1,
      "tracked_predator_slot": 0,
      "target": 3
    },
    {
      "time": 73.0,
      "tracked_predator_slot": 0,
      "target": null
    },
    {
      "time": 73.1,
      "tracked_predator_slot": 0,
      "target": 2
    },
    {
      "time": 73.2,
      "tracked_predator_slot": 0,
      "target": 9
    },
    {
      "time": 73.3,
      "tracked_predator_slot": 0,
      "target": 2
    },
    {
      "time": 73.4,
      "tracked_predator_slot": 0,
      "target": 3
    },
    {
      "time": 73.5,
      "tracked_predator_slot": 0,
      "target": null
    },
    {
      "time": 73.6,
      "tracked_predator_slot": 0,
      "target": 3
    },
    {
      "time": 73.7,
      "tracked_predator_slot": 0,
      "target": 2
    },
    {
      "time": 73.9,
      "tracked_predator_slot": 0,
      "target": 9
    },
    {
      "time": 74.1,
      "tracked_predator_slot": 0,
      "target": 3
    },
    {
      "time": 74.4,
      "tracked_predator_slot": 0,
      "target": 2
    },
    {
      "time": 74.5,
      "tracked_predator_slot": 0,
      "target": 9
    },
    {
      "time": 74.7,
      "tracked_predator_slot": 0,
      "target": 2
    },
    {
      "time": 74.8,
      "tracked_predator_slot": 0,
      "target": 9
    },
    {
      "time": 74.9,
      "tracked_predator_slot": 0,
      "target": 3
    },
    {
      "time": 75.0,
      "tracked_predator_slot": 0,
      "target": null
    },
    {
      "time": 75.1,
      "tracked_predator_slot": 0,
      "target": 3
    },
    {
      "time": 75.2,
      "tracked_predator_slot": 0,
      "target": 9
    },
    {
      "time": 75.3,
      "tracked_predator_slot": 0,
      "target": 3
    },
    {
      "time": 75.6,
      "tracked_predator_slot": 0,
      "target": 9
    },
    {
      "time": 75.8,
      "tracked_predator_slot": 0,
      "target": 2
    },
    {
      "time": 75.9,
      "tracked_predator_slot": 0,
      "target": 3
    },
    {
      "time": 76.1,
      "tracked_predator_slot": 0,
      "target": 9
    },
    {
      "time": 76.2,
      "tracked_predator_slot": 0,
      "target": "resting"
    },
    {
      "time": 79.7,
      "tracked_predator_slot": 0,
      "target": 3
    },
    {
      "time": 80.3,
      "tracked_predator_slot": 0,
      "target": 9
    },
    {
      "time": 80.8,
      "tracked_predator_slot": 0,
      "target": 2
    },
    {
      "time": 80.9,
      "tracked_predator_slot": 0,
      "target": 9
    },
    {
      "time": 81.0,
      "tracked_predator_slot": 0,
      "target": 2
    },
    {
      "time": 81.1,
      "tracked_predator_slot": 0,
      "target": 9
    },
    {
      "time": 81.5,
      "tracked_predator_slot": 0,
      "target": 2
    },
    {
      "time": 81.9,
      "tracked_predator_slot": 0,
      "target": 3
    },
    {
      "time": 82.1,
      "tracked_predator_slot": 0,
      "target": 2
    },
    {
      "time": 82.3,
      "tracked_predator_slot": 0,
      "target": 9
    },
    {
      "time": 82.4,
      "tracked_predator_slot": 0,
      "target": 3
    },
    {
      "time": 82.5,
      "tracked_predator_slot": 0,
      "target": 9
    },
    {
      "time": 83.3,
      "tracked_predator_slot": 0,
      "target": 3
    },
    {
      "time": 83.7,
      "tracked_predator_slot": 0,
      "target": null
    },
    {
      "time": 83.8,
      "tracked_predator_slot": 0,
      "target": 3
    },
    {
      "time": 83.9,
      "tracked_predator_slot": 0,
      "target": null
    },
    {
      "time": 84.0,
      "tracked_predator_slot": 0,
      "target": 3
    },
    {
      "time": 84.3,
      "tracked_predator_slot": 0,
      "target": 2
    },
    {
      "time": 84.4,
      "tracked_predator_slot": 0,
      "target": 3
    },
    {
      "time": 84.5,
      "tracked_predator_slot": 0,
      "target": 9
    },
    {
      "time": 84.6,
      "tracked_predator_slot": 0,
      "target": 3
    },
    {
      "time": 87.0,
      "tracked_predator_slot": 0,
      "target": 2
    },
    {
      "time": 87.1,
      "tracked_predator_slot": 0,
      "target": 9
    },
    {
      "time": 87.2,
      "tracked_predator_slot": 0,
      "target": 2
    },
    {
      "time": 87.3,
      "tracked_predator_slot": 0,
      "target": 9
    },
    {
      "time": 87.4,
      "tracked_predator_slot": 0,
      "target": 2
    },
    {
      "time": 87.7,
      "tracked_predator_slot": 0,
      "target": 9
    },
    {
      "time": 87.8,
      "tracked_predator_slot": 0,
      "target": 2
    },
    {
      "time": 88.2,
      "tracked_predator_slot": 0,
      "target": 9
    },
    {
      "time": 88.3,
      "tracked_predator_slot": 0,
      "target": 2
    },
    {
      "time": 88.8,
      "tracked_predator_slot": 0,
      "target": "resting"
    },
    {
      "time": 92.3,
      "tracked_predator_slot": 0,
      "target": 3
    },
    {
      "time": 92.4,
      "tracked_predator_slot": 0,
      "target": 2
    },
    {
      "time": 92.7,
      "tracked_predator_slot": 0,
      "target": 9
    },
    {
      "time": 92.8,
      "tracked_predator_slot": 0,
      "target": 2
    },
    {
      "time": 93.9,
      "tracked_predator_slot": 0,
      "target": 9
    },
    {
      "time": 94.0,
      "tracked_predator_slot": 0,
      "target": 2
    },
    {
      "time": 94.1,
      "tracked_predator_slot": 0,
      "target": 9
    },
    {
      "time": 94.2,
      "tracked_predator_slot": 0,
      "target": 2
    },
    {
      "time": 94.3,
      "tracked_predator_slot": 0,
      "target": 9
    },
    {
      "time": 94.4,
      "tracked_predator_slot": 0,
      "target": null
    },
    {
      "time": 94.5,
      "tracked_predator_slot": 0,
      "target": 9
    },
    {
      "time": 94.7,
      "tracked_predator_slot": 0,
      "target": 2
    },
    {
      "time": 94.8,
      "tracked_predator_slot": 0,
      "target": 9
    },
    {
      "time": 95.1,
      "tracked_predator_slot": 0,
      "target": 2
    },
    {
      "time": 95.9,
      "tracked_predator_slot": 0,
      "target": 9
    },
    {
      "time": 96.2,
      "tracked_predator_slot": 0,
      "target": 3
    },
    {
      "time": 96.4,
      "tracked_predator_slot": 0,
      "target": 2
    },
    {
      "time": 96.8,
      "tracked_predator_slot": 0,
      "target": 3
    },
    {
      "time": 97.2,
      "tracked_predator_slot": 0,
      "target": 9
    },
    {
      "time": 97.3,
      "tracked_predator_slot": 0,
      "target": 3
    },
    {
      "time": 98.8,
      "tracked_predator_slot": 0,
      "target": 2
    },
    {
      "time": 98.9,
      "tracked_predator_slot": 0,
      "target": 3
    },
    {
      "time": 99.0,
      "tracked_predator_slot": 0,
      "target": 2
    },
    {
      "time": 99.1,
      "tracked_predator_slot": 0,
      "target": 9
    },
    {
      "time": 99.7,
      "tracked_predator_slot": 0,
      "target": 2
    },
    {
      "time": 99.8,
      "tracked_predator_slot": 0,
      "target": 3
    },
    {
      "time": 99.9,
      "tracked_predator_slot": 0,
      "target": 9
    },
    {
      "time": 100.0,
      "tracked_predator_slot": 0,
      "target": 2
    },
    {
      "time": 100.2,
      "tracked_predator_slot": 0,
      "target": 9
    },
    {
      "time": 100.3,
      "tracked_predator_slot": 0,
      "target": 3
    },
    {
      "time": 100.4,
      "tracked_predator_slot": 0,
      "target": 9
    },
    {
      "time": 100.8,
      "tracked_predator_slot": 0,
      "target": 3
    },
    {
      "time": 101.1,
      "tracked_predator_slot": 0,
      "target": 0
    },
    {
      "time": 101.3,
      "tracked_predator_slot": 0,
      "target": "resting"
    },
    {
      "time": 104.8,
      "tracked_predator_slot": 0,
      "target": 0
    },
    {
      "time": 113.8,
      "tracked_predator_slot": 0,
      "target": "resting"
    },
    {
      "time": 117.3,
      "tracked_predator_slot": 0,
      "target": 0
    },
    {
      "time": 126.6,
      "tracked_predator_slot": 0,
      "target": "resting"
    },
    {
      "time": 130.1,
      "tracked_predator_slot": 0,
      "target": 0
    },
    {
      "time": 139.4,
      "tracked_predator_slot": 0,
      "target": "resting"
    },
    {
      "time": 142.9,
      "tracked_predator_slot": 0,
      "target": 0
    },
    {
      "time": 152.2,
      "tracked_predator_slot": 0,
      "target": "resting"
    },
    {
      "time": 155.7,
      "tracked_predator_slot": 0,
      "target": 0
    },
    {
      "time": 165.0,
      "tracked_predator_slot": 0,
      "target": "resting"
    },
    {
      "time": 168.5,
      "tracked_predator_slot": 0,
      "target": 0
    },
    {
      "time": 177.7,
      "tracked_predator_slot": 0,
      "target": "resting"
    },
    {
      "time": 181.2,
      "tracked_predator_slot": 0,
      "target": 0
    },
    {
      "time": 190.5,
      "tracked_predator_slot": 0,
      "target": "resting"
    },
    {
      "time": 194.0,
      "tracked_predator_slot": 0,
      "target": 0
    },
    {
      "time": 203.3,
      "tracked_predator_slot": 0,
      "target": "resting"
    },
    {
      "time": 206.8,
      "tracked_predator_slot": 0,
      "target": 0
    },
    {
      "time": 216.0,
      "tracked_predator_slot": 0,
      "target": "resting"
    },
    {
      "time": 219.5,
      "tracked_predator_slot": 0,
      "target": 0
    },
    {
      "time": 228.5,
      "tracked_predator_slot": 0,
      "target": "resting"
    },
    {
      "time": 232.0,
      "tracked_predator_slot": 0,
      "target": 0
    },
    {
      "time": 241.3,
      "tracked_predator_slot": 0,
      "target": "resting"
    },
    {
      "time": 244.8,
      "tracked_predator_slot": 0,
      "target": 0
    },
    {
      "time": 254.0,
      "tracked_predator_slot": 0,
      "target": "resting"
    },
    {
      "time": 257.5,
      "tracked_predator_slot": 0,
      "target": 0
    },
    {
      "time": 266.5,
      "tracked_predator_slot": 0,
      "target": "resting"
    },
    {
      "time": 270.0,
      "tracked_predator_slot": 0,
      "target": 0
    },
    {
      "time": 279.2,
      "tracked_predator_slot": 0,
      "target": "resting"
    },
    {
      "time": 282.7,
      "tracked_predator_slot": 0,
      "target": 0
    },
    {
      "time": 291.7,
      "tracked_predator_slot": 0,
      "target": "resting"
    },
    {
      "time": 295.2,
      "tracked_predator_slot": 0,
      "target": 0
    }
  ],
  "guide_role_trace": [
    {
      "time": 0,
      "active_guide_id": 1
    },
    {
      "time": 8.8,
      "active_guide_id": 2
    },
    {
      "time": 9.2,
      "active_guide_id": 6
    },
    {
      "time": 9.6,
      "active_guide_id": 1
    },
    {
      "time": 9.7,
      "active_guide_id": 6
    },
    {
      "time": 9.8,
      "active_guide_id": 1
    },
    {
      "time": 10.1,
      "active_guide_id": 9
    },
    {
      "time": 10.2,
      "active_guide_id": 1
    },
    {
      "time": 10.3,
      "active_guide_id": 9
    },
    {
      "time": 10.4,
      "active_guide_id": 1
    },
    {
      "time": 10.6,
      "active_guide_id": 6
    },
    {
      "time": 10.8,
      "active_guide_id": 9
    },
    {
      "time": 11.0,
      "active_guide_id": 2
    },
    {
      "time": 11.1,
      "active_guide_id": 6
    },
    {
      "time": 12.4,
      "active_guide_id": 9
    },
    {
      "time": 12.5,
      "active_guide_id": 2
    },
    {
      "time": 12.6,
      "active_guide_id": 6
    },
    {
      "time": 12.8,
      "active_guide_id": 2
    },
    {
      "time": 12.9,
      "active_guide_id": 4
    },
    {
      "time": 13.0,
      "active_guide_id": 6
    },
    {
      "time": 13.9,
      "active_guide_id": 9
    },
    {
      "time": 14.9,
      "active_guide_id": 2
    },
    {
      "time": 15.1,
      "active_guide_id": 9
    },
    {
      "time": 19.5,
      "active_guide_id": 1
    },
    {
      "time": 20.2,
      "active_guide_id": 4
    },
    {
      "time": 20.4,
      "active_guide_id": 2
    },
    {
      "time": 20.5,
      "active_guide_id": 7
    },
    {
      "time": 21.0,
      "active_guide_id": 9
    },
    {
      "time": 21.1,
      "active_guide_id": 7
    },
    {
      "time": 21.2,
      "active_guide_id": 6
    },
    {
      "time": 21.5,
      "active_guide_id": 4
    },
    {
      "time": 21.8,
      "active_guide_id": 7
    },
    {
      "time": 21.9,
      "active_guide_id": 8
    },
    {
      "time": 22.0,
      "active_guide_id": 2
    },
    {
      "time": 22.3,
      "active_guide_id": 8
    },
    {
      "time": 22.4,
      "active_guide_id": 6
    },
    {
      "time": 22.5,
      "active_guide_id": 8
    },
    {
      "time": 22.6,
      "active_guide_id": 9
    },
    {
      "time": 22.7,
      "active_guide_id": 8
    },
    {
      "time": 23.1,
      "active_guide_id": 9
    },
    {
      "time": 23.2,
      "active_guide_id": 4
    },
    {
      "time": 23.4,
      "active_guide_id": 8
    },
    {
      "time": 23.5,
      "active_guide_id": 2
    },
    {
      "time": 24.7,
      "active_guide_id": 3
    },
    {
      "time": 24.8,
      "active_guide_id": 4
    },
    {
      "time": 24.9,
      "active_guide_id": 6
    },
    {
      "time": 25.3,
      "active_guide_id": 9
    },
    {
      "time": 25.6,
      "active_guide_id": 4
    },
    {
      "time": 25.9,
      "active_guide_id": 9
    },
    {
      "time": 26.2,
      "active_guide_id": 5
    },
    {
      "time": 26.7,
      "active_guide_id": 8
    },
    {
      "time": 26.8,
      "active_guide_id": 9
    },
    {
      "time": 26.9,
      "active_guide_id": 8
    },
    {
      "time": 27.1,
      "active_guide_id": 3
    },
    {
      "time": 27.7,
      "active_guide_id": 5
    },
    {
      "time": 27.9,
      "active_guide_id": 6
    },
    {
      "time": 28.9,
      "active_guide_id": 1
    },
    {
      "time": 29.4,
      "active_guide_id": 5
    },
    {
      "time": 29.5,
      "active_guide_id": 4
    },
    {
      "time": 29.6,
      "active_guide_id": 5
    },
    {
      "time": 29.7,
      "active_guide_id": 4
    },
    {
      "time": 29.8,
      "active_guide_id": 6
    },
    {
      "time": 31.2,
      "active_guide_id": 9
    },
    {
      "time": 31.7,
      "active_guide_id": 8
    },
    {
      "time": 31.8,
      "active_guide_id": 6
    },
    {
      "time": 31.9,
      "active_guide_id": 8
    },
    {
      "time": 32.0,
      "active_guide_id": 6
    },
    {
      "time": 32.1,
      "active_guide_id": 1
    },
    {
      "time": 32.2,
      "active_guide_id": 2
    },
    {
      "time": 32.5,
      "active_guide_id": 9
    },
    {
      "time": 32.6,
      "active_guide_id": 3
    },
    {
      "time": 32.7,
      "active_guide_id": 4
    },
    {
      "time": 32.9,
      "active_guide_id": 2
    },
    {
      "time": 33.0,
      "active_guide_id": 9
    },
    {
      "time": 34.7,
      "active_guide_id": 2
    },
    {
      "time": 35.0,
      "active_guide_id": 9
    },
    {
      "time": 35.2,
      "active_guide_id": 3
    },
    {
      "time": 36.1,
      "active_guide_id": 2
    },
    {
      "time": 36.3,
      "active_guide_id": 4
    },
    {
      "time": 37.5,
      "active_guide_id": 9
    },
    {
      "time": 38.4,
      "active_guide_id": 3
    },
    {
      "time": 43.9,
      "active_guide_id": 9
    },
    {
      "time": 44.1,
      "active_guide_id": 3
    },
    {
      "time": 44.2,
      "active_guide_id": 9
    },
    {
      "time": 45.9,
      "active_guide_id": 3
    },
    {
      "time": 46.4,
      "active_guide_id": 9
    },
    {
      "time": 46.6,
      "active_guide_id": 3
    },
    {
      "time": 47.0,
      "active_guide_id": 2
    },
    {
      "time": 47.1,
      "active_guide_id": 9
    },
    {
      "time": 47.4,
      "active_guide_id": 3
    },
    {
      "time": 51.6,
      "active_guide_id": 9
    },
    {
      "time": 57.5,
      "active_guide_id": 3
    },
    {
      "time": 57.8,
      "active_guide_id": 9
    },
    {
      "time": 58.5,
      "active_guide_id": 3
    },
    {
      "time": 59.6,
      "active_guide_id": 9
    },
    {
      "time": 61.7,
      "active_guide_id": 2
    },
    {
      "time": 63.0,
      "active_guide_id": 9
    },
    {
      "time": 70.8,
      "active_guide_id": 3
    },
    {
      "time": 73.0,
      "active_guide_id": 2
    },
    {
      "time": 73.2,
      "active_guide_id": 9
    },
    {
      "time": 73.3,
      "active_guide_id": 3
    },
    {
      "time": 73.8,
      "active_guide_id": 2
    },
    {
      "time": 73.9,
      "active_guide_id": 9
    },
    {
      "time": 74.2,
      "active_guide_id": 3
    },
    {
      "time": 74.4,
      "active_guide_id": 2
    },
    {
      "time": 74.5,
      "active_guide_id": 9
    },
    {
      "time": 74.7,
      "active_guide_id": 3
    },
    {
      "time": 75.2,
      "active_guide_id": 9
    },
    {
      "time": 75.3,
      "active_guide_id": 3
    },
    {
      "time": 76.1,
      "active_guide_id": 9
    },
    {
      "time": 76.2,
      "active_guide_id": 3
    },
    {
      "time": 76.4,
      "active_guide_id": 9
    },
    {
      "time": 76.6,
      "active_guide_id": 2
    },
    {
      "time": 76.7,
      "active_guide_id": 3
    },
    {
      "time": 76.8,
      "active_guide_id": 9
    },
    {
      "time": 77.5,
      "active_guide_id": 2
    },
    {
      "time": 79.9,
      "active_guide_id": 3
    },
    {
      "time": 80.6,
      "active_guide_id": 9
    },
    {
      "time": 81.5,
      "active_guide_id": 2
    },
    {
      "time": 82.3,
      "active_guide_id": 9
    },
    {
      "time": 82.4,
      "active_guide_id": 3
    },
    {
      "time": 82.6,
      "active_guide_id": 9
    },
    {
      "time": 83.3,
      "active_guide_id": 3
    },
    {
      "time": 84.3,
      "active_guide_id": 2
    },
    {
      "time": 84.5,
      "active_guide_id": 9
    },
    {
      "time": 84.7,
      "active_guide_id": 3
    },
    {
      "time": 85.7,
      "active_guide_id": 9
    },
    {
      "time": 85.8,
      "active_guide_id": 3
    },
    {
      "time": 86.1,
      "active_guide_id": 9
    },
    {
      "time": 86.3,
      "active_guide_id": 2
    },
    {
      "time": 86.5,
      "active_guide_id": 3
    },
    {
      "time": 86.6,
      "active_guide_id": 2
    },
    {
      "time": 86.7,
      "active_guide_id": 3
    },
    {
      "time": 87.0,
      "active_guide_id": 2
    },
    {
      "time": 87.1,
      "active_guide_id": 9
    },
    {
      "time": 87.2,
      "active_guide_id": 2
    },
    {
      "time": 87.3,
      "active_guide_id": 9
    },
    {
      "time": 87.4,
      "active_guide_id": 2
    },
    {
      "time": 87.9,
      "active_guide_id": 3
    },
    {
      "time": 88.0,
      "active_guide_id": 2
    },
    {
      "time": 88.1,
      "active_guide_id": 3
    },
    {
      "time": 88.4,
      "active_guide_id": 2
    },
    {
      "time": 88.6,
      "active_guide_id": 3
    },
    {
      "time": 88.7,
      "active_guide_id": 2
    },
    {
      "time": 89.0,
      "active_guide_id": 3
    },
    {
      "time": 92.9,
      "active_guide_id": 2
    },
    {
      "time": 94.0,
      "active_guide_id": 3
    },
    {
      "time": 94.5,
      "active_guide_id": 9
    },
    {
      "time": 94.9,
      "active_guide_id": 3
    },
    {
      "time": 95.2,
      "active_guide_id": 2
    },
    {
      "time": 95.6,
      "active_guide_id": 3
    },
    {
      "time": 96.4,
      "active_guide_id": 2
    },
    {
      "time": 96.8,
      "active_guide_id": 3
    },
    {
      "time": 98.8,
      "active_guide_id": 2
    },
    {
      "time": 98.9,
      "active_guide_id": 3
    },
    {
      "time": 99.0,
      "active_guide_id": 2
    },
    {
      "time": 99.2,
      "active_guide_id": 9
    },
    {
      "time": 100.0,
      "active_guide_id": 2
    },
    {
      "time": 100.3,
      "active_guide_id": 3
    },
    {
      "time": 100.4,
      "active_guide_id": 9
    },
    {
      "time": 100.8,
      "active_guide_id": 3
    },
    {
      "time": 101.5,
      "active_guide_id": 2
    },
    {
      "time": 101.6,
      "active_guide_id": 9
    },
    {
      "time": 101.7,
      "active_guide_id": 3
    },
    {
      "time": 103.5,
      "active_guide_id": 9
    }
  ],
  "guide_follow_trace": [
    {
      "time": 0.1,
      "active_guide_id": 1,
      "tracked_predator_slot": 0
    },
    {
      "time": 8.9,
      "active_guide_id": 2,
      "tracked_predator_slot": 0
    },
    {
      "time": 10.9,
      "active_guide_id": 9,
      "tracked_predator_slot": 0
    },
    {
      "time": 11.2,
      "active_guide_id": 6,
      "tracked_predator_slot": 0
    },
    {
      "time": 13.1,
      "active_guide_id": 6,
      "tracked_predator_slot": 0
    },
    {
      "time": 14.0,
      "active_guide_id": 9,
      "tracked_predator_slot": 0
    },
    {
      "time": 19.6,
      "active_guide_id": 1,
      "tracked_predator_slot": 0
    },
    {
      "time": 20.6,
      "active_guide_id": 7,
      "tracked_predator_slot": 0
    },
    {
      "time": 21.2,
      "active_guide_id": 7,
      "tracked_predator_slot": 0
    },
    {
      "time": 22.1,
      "active_guide_id": 2,
      "tracked_predator_slot": 0
    },
    {
      "time": 22.9,
      "active_guide_id": 8,
      "tracked_predator_slot": 0
    },
    {
      "time": 23.3,
      "active_guide_id": 4,
      "tracked_predator_slot": 0
    },
    {
      "time": 23.6,
      "active_guide_id": 2,
      "tracked_predator_slot": 0
    },
    {
      "time": 25.0,
      "active_guide_id": 6,
      "tracked_predator_slot": 0
    },
    {
      "time": 25.7,
      "active_guide_id": 4,
      "tracked_predator_slot": 0
    },
    {
      "time": 26.0,
      "active_guide_id": 9,
      "tracked_predator_slot": 0
    },
    {
      "time": 27.2,
      "active_guide_id": 3,
      "tracked_predator_slot": 0
    },
    {
      "time": 28.5,
      "active_guide_id": 6,
      "tracked_predator_slot": 0
    },
    {
      "time": 29.9,
      "active_guide_id": 6,
      "tracked_predator_slot": 0
    },
    {
      "time": 31.3,
      "active_guide_id": 9,
      "tracked_predator_slot": 0
    },
    {
      "time": 32.4,
      "active_guide_id": 2,
      "tracked_predator_slot": 0
    },
    {
      "time": 32.8,
      "active_guide_id": 4,
      "tracked_predator_slot": 0
    },
    {
      "time": 33.1,
      "active_guide_id": 9,
      "tracked_predator_slot": 0
    },
    {
      "time": 34.8,
      "active_guide_id": 2,
      "tracked_predator_slot": 0
    },
    {
      "time": 35.3,
      "active_guide_id": 3,
      "tracked_predator_slot": 0
    },
    {
      "time": 36.2,
      "active_guide_id": 2,
      "tracked_predator_slot": 0
    },
    {
      "time": 36.4,
      "active_guide_id": 4,
      "tracked_predator_slot": 0
    },
    {
      "time": 37.7,
      "active_guide_id": 9,
      "tracked_predator_slot": 0
    },
    {
      "time": 38.7,
      "active_guide_id": 3,
      "tracked_predator_slot": 0
    },
    {
      "time": 44.0,
      "active_guide_id": 9,
      "tracked_predator_slot": 0
    },
    {
      "time": 44.3,
      "active_guide_id": 9,
      "tracked_predator_slot": 0
    },
    {
      "time": 46.0,
      "active_guide_id": 3,
      "tracked_predator_slot": 0
    },
    {
      "time": 46.7,
      "active_guide_id": 3,
      "tracked_predator_slot": 0
    },
    {
      "time": 47.5,
      "active_guide_id": 3,
      "tracked_predator_slot": 0
    },
    {
      "time": 54.8,
      "active_guide_id": 9,
      "tracked_predator_slot": 0
    },
    {
      "time": 58.0,
      "active_guide_id": 9,
      "tracked_predator_slot": 0
    },
    {
      "time": 59.7,
      "active_guide_id": 9,
      "tracked_predator_slot": 0
    },
    {
      "time": 61.8,
      "active_guide_id": 2,
      "tracked_predator_slot": 0
    },
    {
      "time": 67.2,
      "active_guide_id": 9,
      "tracked_predator_slot": 0
    },
    {
      "time": 70.9,
      "active_guide_id": 3,
      "tracked_predator_slot": 0
    },
    {
      "time": 73.1,
      "active_guide_id": 2,
      "tracked_predator_slot": 0
    },
    {
      "time": 73.4,
      "active_guide_id": 3,
      "tracked_predator_slot": 0
    },
    {
      "time": 74.0,
      "active_guide_id": 9,
      "tracked_predator_slot": 0
    },
    {
      "time": 74.3,
      "active_guide_id": 3,
      "tracked_predator_slot": 0
    },
    {
      "time": 74.6,
      "active_guide_id": 9,
      "tracked_predator_slot": 0
    },
    {
      "time": 74.9,
      "active_guide_id": 3,
      "tracked_predator_slot": 0
    },
    {
      "time": 75.4,
      "active_guide_id": 3,
      "tracked_predator_slot": 0
    },
    {
      "time": 80.0,
      "active_guide_id": 3,
      "tracked_predator_slot": 0
    },
    {
      "time": 80.7,
      "active_guide_id": 9,
      "tracked_predator_slot": 0
    },
    {
      "time": 81.6,
      "active_guide_id": 2,
      "tracked_predator_slot": 0
    },
    {
      "time": 82.7,
      "active_guide_id": 9,
      "tracked_predator_slot": 0
    },
    {
      "time": 83.4,
      "active_guide_id": 3,
      "tracked_predator_slot": 0
    },
    {
      "time": 84.8,
      "active_guide_id": 3,
      "tracked_predator_slot": 0
    },
    {
      "time": 85.9,
      "active_guide_id": 3,
      "tracked_predator_slot": 0
    },
    {
      "time": 86.6,
      "active_guide_id": 3,
      "tracked_predator_slot": 0
    },
    {
      "time": 86.8,
      "active_guide_id": 3,
      "tracked_predator_slot": 0
    },
    {
      "time": 87.5,
      "active_guide_id": 2,
      "tracked_predator_slot": 0
    },
    {
      "time": 88.1,
      "active_guide_id": 2,
      "tracked_predator_slot": 0
    },
    {
      "time": 88.5,
      "active_guide_id": 2,
      "tracked_predator_slot": 0
    },
    {
      "time": 92.3,
      "active_guide_id": 3,
      "tracked_predator_slot": 0
    },
    {
      "time": 93.0,
      "active_guide_id": 2,
      "tracked_predator_slot": 0
    },
    {
      "time": 94.6,
      "active_guide_id": 9,
      "tracked_predator_slot": 0
    },
    {
      "time": 95.3,
      "active_guide_id": 2,
      "tracked_predator_slot": 0
    },
    {
      "time": 96.2,
      "active_guide_id": 3,
      "tracked_predator_slot": 0
    },
    {
      "time": 96.5,
      "active_guide_id": 2,
      "tracked_predator_slot": 0
    },
    {
      "time": 96.9,
      "active_guide_id": 3,
      "tracked_predator_slot": 0
    },
    {
      "time": 99.3,
      "active_guide_id": 9,
      "tracked_predator_slot": 0
    },
    {
      "time": 100.1,
      "active_guide_id": 2,
      "tracked_predator_slot": 0
    },
    {
      "time": 100.5,
      "active_guide_id": 9,
      "tracked_predator_slot": 0
    },
    {
      "time": 100.9,
      "active_guide_id": 3,
      "tracked_predator_slot": 0
    }
  ],
  "guide_role": "child",
  "parent_role": "gather_evade",
  "child_role": "guide",
  "active_guide_id_final": 9,
  "active_guide_alive_final": true,
  "guide_role_ids": [
    1,
    2,
    3,
    4,
    5,
    6,
    7,
    8,
    9
  ],
  "bait_deployed_at": 0.1,
  "policy_bait_ready_final": false,
  "bait_left_after_deployment": null,
  "final_bait_distance_to_goal": 0.0,
  "first_guide_predator_observation": 0.2,
  "first_predator_following_guide": 0.1,
  "first_predator_following_active_guide": null,
  "tracked_seen_by_guide": 1,
  "tracked_followed_active_guide": 0,
  "physical_entered": 1,
  "guided_delivered": 0,
  "physical_losses_after_delivery": 0,
  "target_losses_after_delivery": 0,
  "physical_entry_times": [
    100.5
  ],
  "guided_delivery_times": [
    null
  ],
  "loss_times": [
    null
  ],
  "target_loss_times": [
    null
  ],
  "tail_seconds": 30.0,
  "tail_physical_min": 1,
  "tail_contained_min": 1,
  "final_distance_from_mouth": [
    13.9137
  ],
  "max_distance_after_delivery": [
    0.0
  ],
  "policy_events": [
    {
      "time": 8.7,
      "kind": "emergency_reserve_budget_enabled",
      "observed_distance": 39.0768,
      "blocked_escape_cone": false,
      "close_wall": true,
      "agent_id": 1
    },
    {
      "time": 8.7,
      "kind": "bounded_emergency_reserve_birth",
      "parent_id": 1,
      "request_number": 1,
      "observed_distance": 39.0768
    },
    {
      "time": 8.8,
      "kind": "native_backup_registered",
      "agent_id": 2
    },
    {
      "time": 8.8,
      "kind": "public_dto_active_guide",
      "agent_id": 2,
      "reason": "minimum_observed_predator_distance_hysteresis"
    },
    {
      "time": 8.8,
      "kind": "bounded_emergency_reserve_birth",
      "parent_id": 1,
      "request_number": 2,
      "observed_distance": 45.7939
    },
    {
      "time": 8.9,
      "kind": "native_backup_registered",
      "agent_id": 3
    },
    {
      "time": 8.9,
      "kind": "bounded_emergency_reserve_birth",
      "parent_id": 3,
      "request_number": 3,
      "observed_distance": 46.7434
    },
    {
      "time": 9.0,
      "kind": "native_backup_registered",
      "agent_id": 4
    },
    {
      "time": 9.0,
      "kind": "bounded_emergency_reserve_birth",
      "parent_id": 3,
      "request_number": 4,
      "observed_distance": 69.3835
    },
    {
      "time": 9.1,
      "kind": "native_backup_registered",
      "agent_id": 5
    },
    {
      "time": 9.1,
      "kind": "bounded_emergency_reserve_birth",
      "parent_id": 1,
      "request_number": 5,
      "observed_distance": 49.9331
    },
    {
      "time": 9.2,
      "kind": "native_backup_registered",
      "agent_id": 6
    },
    {
      "time": 9.2,
      "kind": "public_dto_active_guide",
      "agent_id": 6,
      "reason": "minimum_observed_predator_distance_hysteresis"
    },
    {
      "time": 9.2,
      "kind": "bounded_emergency_reserve_birth",
      "parent_id": 1,
      "request_number": 6,
      "observed_distance": 47.505
    },
    {
      "time": 9.3,
      "kind": "native_backup_registered",
      "agent_id": 7
    },
    {
      "time": 9.3,
      "kind": "bounded_emergency_reserve_birth",
      "parent_id": 1,
      "request_number": 7,
      "observed_distance": 68.943
    },
    {
      "time": 9.4,
      "kind": "native_backup_registered",
      "agent_id": 8
    },
    {
      "time": 9.4,
      "kind": "bounded_emergency_reserve_birth",
      "parent_id": 2,
      "request_number": 8,
      "observed_distance": 66.6603
    },
    {
      "time": 9.5,
      "kind": "native_backup_registered",
      "agent_id": 9
    },
    {
      "time": 9.6,
      "kind": "public_dto_active_guide",
      "agent_id": 1,
      "reason": "minimum_observed_predator_distance_hysteresis"
    },
    {
      "time": 9.7,
      "kind": "public_dto_active_guide",
      "agent_id": 6,
      "reason": "minimum_observed_predator_distance_hysteresis"
    },
    {
      "time": 9.8,
      "kind": "public_dto_active_guide",
      "agent_id": 1,
      "reason": "minimum_observed_predator_distance_hysteresis"
    },
    {
      "time": 10.1,
      "kind": "public_dto_active_guide",
      "agent_id": 9,
      "reason": "minimum_observed_predator_distance_hysteresis"
    },
    {
      "time": 10.2,
      "kind": "public_dto_active_guide",
      "agent_id": 1,
      "reason": "minimum_observed_predator_distance_hysteresis"
    },
    {
      "time": 10.3,
      "kind": "public_dto_active_guide",
      "agent_id": 9,
      "reason": "minimum_observed_predator_distance_hysteresis"
    },
    {
      "time": 10.4,
      "kind": "public_dto_active_guide",
      "agent_id": 1,
      "reason": "minimum_observed_predator_distance_hysteresis"
    },
    {
      "time": 10.6,
      "kind": "public_dto_active_guide",
      "agent_id": 6,
      "reason": "minimum_observed_predator_distance_hysteresis"
    },
    {
      "time": 10.8,
      "kind": "public_dto_active_guide",
      "agent_id": 9,
      "reason": "minimum_observed_predator_distance_hysteresis"
    },
    {
      "time": 11.0,
      "kind": "public_dto_active_guide",
      "agent_id": 2,
      "reason": "minimum_observed_predator_distance_hysteresis"
    },
    {
      "time": 11.1,
      "kind": "public_dto_active_guide",
      "agent_id": 6,
      "reason": "minimum_observed_predator_distance_hysteresis"
    },
    {
      "time": 12.4,
      "kind": "public_dto_active_guide",
      "agent_id": 9,
      "reason": "minimum_observed_predator_distance_hysteresis"
    },
    {
      "time": 12.5,
      "kind": "public_dto_active_guide",
      "agent_id": 2,
      "reason": "minimum_observed_predator_distance_hysteresis"
    },
    {
      "time": 12.6,
      "kind": "public_dto_active_guide",
      "agent_id": 6,
      "reason": "minimum_observed_predator_distance_hysteresis"
    },
    {
      "time": 12.8,
      "kind": "public_dto_active_guide",
      "agent_id": 2,
      "reason": "minimum_observed_predator_distance_hysteresis"
    },
    {
      "time": 12.9,
      "kind": "public_dto_active_guide",
      "agent_id": 4,
      "reason": "minimum_observed_predator_distance_hysteresis"
    },
    {
      "time": 13.0,
      "kind": "public_dto_active_guide",
      "agent_id": 6,
      "reason": "minimum_observed_predator_distance_hysteresis"
    },
    {
      "time": 13.9,
      "kind": "public_dto_active_guide",
      "agent_id": 9,
      "reason": "minimum_observed_predator_distance_hysteresis"
    },
    {
      "time": 14.9,
      "kind": "public_dto_active_guide",
      "agent_id": 2,
      "reason": "minimum_observed_predator_distance_hysteresis"
    },
    {
      "time": 15.1,
      "kind": "public_dto_active_guide",
      "agent_id": 9,
      "reason": "minimum_observed_predator_distance_hysteresis"
    },
    {
      "time": 19.5,
      "kind": "public_dto_active_guide",
      "agent_id": 1,
      "reason": "minimum_observed_predator_distance_hysteresis"
    },
    {
      "time": 20.2,
      "kind": "public_dto_active_guide",
      "agent_id": 4,
      "reason": "minimum_observed_predator_distance_hysteresis"
    },
    {
      "time": 20.4,
      "kind": "public_dto_active_guide",
      "agent_id": 2,
      "reason": "minimum_observed_predator_distance_hysteresis"
    },
    {
      "time": 20.5,
      "kind": "public_dto_active_guide",
      "agent_id": 7,
      "reason": "minimum_observed_predator_distance_hysteresis"
    },
    {
      "time": 21.0,
      "kind": "public_dto_active_guide",
      "agent_id": 9,
      "reason": "minimum_observed_predator_distance_hysteresis"
    },
    {
      "time": 21.1,
      "kind": "public_dto_active_guide",
      "agent_id": 7,
      "reason": "minimum_observed_predator_distance_hysteresis"
    },
    {
      "time": 21.2,
      "kind": "public_dto_active_guide",
      "agent_id": 6,
      "reason": "minimum_observed_predator_distance_hysteresis"
    },
    {
      "time": 21.5,
      "kind": "public_dto_active_guide",
      "agent_id": 4,
      "reason": "minimum_observed_predator_distance_hysteresis"
    },
    {
      "time": 21.8,
      "kind": "public_dto_active_guide",
      "agent_id": 7,
      "reason": "minimum_observed_predator_distance_hysteresis"
    },
    {
      "time": 21.9,
      "kind": "public_dto_active_guide",
      "agent_id": 8,
      "reason": "minimum_observed_predator_distance_hysteresis"
    },
    {
      "time": 22.0,
      "kind": "public_dto_active_guide",
      "agent_id": 2,
      "reason": "minimum_observed_predator_distance_hysteresis"
    },
    {
      "time": 22.3,
      "kind": "public_dto_active_guide",
      "agent_id": 8,
      "reason": "minimum_observed_predator_distance_hysteresis"
    },
    {
      "time": 22.4,
      "kind": "public_dto_active_guide",
      "agent_id": 6,
      "reason": "minimum_observed_predator_distance_hysteresis"
    },
    {
      "time": 22.5,
      "kind": "public_dto_active_guide",
      "agent_id": 8,
      "reason": "minimum_observed_predator_distance_hysteresis"
    },
    {
      "time": 22.6,
      "kind": "public_dto_active_guide",
      "agent_id": 9,
      "reason": "minimum_observed_predator_distance_hysteresis"
    },
    {
      "time": 22.7,
      "kind": "public_dto_active_guide",
      "agent_id": 8,
      "reason": "minimum_observed_predator_distance_hysteresis"
    },
    {
      "time": 23.1,
      "kind": "public_dto_active_guide",
      "agent_id": 9,
      "reason": "minimum_observed_predator_distance_hysteresis"
    },
    {
      "time": 23.2,
      "kind": "public_dto_active_guide",
      "agent_id": 4,
      "reason": "minimum_observed_predator_distance_hysteresis"
    },
    {
      "time": 23.4,
      "kind": "public_dto_active_guide",
      "agent_id": 8,
      "reason": "minimum_observed_predator_distance_hysteresis"
    },
    {
      "time": 23.5,
      "kind": "public_dto_active_guide",
      "agent_id": 2,
      "reason": "minimum_observed_predator_distance_hysteresis"
    },
    {
      "time": 24.7,
      "kind": "public_dto_active_guide",
      "agent_id": 3,
      "reason": "minimum_observed_predator_distance_hysteresis"
    },
    {
      "time": 24.8,
      "kind": "public_dto_active_guide",
      "agent_id": 4,
      "reason": "minimum_observed_predator_distance_hysteresis"
    },
    {
      "time": 24.9,
      "kind": "public_dto_active_guide",
      "agent_id": 6,
      "reason": "minimum_observed_predator_distance_hysteresis"
    },
    {
      "time": 25.3,
      "kind": "public_dto_active_guide",
      "agent_id": 9,
      "reason": "minimum_observed_predator_distance_hysteresis"
    },
    {
      "time": 25.6,
      "kind": "public_dto_active_guide",
      "agent_id": 4,
      "reason": "minimum_observed_predator_distance_hysteresis"
    },
    {
      "time": 25.9,
      "kind": "public_dto_active_guide",
      "agent_id": 9,
      "reason": "minimum_observed_predator_distance_hysteresis"
    },
    {
      "time": 26.2,
      "kind": "public_dto_active_guide",
      "agent_id": 5,
      "reason": "minimum_observed_predator_distance_hysteresis"
    },
    {
      "time": 26.7,
      "kind": "public_dto_active_guide",
      "agent_id": 8,
      "reason": "minimum_observed_predator_distance_hysteresis"
    },
    {
      "time": 26.8,
      "kind": "public_dto_active_guide",
      "agent_id": 9,
      "reason": "minimum_observed_predator_distance_hysteresis"
    },
    {
      "time": 26.9,
      "kind": "public_dto_active_guide",
      "agent_id": 8,
      "reason": "minimum_observed_predator_distance_hysteresis"
    },
    {
      "time": 27.1,
      "kind": "public_dto_active_guide",
      "agent_id": 3,
      "reason": "minimum_observed_predator_distance_hysteresis"
    },
    {
      "time": 27.7,
      "kind": "public_dto_active_guide",
      "agent_id": 5,
      "reason": "minimum_observed_predator_distance_hysteresis"
    },
    {
      "time": 27.9,
      "kind": "public_dto_active_guide",
      "agent_id": 6,
      "reason": "minimum_observed_predator_distance_hysteresis"
    },
    {
      "time": 28.9,
      "kind": "public_dto_active_guide",
      "agent_id": 1,
      "reason": "minimum_observed_predator_distance_hysteresis"
    },
    {
      "time": 29.4,
      "kind": "public_dto_active_guide",
      "agent_id": 5,
      "reason": "minimum_observed_predator_distance_hysteresis"
    },
    {
      "time": 29.5,
      "kind": "public_dto_active_guide",
      "agent_id": 4,
      "reason": "minimum_observed_predator_distance_hysteresis"
    },
    {
      "time": 29.6,
      "kind": "public_dto_active_guide",
      "agent_id": 5,
      "reason": "minimum_observed_predator_distance_hysteresis"
    },
    {
      "time": 29.7,
      "kind": "public_dto_active_guide",
      "agent_id": 4,
      "reason": "minimum_observed_predator_distance_hysteresis"
    },
    {
      "time": 29.8,
      "kind": "public_dto_active_guide",
      "agent_id": 6,
      "reason": "minimum_observed_predator_distance_hysteresis"
    },
    {
      "time": 31.2,
      "kind": "public_dto_active_guide",
      "agent_id": 9,
      "reason": "minimum_observed_predator_distance_hysteresis"
    },
    {
      "time": 31.7,
      "kind": "public_dto_active_guide",
      "agent_id": 8,
      "reason": "minimum_observed_predator_distance_hysteresis"
    },
    {
      "time": 31.8,
      "kind": "public_dto_active_guide",
      "agent_id": 6,
      "reason": "minimum_observed_predator_distance_hysteresis"
    },
    {
      "time": 31.9,
      "kind": "public_dto_active_guide",
      "agent_id": 8,
      "reason": "minimum_observed_predator_distance_hysteresis"
    },
    {
      "time": 32.0,
      "kind": "public_dto_active_guide",
      "agent_id": 6,
      "reason": "minimum_observed_predator_distance_hysteresis"
    },
    {
      "time": 32.1,
      "kind": "public_dto_active_guide",
      "agent_id": 1,
      "reason": "minimum_observed_predator_distance_hysteresis"
    },
    {
      "time": 32.2,
      "kind": "public_dto_active_guide",
      "agent_id": 2,
      "reason": "minimum_observed_predator_distance_hysteresis"
    },
    {
      "time": 32.5,
      "kind": "public_dto_active_guide",
      "agent_id": 9,
      "reason": "minimum_observed_predator_distance_hysteresis"
    },
    {
      "time": 32.6,
      "kind": "public_dto_active_guide",
      "agent_id": 3,
      "reason": "minimum_observed_predator_distance_hysteresis"
    },
    {
      "time": 32.7,
      "kind": "public_dto_active_guide",
      "agent_id": 4,
      "reason": "minimum_observed_predator_distance_hysteresis"
    },
    {
      "time": 32.9,
      "kind": "public_dto_active_guide",
      "agent_id": 2,
      "reason": "minimum_observed_predator_distance_hysteresis"
    },
    {
      "time": 33.0,
      "kind": "public_dto_active_guide",
      "agent_id": 9,
      "reason": "minimum_observed_predator_distance_hysteresis"
    },
    {
      "time": 34.7,
      "kind": "public_dto_active_guide",
      "agent_id": 2,
      "reason": "minimum_observed_predator_distance_hysteresis"
    },
    {
      "time": 35.0,
      "kind": "public_dto_active_guide",
      "agent_id": 9,
      "reason": "minimum_observed_predator_distance_hysteresis"
    },
    {
      "time": 35.2,
      "kind": "public_dto_active_guide",
      "agent_id": 3,
      "reason": "minimum_observed_predator_distance_hysteresis"
    },
    {
      "time": 36.1,
      "kind": "public_dto_active_guide",
      "agent_id": 2,
      "reason": "minimum_observed_predator_distance_hysteresis"
    },
    {
      "time": 36.3,
      "kind": "public_dto_active_guide",
      "agent_id": 4,
      "reason": "minimum_observed_predator_distance_hysteresis"
    },
    {
      "time": 37.5,
      "kind": "public_dto_active_guide",
      "agent_id": 9,
      "reason": "minimum_observed_predator_distance_hysteresis"
    },
    {
      "time": 38.4,
      "kind": "public_dto_active_guide",
      "agent_id": 3,
      "reason": "minimum_observed_predator_distance_hysteresis"
    },
    {
      "time": 43.9,
      "kind": "public_dto_active_guide",
      "agent_id": 9,
      "reason": "minimum_observed_predator_distance_hysteresis"
    },
    {
      "time": 44.1,
      "kind": "public_dto_active_guide",
      "agent_id": 3,
      "reason": "minimum_observed_predator_distance_hysteresis"
    },
    {
      "time": 44.2,
      "kind": "public_dto_active_guide",
      "agent_id": 9,
      "reason": "minimum_observed_predator_distance_hysteresis"
    },
    {
      "time": 45.9,
      "kind": "public_dto_active_guide",
      "agent_id": 3,
      "reason": "minimum_observed_predator_distance_hysteresis"
    },
    {
      "time": 46.4,
      "kind": "public_dto_active_guide",
      "agent_id": 9,
      "reason": "minimum_observed_predator_distance_hysteresis"
    },
    {
      "time": 46.6,
      "kind": "public_dto_active_guide",
      "agent_id": 3,
      "reason": "minimum_observed_predator_distance_hysteresis"
    },
    {
      "time": 47.0,
      "kind": "public_dto_active_guide",
      "agent_id": 2,
      "reason": "minimum_observed_predator_distance_hysteresis"
    },
    {
      "time": 47.1,
      "kind": "public_dto_active_guide",
      "agent_id": 9,
      "reason": "minimum_observed_predator_distance_hysteresis"
    },
    {
      "time": 47.4,
      "kind": "public_dto_active_guide",
      "agent_id": 3,
      "reason": "minimum_observed_predator_distance_hysteresis"
    },
    {
      "time": 51.6,
      "kind": "public_dto_active_guide",
      "agent_id": 9,
      "reason": "minimum_observed_predator_distance_hysteresis"
    },
    {
      "time": 57.5,
      "kind": "public_dto_active_guide",
      "agent_id": 3,
      "reason": "minimum_observed_predator_distance_hysteresis"
    },
    {
      "time": 57.8,
      "kind": "public_dto_active_guide",
      "agent_id": 9,
      "reason": "minimum_observed_predator_distance_hysteresis"
    },
    {
      "time": 58.5,
      "kind": "public_dto_active_guide",
      "agent_id": 3,
      "reason": "minimum_observed_predator_distance_hysteresis"
    },
    {
      "time": 59.6,
      "kind": "public_dto_active_guide",
      "agent_id": 9,
      "reason": "minimum_observed_predator_distance_hysteresis"
    },
    {
      "time": 61.7,
      "kind": "public_dto_active_guide",
      "agent_id": 2,
      "reason": "minimum_observed_predator_distance_hysteresis"
    },
    {
      "time": 63.0,
      "kind": "public_dto_active_guide",
      "agent_id": 9,
      "reason": "minimum_observed_predator_distance_hysteresis"
    },
    {
      "time": 70.8,
      "kind": "public_dto_active_guide",
      "agent_id": 3,
      "reason": "minimum_observed_predator_distance_hysteresis"
    },
    {
      "time": 73.0,
      "kind": "public_dto_active_guide",
      "agent_id": 2,
      "reason": "minimum_observed_predator_distance_hysteresis"
    },
    {
      "time": 73.2,
      "kind": "public_dto_active_guide",
      "agent_id": 9,
      "reason": "minimum_observed_predator_distance_hysteresis"
    },
    {
      "time": 73.3,
      "kind": "public_dto_active_guide",
      "agent_id": 3,
      "reason": "minimum_observed_predator_distance_hysteresis"
    },
    {
      "time": 73.8,
      "kind": "public_dto_active_guide",
      "agent_id": 2,
      "reason": "minimum_observed_predator_distance_hysteresis"
    },
    {
      "time": 73.9,
      "kind": "public_dto_active_guide",
      "agent_id": 9,
      "reason": "minimum_observed_predator_distance_hysteresis"
    },
    {
      "time": 74.2,
      "kind": "public_dto_active_guide",
      "agent_id": 3,
      "reason": "minimum_observed_predator_distance_hysteresis"
    },
    {
      "time": 74.4,
      "kind": "public_dto_active_guide",
      "agent_id": 2,
      "reason": "minimum_observed_predator_distance_hysteresis"
    },
    {
      "time": 74.5,
      "kind": "public_dto_active_guide",
      "agent_id": 9,
      "reason": "minimum_observed_predator_distance_hysteresis"
    },
    {
      "time": 74.7,
      "kind": "public_dto_active_guide",
      "agent_id": 3,
      "reason": "minimum_observed_predator_distance_hysteresis"
    },
    {
      "time": 75.2,
      "kind": "public_dto_active_guide",
      "agent_id": 9,
      "reason": "minimum_observed_predator_distance_hysteresis"
    },
    {
      "time": 75.3,
      "kind": "public_dto_active_guide",
      "agent_id": 3,
      "reason": "minimum_observed_predator_distance_hysteresis"
    },
    {
      "time": 76.1,
      "kind": "public_dto_active_guide",
      "agent_id": 9,
      "reason": "minimum_observed_predator_distance_hysteresis"
    },
    {
      "time": 76.2,
      "kind": "public_dto_active_guide",
      "agent_id": 3,
      "reason": "minimum_observed_predator_distance_hysteresis"
    },
    {
      "time": 76.4,
      "kind": "public_dto_active_guide",
      "agent_id": 9,
      "reason": "minimum_observed_predator_distance_hysteresis"
    },
    {
      "time": 76.6,
      "kind": "public_dto_active_guide",
      "agent_id": 2,
      "reason": "minimum_observed_predator_distance_hysteresis"
    },
    {
      "time": 76.7,
      "kind": "public_dto_active_guide",
      "agent_id": 3,
      "reason": "minimum_observed_predator_distance_hysteresis"
    },
    {
      "time": 76.8,
      "kind": "public_dto_active_guide",
      "agent_id": 9,
      "reason": "minimum_observed_predator_distance_hysteresis"
    },
    {
      "time": 77.5,
      "kind": "public_dto_active_guide",
      "agent_id": 2,
      "reason": "minimum_observed_predator_distance_hysteresis"
    },
    {
      "time": 79.9,
      "kind": "public_dto_active_guide",
      "agent_id": 3,
      "reason": "minimum_observed_predator_distance_hysteresis"
    },
    {
      "time": 80.6,
      "kind": "public_dto_active_guide",
      "agent_id": 9,
      "reason": "minimum_observed_predator_distance_hysteresis"
    },
    {
      "time": 81.5,
      "kind": "public_dto_active_guide",
      "agent_id": 2,
      "reason": "minimum_observed_predator_distance_hysteresis"
    },
    {
      "time": 82.3,
      "kind": "public_dto_active_guide",
      "agent_id": 9,
      "reason": "minimum_observed_predator_distance_hysteresis"
    },
    {
      "time": 82.4,
      "kind": "public_dto_active_guide",
      "agent_id": 3,
      "reason": "minimum_observed_predator_distance_hysteresis"
    },
    {
      "time": 82.6,
      "kind": "public_dto_active_guide",
      "agent_id": 9,
      "reason": "minimum_observed_predator_distance_hysteresis"
    },
    {
      "time": 83.3,
      "kind": "public_dto_active_guide",
      "agent_id": 3,
      "reason": "minimum_observed_predator_distance_hysteresis"
    },
    {
      "time": 84.3,
      "kind": "public_dto_active_guide",
      "agent_id": 2,
      "reason": "minimum_observed_predator_distance_hysteresis"
    },
    {
      "time": 84.5,
      "kind": "public_dto_active_guide",
      "agent_id": 9,
      "reason": "minimum_observed_predator_distance_hysteresis"
    },
    {
      "time": 84.7,
      "kind": "public_dto_active_guide",
      "agent_id": 3,
      "reason": "minimum_observed_predator_distance_hysteresis"
    },
    {
      "time": 85.7,
      "kind": "public_dto_active_guide",
      "agent_id": 9,
      "reason": "minimum_observed_predator_distance_hysteresis"
    },
    {
      "time": 85.8,
      "kind": "public_dto_active_guide",
      "agent_id": 3,
      "reason": "minimum_observed_predator_distance_hysteresis"
    },
    {
      "time": 86.1,
      "kind": "public_dto_active_guide",
      "agent_id": 9,
      "reason": "minimum_observed_predator_distance_hysteresis"
    },
    {
      "time": 86.3,
      "kind": "public_dto_active_guide",
      "agent_id": 2,
      "reason": "minimum_observed_predator_distance_hysteresis"
    },
    {
      "time": 86.5,
      "kind": "public_dto_active_guide",
      "agent_id": 3,
      "reason": "minimum_observed_predator_distance_hysteresis"
    },
    {
      "time": 86.6,
      "kind": "public_dto_active_guide",
      "agent_id": 2,
      "reason": "minimum_observed_predator_distance_hysteresis"
    },
    {
      "time": 86.7,
      "kind": "public_dto_active_guide",
      "agent_id": 3,
      "reason": "minimum_observed_predator_distance_hysteresis"
    },
    {
      "time": 87.0,
      "kind": "public_dto_active_guide",
      "agent_id": 2,
      "reason": "minimum_observed_predator_distance_hysteresis"
    },
    {
      "time": 87.1,
      "kind": "public_dto_active_guide",
      "agent_id": 9,
      "reason": "minimum_observed_predator_distance_hysteresis"
    },
    {
      "time": 87.2,
      "kind": "public_dto_active_guide",
      "agent_id": 2,
      "reason": "minimum_observed_predator_distance_hysteresis"
    },
    {
      "time": 87.3,
      "kind": "public_dto_active_guide",
      "agent_id": 9,
      "reason": "minimum_observed_predator_distance_hysteresis"
    },
    {
      "time": 87.4,
      "kind": "public_dto_active_guide",
      "agent_id": 2,
      "reason": "minimum_observed_predator_distance_hysteresis"
    },
    {
      "time": 87.9,
      "kind": "public_dto_active_guide",
      "agent_id": 3,
      "reason": "minimum_observed_predator_distance_hysteresis"
    },
    {
      "time": 88.0,
      "kind": "public_dto_active_guide",
      "agent_id": 2,
      "reason": "minimum_observed_predator_distance_hysteresis"
    },
    {
      "time": 88.1,
      "kind": "public_dto_active_guide",
      "agent_id": 3,
      "reason": "minimum_observed_predator_distance_hysteresis"
    },
    {
      "time": 88.4,
      "kind": "public_dto_active_guide",
      "agent_id": 2,
      "reason": "minimum_observed_predator_distance_hysteresis"
    },
    {
      "time": 88.6,
      "kind": "public_dto_active_guide",
      "agent_id": 3,
      "reason": "minimum_observed_predator_distance_hysteresis"
    },
    {
      "time": 88.7,
      "kind": "public_dto_active_guide",
      "agent_id": 2,
      "reason": "minimum_observed_predator_distance_hysteresis"
    },
    {
      "time": 89.0,
      "kind": "public_dto_active_guide",
      "agent_id": 3,
      "reason": "minimum_observed_predator_distance_hysteresis"
    },
    {
      "time": 92.9,
      "kind": "public_dto_active_guide",
      "agent_id": 2,
      "reason": "minimum_observed_predator_distance_hysteresis"
    },
    {
      "time": 94.0,
      "kind": "public_dto_active_guide",
      "agent_id": 3,
      "reason": "minimum_observed_predator_distance_hysteresis"
    },
    {
      "time": 94.5,
      "kind": "public_dto_active_guide",
      "agent_id": 9,
      "reason": "minimum_observed_predator_distance_hysteresis"
    },
    {
      "time": 94.9,
      "kind": "public_dto_active_guide",
      "agent_id": 3,
      "reason": "minimum_observed_predator_distance_hysteresis"
    },
    {
      "time": 95.2,
      "kind": "public_dto_active_guide",
      "agent_id": 2,
      "reason": "minimum_observed_predator_distance_hysteresis"
    },
    {
      "time": 95.6,
      "kind": "public_dto_active_guide",
      "agent_id": 3,
      "reason": "minimum_observed_predator_distance_hysteresis"
    },
    {
      "time": 96.4,
      "kind": "public_dto_active_guide",
      "agent_id": 2,
      "reason": "minimum_observed_predator_distance_hysteresis"
    },
    {
      "time": 96.8,
      "kind": "public_dto_active_guide",
      "agent_id": 3,
      "reason": "minimum_observed_predator_distance_hysteresis"
    },
    {
      "time": 98.8,
      "kind": "public_dto_active_guide",
      "agent_id": 2,
      "reason": "minimum_observed_predator_distance_hysteresis"
    },
    {
      "time": 98.9,
      "kind": "public_dto_active_guide",
      "agent_id": 3,
      "reason": "minimum_observed_predator_distance_hysteresis"
    },
    {
      "time": 99.0,
      "kind": "public_dto_active_guide",
      "agent_id": 2,
      "reason": "minimum_observed_predator_distance_hysteresis"
    },
    {
      "time": 99.2,
      "kind": "public_dto_active_guide",
      "agent_id": 9,
      "reason": "minimum_observed_predator_distance_hysteresis"
    },
    {
      "time": 100.0,
      "kind": "public_dto_active_guide",
      "agent_id": 2,
      "reason": "minimum_observed_predator_distance_hysteresis"
    },
    {
      "time": 100.3,
      "kind": "public_dto_active_guide",
      "agent_id": 3,
      "reason": "minimum_observed_predator_distance_hysteresis"
    },
    {
      "time": 100.4,
      "kind": "public_dto_active_guide",
      "agent_id": 9,
      "reason": "minimum_observed_predator_distance_hysteresis"
    },
    {
      "time": 100.8,
      "kind": "public_dto_active_guide",
      "agent_id": 3,
      "reason": "minimum_observed_predator_distance_hysteresis"
    },
    {
      "time": 101.5,
      "kind": "public_dto_active_guide",
      "agent_id": 2,
      "reason": "minimum_observed_predator_distance_hysteresis"
    },
    {
      "time": 101.6,
      "kind": "public_dto_active_guide",
      "agent_id": 9,
      "reason": "minimum_observed_predator_distance_hysteresis"
    },
    {
      "time": 101.7,
      "kind": "public_dto_active_guide",
      "agent_id": 3,
      "reason": "minimum_observed_predator_distance_hysteresis"
    },
    {
      "time": 103.5,
      "kind": "public_dto_active_guide",
      "agent_id": 9,
      "reason": "minimum_observed_predator_distance_hysteresis"
    }
  ],
  "success": false,
  "replay": "results/simple_chase/replays/real-map-EmergencyGuides-m10346-f20346-p1-direct_guide-sitebait1-d156221e.json.gz"
}
/home/Ucals/projects/NordicCupAI-wall-funneling/survival-simulator/oscar-trap-research/survival/results/simple_chase/real-map-EmergencyGuides-m10346-f20346-p1-direct_guide-sitebait1-d156221e.json
