Running as unit: run-p921690-i914406.scope; invocation ID: 92d16e2f3b57476197e155140e077905
{"progress": "real-map-ParallelGuides-m10360-f20360-p1-direct_guide-sitebait1-92206a12", "time": 10.0, "bait_deployed": 0.1, "policy_bait_ready": false, "encounter": 0.1, "oracle_handoff": null, "children": 16, "active_guide_id": 3, "guide_alive": true, "active_guide_alive": true, "guided_delivered": 0}
{"progress": "real-map-ParallelGuides-m10360-f20360-p1-direct_guide-sitebait1-92206a12", "time": 20.0, "bait_deployed": 0.1, "policy_bait_ready": false, "encounter": 0.1, "oracle_handoff": null, "children": 16, "active_guide_id": 5, "guide_alive": true, "active_guide_alive": true, "guided_delivered": 0}
{"progress": "real-map-ParallelGuides-m10360-f20360-p1-direct_guide-sitebait1-92206a12", "time": 30.0, "bait_deployed": 0.1, "policy_bait_ready": false, "encounter": 0.1, "oracle_handoff": null, "children": 16, "active_guide_id": 1, "guide_alive": true, "active_guide_alive": true, "guided_delivered": 0}
{"progress": "real-map-ParallelGuides-m10360-f20360-p1-direct_guide-sitebait1-92206a12", "time": 40.0, "bait_deployed": 0.1, "policy_bait_ready": false, "encounter": 0.1, "oracle_handoff": null, "children": 16, "active_guide_id": 10, "guide_alive": true, "active_guide_alive": true, "guided_delivered": 0}
{"progress": "real-map-ParallelGuides-m10360-f20360-p1-direct_guide-sitebait1-92206a12", "time": 50.0, "bait_deployed": 0.1, "policy_bait_ready": false, "encounter": 0.1, "oracle_handoff": null, "children": 16, "active_guide_id": 11, "guide_alive": true, "active_guide_alive": true, "guided_delivered": 0}
{"progress": "real-map-ParallelGuides-m10360-f20360-p1-direct_guide-sitebait1-92206a12", "time": 60.0, "bait_deployed": 0.1, "policy_bait_ready": false, "encounter": 0.1, "oracle_handoff": null, "children": 16, "active_guide_id": 11, "guide_alive": true, "active_guide_alive": true, "guided_delivered": 0}
{"progress": "real-map-ParallelGuides-m10360-f20360-p1-direct_guide-sitebait1-92206a12", "time": 70.0, "bait_deployed": 0.1, "policy_bait_ready": false, "encounter": 0.1, "oracle_handoff": null, "children": 16, "active_guide_id": 11, "guide_alive": true, "active_guide_alive": true, "guided_delivered": 0}
{"progress": "real-map-ParallelGuides-m10360-f20360-p1-direct_guide-sitebait1-92206a12", "time": 80.0, "bait_deployed": 0.1, "policy_bait_ready": false, "encounter": 0.1, "oracle_handoff": null, "children": 16, "active_guide_id": 15, "guide_alive": true, "active_guide_alive": true, "guided_delivered": 0}
{"progress": "real-map-ParallelGuides-m10360-f20360-p1-direct_guide-sitebait1-92206a12", "time": 90.0, "bait_deployed": 0.1, "policy_bait_ready": false, "encounter": 0.1, "oracle_handoff": null, "children": 16, "active_guide_id": 12, "guide_alive": true, "active_guide_alive": true, "guided_delivered": 0}
{"progress": "real-map-ParallelGuides-m10360-f20360-p1-direct_guide-sitebait1-92206a12", "time": 100.0, "bait_deployed": 0.1, "policy_bait_ready": false, "encounter": 0.1, "oracle_handoff": null, "children": 16, "active_guide_id": 11, "guide_alive": true, "active_guide_alive": true, "guided_delivered": 0}
{"progress": "real-map-ParallelGuides-m10360-f20360-p1-direct_guide-sitebait1-92206a12", "time": 110.0, "bait_deployed": 0.1, "policy_bait_ready": false, "encounter": 0.1, "oracle_handoff": null, "children": 16, "active_guide_id": 11, "guide_alive": true, "active_guide_alive": true, "guided_delivered": 0}
{"progress": "real-map-ParallelGuides-m10360-f20360-p1-direct_guide-sitebait1-92206a12", "time": 120.0, "bait_deployed": 0.1, "policy_bait_ready": false, "encounter": 0.1, "oracle_handoff": null, "children": 16, "active_guide_id": 11, "guide_alive": true, "active_guide_alive": true, "guided_delivered": 0}
{"progress": "real-map-ParallelGuides-m10360-f20360-p1-direct_guide-sitebait1-92206a12", "time": 130.0, "bait_deployed": 0.1, "policy_bait_ready": false, "encounter": 0.1, "oracle_handoff": null, "children": 16, "active_guide_id": 11, "guide_alive": true, "active_guide_alive": true, "guided_delivered": 0}
{"progress": "real-map-ParallelGuides-m10360-f20360-p1-direct_guide-sitebait1-92206a12", "time": 140.0, "bait_deployed": 0.1, "policy_bait_ready": false, "encounter": 0.1, "oracle_handoff": null, "children": 16, "active_guide_id": 11, "guide_alive": true, "active_guide_alive": true, "guided_delivered": 0}
{"progress": "real-map-ParallelGuides-m10360-f20360-p1-direct_guide-sitebait1-92206a12", "time": 150.0, "bait_deployed": 0.1, "policy_bait_ready": false, "encounter": 0.1, "oracle_handoff": null, "children": 16, "active_guide_id": 11, "guide_alive": true, "active_guide_alive": true, "guided_delivered": 0}
{"progress": "real-map-ParallelGuides-m10360-f20360-p1-direct_guide-sitebait1-92206a12", "time": 160.0, "bait_deployed": 0.1, "policy_bait_ready": false, "encounter": 0.1, "oracle_handoff": null, "children": 16, "active_guide_id": 11, "guide_alive": true, "active_guide_alive": true, "guided_delivered": 0}
{"progress": "real-map-ParallelGuides-m10360-f20360-p1-direct_guide-sitebait1-92206a12", "time": 170.0, "bait_deployed": 0.1, "policy_bait_ready": false, "encounter": 0.1, "oracle_handoff": null, "children": 16, "active_guide_id": 11, "guide_alive": true, "active_guide_alive": true, "guided_delivered": 0}
{"progress": "real-map-ParallelGuides-m10360-f20360-p1-direct_guide-sitebait1-92206a12", "time": 180.0, "bait_deployed": 0.1, "policy_bait_ready": false, "encounter": 0.1, "oracle_handoff": null, "children": 16, "active_guide_id": 11, "guide_alive": true, "active_guide_alive": true, "guided_delivered": 0}
{"progress": "real-map-ParallelGuides-m10360-f20360-p1-direct_guide-sitebait1-92206a12", "time": 190.0, "bait_deployed": 0.1, "policy_bait_ready": false, "encounter": 0.1, "oracle_handoff": null, "children": 16, "active_guide_id": 11, "guide_alive": true, "active_guide_alive": true, "guided_delivered": 0}
{"progress": "real-map-ParallelGuides-m10360-f20360-p1-direct_guide-sitebait1-92206a12", "time": 200.0, "bait_deployed": 0.1, "policy_bait_ready": false, "encounter": 0.1, "oracle_handoff": null, "children": 16, "active_guide_id": 11, "guide_alive": true, "active_guide_alive": true, "guided_delivered": 0}
{"progress": "real-map-ParallelGuides-m10360-f20360-p1-direct_guide-sitebait1-92206a12", "time": 210.0, "bait_deployed": 0.1, "policy_bait_ready": false, "encounter": 0.1, "oracle_handoff": null, "children": 16, "active_guide_id": 11, "guide_alive": true, "active_guide_alive": true, "guided_delivered": 0}
{"progress": "real-map-ParallelGuides-m10360-f20360-p1-direct_guide-sitebait1-92206a12", "time": 220.0, "bait_deployed": 0.1, "policy_bait_ready": false, "encounter": 0.1, "oracle_handoff": null, "children": 16, "active_guide_id": 11, "guide_alive": true, "active_guide_alive": true, "guided_delivered": 0}
{"progress": "real-map-ParallelGuides-m10360-f20360-p1-direct_guide-sitebait1-92206a12", "time": 230.0, "bait_deployed": 0.1, "policy_bait_ready": false, "encounter": 0.1, "oracle_handoff": null, "children": 16, "active_guide_id": 12, "guide_alive": false, "active_guide_alive": false, "guided_delivered": 0}
{"progress": "real-map-ParallelGuides-m10360-f20360-p1-direct_guide-sitebait1-92206a12", "time": 240.0, "bait_deployed": 0.1, "policy_bait_ready": false, "encounter": 0.1, "oracle_handoff": null, "children": 16, "active_guide_id": 12, "guide_alive": false, "active_guide_alive": false, "guided_delivered": 0}
{"progress": "real-map-ParallelGuides-m10360-f20360-p1-direct_guide-sitebait1-92206a12", "time": 250.0, "bait_deployed": 0.1, "policy_bait_ready": false, "encounter": 0.1, "oracle_handoff": null, "children": 16, "active_guide_id": 12, "guide_alive": false, "active_guide_alive": false, "guided_delivered": 0}
{"progress": "real-map-ParallelGuides-m10360-f20360-p1-direct_guide-sitebait1-92206a12", "time": 260.0, "bait_deployed": 0.1, "policy_bait_ready": false, "encounter": 0.1, "oracle_handoff": null, "children": 16, "active_guide_id": 12, "guide_alive": false, "active_guide_alive": false, "guided_delivered": 0}
{"progress": "real-map-ParallelGuides-m10360-f20360-p1-direct_guide-sitebait1-92206a12", "time": 270.0, "bait_deployed": 0.1, "policy_bait_ready": false, "encounter": 0.1, "oracle_handoff": null, "children": 16, "active_guide_id": 12, "guide_alive": false, "active_guide_alive": false, "guided_delivered": 0}
{"progress": "real-map-ParallelGuides-m10360-f20360-p1-direct_guide-sitebait1-92206a12", "time": 280.0, "bait_deployed": 0.1, "policy_bait_ready": false, "encounter": 0.1, "oracle_handoff": null, "children": 16, "active_guide_id": 12, "guide_alive": false, "active_guide_alive": false, "guided_delivered": 0}
{"progress": "real-map-ParallelGuides-m10360-f20360-p1-direct_guide-sitebait1-92206a12", "time": 290.0, "bait_deployed": 0.1, "policy_bait_ready": false, "encounter": 0.1, "oracle_handoff": null, "children": 16, "active_guide_id": 12, "guide_alive": false, "active_guide_alive": false, "guided_delivered": 0}
{"progress": "real-map-ParallelGuides-m10360-f20360-p1-direct_guide-sitebait1-92206a12", "time": 300.0, "bait_deployed": 0.1, "policy_bait_ready": false, "encounter": 0.1, "oracle_handoff": null, "children": 16, "active_guide_id": 12, "guide_alive": false, "active_guide_alive": false, "guided_delivered": 0}
{"viewer_manifest_refresh": {"status": "deferred", "reason": "bounded-memory runs defer full-replay viewer processing"}}
{
  "schema": "real-map-intake-result-v2",
  "policy": "integrated_guide.policy_v35_parallel_reserves:ParallelGuides",
  "policy_hash": "8236356eaeb5e3dc864877be08babdf7d10084ea64f03d95a87c0132906528a4",
  "harness_hashes": {
    "research/simple_chase/run_streaming_v2.py": "837e02b05d1ba3af71df0949cb30beb18a8b2844f090f8b383c692192c52719a",
    "research/simple_chase/sampling.py": "1efb7d309c4cc79bc87916c1bea72a7845e78d0c2cdf0aeaf9e2a758ceed48ab",
    "research/simple_chase/static_map.py": "197b16cbe9dd2e3dd06b81fe9481986a97bd92d9c2a55f33597cc9b7280faf3c",
    "debugger/streaming_recorder_v2.py": "d5ecda6bb39ec74a9ad86fb20458df5de7f466d73052558af9e2877be3d99b19"
  },
  "mode": "direct_guide",
  "map_seed": 10360,
  "fixture_seed": 20360,
  "static_map_hash": "27fbceda6460f851bc91c683b598b473796f5b8e672e9cd44e76289ce2dc08c8",
  "site": {
    "mouth": [
      970.7777,
      408.8111
    ],
    "inward": [
      1.0,
      0.0
    ],
    "cross": [
      -0.0,
      1.0
    ],
    "goal": [
      975.7777,
      408.8111
    ],
    "far": [
      845.7777,
      408.8111
    ],
    "hold": [
      895.7777,
      408.8111
    ],
    "gap": 15.1507,
    "overlap": 50.2866,
    "runup": [
      720.7777,
      408.8111
    ],
    "approach_lane_offset": 0.0,
    "offset_approach": false,
    "obstacle_indices": [
      83,
      57
    ],
    "axis": 1,
    "other_mouth": [
      1021.0643,
      408.8111
    ],
    "replacement_entry": [
      1041.0643,
      408.8111
    ],
    "second_access_clear": true,
    "second_access_radius": 5.01,
    "bait_depth": 5.0,
    "boundary_indices": [],
    "geometric_replacement_access_only": true
  },
  "station_bait": true,
  "requested_seconds": 300.0,
  "seconds": 300.0,
  "reason": "horizon",
  "native_render": true,
  "reproduction_of": null,
  "record_every_ticks": 1,
  "replay_frames": 3001,
  "initial_predators": 1,
  "final_predators_total": 3,
  "tracked_predators_present_final": 1,
  "ambient_predators_spawned": 2,
  "ambient_predators_present_final": 2,
  "agent_energy_refilled": true,
  "predator_state_native": false,
  "predator_dynamics_native_after_setup": true,
  "arranged_adjacent_awake_start": true,
  "bait_id": 0,
  "guide_id": 1,
  "bait_alive": true,
  "guide_alive": false,
  "deaths": [
    {
      "time": 1.9,
      "agent_id": 17,
      "role": "native_child"
    },
    {
      "time": 7.5,
      "agent_id": 9,
      "role": "native_child"
    },
    {
      "time": 34.9,
      "agent_id": 7,
      "role": "native_child"
    },
    {
      "time": 36.6,
      "agent_id": 5,
      "role": "native_child"
    },
    {
      "time": 225.0,
      "agent_id": 1,
      "role": "parent_guide"
    },
    {
      "time": 225.0,
      "agent_id": 3,
      "role": "native_child"
    },
    {
      "time": 225.0,
      "agent_id": 8,
      "role": "native_child"
    },
    {
      "time": 225.0,
      "agent_id": 10,
      "role": "native_child"
    },
    {
      "time": 225.0,
      "agent_id": 11,
      "role": "native_child"
    },
    {
      "time": 225.0,
      "agent_id": 15,
      "role": "native_child"
    },
    {
      "time": 225.1,
      "agent_id": 2,
      "role": "native_child"
    },
    {
      "time": 225.1,
      "agent_id": 4,
      "role": "native_child"
    },
    {
      "time": 225.1,
      "agent_id": 6,
      "role": "native_child"
    },
    {
      "time": 225.1,
      "agent_id": 12,
      "role": "native_child"
    },
    {
      "time": 225.1,
      "agent_id": 13,
      "role": "native_child"
    },
    {
      "time": 225.1,
      "agent_id": 14,
      "role": "native_child"
    },
    {
      "time": 225.1,
      "agent_id": 16,
      "role": "native_child"
    }
  ],
  "spawn_requests": [
    {
      "time": 0.1,
      "parent_id": 1
    },
    {
      "time": 0.2,
      "parent_id": 1
    },
    {
      "time": 0.2,
      "parent_id": 2
    },
    {
      "time": 0.3,
      "parent_id": 1
    },
    {
      "time": 0.3,
      "parent_id": 2
    },
    {
      "time": 0.3,
      "parent_id": 3
    },
    {
      "time": 0.4,
      "parent_id": 1
    },
    {
      "time": 0.4,
      "parent_id": 2
    },
    {
      "time": 0.4,
      "parent_id": 3
    },
    {
      "time": 0.4,
      "parent_id": 6
    },
    {
      "time": 0.4,
      "parent_id": 7
    },
    {
      "time": 0.5,
      "parent_id": 1
    },
    {
      "time": 0.5,
      "parent_id": 3
    },
    {
      "time": 0.5,
      "parent_id": 4
    },
    {
      "time": 0.5,
      "parent_id": 7
    },
    {
      "time": 0.5,
      "parent_id": 9
    }
  ],
  "child_births": [
    {
      "time": 0.1,
      "child_id": 2,
      "x": 1023.1897,
      "y": 547.1322,
      "requesting_parent_ids": [
        1
      ],
      "native_parent_proximity_spawn": true
    },
    {
      "time": 0.2,
      "child_id": 3,
      "x": 1032.6763,
      "y": 565.8159,
      "requesting_parent_ids": [
        1,
        2
      ],
      "native_parent_proximity_spawn": true
    },
    {
      "time": 0.2,
      "child_id": 4,
      "x": 1006.5947,
      "y": 575.1564,
      "requesting_parent_ids": [
        1,
        2
      ],
      "native_parent_proximity_spawn": true
    },
    {
      "time": 0.3,
      "child_id": 5,
      "x": 1043.6044,
      "y": 582.3326,
      "requesting_parent_ids": [
        1,
        2,
        3
      ],
      "native_parent_proximity_spawn": true
    },
    {
      "time": 0.3,
      "child_id": 6,
      "x": 1007.4924,
      "y": 552.1024,
      "requesting_parent_ids": [
        1,
        2,
        3
      ],
      "native_parent_proximity_spawn": true
    },
    {
      "time": 0.3,
      "child_id": 7,
      "x": 1045.8794,
      "y": 574.6708,
      "requesting_parent_ids": [
        1,
        2,
        3
      ],
      "native_parent_proximity_spawn": true
    },
    {
      "time": 0.4,
      "child_id": 8,
      "x": 1010.2505,
      "y": 589.3956,
      "requesting_parent_ids": [
        1,
        2,
        3,
        6,
        7
      ],
      "native_parent_proximity_spawn": true
    },
    {
      "time": 0.4,
      "child_id": 9,
      "x": 1023.1897,
      "y": 577.1322,
      "requesting_parent_ids": [
        1,
        2,
        3,
        6,
        7
      ],
      "native_parent_proximity_spawn": true
    },
    {
      "time": 0.4,
      "child_id": 10,
      "x": 1037.509,
      "y": 595.4846,
      "requesting_parent_ids": [
        1,
        2,
        3,
        6,
        7
      ],
      "native_parent_proximity_spawn": true
    },
    {
      "time": 0.4,
      "child_id": 11,
      "x": 1003.6656,
      "y": 561.3412,
      "requesting_parent_ids": [
        1,
        2,
        3,
        6,
        7
      ],
      "native_parent_proximity_spawn": true
    },
    {
      "time": 0.4,
      "child_id": 12,
      "x": 1034.25,
      "y": 599.4475,
      "requesting_parent_ids": [
        1,
        2,
        3,
        6,
        7
      ],
      "native_parent_proximity_spawn": true
    },
    {
      "time": 0.5,
      "child_id": 13,
      "x": 1039.7776,
      "y": 591.5714,
      "requesting_parent_ids": [
        1,
        3,
        4,
        7,
        9
      ],
      "native_parent_proximity_spawn": true
    },
    {
      "time": 0.5,
      "child_id": 14,
      "x": 1020.636,
      "y": 588.1745,
      "requesting_parent_ids": [
        1,
        3,
        4,
        7,
        9
      ],
      "native_parent_proximity_spawn": true
    },
    {
      "time": 0.5,
      "child_id": 15,
      "x": 993.5927,
      "y": 573.0841,
      "requesting_parent_ids": [
        1,
        3,
        4,
        7,
        9
      ],
      "native_parent_proximity_spawn": true
    },
    {
      "time": 0.5,
      "child_id": 16,
      "x": 1012.2005,
      "y": 606.3281,
      "requesting_parent_ids": [
        1,
        3,
        4,
        7,
        9
      ],
      "native_parent_proximity_spawn": true
    },
    {
      "time": 0.5,
      "child_id": 17,
      "x": 1027.9192,
      "y": 581.8617,
      "requesting_parent_ids": [
        1,
        3,
        4,
        7,
        9
      ],
      "native_parent_proximity_spawn": true
    }
  ],
  "fruit_consumptions": [
    {
      "time": 12.0,
      "agent_id": 12,
      "x": 953.664,
      "y": 408.7905
    },
    {
      "time": 12.5,
      "agent_id": 2,
      "x": 1361.941,
      "y": 478.4272
    },
    {
      "time": 19.9,
      "agent_id": 12,
      "x": 880.8378,
      "y": 558.1168
    },
    {
      "time": 24.9,
      "agent_id": 15,
      "x": 381.571,
      "y": 752.3295
    },
    {
      "time": 29.3,
      "agent_id": 10,
      "x": 938.7517,
      "y": 228.3566
    },
    {
      "time": 32.0,
      "agent_id": 2,
      "x": 836.0662,
      "y": 667.5016
    },
    {
      "time": 32.3,
      "agent_id": 10,
      "x": 886.7307,
      "y": 323.6143
    },
    {
      "time": 33.0,
      "agent_id": 15,
      "x": 1353.3643,
      "y": 722.6173
    },
    {
      "time": 39.9,
      "agent_id": 15,
      "x": 878.8317,
      "y": 766.5872
    },
    {
      "time": 40.2,
      "agent_id": 15,
      "x": 875.8157,
      "y": 703.5415
    },
    {
      "time": 43.4,
      "agent_id": 14,
      "x": 850.9115,
      "y": 706.2223
    },
    {
      "time": 43.9,
      "agent_id": 14,
      "x": 840.9509,
      "y": 597.1781
    },
    {
      "time": 52.6,
      "agent_id": 14,
      "x": 709.3479,
      "y": 996.6541
    },
    {
      "time": 59.2,
      "agent_id": 15,
      "x": 321.282,
      "y": 94.1577
    },
    {
      "time": 62.0,
      "agent_id": 15,
      "x": 831.4535,
      "y": 83.0502
    },
    {
      "time": 62.0,
      "agent_id": 15,
      "x": 840.545,
      "y": 81.4209
    },
    {
      "time": 62.3,
      "agent_id": 15,
      "x": 894.958,
      "y": 76.3012
    },
    {
      "time": 63.6,
      "agent_id": 15,
      "x": 1208.1064,
      "y": 127.5764
    },
    {
      "time": 63.7,
      "agent_id": 15,
      "x": 1219.1249,
      "y": 134.981
    },
    {
      "time": 63.9,
      "agent_id": 15,
      "x": 1236.9191,
      "y": 108.7693
    },
    {
      "time": 64.1,
      "agent_id": 15,
      "x": 1304.6844,
      "y": 109.1949
    },
    {
      "time": 65.2,
      "agent_id": 15,
      "x": 1328.5695,
      "y": 255.6208
    },
    {
      "time": 65.5,
      "agent_id": 15,
      "x": 1266.8957,
      "y": 252.788
    },
    {
      "time": 65.9,
      "agent_id": 15,
      "x": 1161.4567,
      "y": 260.5635
    },
    {
      "time": 66.0,
      "agent_id": 15,
      "x": 1140.8121,
      "y": 252.7791
    },
    {
      "time": 66.3,
      "agent_id": 15,
      "x": 1065.8226,
      "y": 251.8627
    },
    {
      "time": 66.3,
      "agent_id": 15,
      "x": 1057.3438,
      "y": 255.3604
    },
    {
      "time": 66.4,
      "agent_id": 15,
      "x": 1033.4742,
      "y": 269.6328
    },
    {
      "time": 66.5,
      "agent_id": 15,
      "x": 1025.8623,
      "y": 257.3822
    },
    {
      "time": 67.1,
      "agent_id": 15,
      "x": 878.0041,
      "y": 264.9143
    },
    {
      "time": 68.5,
      "agent_id": 15,
      "x": 590.0859,
      "y": 253.6609
    },
    {
      "time": 69.4,
      "agent_id": 15,
      "x": 426.595,
      "y": 269.5575
    },
    {
      "time": 69.7,
      "agent_id": 14,
      "x": 1305.9812,
      "y": 102.5674
    },
    {
      "time": 70.3,
      "agent_id": 15,
      "x": 302.9786,
      "y": 319.2303
    },
    {
      "time": 71.0,
      "agent_id": 14,
      "x": 1311.6958,
      "y": 263.1587
    },
    {
      "time": 74.2,
      "agent_id": 15,
      "x": 123.7261,
      "y": 420.3521
    },
    {
      "time": 75.7,
      "agent_id": 2,
      "x": 1365.1216,
      "y": 181.9218
    },
    {
      "time": 76.7,
      "agent_id": 2,
      "x": 1259.8199,
      "y": 252.4088
    }
  ],
  "parent_fruit_consumed_before_tracked_encounter": 0,
  "tracked_encounter_times": [
    0.1
  ],
  "conditional_delivery_denominator": true,
  "conditional_delivery_status": "not_applicable",
  "setup_oracle": false,
  "setup_oracle_target": null,
  "setup_oracle_ticks": 0,
  "setup_oracle_routing": null,
  "setup_oracle_route_resets": 0,
  "setup_oracle_policy_reset_before_handoff_act": false,
  "setup_oracle_handoff_time": null,
  "dynamic_action_privilege_ended_at": null,
  "target_switches": [
    {
      "time": 0.1,
      "tracked_predator_slot": 0,
      "target": 1
    },
    {
      "time": 0.2,
      "tracked_predator_slot": 0,
      "target": 2
    },
    {
      "time": 0.4,
      "tracked_predator_slot": 0,
      "target": 6
    },
    {
      "time": 1.1,
      "tracked_predator_slot": 0,
      "target": 17
    },
    {
      "time": 1.9,
      "tracked_predator_slot": 0,
      "target": 1
    },
    {
      "time": 2.2,
      "tracked_predator_slot": 0,
      "target": 14
    },
    {
      "time": 2.3,
      "tracked_predator_slot": 0,
      "target": 1
    },
    {
      "time": 2.4,
      "tracked_predator_slot": 0,
      "target": 11
    },
    {
      "time": 2.5,
      "tracked_predator_slot": 0,
      "target": 14
    },
    {
      "time": 2.6,
      "tracked_predator_slot": 0,
      "target": 12
    },
    {
      "time": 2.8,
      "tracked_predator_slot": 0,
      "target": 2
    },
    {
      "time": 3.1,
      "tracked_predator_slot": 0,
      "target": 8
    },
    {
      "time": 3.2,
      "tracked_predator_slot": 0,
      "target": 2
    },
    {
      "time": 3.3,
      "tracked_predator_slot": 0,
      "target": 10
    },
    {
      "time": 3.4,
      "tracked_predator_slot": 0,
      "target": 2
    },
    {
      "time": 3.5,
      "tracked_predator_slot": 0,
      "target": 3
    },
    {
      "time": 3.6,
      "tracked_predator_slot": 0,
      "target": 16
    },
    {
      "time": 3.7,
      "tracked_predator_slot": 0,
      "target": 15
    },
    {
      "time": 4.0,
      "tracked_predator_slot": 0,
      "target": 10
    },
    {
      "time": 4.2,
      "tracked_predator_slot": 0,
      "target": 14
    },
    {
      "time": 4.3,
      "tracked_predator_slot": 0,
      "target": 16
    },
    {
      "time": 4.4,
      "tracked_predator_slot": 0,
      "target": 4
    },
    {
      "time": 4.6,
      "tracked_predator_slot": 0,
      "target": 10
    },
    {
      "time": 4.7,
      "tracked_predator_slot": 0,
      "target": 11
    },
    {
      "time": 4.8,
      "tracked_predator_slot": 0,
      "target": 12
    },
    {
      "time": 5.1,
      "tracked_predator_slot": 0,
      "target": 11
    },
    {
      "time": 5.3,
      "tracked_predator_slot": 0,
      "target": 9
    },
    {
      "time": 7.5,
      "tracked_predator_slot": 0,
      "target": 3
    },
    {
      "time": 7.6,
      "tracked_predator_slot": 0,
      "target": 5
    },
    {
      "time": 7.7,
      "tracked_predator_slot": 0,
      "target": 3
    },
    {
      "time": 8.0,
      "tracked_predator_slot": 0,
      "target": 5
    },
    {
      "time": 8.2,
      "tracked_predator_slot": 0,
      "target": 10
    },
    {
      "time": 8.3,
      "tracked_predator_slot": 0,
      "target": 13
    },
    {
      "time": 8.4,
      "tracked_predator_slot": 0,
      "target": null
    },
    {
      "time": 8.6,
      "tracked_predator_slot": 0,
      "target": 3
    },
    {
      "time": 8.8,
      "tracked_predator_slot": 0,
      "target": null
    },
    {
      "time": 8.9,
      "tracked_predator_slot": 0,
      "target": 13
    },
    {
      "time": 9.0,
      "tracked_predator_slot": 0,
      "target": 10
    },
    {
      "time": 9.1,
      "tracked_predator_slot": 0,
      "target": 3
    },
    {
      "time": 9.2,
      "tracked_predator_slot": 0,
      "target": null
    },
    {
      "time": 11.1,
      "tracked_predator_slot": 0,
      "target": 7
    },
    {
      "time": 11.5,
      "tracked_predator_slot": 0,
      "target": 3
    },
    {
      "time": 11.6,
      "tracked_predator_slot": 0,
      "target": 10
    },
    {
      "time": 11.7,
      "tracked_predator_slot": 0,
      "target": 7
    },
    {
      "time": 11.8,
      "tracked_predator_slot": 0,
      "target": 10
    },
    {
      "time": 11.9,
      "tracked_predator_slot": 0,
      "target": 7
    },
    {
      "time": 12.0,
      "tracked_predator_slot": 0,
      "target": 5
    },
    {
      "time": 12.1,
      "tracked_predator_slot": 0,
      "target": 3
    },
    {
      "time": 12.3,
      "tracked_predator_slot": 0,
      "target": 1
    },
    {
      "time": 12.4,
      "tracked_predator_slot": 0,
      "target": 3
    },
    {
      "time": 13.0,
      "tracked_predator_slot": 0,
      "target": 7
    },
    {
      "time": 13.3,
      "tracked_predator_slot": 0,
      "target": 8
    },
    {
      "time": 13.4,
      "tracked_predator_slot": 0,
      "target": 11
    },
    {
      "time": 13.6,
      "tracked_predator_slot": 0,
      "target": 8
    },
    {
      "time": 13.7,
      "tracked_predator_slot": 0,
      "target": 3
    },
    {
      "time": 13.8,
      "tracked_predator_slot": 0,
      "target": 11
    },
    {
      "time": 14.1,
      "tracked_predator_slot": 0,
      "target": 8
    },
    {
      "time": 14.4,
      "tracked_predator_slot": 0,
      "target": 11
    },
    {
      "time": 14.5,
      "tracked_predator_slot": 0,
      "target": 3
    },
    {
      "time": 14.6,
      "tracked_predator_slot": 0,
      "target": 11
    },
    {
      "time": 14.8,
      "tracked_predator_slot": 0,
      "target": 8
    },
    {
      "time": 14.9,
      "tracked_predator_slot": 0,
      "target": 11
    },
    {
      "time": 15.4,
      "tracked_predator_slot": 0,
      "target": 3
    },
    {
      "time": 15.5,
      "tracked_predator_slot": 0,
      "target": 11
    },
    {
      "time": 15.8,
      "tracked_predator_slot": 0,
      "target": 10
    },
    {
      "time": 15.9,
      "tracked_predator_slot": 0,
      "target": 11
    },
    {
      "time": 16.1,
      "tracked_predator_slot": 0,
      "target": 3
    },
    {
      "time": 16.2,
      "tracked_predator_slot": 0,
      "target": 5
    },
    {
      "time": 16.3,
      "tracked_predator_slot": 0,
      "target": 7
    },
    {
      "time": 16.4,
      "tracked_predator_slot": 0,
      "target": 3
    },
    {
      "time": 16.5,
      "tracked_predator_slot": 0,
      "target": 7
    },
    {
      "time": 16.6,
      "tracked_predator_slot": 0,
      "target": 8
    },
    {
      "time": 16.7,
      "tracked_predator_slot": 0,
      "target": 7
    },
    {
      "time": 16.8,
      "tracked_predator_slot": 0,
      "target": 8
    },
    {
      "time": 16.9,
      "tracked_predator_slot": 0,
      "target": 5
    },
    {
      "time": 17.0,
      "tracked_predator_slot": 0,
      "target": 11
    },
    {
      "time": 17.1,
      "tracked_predator_slot": 0,
      "target": 7
    },
    {
      "time": 17.2,
      "tracked_predator_slot": 0,
      "target": 11
    },
    {
      "time": 17.3,
      "tracked_predator_slot": 0,
      "target": 8
    },
    {
      "time": 17.4,
      "tracked_predator_slot": 0,
      "target": 13
    },
    {
      "time": 17.5,
      "tracked_predator_slot": 0,
      "target": 3
    },
    {
      "time": 17.6,
      "tracked_predator_slot": 0,
      "target": 13
    },
    {
      "time": 17.7,
      "tracked_predator_slot": 0,
      "target": 3
    },
    {
      "time": 17.8,
      "tracked_predator_slot": 0,
      "target": 5
    },
    {
      "time": 17.9,
      "tracked_predator_slot": 0,
      "target": 13
    },
    {
      "time": 18.0,
      "tracked_predator_slot": 0,
      "target": 11
    },
    {
      "time": 18.1,
      "tracked_predator_slot": 0,
      "target": 7
    },
    {
      "time": 18.2,
      "tracked_predator_slot": 0,
      "target": 10
    },
    {
      "time": 18.3,
      "tracked_predator_slot": 0,
      "target": 7
    },
    {
      "time": 18.5,
      "tracked_predator_slot": 0,
      "target": 10
    },
    {
      "time": 18.6,
      "tracked_predator_slot": 0,
      "target": 11
    },
    {
      "time": 18.7,
      "tracked_predator_slot": 0,
      "target": 7
    },
    {
      "time": 19.0,
      "tracked_predator_slot": 0,
      "target": 11
    },
    {
      "time": 19.2,
      "tracked_predator_slot": 0,
      "target": 5
    },
    {
      "time": 19.4,
      "tracked_predator_slot": 0,
      "target": 3
    },
    {
      "time": 19.5,
      "tracked_predator_slot": 0,
      "target": 13
    },
    {
      "time": 19.6,
      "tracked_predator_slot": 0,
      "target": 3
    },
    {
      "time": 19.7,
      "tracked_predator_slot": 0,
      "target": 11
    },
    {
      "time": 19.8,
      "tracked_predator_slot": 0,
      "target": 13
    },
    {
      "time": 19.9,
      "tracked_predator_slot": 0,
      "target": 5
    },
    {
      "time": 20.0,
      "tracked_predator_slot": 0,
      "target": 13
    },
    {
      "time": 20.1,
      "tracked_predator_slot": 0,
      "target": 11
    },
    {
      "time": 20.5,
      "tracked_predator_slot": 0,
      "target": 7
    },
    {
      "time": 20.6,
      "tracked_predator_slot": 0,
      "target": 10
    },
    {
      "time": 20.7,
      "tracked_predator_slot": 0,
      "target": 7
    },
    {
      "time": 20.8,
      "tracked_predator_slot": 0,
      "target": 10
    },
    {
      "time": 20.9,
      "tracked_predator_slot": 0,
      "target": 7
    },
    {
      "time": 21.0,
      "tracked_predator_slot": 0,
      "target": 3
    },
    {
      "time": 21.1,
      "tracked_predator_slot": 0,
      "target": 7
    },
    {
      "time": 21.2,
      "tracked_predator_slot": 0,
      "target": 10
    },
    {
      "time": 21.4,
      "tracked_predator_slot": 0,
      "target": 3
    },
    {
      "time": 21.5,
      "tracked_predator_slot": 0,
      "target": 10
    },
    {
      "time": 21.6,
      "tracked_predator_slot": 0,
      "target": 3
    },
    {
      "time": 21.7,
      "tracked_predator_slot": 0,
      "target": 5
    },
    {
      "time": 21.8,
      "tracked_predator_slot": 0,
      "target": 3
    },
    {
      "time": 21.9,
      "tracked_predator_slot": 0,
      "target": 8
    },
    {
      "time": 22.0,
      "tracked_predator_slot": 0,
      "target": 13
    },
    {
      "time": 22.1,
      "tracked_predator_slot": 0,
      "target": "resting"
    },
    {
      "time": 25.6,
      "tracked_predator_slot": 0,
      "target": 1
    },
    {
      "time": 25.7,
      "tracked_predator_slot": 0,
      "target": 11
    },
    {
      "time": 25.8,
      "tracked_predator_slot": 0,
      "target": 7
    },
    {
      "time": 25.9,
      "tracked_predator_slot": 0,
      "target": 11
    },
    {
      "time": 26.0,
      "tracked_predator_slot": 0,
      "target": 8
    },
    {
      "time": 26.1,
      "tracked_predator_slot": 0,
      "target": 5
    },
    {
      "time": 26.3,
      "tracked_predator_slot": 0,
      "target": 10
    },
    {
      "time": 26.4,
      "tracked_predator_slot": 0,
      "target": 7
    },
    {
      "time": 26.6,
      "tracked_predator_slot": 0,
      "target": null
    },
    {
      "time": 26.9,
      "tracked_predator_slot": 0,
      "target": 3
    },
    {
      "time": 27.1,
      "tracked_predator_slot": 0,
      "target": null
    },
    {
      "time": 27.3,
      "tracked_predator_slot": 0,
      "target": 3
    },
    {
      "time": 27.4,
      "tracked_predator_slot": 0,
      "target": 7
    },
    {
      "time": 27.5,
      "tracked_predator_slot": 0,
      "target": 3
    },
    {
      "time": 27.6,
      "tracked_predator_slot": 0,
      "target": 1
    },
    {
      "time": 27.7,
      "tracked_predator_slot": 0,
      "target": 3
    },
    {
      "time": 27.8,
      "tracked_predator_slot": 0,
      "target": 1
    },
    {
      "time": 27.9,
      "tracked_predator_slot": 0,
      "target": 5
    },
    {
      "time": 28.0,
      "tracked_predator_slot": 0,
      "target": 11
    },
    {
      "time": 28.1,
      "tracked_predator_slot": 0,
      "target": 7
    },
    {
      "time": 28.3,
      "tracked_predator_slot": 0,
      "target": 13
    },
    {
      "time": 28.4,
      "tracked_predator_slot": 0,
      "target": 10
    },
    {
      "time": 28.5,
      "tracked_predator_slot": 0,
      "target": 5
    },
    {
      "time": 28.6,
      "tracked_predator_slot": 0,
      "target": 3
    },
    {
      "time": 28.7,
      "tracked_predator_slot": 0,
      "target": 5
    },
    {
      "time": 28.8,
      "tracked_predator_slot": 0,
      "target": 3
    },
    {
      "time": 28.9,
      "tracked_predator_slot": 0,
      "target": 7
    },
    {
      "time": 29.0,
      "tracked_predator_slot": 0,
      "target": 13
    },
    {
      "time": 29.1,
      "tracked_predator_slot": 0,
      "target": 3
    },
    {
      "time": 29.2,
      "tracked_predator_slot": 0,
      "target": 10
    },
    {
      "time": 29.6,
      "tracked_predator_slot": 0,
      "target": 3
    },
    {
      "time": 29.7,
      "tracked_predator_slot": 0,
      "target": 1
    },
    {
      "time": 30.2,
      "tracked_predator_slot": 0,
      "target": 7
    },
    {
      "time": 30.3,
      "tracked_predator_slot": 0,
      "target": 1
    },
    {
      "time": 30.9,
      "tracked_predator_slot": 0,
      "target": 3
    },
    {
      "time": 31.0,
      "tracked_predator_slot": 0,
      "target": 1
    },
    {
      "time": 31.2,
      "tracked_predator_slot": 0,
      "target": 10
    },
    {
      "time": 31.4,
      "tracked_predator_slot": 0,
      "target": 11
    },
    {
      "time": 31.5,
      "tracked_predator_slot": 0,
      "target": 5
    },
    {
      "time": 31.6,
      "tracked_predator_slot": 0,
      "target": 11
    },
    {
      "time": 31.8,
      "tracked_predator_slot": 0,
      "target": 8
    },
    {
      "time": 31.9,
      "tracked_predator_slot": 0,
      "target": 10
    },
    {
      "time": 32.1,
      "tracked_predator_slot": 0,
      "target": 7
    },
    {
      "time": 32.3,
      "tracked_predator_slot": 0,
      "target": 1
    },
    {
      "time": 32.6,
      "tracked_predator_slot": 0,
      "target": null
    },
    {
      "time": 32.7,
      "tracked_predator_slot": 0,
      "target": 1
    },
    {
      "time": 32.9,
      "tracked_predator_slot": 0,
      "target": 5
    },
    {
      "time": 33.0,
      "tracked_predator_slot": 0,
      "target": 1
    },
    {
      "time": 34.1,
      "tracked_predator_slot": 0,
      "target": 3
    },
    {
      "time": 34.2,
      "tracked_predator_slot": 0,
      "target": 5
    },
    {
      "time": 34.3,
      "tracked_predator_slot": 0,
      "target": 8
    },
    {
      "time": 34.5,
      "tracked_predator_slot": 0,
      "target": 11
    },
    {
      "time": 34.6,
      "tracked_predator_slot": 0,
      "target": 10
    },
    {
      "time": 34.7,
      "tracked_predator_slot": 0,
      "target": 7
    },
    {
      "time": 34.9,
      "tracked_predator_slot": 0,
      "target": 3
    },
    {
      "time": 35.0,
      "tracked_predator_slot": 0,
      "target": 13
    },
    {
      "time": 35.1,
      "tracked_predator_slot": 0,
      "target": 5
    },
    {
      "time": 35.2,
      "tracked_predator_slot": 0,
      "target": 13
    },
    {
      "time": 35.3,
      "tracked_predator_slot": 0,
      "target": 5
    },
    {
      "time": 35.4,
      "tracked_predator_slot": 0,
      "target": 13
    },
    {
      "time": 35.5,
      "tracked_predator_slot": 0,
      "target": 5
    },
    {
      "time": 36.0,
      "tracked_predator_slot": 0,
      "target": 10
    },
    {
      "time": 36.1,
      "tracked_predator_slot": 0,
      "target": 11
    },
    {
      "time": 36.2,
      "tracked_predator_slot": 0,
      "target": 5
    },
    {
      "time": 36.6,
      "tracked_predator_slot": 0,
      "target": 8
    },
    {
      "time": 36.7,
      "tracked_predator_slot": 0,
      "target": 11
    },
    {
      "time": 36.8,
      "tracked_predator_slot": 0,
      "target": 0
    },
    {
      "time": 49.8,
      "tracked_predator_slot": 0,
      "target": "resting"
    },
    {
      "time": 53.3,
      "tracked_predator_slot": 0,
      "target": 0
    },
    {
      "time": 62.3,
      "tracked_predator_slot": 0,
      "target": "resting"
    },
    {
      "time": 65.8,
      "tracked_predator_slot": 0,
      "target": 0
    },
    {
      "time": 75.1,
      "tracked_predator_slot": 0,
      "target": "resting"
    },
    {
      "time": 78.6,
      "tracked_predator_slot": 0,
      "target": 0
    },
    {
      "time": 87.9,
      "tracked_predator_slot": 0,
      "target": "resting"
    },
    {
      "time": 91.4,
      "tracked_predator_slot": 0,
      "target": 0
    },
    {
      "time": 100.7,
      "tracked_predator_slot": 0,
      "target": "resting"
    },
    {
      "time": 104.2,
      "tracked_predator_slot": 0,
      "target": 0
    },
    {
      "time": 113.5,
      "tracked_predator_slot": 0,
      "target": "resting"
    },
    {
      "time": 117.0,
      "tracked_predator_slot": 0,
      "target": 0
    },
    {
      "time": 126.3,
      "tracked_predator_slot": 0,
      "target": "resting"
    },
    {
      "time": 129.8,
      "tracked_predator_slot": 0,
      "target": 0
    },
    {
      "time": 139.1,
      "tracked_predator_slot": 0,
      "target": "resting"
    },
    {
      "time": 142.6,
      "tracked_predator_slot": 0,
      "target": 0
    },
    {
      "time": 151.9,
      "tracked_predator_slot": 0,
      "target": "resting"
    },
    {
      "time": 155.4,
      "tracked_predator_slot": 0,
      "target": 0
    },
    {
      "time": 164.7,
      "tracked_predator_slot": 0,
      "target": "resting"
    },
    {
      "time": 168.2,
      "tracked_predator_slot": 0,
      "target": 0
    },
    {
      "time": 177.2,
      "tracked_predator_slot": 0,
      "target": "resting"
    },
    {
      "time": 180.7,
      "tracked_predator_slot": 0,
      "target": 0
    },
    {
      "time": 190.0,
      "tracked_predator_slot": 0,
      "target": "resting"
    },
    {
      "time": 193.5,
      "tracked_predator_slot": 0,
      "target": 0
    },
    {
      "time": 202.8,
      "tracked_predator_slot": 0,
      "target": "resting"
    },
    {
      "time": 206.3,
      "tracked_predator_slot": 0,
      "target": 0
    },
    {
      "time": 215.6,
      "tracked_predator_slot": 0,
      "target": "resting"
    },
    {
      "time": 219.1,
      "tracked_predator_slot": 0,
      "target": 0
    },
    {
      "time": 228.4,
      "tracked_predator_slot": 0,
      "target": "resting"
    },
    {
      "time": 231.9,
      "tracked_predator_slot": 0,
      "target": 0
    },
    {
      "time": 241.2,
      "tracked_predator_slot": 0,
      "target": "resting"
    },
    {
      "time": 244.7,
      "tracked_predator_slot": 0,
      "target": 0
    },
    {
      "time": 254.0,
      "tracked_predator_slot": 0,
      "target": "resting"
    },
    {
      "time": 257.5,
      "tracked_predator_slot": 0,
      "target": 0
    },
    {
      "time": 266.8,
      "tracked_predator_slot": 0,
      "target": "resting"
    },
    {
      "time": 270.3,
      "tracked_predator_slot": 0,
      "target": 0
    },
    {
      "time": 279.6,
      "tracked_predator_slot": 0,
      "target": "resting"
    },
    {
      "time": 283.1,
      "tracked_predator_slot": 0,
      "target": 0
    },
    {
      "time": 292.4,
      "tracked_predator_slot": 0,
      "target": "resting"
    },
    {
      "time": 295.9,
      "tracked_predator_slot": 0,
      "target": 0
    }
  ],
  "guide_role_trace": [
    {
      "time": 0,
      "active_guide_id": 1
    },
    {
      "time": 0.2,
      "active_guide_id": 2
    },
    {
      "time": 0.4,
      "active_guide_id": 6
    },
    {
      "time": 1.3,
      "active_guide_id": 17
    },
    {
      "time": 1.9,
      "active_guide_id": 1
    },
    {
      "time": 2.5,
      "active_guide_id": 14
    },
    {
      "time": 2.7,
      "active_guide_id": 8
    },
    {
      "time": 2.9,
      "active_guide_id": 2
    },
    {
      "time": 3.1,
      "active_guide_id": 8
    },
    {
      "time": 3.2,
      "active_guide_id": 4
    },
    {
      "time": 3.5,
      "active_guide_id": 3
    },
    {
      "time": 3.8,
      "active_guide_id": 15
    },
    {
      "time": 5.7,
      "active_guide_id": 9
    },
    {
      "time": 7.5,
      "active_guide_id": 3
    },
    {
      "time": 8.3,
      "active_guide_id": 13
    },
    {
      "time": 8.6,
      "active_guide_id": 3
    },
    {
      "time": 8.9,
      "active_guide_id": 13
    },
    {
      "time": 9.1,
      "active_guide_id": 3
    },
    {
      "time": 10.3,
      "active_guide_id": 7
    },
    {
      "time": 11.5,
      "active_guide_id": 3
    },
    {
      "time": 11.6,
      "active_guide_id": 10
    },
    {
      "time": 11.7,
      "active_guide_id": 13
    },
    {
      "time": 11.8,
      "active_guide_id": 10
    },
    {
      "time": 11.9,
      "active_guide_id": 7
    },
    {
      "time": 13.3,
      "active_guide_id": 8
    },
    {
      "time": 13.7,
      "active_guide_id": 3
    },
    {
      "time": 13.8,
      "active_guide_id": 11
    },
    {
      "time": 14.1,
      "active_guide_id": 8
    },
    {
      "time": 14.4,
      "active_guide_id": 11
    },
    {
      "time": 14.5,
      "active_guide_id": 3
    },
    {
      "time": 18.2,
      "active_guide_id": 10
    },
    {
      "time": 19.4,
      "active_guide_id": 3
    },
    {
      "time": 19.5,
      "active_guide_id": 13
    },
    {
      "time": 19.7,
      "active_guide_id": 11
    },
    {
      "time": 19.8,
      "active_guide_id": 13
    },
    {
      "time": 19.9,
      "active_guide_id": 5
    },
    {
      "time": 20.0,
      "active_guide_id": 13
    },
    {
      "time": 20.3,
      "active_guide_id": 11
    },
    {
      "time": 21.0,
      "active_guide_id": 13
    },
    {
      "time": 21.1,
      "active_guide_id": 5
    },
    {
      "time": 21.3,
      "active_guide_id": 10
    },
    {
      "time": 22.1,
      "active_guide_id": 1
    },
    {
      "time": 22.5,
      "active_guide_id": 3
    },
    {
      "time": 22.8,
      "active_guide_id": 1
    },
    {
      "time": 26.0,
      "active_guide_id": 3
    },
    {
      "time": 26.1,
      "active_guide_id": 1
    },
    {
      "time": 26.2,
      "active_guide_id": 5
    },
    {
      "time": 26.3,
      "active_guide_id": 10
    },
    {
      "time": 26.4,
      "active_guide_id": 7
    },
    {
      "time": 26.7,
      "active_guide_id": 1
    },
    {
      "time": 27.0,
      "active_guide_id": 3
    },
    {
      "time": 27.1,
      "active_guide_id": 13
    },
    {
      "time": 27.5,
      "active_guide_id": 3
    },
    {
      "time": 27.6,
      "active_guide_id": 1
    },
    {
      "time": 27.7,
      "active_guide_id": 3
    },
    {
      "time": 27.8,
      "active_guide_id": 1
    },
    {
      "time": 27.9,
      "active_guide_id": 5
    },
    {
      "time": 28.0,
      "active_guide_id": 11
    },
    {
      "time": 28.1,
      "active_guide_id": 7
    },
    {
      "time": 28.3,
      "active_guide_id": 13
    },
    {
      "time": 28.5,
      "active_guide_id": 5
    },
    {
      "time": 28.6,
      "active_guide_id": 3
    },
    {
      "time": 28.7,
      "active_guide_id": 5
    },
    {
      "time": 28.8,
      "active_guide_id": 3
    },
    {
      "time": 28.9,
      "active_guide_id": 7
    },
    {
      "time": 29.0,
      "active_guide_id": 13
    },
    {
      "time": 29.4,
      "active_guide_id": 10
    },
    {
      "time": 29.5,
      "active_guide_id": 3
    },
    {
      "time": 29.7,
      "active_guide_id": 1
    },
    {
      "time": 30.0,
      "active_guide_id": 7
    },
    {
      "time": 30.3,
      "active_guide_id": 11
    },
    {
      "time": 30.6,
      "active_guide_id": 1
    },
    {
      "time": 31.2,
      "active_guide_id": 10
    },
    {
      "time": 32.0,
      "active_guide_id": 1
    },
    {
      "time": 32.9,
      "active_guide_id": 5
    },
    {
      "time": 33.0,
      "active_guide_id": 8
    },
    {
      "time": 33.2,
      "active_guide_id": 5
    },
    {
      "time": 33.3,
      "active_guide_id": 11
    },
    {
      "time": 33.6,
      "active_guide_id": 1
    },
    {
      "time": 34.1,
      "active_guide_id": 3
    },
    {
      "time": 34.2,
      "active_guide_id": 5
    },
    {
      "time": 34.3,
      "active_guide_id": 8
    },
    {
      "time": 34.5,
      "active_guide_id": 11
    },
    {
      "time": 34.6,
      "active_guide_id": 10
    },
    {
      "time": 34.7,
      "active_guide_id": 7
    },
    {
      "time": 34.9,
      "active_guide_id": 8
    },
    {
      "time": 35.0,
      "active_guide_id": 1
    },
    {
      "time": 35.2,
      "active_guide_id": 13
    },
    {
      "time": 35.3,
      "active_guide_id": 10
    },
    {
      "time": 35.4,
      "active_guide_id": 13
    },
    {
      "time": 35.6,
      "active_guide_id": 5
    },
    {
      "time": 35.9,
      "active_guide_id": 10
    },
    {
      "time": 36.3,
      "active_guide_id": 1
    },
    {
      "time": 36.4,
      "active_guide_id": 5
    },
    {
      "time": 36.6,
      "active_guide_id": 8
    },
    {
      "time": 36.8,
      "active_guide_id": 11
    },
    {
      "time": 37.0,
      "active_guide_id": 8
    },
    {
      "time": 37.3,
      "active_guide_id": 10
    },
    {
      "time": 37.4,
      "active_guide_id": 1
    },
    {
      "time": 37.5,
      "active_guide_id": 8
    },
    {
      "time": 37.6,
      "active_guide_id": 1
    },
    {
      "time": 37.8,
      "active_guide_id": 10
    },
    {
      "time": 37.9,
      "active_guide_id": 3
    },
    {
      "time": 38.0,
      "active_guide_id": 11
    },
    {
      "time": 38.2,
      "active_guide_id": 1
    },
    {
      "time": 38.3,
      "active_guide_id": 10
    },
    {
      "time": 38.4,
      "active_guide_id": 1
    },
    {
      "time": 38.9,
      "active_guide_id": 3
    },
    {
      "time": 39.0,
      "active_guide_id": 1
    },
    {
      "time": 39.1,
      "active_guide_id": 3
    },
    {
      "time": 39.2,
      "active_guide_id": 11
    },
    {
      "time": 39.3,
      "active_guide_id": 3
    },
    {
      "time": 39.4,
      "active_guide_id": 10
    },
    {
      "time": 39.6,
      "active_guide_id": 8
    },
    {
      "time": 39.7,
      "active_guide_id": 10
    },
    {
      "time": 40.0,
      "active_guide_id": 11
    },
    {
      "time": 40.6,
      "active_guide_id": 10
    },
    {
      "time": 42.2,
      "active_guide_id": 11
    },
    {
      "time": 78.6,
      "active_guide_id": 15
    },
    {
      "time": 83.2,
      "active_guide_id": 11
    },
    {
      "time": 85.8,
      "active_guide_id": 14
    },
    {
      "time": 86.7,
      "active_guide_id": 11
    },
    {
      "time": 86.9,
      "active_guide_id": 14
    },
    {
      "time": 88.8,
      "active_guide_id": 12
    },
    {
      "time": 89.2,
      "active_guide_id": 16
    },
    {
      "time": 89.3,
      "active_guide_id": 12
    },
    {
      "time": 91.2,
      "active_guide_id": 11
    },
    {
      "time": 92.6,
      "active_guide_id": 2
    },
    {
      "time": 93.2,
      "active_guide_id": 4
    },
    {
      "time": 93.5,
      "active_guide_id": 2
    },
    {
      "time": 94.1,
      "active_guide_id": 4
    },
    {
      "time": 94.8,
      "active_guide_id": 2
    },
    {
      "time": 95.1,
      "active_guide_id": 4
    },
    {
      "time": 98.3,
      "active_guide_id": 11
    },
    {
      "time": 224.8,
      "active_guide_id": 12
    }
  ],
  "guide_follow_trace": [
    {
      "time": 0.1,
      "active_guide_id": 1,
      "tracked_predator_slot": 0
    },
    {
      "time": 0.3,
      "active_guide_id": 2,
      "tracked_predator_slot": 0
    },
    {
      "time": 0.5,
      "active_guide_id": 6,
      "tracked_predator_slot": 0
    },
    {
      "time": 1.4,
      "active_guide_id": 17,
      "tracked_predator_slot": 0
    },
    {
      "time": 2.0,
      "active_guide_id": 1,
      "tracked_predator_slot": 0
    },
    {
      "time": 3.0,
      "active_guide_id": 2,
      "tracked_predator_slot": 0
    },
    {
      "time": 3.9,
      "active_guide_id": 15,
      "tracked_predator_slot": 0
    },
    {
      "time": 5.8,
      "active_guide_id": 9,
      "tracked_predator_slot": 0
    },
    {
      "time": 7.7,
      "active_guide_id": 3,
      "tracked_predator_slot": 0
    },
    {
      "time": 8.7,
      "active_guide_id": 3,
      "tracked_predator_slot": 0
    },
    {
      "time": 11.1,
      "active_guide_id": 7,
      "tracked_predator_slot": 0
    },
    {
      "time": 13.0,
      "active_guide_id": 7,
      "tracked_predator_slot": 0
    },
    {
      "time": 13.6,
      "active_guide_id": 8,
      "tracked_predator_slot": 0
    },
    {
      "time": 13.9,
      "active_guide_id": 11,
      "tracked_predator_slot": 0
    },
    {
      "time": 14.2,
      "active_guide_id": 8,
      "tracked_predator_slot": 0
    },
    {
      "time": 15.4,
      "active_guide_id": 3,
      "tracked_predator_slot": 0
    },
    {
      "time": 18.5,
      "active_guide_id": 10,
      "tracked_predator_slot": 0
    },
    {
      "time": 20.4,
      "active_guide_id": 11,
      "tracked_predator_slot": 0
    },
    {
      "time": 21.5,
      "active_guide_id": 10,
      "tracked_predator_slot": 0
    },
    {
      "time": 25.6,
      "active_guide_id": 1,
      "tracked_predator_slot": 0
    },
    {
      "time": 26.5,
      "active_guide_id": 7,
      "tracked_predator_slot": 0
    },
    {
      "time": 28.2,
      "active_guide_id": 7,
      "tracked_predator_slot": 0
    },
    {
      "time": 29.5,
      "active_guide_id": 10,
      "tracked_predator_slot": 0
    },
    {
      "time": 29.6,
      "active_guide_id": 3,
      "tracked_predator_slot": 0
    },
    {
      "time": 29.8,
      "active_guide_id": 1,
      "tracked_predator_slot": 0
    },
    {
      "time": 30.2,
      "active_guide_id": 7,
      "tracked_predator_slot": 0
    },
    {
      "time": 30.7,
      "active_guide_id": 1,
      "tracked_predator_slot": 0
    },
    {
      "time": 31.3,
      "active_guide_id": 10,
      "tracked_predator_slot": 0
    },
    {
      "time": 32.3,
      "active_guide_id": 1,
      "tracked_predator_slot": 0
    },
    {
      "time": 33.7,
      "active_guide_id": 1,
      "tracked_predator_slot": 0
    },
    {
      "time": 34.4,
      "active_guide_id": 8,
      "tracked_predator_slot": 0
    },
    {
      "time": 34.8,
      "active_guide_id": 7,
      "tracked_predator_slot": 0
    },
    {
      "time": 35.7,
      "active_guide_id": 5,
      "tracked_predator_slot": 0
    },
    {
      "time": 36.0,
      "active_guide_id": 10,
      "tracked_predator_slot": 0
    },
    {
      "time": 36.5,
      "active_guide_id": 5,
      "tracked_predator_slot": 0
    }
  ],
  "guide_role": "child",
  "parent_role": "gather_evade",
  "child_role": "guide",
  "active_guide_id_final": 12,
  "active_guide_alive_final": false,
  "guide_role_ids": [
    1,
    2,
    3,
    4,
    5,
    6,
    7,
    8,
    9,
    10,
    11,
    12,
    13,
    14,
    15,
    16,
    17
  ],
  "bait_deployed_at": 0.1,
  "policy_bait_ready_final": false,
  "bait_left_after_deployment": null,
  "final_bait_distance_to_goal": 0.0,
  "first_guide_predator_observation": 0.1,
  "first_predator_following_guide": 0.1,
  "first_predator_following_active_guide": null,
  "tracked_seen_by_guide": 1,
  "tracked_followed_active_guide": 0,
  "physical_entered": 1,
  "guided_delivered": 0,
  "physical_losses_after_delivery": 0,
  "target_losses_after_delivery": 0,
  "physical_entry_times": [
    36.6
  ],
  "guided_delivery_times": [
    null
  ],
  "loss_times": [
    null
  ],
  "target_loss_times": [
    null
  ],
  "tail_seconds": 30.0,
  "tail_physical_min": 1,
  "tail_contained_min": 1,
  "final_distance_from_mouth": [
    12.8318
  ],
  "max_distance_after_delivery": [
    0.0
  ],
  "policy_events": [
    {
      "time": 0.1,
      "kind": "parallel_native_reserve_request",
      "parent_id": 1,
      "request_number": 1,
      "observed_distance": 55.0
    },
    {
      "time": 0.2,
      "kind": "native_backup_registered",
      "agent_id": 2
    },
    {
      "time": 0.2,
      "kind": "public_dto_active_guide",
      "agent_id": 2,
      "reason": "minimum_observed_predator_distance_hysteresis"
    },
    {
      "time": 0.2,
      "kind": "parallel_native_reserve_request",
      "parent_id": 1,
      "request_number": 2,
      "observed_distance": 53.9118
    },
    {
      "time": 0.2,
      "kind": "parallel_native_reserve_request",
      "parent_id": 2,
      "request_number": 3,
      "observed_distance": 34.9335
    },
    {
      "time": 0.3,
      "kind": "native_backup_registered",
      "agent_id": 3
    },
    {
      "time": 0.3,
      "kind": "native_backup_registered",
      "agent_id": 4
    },
    {
      "time": 0.3,
      "kind": "parallel_native_reserve_request",
      "parent_id": 1,
      "request_number": 4,
      "observed_distance": 56.0117
    },
    {
      "time": 0.3,
      "kind": "parallel_native_reserve_request",
      "parent_id": 3,
      "request_number": 5,
      "observed_distance": 46.8636
    },
    {
      "time": 0.3,
      "kind": "parallel_native_reserve_request",
      "parent_id": 2,
      "request_number": 6,
      "observed_distance": 37.4941
    },
    {
      "time": 0.4,
      "kind": "native_backup_registered",
      "agent_id": 5
    },
    {
      "time": 0.4,
      "kind": "native_backup_registered",
      "agent_id": 6
    },
    {
      "time": 0.4,
      "kind": "native_backup_registered",
      "agent_id": 7
    },
    {
      "time": 0.4,
      "kind": "public_dto_active_guide",
      "agent_id": 6,
      "reason": "minimum_observed_predator_distance_hysteresis"
    },
    {
      "time": 0.4,
      "kind": "parallel_native_reserve_request",
      "parent_id": 1,
      "request_number": 7,
      "observed_distance": 58.29
    },
    {
      "time": 0.4,
      "kind": "parallel_native_reserve_request",
      "parent_id": 7,
      "request_number": 8,
      "observed_distance": 51.9777
    },
    {
      "time": 0.4,
      "kind": "parallel_native_reserve_request",
      "parent_id": 3,
      "request_number": 9,
      "observed_distance": 50.2044
    },
    {
      "time": 0.4,
      "kind": "parallel_native_reserve_request",
      "parent_id": 2,
      "request_number": 10,
      "observed_distance": 40.0064
    },
    {
      "time": 0.4,
      "kind": "parallel_native_reserve_request",
      "parent_id": 6,
      "request_number": 11,
      "observed_distance": 30.3616
    },
    {
      "time": 0.5,
      "kind": "native_backup_registered",
      "agent_id": 8
    },
    {
      "time": 0.5,
      "kind": "native_backup_registered",
      "agent_id": 9
    },
    {
      "time": 0.5,
      "kind": "native_backup_registered",
      "agent_id": 10
    },
    {
      "time": 0.5,
      "kind": "native_backup_registered",
      "agent_id": 11
    },
    {
      "time": 0.5,
      "kind": "native_backup_registered",
      "agent_id": 12
    },
    {
      "time": 0.5,
      "kind": "parallel_native_reserve_request",
      "parent_id": 1,
      "request_number": 12,
      "observed_distance": 59.6353
    },
    {
      "time": 0.5,
      "kind": "parallel_native_reserve_request",
      "parent_id": 7,
      "request_number": 13,
      "observed_distance": 53.7878
    },
    {
      "time": 0.5,
      "kind": "parallel_native_reserve_request",
      "parent_id": 3,
      "request_number": 14,
      "observed_distance": 48.3596
    },
    {
      "time": 0.5,
      "kind": "parallel_native_reserve_request",
      "parent_id": 4,
      "request_number": 15,
      "observed_distance": 43.8762
    },
    {
      "time": 0.5,
      "kind": "parallel_native_reserve_request",
      "parent_id": 9,
      "request_number": 16,
      "observed_distance": 42.7391
    },
    {
      "time": 0.6,
      "kind": "native_backup_registered",
      "agent_id": 13
    },
    {
      "time": 0.6,
      "kind": "native_backup_registered",
      "agent_id": 14
    },
    {
      "time": 0.6,
      "kind": "native_backup_registered",
      "agent_id": 15
    },
    {
      "time": 0.6,
      "kind": "native_backup_registered",
      "agent_id": 16
    },
    {
      "time": 0.6,
      "kind": "native_backup_registered",
      "agent_id": 17
    },
    {
      "time": 1.3,
      "kind": "public_dto_active_guide",
      "agent_id": 17,
      "reason": "minimum_observed_predator_distance_hysteresis"
    },
    {
      "time": 1.9,
      "kind": "public_dto_active_guide",
      "agent_id": 1,
      "reason": "minimum_observed_predator_distance_hysteresis"
    },
    {
      "time": 2.5,
      "kind": "public_dto_active_guide",
      "agent_id": 14,
      "reason": "minimum_observed_predator_distance_hysteresis"
    },
    {
      "time": 2.7,
      "kind": "public_dto_active_guide",
      "agent_id": 8,
      "reason": "minimum_observed_predator_distance_hysteresis"
    },
    {
      "time": 2.9,
      "kind": "public_dto_active_guide",
      "agent_id": 2,
      "reason": "minimum_observed_predator_distance_hysteresis"
    },
    {
      "time": 3.1,
      "kind": "public_dto_active_guide",
      "agent_id": 8,
      "reason": "minimum_observed_predator_distance_hysteresis"
    },
    {
      "time": 3.2,
      "kind": "public_dto_active_guide",
      "agent_id": 4,
      "reason": "minimum_observed_predator_distance_hysteresis"
    },
    {
      "time": 3.5,
      "kind": "public_dto_active_guide",
      "agent_id": 3,
      "reason": "minimum_observed_predator_distance_hysteresis"
    },
    {
      "time": 3.8,
      "kind": "public_dto_active_guide",
      "agent_id": 15,
      "reason": "minimum_observed_predator_distance_hysteresis"
    },
    {
      "time": 5.7,
      "kind": "public_dto_active_guide",
      "agent_id": 9,
      "reason": "minimum_observed_predator_distance_hysteresis"
    },
    {
      "time": 7.5,
      "kind": "public_dto_active_guide",
      "agent_id": 3,
      "reason": "minimum_observed_predator_distance_hysteresis"
    },
    {
      "time": 8.3,
      "kind": "public_dto_active_guide",
      "agent_id": 13,
      "reason": "minimum_observed_predator_distance_hysteresis"
    },
    {
      "time": 8.6,
      "kind": "public_dto_active_guide",
      "agent_id": 3,
      "reason": "minimum_observed_predator_distance_hysteresis"
    },
    {
      "time": 8.9,
      "kind": "public_dto_active_guide",
      "agent_id": 13,
      "reason": "minimum_observed_predator_distance_hysteresis"
    },
    {
      "time": 9.1,
      "kind": "public_dto_active_guide",
      "agent_id": 3,
      "reason": "minimum_observed_predator_distance_hysteresis"
    },
    {
      "time": 10.3,
      "kind": "public_dto_active_guide",
      "agent_id": 7,
      "reason": "minimum_observed_predator_distance_hysteresis"
    },
    {
      "time": 11.5,
      "kind": "public_dto_active_guide",
      "agent_id": 3,
      "reason": "minimum_observed_predator_distance_hysteresis"
    },
    {
      "time": 11.6,
      "kind": "public_dto_active_guide",
      "agent_id": 10,
      "reason": "minimum_observed_predator_distance_hysteresis"
    },
    {
      "time": 11.7,
      "kind": "public_dto_active_guide",
      "agent_id": 13,
      "reason": "minimum_observed_predator_distance_hysteresis"
    },
    {
      "time": 11.8,
      "kind": "public_dto_active_guide",
      "agent_id": 10,
      "reason": "minimum_observed_predator_distance_hysteresis"
    },
    {
      "time": 11.9,
      "kind": "public_dto_active_guide",
      "agent_id": 7,
      "reason": "minimum_observed_predator_distance_hysteresis"
    },
    {
      "time": 13.3,
      "kind": "public_dto_active_guide",
      "agent_id": 8,
      "reason": "minimum_observed_predator_distance_hysteresis"
    },
    {
      "time": 13.7,
      "kind": "public_dto_active_guide",
      "agent_id": 3,
      "reason": "minimum_observed_predator_distance_hysteresis"
    },
    {
      "time": 13.8,
      "kind": "public_dto_active_guide",
      "agent_id": 11,
      "reason": "minimum_observed_predator_distance_hysteresis"
    },
    {
      "time": 14.1,
      "kind": "public_dto_active_guide",
      "agent_id": 8,
      "reason": "minimum_observed_predator_distance_hysteresis"
    },
    {
      "time": 14.4,
      "kind": "public_dto_active_guide",
      "agent_id": 11,
      "reason": "minimum_observed_predator_distance_hysteresis"
    },
    {
      "time": 14.5,
      "kind": "public_dto_active_guide",
      "agent_id": 3,
      "reason": "minimum_observed_predator_distance_hysteresis"
    },
    {
      "time": 18.2,
      "kind": "public_dto_active_guide",
      "agent_id": 10,
      "reason": "minimum_observed_predator_distance_hysteresis"
    },
    {
      "time": 19.4,
      "kind": "public_dto_active_guide",
      "agent_id": 3,
      "reason": "minimum_observed_predator_distance_hysteresis"
    },
    {
      "time": 19.5,
      "kind": "public_dto_active_guide",
      "agent_id": 13,
      "reason": "minimum_observed_predator_distance_hysteresis"
    },
    {
      "time": 19.7,
      "kind": "public_dto_active_guide",
      "agent_id": 11,
      "reason": "minimum_observed_predator_distance_hysteresis"
    },
    {
      "time": 19.8,
      "kind": "public_dto_active_guide",
      "agent_id": 13,
      "reason": "minimum_observed_predator_distance_hysteresis"
    },
    {
      "time": 19.9,
      "kind": "public_dto_active_guide",
      "agent_id": 5,
      "reason": "minimum_observed_predator_distance_hysteresis"
    },
    {
      "time": 20.0,
      "kind": "public_dto_active_guide",
      "agent_id": 13,
      "reason": "minimum_observed_predator_distance_hysteresis"
    },
    {
      "time": 20.3,
      "kind": "public_dto_active_guide",
      "agent_id": 11,
      "reason": "minimum_observed_predator_distance_hysteresis"
    },
    {
      "time": 21.0,
      "kind": "public_dto_active_guide",
      "agent_id": 13,
      "reason": "minimum_observed_predator_distance_hysteresis"
    },
    {
      "time": 21.1,
      "kind": "public_dto_active_guide",
      "agent_id": 5,
      "reason": "minimum_observed_predator_distance_hysteresis"
    },
    {
      "time": 21.3,
      "kind": "public_dto_active_guide",
      "agent_id": 10,
      "reason": "minimum_observed_predator_distance_hysteresis"
    },
    {
      "time": 22.1,
      "kind": "public_dto_active_guide",
      "agent_id": 1,
      "reason": "minimum_observed_predator_distance_hysteresis"
    },
    {
      "time": 22.5,
      "kind": "public_dto_active_guide",
      "agent_id": 3,
      "reason": "minimum_observed_predator_distance_hysteresis"
    },
    {
      "time": 22.8,
      "kind": "public_dto_active_guide",
      "agent_id": 1,
      "reason": "minimum_observed_predator_distance_hysteresis"
    },
    {
      "time": 26.0,
      "kind": "public_dto_active_guide",
      "agent_id": 3,
      "reason": "minimum_observed_predator_distance_hysteresis"
    },
    {
      "time": 26.1,
      "kind": "public_dto_active_guide",
      "agent_id": 1,
      "reason": "minimum_observed_predator_distance_hysteresis"
    },
    {
      "time": 26.2,
      "kind": "public_dto_active_guide",
      "agent_id": 5,
      "reason": "minimum_observed_predator_distance_hysteresis"
    },
    {
      "time": 26.3,
      "kind": "public_dto_active_guide",
      "agent_id": 10,
      "reason": "minimum_observed_predator_distance_hysteresis"
    },
    {
      "time": 26.4,
      "kind": "public_dto_active_guide",
      "agent_id": 7,
      "reason": "minimum_observed_predator_distance_hysteresis"
    },
    {
      "time": 26.7,
      "kind": "public_dto_active_guide",
      "agent_id": 1,
      "reason": "minimum_observed_predator_distance_hysteresis"
    },
    {
      "time": 27.0,
      "kind": "public_dto_active_guide",
      "agent_id": 3,
      "reason": "minimum_observed_predator_distance_hysteresis"
    },
    {
      "time": 27.1,
      "kind": "public_dto_active_guide",
      "agent_id": 13,
      "reason": "minimum_observed_predator_distance_hysteresis"
    },
    {
      "time": 27.5,
      "kind": "public_dto_active_guide",
      "agent_id": 3,
      "reason": "minimum_observed_predator_distance_hysteresis"
    },
    {
      "time": 27.6,
      "kind": "public_dto_active_guide",
      "agent_id": 1,
      "reason": "minimum_observed_predator_distance_hysteresis"
    },
    {
      "time": 27.7,
      "kind": "public_dto_active_guide",
      "agent_id": 3,
      "reason": "minimum_observed_predator_distance_hysteresis"
    },
    {
      "time": 27.8,
      "kind": "public_dto_active_guide",
      "agent_id": 1,
      "reason": "minimum_observed_predator_distance_hysteresis"
    },
    {
      "time": 27.9,
      "kind": "public_dto_active_guide",
      "agent_id": 5,
      "reason": "minimum_observed_predator_distance_hysteresis"
    },
    {
      "time": 28.0,
      "kind": "public_dto_active_guide",
      "agent_id": 11,
      "reason": "minimum_observed_predator_distance_hysteresis"
    },
    {
      "time": 28.1,
      "kind": "public_dto_active_guide",
      "agent_id": 7,
      "reason": "minimum_observed_predator_distance_hysteresis"
    },
    {
      "time": 28.3,
      "kind": "public_dto_active_guide",
      "agent_id": 13,
      "reason": "minimum_observed_predator_distance_hysteresis"
    },
    {
      "time": 28.5,
      "kind": "public_dto_active_guide",
      "agent_id": 5,
      "reason": "minimum_observed_predator_distance_hysteresis"
    },
    {
      "time": 28.6,
      "kind": "public_dto_active_guide",
      "agent_id": 3,
      "reason": "minimum_observed_predator_distance_hysteresis"
    },
    {
      "time": 28.7,
      "kind": "public_dto_active_guide",
      "agent_id": 5,
      "reason": "minimum_observed_predator_distance_hysteresis"
    },
    {
      "time": 28.8,
      "kind": "public_dto_active_guide",
      "agent_id": 3,
      "reason": "minimum_observed_predator_distance_hysteresis"
    },
    {
      "time": 28.9,
      "kind": "public_dto_active_guide",
      "agent_id": 7,
      "reason": "minimum_observed_predator_distance_hysteresis"
    },
    {
      "time": 29.0,
      "kind": "public_dto_active_guide",
      "agent_id": 13,
      "reason": "minimum_observed_predator_distance_hysteresis"
    },
    {
      "time": 29.4,
      "kind": "public_dto_active_guide",
      "agent_id": 10,
      "reason": "minimum_observed_predator_distance_hysteresis"
    },
    {
      "time": 29.5,
      "kind": "public_dto_active_guide",
      "agent_id": 3,
      "reason": "minimum_observed_predator_distance_hysteresis"
    },
    {
      "time": 29.7,
      "kind": "public_dto_active_guide",
      "agent_id": 1,
      "reason": "minimum_observed_predator_distance_hysteresis"
    },
    {
      "time": 30.0,
      "kind": "public_dto_active_guide",
      "agent_id": 7,
      "reason": "minimum_observed_predator_distance_hysteresis"
    },
    {
      "time": 30.3,
      "kind": "public_dto_active_guide",
      "agent_id": 11,
      "reason": "minimum_observed_predator_distance_hysteresis"
    },
    {
      "time": 30.6,
      "kind": "public_dto_active_guide",
      "agent_id": 1,
      "reason": "minimum_observed_predator_distance_hysteresis"
    },
    {
      "time": 31.2,
      "kind": "public_dto_active_guide",
      "agent_id": 10,
      "reason": "minimum_observed_predator_distance_hysteresis"
    },
    {
      "time": 32.0,
      "kind": "public_dto_active_guide",
      "agent_id": 1,
      "reason": "minimum_observed_predator_distance_hysteresis"
    },
    {
      "time": 32.9,
      "kind": "public_dto_active_guide",
      "agent_id": 5,
      "reason": "minimum_observed_predator_distance_hysteresis"
    },
    {
      "time": 33.0,
      "kind": "public_dto_active_guide",
      "agent_id": 8,
      "reason": "minimum_observed_predator_distance_hysteresis"
    },
    {
      "time": 33.2,
      "kind": "public_dto_active_guide",
      "agent_id": 5,
      "reason": "minimum_observed_predator_distance_hysteresis"
    },
    {
      "time": 33.3,
      "kind": "public_dto_active_guide",
      "agent_id": 11,
      "reason": "minimum_observed_predator_distance_hysteresis"
    },
    {
      "time": 33.6,
      "kind": "public_dto_active_guide",
      "agent_id": 1,
      "reason": "minimum_observed_predator_distance_hysteresis"
    },
    {
      "time": 34.1,
      "kind": "public_dto_active_guide",
      "agent_id": 3,
      "reason": "minimum_observed_predator_distance_hysteresis"
    },
    {
      "time": 34.2,
      "kind": "public_dto_active_guide",
      "agent_id": 5,
      "reason": "minimum_observed_predator_distance_hysteresis"
    },
    {
      "time": 34.3,
      "kind": "public_dto_active_guide",
      "agent_id": 8,
      "reason": "minimum_observed_predator_distance_hysteresis"
    },
    {
      "time": 34.5,
      "kind": "public_dto_active_guide",
      "agent_id": 11,
      "reason": "minimum_observed_predator_distance_hysteresis"
    },
    {
      "time": 34.6,
      "kind": "public_dto_active_guide",
      "agent_id": 10,
      "reason": "minimum_observed_predator_distance_hysteresis"
    },
    {
      "time": 34.7,
      "kind": "public_dto_active_guide",
      "agent_id": 7,
      "reason": "minimum_observed_predator_distance_hysteresis"
    },
    {
      "time": 34.9,
      "kind": "public_dto_active_guide",
      "agent_id": 8,
      "reason": "minimum_observed_predator_distance_hysteresis"
    },
    {
      "time": 35.0,
      "kind": "public_dto_active_guide",
      "agent_id": 1,
      "reason": "minimum_observed_predator_distance_hysteresis"
    },
    {
      "time": 35.2,
      "kind": "public_dto_active_guide",
      "agent_id": 13,
      "reason": "minimum_observed_predator_distance_hysteresis"
    },
    {
      "time": 35.3,
      "kind": "public_dto_active_guide",
      "agent_id": 10,
      "reason": "minimum_observed_predator_distance_hysteresis"
    },
    {
      "time": 35.4,
      "kind": "public_dto_active_guide",
      "agent_id": 13,
      "reason": "minimum_observed_predator_distance_hysteresis"
    },
    {
      "time": 35.6,
      "kind": "public_dto_active_guide",
      "agent_id": 5,
      "reason": "minimum_observed_predator_distance_hysteresis"
    },
    {
      "time": 35.9,
      "kind": "public_dto_active_guide",
      "agent_id": 10,
      "reason": "minimum_observed_predator_distance_hysteresis"
    },
    {
      "time": 36.3,
      "kind": "public_dto_active_guide",
      "agent_id": 1,
      "reason": "minimum_observed_predator_distance_hysteresis"
    },
    {
      "time": 36.4,
      "kind": "public_dto_active_guide",
      "agent_id": 5,
      "reason": "minimum_observed_predator_distance_hysteresis"
    },
    {
      "time": 36.6,
      "kind": "public_dto_active_guide",
      "agent_id": 8,
      "reason": "minimum_observed_predator_distance_hysteresis"
    },
    {
      "time": 36.8,
      "kind": "public_dto_active_guide",
      "agent_id": 11,
      "reason": "minimum_observed_predator_distance_hysteresis"
    },
    {
      "time": 37.0,
      "kind": "public_dto_active_guide",
      "agent_id": 8,
      "reason": "minimum_observed_predator_distance_hysteresis"
    },
    {
      "time": 37.3,
      "kind": "public_dto_active_guide",
      "agent_id": 10,
      "reason": "minimum_observed_predator_distance_hysteresis"
    },
    {
      "time": 37.4,
      "kind": "public_dto_active_guide",
      "agent_id": 1,
      "reason": "minimum_observed_predator_distance_hysteresis"
    },
    {
      "time": 37.5,
      "kind": "public_dto_active_guide",
      "agent_id": 8,
      "reason": "minimum_observed_predator_distance_hysteresis"
    },
    {
      "time": 37.6,
      "kind": "public_dto_active_guide",
      "agent_id": 1,
      "reason": "minimum_observed_predator_distance_hysteresis"
    },
    {
      "time": 37.8,
      "kind": "public_dto_active_guide",
      "agent_id": 10,
      "reason": "minimum_observed_predator_distance_hysteresis"
    },
    {
      "time": 37.9,
      "kind": "public_dto_active_guide",
      "agent_id": 3,
      "reason": "minimum_observed_predator_distance_hysteresis"
    },
    {
      "time": 38.0,
      "kind": "public_dto_active_guide",
      "agent_id": 11,
      "reason": "minimum_observed_predator_distance_hysteresis"
    },
    {
      "time": 38.2,
      "kind": "public_dto_active_guide",
      "agent_id": 1,
      "reason": "minimum_observed_predator_distance_hysteresis"
    },
    {
      "time": 38.3,
      "kind": "public_dto_active_guide",
      "agent_id": 10,
      "reason": "minimum_observed_predator_distance_hysteresis"
    },
    {
      "time": 38.4,
      "kind": "public_dto_active_guide",
      "agent_id": 1,
      "reason": "minimum_observed_predator_distance_hysteresis"
    },
    {
      "time": 38.9,
      "kind": "public_dto_active_guide",
      "agent_id": 3,
      "reason": "minimum_observed_predator_distance_hysteresis"
    },
    {
      "time": 39.0,
      "kind": "public_dto_active_guide",
      "agent_id": 1,
      "reason": "minimum_observed_predator_distance_hysteresis"
    },
    {
      "time": 39.1,
      "kind": "public_dto_active_guide",
      "agent_id": 3,
      "reason": "minimum_observed_predator_distance_hysteresis"
    },
    {
      "time": 39.2,
      "kind": "public_dto_active_guide",
      "agent_id": 11,
      "reason": "minimum_observed_predator_distance_hysteresis"
    },
    {
      "time": 39.3,
      "kind": "public_dto_active_guide",
      "agent_id": 3,
      "reason": "minimum_observed_predator_distance_hysteresis"
    },
    {
      "time": 39.4,
      "kind": "public_dto_active_guide",
      "agent_id": 10,
      "reason": "minimum_observed_predator_distance_hysteresis"
    },
    {
      "time": 39.6,
      "kind": "public_dto_active_guide",
      "agent_id": 8,
      "reason": "minimum_observed_predator_distance_hysteresis"
    },
    {
      "time": 39.7,
      "kind": "public_dto_active_guide",
      "agent_id": 10,
      "reason": "minimum_observed_predator_distance_hysteresis"
    },
    {
      "time": 40.0,
      "kind": "public_dto_active_guide",
      "agent_id": 11,
      "reason": "minimum_observed_predator_distance_hysteresis"
    },
    {
      "time": 40.6,
      "kind": "public_dto_active_guide",
      "agent_id": 10,
      "reason": "minimum_observed_predator_distance_hysteresis"
    },
    {
      "time": 42.2,
      "kind": "public_dto_active_guide",
      "agent_id": 11,
      "reason": "minimum_observed_predator_distance_hysteresis"
    },
    {
      "time": 78.6,
      "kind": "public_dto_active_guide",
      "agent_id": 15,
      "reason": "minimum_observed_predator_distance_hysteresis"
    },
    {
      "time": 83.2,
      "kind": "public_dto_active_guide",
      "agent_id": 11,
      "reason": "minimum_observed_predator_distance_hysteresis"
    },
    {
      "time": 85.8,
      "kind": "public_dto_active_guide",
      "agent_id": 14,
      "reason": "minimum_observed_predator_distance_hysteresis"
    },
    {
      "time": 86.7,
      "kind": "public_dto_active_guide",
      "agent_id": 11,
      "reason": "minimum_observed_predator_distance_hysteresis"
    },
    {
      "time": 86.9,
      "kind": "public_dto_active_guide",
      "agent_id": 14,
      "reason": "minimum_observed_predator_distance_hysteresis"
    },
    {
      "time": 88.8,
      "kind": "public_dto_active_guide",
      "agent_id": 12,
      "reason": "minimum_observed_predator_distance_hysteresis"
    },
    {
      "time": 89.2,
      "kind": "public_dto_active_guide",
      "agent_id": 16,
      "reason": "minimum_observed_predator_distance_hysteresis"
    },
    {
      "time": 89.3,
      "kind": "public_dto_active_guide",
      "agent_id": 12,
      "reason": "minimum_observed_predator_distance_hysteresis"
    },
    {
      "time": 91.2,
      "kind": "public_dto_active_guide",
      "agent_id": 11,
      "reason": "minimum_observed_predator_distance_hysteresis"
    },
    {
      "time": 92.6,
      "kind": "public_dto_active_guide",
      "agent_id": 2,
      "reason": "minimum_observed_predator_distance_hysteresis"
    },
    {
      "time": 93.2,
      "kind": "public_dto_active_guide",
      "agent_id": 4,
      "reason": "minimum_observed_predator_distance_hysteresis"
    },
    {
      "time": 93.5,
      "kind": "public_dto_active_guide",
      "agent_id": 2,
      "reason": "minimum_observed_predator_distance_hysteresis"
    },
    {
      "time": 94.1,
      "kind": "public_dto_active_guide",
      "agent_id": 4,
      "reason": "minimum_observed_predator_distance_hysteresis"
    },
    {
      "time": 94.8,
      "kind": "public_dto_active_guide",
      "agent_id": 2,
      "reason": "minimum_observed_predator_distance_hysteresis"
    },
    {
      "time": 95.1,
      "kind": "public_dto_active_guide",
      "agent_id": 4,
      "reason": "minimum_observed_predator_distance_hysteresis"
    },
    {
      "time": 98.3,
      "kind": "public_dto_active_guide",
      "agent_id": 11,
      "reason": "minimum_observed_predator_distance_hysteresis"
    },
    {
      "time": 224.8,
      "kind": "public_dto_active_guide",
      "agent_id": 12,
      "reason": "minimum_observed_predator_distance_hysteresis"
    }
  ],
  "success": false,
  "replay": "results/simple_chase/replays/real-map-ParallelGuides-m10360-f20360-p1-direct_guide-sitebait1-92206a12.json.gz"
}
/home/Ucals/projects/NordicCupAI-wall-funneling/survival-simulator/oscar-trap-research/survival/results/simple_chase/real-map-ParallelGuides-m10360-f20360-p1-direct_guide-sitebait1-92206a12.json
