Running as unit: run-p937257-i951994.scope; invocation ID: 52641e59151a4e24b53e3b06452f9631
{"progress": "real-map-ParallelGuides-m10363-f20363-p1-direct_guide-sitebait1-3df1e32d", "time": 10.0, "bait_deployed": 0.1, "policy_bait_ready": false, "encounter": 0.1, "oracle_handoff": null, "children": 16, "active_guide_id": 1, "guide_alive": true, "active_guide_alive": true, "guided_delivered": 0}
{"progress": "real-map-ParallelGuides-m10363-f20363-p1-direct_guide-sitebait1-3df1e32d", "time": 20.0, "bait_deployed": 0.1, "policy_bait_ready": false, "encounter": 0.1, "oracle_handoff": null, "children": 16, "active_guide_id": 2, "guide_alive": true, "active_guide_alive": true, "guided_delivered": 0}
{"progress": "real-map-ParallelGuides-m10363-f20363-p1-direct_guide-sitebait1-3df1e32d", "time": 30.0, "bait_deployed": 0.1, "policy_bait_ready": false, "encounter": 0.1, "oracle_handoff": null, "children": 16, "active_guide_id": 6, "guide_alive": false, "active_guide_alive": true, "guided_delivered": 0}
{"progress": "real-map-ParallelGuides-m10363-f20363-p1-direct_guide-sitebait1-3df1e32d", "time": 40.0, "bait_deployed": 0.1, "policy_bait_ready": false, "encounter": 0.1, "oracle_handoff": null, "children": 16, "active_guide_id": 8, "guide_alive": false, "active_guide_alive": true, "guided_delivered": 1}
{"progress": "real-map-ParallelGuides-m10363-f20363-p1-direct_guide-sitebait1-3df1e32d", "time": 50.0, "bait_deployed": 0.1, "policy_bait_ready": false, "encounter": 0.1, "oracle_handoff": null, "children": 16, "active_guide_id": 6, "guide_alive": false, "active_guide_alive": true, "guided_delivered": 1}
{"progress": "real-map-ParallelGuides-m10363-f20363-p1-direct_guide-sitebait1-3df1e32d", "time": 60.0, "bait_deployed": 0.1, "policy_bait_ready": false, "encounter": 0.1, "oracle_handoff": null, "children": 16, "active_guide_id": 8, "guide_alive": false, "active_guide_alive": true, "guided_delivered": 1}
{"progress": "real-map-ParallelGuides-m10363-f20363-p1-direct_guide-sitebait1-3df1e32d", "time": 70.0, "bait_deployed": 0.1, "policy_bait_ready": false, "encounter": 0.1, "oracle_handoff": null, "children": 16, "active_guide_id": 8, "guide_alive": false, "active_guide_alive": true, "guided_delivered": 1}
{"progress": "real-map-ParallelGuides-m10363-f20363-p1-direct_guide-sitebait1-3df1e32d", "time": 80.0, "bait_deployed": 0.1, "policy_bait_ready": false, "encounter": 0.1, "oracle_handoff": null, "children": 16, "active_guide_id": 8, "guide_alive": false, "active_guide_alive": true, "guided_delivered": 1}
{"progress": "real-map-ParallelGuides-m10363-f20363-p1-direct_guide-sitebait1-3df1e32d", "time": 90.0, "bait_deployed": 0.1, "policy_bait_ready": false, "encounter": 0.1, "oracle_handoff": null, "children": 16, "active_guide_id": 8, "guide_alive": false, "active_guide_alive": true, "guided_delivered": 1}
{"progress": "real-map-ParallelGuides-m10363-f20363-p1-direct_guide-sitebait1-3df1e32d", "time": 100.0, "bait_deployed": 0.1, "policy_bait_ready": false, "encounter": 0.1, "oracle_handoff": null, "children": 16, "active_guide_id": 8, "guide_alive": false, "active_guide_alive": true, "guided_delivered": 1}
{"progress": "real-map-ParallelGuides-m10363-f20363-p1-direct_guide-sitebait1-3df1e32d", "time": 110.0, "bait_deployed": 0.1, "policy_bait_ready": false, "encounter": 0.1, "oracle_handoff": null, "children": 16, "active_guide_id": 8, "guide_alive": false, "active_guide_alive": true, "guided_delivered": 1}
{"progress": "real-map-ParallelGuides-m10363-f20363-p1-direct_guide-sitebait1-3df1e32d", "time": 120.0, "bait_deployed": 0.1, "policy_bait_ready": false, "encounter": 0.1, "oracle_handoff": null, "children": 16, "active_guide_id": 8, "guide_alive": false, "active_guide_alive": true, "guided_delivered": 1}
{"progress": "real-map-ParallelGuides-m10363-f20363-p1-direct_guide-sitebait1-3df1e32d", "time": 130.0, "bait_deployed": 0.1, "policy_bait_ready": false, "encounter": 0.1, "oracle_handoff": null, "children": 16, "active_guide_id": 8, "guide_alive": false, "active_guide_alive": true, "guided_delivered": 1}
{"progress": "real-map-ParallelGuides-m10363-f20363-p1-direct_guide-sitebait1-3df1e32d", "time": 140.0, "bait_deployed": 0.1, "policy_bait_ready": false, "encounter": 0.1, "oracle_handoff": null, "children": 16, "active_guide_id": 8, "guide_alive": false, "active_guide_alive": true, "guided_delivered": 1}
{"progress": "real-map-ParallelGuides-m10363-f20363-p1-direct_guide-sitebait1-3df1e32d", "time": 150.0, "bait_deployed": 0.1, "policy_bait_ready": false, "encounter": 0.1, "oracle_handoff": null, "children": 16, "active_guide_id": 8, "guide_alive": false, "active_guide_alive": true, "guided_delivered": 1}
{"progress": "real-map-ParallelGuides-m10363-f20363-p1-direct_guide-sitebait1-3df1e32d", "time": 160.0, "bait_deployed": 0.1, "policy_bait_ready": false, "encounter": 0.1, "oracle_handoff": null, "children": 16, "active_guide_id": 8, "guide_alive": false, "active_guide_alive": true, "guided_delivered": 1}
{"progress": "real-map-ParallelGuides-m10363-f20363-p1-direct_guide-sitebait1-3df1e32d", "time": 170.0, "bait_deployed": 0.1, "policy_bait_ready": false, "encounter": 0.1, "oracle_handoff": null, "children": 16, "active_guide_id": 8, "guide_alive": false, "active_guide_alive": true, "guided_delivered": 1}
{"progress": "real-map-ParallelGuides-m10363-f20363-p1-direct_guide-sitebait1-3df1e32d", "time": 180.0, "bait_deployed": 0.1, "policy_bait_ready": false, "encounter": 0.1, "oracle_handoff": null, "children": 16, "active_guide_id": 8, "guide_alive": false, "active_guide_alive": true, "guided_delivered": 1}
{"progress": "real-map-ParallelGuides-m10363-f20363-p1-direct_guide-sitebait1-3df1e32d", "time": 190.0, "bait_deployed": 0.1, "policy_bait_ready": false, "encounter": 0.1, "oracle_handoff": null, "children": 16, "active_guide_id": 8, "guide_alive": false, "active_guide_alive": true, "guided_delivered": 1}
{"progress": "real-map-ParallelGuides-m10363-f20363-p1-direct_guide-sitebait1-3df1e32d", "time": 200.0, "bait_deployed": 0.1, "policy_bait_ready": false, "encounter": 0.1, "oracle_handoff": null, "children": 16, "active_guide_id": 8, "guide_alive": false, "active_guide_alive": true, "guided_delivered": 1}
{"progress": "real-map-ParallelGuides-m10363-f20363-p1-direct_guide-sitebait1-3df1e32d", "time": 210.0, "bait_deployed": 0.1, "policy_bait_ready": false, "encounter": 0.1, "oracle_handoff": null, "children": 16, "active_guide_id": 8, "guide_alive": false, "active_guide_alive": true, "guided_delivered": 1}
{"progress": "real-map-ParallelGuides-m10363-f20363-p1-direct_guide-sitebait1-3df1e32d", "time": 220.0, "bait_deployed": 0.1, "policy_bait_ready": false, "encounter": 0.1, "oracle_handoff": null, "children": 16, "active_guide_id": 8, "guide_alive": false, "active_guide_alive": true, "guided_delivered": 1}
{"progress": "real-map-ParallelGuides-m10363-f20363-p1-direct_guide-sitebait1-3df1e32d", "time": 230.0, "bait_deployed": 0.1, "policy_bait_ready": false, "encounter": 0.1, "oracle_handoff": null, "children": 16, "active_guide_id": 8, "guide_alive": false, "active_guide_alive": true, "guided_delivered": 1}
{"progress": "real-map-ParallelGuides-m10363-f20363-p1-direct_guide-sitebait1-3df1e32d", "time": 240.0, "bait_deployed": 0.1, "policy_bait_ready": false, "encounter": 0.1, "oracle_handoff": null, "children": 16, "active_guide_id": 8, "guide_alive": false, "active_guide_alive": true, "guided_delivered": 1}
{"progress": "real-map-ParallelGuides-m10363-f20363-p1-direct_guide-sitebait1-3df1e32d", "time": 250.0, "bait_deployed": 0.1, "policy_bait_ready": false, "encounter": 0.1, "oracle_handoff": null, "children": 16, "active_guide_id": 8, "guide_alive": false, "active_guide_alive": true, "guided_delivered": 1}
{"progress": "real-map-ParallelGuides-m10363-f20363-p1-direct_guide-sitebait1-3df1e32d", "time": 260.0, "bait_deployed": 0.1, "policy_bait_ready": false, "encounter": 0.1, "oracle_handoff": null, "children": 16, "active_guide_id": 8, "guide_alive": false, "active_guide_alive": true, "guided_delivered": 1}
{"progress": "real-map-ParallelGuides-m10363-f20363-p1-direct_guide-sitebait1-3df1e32d", "time": 270.0, "bait_deployed": 0.1, "policy_bait_ready": false, "encounter": 0.1, "oracle_handoff": null, "children": 16, "active_guide_id": 8, "guide_alive": false, "active_guide_alive": true, "guided_delivered": 1}
{"progress": "real-map-ParallelGuides-m10363-f20363-p1-direct_guide-sitebait1-3df1e32d", "time": 280.0, "bait_deployed": 0.1, "policy_bait_ready": false, "encounter": 0.1, "oracle_handoff": null, "children": 16, "active_guide_id": 8, "guide_alive": false, "active_guide_alive": true, "guided_delivered": 1}
{"progress": "real-map-ParallelGuides-m10363-f20363-p1-direct_guide-sitebait1-3df1e32d", "time": 290.0, "bait_deployed": 0.1, "policy_bait_ready": false, "encounter": 0.1, "oracle_handoff": null, "children": 16, "active_guide_id": 8, "guide_alive": false, "active_guide_alive": true, "guided_delivered": 1}
{"progress": "real-map-ParallelGuides-m10363-f20363-p1-direct_guide-sitebait1-3df1e32d", "time": 300.0, "bait_deployed": 0.1, "policy_bait_ready": false, "encounter": 0.1, "oracle_handoff": null, "children": 16, "active_guide_id": 8, "guide_alive": false, "active_guide_alive": true, "guided_delivered": 1}
{"viewer_manifest_refresh": {"status": "deferred", "reason": "bounded-memory runs defer full-replay viewer processing"}}
{
  "schema": "real-map-intake-result-v2",
  "policy": "integrated_guide.policy_v35_parallel_reserves:ParallelGuides",
  "policy_hash": "8236356eaeb5e3dc864877be08babdf7d10084ea64f03d95a87c0132906528a4",
  "harness_hashes": {
    "research/simple_chase/run_streaming_v2.py": "837e02b05d1ba3af71df0949cb30beb18a8b2844f090f8b383c692192c52719a",
    "research/simple_chase/sampling.py": "1efb7d309c4cc79bc87916c1bea72a7845e78d0c2cdf0aeaf9e2a758ceed48ab",
    "research/simple_chase/static_map.py": "197b16cbe9dd2e3dd06b81fe9481986a97bd92d9c2a55f33597cc9b7280faf3c",
    "debugger/streaming_recorder_v2.py": "d5ecda6bb39ec74a9ad86fb20458df5de7f466d73052558af9e2877be3d99b19"
  },
  "mode": "direct_guide",
  "map_seed": 10363,
  "fixture_seed": 20363,
  "static_map_hash": "de78bff51bde6b20a460b102949c0b88276e51df9bf5e09639cf032ba279b007",
  "site": {
    "mouth": [
      694.8603,
      355.6043
    ],
    "inward": [
      1.0,
      0.0
    ],
    "cross": [
      -0.0,
      1.0
    ],
    "goal": [
      699.8603,
      355.6043
    ],
    "far": [
      569.8603,
      355.6043
    ],
    "hold": [
      619.8603,
      355.6043
    ],
    "gap": 18.7881,
    "overlap": 55.0176,
    "runup": [
      494.8603,
      355.6043
    ],
    "approach_lane_offset": 0.0,
    "offset_approach": false,
    "obstacle_indices": [
      31,
      33
    ],
    "axis": 1,
    "other_mouth": [
      749.8779,
      355.6043
    ],
    "replacement_entry": [
      769.8779,
      355.6043
    ],
    "second_access_clear": true,
    "second_access_radius": 5.01,
    "bait_depth": 5.0,
    "boundary_indices": [],
    "geometric_replacement_access_only": true
  },
  "station_bait": true,
  "requested_seconds": 300.0,
  "seconds": 300.0,
  "reason": "horizon",
  "native_render": true,
  "reproduction_of": null,
  "record_every_ticks": 1,
  "replay_frames": 3001,
  "initial_predators": 1,
  "final_predators_total": 2,
  "tracked_predators_present_final": 1,
  "ambient_predators_spawned": 1,
  "ambient_predators_present_final": 1,
  "agent_energy_refilled": true,
  "predator_state_native": false,
  "predator_dynamics_native_after_setup": true,
  "arranged_adjacent_awake_start": true,
  "bait_id": 0,
  "guide_id": 1,
  "bait_alive": true,
  "guide_alive": false,
  "deaths": [
    {
      "time": 22.2,
      "agent_id": 5,
      "role": "native_child"
    },
    {
      "time": 24.0,
      "agent_id": 3,
      "role": "native_child"
    },
    {
      "time": 24.0,
      "agent_id": 9,
      "role": "native_child"
    },
    {
      "time": 24.0,
      "agent_id": 11,
      "role": "native_child"
    },
    {
      "time": 24.0,
      "agent_id": 12,
      "role": "native_child"
    },
    {
      "time": 24.0,
      "agent_id": 13,
      "role": "native_child"
    },
    {
      "time": 24.0,
      "agent_id": 14,
      "role": "native_child"
    },
    {
      "time": 24.0,
      "agent_id": 15,
      "role": "native_child"
    },
    {
      "time": 24.0,
      "agent_id": 16,
      "role": "native_child"
    },
    {
      "time": 24.0,
      "agent_id": 17,
      "role": "native_child"
    },
    {
      "time": 24.1,
      "agent_id": 1,
      "role": "parent_guide"
    },
    {
      "time": 24.1,
      "agent_id": 2,
      "role": "native_child"
    },
    {
      "time": 24.1,
      "agent_id": 7,
      "role": "native_child"
    }
  ],
  "spawn_requests": [
    {
      "time": 0.1,
      "parent_id": 1
    },
    {
      "time": 0.2,
      "parent_id": 1
    },
    {
      "time": 0.3,
      "parent_id": 1
    },
    {
      "time": 0.4,
      "parent_id": 1
    },
    {
      "time": 0.4,
      "parent_id": 2
    },
    {
      "time": 0.4,
      "parent_id": 3
    },
    {
      "time": 0.5,
      "parent_id": 1
    },
    {
      "time": 0.5,
      "parent_id": 2
    },
    {
      "time": 0.5,
      "parent_id": 3
    },
    {
      "time": 0.5,
      "parent_id": 4
    },
    {
      "time": 0.5,
      "parent_id": 6
    },
    {
      "time": 0.5,
      "parent_id": 7
    },
    {
      "time": 0.6,
      "parent_id": 1
    },
    {
      "time": 0.6,
      "parent_id": 2
    },
    {
      "time": 0.6,
      "parent_id": 4
    },
    {
      "time": 0.6,
      "parent_id": 10
    }
  ],
  "child_births": [
    {
      "time": 0.1,
      "child_id": 2,
      "x": 361.1853,
      "y": 870.75,
      "requesting_parent_ids": [
        1
      ],
      "native_parent_proximity_spawn": true
    },
    {
      "time": 0.2,
      "child_id": 3,
      "x": 366.8348,
      "y": 883.7676,
      "requesting_parent_ids": [
        1
      ],
      "native_parent_proximity_spawn": true
    },
    {
      "time": 0.3,
      "child_id": 4,
      "x": 359.7898,
      "y": 918.8742,
      "requesting_parent_ids": [
        1
      ],
      "native_parent_proximity_spawn": true
    },
    {
      "time": 0.4,
      "child_id": 5,
      "x": 362.1853,
      "y": 889.4493,
      "requesting_parent_ids": [
        1,
        2,
        3
      ],
      "native_parent_proximity_spawn": true
    },
    {
      "time": 0.4,
      "child_id": 6,
      "x": 361.3887,
      "y": 847.6799,
      "requesting_parent_ids": [
        1,
        2,
        3
      ],
      "native_parent_proximity_spawn": true
    },
    {
      "time": 0.4,
      "child_id": 7,
      "x": 360.4704,
      "y": 861.523,
      "requesting_parent_ids": [
        1,
        2,
        3
      ],
      "native_parent_proximity_spawn": true
    },
    {
      "time": 0.5,
      "child_id": 8,
      "x": 333.3394,
      "y": 916.6288,
      "requesting_parent_ids": [
        1,
        2,
        3,
        4,
        6,
        7
      ],
      "native_parent_proximity_spawn": true
    },
    {
      "time": 0.5,
      "child_id": 9,
      "x": 341.6444,
      "y": 884.3972,
      "requesting_parent_ids": [
        1,
        2,
        3,
        4,
        6,
        7
      ],
      "native_parent_proximity_spawn": true
    },
    {
      "time": 0.5,
      "child_id": 10,
      "x": 342.6474,
      "y": 867.0226,
      "requesting_parent_ids": [
        1,
        2,
        3,
        4,
        6,
        7
      ],
      "native_parent_proximity_spawn": true
    },
    {
      "time": 0.5,
      "child_id": 11,
      "x": 332.9829,
      "y": 932.1629,
      "requesting_parent_ids": [
        1,
        2,
        3,
        4,
        6,
        7
      ],
      "native_parent_proximity_spawn": true
    },
    {
      "time": 0.5,
      "child_id": 12,
      "x": 387.0734,
      "y": 838.5603,
      "requesting_parent_ids": [
        1,
        2,
        3,
        4,
        6,
        7
      ],
      "native_parent_proximity_spawn": true
    },
    {
      "time": 0.5,
      "child_id": 13,
      "x": 338.2507,
      "y": 848.2351,
      "requesting_parent_ids": [
        1,
        2,
        3,
        4,
        6,
        7
      ],
      "native_parent_proximity_spawn": true
    },
    {
      "time": 0.6,
      "child_id": 14,
      "x": 306.9098,
      "y": 884.9225,
      "requesting_parent_ids": [
        1,
        2,
        4,
        10
      ],
      "native_parent_proximity_spawn": true
    },
    {
      "time": 0.6,
      "child_id": 15,
      "x": 355.48,
      "y": 878.2234,
      "requesting_parent_ids": [
        1,
        2,
        4,
        10
      ],
      "native_parent_proximity_spawn": true
    },
    {
      "time": 0.6,
      "child_id": 16,
      "x": 343.5732,
      "y": 908.3217,
      "requesting_parent_ids": [
        1,
        2,
        4,
        10
      ],
      "native_parent_proximity_spawn": true
    },
    {
      "time": 0.6,
      "child_id": 17,
      "x": 332.9036,
      "y": 839.3902,
      "requesting_parent_ids": [
        1,
        2,
        4,
        10
      ],
      "native_parent_proximity_spawn": true
    }
  ],
  "fruit_consumptions": [
    {
      "time": 7.1,
      "agent_id": 12,
      "x": 446.1471,
      "y": 532.6025
    },
    {
      "time": 24.0,
      "agent_id": 3,
      "x": 607.0469,
      "y": 370.1877
    },
    {
      "time": 117.8,
      "agent_id": 0,
      "x": 690.6174,
      "y": 350.0117
    }
  ],
  "parent_fruit_consumed_before_tracked_encounter": 0,
  "tracked_encounter_times": [
    0.1
  ],
  "conditional_delivery_denominator": true,
  "conditional_delivery_status": "not_applicable",
  "setup_oracle": false,
  "setup_oracle_target": null,
  "setup_oracle_ticks": 0,
  "setup_oracle_routing": null,
  "setup_oracle_route_resets": 0,
  "setup_oracle_policy_reset_before_handoff_act": false,
  "setup_oracle_handoff_time": null,
  "dynamic_action_privilege_ended_at": null,
  "target_switches": [
    {
      "time": 0.1,
      "tracked_predator_slot": 0,
      "target": 1
    },
    {
      "time": 0.3,
      "tracked_predator_slot": 0,
      "target": 3
    },
    {
      "time": 0.5,
      "tracked_predator_slot": 0,
      "target": 7
    },
    {
      "time": 0.6,
      "tracked_predator_slot": 0,
      "target": 12
    },
    {
      "time": 0.7,
      "tracked_predator_slot": 0,
      "target": 15
    },
    {
      "time": 0.8,
      "tracked_predator_slot": 0,
      "target": 5
    },
    {
      "time": 1.2,
      "tracked_predator_slot": 0,
      "target": 16
    },
    {
      "time": 1.3,
      "tracked_predator_slot": 0,
      "target": 8
    },
    {
      "time": 1.4,
      "tracked_predator_slot": 0,
      "target": 11
    },
    {
      "time": 2.6,
      "tracked_predator_slot": 0,
      "target": 10
    },
    {
      "time": 2.7,
      "tracked_predator_slot": 0,
      "target": 2
    },
    {
      "time": 3.3,
      "tracked_predator_slot": 0,
      "target": 10
    },
    {
      "time": 3.8,
      "tracked_predator_slot": 0,
      "target": 2
    },
    {
      "time": 4.0,
      "tracked_predator_slot": 0,
      "target": 1
    },
    {
      "time": 4.1,
      "tracked_predator_slot": 0,
      "target": 7
    },
    {
      "time": 4.4,
      "tracked_predator_slot": 0,
      "target": 6
    },
    {
      "time": 4.5,
      "tracked_predator_slot": 0,
      "target": 8
    },
    {
      "time": 4.6,
      "tracked_predator_slot": 0,
      "target": 6
    },
    {
      "time": 4.7,
      "tracked_predator_slot": 0,
      "target": 7
    },
    {
      "time": 4.8,
      "tracked_predator_slot": 0,
      "target": 6
    },
    {
      "time": 4.9,
      "tracked_predator_slot": 0,
      "target": 7
    },
    {
      "time": 5.0,
      "tracked_predator_slot": 0,
      "target": 12
    },
    {
      "time": 5.1,
      "tracked_predator_slot": 0,
      "target": 16
    },
    {
      "time": 5.2,
      "tracked_predator_slot": 0,
      "target": 3
    },
    {
      "time": 5.4,
      "tracked_predator_slot": 0,
      "target": 7
    },
    {
      "time": 5.5,
      "tracked_predator_slot": 0,
      "target": 3
    },
    {
      "time": 5.6,
      "tracked_predator_slot": 0,
      "target": 4
    },
    {
      "time": 5.7,
      "tracked_predator_slot": 0,
      "target": 8
    },
    {
      "time": 5.8,
      "tracked_predator_slot": 0,
      "target": 6
    },
    {
      "time": 5.9,
      "tracked_predator_slot": 0,
      "target": 9
    },
    {
      "time": 6.0,
      "tracked_predator_slot": 0,
      "target": 2
    },
    {
      "time": 6.2,
      "tracked_predator_slot": 0,
      "target": 3
    },
    {
      "time": 6.3,
      "tracked_predator_slot": 0,
      "target": 9
    },
    {
      "time": 6.4,
      "tracked_predator_slot": 0,
      "target": 17
    },
    {
      "time": 6.5,
      "tracked_predator_slot": 0,
      "target": 7
    },
    {
      "time": 6.6,
      "tracked_predator_slot": 0,
      "target": 10
    },
    {
      "time": 6.7,
      "tracked_predator_slot": 0,
      "target": 9
    },
    {
      "time": 6.8,
      "tracked_predator_slot": 0,
      "target": 5
    },
    {
      "time": 6.9,
      "tracked_predator_slot": 0,
      "target": 12
    },
    {
      "time": 7.0,
      "tracked_predator_slot": 0,
      "target": 11
    },
    {
      "time": 7.1,
      "tracked_predator_slot": 0,
      "target": 16
    },
    {
      "time": 7.2,
      "tracked_predator_slot": 0,
      "target": 9
    },
    {
      "time": 7.4,
      "tracked_predator_slot": 0,
      "target": 4
    },
    {
      "time": 7.8,
      "tracked_predator_slot": 0,
      "target": 7
    },
    {
      "time": 7.9,
      "tracked_predator_slot": 0,
      "target": 6
    },
    {
      "time": 8.0,
      "tracked_predator_slot": 0,
      "target": 14
    },
    {
      "time": 8.1,
      "tracked_predator_slot": 0,
      "target": 13
    },
    {
      "time": 8.3,
      "tracked_predator_slot": 0,
      "target": 1
    },
    {
      "time": 8.4,
      "tracked_predator_slot": 0,
      "target": 16
    },
    {
      "time": 8.5,
      "tracked_predator_slot": 0,
      "target": 1
    },
    {
      "time": 8.6,
      "tracked_predator_slot": 0,
      "target": 17
    },
    {
      "time": 8.9,
      "tracked_predator_slot": 0,
      "target": 11
    },
    {
      "time": 9.0,
      "tracked_predator_slot": 0,
      "target": 15
    },
    {
      "time": 9.1,
      "tracked_predator_slot": 0,
      "target": 7
    },
    {
      "time": 9.2,
      "tracked_predator_slot": 0,
      "target": 5
    },
    {
      "time": 9.3,
      "tracked_predator_slot": 0,
      "target": 15
    },
    {
      "time": 9.4,
      "tracked_predator_slot": 0,
      "target": 5
    },
    {
      "time": 9.5,
      "tracked_predator_slot": 0,
      "target": 7
    },
    {
      "time": 9.7,
      "tracked_predator_slot": 0,
      "target": 5
    },
    {
      "time": 9.8,
      "tracked_predator_slot": 0,
      "target": 7
    },
    {
      "time": 10.0,
      "tracked_predator_slot": 0,
      "target": 8
    },
    {
      "time": 10.1,
      "tracked_predator_slot": 0,
      "target": 7
    },
    {
      "time": 10.2,
      "tracked_predator_slot": 0,
      "target": 3
    },
    {
      "time": 10.3,
      "tracked_predator_slot": 0,
      "target": 5
    },
    {
      "time": 10.5,
      "tracked_predator_slot": 0,
      "target": 9
    },
    {
      "time": 10.6,
      "tracked_predator_slot": 0,
      "target": 17
    },
    {
      "time": 10.7,
      "tracked_predator_slot": 0,
      "target": 14
    },
    {
      "time": 10.8,
      "tracked_predator_slot": 0,
      "target": 16
    },
    {
      "time": 10.9,
      "tracked_predator_slot": 0,
      "target": 6
    },
    {
      "time": 11.0,
      "tracked_predator_slot": 0,
      "target": 16
    },
    {
      "time": 11.1,
      "tracked_predator_slot": 0,
      "target": 17
    },
    {
      "time": 11.2,
      "tracked_predator_slot": 0,
      "target": 3
    },
    {
      "time": 11.3,
      "tracked_predator_slot": 0,
      "target": 1
    },
    {
      "time": 11.4,
      "tracked_predator_slot": 0,
      "target": 14
    },
    {
      "time": 11.5,
      "tracked_predator_slot": 0,
      "target": 4
    },
    {
      "time": 11.6,
      "tracked_predator_slot": 0,
      "target": 3
    },
    {
      "time": 11.7,
      "tracked_predator_slot": 0,
      "target": 8
    },
    {
      "time": 11.8,
      "tracked_predator_slot": 0,
      "target": 10
    },
    {
      "time": 11.9,
      "tracked_predator_slot": 0,
      "target": 15
    },
    {
      "time": 12.0,
      "tracked_predator_slot": 0,
      "target": 16
    },
    {
      "time": 12.4,
      "tracked_predator_slot": 0,
      "target": 1
    },
    {
      "time": 12.5,
      "tracked_predator_slot": 0,
      "target": 16
    },
    {
      "time": 12.7,
      "tracked_predator_slot": 0,
      "target": "resting"
    },
    {
      "time": 16.2,
      "tracked_predator_slot": 0,
      "target": 10
    },
    {
      "time": 16.3,
      "tracked_predator_slot": 0,
      "target": 3
    },
    {
      "time": 16.4,
      "tracked_predator_slot": 0,
      "target": 6
    },
    {
      "time": 16.5,
      "tracked_predator_slot": 0,
      "target": 10
    },
    {
      "time": 16.6,
      "tracked_predator_slot": 0,
      "target": 15
    },
    {
      "time": 16.7,
      "tracked_predator_slot": 0,
      "target": 10
    },
    {
      "time": 16.8,
      "tracked_predator_slot": 0,
      "target": 13
    },
    {
      "time": 16.9,
      "tracked_predator_slot": 0,
      "target": 16
    },
    {
      "time": 17.0,
      "tracked_predator_slot": 0,
      "target": 1
    },
    {
      "time": 17.1,
      "tracked_predator_slot": 0,
      "target": 4
    },
    {
      "time": 17.2,
      "tracked_predator_slot": 0,
      "target": 8
    },
    {
      "time": 17.3,
      "tracked_predator_slot": 0,
      "target": 2
    },
    {
      "time": 17.4,
      "tracked_predator_slot": 0,
      "target": 6
    },
    {
      "time": 17.8,
      "tracked_predator_slot": 0,
      "target": 2
    },
    {
      "time": 17.9,
      "tracked_predator_slot": 0,
      "target": 8
    },
    {
      "time": 18.0,
      "tracked_predator_slot": 0,
      "target": 10
    },
    {
      "time": 18.2,
      "tracked_predator_slot": 0,
      "target": 1
    },
    {
      "time": 18.3,
      "tracked_predator_slot": 0,
      "target": 17
    },
    {
      "time": 18.4,
      "tracked_predator_slot": 0,
      "target": null
    },
    {
      "time": 18.5,
      "tracked_predator_slot": 0,
      "target": 10
    },
    {
      "time": 18.6,
      "tracked_predator_slot": 0,
      "target": 17
    },
    {
      "time": 18.7,
      "tracked_predator_slot": 0,
      "target": 6
    },
    {
      "time": 18.8,
      "tracked_predator_slot": 0,
      "target": 4
    },
    {
      "time": 18.9,
      "tracked_predator_slot": 0,
      "target": 12
    },
    {
      "time": 19.0,
      "tracked_predator_slot": 0,
      "target": 15
    },
    {
      "time": 19.1,
      "tracked_predator_slot": 0,
      "target": 12
    },
    {
      "time": 19.2,
      "tracked_predator_slot": 0,
      "target": 8
    },
    {
      "time": 19.3,
      "tracked_predator_slot": 0,
      "target": 15
    },
    {
      "time": 19.4,
      "tracked_predator_slot": 0,
      "target": 5
    },
    {
      "time": 19.5,
      "tracked_predator_slot": 0,
      "target": 11
    },
    {
      "time": 19.6,
      "tracked_predator_slot": 0,
      "target": 10
    },
    {
      "time": 19.7,
      "tracked_predator_slot": 0,
      "target": 8
    },
    {
      "time": 19.8,
      "tracked_predator_slot": 0,
      "target": 11
    },
    {
      "time": 19.9,
      "tracked_predator_slot": 0,
      "target": 2
    },
    {
      "time": 20.0,
      "tracked_predator_slot": 0,
      "target": 3
    },
    {
      "time": 20.1,
      "tracked_predator_slot": 0,
      "target": 2
    },
    {
      "time": 20.3,
      "tracked_predator_slot": 0,
      "target": 8
    },
    {
      "time": 20.5,
      "tracked_predator_slot": 0,
      "target": 5
    },
    {
      "time": 21.0,
      "tracked_predator_slot": 0,
      "target": 7
    },
    {
      "time": 21.1,
      "tracked_predator_slot": 0,
      "target": 1
    },
    {
      "time": 21.3,
      "tracked_predator_slot": 0,
      "target": 5
    },
    {
      "time": 22.2,
      "tracked_predator_slot": 0,
      "target": 4
    },
    {
      "time": 22.4,
      "tracked_predator_slot": 0,
      "target": null
    },
    {
      "time": 22.5,
      "tracked_predator_slot": 0,
      "target": 4
    },
    {
      "time": 22.6,
      "tracked_predator_slot": 0,
      "target": 6
    },
    {
      "time": 22.7,
      "tracked_predator_slot": 0,
      "target": 4
    },
    {
      "time": 23.0,
      "tracked_predator_slot": 0,
      "target": 2
    },
    {
      "time": 23.2,
      "tracked_predator_slot": 0,
      "target": 7
    },
    {
      "time": 23.3,
      "tracked_predator_slot": 0,
      "target": 2
    },
    {
      "time": 23.4,
      "tracked_predator_slot": 0,
      "target": 1
    },
    {
      "time": 23.5,
      "tracked_predator_slot": 0,
      "target": 10
    },
    {
      "time": 24.0,
      "tracked_predator_slot": 0,
      "target": 2
    },
    {
      "time": 24.1,
      "tracked_predator_slot": 0,
      "target": 10
    },
    {
      "time": 24.2,
      "tracked_predator_slot": 0,
      "target": null
    },
    {
      "time": 24.4,
      "tracked_predator_slot": 0,
      "target": 8
    },
    {
      "time": 24.5,
      "tracked_predator_slot": 0,
      "target": 4
    },
    {
      "time": 24.6,
      "tracked_predator_slot": 0,
      "target": null
    },
    {
      "time": 24.8,
      "tracked_predator_slot": 0,
      "target": 6
    },
    {
      "time": 24.9,
      "tracked_predator_slot": 0,
      "target": 8
    },
    {
      "time": 25.2,
      "tracked_predator_slot": 0,
      "target": 6
    },
    {
      "time": 25.4,
      "tracked_predator_slot": 0,
      "target": 10
    },
    {
      "time": 25.5,
      "tracked_predator_slot": 0,
      "target": 8
    },
    {
      "time": 25.7,
      "tracked_predator_slot": 0,
      "target": 6
    },
    {
      "time": 25.8,
      "tracked_predator_slot": 0,
      "target": 10
    },
    {
      "time": 25.9,
      "tracked_predator_slot": 0,
      "target": 6
    },
    {
      "time": 26.1,
      "tracked_predator_slot": 0,
      "target": 4
    },
    {
      "time": 26.2,
      "tracked_predator_slot": 0,
      "target": 8
    },
    {
      "time": 26.5,
      "tracked_predator_slot": 0,
      "target": 10
    },
    {
      "time": 26.8,
      "tracked_predator_slot": 0,
      "target": 6
    },
    {
      "time": 26.9,
      "tracked_predator_slot": 0,
      "target": null
    },
    {
      "time": 29.8,
      "tracked_predator_slot": 0,
      "target": 6
    },
    {
      "time": 30.0,
      "tracked_predator_slot": 0,
      "target": null
    },
    {
      "time": 30.1,
      "tracked_predator_slot": 0,
      "target": 6
    },
    {
      "time": 30.3,
      "tracked_predator_slot": 0,
      "target": 10
    },
    {
      "time": 30.4,
      "tracked_predator_slot": 0,
      "target": 6
    },
    {
      "time": 30.6,
      "tracked_predator_slot": 0,
      "target": 10
    },
    {
      "time": 30.7,
      "tracked_predator_slot": 0,
      "target": 8
    },
    {
      "time": 30.8,
      "tracked_predator_slot": 0,
      "target": 10
    },
    {
      "time": 30.9,
      "tracked_predator_slot": 0,
      "target": 6
    },
    {
      "time": 31.0,
      "tracked_predator_slot": 0,
      "target": 10
    },
    {
      "time": 31.5,
      "tracked_predator_slot": 0,
      "target": 6
    },
    {
      "time": 32.8,
      "tracked_predator_slot": 0,
      "target": 4
    },
    {
      "time": 33.0,
      "tracked_predator_slot": 0,
      "target": null
    },
    {
      "time": 33.1,
      "tracked_predator_slot": 0,
      "target": 8
    },
    {
      "time": 33.2,
      "tracked_predator_slot": 0,
      "target": null
    },
    {
      "time": 33.4,
      "tracked_predator_slot": 0,
      "target": 8
    },
    {
      "time": 33.6,
      "tracked_predator_slot": 0,
      "target": null
    },
    {
      "time": 33.7,
      "tracked_predator_slot": 0,
      "target": 8
    },
    {
      "time": 33.9,
      "tracked_predator_slot": 0,
      "target": 0
    },
    {
      "time": 34.0,
      "tracked_predator_slot": 0,
      "target": 8
    },
    {
      "time": 34.1,
      "tracked_predator_slot": 0,
      "target": 0
    },
    {
      "time": 39.4,
      "tracked_predator_slot": 0,
      "target": "resting"
    },
    {
      "time": 42.9,
      "tracked_predator_slot": 0,
      "target": 0
    },
    {
      "time": 52.0,
      "tracked_predator_slot": 0,
      "target": "resting"
    },
    {
      "time": 55.5,
      "tracked_predator_slot": 0,
      "target": 0
    },
    {
      "time": 64.6,
      "tracked_predator_slot": 0,
      "target": "resting"
    },
    {
      "time": 68.1,
      "tracked_predator_slot": 0,
      "target": 0
    },
    {
      "time": 77.2,
      "tracked_predator_slot": 0,
      "target": "resting"
    },
    {
      "time": 80.7,
      "tracked_predator_slot": 0,
      "target": 0
    },
    {
      "time": 89.9,
      "tracked_predator_slot": 0,
      "target": "resting"
    },
    {
      "time": 93.4,
      "tracked_predator_slot": 0,
      "target": 0
    },
    {
      "time": 102.5,
      "tracked_predator_slot": 0,
      "target": "resting"
    },
    {
      "time": 106.0,
      "tracked_predator_slot": 0,
      "target": 0
    },
    {
      "time": 115.1,
      "tracked_predator_slot": 0,
      "target": "resting"
    },
    {
      "time": 118.6,
      "tracked_predator_slot": 0,
      "target": 0
    },
    {
      "time": 127.8,
      "tracked_predator_slot": 0,
      "target": "resting"
    },
    {
      "time": 131.3,
      "tracked_predator_slot": 0,
      "target": 0
    },
    {
      "time": 140.4,
      "tracked_predator_slot": 0,
      "target": "resting"
    },
    {
      "time": 143.9,
      "tracked_predator_slot": 0,
      "target": 0
    },
    {
      "time": 153.0,
      "tracked_predator_slot": 0,
      "target": "resting"
    },
    {
      "time": 156.5,
      "tracked_predator_slot": 0,
      "target": 0
    },
    {
      "time": 165.7,
      "tracked_predator_slot": 0,
      "target": "resting"
    },
    {
      "time": 169.2,
      "tracked_predator_slot": 0,
      "target": 0
    },
    {
      "time": 178.3,
      "tracked_predator_slot": 0,
      "target": "resting"
    },
    {
      "time": 181.8,
      "tracked_predator_slot": 0,
      "target": 0
    },
    {
      "time": 190.9,
      "tracked_predator_slot": 0,
      "target": "resting"
    },
    {
      "time": 194.4,
      "tracked_predator_slot": 0,
      "target": 0
    },
    {
      "time": 203.6,
      "tracked_predator_slot": 0,
      "target": "resting"
    },
    {
      "time": 207.1,
      "tracked_predator_slot": 0,
      "target": 0
    },
    {
      "time": 216.2,
      "tracked_predator_slot": 0,
      "target": "resting"
    },
    {
      "time": 219.7,
      "tracked_predator_slot": 0,
      "target": 0
    },
    {
      "time": 228.8,
      "tracked_predator_slot": 0,
      "target": "resting"
    },
    {
      "time": 232.3,
      "tracked_predator_slot": 0,
      "target": 0
    },
    {
      "time": 241.5,
      "tracked_predator_slot": 0,
      "target": "resting"
    },
    {
      "time": 245.0,
      "tracked_predator_slot": 0,
      "target": 0
    },
    {
      "time": 254.1,
      "tracked_predator_slot": 0,
      "target": "resting"
    },
    {
      "time": 257.6,
      "tracked_predator_slot": 0,
      "target": 0
    },
    {
      "time": 266.8,
      "tracked_predator_slot": 0,
      "target": "resting"
    },
    {
      "time": 270.3,
      "tracked_predator_slot": 0,
      "target": 0
    },
    {
      "time": 279.4,
      "tracked_predator_slot": 0,
      "target": "resting"
    },
    {
      "time": 282.9,
      "tracked_predator_slot": 0,
      "target": 0
    },
    {
      "time": 292.0,
      "tracked_predator_slot": 0,
      "target": "resting"
    },
    {
      "time": 295.5,
      "tracked_predator_slot": 0,
      "target": 0
    }
  ],
  "guide_role_trace": [
    {
      "time": 0,
      "active_guide_id": 1
    },
    {
      "time": 0.4,
      "active_guide_id": 3
    },
    {
      "time": 0.6,
      "active_guide_id": 12
    },
    {
      "time": 0.8,
      "active_guide_id": 5
    },
    {
      "time": 1.3,
      "active_guide_id": 8
    },
    {
      "time": 1.5,
      "active_guide_id": 11
    },
    {
      "time": 4.6,
      "active_guide_id": 4
    },
    {
      "time": 4.7,
      "active_guide_id": 7
    },
    {
      "time": 5.4,
      "active_guide_id": 4
    },
    {
      "time": 5.8,
      "active_guide_id": 6
    },
    {
      "time": 5.9,
      "active_guide_id": 9
    },
    {
      "time": 6.0,
      "active_guide_id": 2
    },
    {
      "time": 6.4,
      "active_guide_id": 17
    },
    {
      "time": 6.5,
      "active_guide_id": 7
    },
    {
      "time": 6.6,
      "active_guide_id": 10
    },
    {
      "time": 6.7,
      "active_guide_id": 16
    },
    {
      "time": 6.8,
      "active_guide_id": 5
    },
    {
      "time": 6.9,
      "active_guide_id": 12
    },
    {
      "time": 7.0,
      "active_guide_id": 9
    },
    {
      "time": 7.4,
      "active_guide_id": 4
    },
    {
      "time": 7.8,
      "active_guide_id": 7
    },
    {
      "time": 7.9,
      "active_guide_id": 6
    },
    {
      "time": 8.0,
      "active_guide_id": 14
    },
    {
      "time": 8.1,
      "active_guide_id": 13
    },
    {
      "time": 8.4,
      "active_guide_id": 16
    },
    {
      "time": 8.6,
      "active_guide_id": 13
    },
    {
      "time": 8.7,
      "active_guide_id": 17
    },
    {
      "time": 9.0,
      "active_guide_id": 14
    },
    {
      "time": 9.1,
      "active_guide_id": 2
    },
    {
      "time": 9.2,
      "active_guide_id": 16
    },
    {
      "time": 9.3,
      "active_guide_id": 1
    },
    {
      "time": 9.4,
      "active_guide_id": 5
    },
    {
      "time": 9.5,
      "active_guide_id": 7
    },
    {
      "time": 9.6,
      "active_guide_id": 4
    },
    {
      "time": 9.7,
      "active_guide_id": 5
    },
    {
      "time": 9.9,
      "active_guide_id": 1
    },
    {
      "time": 10.2,
      "active_guide_id": 8
    },
    {
      "time": 10.3,
      "active_guide_id": 15
    },
    {
      "time": 10.4,
      "active_guide_id": 5
    },
    {
      "time": 10.5,
      "active_guide_id": 9
    },
    {
      "time": 10.6,
      "active_guide_id": 17
    },
    {
      "time": 10.7,
      "active_guide_id": 14
    },
    {
      "time": 10.8,
      "active_guide_id": 16
    },
    {
      "time": 10.9,
      "active_guide_id": 6
    },
    {
      "time": 11.0,
      "active_guide_id": 16
    },
    {
      "time": 11.1,
      "active_guide_id": 10
    },
    {
      "time": 11.3,
      "active_guide_id": 1
    },
    {
      "time": 11.8,
      "active_guide_id": 10
    },
    {
      "time": 12.0,
      "active_guide_id": 16
    },
    {
      "time": 12.4,
      "active_guide_id": 1
    },
    {
      "time": 12.5,
      "active_guide_id": 16
    },
    {
      "time": 12.8,
      "active_guide_id": 9
    },
    {
      "time": 12.9,
      "active_guide_id": 7
    },
    {
      "time": 13.1,
      "active_guide_id": 8
    },
    {
      "time": 13.3,
      "active_guide_id": 7
    },
    {
      "time": 16.5,
      "active_guide_id": 10
    },
    {
      "time": 16.8,
      "active_guide_id": 13
    },
    {
      "time": 17.1,
      "active_guide_id": 4
    },
    {
      "time": 17.2,
      "active_guide_id": 8
    },
    {
      "time": 17.3,
      "active_guide_id": 2
    },
    {
      "time": 17.6,
      "active_guide_id": 6
    },
    {
      "time": 17.9,
      "active_guide_id": 8
    },
    {
      "time": 18.0,
      "active_guide_id": 10
    },
    {
      "time": 18.2,
      "active_guide_id": 1
    },
    {
      "time": 18.4,
      "active_guide_id": 6
    },
    {
      "time": 18.8,
      "active_guide_id": 4
    },
    {
      "time": 18.9,
      "active_guide_id": 12
    },
    {
      "time": 19.2,
      "active_guide_id": 8
    },
    {
      "time": 19.5,
      "active_guide_id": 11
    },
    {
      "time": 19.6,
      "active_guide_id": 10
    },
    {
      "time": 19.7,
      "active_guide_id": 8
    },
    {
      "time": 19.8,
      "active_guide_id": 11
    },
    {
      "time": 19.9,
      "active_guide_id": 2
    },
    {
      "time": 20.0,
      "active_guide_id": 3
    },
    {
      "time": 20.1,
      "active_guide_id": 2
    },
    {
      "time": 20.6,
      "active_guide_id": 8
    },
    {
      "time": 20.7,
      "active_guide_id": 5
    },
    {
      "time": 20.8,
      "active_guide_id": 2
    },
    {
      "time": 21.0,
      "active_guide_id": 7
    },
    {
      "time": 21.1,
      "active_guide_id": 4
    },
    {
      "time": 21.2,
      "active_guide_id": 1
    },
    {
      "time": 21.5,
      "active_guide_id": 5
    },
    {
      "time": 22.0,
      "active_guide_id": 8
    },
    {
      "time": 22.3,
      "active_guide_id": 4
    },
    {
      "time": 23.0,
      "active_guide_id": 2
    },
    {
      "time": 23.7,
      "active_guide_id": 10
    },
    {
      "time": 23.8,
      "active_guide_id": 4
    },
    {
      "time": 23.9,
      "active_guide_id": 10
    },
    {
      "time": 24.2,
      "active_guide_id": 8
    },
    {
      "time": 24.3,
      "active_guide_id": 6
    },
    {
      "time": 24.9,
      "active_guide_id": 8
    },
    {
      "time": 25.2,
      "active_guide_id": 4
    },
    {
      "time": 25.5,
      "active_guide_id": 8
    },
    {
      "time": 25.7,
      "active_guide_id": 6
    },
    {
      "time": 26.1,
      "active_guide_id": 4
    },
    {
      "time": 28.4,
      "active_guide_id": 6
    },
    {
      "time": 37.8,
      "active_guide_id": 8
    },
    {
      "time": 37.9,
      "active_guide_id": 6
    },
    {
      "time": 38.1,
      "active_guide_id": 8
    },
    {
      "time": 39.0,
      "active_guide_id": 6
    },
    {
      "time": 39.1,
      "active_guide_id": 8
    },
    {
      "time": 39.2,
      "active_guide_id": 6
    },
    {
      "time": 39.5,
      "active_guide_id": 8
    },
    {
      "time": 39.7,
      "active_guide_id": 6
    },
    {
      "time": 39.9,
      "active_guide_id": 8
    },
    {
      "time": 40.0,
      "active_guide_id": 6
    },
    {
      "time": 40.1,
      "active_guide_id": 8
    },
    {
      "time": 43.7,
      "active_guide_id": 6
    },
    {
      "time": 43.8,
      "active_guide_id": 10
    },
    {
      "time": 44.1,
      "active_guide_id": 6
    },
    {
      "time": 44.3,
      "active_guide_id": 10
    },
    {
      "time": 44.9,
      "active_guide_id": 6
    },
    {
      "time": 45.9,
      "active_guide_id": 8
    },
    {
      "time": 47.6,
      "active_guide_id": 6
    },
    {
      "time": 47.7,
      "active_guide_id": 8
    },
    {
      "time": 48.1,
      "active_guide_id": 6
    },
    {
      "time": 48.3,
      "active_guide_id": 10
    },
    {
      "time": 48.4,
      "active_guide_id": 6
    },
    {
      "time": 48.5,
      "active_guide_id": 10
    },
    {
      "time": 49.9,
      "active_guide_id": 6
    },
    {
      "time": 50.1,
      "active_guide_id": 8
    }
  ],
  "guide_follow_trace": [
    {
      "time": 0.1,
      "active_guide_id": 1,
      "tracked_predator_slot": 0
    },
    {
      "time": 0.9,
      "active_guide_id": 5,
      "tracked_predator_slot": 0
    },
    {
      "time": 1.6,
      "active_guide_id": 11,
      "tracked_predator_slot": 0
    },
    {
      "time": 4.9,
      "active_guide_id": 7,
      "tracked_predator_slot": 0
    },
    {
      "time": 5.6,
      "active_guide_id": 4,
      "tracked_predator_slot": 0
    },
    {
      "time": 6.1,
      "active_guide_id": 2,
      "tracked_predator_slot": 0
    },
    {
      "time": 7.2,
      "active_guide_id": 9,
      "tracked_predator_slot": 0
    },
    {
      "time": 7.5,
      "active_guide_id": 4,
      "tracked_predator_slot": 0
    },
    {
      "time": 8.2,
      "active_guide_id": 13,
      "tracked_predator_slot": 0
    },
    {
      "time": 8.8,
      "active_guide_id": 17,
      "tracked_predator_slot": 0
    },
    {
      "time": 9.6,
      "active_guide_id": 7,
      "tracked_predator_slot": 0
    },
    {
      "time": 12.1,
      "active_guide_id": 16,
      "tracked_predator_slot": 0
    },
    {
      "time": 12.6,
      "active_guide_id": 16,
      "tracked_predator_slot": 0
    },
    {
      "time": 16.7,
      "active_guide_id": 10,
      "tracked_predator_slot": 0
    },
    {
      "time": 17.7,
      "active_guide_id": 6,
      "tracked_predator_slot": 0
    },
    {
      "time": 18.1,
      "active_guide_id": 10,
      "tracked_predator_slot": 0
    },
    {
      "time": 18.7,
      "active_guide_id": 6,
      "tracked_predator_slot": 0
    },
    {
      "time": 19.1,
      "active_guide_id": 12,
      "tracked_predator_slot": 0
    },
    {
      "time": 20.2,
      "active_guide_id": 2,
      "tracked_predator_slot": 0
    },
    {
      "time": 20.8,
      "active_guide_id": 5,
      "tracked_predator_slot": 0
    },
    {
      "time": 21.6,
      "active_guide_id": 5,
      "tracked_predator_slot": 0
    },
    {
      "time": 22.5,
      "active_guide_id": 4,
      "tracked_predator_slot": 0
    },
    {
      "time": 23.1,
      "active_guide_id": 2,
      "tracked_predator_slot": 0
    },
    {
      "time": 23.8,
      "active_guide_id": 10,
      "tracked_predator_slot": 0
    },
    {
      "time": 24.1,
      "active_guide_id": 10,
      "tracked_predator_slot": 0
    },
    {
      "time": 24.8,
      "active_guide_id": 6,
      "tracked_predator_slot": 0
    },
    {
      "time": 25.0,
      "active_guide_id": 8,
      "tracked_predator_slot": 0
    },
    {
      "time": 25.6,
      "active_guide_id": 8,
      "tracked_predator_slot": 0
    },
    {
      "time": 25.9,
      "active_guide_id": 6,
      "tracked_predator_slot": 0
    },
    {
      "time": 29.8,
      "active_guide_id": 6,
      "tracked_predator_slot": 0
    }
  ],
  "guide_role": "child",
  "parent_role": "gather_evade",
  "child_role": "guide",
  "active_guide_id_final": 8,
  "active_guide_alive_final": true,
  "guide_role_ids": [
    1,
    2,
    3,
    4,
    5,
    6,
    7,
    8,
    9,
    10,
    11,
    12,
    13,
    14,
    15,
    16,
    17
  ],
  "bait_deployed_at": 0.1,
  "policy_bait_ready_final": false,
  "bait_left_after_deployment": null,
  "final_bait_distance_to_goal": 0.0,
  "first_guide_predator_observation": 0.1,
  "first_predator_following_guide": 0.1,
  "first_predator_following_active_guide": null,
  "tracked_seen_by_guide": 1,
  "tracked_followed_active_guide": 0,
  "physical_entered": 1,
  "guided_delivered": 1,
  "physical_losses_after_delivery": 0,
  "target_losses_after_delivery": 0,
  "physical_entry_times": [
    33.8
  ],
  "guided_delivery_times": [
    34.1
  ],
  "loss_times": [
    null
  ],
  "target_loss_times": [
    null
  ],
  "tail_seconds": 30.0,
  "tail_physical_min": 1,
  "tail_contained_min": 1,
  "final_distance_from_mouth": [
    11.8347
  ],
  "max_distance_after_delivery": [
    26.5209
  ],
  "policy_events": [
    {
      "time": 0.1,
      "kind": "parallel_native_reserve_request",
      "parent_id": 1,
      "request_number": 1,
      "observed_distance": 55.0
    },
    {
      "time": 0.2,
      "kind": "native_backup_registered",
      "agent_id": 2
    },
    {
      "time": 0.2,
      "kind": "parallel_native_reserve_request",
      "parent_id": 1,
      "request_number": 2,
      "observed_distance": 56.7775
    },
    {
      "time": 0.3,
      "kind": "native_backup_registered",
      "agent_id": 3
    },
    {
      "time": 0.3,
      "kind": "parallel_native_reserve_request",
      "parent_id": 1,
      "request_number": 3,
      "observed_distance": 58.5748
    },
    {
      "time": 0.4,
      "kind": "native_backup_registered",
      "agent_id": 4
    },
    {
      "time": 0.4,
      "kind": "public_dto_active_guide",
      "agent_id": 3,
      "reason": "minimum_observed_predator_distance_hysteresis"
    },
    {
      "time": 0.4,
      "kind": "parallel_native_reserve_request",
      "parent_id": 1,
      "request_number": 4,
      "observed_distance": 60.3753
    },
    {
      "time": 0.4,
      "kind": "parallel_native_reserve_request",
      "parent_id": 2,
      "request_number": 5,
      "observed_distance": 46.3885
    },
    {
      "time": 0.4,
      "kind": "parallel_native_reserve_request",
      "parent_id": 3,
      "request_number": 6,
      "observed_distance": 46.1132
    },
    {
      "time": 0.5,
      "kind": "native_backup_registered",
      "agent_id": 5
    },
    {
      "time": 0.5,
      "kind": "native_backup_registered",
      "agent_id": 6
    },
    {
      "time": 0.5,
      "kind": "native_backup_registered",
      "agent_id": 7
    },
    {
      "time": 0.5,
      "kind": "parallel_native_reserve_request",
      "parent_id": 4,
      "request_number": 7,
      "observed_distance": 68.1348
    },
    {
      "time": 0.5,
      "kind": "parallel_native_reserve_request",
      "parent_id": 1,
      "request_number": 8,
      "observed_distance": 62.1477
    },
    {
      "time": 0.5,
      "kind": "parallel_native_reserve_request",
      "parent_id": 2,
      "request_number": 9,
      "observed_distance": 48.7874
    },
    {
      "time": 0.5,
      "kind": "parallel_native_reserve_request",
      "parent_id": 3,
      "request_number": 10,
      "observed_distance": 42.1354
    },
    {
      "time": 0.5,
      "kind": "parallel_native_reserve_request",
      "parent_id": 6,
      "request_number": 11,
      "observed_distance": 41.7099
    },
    {
      "time": 0.5,
      "kind": "parallel_native_reserve_request",
      "parent_id": 7,
      "request_number": 12,
      "observed_distance": 39.4623
    },
    {
      "time": 0.6,
      "kind": "native_backup_registered",
      "agent_id": 8
    },
    {
      "time": 0.6,
      "kind": "native_backup_registered",
      "agent_id": 9
    },
    {
      "time": 0.6,
      "kind": "native_backup_registered",
      "agent_id": 10
    },
    {
      "time": 0.6,
      "kind": "native_backup_registered",
      "agent_id": 11
    },
    {
      "time": 0.6,
      "kind": "native_backup_registered",
      "agent_id": 12
    },
    {
      "time": 0.6,
      "kind": "native_backup_registered",
      "agent_id": 13
    },
    {
      "time": 0.6,
      "kind": "public_dto_active_guide",
      "agent_id": 12,
      "reason": "minimum_observed_predator_distance_hysteresis"
    },
    {
      "time": 0.6,
      "kind": "parallel_native_reserve_request",
      "parent_id": 4,
      "request_number": 13,
      "observed_distance": 71.4631
    },
    {
      "time": 0.6,
      "kind": "parallel_native_reserve_request",
      "parent_id": 1,
      "request_number": 14,
      "observed_distance": 64.2978
    },
    {
      "time": 0.6,
      "kind": "parallel_native_reserve_request",
      "parent_id": 2,
      "request_number": 15,
      "observed_distance": 50.7706
    },
    {
      "time": 0.6,
      "kind": "parallel_native_reserve_request",
      "parent_id": 10,
      "request_number": 16,
      "observed_distance": 49.9844
    },
    {
      "time": 0.7,
      "kind": "native_backup_registered",
      "agent_id": 14
    },
    {
      "time": 0.7,
      "kind": "native_backup_registered",
      "agent_id": 15
    },
    {
      "time": 0.7,
      "kind": "native_backup_registered",
      "agent_id": 16
    },
    {
      "time": 0.7,
      "kind": "native_backup_registered",
      "agent_id": 17
    },
    {
      "time": 0.8,
      "kind": "public_dto_active_guide",
      "agent_id": 5,
      "reason": "minimum_observed_predator_distance_hysteresis"
    },
    {
      "time": 1.3,
      "kind": "public_dto_active_guide",
      "agent_id": 8,
      "reason": "minimum_observed_predator_distance_hysteresis"
    },
    {
      "time": 1.5,
      "kind": "public_dto_active_guide",
      "agent_id": 11,
      "reason": "minimum_observed_predator_distance_hysteresis"
    },
    {
      "time": 4.6,
      "kind": "public_dto_active_guide",
      "agent_id": 4,
      "reason": "minimum_observed_predator_distance_hysteresis"
    },
    {
      "time": 4.7,
      "kind": "public_dto_active_guide",
      "agent_id": 7,
      "reason": "minimum_observed_predator_distance_hysteresis"
    },
    {
      "time": 5.4,
      "kind": "public_dto_active_guide",
      "agent_id": 4,
      "reason": "minimum_observed_predator_distance_hysteresis"
    },
    {
      "time": 5.8,
      "kind": "public_dto_active_guide",
      "agent_id": 6,
      "reason": "minimum_observed_predator_distance_hysteresis"
    },
    {
      "time": 5.9,
      "kind": "public_dto_active_guide",
      "agent_id": 9,
      "reason": "minimum_observed_predator_distance_hysteresis"
    },
    {
      "time": 6.0,
      "kind": "public_dto_active_guide",
      "agent_id": 2,
      "reason": "minimum_observed_predator_distance_hysteresis"
    },
    {
      "time": 6.4,
      "kind": "public_dto_active_guide",
      "agent_id": 17,
      "reason": "minimum_observed_predator_distance_hysteresis"
    },
    {
      "time": 6.5,
      "kind": "public_dto_active_guide",
      "agent_id": 7,
      "reason": "minimum_observed_predator_distance_hysteresis"
    },
    {
      "time": 6.6,
      "kind": "public_dto_active_guide",
      "agent_id": 10,
      "reason": "minimum_observed_predator_distance_hysteresis"
    },
    {
      "time": 6.7,
      "kind": "public_dto_active_guide",
      "agent_id": 16,
      "reason": "minimum_observed_predator_distance_hysteresis"
    },
    {
      "time": 6.8,
      "kind": "public_dto_active_guide",
      "agent_id": 5,
      "reason": "minimum_observed_predator_distance_hysteresis"
    },
    {
      "time": 6.9,
      "kind": "public_dto_active_guide",
      "agent_id": 12,
      "reason": "minimum_observed_predator_distance_hysteresis"
    },
    {
      "time": 7.0,
      "kind": "public_dto_active_guide",
      "agent_id": 9,
      "reason": "minimum_observed_predator_distance_hysteresis"
    },
    {
      "time": 7.4,
      "kind": "public_dto_active_guide",
      "agent_id": 4,
      "reason": "minimum_observed_predator_distance_hysteresis"
    },
    {
      "time": 7.8,
      "kind": "public_dto_active_guide",
      "agent_id": 7,
      "reason": "minimum_observed_predator_distance_hysteresis"
    },
    {
      "time": 7.9,
      "kind": "public_dto_active_guide",
      "agent_id": 6,
      "reason": "minimum_observed_predator_distance_hysteresis"
    },
    {
      "time": 8.0,
      "kind": "public_dto_active_guide",
      "agent_id": 14,
      "reason": "minimum_observed_predator_distance_hysteresis"
    },
    {
      "time": 8.1,
      "kind": "public_dto_active_guide",
      "agent_id": 13,
      "reason": "minimum_observed_predator_distance_hysteresis"
    },
    {
      "time": 8.4,
      "kind": "public_dto_active_guide",
      "agent_id": 16,
      "reason": "minimum_observed_predator_distance_hysteresis"
    },
    {
      "time": 8.6,
      "kind": "public_dto_active_guide",
      "agent_id": 13,
      "reason": "minimum_observed_predator_distance_hysteresis"
    },
    {
      "time": 8.7,
      "kind": "public_dto_active_guide",
      "agent_id": 17,
      "reason": "minimum_observed_predator_distance_hysteresis"
    },
    {
      "time": 9.0,
      "kind": "public_dto_active_guide",
      "agent_id": 14,
      "reason": "minimum_observed_predator_distance_hysteresis"
    },
    {
      "time": 9.1,
      "kind": "public_dto_active_guide",
      "agent_id": 2,
      "reason": "minimum_observed_predator_distance_hysteresis"
    },
    {
      "time": 9.2,
      "kind": "public_dto_active_guide",
      "agent_id": 16,
      "reason": "minimum_observed_predator_distance_hysteresis"
    },
    {
      "time": 9.3,
      "kind": "public_dto_active_guide",
      "agent_id": 1,
      "reason": "minimum_observed_predator_distance_hysteresis"
    },
    {
      "time": 9.4,
      "kind": "public_dto_active_guide",
      "agent_id": 5,
      "reason": "minimum_observed_predator_distance_hysteresis"
    },
    {
      "time": 9.5,
      "kind": "public_dto_active_guide",
      "agent_id": 7,
      "reason": "minimum_observed_predator_distance_hysteresis"
    },
    {
      "time": 9.6,
      "kind": "public_dto_active_guide",
      "agent_id": 4,
      "reason": "minimum_observed_predator_distance_hysteresis"
    },
    {
      "time": 9.7,
      "kind": "public_dto_active_guide",
      "agent_id": 5,
      "reason": "minimum_observed_predator_distance_hysteresis"
    },
    {
      "time": 9.9,
      "kind": "public_dto_active_guide",
      "agent_id": 1,
      "reason": "minimum_observed_predator_distance_hysteresis"
    },
    {
      "time": 10.2,
      "kind": "public_dto_active_guide",
      "agent_id": 8,
      "reason": "minimum_observed_predator_distance_hysteresis"
    },
    {
      "time": 10.3,
      "kind": "public_dto_active_guide",
      "agent_id": 15,
      "reason": "minimum_observed_predator_distance_hysteresis"
    },
    {
      "time": 10.4,
      "kind": "public_dto_active_guide",
      "agent_id": 5,
      "reason": "minimum_observed_predator_distance_hysteresis"
    },
    {
      "time": 10.5,
      "kind": "public_dto_active_guide",
      "agent_id": 9,
      "reason": "minimum_observed_predator_distance_hysteresis"
    },
    {
      "time": 10.6,
      "kind": "public_dto_active_guide",
      "agent_id": 17,
      "reason": "minimum_observed_predator_distance_hysteresis"
    },
    {
      "time": 10.7,
      "kind": "public_dto_active_guide",
      "agent_id": 14,
      "reason": "minimum_observed_predator_distance_hysteresis"
    },
    {
      "time": 10.8,
      "kind": "public_dto_active_guide",
      "agent_id": 16,
      "reason": "minimum_observed_predator_distance_hysteresis"
    },
    {
      "time": 10.9,
      "kind": "public_dto_active_guide",
      "agent_id": 6,
      "reason": "minimum_observed_predator_distance_hysteresis"
    },
    {
      "time": 11.0,
      "kind": "public_dto_active_guide",
      "agent_id": 16,
      "reason": "minimum_observed_predator_distance_hysteresis"
    },
    {
      "time": 11.1,
      "kind": "public_dto_active_guide",
      "agent_id": 10,
      "reason": "minimum_observed_predator_distance_hysteresis"
    },
    {
      "time": 11.3,
      "kind": "public_dto_active_guide",
      "agent_id": 1,
      "reason": "minimum_observed_predator_distance_hysteresis"
    },
    {
      "time": 11.8,
      "kind": "public_dto_active_guide",
      "agent_id": 10,
      "reason": "minimum_observed_predator_distance_hysteresis"
    },
    {
      "time": 12.0,
      "kind": "public_dto_active_guide",
      "agent_id": 16,
      "reason": "minimum_observed_predator_distance_hysteresis"
    },
    {
      "time": 12.4,
      "kind": "public_dto_active_guide",
      "agent_id": 1,
      "reason": "minimum_observed_predator_distance_hysteresis"
    },
    {
      "time": 12.5,
      "kind": "public_dto_active_guide",
      "agent_id": 16,
      "reason": "minimum_observed_predator_distance_hysteresis"
    },
    {
      "time": 12.8,
      "kind": "public_dto_active_guide",
      "agent_id": 9,
      "reason": "minimum_observed_predator_distance_hysteresis"
    },
    {
      "time": 12.9,
      "kind": "public_dto_active_guide",
      "agent_id": 7,
      "reason": "minimum_observed_predator_distance_hysteresis"
    },
    {
      "time": 13.1,
      "kind": "public_dto_active_guide",
      "agent_id": 8,
      "reason": "minimum_observed_predator_distance_hysteresis"
    },
    {
      "time": 13.3,
      "kind": "public_dto_active_guide",
      "agent_id": 7,
      "reason": "minimum_observed_predator_distance_hysteresis"
    },
    {
      "time": 16.5,
      "kind": "public_dto_active_guide",
      "agent_id": 10,
      "reason": "minimum_observed_predator_distance_hysteresis"
    },
    {
      "time": 16.8,
      "kind": "public_dto_active_guide",
      "agent_id": 13,
      "reason": "minimum_observed_predator_distance_hysteresis"
    },
    {
      "time": 17.1,
      "kind": "public_dto_active_guide",
      "agent_id": 4,
      "reason": "minimum_observed_predator_distance_hysteresis"
    },
    {
      "time": 17.2,
      "kind": "public_dto_active_guide",
      "agent_id": 8,
      "reason": "minimum_observed_predator_distance_hysteresis"
    },
    {
      "time": 17.3,
      "kind": "public_dto_active_guide",
      "agent_id": 2,
      "reason": "minimum_observed_predator_distance_hysteresis"
    },
    {
      "time": 17.6,
      "kind": "public_dto_active_guide",
      "agent_id": 6,
      "reason": "minimum_observed_predator_distance_hysteresis"
    },
    {
      "time": 17.9,
      "kind": "public_dto_active_guide",
      "agent_id": 8,
      "reason": "minimum_observed_predator_distance_hysteresis"
    },
    {
      "time": 18.0,
      "kind": "public_dto_active_guide",
      "agent_id": 10,
      "reason": "minimum_observed_predator_distance_hysteresis"
    },
    {
      "time": 18.2,
      "kind": "public_dto_active_guide",
      "agent_id": 1,
      "reason": "minimum_observed_predator_distance_hysteresis"
    },
    {
      "time": 18.4,
      "kind": "public_dto_active_guide",
      "agent_id": 6,
      "reason": "minimum_observed_predator_distance_hysteresis"
    },
    {
      "time": 18.8,
      "kind": "public_dto_active_guide",
      "agent_id": 4,
      "reason": "minimum_observed_predator_distance_hysteresis"
    },
    {
      "time": 18.9,
      "kind": "public_dto_active_guide",
      "agent_id": 12,
      "reason": "minimum_observed_predator_distance_hysteresis"
    },
    {
      "time": 19.2,
      "kind": "public_dto_active_guide",
      "agent_id": 8,
      "reason": "minimum_observed_predator_distance_hysteresis"
    },
    {
      "time": 19.5,
      "kind": "public_dto_active_guide",
      "agent_id": 11,
      "reason": "minimum_observed_predator_distance_hysteresis"
    },
    {
      "time": 19.6,
      "kind": "public_dto_active_guide",
      "agent_id": 10,
      "reason": "minimum_observed_predator_distance_hysteresis"
    },
    {
      "time": 19.7,
      "kind": "public_dto_active_guide",
      "agent_id": 8,
      "reason": "minimum_observed_predator_distance_hysteresis"
    },
    {
      "time": 19.8,
      "kind": "public_dto_active_guide",
      "agent_id": 11,
      "reason": "minimum_observed_predator_distance_hysteresis"
    },
    {
      "time": 19.9,
      "kind": "public_dto_active_guide",
      "agent_id": 2,
      "reason": "minimum_observed_predator_distance_hysteresis"
    },
    {
      "time": 20.0,
      "kind": "public_dto_active_guide",
      "agent_id": 3,
      "reason": "minimum_observed_predator_distance_hysteresis"
    },
    {
      "time": 20.1,
      "kind": "public_dto_active_guide",
      "agent_id": 2,
      "reason": "minimum_observed_predator_distance_hysteresis"
    },
    {
      "time": 20.6,
      "kind": "public_dto_active_guide",
      "agent_id": 8,
      "reason": "minimum_observed_predator_distance_hysteresis"
    },
    {
      "time": 20.7,
      "kind": "public_dto_active_guide",
      "agent_id": 5,
      "reason": "minimum_observed_predator_distance_hysteresis"
    },
    {
      "time": 20.8,
      "kind": "public_dto_active_guide",
      "agent_id": 2,
      "reason": "minimum_observed_predator_distance_hysteresis"
    },
    {
      "time": 21.0,
      "kind": "public_dto_active_guide",
      "agent_id": 7,
      "reason": "minimum_observed_predator_distance_hysteresis"
    },
    {
      "time": 21.1,
      "kind": "public_dto_active_guide",
      "agent_id": 4,
      "reason": "minimum_observed_predator_distance_hysteresis"
    },
    {
      "time": 21.2,
      "kind": "public_dto_active_guide",
      "agent_id": 1,
      "reason": "minimum_observed_predator_distance_hysteresis"
    },
    {
      "time": 21.5,
      "kind": "public_dto_active_guide",
      "agent_id": 5,
      "reason": "minimum_observed_predator_distance_hysteresis"
    },
    {
      "time": 22.0,
      "kind": "public_dto_active_guide",
      "agent_id": 8,
      "reason": "minimum_observed_predator_distance_hysteresis"
    },
    {
      "time": 22.3,
      "kind": "public_dto_active_guide",
      "agent_id": 4,
      "reason": "minimum_observed_predator_distance_hysteresis"
    },
    {
      "time": 23.0,
      "kind": "public_dto_active_guide",
      "agent_id": 2,
      "reason": "minimum_observed_predator_distance_hysteresis"
    },
    {
      "time": 23.7,
      "kind": "public_dto_active_guide",
      "agent_id": 10,
      "reason": "minimum_observed_predator_distance_hysteresis"
    },
    {
      "time": 23.8,
      "kind": "public_dto_active_guide",
      "agent_id": 4,
      "reason": "minimum_observed_predator_distance_hysteresis"
    },
    {
      "time": 23.9,
      "kind": "public_dto_active_guide",
      "agent_id": 10,
      "reason": "minimum_observed_predator_distance_hysteresis"
    },
    {
      "time": 24.2,
      "kind": "public_dto_active_guide",
      "agent_id": 8,
      "reason": "minimum_observed_predator_distance_hysteresis"
    },
    {
      "time": 24.3,
      "kind": "public_dto_active_guide",
      "agent_id": 6,
      "reason": "minimum_observed_predator_distance_hysteresis"
    },
    {
      "time": 24.9,
      "kind": "public_dto_active_guide",
      "agent_id": 8,
      "reason": "minimum_observed_predator_distance_hysteresis"
    },
    {
      "time": 25.2,
      "kind": "public_dto_active_guide",
      "agent_id": 4,
      "reason": "minimum_observed_predator_distance_hysteresis"
    },
    {
      "time": 25.5,
      "kind": "public_dto_active_guide",
      "agent_id": 8,
      "reason": "minimum_observed_predator_distance_hysteresis"
    },
    {
      "time": 25.7,
      "kind": "public_dto_active_guide",
      "agent_id": 6,
      "reason": "minimum_observed_predator_distance_hysteresis"
    },
    {
      "time": 26.1,
      "kind": "public_dto_active_guide",
      "agent_id": 4,
      "reason": "minimum_observed_predator_distance_hysteresis"
    },
    {
      "time": 28.4,
      "kind": "public_dto_active_guide",
      "agent_id": 6,
      "reason": "minimum_observed_predator_distance_hysteresis"
    },
    {
      "time": 37.8,
      "kind": "public_dto_active_guide",
      "agent_id": 8,
      "reason": "minimum_observed_predator_distance_hysteresis"
    },
    {
      "time": 37.9,
      "kind": "public_dto_active_guide",
      "agent_id": 6,
      "reason": "minimum_observed_predator_distance_hysteresis"
    },
    {
      "time": 38.1,
      "kind": "public_dto_active_guide",
      "agent_id": 8,
      "reason": "minimum_observed_predator_distance_hysteresis"
    },
    {
      "time": 39.0,
      "kind": "public_dto_active_guide",
      "agent_id": 6,
      "reason": "minimum_observed_predator_distance_hysteresis"
    },
    {
      "time": 39.1,
      "kind": "public_dto_active_guide",
      "agent_id": 8,
      "reason": "minimum_observed_predator_distance_hysteresis"
    },
    {
      "time": 39.2,
      "kind": "public_dto_active_guide",
      "agent_id": 6,
      "reason": "minimum_observed_predator_distance_hysteresis"
    },
    {
      "time": 39.5,
      "kind": "public_dto_active_guide",
      "agent_id": 8,
      "reason": "minimum_observed_predator_distance_hysteresis"
    },
    {
      "time": 39.7,
      "kind": "public_dto_active_guide",
      "agent_id": 6,
      "reason": "minimum_observed_predator_distance_hysteresis"
    },
    {
      "time": 39.9,
      "kind": "public_dto_active_guide",
      "agent_id": 8,
      "reason": "minimum_observed_predator_distance_hysteresis"
    },
    {
      "time": 40.0,
      "kind": "public_dto_active_guide",
      "agent_id": 6,
      "reason": "minimum_observed_predator_distance_hysteresis"
    },
    {
      "time": 40.1,
      "kind": "public_dto_active_guide",
      "agent_id": 8,
      "reason": "minimum_observed_predator_distance_hysteresis"
    },
    {
      "time": 43.7,
      "kind": "public_dto_active_guide",
      "agent_id": 6,
      "reason": "minimum_observed_predator_distance_hysteresis"
    },
    {
      "time": 43.8,
      "kind": "public_dto_active_guide",
      "agent_id": 10,
      "reason": "minimum_observed_predator_distance_hysteresis"
    },
    {
      "time": 44.1,
      "kind": "public_dto_active_guide",
      "agent_id": 6,
      "reason": "minimum_observed_predator_distance_hysteresis"
    },
    {
      "time": 44.3,
      "kind": "public_dto_active_guide",
      "agent_id": 10,
      "reason": "minimum_observed_predator_distance_hysteresis"
    },
    {
      "time": 44.9,
      "kind": "public_dto_active_guide",
      "agent_id": 6,
      "reason": "minimum_observed_predator_distance_hysteresis"
    },
    {
      "time": 45.9,
      "kind": "public_dto_active_guide",
      "agent_id": 8,
      "reason": "minimum_observed_predator_distance_hysteresis"
    },
    {
      "time": 47.6,
      "kind": "public_dto_active_guide",
      "agent_id": 6,
      "reason": "minimum_observed_predator_distance_hysteresis"
    },
    {
      "time": 47.7,
      "kind": "public_dto_active_guide",
      "agent_id": 8,
      "reason": "minimum_observed_predator_distance_hysteresis"
    },
    {
      "time": 48.1,
      "kind": "public_dto_active_guide",
      "agent_id": 6,
      "reason": "minimum_observed_predator_distance_hysteresis"
    },
    {
      "time": 48.3,
      "kind": "public_dto_active_guide",
      "agent_id": 10,
      "reason": "minimum_observed_predator_distance_hysteresis"
    },
    {
      "time": 48.4,
      "kind": "public_dto_active_guide",
      "agent_id": 6,
      "reason": "minimum_observed_predator_distance_hysteresis"
    },
    {
      "time": 48.5,
      "kind": "public_dto_active_guide",
      "agent_id": 10,
      "reason": "minimum_observed_predator_distance_hysteresis"
    },
    {
      "time": 49.9,
      "kind": "public_dto_active_guide",
      "agent_id": 6,
      "reason": "minimum_observed_predator_distance_hysteresis"
    },
    {
      "time": 50.1,
      "kind": "public_dto_active_guide",
      "agent_id": 8,
      "reason": "minimum_observed_predator_distance_hysteresis"
    }
  ],
  "success": true,
  "replay": "results/simple_chase/replays/real-map-ParallelGuides-m10363-f20363-p1-direct_guide-sitebait1-3df1e32d.json.gz"
}
/home/Ucals/projects/NordicCupAI-wall-funneling/survival-simulator/oscar-trap-research/survival/results/simple_chase/real-map-ParallelGuides-m10363-f20363-p1-direct_guide-sitebait1-3df1e32d.json
