Running as unit: run-p929224-i937596.scope; invocation ID: b4f13a6a5eba4caeace89e426d1921fb
{"progress": "real-map-ParallelGuides-m10361-f20361-p1-direct_guide-sitebait1-4d50c478", "time": 10.0, "bait_deployed": 0.1, "policy_bait_ready": false, "encounter": 0.1, "oracle_handoff": null, "children": 16, "active_guide_id": 8, "guide_alive": true, "active_guide_alive": true, "guided_delivered": 0}
{"progress": "real-map-ParallelGuides-m10361-f20361-p1-direct_guide-sitebait1-4d50c478", "time": 20.0, "bait_deployed": 0.1, "policy_bait_ready": false, "encounter": 0.1, "oracle_handoff": null, "children": 16, "active_guide_id": 13, "guide_alive": true, "active_guide_alive": true, "guided_delivered": 0}
{"progress": "real-map-ParallelGuides-m10361-f20361-p1-direct_guide-sitebait1-4d50c478", "time": 30.0, "bait_deployed": 0.1, "policy_bait_ready": false, "encounter": 0.1, "oracle_handoff": null, "children": 16, "active_guide_id": 1, "guide_alive": true, "active_guide_alive": true, "guided_delivered": 0}
{"progress": "real-map-ParallelGuides-m10361-f20361-p1-direct_guide-sitebait1-4d50c478", "time": 40.0, "bait_deployed": 0.1, "policy_bait_ready": false, "encounter": 0.1, "oracle_handoff": null, "children": 16, "active_guide_id": 13, "guide_alive": false, "active_guide_alive": true, "guided_delivered": 0}
{"progress": "real-map-ParallelGuides-m10361-f20361-p1-direct_guide-sitebait1-4d50c478", "time": 50.0, "bait_deployed": 0.1, "policy_bait_ready": false, "encounter": 0.1, "oracle_handoff": null, "children": 16, "active_guide_id": 13, "guide_alive": false, "active_guide_alive": true, "guided_delivered": 0}
{"progress": "real-map-ParallelGuides-m10361-f20361-p1-direct_guide-sitebait1-4d50c478", "time": 60.0, "bait_deployed": 0.1, "policy_bait_ready": false, "encounter": 0.1, "oracle_handoff": null, "children": 16, "active_guide_id": 13, "guide_alive": false, "active_guide_alive": true, "guided_delivered": 0}
{"progress": "real-map-ParallelGuides-m10361-f20361-p1-direct_guide-sitebait1-4d50c478", "time": 70.0, "bait_deployed": 0.1, "policy_bait_ready": false, "encounter": 0.1, "oracle_handoff": null, "children": 16, "active_guide_id": 13, "guide_alive": false, "active_guide_alive": true, "guided_delivered": 0}
{"progress": "real-map-ParallelGuides-m10361-f20361-p1-direct_guide-sitebait1-4d50c478", "time": 80.0, "bait_deployed": 0.1, "policy_bait_ready": false, "encounter": 0.1, "oracle_handoff": null, "children": 16, "active_guide_id": 13, "guide_alive": false, "active_guide_alive": true, "guided_delivered": 0}
{"progress": "real-map-ParallelGuides-m10361-f20361-p1-direct_guide-sitebait1-4d50c478", "time": 90.0, "bait_deployed": 0.1, "policy_bait_ready": false, "encounter": 0.1, "oracle_handoff": null, "children": 16, "active_guide_id": 13, "guide_alive": false, "active_guide_alive": true, "guided_delivered": 0}
{"progress": "real-map-ParallelGuides-m10361-f20361-p1-direct_guide-sitebait1-4d50c478", "time": 100.0, "bait_deployed": 0.1, "policy_bait_ready": false, "encounter": 0.1, "oracle_handoff": null, "children": 16, "active_guide_id": 13, "guide_alive": false, "active_guide_alive": true, "guided_delivered": 0}
{"progress": "real-map-ParallelGuides-m10361-f20361-p1-direct_guide-sitebait1-4d50c478", "time": 110.0, "bait_deployed": 0.1, "policy_bait_ready": false, "encounter": 0.1, "oracle_handoff": null, "children": 16, "active_guide_id": 13, "guide_alive": false, "active_guide_alive": false, "guided_delivered": 0}
{"progress": "real-map-ParallelGuides-m10361-f20361-p1-direct_guide-sitebait1-4d50c478", "time": 120.0, "bait_deployed": 0.1, "policy_bait_ready": false, "encounter": 0.1, "oracle_handoff": null, "children": 16, "active_guide_id": 13, "guide_alive": false, "active_guide_alive": false, "guided_delivered": 0}
{"progress": "real-map-ParallelGuides-m10361-f20361-p1-direct_guide-sitebait1-4d50c478", "time": 130.0, "bait_deployed": 0.1, "policy_bait_ready": false, "encounter": 0.1, "oracle_handoff": null, "children": 16, "active_guide_id": 13, "guide_alive": false, "active_guide_alive": false, "guided_delivered": 0}
{"progress": "real-map-ParallelGuides-m10361-f20361-p1-direct_guide-sitebait1-4d50c478", "time": 140.0, "bait_deployed": 0.1, "policy_bait_ready": false, "encounter": 0.1, "oracle_handoff": null, "children": 16, "active_guide_id": 13, "guide_alive": false, "active_guide_alive": false, "guided_delivered": 0}
{"progress": "real-map-ParallelGuides-m10361-f20361-p1-direct_guide-sitebait1-4d50c478", "time": 150.0, "bait_deployed": 0.1, "policy_bait_ready": false, "encounter": 0.1, "oracle_handoff": null, "children": 16, "active_guide_id": 13, "guide_alive": false, "active_guide_alive": false, "guided_delivered": 0}
{"progress": "real-map-ParallelGuides-m10361-f20361-p1-direct_guide-sitebait1-4d50c478", "time": 160.0, "bait_deployed": 0.1, "policy_bait_ready": false, "encounter": 0.1, "oracle_handoff": null, "children": 16, "active_guide_id": 13, "guide_alive": false, "active_guide_alive": false, "guided_delivered": 1}
{"progress": "real-map-ParallelGuides-m10361-f20361-p1-direct_guide-sitebait1-4d50c478", "time": 170.0, "bait_deployed": 0.1, "policy_bait_ready": false, "encounter": 0.1, "oracle_handoff": null, "children": 16, "active_guide_id": 13, "guide_alive": false, "active_guide_alive": false, "guided_delivered": 1}
{"progress": "real-map-ParallelGuides-m10361-f20361-p1-direct_guide-sitebait1-4d50c478", "time": 180.0, "bait_deployed": 0.1, "policy_bait_ready": false, "encounter": 0.1, "oracle_handoff": null, "children": 16, "active_guide_id": 13, "guide_alive": false, "active_guide_alive": false, "guided_delivered": 1}
{"progress": "real-map-ParallelGuides-m10361-f20361-p1-direct_guide-sitebait1-4d50c478", "time": 190.0, "bait_deployed": 0.1, "policy_bait_ready": false, "encounter": 0.1, "oracle_handoff": null, "children": 16, "active_guide_id": 13, "guide_alive": false, "active_guide_alive": false, "guided_delivered": 1}
{"progress": "real-map-ParallelGuides-m10361-f20361-p1-direct_guide-sitebait1-4d50c478", "time": 200.0, "bait_deployed": 0.1, "policy_bait_ready": false, "encounter": 0.1, "oracle_handoff": null, "children": 16, "active_guide_id": 13, "guide_alive": false, "active_guide_alive": false, "guided_delivered": 1}
{"progress": "real-map-ParallelGuides-m10361-f20361-p1-direct_guide-sitebait1-4d50c478", "time": 210.0, "bait_deployed": 0.1, "policy_bait_ready": false, "encounter": 0.1, "oracle_handoff": null, "children": 16, "active_guide_id": 13, "guide_alive": false, "active_guide_alive": false, "guided_delivered": 1}
{"progress": "real-map-ParallelGuides-m10361-f20361-p1-direct_guide-sitebait1-4d50c478", "time": 220.0, "bait_deployed": 0.1, "policy_bait_ready": false, "encounter": 0.1, "oracle_handoff": null, "children": 16, "active_guide_id": 13, "guide_alive": false, "active_guide_alive": false, "guided_delivered": 1}
{"progress": "real-map-ParallelGuides-m10361-f20361-p1-direct_guide-sitebait1-4d50c478", "time": 230.0, "bait_deployed": 0.1, "policy_bait_ready": false, "encounter": 0.1, "oracle_handoff": null, "children": 16, "active_guide_id": 13, "guide_alive": false, "active_guide_alive": false, "guided_delivered": 1}
{"progress": "real-map-ParallelGuides-m10361-f20361-p1-direct_guide-sitebait1-4d50c478", "time": 240.0, "bait_deployed": 0.1, "policy_bait_ready": false, "encounter": 0.1, "oracle_handoff": null, "children": 16, "active_guide_id": 13, "guide_alive": false, "active_guide_alive": false, "guided_delivered": 1}
{"progress": "real-map-ParallelGuides-m10361-f20361-p1-direct_guide-sitebait1-4d50c478", "time": 250.0, "bait_deployed": 0.1, "policy_bait_ready": false, "encounter": 0.1, "oracle_handoff": null, "children": 16, "active_guide_id": 13, "guide_alive": false, "active_guide_alive": false, "guided_delivered": 1}
{"progress": "real-map-ParallelGuides-m10361-f20361-p1-direct_guide-sitebait1-4d50c478", "time": 260.0, "bait_deployed": 0.1, "policy_bait_ready": false, "encounter": 0.1, "oracle_handoff": null, "children": 16, "active_guide_id": 13, "guide_alive": false, "active_guide_alive": false, "guided_delivered": 1}
{"progress": "real-map-ParallelGuides-m10361-f20361-p1-direct_guide-sitebait1-4d50c478", "time": 270.0, "bait_deployed": 0.1, "policy_bait_ready": false, "encounter": 0.1, "oracle_handoff": null, "children": 16, "active_guide_id": 13, "guide_alive": false, "active_guide_alive": false, "guided_delivered": 1}
{"progress": "real-map-ParallelGuides-m10361-f20361-p1-direct_guide-sitebait1-4d50c478", "time": 280.0, "bait_deployed": 0.1, "policy_bait_ready": false, "encounter": 0.1, "oracle_handoff": null, "children": 16, "active_guide_id": 13, "guide_alive": false, "active_guide_alive": false, "guided_delivered": 1}
{"progress": "real-map-ParallelGuides-m10361-f20361-p1-direct_guide-sitebait1-4d50c478", "time": 290.0, "bait_deployed": 0.1, "policy_bait_ready": false, "encounter": 0.1, "oracle_handoff": null, "children": 16, "active_guide_id": 13, "guide_alive": false, "active_guide_alive": false, "guided_delivered": 1}
{"progress": "real-map-ParallelGuides-m10361-f20361-p1-direct_guide-sitebait1-4d50c478", "time": 300.0, "bait_deployed": 0.1, "policy_bait_ready": false, "encounter": 0.1, "oracle_handoff": null, "children": 16, "active_guide_id": 13, "guide_alive": false, "active_guide_alive": false, "guided_delivered": 1}
{"viewer_manifest_refresh": {"status": "deferred", "reason": "bounded-memory runs defer full-replay viewer processing"}}
{
  "schema": "real-map-intake-result-v2",
  "policy": "integrated_guide.policy_v35_parallel_reserves:ParallelGuides",
  "policy_hash": "8236356eaeb5e3dc864877be08babdf7d10084ea64f03d95a87c0132906528a4",
  "harness_hashes": {
    "research/simple_chase/run_streaming_v2.py": "837e02b05d1ba3af71df0949cb30beb18a8b2844f090f8b383c692192c52719a",
    "research/simple_chase/sampling.py": "1efb7d309c4cc79bc87916c1bea72a7845e78d0c2cdf0aeaf9e2a758ceed48ab",
    "research/simple_chase/static_map.py": "197b16cbe9dd2e3dd06b81fe9481986a97bd92d9c2a55f33597cc9b7280faf3c",
    "debugger/streaming_recorder_v2.py": "d5ecda6bb39ec74a9ad86fb20458df5de7f466d73052558af9e2877be3d99b19"
  },
  "mode": "direct_guide",
  "map_seed": 10361,
  "fixture_seed": 20361,
  "static_map_hash": "68864d08c7253c6aa9d4f3801a1a6236d282aaee1937f3453966dcc096b1f7cb",
  "site": {
    "mouth": [
      984.7815,
      355.393
    ],
    "inward": [
      0.0,
      -1.0
    ],
    "cross": [
      1.0,
      0.0
    ],
    "goal": [
      984.7815,
      350.393
    ],
    "far": [
      984.7815,
      480.393
    ],
    "hold": [
      984.7815,
      430.393
    ],
    "gap": 12.4883,
    "overlap": 49.613,
    "runup": [
      984.7815,
      605.393
    ],
    "approach_lane_offset": 0.0,
    "offset_approach": false,
    "obstacle_indices": [
      10,
      25
    ],
    "axis": 0,
    "other_mouth": [
      984.7815,
      305.78
    ],
    "replacement_entry": [
      984.7815,
      285.78
    ],
    "second_access_clear": true,
    "second_access_radius": 5.01,
    "bait_depth": 5.0,
    "boundary_indices": [],
    "geometric_replacement_access_only": true
  },
  "station_bait": true,
  "requested_seconds": 300.0,
  "seconds": 300.0,
  "reason": "horizon",
  "native_render": true,
  "reproduction_of": null,
  "record_every_ticks": 1,
  "replay_frames": 3001,
  "initial_predators": 1,
  "final_predators_total": 3,
  "tracked_predators_present_final": 1,
  "ambient_predators_spawned": 2,
  "ambient_predators_present_final": 2,
  "agent_energy_refilled": true,
  "predator_state_native": false,
  "predator_dynamics_native_after_setup": true,
  "arranged_adjacent_awake_start": true,
  "bait_id": 0,
  "guide_id": 1,
  "bait_alive": true,
  "guide_alive": false,
  "deaths": [
    {
      "time": 0.5,
      "agent_id": 14,
      "role": "native_child"
    },
    {
      "time": 0.9,
      "agent_id": 12,
      "role": "native_child"
    },
    {
      "time": 1.0,
      "agent_id": 7,
      "role": "native_child"
    },
    {
      "time": 1.0,
      "agent_id": 11,
      "role": "native_child"
    },
    {
      "time": 2.4,
      "agent_id": 3,
      "role": "native_child"
    },
    {
      "time": 32.7,
      "agent_id": 15,
      "role": "native_child"
    },
    {
      "time": 32.8,
      "agent_id": 1,
      "role": "parent_guide"
    },
    {
      "time": 32.8,
      "agent_id": 10,
      "role": "native_child"
    },
    {
      "time": 32.8,
      "agent_id": 16,
      "role": "native_child"
    },
    {
      "time": 44.9,
      "agent_id": 2,
      "role": "native_child"
    },
    {
      "time": 44.9,
      "agent_id": 4,
      "role": "native_child"
    },
    {
      "time": 44.9,
      "agent_id": 5,
      "role": "native_child"
    },
    {
      "time": 44.9,
      "agent_id": 8,
      "role": "native_child"
    },
    {
      "time": 44.9,
      "agent_id": 9,
      "role": "native_child"
    },
    {
      "time": 44.9,
      "agent_id": 17,
      "role": "native_child"
    },
    {
      "time": 45.0,
      "agent_id": 6,
      "role": "native_child"
    },
    {
      "time": 106.3,
      "agent_id": 13,
      "role": "native_child"
    }
  ],
  "spawn_requests": [
    {
      "time": 0.1,
      "parent_id": 1
    },
    {
      "time": 0.2,
      "parent_id": 1
    },
    {
      "time": 0.2,
      "parent_id": 2
    },
    {
      "time": 0.3,
      "parent_id": 1
    },
    {
      "time": 0.3,
      "parent_id": 2
    },
    {
      "time": 0.3,
      "parent_id": 3
    },
    {
      "time": 0.3,
      "parent_id": 4
    },
    {
      "time": 0.4,
      "parent_id": 1
    },
    {
      "time": 0.4,
      "parent_id": 2
    },
    {
      "time": 0.4,
      "parent_id": 3
    },
    {
      "time": 0.4,
      "parent_id": 4
    },
    {
      "time": 0.4,
      "parent_id": 7
    },
    {
      "time": 0.4,
      "parent_id": 8
    },
    {
      "time": 0.5,
      "parent_id": 1
    },
    {
      "time": 0.5,
      "parent_id": 7
    },
    {
      "time": 0.5,
      "parent_id": 9
    }
  ],
  "child_births": [
    {
      "time": 0.1,
      "child_id": 2,
      "x": 889.1758,
      "y": 178.7081,
      "requesting_parent_ids": [
        1
      ],
      "native_parent_proximity_spawn": true
    },
    {
      "time": 0.2,
      "child_id": 3,
      "x": 893.2592,
      "y": 216.8242,
      "requesting_parent_ids": [
        1,
        2
      ],
      "native_parent_proximity_spawn": true
    },
    {
      "time": 0.2,
      "child_id": 4,
      "x": 882.5876,
      "y": 197.5919,
      "requesting_parent_ids": [
        1,
        2
      ],
      "native_parent_proximity_spawn": true
    },
    {
      "time": 0.3,
      "child_id": 5,
      "x": 857.9961,
      "y": 232.7676,
      "requesting_parent_ids": [
        1,
        2,
        3,
        4
      ],
      "native_parent_proximity_spawn": true
    },
    {
      "time": 0.3,
      "child_id": 6,
      "x": 854.8994,
      "y": 212.3255,
      "requesting_parent_ids": [
        1,
        2,
        3,
        4
      ],
      "native_parent_proximity_spawn": true
    },
    {
      "time": 0.3,
      "child_id": 7,
      "x": 873.0923,
      "y": 239.9077,
      "requesting_parent_ids": [
        1,
        2,
        3,
        4
      ],
      "native_parent_proximity_spawn": true
    },
    {
      "time": 0.3,
      "child_id": 8,
      "x": 871.9156,
      "y": 214.5066,
      "requesting_parent_ids": [
        1,
        2,
        3,
        4
      ],
      "native_parent_proximity_spawn": true
    },
    {
      "time": 0.4,
      "child_id": 9,
      "x": 859.1995,
      "y": 253.9255,
      "requesting_parent_ids": [
        1,
        2,
        3,
        4,
        7,
        8
      ],
      "native_parent_proximity_spawn": true
    },
    {
      "time": 0.4,
      "child_id": 10,
      "x": 857.6168,
      "y": 228.4904,
      "requesting_parent_ids": [
        1,
        2,
        3,
        4,
        7,
        8
      ],
      "native_parent_proximity_spawn": true
    },
    {
      "time": 0.4,
      "child_id": 11,
      "x": 879.6549,
      "y": 272.1405,
      "requesting_parent_ids": [
        1,
        2,
        3,
        4,
        7,
        8
      ],
      "native_parent_proximity_spawn": true
    },
    {
      "time": 0.4,
      "child_id": 12,
      "x": 857.6168,
      "y": 228.4904,
      "requesting_parent_ids": [
        1,
        2,
        3,
        4,
        7,
        8
      ],
      "native_parent_proximity_spawn": true
    },
    {
      "time": 0.4,
      "child_id": 13,
      "x": 857.6239,
      "y": 226.4523,
      "requesting_parent_ids": [
        1,
        2,
        3,
        4,
        7,
        8
      ],
      "native_parent_proximity_spawn": true
    },
    {
      "time": 0.4,
      "child_id": 14,
      "x": 872.4143,
      "y": 206.7103,
      "requesting_parent_ids": [
        1,
        2,
        3,
        4,
        7,
        8
      ],
      "native_parent_proximity_spawn": true
    },
    {
      "time": 0.5,
      "child_id": 15,
      "x": 850.0677,
      "y": 266.0739,
      "requesting_parent_ids": [
        1,
        7,
        9
      ],
      "native_parent_proximity_spawn": true
    },
    {
      "time": 0.5,
      "child_id": 16,
      "x": 856.354,
      "y": 275.3432,
      "requesting_parent_ids": [
        1,
        7,
        9
      ],
      "native_parent_proximity_spawn": true
    },
    {
      "time": 0.5,
      "child_id": 17,
      "x": 849.7944,
      "y": 258.9867,
      "requesting_parent_ids": [
        1,
        7,
        9
      ],
      "native_parent_proximity_spawn": true
    }
  ],
  "fruit_consumptions": [
    {
      "time": 12.2,
      "agent_id": 1,
      "x": 707.3151,
      "y": 131.986
    },
    {
      "time": 20.1,
      "agent_id": 2,
      "x": 700.2985,
      "y": 357.0801
    },
    {
      "time": 20.1,
      "agent_id": 2,
      "x": 702.1822,
      "y": 350.3887
    },
    {
      "time": 25.3,
      "agent_id": 6,
      "x": 633.8674,
      "y": 277.4815
    },
    {
      "time": 35.0,
      "agent_id": 8,
      "x": 703.4603,
      "y": 305.425
    },
    {
      "time": 36.1,
      "agent_id": 4,
      "x": 627.9534,
      "y": 274.3062
    },
    {
      "time": 42.2,
      "agent_id": 4,
      "x": 546.5882,
      "y": 196.6859
    },
    {
      "time": 42.4,
      "agent_id": 4,
      "x": 544.7171,
      "y": 185.9152
    },
    {
      "time": 43.2,
      "agent_id": 13,
      "x": 635.3909,
      "y": 297.1775
    },
    {
      "time": 43.3,
      "agent_id": 4,
      "x": 641.1491,
      "y": 266.966
    },
    {
      "time": 56.9,
      "agent_id": 13,
      "x": 701.9891,
      "y": 301.094
    },
    {
      "time": 66.1,
      "agent_id": 13,
      "x": 469.8881,
      "y": 415.0556
    },
    {
      "time": 66.5,
      "agent_id": 13,
      "x": 441.6904,
      "y": 418.772
    },
    {
      "time": 69.3,
      "agent_id": 13,
      "x": 343.6183,
      "y": 235.1245
    },
    {
      "time": 69.8,
      "agent_id": 13,
      "x": 335.0127,
      "y": 295.8941
    },
    {
      "time": 71.1,
      "agent_id": 13,
      "x": 331.3755,
      "y": 243.2531
    },
    {
      "time": 72.8,
      "agent_id": 13,
      "x": 357.208,
      "y": 177.4282
    },
    {
      "time": 73.2,
      "agent_id": 13,
      "x": 321.461,
      "y": 196.1226
    },
    {
      "time": 73.3,
      "agent_id": 13,
      "x": 342.6158,
      "y": 222.0934
    },
    {
      "time": 74.7,
      "agent_id": 13,
      "x": 486.0751,
      "y": 226.4599
    },
    {
      "time": 78.9,
      "agent_id": 13,
      "x": 598.6822,
      "y": 225.9281
    },
    {
      "time": 79.7,
      "agent_id": 13,
      "x": 637.0666,
      "y": 291.4765
    },
    {
      "time": 79.8,
      "agent_id": 13,
      "x": 667.12,
      "y": 283.3815
    },
    {
      "time": 80.3,
      "agent_id": 13,
      "x": 623.7678,
      "y": 280.6286
    },
    {
      "time": 80.9,
      "agent_id": 13,
      "x": 692.5022,
      "y": 225.8697
    },
    {
      "time": 82.7,
      "agent_id": 13,
      "x": 589.9175,
      "y": 191.7199
    },
    {
      "time": 84.0,
      "agent_id": 13,
      "x": 464.0905,
      "y": 253.1132
    },
    {
      "time": 84.6,
      "agent_id": 13,
      "x": 455.7038,
      "y": 172.7065
    },
    {
      "time": 85.5,
      "agent_id": 13,
      "x": 529.3711,
      "y": 220.6529
    },
    {
      "time": 88.1,
      "agent_id": 13,
      "x": 582.5429,
      "y": 262.4023
    },
    {
      "time": 89.1,
      "agent_id": 13,
      "x": 541.4002,
      "y": 255.8455
    },
    {
      "time": 91.8,
      "agent_id": 13,
      "x": 541.0827,
      "y": 243.0625
    },
    {
      "time": 94.2,
      "agent_id": 13,
      "x": 610.0591,
      "y": 359.479
    },
    {
      "time": 98.0,
      "agent_id": 13,
      "x": 664.1172,
      "y": 307.9724
    },
    {
      "time": 102.1,
      "agent_id": 13,
      "x": 708.8512,
      "y": 353.0823
    }
  ],
  "parent_fruit_consumed_before_tracked_encounter": 0,
  "tracked_encounter_times": [
    0.1
  ],
  "conditional_delivery_denominator": true,
  "conditional_delivery_status": "not_applicable",
  "setup_oracle": false,
  "setup_oracle_target": null,
  "setup_oracle_ticks": 0,
  "setup_oracle_routing": null,
  "setup_oracle_route_resets": 0,
  "setup_oracle_policy_reset_before_handoff_act": false,
  "setup_oracle_handoff_time": null,
  "dynamic_action_privilege_ended_at": null,
  "target_switches": [
    {
      "time": 0.1,
      "tracked_predator_slot": 0,
      "target": 1
    },
    {
      "time": 0.2,
      "tracked_predator_slot": 0,
      "target": 2
    },
    {
      "time": 0.5,
      "tracked_predator_slot": 0,
      "target": 6
    },
    {
      "time": 0.6,
      "tracked_predator_slot": 0,
      "target": 5
    },
    {
      "time": 0.8,
      "tracked_predator_slot": 0,
      "target": 10
    },
    {
      "time": 1.2,
      "tracked_predator_slot": 0,
      "target": 3
    },
    {
      "time": 2.4,
      "tracked_predator_slot": 0,
      "target": null
    },
    {
      "time": 2.6,
      "tracked_predator_slot": 0,
      "target": 1
    },
    {
      "time": 2.7,
      "tracked_predator_slot": 0,
      "target": 6
    },
    {
      "time": 2.8,
      "tracked_predator_slot": 0,
      "target": 1
    },
    {
      "time": 2.9,
      "tracked_predator_slot": 0,
      "target": 16
    },
    {
      "time": 3.0,
      "tracked_predator_slot": 0,
      "target": 8
    },
    {
      "time": 3.1,
      "tracked_predator_slot": 0,
      "target": 10
    },
    {
      "time": 3.2,
      "tracked_predator_slot": 0,
      "target": 1
    },
    {
      "time": 3.3,
      "tracked_predator_slot": 0,
      "target": 8
    },
    {
      "time": 3.7,
      "tracked_predator_slot": 0,
      "target": 10
    },
    {
      "time": 3.8,
      "tracked_predator_slot": 0,
      "target": 8
    },
    {
      "time": 4.0,
      "tracked_predator_slot": 0,
      "target": 10
    },
    {
      "time": 4.1,
      "tracked_predator_slot": 0,
      "target": 4
    },
    {
      "time": 4.2,
      "tracked_predator_slot": 0,
      "target": 17
    },
    {
      "time": 4.3,
      "tracked_predator_slot": 0,
      "target": 15
    },
    {
      "time": 4.4,
      "tracked_predator_slot": 0,
      "target": 8
    },
    {
      "time": 4.7,
      "tracked_predator_slot": 0,
      "target": 16
    },
    {
      "time": 5.3,
      "tracked_predator_slot": 0,
      "target": 5
    },
    {
      "time": 5.9,
      "tracked_predator_slot": 0,
      "target": 6
    },
    {
      "time": 6.0,
      "tracked_predator_slot": 0,
      "target": 13
    },
    {
      "time": 6.1,
      "tracked_predator_slot": 0,
      "target": 6
    },
    {
      "time": 6.2,
      "tracked_predator_slot": 0,
      "target": 1
    },
    {
      "time": 6.3,
      "tracked_predator_slot": 0,
      "target": 8
    },
    {
      "time": 6.4,
      "tracked_predator_slot": 0,
      "target": 13
    },
    {
      "time": 6.5,
      "tracked_predator_slot": 0,
      "target": 10
    },
    {
      "time": 6.6,
      "tracked_predator_slot": 0,
      "target": 1
    },
    {
      "time": 6.9,
      "tracked_predator_slot": 0,
      "target": 8
    },
    {
      "time": 7.0,
      "tracked_predator_slot": 0,
      "target": 9
    },
    {
      "time": 7.1,
      "tracked_predator_slot": 0,
      "target": 10
    },
    {
      "time": 7.6,
      "tracked_predator_slot": 0,
      "target": 5
    },
    {
      "time": 7.8,
      "tracked_predator_slot": 0,
      "target": 13
    },
    {
      "time": 7.9,
      "tracked_predator_slot": 0,
      "target": 5
    },
    {
      "time": 8.5,
      "tracked_predator_slot": 0,
      "target": 4
    },
    {
      "time": 8.6,
      "tracked_predator_slot": 0,
      "target": 5
    },
    {
      "time": 9.3,
      "tracked_predator_slot": 0,
      "target": 17
    },
    {
      "time": 9.4,
      "tracked_predator_slot": 0,
      "target": 13
    },
    {
      "time": 9.5,
      "tracked_predator_slot": 0,
      "target": 6
    },
    {
      "time": 9.6,
      "tracked_predator_slot": 0,
      "target": 8
    },
    {
      "time": 9.7,
      "tracked_predator_slot": 0,
      "target": 2
    },
    {
      "time": 9.8,
      "tracked_predator_slot": 0,
      "target": 16
    },
    {
      "time": 9.9,
      "tracked_predator_slot": 0,
      "target": 6
    },
    {
      "time": 10.1,
      "tracked_predator_slot": 0,
      "target": 9
    },
    {
      "time": 10.2,
      "tracked_predator_slot": 0,
      "target": 13
    },
    {
      "time": 10.3,
      "tracked_predator_slot": 0,
      "target": 8
    },
    {
      "time": 10.4,
      "tracked_predator_slot": 0,
      "target": 16
    },
    {
      "time": 10.5,
      "tracked_predator_slot": 0,
      "target": 15
    },
    {
      "time": 10.6,
      "tracked_predator_slot": 0,
      "target": 2
    },
    {
      "time": 10.7,
      "tracked_predator_slot": 0,
      "target": 17
    },
    {
      "time": 10.8,
      "tracked_predator_slot": 0,
      "target": 2
    },
    {
      "time": 10.9,
      "tracked_predator_slot": 0,
      "target": 4
    },
    {
      "time": 11.0,
      "tracked_predator_slot": 0,
      "target": 1
    },
    {
      "time": 11.1,
      "tracked_predator_slot": 0,
      "target": 10
    },
    {
      "time": 11.3,
      "tracked_predator_slot": 0,
      "target": 5
    },
    {
      "time": 11.4,
      "tracked_predator_slot": 0,
      "target": 8
    },
    {
      "time": 11.6,
      "tracked_predator_slot": 0,
      "target": 15
    },
    {
      "time": 11.8,
      "tracked_predator_slot": 0,
      "target": 5
    },
    {
      "time": 12.1,
      "tracked_predator_slot": 0,
      "target": 9
    },
    {
      "time": 12.2,
      "tracked_predator_slot": 0,
      "target": 8
    },
    {
      "time": 12.3,
      "tracked_predator_slot": 0,
      "target": 5
    },
    {
      "time": 12.5,
      "tracked_predator_slot": 0,
      "target": 9
    },
    {
      "time": 12.6,
      "tracked_predator_slot": 0,
      "target": 8
    },
    {
      "time": 12.7,
      "tracked_predator_slot": 0,
      "target": 9
    },
    {
      "time": 12.9,
      "tracked_predator_slot": 0,
      "target": 13
    },
    {
      "time": 13.0,
      "tracked_predator_slot": 0,
      "target": 17
    },
    {
      "time": 13.1,
      "tracked_predator_slot": 0,
      "target": 13
    },
    {
      "time": 13.2,
      "tracked_predator_slot": 0,
      "target": 17
    },
    {
      "time": 13.3,
      "tracked_predator_slot": 0,
      "target": 8
    },
    {
      "time": 13.4,
      "tracked_predator_slot": 0,
      "target": 17
    },
    {
      "time": 13.5,
      "tracked_predator_slot": 0,
      "target": 9
    },
    {
      "time": 13.6,
      "tracked_predator_slot": 0,
      "target": 1
    },
    {
      "time": 13.7,
      "tracked_predator_slot": 0,
      "target": 16
    },
    {
      "time": 13.8,
      "tracked_predator_slot": 0,
      "target": 13
    },
    {
      "time": 13.9,
      "tracked_predator_slot": 0,
      "target": 8
    },
    {
      "time": 14.0,
      "tracked_predator_slot": 0,
      "target": 2
    },
    {
      "time": 14.1,
      "tracked_predator_slot": 0,
      "target": 6
    },
    {
      "time": 14.2,
      "tracked_predator_slot": 0,
      "target": 15
    },
    {
      "time": 14.3,
      "tracked_predator_slot": 0,
      "target": 1
    },
    {
      "time": 14.4,
      "tracked_predator_slot": 0,
      "target": 9
    },
    {
      "time": 14.5,
      "tracked_predator_slot": 0,
      "target": 15
    },
    {
      "time": 14.6,
      "tracked_predator_slot": 0,
      "target": 13
    },
    {
      "time": 14.7,
      "tracked_predator_slot": 0,
      "target": 17
    },
    {
      "time": 14.9,
      "tracked_predator_slot": 0,
      "target": 15
    },
    {
      "time": 15.2,
      "tracked_predator_slot": 0,
      "target": 10
    },
    {
      "time": 15.4,
      "tracked_predator_slot": 0,
      "target": "resting"
    },
    {
      "time": 18.9,
      "tracked_predator_slot": 0,
      "target": 13
    },
    {
      "time": 19.1,
      "tracked_predator_slot": 0,
      "target": 15
    },
    {
      "time": 19.2,
      "tracked_predator_slot": 0,
      "target": 4
    },
    {
      "time": 19.3,
      "tracked_predator_slot": 0,
      "target": 16
    },
    {
      "time": 19.4,
      "tracked_predator_slot": 0,
      "target": 2
    },
    {
      "time": 19.5,
      "tracked_predator_slot": 0,
      "target": 4
    },
    {
      "time": 19.6,
      "tracked_predator_slot": 0,
      "target": 16
    },
    {
      "time": 19.7,
      "tracked_predator_slot": 0,
      "target": 13
    },
    {
      "time": 19.8,
      "tracked_predator_slot": 0,
      "target": 5
    },
    {
      "time": 19.9,
      "tracked_predator_slot": 0,
      "target": 13
    },
    {
      "time": 20.0,
      "tracked_predator_slot": 0,
      "target": 1
    },
    {
      "time": 20.1,
      "tracked_predator_slot": 0,
      "target": 4
    },
    {
      "time": 20.2,
      "tracked_predator_slot": 0,
      "target": 15
    },
    {
      "time": 20.4,
      "tracked_predator_slot": 0,
      "target": 4
    },
    {
      "time": 20.5,
      "tracked_predator_slot": 0,
      "target": 1
    },
    {
      "time": 20.6,
      "tracked_predator_slot": 0,
      "target": 4
    },
    {
      "time": 20.7,
      "tracked_predator_slot": 0,
      "target": 1
    },
    {
      "time": 20.8,
      "tracked_predator_slot": 0,
      "target": 4
    },
    {
      "time": 21.0,
      "tracked_predator_slot": 0,
      "target": 1
    },
    {
      "time": 21.1,
      "tracked_predator_slot": 0,
      "target": 15
    },
    {
      "time": 21.5,
      "tracked_predator_slot": 0,
      "target": 1
    },
    {
      "time": 21.6,
      "tracked_predator_slot": 0,
      "target": 9
    },
    {
      "time": 21.7,
      "tracked_predator_slot": 0,
      "target": 6
    },
    {
      "time": 21.8,
      "tracked_predator_slot": 0,
      "target": 4
    },
    {
      "time": 21.9,
      "tracked_predator_slot": 0,
      "target": 10
    },
    {
      "time": 22.0,
      "tracked_predator_slot": 0,
      "target": 4
    },
    {
      "time": 22.1,
      "tracked_predator_slot": 0,
      "target": 10
    },
    {
      "time": 22.2,
      "tracked_predator_slot": 0,
      "target": 15
    },
    {
      "time": 22.3,
      "tracked_predator_slot": 0,
      "target": 1
    },
    {
      "time": 22.6,
      "tracked_predator_slot": 0,
      "target": 15
    },
    {
      "time": 22.7,
      "tracked_predator_slot": 0,
      "target": 1
    },
    {
      "time": 22.9,
      "tracked_predator_slot": 0,
      "target": 15
    },
    {
      "time": 23.1,
      "tracked_predator_slot": 0,
      "target": 1
    },
    {
      "time": 23.2,
      "tracked_predator_slot": 0,
      "target": 15
    },
    {
      "time": 23.6,
      "tracked_predator_slot": 0,
      "target": 1
    },
    {
      "time": 23.8,
      "tracked_predator_slot": 0,
      "target": 5
    },
    {
      "time": 23.9,
      "tracked_predator_slot": 0,
      "target": 13
    },
    {
      "time": 24.0,
      "tracked_predator_slot": 0,
      "target": 5
    },
    {
      "time": 24.1,
      "tracked_predator_slot": 0,
      "target": 8
    },
    {
      "time": 24.2,
      "tracked_predator_slot": 0,
      "target": 16
    },
    {
      "time": 24.3,
      "tracked_predator_slot": 0,
      "target": 8
    },
    {
      "time": 24.4,
      "tracked_predator_slot": 0,
      "target": 2
    },
    {
      "time": 24.5,
      "tracked_predator_slot": 0,
      "target": 16
    },
    {
      "time": 24.6,
      "tracked_predator_slot": 0,
      "target": 6
    },
    {
      "time": 24.7,
      "tracked_predator_slot": 0,
      "target": 13
    },
    {
      "time": 24.8,
      "tracked_predator_slot": 0,
      "target": 5
    },
    {
      "time": 25.0,
      "tracked_predator_slot": 0,
      "target": 2
    },
    {
      "time": 25.1,
      "tracked_predator_slot": 0,
      "target": 9
    },
    {
      "time": 25.3,
      "tracked_predator_slot": 0,
      "target": 10
    },
    {
      "time": 25.4,
      "tracked_predator_slot": 0,
      "target": 6
    },
    {
      "time": 25.8,
      "tracked_predator_slot": 0,
      "target": 1
    },
    {
      "time": 25.9,
      "tracked_predator_slot": 0,
      "target": 10
    },
    {
      "time": 26.3,
      "tracked_predator_slot": 0,
      "target": 8
    },
    {
      "time": 26.5,
      "tracked_predator_slot": 0,
      "target": 16
    },
    {
      "time": 26.6,
      "tracked_predator_slot": 0,
      "target": 9
    },
    {
      "time": 26.7,
      "tracked_predator_slot": 0,
      "target": 15
    },
    {
      "time": 26.8,
      "tracked_predator_slot": 0,
      "target": 13
    },
    {
      "time": 27.0,
      "tracked_predator_slot": 0,
      "target": 10
    },
    {
      "time": 27.1,
      "tracked_predator_slot": 0,
      "target": 13
    },
    {
      "time": 27.2,
      "tracked_predator_slot": 0,
      "target": 2
    },
    {
      "time": 27.3,
      "tracked_predator_slot": 0,
      "target": 5
    },
    {
      "time": 27.4,
      "tracked_predator_slot": 0,
      "target": 8
    },
    {
      "time": 27.5,
      "tracked_predator_slot": 0,
      "target": 10
    },
    {
      "time": 27.6,
      "tracked_predator_slot": 0,
      "target": 8
    },
    {
      "time": 27.7,
      "tracked_predator_slot": 0,
      "target": 10
    },
    {
      "time": 27.8,
      "tracked_predator_slot": 0,
      "target": 8
    },
    {
      "time": 27.9,
      "tracked_predator_slot": 0,
      "target": "resting"
    },
    {
      "time": 31.4,
      "tracked_predator_slot": 0,
      "target": 17
    },
    {
      "time": 31.5,
      "tracked_predator_slot": 0,
      "target": 2
    },
    {
      "time": 31.6,
      "tracked_predator_slot": 0,
      "target": 8
    },
    {
      "time": 31.7,
      "tracked_predator_slot": 0,
      "target": 2
    },
    {
      "time": 31.8,
      "tracked_predator_slot": 0,
      "target": 16
    },
    {
      "time": 31.9,
      "tracked_predator_slot": 0,
      "target": 5
    },
    {
      "time": 32.0,
      "tracked_predator_slot": 0,
      "target": 16
    },
    {
      "time": 32.1,
      "tracked_predator_slot": 0,
      "target": 5
    },
    {
      "time": 32.2,
      "tracked_predator_slot": 0,
      "target": 13
    },
    {
      "time": 32.4,
      "tracked_predator_slot": 0,
      "target": 4
    },
    {
      "time": 32.5,
      "tracked_predator_slot": 0,
      "target": 13
    },
    {
      "time": 32.6,
      "tracked_predator_slot": 0,
      "target": 9
    },
    {
      "time": 32.7,
      "tracked_predator_slot": 0,
      "target": 2
    },
    {
      "time": 32.8,
      "tracked_predator_slot": 0,
      "target": 4
    },
    {
      "time": 32.9,
      "tracked_predator_slot": 0,
      "target": 6
    },
    {
      "time": 33.2,
      "tracked_predator_slot": 0,
      "target": 17
    },
    {
      "time": 33.3,
      "tracked_predator_slot": 0,
      "target": 2
    },
    {
      "time": 33.4,
      "tracked_predator_slot": 0,
      "target": 13
    },
    {
      "time": 33.5,
      "tracked_predator_slot": 0,
      "target": null
    },
    {
      "time": 33.6,
      "tracked_predator_slot": 0,
      "target": 8
    },
    {
      "time": 33.7,
      "tracked_predator_slot": 0,
      "target": 5
    },
    {
      "time": 33.8,
      "tracked_predator_slot": 0,
      "target": 8
    },
    {
      "time": 33.9,
      "tracked_predator_slot": 0,
      "target": 13
    },
    {
      "time": 34.0,
      "tracked_predator_slot": 0,
      "target": 5
    },
    {
      "time": 34.1,
      "tracked_predator_slot": 0,
      "target": 17
    },
    {
      "time": 34.2,
      "tracked_predator_slot": 0,
      "target": 9
    },
    {
      "time": 34.4,
      "tracked_predator_slot": 0,
      "target": 8
    },
    {
      "time": 34.6,
      "tracked_predator_slot": 0,
      "target": 5
    },
    {
      "time": 34.7,
      "tracked_predator_slot": 0,
      "target": 2
    },
    {
      "time": 34.8,
      "tracked_predator_slot": 0,
      "target": 9
    },
    {
      "time": 35.1,
      "tracked_predator_slot": 0,
      "target": 2
    },
    {
      "time": 35.5,
      "tracked_predator_slot": 0,
      "target": 4
    },
    {
      "time": 35.7,
      "tracked_predator_slot": 0,
      "target": null
    },
    {
      "time": 36.0,
      "tracked_predator_slot": 0,
      "target": 17
    },
    {
      "time": 36.1,
      "tracked_predator_slot": 0,
      "target": 5
    },
    {
      "time": 36.2,
      "tracked_predator_slot": 0,
      "target": 9
    },
    {
      "time": 36.3,
      "tracked_predator_slot": 0,
      "target": 2
    },
    {
      "time": 36.4,
      "tracked_predator_slot": 0,
      "target": 13
    },
    {
      "time": 36.5,
      "tracked_predator_slot": 0,
      "target": 6
    },
    {
      "time": 36.6,
      "tracked_predator_slot": 0,
      "target": 17
    },
    {
      "time": 37.0,
      "tracked_predator_slot": 0,
      "target": 4
    },
    {
      "time": 37.1,
      "tracked_predator_slot": 0,
      "target": 8
    },
    {
      "time": 38.3,
      "tracked_predator_slot": 0,
      "target": 6
    },
    {
      "time": 38.8,
      "tracked_predator_slot": 0,
      "target": 13
    },
    {
      "time": 38.9,
      "tracked_predator_slot": 0,
      "target": 8
    },
    {
      "time": 39.1,
      "tracked_predator_slot": 0,
      "target": 17
    },
    {
      "time": 39.2,
      "tracked_predator_slot": 0,
      "target": 13
    },
    {
      "time": 39.4,
      "tracked_predator_slot": 0,
      "target": 8
    },
    {
      "time": 39.5,
      "tracked_predator_slot": 0,
      "target": 13
    },
    {
      "time": 39.6,
      "tracked_predator_slot": 0,
      "target": 6
    },
    {
      "time": 39.7,
      "tracked_predator_slot": 0,
      "target": 13
    },
    {
      "time": 39.8,
      "tracked_predator_slot": 0,
      "target": 9
    },
    {
      "time": 40.3,
      "tracked_predator_slot": 0,
      "target": 5
    },
    {
      "time": 40.5,
      "tracked_predator_slot": 0,
      "target": 13
    },
    {
      "time": 40.7,
      "tracked_predator_slot": 0,
      "target": 17
    },
    {
      "time": 40.9,
      "tracked_predator_slot": 0,
      "target": 8
    },
    {
      "time": 41.3,
      "tracked_predator_slot": 0,
      "target": 5
    },
    {
      "time": 41.4,
      "tracked_predator_slot": 0,
      "target": 6
    },
    {
      "time": 41.7,
      "tracked_predator_slot": 0,
      "target": 4
    },
    {
      "time": 42.0,
      "tracked_predator_slot": 0,
      "target": 2
    },
    {
      "time": 42.8,
      "tracked_predator_slot": 0,
      "target": 17
    },
    {
      "time": 42.9,
      "tracked_predator_slot": 0,
      "target": 2
    },
    {
      "time": 43.0,
      "tracked_predator_slot": 0,
      "target": 6
    },
    {
      "time": 43.1,
      "tracked_predator_slot": 0,
      "target": 17
    },
    {
      "time": 43.2,
      "tracked_predator_slot": 0,
      "target": 6
    },
    {
      "time": 43.3,
      "tracked_predator_slot": 0,
      "target": 8
    },
    {
      "time": 43.4,
      "tracked_predator_slot": 0,
      "target": 9
    },
    {
      "time": 43.5,
      "tracked_predator_slot": 0,
      "target": 2
    },
    {
      "time": 43.6,
      "tracked_predator_slot": 0,
      "target": 6
    },
    {
      "time": 43.7,
      "tracked_predator_slot": 0,
      "target": 17
    },
    {
      "time": 43.8,
      "tracked_predator_slot": 0,
      "target": 6
    },
    {
      "time": 43.9,
      "tracked_predator_slot": 0,
      "target": 17
    },
    {
      "time": 44.0,
      "tracked_predator_slot": 0,
      "target": 9
    },
    {
      "time": 44.1,
      "tracked_predator_slot": 0,
      "target": 5
    },
    {
      "time": 44.2,
      "tracked_predator_slot": 0,
      "target": 9
    },
    {
      "time": 44.3,
      "tracked_predator_slot": 0,
      "target": 8
    },
    {
      "time": 44.4,
      "tracked_predator_slot": 0,
      "target": 13
    },
    {
      "time": 44.5,
      "tracked_predator_slot": 0,
      "target": 8
    },
    {
      "time": 44.6,
      "tracked_predator_slot": 0,
      "target": 9
    },
    {
      "time": 44.7,
      "tracked_predator_slot": 0,
      "target": 13
    },
    {
      "time": 44.8,
      "tracked_predator_slot": 0,
      "target": 6
    },
    {
      "time": 45.0,
      "tracked_predator_slot": 0,
      "target": 13
    },
    {
      "time": 45.1,
      "tracked_predator_slot": 0,
      "target": null
    },
    {
      "time": 45.2,
      "tracked_predator_slot": 0,
      "target": 13
    },
    {
      "time": 45.6,
      "tracked_predator_slot": 0,
      "target": null
    },
    {
      "time": 45.7,
      "tracked_predator_slot": 0,
      "target": 13
    },
    {
      "time": 45.8,
      "tracked_predator_slot": 0,
      "target": null
    },
    {
      "time": 45.9,
      "tracked_predator_slot": 0,
      "target": 13
    },
    {
      "time": 46.0,
      "tracked_predator_slot": 0,
      "target": null
    },
    {
      "time": 47.7,
      "tracked_predator_slot": 0,
      "target": 13
    },
    {
      "time": 47.9,
      "tracked_predator_slot": 0,
      "target": null
    },
    {
      "time": 48.7,
      "tracked_predator_slot": 0,
      "target": 13
    },
    {
      "time": 48.8,
      "tracked_predator_slot": 0,
      "target": null
    },
    {
      "time": 50.0,
      "tracked_predator_slot": 0,
      "target": 13
    },
    {
      "time": 50.1,
      "tracked_predator_slot": 0,
      "target": null
    },
    {
      "time": 52.4,
      "tracked_predator_slot": 0,
      "target": 13
    },
    {
      "time": 58.6,
      "tracked_predator_slot": 0,
      "target": null
    },
    {
      "time": 58.7,
      "tracked_predator_slot": 0,
      "target": 13
    },
    {
      "time": 58.8,
      "tracked_predator_slot": 0,
      "target": null
    },
    {
      "time": 58.9,
      "tracked_predator_slot": 0,
      "target": 13
    },
    {
      "time": 59.0,
      "tracked_predator_slot": 0,
      "target": null
    },
    {
      "time": 59.2,
      "tracked_predator_slot": 0,
      "target": 13
    },
    {
      "time": 62.1,
      "tracked_predator_slot": 0,
      "target": "resting"
    },
    {
      "time": 65.6,
      "tracked_predator_slot": 0,
      "target": 13
    },
    {
      "time": 69.2,
      "tracked_predator_slot": 0,
      "target": null
    },
    {
      "time": 69.7,
      "tracked_predator_slot": 0,
      "target": 13
    },
    {
      "time": 70.0,
      "tracked_predator_slot": 0,
      "target": null
    },
    {
      "time": 70.4,
      "tracked_predator_slot": 0,
      "target": 13
    },
    {
      "time": 74.5,
      "tracked_predator_slot": 0,
      "target": "resting"
    },
    {
      "time": 78.0,
      "tracked_predator_slot": 0,
      "target": 13
    },
    {
      "time": 80.0,
      "tracked_predator_slot": 0,
      "target": null
    },
    {
      "time": 80.1,
      "tracked_predator_slot": 0,
      "target": 13
    },
    {
      "time": 80.3,
      "tracked_predator_slot": 0,
      "target": null
    },
    {
      "time": 81.0,
      "tracked_predator_slot": 0,
      "target": 13
    },
    {
      "time": 81.1,
      "tracked_predator_slot": 0,
      "target": null
    },
    {
      "time": 81.2,
      "tracked_predator_slot": 0,
      "target": 13
    },
    {
      "time": 87.6,
      "tracked_predator_slot": 0,
      "target": "resting"
    },
    {
      "time": 91.1,
      "tracked_predator_slot": 0,
      "target": 13
    },
    {
      "time": 91.2,
      "tracked_predator_slot": 0,
      "target": null
    },
    {
      "time": 93.3,
      "tracked_predator_slot": 0,
      "target": 13
    },
    {
      "time": 99.8,
      "tracked_predator_slot": 0,
      "target": null
    },
    {
      "time": 99.9,
      "tracked_predator_slot": 0,
      "target": 13
    },
    {
      "time": 101.8,
      "tracked_predator_slot": 0,
      "target": "resting"
    },
    {
      "time": 105.3,
      "tracked_predator_slot": 0,
      "target": null
    },
    {
      "time": 105.5,
      "tracked_predator_slot": 0,
      "target": 13
    },
    {
      "time": 106.3,
      "tracked_predator_slot": 0,
      "target": null
    },
    {
      "time": 141.2,
      "tracked_predator_slot": 0,
      "target": "resting"
    },
    {
      "time": 144.7,
      "tracked_predator_slot": 0,
      "target": null
    },
    {
      "time": 151.7,
      "tracked_predator_slot": 0,
      "target": 0
    },
    {
      "time": 159.5,
      "tracked_predator_slot": 0,
      "target": "resting"
    },
    {
      "time": 163.0,
      "tracked_predator_slot": 0,
      "target": 0
    },
    {
      "time": 172.2,
      "tracked_predator_slot": 0,
      "target": "resting"
    },
    {
      "time": 175.7,
      "tracked_predator_slot": 0,
      "target": 0
    },
    {
      "time": 184.9,
      "tracked_predator_slot": 0,
      "target": "resting"
    },
    {
      "time": 188.4,
      "tracked_predator_slot": 0,
      "target": 0
    },
    {
      "time": 197.7,
      "tracked_predator_slot": 0,
      "target": "resting"
    },
    {
      "time": 201.2,
      "tracked_predator_slot": 0,
      "target": 0
    },
    {
      "time": 210.4,
      "tracked_predator_slot": 0,
      "target": "resting"
    },
    {
      "time": 213.9,
      "tracked_predator_slot": 0,
      "target": 0
    },
    {
      "time": 223.1,
      "tracked_predator_slot": 0,
      "target": "resting"
    },
    {
      "time": 226.6,
      "tracked_predator_slot": 0,
      "target": 0
    },
    {
      "time": 235.9,
      "tracked_predator_slot": 0,
      "target": "resting"
    },
    {
      "time": 239.4,
      "tracked_predator_slot": 0,
      "target": 0
    },
    {
      "time": 248.6,
      "tracked_predator_slot": 0,
      "target": "resting"
    },
    {
      "time": 252.1,
      "tracked_predator_slot": 0,
      "target": 0
    },
    {
      "time": 261.1,
      "tracked_predator_slot": 0,
      "target": "resting"
    },
    {
      "time": 264.6,
      "tracked_predator_slot": 0,
      "target": 0
    },
    {
      "time": 273.9,
      "tracked_predator_slot": 0,
      "target": "resting"
    },
    {
      "time": 277.4,
      "tracked_predator_slot": 0,
      "target": 0
    },
    {
      "time": 286.7,
      "tracked_predator_slot": 0,
      "target": "resting"
    },
    {
      "time": 290.2,
      "tracked_predator_slot": 0,
      "target": 0
    },
    {
      "time": 299.5,
      "tracked_predator_slot": 0,
      "target": "resting"
    }
  ],
  "guide_role_trace": [
    {
      "time": 0,
      "active_guide_id": 1
    },
    {
      "time": 0.2,
      "active_guide_id": 2
    },
    {
      "time": 0.5,
      "active_guide_id": 6
    },
    {
      "time": 0.6,
      "active_guide_id": 5
    },
    {
      "time": 0.8,
      "active_guide_id": 10
    },
    {
      "time": 1.2,
      "active_guide_id": 17
    },
    {
      "time": 1.3,
      "active_guide_id": 3
    },
    {
      "time": 2.4,
      "active_guide_id": 6
    },
    {
      "time": 3.0,
      "active_guide_id": 8
    },
    {
      "time": 3.1,
      "active_guide_id": 10
    },
    {
      "time": 3.2,
      "active_guide_id": 1
    },
    {
      "time": 3.3,
      "active_guide_id": 8
    },
    {
      "time": 4.1,
      "active_guide_id": 4
    },
    {
      "time": 4.3,
      "active_guide_id": 15
    },
    {
      "time": 4.4,
      "active_guide_id": 8
    },
    {
      "time": 4.8,
      "active_guide_id": 16
    },
    {
      "time": 5.4,
      "active_guide_id": 2
    },
    {
      "time": 5.5,
      "active_guide_id": 5
    },
    {
      "time": 5.6,
      "active_guide_id": 4
    },
    {
      "time": 5.8,
      "active_guide_id": 5
    },
    {
      "time": 5.9,
      "active_guide_id": 6
    },
    {
      "time": 6.0,
      "active_guide_id": 13
    },
    {
      "time": 6.1,
      "active_guide_id": 6
    },
    {
      "time": 6.2,
      "active_guide_id": 1
    },
    {
      "time": 6.3,
      "active_guide_id": 8
    },
    {
      "time": 6.4,
      "active_guide_id": 13
    },
    {
      "time": 6.6,
      "active_guide_id": 1
    },
    {
      "time": 6.9,
      "active_guide_id": 8
    },
    {
      "time": 7.2,
      "active_guide_id": 10
    },
    {
      "time": 7.6,
      "active_guide_id": 5
    },
    {
      "time": 7.8,
      "active_guide_id": 13
    },
    {
      "time": 7.9,
      "active_guide_id": 2
    },
    {
      "time": 8.0,
      "active_guide_id": 5
    },
    {
      "time": 9.3,
      "active_guide_id": 2
    },
    {
      "time": 9.4,
      "active_guide_id": 9
    },
    {
      "time": 9.5,
      "active_guide_id": 6
    },
    {
      "time": 9.6,
      "active_guide_id": 8
    },
    {
      "time": 9.7,
      "active_guide_id": 2
    },
    {
      "time": 9.8,
      "active_guide_id": 8
    },
    {
      "time": 10.2,
      "active_guide_id": 13
    },
    {
      "time": 10.3,
      "active_guide_id": 8
    },
    {
      "time": 10.4,
      "active_guide_id": 16
    },
    {
      "time": 10.5,
      "active_guide_id": 15
    },
    {
      "time": 10.6,
      "active_guide_id": 16
    },
    {
      "time": 10.7,
      "active_guide_id": 17
    },
    {
      "time": 10.8,
      "active_guide_id": 2
    },
    {
      "time": 10.9,
      "active_guide_id": 17
    },
    {
      "time": 11.0,
      "active_guide_id": 1
    },
    {
      "time": 11.1,
      "active_guide_id": 10
    },
    {
      "time": 11.4,
      "active_guide_id": 8
    },
    {
      "time": 11.9,
      "active_guide_id": 5
    },
    {
      "time": 12.1,
      "active_guide_id": 6
    },
    {
      "time": 12.2,
      "active_guide_id": 16
    },
    {
      "time": 12.6,
      "active_guide_id": 8
    },
    {
      "time": 13.2,
      "active_guide_id": 17
    },
    {
      "time": 13.3,
      "active_guide_id": 8
    },
    {
      "time": 13.4,
      "active_guide_id": 2
    },
    {
      "time": 13.5,
      "active_guide_id": 9
    },
    {
      "time": 13.6,
      "active_guide_id": 1
    },
    {
      "time": 13.7,
      "active_guide_id": 16
    },
    {
      "time": 13.8,
      "active_guide_id": 13
    },
    {
      "time": 13.9,
      "active_guide_id": 8
    },
    {
      "time": 14.0,
      "active_guide_id": 2
    },
    {
      "time": 14.1,
      "active_guide_id": 6
    },
    {
      "time": 14.2,
      "active_guide_id": 15
    },
    {
      "time": 14.3,
      "active_guide_id": 1
    },
    {
      "time": 14.7,
      "active_guide_id": 17
    },
    {
      "time": 14.9,
      "active_guide_id": 15
    },
    {
      "time": 15.2,
      "active_guide_id": 16
    },
    {
      "time": 15.3,
      "active_guide_id": 6
    },
    {
      "time": 15.4,
      "active_guide_id": 5
    },
    {
      "time": 15.5,
      "active_guide_id": 6
    },
    {
      "time": 15.6,
      "active_guide_id": 5
    },
    {
      "time": 15.7,
      "active_guide_id": 4
    },
    {
      "time": 15.8,
      "active_guide_id": 8
    },
    {
      "time": 15.9,
      "active_guide_id": 13
    },
    {
      "time": 16.0,
      "active_guide_id": 8
    },
    {
      "time": 16.1,
      "active_guide_id": 16
    },
    {
      "time": 16.2,
      "active_guide_id": 13
    },
    {
      "time": 17.0,
      "active_guide_id": 1
    },
    {
      "time": 17.2,
      "active_guide_id": 13
    },
    {
      "time": 19.2,
      "active_guide_id": 4
    },
    {
      "time": 19.3,
      "active_guide_id": 15
    },
    {
      "time": 19.4,
      "active_guide_id": 2
    },
    {
      "time": 19.5,
      "active_guide_id": 4
    },
    {
      "time": 19.7,
      "active_guide_id": 13
    },
    {
      "time": 20.1,
      "active_guide_id": 4
    },
    {
      "time": 20.3,
      "active_guide_id": 15
    },
    {
      "time": 20.5,
      "active_guide_id": 1
    },
    {
      "time": 20.8,
      "active_guide_id": 4
    },
    {
      "time": 21.0,
      "active_guide_id": 2
    },
    {
      "time": 21.3,
      "active_guide_id": 15
    },
    {
      "time": 21.5,
      "active_guide_id": 1
    },
    {
      "time": 21.6,
      "active_guide_id": 9
    },
    {
      "time": 21.7,
      "active_guide_id": 6
    },
    {
      "time": 21.8,
      "active_guide_id": 4
    },
    {
      "time": 21.9,
      "active_guide_id": 10
    },
    {
      "time": 22.0,
      "active_guide_id": 4
    },
    {
      "time": 22.1,
      "active_guide_id": 1
    },
    {
      "time": 22.9,
      "active_guide_id": 6
    },
    {
      "time": 23.4,
      "active_guide_id": 16
    },
    {
      "time": 23.7,
      "active_guide_id": 1
    },
    {
      "time": 24.2,
      "active_guide_id": 16
    },
    {
      "time": 24.3,
      "active_guide_id": 15
    },
    {
      "time": 24.4,
      "active_guide_id": 2
    },
    {
      "time": 24.5,
      "active_guide_id": 16
    },
    {
      "time": 24.6,
      "active_guide_id": 6
    },
    {
      "time": 24.9,
      "active_guide_id": 5
    },
    {
      "time": 25.1,
      "active_guide_id": 9
    },
    {
      "time": 25.4,
      "active_guide_id": 10
    },
    {
      "time": 25.5,
      "active_guide_id": 4
    },
    {
      "time": 25.7,
      "active_guide_id": 10
    },
    {
      "time": 27.9,
      "active_guide_id": 8
    },
    {
      "time": 28.1,
      "active_guide_id": 1
    },
    {
      "time": 28.2,
      "active_guide_id": 15
    },
    {
      "time": 28.3,
      "active_guide_id": 6
    },
    {
      "time": 28.5,
      "active_guide_id": 1
    },
    {
      "time": 28.6,
      "active_guide_id": 6
    },
    {
      "time": 28.7,
      "active_guide_id": 1
    },
    {
      "time": 28.8,
      "active_guide_id": 17
    },
    {
      "time": 29.7,
      "active_guide_id": 16
    },
    {
      "time": 29.9,
      "active_guide_id": 1
    },
    {
      "time": 30.0,
      "active_guide_id": 17
    },
    {
      "time": 31.6,
      "active_guide_id": 8
    },
    {
      "time": 31.7,
      "active_guide_id": 15
    },
    {
      "time": 31.8,
      "active_guide_id": 16
    },
    {
      "time": 31.9,
      "active_guide_id": 5
    },
    {
      "time": 32.0,
      "active_guide_id": 16
    },
    {
      "time": 32.1,
      "active_guide_id": 5
    },
    {
      "time": 32.2,
      "active_guide_id": 9
    },
    {
      "time": 32.7,
      "active_guide_id": 2
    },
    {
      "time": 32.9,
      "active_guide_id": 6
    },
    {
      "time": 33.2,
      "active_guide_id": 17
    },
    {
      "time": 33.3,
      "active_guide_id": 2
    },
    {
      "time": 33.7,
      "active_guide_id": 5
    },
    {
      "time": 33.8,
      "active_guide_id": 8
    },
    {
      "time": 33.9,
      "active_guide_id": 13
    },
    {
      "time": 34.0,
      "active_guide_id": 5
    },
    {
      "time": 34.1,
      "active_guide_id": 17
    },
    {
      "time": 34.2,
      "active_guide_id": 9
    },
    {
      "time": 34.5,
      "active_guide_id": 8
    },
    {
      "time": 34.7,
      "active_guide_id": 2
    },
    {
      "time": 35.0,
      "active_guide_id": 9
    },
    {
      "time": 35.2,
      "active_guide_id": 2
    },
    {
      "time": 35.6,
      "active_guide_id": 4
    },
    {
      "time": 35.8,
      "active_guide_id": 17
    },
    {
      "time": 36.1,
      "active_guide_id": 9
    },
    {
      "time": 36.3,
      "active_guide_id": 5
    },
    {
      "time": 36.4,
      "active_guide_id": 13
    },
    {
      "time": 36.5,
      "active_guide_id": 2
    },
    {
      "time": 36.6,
      "active_guide_id": 17
    },
    {
      "time": 39.6,
      "active_guide_id": 6
    },
    {
      "time": 39.7,
      "active_guide_id": 13
    },
    {
      "time": 40.0,
      "active_guide_id": 9
    },
    {
      "time": 40.6,
      "active_guide_id": 13
    },
    {
      "time": 40.9,
      "active_guide_id": 8
    },
    {
      "time": 41.4,
      "active_guide_id": 6
    },
    {
      "time": 41.7,
      "active_guide_id": 4
    },
    {
      "time": 42.0,
      "active_guide_id": 8
    },
    {
      "time": 42.3,
      "active_guide_id": 2
    },
    {
      "time": 42.5,
      "active_guide_id": 9
    },
    {
      "time": 42.6,
      "active_guide_id": 5
    },
    {
      "time": 42.7,
      "active_guide_id": 2
    },
    {
      "time": 43.1,
      "active_guide_id": 17
    },
    {
      "time": 43.2,
      "active_guide_id": 6
    },
    {
      "time": 43.3,
      "active_guide_id": 8
    },
    {
      "time": 43.4,
      "active_guide_id": 9
    },
    {
      "time": 43.5,
      "active_guide_id": 2
    },
    {
      "time": 43.6,
      "active_guide_id": 6
    },
    {
      "time": 43.7,
      "active_guide_id": 17
    },
    {
      "time": 43.8,
      "active_guide_id": 6
    },
    {
      "time": 43.9,
      "active_guide_id": 17
    },
    {
      "time": 44.0,
      "active_guide_id": 9
    },
    {
      "time": 44.1,
      "active_guide_id": 5
    },
    {
      "time": 44.2,
      "active_guide_id": 9
    },
    {
      "time": 44.3,
      "active_guide_id": 8
    },
    {
      "time": 44.4,
      "active_guide_id": 13
    },
    {
      "time": 44.5,
      "active_guide_id": 17
    },
    {
      "time": 44.6,
      "active_guide_id": 9
    },
    {
      "time": 44.8,
      "active_guide_id": 13
    }
  ],
  "guide_follow_trace": [
    {
      "time": 0.1,
      "active_guide_id": 1,
      "tracked_predator_slot": 0
    },
    {
      "time": 0.3,
      "active_guide_id": 2,
      "tracked_predator_slot": 0
    },
    {
      "time": 0.7,
      "active_guide_id": 5,
      "tracked_predator_slot": 0
    },
    {
      "time": 0.9,
      "active_guide_id": 10,
      "tracked_predator_slot": 0
    },
    {
      "time": 1.4,
      "active_guide_id": 3,
      "tracked_predator_slot": 0
    },
    {
      "time": 2.7,
      "active_guide_id": 6,
      "tracked_predator_slot": 0
    },
    {
      "time": 3.4,
      "active_guide_id": 8,
      "tracked_predator_slot": 0
    },
    {
      "time": 4.5,
      "active_guide_id": 8,
      "tracked_predator_slot": 0
    },
    {
      "time": 4.9,
      "active_guide_id": 16,
      "tracked_predator_slot": 0
    },
    {
      "time": 5.6,
      "active_guide_id": 5,
      "tracked_predator_slot": 0
    },
    {
      "time": 6.7,
      "active_guide_id": 1,
      "tracked_predator_slot": 0
    },
    {
      "time": 7.3,
      "active_guide_id": 10,
      "tracked_predator_slot": 0
    },
    {
      "time": 7.7,
      "active_guide_id": 5,
      "tracked_predator_slot": 0
    },
    {
      "time": 8.1,
      "active_guide_id": 5,
      "tracked_predator_slot": 0
    },
    {
      "time": 11.2,
      "active_guide_id": 10,
      "tracked_predator_slot": 0
    },
    {
      "time": 11.5,
      "active_guide_id": 8,
      "tracked_predator_slot": 0
    },
    {
      "time": 12.0,
      "active_guide_id": 5,
      "tracked_predator_slot": 0
    },
    {
      "time": 14.8,
      "active_guide_id": 17,
      "tracked_predator_slot": 0
    },
    {
      "time": 15.0,
      "active_guide_id": 15,
      "tracked_predator_slot": 0
    },
    {
      "time": 18.9,
      "active_guide_id": 13,
      "tracked_predator_slot": 0
    },
    {
      "time": 19.9,
      "active_guide_id": 13,
      "tracked_predator_slot": 0
    },
    {
      "time": 20.7,
      "active_guide_id": 1,
      "tracked_predator_slot": 0
    },
    {
      "time": 20.9,
      "active_guide_id": 4,
      "tracked_predator_slot": 0
    },
    {
      "time": 21.4,
      "active_guide_id": 15,
      "tracked_predator_slot": 0
    },
    {
      "time": 22.3,
      "active_guide_id": 1,
      "tracked_predator_slot": 0
    },
    {
      "time": 25.2,
      "active_guide_id": 9,
      "tracked_predator_slot": 0
    },
    {
      "time": 25.9,
      "active_guide_id": 10,
      "tracked_predator_slot": 0
    },
    {
      "time": 31.4,
      "active_guide_id": 17,
      "tracked_predator_slot": 0
    },
    {
      "time": 32.6,
      "active_guide_id": 9,
      "tracked_predator_slot": 0
    },
    {
      "time": 33.0,
      "active_guide_id": 6,
      "tracked_predator_slot": 0
    },
    {
      "time": 34.3,
      "active_guide_id": 9,
      "tracked_predator_slot": 0
    },
    {
      "time": 35.3,
      "active_guide_id": 2,
      "tracked_predator_slot": 0
    },
    {
      "time": 36.0,
      "active_guide_id": 17,
      "tracked_predator_slot": 0
    },
    {
      "time": 36.2,
      "active_guide_id": 9,
      "tracked_predator_slot": 0
    },
    {
      "time": 36.7,
      "active_guide_id": 17,
      "tracked_predator_slot": 0
    },
    {
      "time": 40.1,
      "active_guide_id": 9,
      "tracked_predator_slot": 0
    },
    {
      "time": 41.0,
      "active_guide_id": 8,
      "tracked_predator_slot": 0
    },
    {
      "time": 41.5,
      "active_guide_id": 6,
      "tracked_predator_slot": 0
    },
    {
      "time": 41.8,
      "active_guide_id": 4,
      "tracked_predator_slot": 0
    },
    {
      "time": 42.4,
      "active_guide_id": 2,
      "tracked_predator_slot": 0
    },
    {
      "time": 42.9,
      "active_guide_id": 2,
      "tracked_predator_slot": 0
    },
    {
      "time": 45.0,
      "active_guide_id": 13,
      "tracked_predator_slot": 0
    }
  ],
  "guide_role": "child",
  "parent_role": "gather_evade",
  "child_role": "guide",
  "active_guide_id_final": 13,
  "active_guide_alive_final": false,
  "guide_role_ids": [
    1,
    2,
    3,
    4,
    5,
    6,
    7,
    8,
    9,
    10,
    11,
    12,
    13,
    15,
    16,
    17
  ],
  "bait_deployed_at": 0.1,
  "policy_bait_ready_final": false,
  "bait_left_after_deployment": null,
  "final_bait_distance_to_goal": 0.0,
  "first_guide_predator_observation": 0.1,
  "first_predator_following_guide": 0.1,
  "first_predator_following_active_guide": 45.0,
  "tracked_seen_by_guide": 1,
  "tracked_followed_active_guide": 1,
  "physical_entered": 1,
  "guided_delivered": 1,
  "physical_losses_after_delivery": 0,
  "target_losses_after_delivery": 0,
  "physical_entry_times": [
    153.1
  ],
  "guided_delivery_times": [
    153.1
  ],
  "loss_times": [
    null
  ],
  "target_loss_times": [
    null
  ],
  "tail_seconds": 30.0,
  "tail_physical_min": 1,
  "tail_contained_min": 1,
  "final_distance_from_mouth": [
    21.7499
  ],
  "max_distance_after_delivery": [
    23.7029
  ],
  "policy_events": [
    {
      "time": 0.1,
      "kind": "parallel_native_reserve_request",
      "parent_id": 1,
      "request_number": 1,
      "observed_distance": 55.0
    },
    {
      "time": 0.2,
      "kind": "native_backup_registered",
      "agent_id": 2
    },
    {
      "time": 0.2,
      "kind": "public_dto_active_guide",
      "agent_id": 2,
      "reason": "minimum_observed_predator_distance_hysteresis"
    },
    {
      "time": 0.2,
      "kind": "parallel_native_reserve_request",
      "parent_id": 1,
      "request_number": 2,
      "observed_distance": 58.8298
    },
    {
      "time": 0.2,
      "kind": "parallel_native_reserve_request",
      "parent_id": 2,
      "request_number": 3,
      "observed_distance": 35.2807
    },
    {
      "time": 0.3,
      "kind": "native_backup_registered",
      "agent_id": 3
    },
    {
      "time": 0.3,
      "kind": "native_backup_registered",
      "agent_id": 4
    },
    {
      "time": 0.3,
      "kind": "parallel_native_reserve_request",
      "parent_id": 1,
      "request_number": 4,
      "observed_distance": 62.8691
    },
    {
      "time": 0.3,
      "kind": "parallel_native_reserve_request",
      "parent_id": 3,
      "request_number": 5,
      "observed_distance": 58.6246
    },
    {
      "time": 0.3,
      "kind": "parallel_native_reserve_request",
      "parent_id": 4,
      "request_number": 6,
      "observed_distance": 39.5786
    },
    {
      "time": 0.3,
      "kind": "parallel_native_reserve_request",
      "parent_id": 2,
      "request_number": 7,
      "observed_distance": 39.5786
    },
    {
      "time": 0.4,
      "kind": "native_backup_registered",
      "agent_id": 5
    },
    {
      "time": 0.4,
      "kind": "native_backup_registered",
      "agent_id": 6
    },
    {
      "time": 0.4,
      "kind": "native_backup_registered",
      "agent_id": 7
    },
    {
      "time": 0.4,
      "kind": "native_backup_registered",
      "agent_id": 8
    },
    {
      "time": 0.4,
      "kind": "parallel_native_reserve_request",
      "parent_id": 7,
      "request_number": 8,
      "observed_distance": 68.1779
    },
    {
      "time": 0.4,
      "kind": "parallel_native_reserve_request",
      "parent_id": 1,
      "request_number": 9,
      "observed_distance": 66.9092
    },
    {
      "time": 0.4,
      "kind": "parallel_native_reserve_request",
      "parent_id": 3,
      "request_number": 10,
      "observed_distance": 62.32
    },
    {
      "time": 0.4,
      "kind": "parallel_native_reserve_request",
      "parent_id": 8,
      "request_number": 11,
      "observed_distance": 44.1858
    },
    {
      "time": 0.4,
      "kind": "parallel_native_reserve_request",
      "parent_id": 4,
      "request_number": 12,
      "observed_distance": 44.1858
    },
    {
      "time": 0.4,
      "kind": "parallel_native_reserve_request",
      "parent_id": 2,
      "request_number": 13,
      "observed_distance": 44.1858
    },
    {
      "time": 0.5,
      "kind": "native_backup_registered",
      "agent_id": 9
    },
    {
      "time": 0.5,
      "kind": "native_backup_registered",
      "agent_id": 10
    },
    {
      "time": 0.5,
      "kind": "native_backup_registered",
      "agent_id": 11
    },
    {
      "time": 0.5,
      "kind": "native_backup_registered",
      "agent_id": 12
    },
    {
      "time": 0.5,
      "kind": "native_backup_registered",
      "agent_id": 13
    },
    {
      "time": 0.5,
      "kind": "public_dto_active_guide",
      "agent_id": 6,
      "reason": "minimum_observed_predator_distance_hysteresis"
    },
    {
      "time": 0.5,
      "kind": "parallel_native_reserve_request",
      "parent_id": 7,
      "request_number": 14,
      "observed_distance": 71.9688
    },
    {
      "time": 0.5,
      "kind": "parallel_native_reserve_request",
      "parent_id": 9,
      "request_number": 15,
      "observed_distance": 70.7785
    },
    {
      "time": 0.5,
      "kind": "parallel_native_reserve_request",
      "parent_id": 1,
      "request_number": 16,
      "observed_distance": 70.7785
    },
    {
      "time": 0.6,
      "kind": "native_backup_registered",
      "agent_id": 15
    },
    {
      "time": 0.6,
      "kind": "native_backup_registered",
      "agent_id": 16
    },
    {
      "time": 0.6,
      "kind": "native_backup_registered",
      "agent_id": 17
    },
    {
      "time": 0.6,
      "kind": "public_dto_active_guide",
      "agent_id": 5,
      "reason": "minimum_observed_predator_distance_hysteresis"
    },
    {
      "time": 0.8,
      "kind": "public_dto_active_guide",
      "agent_id": 10,
      "reason": "minimum_observed_predator_distance_hysteresis"
    },
    {
      "time": 1.2,
      "kind": "public_dto_active_guide",
      "agent_id": 17,
      "reason": "minimum_observed_predator_distance_hysteresis"
    },
    {
      "time": 1.3,
      "kind": "public_dto_active_guide",
      "agent_id": 3,
      "reason": "minimum_observed_predator_distance_hysteresis"
    },
    {
      "time": 2.4,
      "kind": "public_dto_active_guide",
      "agent_id": 6,
      "reason": "minimum_observed_predator_distance_hysteresis"
    },
    {
      "time": 3.0,
      "kind": "public_dto_active_guide",
      "agent_id": 8,
      "reason": "minimum_observed_predator_distance_hysteresis"
    },
    {
      "time": 3.1,
      "kind": "public_dto_active_guide",
      "agent_id": 10,
      "reason": "minimum_observed_predator_distance_hysteresis"
    },
    {
      "time": 3.2,
      "kind": "public_dto_active_guide",
      "agent_id": 1,
      "reason": "minimum_observed_predator_distance_hysteresis"
    },
    {
      "time": 3.3,
      "kind": "public_dto_active_guide",
      "agent_id": 8,
      "reason": "minimum_observed_predator_distance_hysteresis"
    },
    {
      "time": 4.1,
      "kind": "public_dto_active_guide",
      "agent_id": 4,
      "reason": "minimum_observed_predator_distance_hysteresis"
    },
    {
      "time": 4.3,
      "kind": "public_dto_active_guide",
      "agent_id": 15,
      "reason": "minimum_observed_predator_distance_hysteresis"
    },
    {
      "time": 4.4,
      "kind": "public_dto_active_guide",
      "agent_id": 8,
      "reason": "minimum_observed_predator_distance_hysteresis"
    },
    {
      "time": 4.8,
      "kind": "public_dto_active_guide",
      "agent_id": 16,
      "reason": "minimum_observed_predator_distance_hysteresis"
    },
    {
      "time": 5.4,
      "kind": "public_dto_active_guide",
      "agent_id": 2,
      "reason": "minimum_observed_predator_distance_hysteresis"
    },
    {
      "time": 5.5,
      "kind": "public_dto_active_guide",
      "agent_id": 5,
      "reason": "minimum_observed_predator_distance_hysteresis"
    },
    {
      "time": 5.6,
      "kind": "public_dto_active_guide",
      "agent_id": 4,
      "reason": "minimum_observed_predator_distance_hysteresis"
    },
    {
      "time": 5.8,
      "kind": "public_dto_active_guide",
      "agent_id": 5,
      "reason": "minimum_observed_predator_distance_hysteresis"
    },
    {
      "time": 5.9,
      "kind": "public_dto_active_guide",
      "agent_id": 6,
      "reason": "minimum_observed_predator_distance_hysteresis"
    },
    {
      "time": 6.0,
      "kind": "public_dto_active_guide",
      "agent_id": 13,
      "reason": "minimum_observed_predator_distance_hysteresis"
    },
    {
      "time": 6.1,
      "kind": "public_dto_active_guide",
      "agent_id": 6,
      "reason": "minimum_observed_predator_distance_hysteresis"
    },
    {
      "time": 6.2,
      "kind": "public_dto_active_guide",
      "agent_id": 1,
      "reason": "minimum_observed_predator_distance_hysteresis"
    },
    {
      "time": 6.3,
      "kind": "public_dto_active_guide",
      "agent_id": 8,
      "reason": "minimum_observed_predator_distance_hysteresis"
    },
    {
      "time": 6.4,
      "kind": "public_dto_active_guide",
      "agent_id": 13,
      "reason": "minimum_observed_predator_distance_hysteresis"
    },
    {
      "time": 6.6,
      "kind": "public_dto_active_guide",
      "agent_id": 1,
      "reason": "minimum_observed_predator_distance_hysteresis"
    },
    {
      "time": 6.9,
      "kind": "public_dto_active_guide",
      "agent_id": 8,
      "reason": "minimum_observed_predator_distance_hysteresis"
    },
    {
      "time": 7.2,
      "kind": "public_dto_active_guide",
      "agent_id": 10,
      "reason": "minimum_observed_predator_distance_hysteresis"
    },
    {
      "time": 7.6,
      "kind": "public_dto_active_guide",
      "agent_id": 5,
      "reason": "minimum_observed_predator_distance_hysteresis"
    },
    {
      "time": 7.8,
      "kind": "public_dto_active_guide",
      "agent_id": 13,
      "reason": "minimum_observed_predator_distance_hysteresis"
    },
    {
      "time": 7.9,
      "kind": "public_dto_active_guide",
      "agent_id": 2,
      "reason": "minimum_observed_predator_distance_hysteresis"
    },
    {
      "time": 8.0,
      "kind": "public_dto_active_guide",
      "agent_id": 5,
      "reason": "minimum_observed_predator_distance_hysteresis"
    },
    {
      "time": 9.3,
      "kind": "public_dto_active_guide",
      "agent_id": 2,
      "reason": "minimum_observed_predator_distance_hysteresis"
    },
    {
      "time": 9.4,
      "kind": "public_dto_active_guide",
      "agent_id": 9,
      "reason": "minimum_observed_predator_distance_hysteresis"
    },
    {
      "time": 9.5,
      "kind": "public_dto_active_guide",
      "agent_id": 6,
      "reason": "minimum_observed_predator_distance_hysteresis"
    },
    {
      "time": 9.6,
      "kind": "public_dto_active_guide",
      "agent_id": 8,
      "reason": "minimum_observed_predator_distance_hysteresis"
    },
    {
      "time": 9.7,
      "kind": "public_dto_active_guide",
      "agent_id": 2,
      "reason": "minimum_observed_predator_distance_hysteresis"
    },
    {
      "time": 9.8,
      "kind": "public_dto_active_guide",
      "agent_id": 8,
      "reason": "minimum_observed_predator_distance_hysteresis"
    },
    {
      "time": 10.2,
      "kind": "public_dto_active_guide",
      "agent_id": 13,
      "reason": "minimum_observed_predator_distance_hysteresis"
    },
    {
      "time": 10.3,
      "kind": "public_dto_active_guide",
      "agent_id": 8,
      "reason": "minimum_observed_predator_distance_hysteresis"
    },
    {
      "time": 10.4,
      "kind": "public_dto_active_guide",
      "agent_id": 16,
      "reason": "minimum_observed_predator_distance_hysteresis"
    },
    {
      "time": 10.5,
      "kind": "public_dto_active_guide",
      "agent_id": 15,
      "reason": "minimum_observed_predator_distance_hysteresis"
    },
    {
      "time": 10.6,
      "kind": "public_dto_active_guide",
      "agent_id": 16,
      "reason": "minimum_observed_predator_distance_hysteresis"
    },
    {
      "time": 10.7,
      "kind": "public_dto_active_guide",
      "agent_id": 17,
      "reason": "minimum_observed_predator_distance_hysteresis"
    },
    {
      "time": 10.8,
      "kind": "public_dto_active_guide",
      "agent_id": 2,
      "reason": "minimum_observed_predator_distance_hysteresis"
    },
    {
      "time": 10.9,
      "kind": "public_dto_active_guide",
      "agent_id": 17,
      "reason": "minimum_observed_predator_distance_hysteresis"
    },
    {
      "time": 11.0,
      "kind": "public_dto_active_guide",
      "agent_id": 1,
      "reason": "minimum_observed_predator_distance_hysteresis"
    },
    {
      "time": 11.1,
      "kind": "public_dto_active_guide",
      "agent_id": 10,
      "reason": "minimum_observed_predator_distance_hysteresis"
    },
    {
      "time": 11.4,
      "kind": "public_dto_active_guide",
      "agent_id": 8,
      "reason": "minimum_observed_predator_distance_hysteresis"
    },
    {
      "time": 11.9,
      "kind": "public_dto_active_guide",
      "agent_id": 5,
      "reason": "minimum_observed_predator_distance_hysteresis"
    },
    {
      "time": 12.1,
      "kind": "public_dto_active_guide",
      "agent_id": 6,
      "reason": "minimum_observed_predator_distance_hysteresis"
    },
    {
      "time": 12.2,
      "kind": "public_dto_active_guide",
      "agent_id": 16,
      "reason": "minimum_observed_predator_distance_hysteresis"
    },
    {
      "time": 12.6,
      "kind": "public_dto_active_guide",
      "agent_id": 8,
      "reason": "minimum_observed_predator_distance_hysteresis"
    },
    {
      "time": 13.2,
      "kind": "public_dto_active_guide",
      "agent_id": 17,
      "reason": "minimum_observed_predator_distance_hysteresis"
    },
    {
      "time": 13.3,
      "kind": "public_dto_active_guide",
      "agent_id": 8,
      "reason": "minimum_observed_predator_distance_hysteresis"
    },
    {
      "time": 13.4,
      "kind": "public_dto_active_guide",
      "agent_id": 2,
      "reason": "minimum_observed_predator_distance_hysteresis"
    },
    {
      "time": 13.5,
      "kind": "public_dto_active_guide",
      "agent_id": 9,
      "reason": "minimum_observed_predator_distance_hysteresis"
    },
    {
      "time": 13.6,
      "kind": "public_dto_active_guide",
      "agent_id": 1,
      "reason": "minimum_observed_predator_distance_hysteresis"
    },
    {
      "time": 13.7,
      "kind": "public_dto_active_guide",
      "agent_id": 16,
      "reason": "minimum_observed_predator_distance_hysteresis"
    },
    {
      "time": 13.8,
      "kind": "public_dto_active_guide",
      "agent_id": 13,
      "reason": "minimum_observed_predator_distance_hysteresis"
    },
    {
      "time": 13.9,
      "kind": "public_dto_active_guide",
      "agent_id": 8,
      "reason": "minimum_observed_predator_distance_hysteresis"
    },
    {
      "time": 14.0,
      "kind": "public_dto_active_guide",
      "agent_id": 2,
      "reason": "minimum_observed_predator_distance_hysteresis"
    },
    {
      "time": 14.1,
      "kind": "public_dto_active_guide",
      "agent_id": 6,
      "reason": "minimum_observed_predator_distance_hysteresis"
    },
    {
      "time": 14.2,
      "kind": "public_dto_active_guide",
      "agent_id": 15,
      "reason": "minimum_observed_predator_distance_hysteresis"
    },
    {
      "time": 14.3,
      "kind": "public_dto_active_guide",
      "agent_id": 1,
      "reason": "minimum_observed_predator_distance_hysteresis"
    },
    {
      "time": 14.7,
      "kind": "public_dto_active_guide",
      "agent_id": 17,
      "reason": "minimum_observed_predator_distance_hysteresis"
    },
    {
      "time": 14.9,
      "kind": "public_dto_active_guide",
      "agent_id": 15,
      "reason": "minimum_observed_predator_distance_hysteresis"
    },
    {
      "time": 15.2,
      "kind": "public_dto_active_guide",
      "agent_id": 16,
      "reason": "minimum_observed_predator_distance_hysteresis"
    },
    {
      "time": 15.3,
      "kind": "public_dto_active_guide",
      "agent_id": 6,
      "reason": "minimum_observed_predator_distance_hysteresis"
    },
    {
      "time": 15.4,
      "kind": "public_dto_active_guide",
      "agent_id": 5,
      "reason": "minimum_observed_predator_distance_hysteresis"
    },
    {
      "time": 15.5,
      "kind": "public_dto_active_guide",
      "agent_id": 6,
      "reason": "minimum_observed_predator_distance_hysteresis"
    },
    {
      "time": 15.6,
      "kind": "public_dto_active_guide",
      "agent_id": 5,
      "reason": "minimum_observed_predator_distance_hysteresis"
    },
    {
      "time": 15.7,
      "kind": "public_dto_active_guide",
      "agent_id": 4,
      "reason": "minimum_observed_predator_distance_hysteresis"
    },
    {
      "time": 15.8,
      "kind": "public_dto_active_guide",
      "agent_id": 8,
      "reason": "minimum_observed_predator_distance_hysteresis"
    },
    {
      "time": 15.9,
      "kind": "public_dto_active_guide",
      "agent_id": 13,
      "reason": "minimum_observed_predator_distance_hysteresis"
    },
    {
      "time": 16.0,
      "kind": "public_dto_active_guide",
      "agent_id": 8,
      "reason": "minimum_observed_predator_distance_hysteresis"
    },
    {
      "time": 16.1,
      "kind": "public_dto_active_guide",
      "agent_id": 16,
      "reason": "minimum_observed_predator_distance_hysteresis"
    },
    {
      "time": 16.2,
      "kind": "public_dto_active_guide",
      "agent_id": 13,
      "reason": "minimum_observed_predator_distance_hysteresis"
    },
    {
      "time": 17.0,
      "kind": "public_dto_active_guide",
      "agent_id": 1,
      "reason": "minimum_observed_predator_distance_hysteresis"
    },
    {
      "time": 17.2,
      "kind": "public_dto_active_guide",
      "agent_id": 13,
      "reason": "minimum_observed_predator_distance_hysteresis"
    },
    {
      "time": 19.2,
      "kind": "public_dto_active_guide",
      "agent_id": 4,
      "reason": "minimum_observed_predator_distance_hysteresis"
    },
    {
      "time": 19.3,
      "kind": "public_dto_active_guide",
      "agent_id": 15,
      "reason": "minimum_observed_predator_distance_hysteresis"
    },
    {
      "time": 19.4,
      "kind": "public_dto_active_guide",
      "agent_id": 2,
      "reason": "minimum_observed_predator_distance_hysteresis"
    },
    {
      "time": 19.5,
      "kind": "public_dto_active_guide",
      "agent_id": 4,
      "reason": "minimum_observed_predator_distance_hysteresis"
    },
    {
      "time": 19.7,
      "kind": "public_dto_active_guide",
      "agent_id": 13,
      "reason": "minimum_observed_predator_distance_hysteresis"
    },
    {
      "time": 20.1,
      "kind": "public_dto_active_guide",
      "agent_id": 4,
      "reason": "minimum_observed_predator_distance_hysteresis"
    },
    {
      "time": 20.3,
      "kind": "public_dto_active_guide",
      "agent_id": 15,
      "reason": "minimum_observed_predator_distance_hysteresis"
    },
    {
      "time": 20.5,
      "kind": "public_dto_active_guide",
      "agent_id": 1,
      "reason": "minimum_observed_predator_distance_hysteresis"
    },
    {
      "time": 20.8,
      "kind": "public_dto_active_guide",
      "agent_id": 4,
      "reason": "minimum_observed_predator_distance_hysteresis"
    },
    {
      "time": 21.0,
      "kind": "public_dto_active_guide",
      "agent_id": 2,
      "reason": "minimum_observed_predator_distance_hysteresis"
    },
    {
      "time": 21.3,
      "kind": "public_dto_active_guide",
      "agent_id": 15,
      "reason": "minimum_observed_predator_distance_hysteresis"
    },
    {
      "time": 21.5,
      "kind": "public_dto_active_guide",
      "agent_id": 1,
      "reason": "minimum_observed_predator_distance_hysteresis"
    },
    {
      "time": 21.6,
      "kind": "public_dto_active_guide",
      "agent_id": 9,
      "reason": "minimum_observed_predator_distance_hysteresis"
    },
    {
      "time": 21.7,
      "kind": "public_dto_active_guide",
      "agent_id": 6,
      "reason": "minimum_observed_predator_distance_hysteresis"
    },
    {
      "time": 21.8,
      "kind": "public_dto_active_guide",
      "agent_id": 4,
      "reason": "minimum_observed_predator_distance_hysteresis"
    },
    {
      "time": 21.9,
      "kind": "public_dto_active_guide",
      "agent_id": 10,
      "reason": "minimum_observed_predator_distance_hysteresis"
    },
    {
      "time": 22.0,
      "kind": "public_dto_active_guide",
      "agent_id": 4,
      "reason": "minimum_observed_predator_distance_hysteresis"
    },
    {
      "time": 22.1,
      "kind": "public_dto_active_guide",
      "agent_id": 1,
      "reason": "minimum_observed_predator_distance_hysteresis"
    },
    {
      "time": 22.9,
      "kind": "public_dto_active_guide",
      "agent_id": 6,
      "reason": "minimum_observed_predator_distance_hysteresis"
    },
    {
      "time": 23.4,
      "kind": "public_dto_active_guide",
      "agent_id": 16,
      "reason": "minimum_observed_predator_distance_hysteresis"
    },
    {
      "time": 23.7,
      "kind": "public_dto_active_guide",
      "agent_id": 1,
      "reason": "minimum_observed_predator_distance_hysteresis"
    },
    {
      "time": 24.2,
      "kind": "public_dto_active_guide",
      "agent_id": 16,
      "reason": "minimum_observed_predator_distance_hysteresis"
    },
    {
      "time": 24.3,
      "kind": "public_dto_active_guide",
      "agent_id": 15,
      "reason": "minimum_observed_predator_distance_hysteresis"
    },
    {
      "time": 24.4,
      "kind": "public_dto_active_guide",
      "agent_id": 2,
      "reason": "minimum_observed_predator_distance_hysteresis"
    },
    {
      "time": 24.5,
      "kind": "public_dto_active_guide",
      "agent_id": 16,
      "reason": "minimum_observed_predator_distance_hysteresis"
    },
    {
      "time": 24.6,
      "kind": "public_dto_active_guide",
      "agent_id": 6,
      "reason": "minimum_observed_predator_distance_hysteresis"
    },
    {
      "time": 24.9,
      "kind": "public_dto_active_guide",
      "agent_id": 5,
      "reason": "minimum_observed_predator_distance_hysteresis"
    },
    {
      "time": 25.1,
      "kind": "public_dto_active_guide",
      "agent_id": 9,
      "reason": "minimum_observed_predator_distance_hysteresis"
    },
    {
      "time": 25.4,
      "kind": "public_dto_active_guide",
      "agent_id": 10,
      "reason": "minimum_observed_predator_distance_hysteresis"
    },
    {
      "time": 25.5,
      "kind": "public_dto_active_guide",
      "agent_id": 4,
      "reason": "minimum_observed_predator_distance_hysteresis"
    },
    {
      "time": 25.7,
      "kind": "public_dto_active_guide",
      "agent_id": 10,
      "reason": "minimum_observed_predator_distance_hysteresis"
    },
    {
      "time": 27.9,
      "kind": "public_dto_active_guide",
      "agent_id": 8,
      "reason": "minimum_observed_predator_distance_hysteresis"
    },
    {
      "time": 28.1,
      "kind": "public_dto_active_guide",
      "agent_id": 1,
      "reason": "minimum_observed_predator_distance_hysteresis"
    },
    {
      "time": 28.2,
      "kind": "public_dto_active_guide",
      "agent_id": 15,
      "reason": "minimum_observed_predator_distance_hysteresis"
    },
    {
      "time": 28.3,
      "kind": "public_dto_active_guide",
      "agent_id": 6,
      "reason": "minimum_observed_predator_distance_hysteresis"
    },
    {
      "time": 28.5,
      "kind": "public_dto_active_guide",
      "agent_id": 1,
      "reason": "minimum_observed_predator_distance_hysteresis"
    },
    {
      "time": 28.6,
      "kind": "public_dto_active_guide",
      "agent_id": 6,
      "reason": "minimum_observed_predator_distance_hysteresis"
    },
    {
      "time": 28.7,
      "kind": "public_dto_active_guide",
      "agent_id": 1,
      "reason": "minimum_observed_predator_distance_hysteresis"
    },
    {
      "time": 28.8,
      "kind": "public_dto_active_guide",
      "agent_id": 17,
      "reason": "minimum_observed_predator_distance_hysteresis"
    },
    {
      "time": 29.7,
      "kind": "public_dto_active_guide",
      "agent_id": 16,
      "reason": "minimum_observed_predator_distance_hysteresis"
    },
    {
      "time": 29.9,
      "kind": "public_dto_active_guide",
      "agent_id": 1,
      "reason": "minimum_observed_predator_distance_hysteresis"
    },
    {
      "time": 30.0,
      "kind": "public_dto_active_guide",
      "agent_id": 17,
      "reason": "minimum_observed_predator_distance_hysteresis"
    },
    {
      "time": 31.6,
      "kind": "public_dto_active_guide",
      "agent_id": 8,
      "reason": "minimum_observed_predator_distance_hysteresis"
    },
    {
      "time": 31.7,
      "kind": "public_dto_active_guide",
      "agent_id": 15,
      "reason": "minimum_observed_predator_distance_hysteresis"
    },
    {
      "time": 31.8,
      "kind": "public_dto_active_guide",
      "agent_id": 16,
      "reason": "minimum_observed_predator_distance_hysteresis"
    },
    {
      "time": 31.9,
      "kind": "public_dto_active_guide",
      "agent_id": 5,
      "reason": "minimum_observed_predator_distance_hysteresis"
    },
    {
      "time": 32.0,
      "kind": "public_dto_active_guide",
      "agent_id": 16,
      "reason": "minimum_observed_predator_distance_hysteresis"
    },
    {
      "time": 32.1,
      "kind": "public_dto_active_guide",
      "agent_id": 5,
      "reason": "minimum_observed_predator_distance_hysteresis"
    },
    {
      "time": 32.2,
      "kind": "public_dto_active_guide",
      "agent_id": 9,
      "reason": "minimum_observed_predator_distance_hysteresis"
    },
    {
      "time": 32.7,
      "kind": "public_dto_active_guide",
      "agent_id": 2,
      "reason": "minimum_observed_predator_distance_hysteresis"
    },
    {
      "time": 32.9,
      "kind": "public_dto_active_guide",
      "agent_id": 6,
      "reason": "minimum_observed_predator_distance_hysteresis"
    },
    {
      "time": 33.2,
      "kind": "public_dto_active_guide",
      "agent_id": 17,
      "reason": "minimum_observed_predator_distance_hysteresis"
    },
    {
      "time": 33.3,
      "kind": "public_dto_active_guide",
      "agent_id": 2,
      "reason": "minimum_observed_predator_distance_hysteresis"
    },
    {
      "time": 33.7,
      "kind": "public_dto_active_guide",
      "agent_id": 5,
      "reason": "minimum_observed_predator_distance_hysteresis"
    },
    {
      "time": 33.8,
      "kind": "public_dto_active_guide",
      "agent_id": 8,
      "reason": "minimum_observed_predator_distance_hysteresis"
    },
    {
      "time": 33.9,
      "kind": "public_dto_active_guide",
      "agent_id": 13,
      "reason": "minimum_observed_predator_distance_hysteresis"
    },
    {
      "time": 34.0,
      "kind": "public_dto_active_guide",
      "agent_id": 5,
      "reason": "minimum_observed_predator_distance_hysteresis"
    },
    {
      "time": 34.1,
      "kind": "public_dto_active_guide",
      "agent_id": 17,
      "reason": "minimum_observed_predator_distance_hysteresis"
    },
    {
      "time": 34.2,
      "kind": "public_dto_active_guide",
      "agent_id": 9,
      "reason": "minimum_observed_predator_distance_hysteresis"
    },
    {
      "time": 34.5,
      "kind": "public_dto_active_guide",
      "agent_id": 8,
      "reason": "minimum_observed_predator_distance_hysteresis"
    },
    {
      "time": 34.7,
      "kind": "public_dto_active_guide",
      "agent_id": 2,
      "reason": "minimum_observed_predator_distance_hysteresis"
    },
    {
      "time": 35.0,
      "kind": "public_dto_active_guide",
      "agent_id": 9,
      "reason": "minimum_observed_predator_distance_hysteresis"
    },
    {
      "time": 35.2,
      "kind": "public_dto_active_guide",
      "agent_id": 2,
      "reason": "minimum_observed_predator_distance_hysteresis"
    },
    {
      "time": 35.6,
      "kind": "public_dto_active_guide",
      "agent_id": 4,
      "reason": "minimum_observed_predator_distance_hysteresis"
    },
    {
      "time": 35.8,
      "kind": "public_dto_active_guide",
      "agent_id": 17,
      "reason": "minimum_observed_predator_distance_hysteresis"
    },
    {
      "time": 36.1,
      "kind": "public_dto_active_guide",
      "agent_id": 9,
      "reason": "minimum_observed_predator_distance_hysteresis"
    },
    {
      "time": 36.3,
      "kind": "public_dto_active_guide",
      "agent_id": 5,
      "reason": "minimum_observed_predator_distance_hysteresis"
    },
    {
      "time": 36.4,
      "kind": "public_dto_active_guide",
      "agent_id": 13,
      "reason": "minimum_observed_predator_distance_hysteresis"
    },
    {
      "time": 36.5,
      "kind": "public_dto_active_guide",
      "agent_id": 2,
      "reason": "minimum_observed_predator_distance_hysteresis"
    },
    {
      "time": 36.6,
      "kind": "public_dto_active_guide",
      "agent_id": 17,
      "reason": "minimum_observed_predator_distance_hysteresis"
    },
    {
      "time": 39.6,
      "kind": "public_dto_active_guide",
      "agent_id": 6,
      "reason": "minimum_observed_predator_distance_hysteresis"
    },
    {
      "time": 39.7,
      "kind": "public_dto_active_guide",
      "agent_id": 13,
      "reason": "minimum_observed_predator_distance_hysteresis"
    },
    {
      "time": 40.0,
      "kind": "public_dto_active_guide",
      "agent_id": 9,
      "reason": "minimum_observed_predator_distance_hysteresis"
    },
    {
      "time": 40.6,
      "kind": "public_dto_active_guide",
      "agent_id": 13,
      "reason": "minimum_observed_predator_distance_hysteresis"
    },
    {
      "time": 40.9,
      "kind": "public_dto_active_guide",
      "agent_id": 8,
      "reason": "minimum_observed_predator_distance_hysteresis"
    },
    {
      "time": 41.4,
      "kind": "public_dto_active_guide",
      "agent_id": 6,
      "reason": "minimum_observed_predator_distance_hysteresis"
    },
    {
      "time": 41.7,
      "kind": "public_dto_active_guide",
      "agent_id": 4,
      "reason": "minimum_observed_predator_distance_hysteresis"
    },
    {
      "time": 42.0,
      "kind": "public_dto_active_guide",
      "agent_id": 8,
      "reason": "minimum_observed_predator_distance_hysteresis"
    },
    {
      "time": 42.3,
      "kind": "public_dto_active_guide",
      "agent_id": 2,
      "reason": "minimum_observed_predator_distance_hysteresis"
    },
    {
      "time": 42.5,
      "kind": "public_dto_active_guide",
      "agent_id": 9,
      "reason": "minimum_observed_predator_distance_hysteresis"
    },
    {
      "time": 42.6,
      "kind": "public_dto_active_guide",
      "agent_id": 5,
      "reason": "minimum_observed_predator_distance_hysteresis"
    },
    {
      "time": 42.7,
      "kind": "public_dto_active_guide",
      "agent_id": 2,
      "reason": "minimum_observed_predator_distance_hysteresis"
    },
    {
      "time": 43.1,
      "kind": "public_dto_active_guide",
      "agent_id": 17,
      "reason": "minimum_observed_predator_distance_hysteresis"
    },
    {
      "time": 43.2,
      "kind": "public_dto_active_guide",
      "agent_id": 6,
      "reason": "minimum_observed_predator_distance_hysteresis"
    },
    {
      "time": 43.3,
      "kind": "public_dto_active_guide",
      "agent_id": 8,
      "reason": "minimum_observed_predator_distance_hysteresis"
    },
    {
      "time": 43.4,
      "kind": "public_dto_active_guide",
      "agent_id": 9,
      "reason": "minimum_observed_predator_distance_hysteresis"
    },
    {
      "time": 43.5,
      "kind": "public_dto_active_guide",
      "agent_id": 2,
      "reason": "minimum_observed_predator_distance_hysteresis"
    },
    {
      "time": 43.6,
      "kind": "public_dto_active_guide",
      "agent_id": 6,
      "reason": "minimum_observed_predator_distance_hysteresis"
    },
    {
      "time": 43.7,
      "kind": "public_dto_active_guide",
      "agent_id": 17,
      "reason": "minimum_observed_predator_distance_hysteresis"
    },
    {
      "time": 43.8,
      "kind": "public_dto_active_guide",
      "agent_id": 6,
      "reason": "minimum_observed_predator_distance_hysteresis"
    },
    {
      "time": 43.9,
      "kind": "public_dto_active_guide",
      "agent_id": 17,
      "reason": "minimum_observed_predator_distance_hysteresis"
    },
    {
      "time": 44.0,
      "kind": "public_dto_active_guide",
      "agent_id": 9,
      "reason": "minimum_observed_predator_distance_hysteresis"
    },
    {
      "time": 44.1,
      "kind": "public_dto_active_guide",
      "agent_id": 5,
      "reason": "minimum_observed_predator_distance_hysteresis"
    },
    {
      "time": 44.2,
      "kind": "public_dto_active_guide",
      "agent_id": 9,
      "reason": "minimum_observed_predator_distance_hysteresis"
    },
    {
      "time": 44.3,
      "kind": "public_dto_active_guide",
      "agent_id": 8,
      "reason": "minimum_observed_predator_distance_hysteresis"
    },
    {
      "time": 44.4,
      "kind": "public_dto_active_guide",
      "agent_id": 13,
      "reason": "minimum_observed_predator_distance_hysteresis"
    },
    {
      "time": 44.5,
      "kind": "public_dto_active_guide",
      "agent_id": 17,
      "reason": "minimum_observed_predator_distance_hysteresis"
    },
    {
      "time": 44.6,
      "kind": "public_dto_active_guide",
      "agent_id": 9,
      "reason": "minimum_observed_predator_distance_hysteresis"
    },
    {
      "time": 44.8,
      "kind": "public_dto_active_guide",
      "agent_id": 13,
      "reason": "minimum_observed_predator_distance_hysteresis"
    }
  ],
  "success": true,
  "replay": "results/simple_chase/replays/real-map-ParallelGuides-m10361-f20361-p1-direct_guide-sitebait1-4d50c478.json.gz"
}
/home/Ucals/projects/NordicCupAI-wall-funneling/survival-simulator/oscar-trap-research/survival/results/simple_chase/real-map-ParallelGuides-m10361-f20361-p1-direct_guide-sitebait1-4d50c478.json
