Running as unit: run-p942676-i919027.scope; invocation ID: 041341b87e8044ce8832400bbd7fb950
{"progress": "real-map-ParallelGuides-m10364-f20364-p1-direct_guide-sitebait1-5922f88c", "time": 10.0, "bait_deployed": 0.1, "policy_bait_ready": false, "encounter": 0.1, "oracle_handoff": null, "children": 16, "active_guide_id": 10, "guide_alive": false, "active_guide_alive": false, "guided_delivered": 0}
{"progress": "real-map-ParallelGuides-m10364-f20364-p1-direct_guide-sitebait1-5922f88c", "time": 20.0, "bait_deployed": 0.1, "policy_bait_ready": false, "encounter": 0.1, "oracle_handoff": null, "children": 16, "active_guide_id": 10, "guide_alive": false, "active_guide_alive": false, "guided_delivered": 0}
{"progress": "real-map-ParallelGuides-m10364-f20364-p1-direct_guide-sitebait1-5922f88c", "time": 30.0, "bait_deployed": 0.1, "policy_bait_ready": false, "encounter": 0.1, "oracle_handoff": null, "children": 16, "active_guide_id": 10, "guide_alive": false, "active_guide_alive": false, "guided_delivered": 0}
{"progress": "real-map-ParallelGuides-m10364-f20364-p1-direct_guide-sitebait1-5922f88c", "time": 40.0, "bait_deployed": 0.1, "policy_bait_ready": false, "encounter": 0.1, "oracle_handoff": null, "children": 16, "active_guide_id": 10, "guide_alive": false, "active_guide_alive": false, "guided_delivered": 0}
{"progress": "real-map-ParallelGuides-m10364-f20364-p1-direct_guide-sitebait1-5922f88c", "time": 50.0, "bait_deployed": 0.1, "policy_bait_ready": false, "encounter": 0.1, "oracle_handoff": null, "children": 16, "active_guide_id": 10, "guide_alive": false, "active_guide_alive": false, "guided_delivered": 0}
{"progress": "real-map-ParallelGuides-m10364-f20364-p1-direct_guide-sitebait1-5922f88c", "time": 60.0, "bait_deployed": 0.1, "policy_bait_ready": false, "encounter": 0.1, "oracle_handoff": null, "children": 16, "active_guide_id": 10, "guide_alive": false, "active_guide_alive": false, "guided_delivered": 0}
{"progress": "real-map-ParallelGuides-m10364-f20364-p1-direct_guide-sitebait1-5922f88c", "time": 70.0, "bait_deployed": 0.1, "policy_bait_ready": false, "encounter": 0.1, "oracle_handoff": null, "children": 16, "active_guide_id": 10, "guide_alive": false, "active_guide_alive": false, "guided_delivered": 0}
{"progress": "real-map-ParallelGuides-m10364-f20364-p1-direct_guide-sitebait1-5922f88c", "time": 80.0, "bait_deployed": 0.1, "policy_bait_ready": false, "encounter": 0.1, "oracle_handoff": null, "children": 16, "active_guide_id": 10, "guide_alive": false, "active_guide_alive": false, "guided_delivered": 0}
{"progress": "real-map-ParallelGuides-m10364-f20364-p1-direct_guide-sitebait1-5922f88c", "time": 90.0, "bait_deployed": 0.1, "policy_bait_ready": false, "encounter": 0.1, "oracle_handoff": null, "children": 16, "active_guide_id": 10, "guide_alive": false, "active_guide_alive": false, "guided_delivered": 1}
{"progress": "real-map-ParallelGuides-m10364-f20364-p1-direct_guide-sitebait1-5922f88c", "time": 100.0, "bait_deployed": 0.1, "policy_bait_ready": false, "encounter": 0.1, "oracle_handoff": null, "children": 16, "active_guide_id": 10, "guide_alive": false, "active_guide_alive": false, "guided_delivered": 1}
{"progress": "real-map-ParallelGuides-m10364-f20364-p1-direct_guide-sitebait1-5922f88c", "time": 110.0, "bait_deployed": 0.1, "policy_bait_ready": false, "encounter": 0.1, "oracle_handoff": null, "children": 16, "active_guide_id": 10, "guide_alive": false, "active_guide_alive": false, "guided_delivered": 1}
{"progress": "real-map-ParallelGuides-m10364-f20364-p1-direct_guide-sitebait1-5922f88c", "time": 120.0, "bait_deployed": 0.1, "policy_bait_ready": false, "encounter": 0.1, "oracle_handoff": null, "children": 16, "active_guide_id": 10, "guide_alive": false, "active_guide_alive": false, "guided_delivered": 1}
{"progress": "real-map-ParallelGuides-m10364-f20364-p1-direct_guide-sitebait1-5922f88c", "time": 130.0, "bait_deployed": 0.1, "policy_bait_ready": false, "encounter": 0.1, "oracle_handoff": null, "children": 16, "active_guide_id": 10, "guide_alive": false, "active_guide_alive": false, "guided_delivered": 1}
{"progress": "real-map-ParallelGuides-m10364-f20364-p1-direct_guide-sitebait1-5922f88c", "time": 140.0, "bait_deployed": 0.1, "policy_bait_ready": false, "encounter": 0.1, "oracle_handoff": null, "children": 16, "active_guide_id": 10, "guide_alive": false, "active_guide_alive": false, "guided_delivered": 1}
{"progress": "real-map-ParallelGuides-m10364-f20364-p1-direct_guide-sitebait1-5922f88c", "time": 150.0, "bait_deployed": 0.1, "policy_bait_ready": false, "encounter": 0.1, "oracle_handoff": null, "children": 16, "active_guide_id": 10, "guide_alive": false, "active_guide_alive": false, "guided_delivered": 1}
{"progress": "real-map-ParallelGuides-m10364-f20364-p1-direct_guide-sitebait1-5922f88c", "time": 160.0, "bait_deployed": 0.1, "policy_bait_ready": false, "encounter": 0.1, "oracle_handoff": null, "children": 16, "active_guide_id": 10, "guide_alive": false, "active_guide_alive": false, "guided_delivered": 1}
{"progress": "real-map-ParallelGuides-m10364-f20364-p1-direct_guide-sitebait1-5922f88c", "time": 170.0, "bait_deployed": 0.1, "policy_bait_ready": false, "encounter": 0.1, "oracle_handoff": null, "children": 16, "active_guide_id": 10, "guide_alive": false, "active_guide_alive": false, "guided_delivered": 1}
{"progress": "real-map-ParallelGuides-m10364-f20364-p1-direct_guide-sitebait1-5922f88c", "time": 180.0, "bait_deployed": 0.1, "policy_bait_ready": false, "encounter": 0.1, "oracle_handoff": null, "children": 16, "active_guide_id": 10, "guide_alive": false, "active_guide_alive": false, "guided_delivered": 1}
{"progress": "real-map-ParallelGuides-m10364-f20364-p1-direct_guide-sitebait1-5922f88c", "time": 190.0, "bait_deployed": 0.1, "policy_bait_ready": false, "encounter": 0.1, "oracle_handoff": null, "children": 16, "active_guide_id": 10, "guide_alive": false, "active_guide_alive": false, "guided_delivered": 1}
{"progress": "real-map-ParallelGuides-m10364-f20364-p1-direct_guide-sitebait1-5922f88c", "time": 200.0, "bait_deployed": 0.1, "policy_bait_ready": false, "encounter": 0.1, "oracle_handoff": null, "children": 16, "active_guide_id": 10, "guide_alive": false, "active_guide_alive": false, "guided_delivered": 1}
{"progress": "real-map-ParallelGuides-m10364-f20364-p1-direct_guide-sitebait1-5922f88c", "time": 210.0, "bait_deployed": 0.1, "policy_bait_ready": false, "encounter": 0.1, "oracle_handoff": null, "children": 16, "active_guide_id": 10, "guide_alive": false, "active_guide_alive": false, "guided_delivered": 1}
{"progress": "real-map-ParallelGuides-m10364-f20364-p1-direct_guide-sitebait1-5922f88c", "time": 220.0, "bait_deployed": 0.1, "policy_bait_ready": false, "encounter": 0.1, "oracle_handoff": null, "children": 16, "active_guide_id": 10, "guide_alive": false, "active_guide_alive": false, "guided_delivered": 1}
{"progress": "real-map-ParallelGuides-m10364-f20364-p1-direct_guide-sitebait1-5922f88c", "time": 230.0, "bait_deployed": 0.1, "policy_bait_ready": false, "encounter": 0.1, "oracle_handoff": null, "children": 16, "active_guide_id": 10, "guide_alive": false, "active_guide_alive": false, "guided_delivered": 1}
{"progress": "real-map-ParallelGuides-m10364-f20364-p1-direct_guide-sitebait1-5922f88c", "time": 240.0, "bait_deployed": 0.1, "policy_bait_ready": false, "encounter": 0.1, "oracle_handoff": null, "children": 16, "active_guide_id": 10, "guide_alive": false, "active_guide_alive": false, "guided_delivered": 1}
{"progress": "real-map-ParallelGuides-m10364-f20364-p1-direct_guide-sitebait1-5922f88c", "time": 250.0, "bait_deployed": 0.1, "policy_bait_ready": false, "encounter": 0.1, "oracle_handoff": null, "children": 16, "active_guide_id": 10, "guide_alive": false, "active_guide_alive": false, "guided_delivered": 1}
{"progress": "real-map-ParallelGuides-m10364-f20364-p1-direct_guide-sitebait1-5922f88c", "time": 260.0, "bait_deployed": 0.1, "policy_bait_ready": false, "encounter": 0.1, "oracle_handoff": null, "children": 16, "active_guide_id": 10, "guide_alive": false, "active_guide_alive": false, "guided_delivered": 1}
{"progress": "real-map-ParallelGuides-m10364-f20364-p1-direct_guide-sitebait1-5922f88c", "time": 270.0, "bait_deployed": 0.1, "policy_bait_ready": false, "encounter": 0.1, "oracle_handoff": null, "children": 16, "active_guide_id": 10, "guide_alive": false, "active_guide_alive": false, "guided_delivered": 1}
{"progress": "real-map-ParallelGuides-m10364-f20364-p1-direct_guide-sitebait1-5922f88c", "time": 280.0, "bait_deployed": 0.1, "policy_bait_ready": false, "encounter": 0.1, "oracle_handoff": null, "children": 16, "active_guide_id": 10, "guide_alive": false, "active_guide_alive": false, "guided_delivered": 1}
{"progress": "real-map-ParallelGuides-m10364-f20364-p1-direct_guide-sitebait1-5922f88c", "time": 290.0, "bait_deployed": 0.1, "policy_bait_ready": false, "encounter": 0.1, "oracle_handoff": null, "children": 16, "active_guide_id": 10, "guide_alive": false, "active_guide_alive": false, "guided_delivered": 1}
{"progress": "real-map-ParallelGuides-m10364-f20364-p1-direct_guide-sitebait1-5922f88c", "time": 300.0, "bait_deployed": 0.1, "policy_bait_ready": false, "encounter": 0.1, "oracle_handoff": null, "children": 16, "active_guide_id": 10, "guide_alive": false, "active_guide_alive": false, "guided_delivered": 1}
{"viewer_manifest_refresh": {"status": "deferred", "reason": "bounded-memory runs defer full-replay viewer processing"}}
{
  "schema": "real-map-intake-result-v2",
  "policy": "integrated_guide.policy_v35_parallel_reserves:ParallelGuides",
  "policy_hash": "8236356eaeb5e3dc864877be08babdf7d10084ea64f03d95a87c0132906528a4",
  "harness_hashes": {
    "research/simple_chase/run_streaming_v2.py": "837e02b05d1ba3af71df0949cb30beb18a8b2844f090f8b383c692192c52719a",
    "research/simple_chase/sampling.py": "1efb7d309c4cc79bc87916c1bea72a7845e78d0c2cdf0aeaf9e2a758ceed48ab",
    "research/simple_chase/static_map.py": "197b16cbe9dd2e3dd06b81fe9481986a97bd92d9c2a55f33597cc9b7280faf3c",
    "debugger/streaming_recorder_v2.py": "d5ecda6bb39ec74a9ad86fb20458df5de7f466d73052558af9e2877be3d99b19"
  },
  "mode": "direct_guide",
  "map_seed": 10364,
  "fixture_seed": 20364,
  "static_map_hash": "0df64d35ac66bd3a45e14b84c3ffd1d1acbef1bf0077c6aae7b8dbb83c2ccedc",
  "site": {
    "mouth": [
      1240.964,
      128.4042
    ],
    "inward": [
      -1.0,
      0.0
    ],
    "cross": [
      -0.0,
      -1.0
    ],
    "goal": [
      1235.964,
      128.4042
    ],
    "far": [
      1365.964,
      128.4042
    ],
    "hold": [
      1315.964,
      128.4042
    ],
    "gap": 14.0005,
    "overlap": 71.0705,
    "runup": [
      1490.964,
      128.4042
    ],
    "approach_lane_offset": 0.0,
    "offset_approach": false,
    "obstacle_indices": [
      41,
      47
    ],
    "axis": 1,
    "other_mouth": [
      1169.8936,
      128.4042
    ],
    "replacement_entry": [
      1149.8936,
      128.4042
    ],
    "second_access_clear": true,
    "second_access_radius": 5.01,
    "bait_depth": 5.0,
    "boundary_indices": [],
    "geometric_replacement_access_only": true
  },
  "station_bait": true,
  "requested_seconds": 300.0,
  "seconds": 300.0,
  "reason": "horizon",
  "native_render": true,
  "reproduction_of": null,
  "record_every_ticks": 1,
  "replay_frames": 3001,
  "initial_predators": 1,
  "final_predators_total": 5,
  "tracked_predators_present_final": 1,
  "ambient_predators_spawned": 4,
  "ambient_predators_present_final": 4,
  "agent_energy_refilled": true,
  "predator_state_native": false,
  "predator_dynamics_native_after_setup": true,
  "arranged_adjacent_awake_start": true,
  "bait_id": 0,
  "guide_id": 1,
  "bait_alive": true,
  "guide_alive": false,
  "deaths": [
    {
      "time": 0.4,
      "agent_id": 5,
      "role": "native_child"
    },
    {
      "time": 0.6,
      "agent_id": 8,
      "role": "native_child"
    },
    {
      "time": 0.6,
      "agent_id": 13,
      "role": "native_child"
    },
    {
      "time": 0.7,
      "agent_id": 15,
      "role": "native_child"
    },
    {
      "time": 6.8,
      "agent_id": 3,
      "role": "native_child"
    },
    {
      "time": 6.9,
      "agent_id": 2,
      "role": "native_child"
    },
    {
      "time": 6.9,
      "agent_id": 16,
      "role": "native_child"
    },
    {
      "time": 8.8,
      "agent_id": 11,
      "role": "native_child"
    },
    {
      "time": 8.8,
      "agent_id": 12,
      "role": "native_child"
    },
    {
      "time": 8.9,
      "agent_id": 6,
      "role": "native_child"
    },
    {
      "time": 8.9,
      "agent_id": 14,
      "role": "native_child"
    },
    {
      "time": 9.0,
      "agent_id": 1,
      "role": "parent_guide"
    },
    {
      "time": 9.0,
      "agent_id": 4,
      "role": "native_child"
    },
    {
      "time": 9.0,
      "agent_id": 7,
      "role": "native_child"
    },
    {
      "time": 9.0,
      "agent_id": 9,
      "role": "native_child"
    },
    {
      "time": 9.0,
      "agent_id": 10,
      "role": "native_child"
    },
    {
      "time": 9.0,
      "agent_id": 17,
      "role": "native_child"
    }
  ],
  "spawn_requests": [
    {
      "time": 0.1,
      "parent_id": 1
    },
    {
      "time": 0.2,
      "parent_id": 1
    },
    {
      "time": 0.3,
      "parent_id": 1
    },
    {
      "time": 0.3,
      "parent_id": 3
    },
    {
      "time": 0.4,
      "parent_id": 1
    },
    {
      "time": 0.4,
      "parent_id": 2
    },
    {
      "time": 0.4,
      "parent_id": 3
    },
    {
      "time": 0.5,
      "parent_id": 1
    },
    {
      "time": 0.5,
      "parent_id": 2
    },
    {
      "time": 0.5,
      "parent_id": 3
    },
    {
      "time": 0.5,
      "parent_id": 7
    },
    {
      "time": 0.5,
      "parent_id": 8
    },
    {
      "time": 0.6,
      "parent_id": 1
    },
    {
      "time": 0.6,
      "parent_id": 2
    },
    {
      "time": 0.6,
      "parent_id": 10
    },
    {
      "time": 0.6,
      "parent_id": 12
    }
  ],
  "child_births": [
    {
      "time": 0.1,
      "child_id": 2,
      "x": 146.3761,
      "y": 773.7193,
      "requesting_parent_ids": [
        1
      ],
      "native_parent_proximity_spawn": true
    },
    {
      "time": 0.2,
      "child_id": 3,
      "x": 136.1953,
      "y": 774.3034,
      "requesting_parent_ids": [
        1
      ],
      "native_parent_proximity_spawn": true
    },
    {
      "time": 0.3,
      "child_id": 4,
      "x": 158.8538,
      "y": 721.3216,
      "requesting_parent_ids": [
        1,
        3
      ],
      "native_parent_proximity_spawn": true
    },
    {
      "time": 0.3,
      "child_id": 5,
      "x": 109.4886,
      "y": 765.5323,
      "requesting_parent_ids": [
        1,
        3
      ],
      "native_parent_proximity_spawn": true
    },
    {
      "time": 0.4,
      "child_id": 6,
      "x": 156.7253,
      "y": 726.7224,
      "requesting_parent_ids": [
        1,
        2,
        3
      ],
      "native_parent_proximity_spawn": true
    },
    {
      "time": 0.4,
      "child_id": 7,
      "x": 128.5038,
      "y": 749.3149,
      "requesting_parent_ids": [
        1,
        2,
        3
      ],
      "native_parent_proximity_spawn": true
    },
    {
      "time": 0.4,
      "child_id": 8,
      "x": 132.7933,
      "y": 781.1108,
      "requesting_parent_ids": [
        1,
        2,
        3
      ],
      "native_parent_proximity_spawn": true
    },
    {
      "time": 0.5,
      "child_id": 9,
      "x": 171.7226,
      "y": 731.9868,
      "requesting_parent_ids": [
        1,
        2,
        3,
        7,
        8
      ],
      "native_parent_proximity_spawn": true
    },
    {
      "time": 0.5,
      "child_id": 10,
      "x": 155.7398,
      "y": 746.3436,
      "requesting_parent_ids": [
        1,
        2,
        3,
        7,
        8
      ],
      "native_parent_proximity_spawn": true
    },
    {
      "time": 0.5,
      "child_id": 11,
      "x": 122.6997,
      "y": 742.5022,
      "requesting_parent_ids": [
        1,
        2,
        3,
        7,
        8
      ],
      "native_parent_proximity_spawn": true
    },
    {
      "time": 0.5,
      "child_id": 12,
      "x": 138.3856,
      "y": 719.7644,
      "requesting_parent_ids": [
        1,
        2,
        3,
        7,
        8
      ],
      "native_parent_proximity_spawn": true
    },
    {
      "time": 0.5,
      "child_id": 13,
      "x": 112.9706,
      "y": 754.9398,
      "requesting_parent_ids": [
        1,
        2,
        3,
        7,
        8
      ],
      "native_parent_proximity_spawn": true
    },
    {
      "time": 0.6,
      "child_id": 14,
      "x": 132.6125,
      "y": 702.1958,
      "requesting_parent_ids": [
        1,
        2,
        10,
        12
      ],
      "native_parent_proximity_spawn": true
    },
    {
      "time": 0.6,
      "child_id": 15,
      "x": 137.5812,
      "y": 773.2148,
      "requesting_parent_ids": [
        1,
        2,
        10,
        12
      ],
      "native_parent_proximity_spawn": true
    },
    {
      "time": 0.6,
      "child_id": 16,
      "x": 155.3928,
      "y": 756.6764,
      "requesting_parent_ids": [
        1,
        2,
        10,
        12
      ],
      "native_parent_proximity_spawn": true
    },
    {
      "time": 0.6,
      "child_id": 17,
      "x": 125.7268,
      "y": 718.7458,
      "requesting_parent_ids": [
        1,
        2,
        10,
        12
      ],
      "native_parent_proximity_spawn": true
    }
  ],
  "fruit_consumptions": [
    {
      "time": 6.2,
      "agent_id": 7,
      "x": 256.5717,
      "y": 621.0042
    }
  ],
  "parent_fruit_consumed_before_tracked_encounter": 0,
  "tracked_encounter_times": [
    0.1
  ],
  "conditional_delivery_denominator": true,
  "conditional_delivery_status": "not_applicable",
  "setup_oracle": false,
  "setup_oracle_target": null,
  "setup_oracle_ticks": 0,
  "setup_oracle_routing": null,
  "setup_oracle_route_resets": 0,
  "setup_oracle_policy_reset_before_handoff_act": false,
  "setup_oracle_handoff_time": null,
  "dynamic_action_privilege_ended_at": null,
  "target_switches": [
    {
      "time": 0.1,
      "tracked_predator_slot": 0,
      "target": 1
    },
    {
      "time": 0.3,
      "tracked_predator_slot": 0,
      "target": 3
    },
    {
      "time": 0.5,
      "tracked_predator_slot": 0,
      "target": 8
    },
    {
      "time": 0.6,
      "tracked_predator_slot": 0,
      "target": 11
    },
    {
      "time": 0.7,
      "tracked_predator_slot": 0,
      "target": 16
    },
    {
      "time": 0.9,
      "tracked_predator_slot": 0,
      "target": 2
    },
    {
      "time": 2.8,
      "tracked_predator_slot": 0,
      "target": 11
    },
    {
      "time": 2.9,
      "tracked_predator_slot": 0,
      "target": 3
    },
    {
      "time": 3.0,
      "tracked_predator_slot": 0,
      "target": 17
    },
    {
      "time": 3.5,
      "tracked_predator_slot": 0,
      "target": 6
    },
    {
      "time": 3.6,
      "tracked_predator_slot": 0,
      "target": 4
    },
    {
      "time": 3.7,
      "tracked_predator_slot": 0,
      "target": 17
    },
    {
      "time": 4.0,
      "tracked_predator_slot": 0,
      "target": 14
    },
    {
      "time": 4.8,
      "tracked_predator_slot": 0,
      "target": 4
    },
    {
      "time": 4.9,
      "tracked_predator_slot": 0,
      "target": 7
    },
    {
      "time": 5.1,
      "tracked_predator_slot": 0,
      "target": 14
    },
    {
      "time": 5.2,
      "tracked_predator_slot": 0,
      "target": 11
    },
    {
      "time": 5.3,
      "tracked_predator_slot": 0,
      "target": 7
    },
    {
      "time": 5.4,
      "tracked_predator_slot": 0,
      "target": 6
    },
    {
      "time": 5.5,
      "tracked_predator_slot": 0,
      "target": 7
    },
    {
      "time": 5.9,
      "tracked_predator_slot": 0,
      "target": 11
    },
    {
      "time": 6.2,
      "tracked_predator_slot": 0,
      "target": 3
    },
    {
      "time": 6.3,
      "tracked_predator_slot": 0,
      "target": 11
    },
    {
      "time": 6.4,
      "tracked_predator_slot": 0,
      "target": 3
    },
    {
      "time": 6.5,
      "tracked_predator_slot": 0,
      "target": 16
    },
    {
      "time": 6.6,
      "tracked_predator_slot": 0,
      "target": 3
    },
    {
      "time": 6.7,
      "tracked_predator_slot": 0,
      "target": 16
    },
    {
      "time": 6.8,
      "tracked_predator_slot": 0,
      "target": 11
    },
    {
      "time": 7.5,
      "tracked_predator_slot": 0,
      "target": null
    },
    {
      "time": 7.8,
      "tracked_predator_slot": 0,
      "target": 11
    },
    {
      "time": 7.9,
      "tracked_predator_slot": 0,
      "target": null
    },
    {
      "time": 8.0,
      "tracked_predator_slot": 0,
      "target": 7
    },
    {
      "time": 8.1,
      "tracked_predator_slot": 0,
      "target": 11
    },
    {
      "time": 8.2,
      "tracked_predator_slot": 0,
      "target": 7
    },
    {
      "time": 8.3,
      "tracked_predator_slot": 0,
      "target": 10
    },
    {
      "time": 8.4,
      "tracked_predator_slot": 0,
      "target": 4
    },
    {
      "time": 8.5,
      "tracked_predator_slot": 0,
      "target": 10
    },
    {
      "time": 8.6,
      "tracked_predator_slot": 0,
      "target": 6
    },
    {
      "time": 8.7,
      "tracked_predator_slot": 0,
      "target": 10
    },
    {
      "time": 9.0,
      "tracked_predator_slot": 0,
      "target": null
    },
    {
      "time": 44.7,
      "tracked_predator_slot": 0,
      "target": "resting"
    },
    {
      "time": 48.2,
      "tracked_predator_slot": 0,
      "target": null
    },
    {
      "time": 66.3,
      "tracked_predator_slot": 0,
      "target": "resting"
    },
    {
      "time": 69.8,
      "tracked_predator_slot": 0,
      "target": null
    },
    {
      "time": 73.6,
      "tracked_predator_slot": 0,
      "target": 0
    },
    {
      "time": 82.1,
      "tracked_predator_slot": 0,
      "target": "resting"
    },
    {
      "time": 85.6,
      "tracked_predator_slot": 0,
      "target": 0
    },
    {
      "time": 94.8,
      "tracked_predator_slot": 0,
      "target": "resting"
    },
    {
      "time": 98.3,
      "tracked_predator_slot": 0,
      "target": 0
    },
    {
      "time": 107.5,
      "tracked_predator_slot": 0,
      "target": "resting"
    },
    {
      "time": 111.0,
      "tracked_predator_slot": 0,
      "target": 0
    },
    {
      "time": 120.2,
      "tracked_predator_slot": 0,
      "target": "resting"
    },
    {
      "time": 123.7,
      "tracked_predator_slot": 0,
      "target": 0
    },
    {
      "time": 133.0,
      "tracked_predator_slot": 0,
      "target": "resting"
    },
    {
      "time": 136.5,
      "tracked_predator_slot": 0,
      "target": 0
    },
    {
      "time": 145.7,
      "tracked_predator_slot": 0,
      "target": "resting"
    },
    {
      "time": 149.2,
      "tracked_predator_slot": 0,
      "target": 0
    },
    {
      "time": 158.4,
      "tracked_predator_slot": 0,
      "target": "resting"
    },
    {
      "time": 161.9,
      "tracked_predator_slot": 0,
      "target": 0
    },
    {
      "time": 171.1,
      "tracked_predator_slot": 0,
      "target": "resting"
    },
    {
      "time": 174.6,
      "tracked_predator_slot": 0,
      "target": 0
    },
    {
      "time": 183.8,
      "tracked_predator_slot": 0,
      "target": "resting"
    },
    {
      "time": 187.3,
      "tracked_predator_slot": 0,
      "target": 0
    },
    {
      "time": 196.5,
      "tracked_predator_slot": 0,
      "target": "resting"
    },
    {
      "time": 200.0,
      "tracked_predator_slot": 0,
      "target": 0
    },
    {
      "time": 209.3,
      "tracked_predator_slot": 0,
      "target": "resting"
    },
    {
      "time": 212.8,
      "tracked_predator_slot": 0,
      "target": 0
    },
    {
      "time": 222.0,
      "tracked_predator_slot": 0,
      "target": "resting"
    },
    {
      "time": 225.5,
      "tracked_predator_slot": 0,
      "target": 0
    },
    {
      "time": 234.7,
      "tracked_predator_slot": 0,
      "target": "resting"
    },
    {
      "time": 238.2,
      "tracked_predator_slot": 0,
      "target": 0
    },
    {
      "time": 247.4,
      "tracked_predator_slot": 0,
      "target": "resting"
    },
    {
      "time": 250.9,
      "tracked_predator_slot": 0,
      "target": 0
    },
    {
      "time": 260.1,
      "tracked_predator_slot": 0,
      "target": "resting"
    },
    {
      "time": 263.6,
      "tracked_predator_slot": 0,
      "target": 0
    },
    {
      "time": 272.9,
      "tracked_predator_slot": 0,
      "target": "resting"
    },
    {
      "time": 276.4,
      "tracked_predator_slot": 0,
      "target": 0
    },
    {
      "time": 285.6,
      "tracked_predator_slot": 0,
      "target": "resting"
    },
    {
      "time": 289.1,
      "tracked_predator_slot": 0,
      "target": 0
    },
    {
      "time": 298.3,
      "tracked_predator_slot": 0,
      "target": "resting"
    }
  ],
  "guide_role_trace": [
    {
      "time": 0,
      "active_guide_id": 1
    },
    {
      "time": 0.4,
      "active_guide_id": 3
    },
    {
      "time": 0.6,
      "active_guide_id": 11
    },
    {
      "time": 0.8,
      "active_guide_id": 16
    },
    {
      "time": 1.2,
      "active_guide_id": 2
    },
    {
      "time": 2.7,
      "active_guide_id": 3
    },
    {
      "time": 2.8,
      "active_guide_id": 11
    },
    {
      "time": 2.9,
      "active_guide_id": 3
    },
    {
      "time": 3.1,
      "active_guide_id": 17
    },
    {
      "time": 4.4,
      "active_guide_id": 16
    },
    {
      "time": 4.6,
      "active_guide_id": 14
    },
    {
      "time": 5.2,
      "active_guide_id": 11
    },
    {
      "time": 5.3,
      "active_guide_id": 7
    },
    {
      "time": 6.0,
      "active_guide_id": 11
    },
    {
      "time": 6.2,
      "active_guide_id": 3
    },
    {
      "time": 6.3,
      "active_guide_id": 11
    },
    {
      "time": 6.4,
      "active_guide_id": 3
    },
    {
      "time": 6.5,
      "active_guide_id": 16
    },
    {
      "time": 6.6,
      "active_guide_id": 3
    },
    {
      "time": 6.7,
      "active_guide_id": 16
    },
    {
      "time": 6.9,
      "active_guide_id": 11
    },
    {
      "time": 7.9,
      "active_guide_id": 9
    },
    {
      "time": 8.4,
      "active_guide_id": 4
    },
    {
      "time": 8.6,
      "active_guide_id": 6
    },
    {
      "time": 8.7,
      "active_guide_id": 10
    }
  ],
  "guide_follow_trace": [
    {
      "time": 0.1,
      "active_guide_id": 1,
      "tracked_predator_slot": 0
    },
    {
      "time": 1.3,
      "active_guide_id": 2,
      "tracked_predator_slot": 0
    },
    {
      "time": 3.2,
      "active_guide_id": 17,
      "tracked_predator_slot": 0
    },
    {
      "time": 4.7,
      "active_guide_id": 14,
      "tracked_predator_slot": 0
    },
    {
      "time": 5.5,
      "active_guide_id": 7,
      "tracked_predator_slot": 0
    },
    {
      "time": 6.1,
      "active_guide_id": 11,
      "tracked_predator_slot": 0
    },
    {
      "time": 7.0,
      "active_guide_id": 11,
      "tracked_predator_slot": 0
    },
    {
      "time": 8.8,
      "active_guide_id": 10,
      "tracked_predator_slot": 0
    }
  ],
  "guide_role": "child",
  "parent_role": "gather_evade",
  "child_role": "guide",
  "active_guide_id_final": 10,
  "active_guide_alive_final": false,
  "guide_role_ids": [
    1,
    2,
    3,
    4,
    6,
    7,
    8,
    9,
    10,
    11,
    12,
    14,
    16,
    17
  ],
  "bait_deployed_at": 0.1,
  "policy_bait_ready_final": false,
  "bait_left_after_deployment": null,
  "final_bait_distance_to_goal": 0.0,
  "first_guide_predator_observation": 0.1,
  "first_predator_following_guide": 0.1,
  "first_predator_following_active_guide": 8.8,
  "tracked_seen_by_guide": 1,
  "tracked_followed_active_guide": 1,
  "physical_entered": 1,
  "guided_delivered": 1,
  "physical_losses_after_delivery": 0,
  "target_losses_after_delivery": 0,
  "physical_entry_times": [
    78.4
  ],
  "guided_delivery_times": [
    78.4
  ],
  "loss_times": [
    null
  ],
  "target_loss_times": [
    null
  ],
  "tail_seconds": 30.0,
  "tail_physical_min": 1,
  "tail_contained_min": 1,
  "final_distance_from_mouth": [
    12.2112
  ],
  "max_distance_after_delivery": [
    33.0309
  ],
  "policy_events": [
    {
      "time": 0.1,
      "kind": "parallel_native_reserve_request",
      "parent_id": 1,
      "request_number": 1,
      "observed_distance": 55.0
    },
    {
      "time": 0.2,
      "kind": "native_backup_registered",
      "agent_id": 2
    },
    {
      "time": 0.2,
      "kind": "parallel_native_reserve_request",
      "parent_id": 1,
      "request_number": 2,
      "observed_distance": 51.5947
    },
    {
      "time": 0.3,
      "kind": "native_backup_registered",
      "agent_id": 3
    },
    {
      "time": 0.3,
      "kind": "parallel_native_reserve_request",
      "parent_id": 1,
      "request_number": 3,
      "observed_distance": 48.3212
    },
    {
      "time": 0.3,
      "kind": "parallel_native_reserve_request",
      "parent_id": 3,
      "request_number": 4,
      "observed_distance": 43.6239
    },
    {
      "time": 0.4,
      "kind": "native_backup_registered",
      "agent_id": 4
    },
    {
      "time": 0.4,
      "kind": "public_dto_active_guide",
      "agent_id": 3,
      "reason": "minimum_observed_predator_distance_hysteresis"
    },
    {
      "time": 0.4,
      "kind": "parallel_native_reserve_request",
      "parent_id": 1,
      "request_number": 5,
      "observed_distance": 49.6886
    },
    {
      "time": 0.4,
      "kind": "parallel_native_reserve_request",
      "parent_id": 2,
      "request_number": 6,
      "observed_distance": 46.3387
    },
    {
      "time": 0.4,
      "kind": "parallel_native_reserve_request",
      "parent_id": 3,
      "request_number": 7,
      "observed_distance": 33.0124
    },
    {
      "time": 0.5,
      "kind": "native_backup_registered",
      "agent_id": 6
    },
    {
      "time": 0.5,
      "kind": "native_backup_registered",
      "agent_id": 7
    },
    {
      "time": 0.5,
      "kind": "native_backup_registered",
      "agent_id": 8
    },
    {
      "time": 0.5,
      "kind": "parallel_native_reserve_request",
      "parent_id": 1,
      "request_number": 8,
      "observed_distance": 54.4868
    },
    {
      "time": 0.5,
      "kind": "parallel_native_reserve_request",
      "parent_id": 2,
      "request_number": 9,
      "observed_distance": 45.1961
    },
    {
      "time": 0.5,
      "kind": "parallel_native_reserve_request",
      "parent_id": 3,
      "request_number": 10,
      "observed_distance": 32.4337
    },
    {
      "time": 0.5,
      "kind": "parallel_native_reserve_request",
      "parent_id": 7,
      "request_number": 11,
      "observed_distance": 30.9855
    },
    {
      "time": 0.5,
      "kind": "parallel_native_reserve_request",
      "parent_id": 8,
      "request_number": 12,
      "observed_distance": 29.5405
    },
    {
      "time": 0.6,
      "kind": "native_backup_registered",
      "agent_id": 9
    },
    {
      "time": 0.6,
      "kind": "native_backup_registered",
      "agent_id": 10
    },
    {
      "time": 0.6,
      "kind": "native_backup_registered",
      "agent_id": 11
    },
    {
      "time": 0.6,
      "kind": "native_backup_registered",
      "agent_id": 12
    },
    {
      "time": 0.6,
      "kind": "public_dto_active_guide",
      "agent_id": 11,
      "reason": "minimum_observed_predator_distance_hysteresis"
    },
    {
      "time": 0.6,
      "kind": "parallel_native_reserve_request",
      "parent_id": 12,
      "request_number": 13,
      "observed_distance": 56.0222
    },
    {
      "time": 0.6,
      "kind": "parallel_native_reserve_request",
      "parent_id": 1,
      "request_number": 14,
      "observed_distance": 54.1892
    },
    {
      "time": 0.6,
      "kind": "parallel_native_reserve_request",
      "parent_id": 10,
      "request_number": 15,
      "observed_distance": 48.7594
    },
    {
      "time": 0.6,
      "kind": "parallel_native_reserve_request",
      "parent_id": 2,
      "request_number": 16,
      "observed_distance": 42.1762
    },
    {
      "time": 0.7,
      "kind": "native_backup_registered",
      "agent_id": 14
    },
    {
      "time": 0.7,
      "kind": "native_backup_registered",
      "agent_id": 16
    },
    {
      "time": 0.7,
      "kind": "native_backup_registered",
      "agent_id": 17
    },
    {
      "time": 0.8,
      "kind": "public_dto_active_guide",
      "agent_id": 16,
      "reason": "minimum_observed_predator_distance_hysteresis"
    },
    {
      "time": 1.2,
      "kind": "public_dto_active_guide",
      "agent_id": 2,
      "reason": "minimum_observed_predator_distance_hysteresis"
    },
    {
      "time": 2.7,
      "kind": "public_dto_active_guide",
      "agent_id": 3,
      "reason": "minimum_observed_predator_distance_hysteresis"
    },
    {
      "time": 2.8,
      "kind": "public_dto_active_guide",
      "agent_id": 11,
      "reason": "minimum_observed_predator_distance_hysteresis"
    },
    {
      "time": 2.9,
      "kind": "public_dto_active_guide",
      "agent_id": 3,
      "reason": "minimum_observed_predator_distance_hysteresis"
    },
    {
      "time": 3.1,
      "kind": "public_dto_active_guide",
      "agent_id": 17,
      "reason": "minimum_observed_predator_distance_hysteresis"
    },
    {
      "time": 4.4,
      "kind": "public_dto_active_guide",
      "agent_id": 16,
      "reason": "minimum_observed_predator_distance_hysteresis"
    },
    {
      "time": 4.6,
      "kind": "public_dto_active_guide",
      "agent_id": 14,
      "reason": "minimum_observed_predator_distance_hysteresis"
    },
    {
      "time": 5.2,
      "kind": "public_dto_active_guide",
      "agent_id": 11,
      "reason": "minimum_observed_predator_distance_hysteresis"
    },
    {
      "time": 5.3,
      "kind": "public_dto_active_guide",
      "agent_id": 7,
      "reason": "minimum_observed_predator_distance_hysteresis"
    },
    {
      "time": 6.0,
      "kind": "public_dto_active_guide",
      "agent_id": 11,
      "reason": "minimum_observed_predator_distance_hysteresis"
    },
    {
      "time": 6.2,
      "kind": "public_dto_active_guide",
      "agent_id": 3,
      "reason": "minimum_observed_predator_distance_hysteresis"
    },
    {
      "time": 6.3,
      "kind": "public_dto_active_guide",
      "agent_id": 11,
      "reason": "minimum_observed_predator_distance_hysteresis"
    },
    {
      "time": 6.4,
      "kind": "public_dto_active_guide",
      "agent_id": 3,
      "reason": "minimum_observed_predator_distance_hysteresis"
    },
    {
      "time": 6.5,
      "kind": "public_dto_active_guide",
      "agent_id": 16,
      "reason": "minimum_observed_predator_distance_hysteresis"
    },
    {
      "time": 6.6,
      "kind": "public_dto_active_guide",
      "agent_id": 3,
      "reason": "minimum_observed_predator_distance_hysteresis"
    },
    {
      "time": 6.7,
      "kind": "public_dto_active_guide",
      "agent_id": 16,
      "reason": "minimum_observed_predator_distance_hysteresis"
    },
    {
      "time": 6.9,
      "kind": "public_dto_active_guide",
      "agent_id": 11,
      "reason": "minimum_observed_predator_distance_hysteresis"
    },
    {
      "time": 7.9,
      "kind": "public_dto_active_guide",
      "agent_id": 9,
      "reason": "minimum_observed_predator_distance_hysteresis"
    },
    {
      "time": 8.4,
      "kind": "public_dto_active_guide",
      "agent_id": 4,
      "reason": "minimum_observed_predator_distance_hysteresis"
    },
    {
      "time": 8.6,
      "kind": "public_dto_active_guide",
      "agent_id": 6,
      "reason": "minimum_observed_predator_distance_hysteresis"
    },
    {
      "time": 8.7,
      "kind": "public_dto_active_guide",
      "agent_id": 10,
      "reason": "minimum_observed_predator_distance_hysteresis"
    }
  ],
  "success": true,
  "replay": "results/simple_chase/replays/real-map-ParallelGuides-m10364-f20364-p1-direct_guide-sitebait1-5922f88c.json.gz"
}
/home/Ucals/projects/NordicCupAI-wall-funneling/survival-simulator/oscar-trap-research/survival/results/simple_chase/real-map-ParallelGuides-m10364-f20364-p1-direct_guide-sitebait1-5922f88c.json
