Running as unit: run-p945644-i960225.scope; invocation ID: 2e41aa86a9284033a320765c9a85f582
{"progress": "real-map-LeaderReserves-m10380-f20380-p1-direct_guide-sitebait1-d7115cbb", "time": 10.0, "bait_deployed": 0.1, "policy_bait_ready": false, "encounter": 0.1, "oracle_handoff": null, "children": 8, "active_guide_id": 3, "guide_alive": true, "active_guide_alive": true, "guided_delivered": 0}
{"progress": "real-map-LeaderReserves-m10380-f20380-p1-direct_guide-sitebait1-d7115cbb", "time": 20.0, "bait_deployed": 0.1, "policy_bait_ready": false, "encounter": 0.1, "oracle_handoff": null, "children": 8, "active_guide_id": 3, "guide_alive": true, "active_guide_alive": true, "guided_delivered": 0}
{"progress": "real-map-LeaderReserves-m10380-f20380-p1-direct_guide-sitebait1-d7115cbb", "time": 30.0, "bait_deployed": 0.1, "policy_bait_ready": false, "encounter": 0.1, "oracle_handoff": null, "children": 8, "active_guide_id": 3, "guide_alive": true, "active_guide_alive": true, "guided_delivered": 0}
{"progress": "real-map-LeaderReserves-m10380-f20380-p1-direct_guide-sitebait1-d7115cbb", "time": 40.0, "bait_deployed": 0.1, "policy_bait_ready": false, "encounter": 0.1, "oracle_handoff": null, "children": 8, "active_guide_id": 3, "guide_alive": true, "active_guide_alive": true, "guided_delivered": 0}
{"progress": "real-map-LeaderReserves-m10380-f20380-p1-direct_guide-sitebait1-d7115cbb", "time": 50.0, "bait_deployed": 0.1, "policy_bait_ready": false, "encounter": 0.1, "oracle_handoff": null, "children": 8, "active_guide_id": 1, "guide_alive": true, "active_guide_alive": true, "guided_delivered": 0}
{"progress": "real-map-LeaderReserves-m10380-f20380-p1-direct_guide-sitebait1-d7115cbb", "time": 60.0, "bait_deployed": 0.1, "policy_bait_ready": false, "encounter": 0.1, "oracle_handoff": null, "children": 8, "active_guide_id": 1, "guide_alive": true, "active_guide_alive": true, "guided_delivered": 0}
{"progress": "real-map-LeaderReserves-m10380-f20380-p1-direct_guide-sitebait1-d7115cbb", "time": 70.0, "bait_deployed": 0.1, "policy_bait_ready": false, "encounter": 0.1, "oracle_handoff": null, "children": 8, "active_guide_id": 1, "guide_alive": true, "active_guide_alive": true, "guided_delivered": 0}
{"progress": "real-map-LeaderReserves-m10380-f20380-p1-direct_guide-sitebait1-d7115cbb", "time": 80.0, "bait_deployed": 0.1, "policy_bait_ready": false, "encounter": 0.1, "oracle_handoff": null, "children": 8, "active_guide_id": 1, "guide_alive": true, "active_guide_alive": true, "guided_delivered": 0}
{"progress": "real-map-LeaderReserves-m10380-f20380-p1-direct_guide-sitebait1-d7115cbb", "time": 90.0, "bait_deployed": 0.1, "policy_bait_ready": false, "encounter": 0.1, "oracle_handoff": null, "children": 8, "active_guide_id": 1, "guide_alive": true, "active_guide_alive": true, "guided_delivered": 0}
{"progress": "real-map-LeaderReserves-m10380-f20380-p1-direct_guide-sitebait1-d7115cbb", "time": 100.0, "bait_deployed": 0.1, "policy_bait_ready": false, "encounter": 0.1, "oracle_handoff": null, "children": 8, "active_guide_id": 1, "guide_alive": true, "active_guide_alive": true, "guided_delivered": 0}
{"progress": "real-map-LeaderReserves-m10380-f20380-p1-direct_guide-sitebait1-d7115cbb", "time": 110.0, "bait_deployed": 0.1, "policy_bait_ready": false, "encounter": 0.1, "oracle_handoff": null, "children": 8, "active_guide_id": 1, "guide_alive": true, "active_guide_alive": true, "guided_delivered": 0}
{"progress": "real-map-LeaderReserves-m10380-f20380-p1-direct_guide-sitebait1-d7115cbb", "time": 120.0, "bait_deployed": 0.1, "policy_bait_ready": false, "encounter": 0.1, "oracle_handoff": null, "children": 8, "active_guide_id": 1, "guide_alive": true, "active_guide_alive": true, "guided_delivered": 0}
{"progress": "real-map-LeaderReserves-m10380-f20380-p1-direct_guide-sitebait1-d7115cbb", "time": 130.0, "bait_deployed": 0.1, "policy_bait_ready": false, "encounter": 0.1, "oracle_handoff": null, "children": 8, "active_guide_id": 1, "guide_alive": true, "active_guide_alive": true, "guided_delivered": 0}
{"progress": "real-map-LeaderReserves-m10380-f20380-p1-direct_guide-sitebait1-d7115cbb", "time": 140.0, "bait_deployed": 0.1, "policy_bait_ready": false, "encounter": 0.1, "oracle_handoff": null, "children": 8, "active_guide_id": 1, "guide_alive": true, "active_guide_alive": true, "guided_delivered": 0}
{"progress": "real-map-LeaderReserves-m10380-f20380-p1-direct_guide-sitebait1-d7115cbb", "time": 150.0, "bait_deployed": 0.1, "policy_bait_ready": false, "encounter": 0.1, "oracle_handoff": null, "children": 8, "active_guide_id": 1, "guide_alive": true, "active_guide_alive": true, "guided_delivered": 0}
{"progress": "real-map-LeaderReserves-m10380-f20380-p1-direct_guide-sitebait1-d7115cbb", "time": 160.0, "bait_deployed": 0.1, "policy_bait_ready": false, "encounter": 0.1, "oracle_handoff": null, "children": 8, "active_guide_id": 1, "guide_alive": true, "active_guide_alive": true, "guided_delivered": 0}
{"progress": "real-map-LeaderReserves-m10380-f20380-p1-direct_guide-sitebait1-d7115cbb", "time": 170.0, "bait_deployed": 0.1, "policy_bait_ready": false, "encounter": 0.1, "oracle_handoff": null, "children": 8, "active_guide_id": 1, "guide_alive": true, "active_guide_alive": true, "guided_delivered": 0}
{"progress": "real-map-LeaderReserves-m10380-f20380-p1-direct_guide-sitebait1-d7115cbb", "time": 180.0, "bait_deployed": 0.1, "policy_bait_ready": false, "encounter": 0.1, "oracle_handoff": null, "children": 8, "active_guide_id": 1, "guide_alive": true, "active_guide_alive": true, "guided_delivered": 0}
{"progress": "real-map-LeaderReserves-m10380-f20380-p1-direct_guide-sitebait1-d7115cbb", "time": 190.0, "bait_deployed": 0.1, "policy_bait_ready": false, "encounter": 0.1, "oracle_handoff": null, "children": 8, "active_guide_id": 1, "guide_alive": true, "active_guide_alive": true, "guided_delivered": 0}
{"progress": "real-map-LeaderReserves-m10380-f20380-p1-direct_guide-sitebait1-d7115cbb", "time": 200.0, "bait_deployed": 0.1, "policy_bait_ready": false, "encounter": 0.1, "oracle_handoff": null, "children": 8, "active_guide_id": 1, "guide_alive": true, "active_guide_alive": true, "guided_delivered": 0}
{"progress": "real-map-LeaderReserves-m10380-f20380-p1-direct_guide-sitebait1-d7115cbb", "time": 210.0, "bait_deployed": 0.1, "policy_bait_ready": false, "encounter": 0.1, "oracle_handoff": null, "children": 8, "active_guide_id": 1, "guide_alive": true, "active_guide_alive": true, "guided_delivered": 0}
{"progress": "real-map-LeaderReserves-m10380-f20380-p1-direct_guide-sitebait1-d7115cbb", "time": 220.0, "bait_deployed": 0.1, "policy_bait_ready": false, "encounter": 0.1, "oracle_handoff": null, "children": 8, "active_guide_id": 4, "guide_alive": true, "active_guide_alive": true, "guided_delivered": 0}
{"progress": "real-map-LeaderReserves-m10380-f20380-p1-direct_guide-sitebait1-d7115cbb", "time": 230.0, "bait_deployed": 0.1, "policy_bait_ready": false, "encounter": 0.1, "oracle_handoff": null, "children": 8, "active_guide_id": 6, "guide_alive": true, "active_guide_alive": true, "guided_delivered": 0}
{"progress": "real-map-LeaderReserves-m10380-f20380-p1-direct_guide-sitebait1-d7115cbb", "time": 240.0, "bait_deployed": 0.1, "policy_bait_ready": false, "encounter": 0.1, "oracle_handoff": null, "children": 8, "active_guide_id": 6, "guide_alive": true, "active_guide_alive": true, "guided_delivered": 0}
{"progress": "real-map-LeaderReserves-m10380-f20380-p1-direct_guide-sitebait1-d7115cbb", "time": 250.0, "bait_deployed": 0.1, "policy_bait_ready": false, "encounter": 0.1, "oracle_handoff": null, "children": 8, "active_guide_id": 8, "guide_alive": true, "active_guide_alive": true, "guided_delivered": 0}
{"progress": "real-map-LeaderReserves-m10380-f20380-p1-direct_guide-sitebait1-d7115cbb", "time": 260.0, "bait_deployed": 0.1, "policy_bait_ready": false, "encounter": 0.1, "oracle_handoff": null, "children": 8, "active_guide_id": 8, "guide_alive": true, "active_guide_alive": true, "guided_delivered": 0}
{"progress": "real-map-LeaderReserves-m10380-f20380-p1-direct_guide-sitebait1-d7115cbb", "time": 270.0, "bait_deployed": 0.1, "policy_bait_ready": false, "encounter": 0.1, "oracle_handoff": null, "children": 8, "active_guide_id": 9, "guide_alive": true, "active_guide_alive": true, "guided_delivered": 0}
{"progress": "real-map-LeaderReserves-m10380-f20380-p1-direct_guide-sitebait1-d7115cbb", "time": 280.0, "bait_deployed": 0.1, "policy_bait_ready": false, "encounter": 0.1, "oracle_handoff": null, "children": 8, "active_guide_id": 9, "guide_alive": true, "active_guide_alive": true, "guided_delivered": 0}
{"progress": "real-map-LeaderReserves-m10380-f20380-p1-direct_guide-sitebait1-d7115cbb", "time": 290.0, "bait_deployed": 0.1, "policy_bait_ready": false, "encounter": 0.1, "oracle_handoff": null, "children": 8, "active_guide_id": 4, "guide_alive": true, "active_guide_alive": true, "guided_delivered": 0}
{"progress": "real-map-LeaderReserves-m10380-f20380-p1-direct_guide-sitebait1-d7115cbb", "time": 300.0, "bait_deployed": 0.1, "policy_bait_ready": false, "encounter": 0.1, "oracle_handoff": null, "children": 8, "active_guide_id": 4, "guide_alive": true, "active_guide_alive": true, "guided_delivered": 0}
{"viewer_manifest_refresh": {"status": "deferred", "reason": "bounded-memory runs defer full-replay viewer processing"}}
{
  "schema": "real-map-intake-result-v2",
  "policy": "multi_site.leader_reserves:LeaderReserves",
  "policy_hash": "9f6fddda34011cef982ec219944e1179c4f6f1e1772dc66616a8c11739d2f32f",
  "harness_hashes": {
    "research/simple_chase/run_streaming_v2.py": "837e02b05d1ba3af71df0949cb30beb18a8b2844f090f8b383c692192c52719a",
    "research/simple_chase/sampling.py": "1efb7d309c4cc79bc87916c1bea72a7845e78d0c2cdf0aeaf9e2a758ceed48ab",
    "research/simple_chase/static_map.py": "197b16cbe9dd2e3dd06b81fe9481986a97bd92d9c2a55f33597cc9b7280faf3c",
    "debugger/streaming_recorder_v2.py": "d5ecda6bb39ec74a9ad86fb20458df5de7f466d73052558af9e2877be3d99b19"
  },
  "mode": "direct_guide",
  "map_seed": 10380,
  "fixture_seed": 20380,
  "static_map_hash": "f669cf8a9afa1266004252b32b3e4430d6be2fe82a962067b018581ca26cf131",
  "site": {
    "mouth": [
      518.0593,
      538.4144
    ],
    "inward": [
      -1.0,
      0.0
    ],
    "cross": [
      -0.0,
      -1.0
    ],
    "goal": [
      513.0593,
      538.4144
    ],
    "far": [
      643.0593,
      538.4144
    ],
    "hold": [
      593.0593,
      538.4144
    ],
    "gap": 11.3768,
    "overlap": 38.7211,
    "runup": [
      768.0593,
      538.4144
    ],
    "approach_lane_offset": 0.0,
    "offset_approach": false,
    "obstacle_indices": [
      81,
      29
    ],
    "axis": 1,
    "other_mouth": [
      479.3382,
      538.4144
    ],
    "replacement_entry": [
      459.3382,
      538.4144
    ],
    "second_access_clear": true,
    "second_access_radius": 5.01,
    "bait_depth": 5.0,
    "boundary_indices": [],
    "geometric_replacement_access_only": true
  },
  "station_bait": true,
  "requested_seconds": 300.0,
  "seconds": 300.0,
  "reason": "horizon",
  "native_render": true,
  "reproduction_of": null,
  "record_every_ticks": 1,
  "replay_frames": 3001,
  "initial_predators": 1,
  "final_predators_total": 3,
  "tracked_predators_present_final": 1,
  "ambient_predators_spawned": 2,
  "ambient_predators_present_final": 2,
  "agent_energy_refilled": true,
  "predator_state_native": false,
  "predator_dynamics_native_after_setup": true,
  "arranged_adjacent_awake_start": true,
  "bait_id": 0,
  "guide_id": 1,
  "bait_alive": true,
  "guide_alive": true,
  "deaths": [
    {
      "time": 43.6,
      "agent_id": 3,
      "role": "native_child"
    },
    {
      "time": 243.3,
      "agent_id": 6,
      "role": "native_child"
    }
  ],
  "spawn_requests": [
    {
      "time": 0.1,
      "parent_id": 1
    },
    {
      "time": 0.2,
      "parent_id": 1
    },
    {
      "time": 0.3,
      "parent_id": 1
    },
    {
      "time": 0.4,
      "parent_id": 1
    },
    {
      "time": 0.5,
      "parent_id": 1
    },
    {
      "time": 0.6,
      "parent_id": 1
    },
    {
      "time": 0.7,
      "parent_id": 4
    },
    {
      "time": 0.8,
      "parent_id": 8
    }
  ],
  "child_births": [
    {
      "time": 0.1,
      "child_id": 2,
      "x": 514.8003,
      "y": 207.8992,
      "requesting_parent_ids": [
        1
      ],
      "native_parent_proximity_spawn": true
    },
    {
      "time": 0.2,
      "child_id": 3,
      "x": 536.4914,
      "y": 267.6843,
      "requesting_parent_ids": [
        1
      ],
      "native_parent_proximity_spawn": true
    },
    {
      "time": 0.3,
      "child_id": 4,
      "x": 515.4179,
      "y": 255.1611,
      "requesting_parent_ids": [
        1
      ],
      "native_parent_proximity_spawn": true
    },
    {
      "time": 0.4,
      "child_id": 5,
      "x": 574.9713,
      "y": 265.1579,
      "requesting_parent_ids": [
        1
      ],
      "native_parent_proximity_spawn": true
    },
    {
      "time": 0.5,
      "child_id": 6,
      "x": 560.393,
      "y": 300.0066,
      "requesting_parent_ids": [
        1
      ],
      "native_parent_proximity_spawn": true
    },
    {
      "time": 0.6,
      "child_id": 7,
      "x": 581.2147,
      "y": 300.5845,
      "requesting_parent_ids": [
        1
      ],
      "native_parent_proximity_spawn": true
    },
    {
      "time": 0.7,
      "child_id": 8,
      "x": 509.2872,
      "y": 302.6703,
      "requesting_parent_ids": [
        4
      ],
      "native_parent_proximity_spawn": true
    },
    {
      "time": 0.8,
      "child_id": 9,
      "x": 512.1584,
      "y": 325.2786,
      "requesting_parent_ids": [
        8
      ],
      "native_parent_proximity_spawn": true
    }
  ],
  "fruit_consumptions": [
    {
      "time": 19.4,
      "agent_id": 3,
      "x": 746.9903,
      "y": 409.0488
    },
    {
      "time": 19.7,
      "agent_id": 3,
      "x": 757.249,
      "y": 388.5684
    },
    {
      "time": 20.7,
      "agent_id": 7,
      "x": 870.0334,
      "y": 388.6373
    },
    {
      "time": 21.1,
      "agent_id": 3,
      "x": 779.2319,
      "y": 429.4372
    },
    {
      "time": 30.7,
      "agent_id": 7,
      "x": 977.9466,
      "y": 432.7105
    },
    {
      "time": 30.9,
      "agent_id": 7,
      "x": 972.733,
      "y": 449.6879
    },
    {
      "time": 37.5,
      "agent_id": 3,
      "x": 772.8449,
      "y": 544.8629
    }
  ],
  "parent_fruit_consumed_before_tracked_encounter": 0,
  "tracked_encounter_times": [
    0.1
  ],
  "conditional_delivery_denominator": true,
  "conditional_delivery_status": "not_applicable",
  "setup_oracle": false,
  "setup_oracle_target": null,
  "setup_oracle_ticks": 0,
  "setup_oracle_routing": null,
  "setup_oracle_route_resets": 0,
  "setup_oracle_policy_reset_before_handoff_act": false,
  "setup_oracle_handoff_time": null,
  "dynamic_action_privilege_ended_at": null,
  "target_switches": [
    {
      "time": 0.1,
      "tracked_predator_slot": 0,
      "target": 1
    },
    {
      "time": 0.2,
      "tracked_predator_slot": 0,
      "target": 2
    },
    {
      "time": 0.7,
      "tracked_predator_slot": 0,
      "target": 3
    },
    {
      "time": 1.1,
      "tracked_predator_slot": 0,
      "target": 7
    },
    {
      "time": 1.2,
      "tracked_predator_slot": 0,
      "target": 3
    },
    {
      "time": 5.7,
      "tracked_predator_slot": 0,
      "target": 9
    },
    {
      "time": 5.9,
      "tracked_predator_slot": 0,
      "target": 3
    },
    {
      "time": 6.0,
      "tracked_predator_slot": 0,
      "target": 9
    },
    {
      "time": 6.1,
      "tracked_predator_slot": 0,
      "target": 4
    },
    {
      "time": 6.7,
      "tracked_predator_slot": 0,
      "target": 3
    },
    {
      "time": 11.9,
      "tracked_predator_slot": 0,
      "target": 7
    },
    {
      "time": 12.0,
      "tracked_predator_slot": 0,
      "target": 3
    },
    {
      "time": 13.1,
      "tracked_predator_slot": 0,
      "target": "resting"
    },
    {
      "time": 16.6,
      "tracked_predator_slot": 0,
      "target": null
    },
    {
      "time": 16.7,
      "tracked_predator_slot": 0,
      "target": 3
    },
    {
      "time": 16.8,
      "tracked_predator_slot": 0,
      "target": null
    },
    {
      "time": 16.9,
      "tracked_predator_slot": 0,
      "target": 3
    },
    {
      "time": 17.1,
      "tracked_predator_slot": 0,
      "target": 1
    },
    {
      "time": 17.2,
      "tracked_predator_slot": 0,
      "target": 3
    },
    {
      "time": 17.3,
      "tracked_predator_slot": 0,
      "target": 1
    },
    {
      "time": 17.5,
      "tracked_predator_slot": 0,
      "target": 3
    },
    {
      "time": 17.6,
      "tracked_predator_slot": 0,
      "target": 6
    },
    {
      "time": 17.9,
      "tracked_predator_slot": 0,
      "target": 3
    },
    {
      "time": 18.0,
      "tracked_predator_slot": 0,
      "target": 7
    },
    {
      "time": 20.3,
      "tracked_predator_slot": 0,
      "target": 3
    },
    {
      "time": 23.9,
      "tracked_predator_slot": 0,
      "target": 6
    },
    {
      "time": 24.0,
      "tracked_predator_slot": 0,
      "target": 3
    },
    {
      "time": 24.3,
      "tracked_predator_slot": 0,
      "target": 7
    },
    {
      "time": 26.0,
      "tracked_predator_slot": 0,
      "target": "resting"
    },
    {
      "time": 29.5,
      "tracked_predator_slot": 0,
      "target": 7
    },
    {
      "time": 33.6,
      "tracked_predator_slot": 0,
      "target": null
    },
    {
      "time": 33.7,
      "tracked_predator_slot": 0,
      "target": 3
    },
    {
      "time": 38.7,
      "tracked_predator_slot": 0,
      "target": "resting"
    },
    {
      "time": 42.2,
      "tracked_predator_slot": 0,
      "target": 3
    },
    {
      "time": 43.6,
      "tracked_predator_slot": 0,
      "target": 0
    },
    {
      "time": 56.6,
      "tracked_predator_slot": 0,
      "target": "resting"
    },
    {
      "time": 60.1,
      "tracked_predator_slot": 0,
      "target": 0
    },
    {
      "time": 69.4,
      "tracked_predator_slot": 0,
      "target": "resting"
    },
    {
      "time": 72.9,
      "tracked_predator_slot": 0,
      "target": 0
    },
    {
      "time": 82.3,
      "tracked_predator_slot": 0,
      "target": "resting"
    },
    {
      "time": 85.8,
      "tracked_predator_slot": 0,
      "target": 0
    },
    {
      "time": 95.1,
      "tracked_predator_slot": 0,
      "target": "resting"
    },
    {
      "time": 98.6,
      "tracked_predator_slot": 0,
      "target": 0
    },
    {
      "time": 108.0,
      "tracked_predator_slot": 0,
      "target": "resting"
    },
    {
      "time": 111.5,
      "tracked_predator_slot": 0,
      "target": 0
    },
    {
      "time": 120.8,
      "tracked_predator_slot": 0,
      "target": "resting"
    },
    {
      "time": 124.3,
      "tracked_predator_slot": 0,
      "target": 0
    },
    {
      "time": 133.7,
      "tracked_predator_slot": 0,
      "target": "resting"
    },
    {
      "time": 137.2,
      "tracked_predator_slot": 0,
      "target": 0
    },
    {
      "time": 146.5,
      "tracked_predator_slot": 0,
      "target": "resting"
    },
    {
      "time": 150.0,
      "tracked_predator_slot": 0,
      "target": 0
    },
    {
      "time": 159.4,
      "tracked_predator_slot": 0,
      "target": "resting"
    },
    {
      "time": 162.9,
      "tracked_predator_slot": 0,
      "target": 0
    },
    {
      "time": 172.2,
      "tracked_predator_slot": 0,
      "target": "resting"
    },
    {
      "time": 175.7,
      "tracked_predator_slot": 0,
      "target": 0
    },
    {
      "time": 185.0,
      "tracked_predator_slot": 0,
      "target": "resting"
    },
    {
      "time": 188.5,
      "tracked_predator_slot": 0,
      "target": 0
    },
    {
      "time": 197.8,
      "tracked_predator_slot": 0,
      "target": "resting"
    },
    {
      "time": 201.3,
      "tracked_predator_slot": 0,
      "target": 0
    },
    {
      "time": 210.6,
      "tracked_predator_slot": 0,
      "target": "resting"
    },
    {
      "time": 214.1,
      "tracked_predator_slot": 0,
      "target": 0
    },
    {
      "time": 223.4,
      "tracked_predator_slot": 0,
      "target": "resting"
    },
    {
      "time": 226.9,
      "tracked_predator_slot": 0,
      "target": 0
    },
    {
      "time": 235.9,
      "tracked_predator_slot": 0,
      "target": "resting"
    },
    {
      "time": 239.4,
      "tracked_predator_slot": 0,
      "target": 0
    },
    {
      "time": 248.4,
      "tracked_predator_slot": 0,
      "target": "resting"
    },
    {
      "time": 251.9,
      "tracked_predator_slot": 0,
      "target": 0
    },
    {
      "time": 261.3,
      "tracked_predator_slot": 0,
      "target": "resting"
    },
    {
      "time": 264.8,
      "tracked_predator_slot": 0,
      "target": 0
    },
    {
      "time": 274.1,
      "tracked_predator_slot": 0,
      "target": "resting"
    },
    {
      "time": 277.6,
      "tracked_predator_slot": 0,
      "target": 0
    },
    {
      "time": 286.9,
      "tracked_predator_slot": 0,
      "target": "resting"
    },
    {
      "time": 290.4,
      "tracked_predator_slot": 0,
      "target": 0
    },
    {
      "time": 299.7,
      "tracked_predator_slot": 0,
      "target": "resting"
    }
  ],
  "guide_role_trace": [
    {
      "time": 0,
      "active_guide_id": 1
    },
    {
      "time": 0.2,
      "active_guide_id": 2
    },
    {
      "time": 0.7,
      "active_guide_id": 3
    },
    {
      "time": 5.0,
      "active_guide_id": 2
    },
    {
      "time": 5.2,
      "active_guide_id": 5
    },
    {
      "time": 5.5,
      "active_guide_id": 3
    },
    {
      "time": 43.6,
      "active_guide_id": 1
    },
    {
      "time": 215.9,
      "active_guide_id": 8
    },
    {
      "time": 216.8,
      "active_guide_id": 9
    },
    {
      "time": 217.1,
      "active_guide_id": 4
    },
    {
      "time": 223.7,
      "active_guide_id": 1
    },
    {
      "time": 229.7,
      "active_guide_id": 6
    },
    {
      "time": 230.0,
      "active_guide_id": 5
    },
    {
      "time": 231.2,
      "active_guide_id": 6
    },
    {
      "time": 243.3,
      "active_guide_id": 8
    },
    {
      "time": 251.5,
      "active_guide_id": 1
    },
    {
      "time": 251.6,
      "active_guide_id": 8
    },
    {
      "time": 264.4,
      "active_guide_id": 9
    },
    {
      "time": 281.8,
      "active_guide_id": 4
    },
    {
      "time": 281.9,
      "active_guide_id": 9
    },
    {
      "time": 282.0,
      "active_guide_id": 4
    }
  ],
  "guide_follow_trace": [
    {
      "time": 0.1,
      "active_guide_id": 1,
      "tracked_predator_slot": 0
    },
    {
      "time": 0.3,
      "active_guide_id": 2,
      "tracked_predator_slot": 0
    },
    {
      "time": 0.8,
      "active_guide_id": 3,
      "tracked_predator_slot": 0
    },
    {
      "time": 5.6,
      "active_guide_id": 3,
      "tracked_predator_slot": 0
    }
  ],
  "guide_role": "child",
  "parent_role": "gather_evade",
  "child_role": "guide",
  "active_guide_id_final": 4,
  "active_guide_alive_final": true,
  "guide_role_ids": [
    1,
    2,
    3,
    4,
    5,
    6,
    7,
    8,
    9
  ],
  "bait_deployed_at": 0.1,
  "policy_bait_ready_final": false,
  "bait_left_after_deployment": null,
  "final_bait_distance_to_goal": 0.0,
  "first_guide_predator_observation": 0.1,
  "first_predator_following_guide": 0.1,
  "first_predator_following_active_guide": null,
  "tracked_seen_by_guide": 1,
  "tracked_followed_active_guide": 0,
  "physical_entered": 1,
  "guided_delivered": 0,
  "physical_losses_after_delivery": 0,
  "target_losses_after_delivery": 0,
  "physical_entry_times": [
    43.7
  ],
  "guided_delivery_times": [
    null
  ],
  "loss_times": [
    null
  ],
  "target_loss_times": [
    null
  ],
  "tail_seconds": 30.0,
  "tail_physical_min": 1,
  "tail_contained_min": 1,
  "final_distance_from_mouth": [
    11.7016
  ],
  "max_distance_after_delivery": [
    0.0
  ],
  "policy_events": [
    {
      "time": 0.1,
      "kind": "bounded_leader_reserve_birth",
      "parent_id": 1,
      "request_number": 1,
      "observed_distance": 55.0
    },
    {
      "time": 0.2,
      "kind": "native_leader_reserve_registered",
      "agent_id": 2
    },
    {
      "time": 0.2,
      "kind": "dto_closest_informed_leader_elected",
      "agent_id": 2,
      "previous_agent_id": 1
    },
    {
      "time": 0.2,
      "kind": "bounded_leader_reserve_birth",
      "parent_id": 1,
      "request_number": 2,
      "observed_distance": 58.2378
    },
    {
      "time": 0.3,
      "kind": "native_leader_reserve_registered",
      "agent_id": 3
    },
    {
      "time": 0.3,
      "kind": "bounded_leader_reserve_birth",
      "parent_id": 1,
      "request_number": 3,
      "observed_distance": 62.2554
    },
    {
      "time": 0.4,
      "kind": "native_leader_reserve_registered",
      "agent_id": 4
    },
    {
      "time": 0.4,
      "kind": "bounded_leader_reserve_birth",
      "parent_id": 1,
      "request_number": 4,
      "observed_distance": 66.2618
    },
    {
      "time": 0.5,
      "kind": "native_leader_reserve_registered",
      "agent_id": 5
    },
    {
      "time": 0.5,
      "kind": "bounded_leader_reserve_birth",
      "parent_id": 1,
      "request_number": 5,
      "observed_distance": 70.363
    },
    {
      "time": 0.6,
      "kind": "native_leader_reserve_registered",
      "agent_id": 6
    },
    {
      "time": 0.6,
      "kind": "bounded_leader_reserve_birth",
      "parent_id": 1,
      "request_number": 6,
      "observed_distance": 74.6518
    },
    {
      "time": 0.7,
      "kind": "native_leader_reserve_registered",
      "agent_id": 7
    },
    {
      "time": 0.7,
      "kind": "dto_closest_informed_leader_elected",
      "agent_id": 3,
      "previous_agent_id": 2
    },
    {
      "time": 0.7,
      "kind": "bounded_leader_reserve_birth",
      "parent_id": 4,
      "request_number": 7,
      "observed_distance": 59.8545
    },
    {
      "time": 0.8,
      "kind": "native_leader_reserve_registered",
      "agent_id": 8
    },
    {
      "time": 0.8,
      "kind": "bounded_leader_reserve_birth",
      "parent_id": 8,
      "request_number": 8,
      "observed_distance": 67.2653
    },
    {
      "time": 0.9,
      "kind": "native_leader_reserve_registered",
      "agent_id": 9
    },
    {
      "time": 5.0,
      "kind": "dto_closest_informed_leader_elected",
      "agent_id": 2,
      "previous_agent_id": 3
    },
    {
      "time": 5.2,
      "kind": "dto_closest_informed_leader_elected",
      "agent_id": 5,
      "previous_agent_id": 2
    },
    {
      "time": 5.5,
      "kind": "dto_closest_informed_leader_elected",
      "agent_id": 3,
      "previous_agent_id": 5
    },
    {
      "time": 43.6,
      "kind": "dto_closest_informed_leader_elected",
      "agent_id": 1,
      "previous_agent_id": 3
    },
    {
      "time": 215.9,
      "kind": "dto_closest_informed_leader_elected",
      "agent_id": 8,
      "previous_agent_id": 1
    },
    {
      "time": 216.8,
      "kind": "dto_closest_informed_leader_elected",
      "agent_id": 9,
      "previous_agent_id": 8
    },
    {
      "time": 217.1,
      "kind": "dto_closest_informed_leader_elected",
      "agent_id": 4,
      "previous_agent_id": 9
    },
    {
      "time": 223.7,
      "kind": "dto_closest_informed_leader_elected",
      "agent_id": 1,
      "previous_agent_id": 4
    },
    {
      "time": 229.7,
      "kind": "dto_closest_informed_leader_elected",
      "agent_id": 6,
      "previous_agent_id": 1
    },
    {
      "time": 230.0,
      "kind": "dto_closest_informed_leader_elected",
      "agent_id": 5,
      "previous_agent_id": 6
    },
    {
      "time": 231.2,
      "kind": "dto_closest_informed_leader_elected",
      "agent_id": 6,
      "previous_agent_id": 5
    },
    {
      "time": 243.3,
      "kind": "dto_closest_informed_leader_elected",
      "agent_id": 8,
      "previous_agent_id": 6
    },
    {
      "time": 251.5,
      "kind": "dto_closest_informed_leader_elected",
      "agent_id": 1,
      "previous_agent_id": 8
    },
    {
      "time": 251.6,
      "kind": "dto_closest_informed_leader_elected",
      "agent_id": 8,
      "previous_agent_id": 1
    },
    {
      "time": 264.4,
      "kind": "dto_closest_informed_leader_elected",
      "agent_id": 9,
      "previous_agent_id": 8
    },
    {
      "time": 281.8,
      "kind": "dto_closest_informed_leader_elected",
      "agent_id": 4,
      "previous_agent_id": 9
    },
    {
      "time": 281.9,
      "kind": "dto_closest_informed_leader_elected",
      "agent_id": 9,
      "previous_agent_id": 4
    },
    {
      "time": 282.0,
      "kind": "dto_closest_informed_leader_elected",
      "agent_id": 4,
      "previous_agent_id": 9
    }
  ],
  "success": false,
  "replay": "results/simple_chase/replays/real-map-LeaderReserves-m10380-f20380-p1-direct_guide-sitebait1-d7115cbb.json.gz"
}
/home/Ucals/projects/NordicCupAI-wall-funneling/survival-simulator/oscar-trap-research/survival/results/simple_chase/real-map-LeaderReserves-m10380-f20380-p1-direct_guide-sitebait1-d7115cbb.json
