Running as unit: run-p949939-i965339.scope; invocation ID: ba68a4352c33424ebbb5c66ab4b997e7
{"progress": "real-map-LeaderReserves-m10383-f20383-p1-direct_guide-sitebait1-ac638ce9", "time": 10.0, "bait_deployed": 0.1, "policy_bait_ready": false, "encounter": 0.1, "oracle_handoff": null, "children": 8, "active_guide_id": 1, "guide_alive": true, "active_guide_alive": true, "guided_delivered": 0}
{"progress": "real-map-LeaderReserves-m10383-f20383-p1-direct_guide-sitebait1-ac638ce9", "time": 20.0, "bait_deployed": 0.1, "policy_bait_ready": false, "encounter": 0.1, "oracle_handoff": null, "children": 8, "active_guide_id": 7, "guide_alive": true, "active_guide_alive": true, "guided_delivered": 0}
{"progress": "real-map-LeaderReserves-m10383-f20383-p1-direct_guide-sitebait1-ac638ce9", "time": 30.0, "bait_deployed": 0.1, "policy_bait_ready": false, "encounter": 0.1, "oracle_handoff": null, "children": 8, "active_guide_id": 1, "guide_alive": true, "active_guide_alive": true, "guided_delivered": 0}
{"progress": "real-map-LeaderReserves-m10383-f20383-p1-direct_guide-sitebait1-ac638ce9", "time": 40.0, "bait_deployed": 0.1, "policy_bait_ready": false, "encounter": 0.1, "oracle_handoff": null, "children": 8, "active_guide_id": 6, "guide_alive": true, "active_guide_alive": true, "guided_delivered": 0}
{"progress": "real-map-LeaderReserves-m10383-f20383-p1-direct_guide-sitebait1-ac638ce9", "time": 50.0, "bait_deployed": 0.1, "policy_bait_ready": false, "encounter": 0.1, "oracle_handoff": null, "children": 8, "active_guide_id": 4, "guide_alive": true, "active_guide_alive": true, "guided_delivered": 0}
{"viewer_manifest_refresh": {"status": "deferred", "reason": "bounded-memory runs defer full-replay viewer processing"}}
{
  "schema": "real-map-intake-result-v2",
  "policy": "multi_site.leader_reserves:LeaderReserves",
  "policy_hash": "9f6fddda34011cef982ec219944e1179c4f6f1e1772dc66616a8c11739d2f32f",
  "harness_hashes": {
    "research/simple_chase/run_streaming_v2.py": "837e02b05d1ba3af71df0949cb30beb18a8b2844f090f8b383c692192c52719a",
    "research/simple_chase/sampling.py": "1efb7d309c4cc79bc87916c1bea72a7845e78d0c2cdf0aeaf9e2a758ceed48ab",
    "research/simple_chase/static_map.py": "197b16cbe9dd2e3dd06b81fe9481986a97bd92d9c2a55f33597cc9b7280faf3c",
    "debugger/streaming_recorder_v2.py": "d5ecda6bb39ec74a9ad86fb20458df5de7f466d73052558af9e2877be3d99b19"
  },
  "mode": "direct_guide",
  "map_seed": 10383,
  "fixture_seed": 20383,
  "static_map_hash": "b44b78497d8925cc5528ac61636d3a300cd29be5e4aa28f0aec54abc1913de0f",
  "site": {
    "mouth": [
      1395.3272,
      505.376
    ],
    "inward": [
      0.0,
      1.0
    ],
    "cross": [
      -1.0,
      0.0
    ],
    "goal": [
      1395.3272,
      510.376
    ],
    "far": [
      1395.3272,
      380.376
    ],
    "hold": [
      1395.3272,
      430.376
    ],
    "gap": 11.6326,
    "overlap": 23.171,
    "runup": [
      1395.3272,
      305.376
    ],
    "approach_lane_offset": 0.0,
    "offset_approach": false,
    "obstacle_indices": [
      16,
      27
    ],
    "axis": 0,
    "other_mouth": [
      1395.3272,
      528.547
    ],
    "replacement_entry": [
      1395.3272,
      548.547
    ],
    "second_access_clear": true,
    "second_access_radius": 5.01,
    "bait_depth": 5.0,
    "boundary_indices": [],
    "geometric_replacement_access_only": true
  },
  "station_bait": true,
  "requested_seconds": 300.0,
  "seconds": 57.4,
  "reason": "stop sentinel",
  "native_render": true,
  "reproduction_of": null,
  "record_every_ticks": 1,
  "replay_frames": 575,
  "initial_predators": 1,
  "final_predators_total": 1,
  "tracked_predators_present_final": 1,
  "ambient_predators_spawned": 0,
  "ambient_predators_present_final": 0,
  "agent_energy_refilled": true,
  "predator_state_native": false,
  "predator_dynamics_native_after_setup": true,
  "arranged_adjacent_awake_start": true,
  "bait_id": 0,
  "guide_id": 1,
  "bait_alive": true,
  "guide_alive": true,
  "deaths": [
    {
      "time": 0.2,
      "agent_id": 2,
      "role": "native_child"
    },
    {
      "time": 0.3,
      "agent_id": 3,
      "role": "native_child"
    },
    {
      "time": 22.8,
      "agent_id": 7,
      "role": "native_child"
    }
  ],
  "spawn_requests": [
    {
      "time": 0.1,
      "parent_id": 1
    },
    {
      "time": 0.2,
      "parent_id": 1
    },
    {
      "time": 0.3,
      "parent_id": 1
    },
    {
      "time": 0.4,
      "parent_id": 4
    },
    {
      "time": 0.5,
      "parent_id": 1
    },
    {
      "time": 1.1,
      "parent_id": 1
    },
    {
      "time": 1.2,
      "parent_id": 1
    },
    {
      "time": 1.3,
      "parent_id": 8
    }
  ],
  "child_births": [
    {
      "time": 0.1,
      "child_id": 2,
      "x": 1465.7782,
      "y": 202.4044,
      "requesting_parent_ids": [
        1
      ],
      "native_parent_proximity_spawn": true
    },
    {
      "time": 0.2,
      "child_id": 3,
      "x": 1469.0416,
      "y": 204.8601,
      "requesting_parent_ids": [
        1
      ],
      "native_parent_proximity_spawn": true
    },
    {
      "time": 0.3,
      "child_id": 4,
      "x": 1489.6574,
      "y": 239.574,
      "requesting_parent_ids": [
        1
      ],
      "native_parent_proximity_spawn": true
    },
    {
      "time": 0.4,
      "child_id": 5,
      "x": 1502.1086,
      "y": 255.2254,
      "requesting_parent_ids": [
        4
      ],
      "native_parent_proximity_spawn": true
    },
    {
      "time": 0.5,
      "child_id": 6,
      "x": 1522.2771,
      "y": 246.0624,
      "requesting_parent_ids": [
        1
      ],
      "native_parent_proximity_spawn": true
    },
    {
      "time": 1.1,
      "child_id": 7,
      "x": 1491.9555,
      "y": 187.632,
      "requesting_parent_ids": [
        1
      ],
      "native_parent_proximity_spawn": true
    },
    {
      "time": 1.2,
      "child_id": 8,
      "x": 1529.0283,
      "y": 209.4766,
      "requesting_parent_ids": [
        1
      ],
      "native_parent_proximity_spawn": true
    },
    {
      "time": 1.3,
      "child_id": 9,
      "x": 1523.7057,
      "y": 210.6033,
      "requesting_parent_ids": [
        8
      ],
      "native_parent_proximity_spawn": true
    }
  ],
  "fruit_consumptions": [
    {
      "time": 14.3,
      "agent_id": 7,
      "x": 1369.1723,
      "y": 357.1458
    },
    {
      "time": 23.6,
      "agent_id": 6,
      "x": 1456.6123,
      "y": 455.5176
    },
    {
      "time": 53.0,
      "agent_id": 9,
      "x": 1494.0673,
      "y": 517.6547
    }
  ],
  "parent_fruit_consumed_before_tracked_encounter": 0,
  "tracked_encounter_times": [
    0.1
  ],
  "conditional_delivery_denominator": true,
  "conditional_delivery_status": "not_applicable",
  "setup_oracle": false,
  "setup_oracle_target": null,
  "setup_oracle_ticks": 0,
  "setup_oracle_routing": null,
  "setup_oracle_route_resets": 0,
  "setup_oracle_policy_reset_before_handoff_act": false,
  "setup_oracle_handoff_time": null,
  "dynamic_action_privilege_ended_at": null,
  "target_switches": [
    {
      "time": 0.1,
      "tracked_predator_slot": 0,
      "target": 1
    },
    {
      "time": 0.5,
      "tracked_predator_slot": 0,
      "target": null
    },
    {
      "time": 1.2,
      "tracked_predator_slot": 0,
      "target": 7
    },
    {
      "time": 1.6,
      "tracked_predator_slot": 0,
      "target": 9
    },
    {
      "time": 1.8,
      "tracked_predator_slot": 0,
      "target": 6
    },
    {
      "time": 2.0,
      "tracked_predator_slot": 0,
      "target": 5
    },
    {
      "time": 2.4,
      "tracked_predator_slot": 0,
      "target": null
    },
    {
      "time": 2.5,
      "tracked_predator_slot": 0,
      "target": 5
    },
    {
      "time": 2.6,
      "tracked_predator_slot": 0,
      "target": 6
    },
    {
      "time": 3.3,
      "tracked_predator_slot": 0,
      "target": null
    },
    {
      "time": 3.6,
      "tracked_predator_slot": 0,
      "target": 6
    },
    {
      "time": 3.8,
      "tracked_predator_slot": 0,
      "target": null
    },
    {
      "time": 3.9,
      "tracked_predator_slot": 0,
      "target": 6
    },
    {
      "time": 6.3,
      "tracked_predator_slot": 0,
      "target": null
    },
    {
      "time": 8.8,
      "tracked_predator_slot": 0,
      "target": 1
    },
    {
      "time": 12.2,
      "tracked_predator_slot": 0,
      "target": 7
    },
    {
      "time": 15.1,
      "tracked_predator_slot": 0,
      "target": null
    },
    {
      "time": 15.7,
      "tracked_predator_slot": 0,
      "target": 7
    },
    {
      "time": 16.0,
      "tracked_predator_slot": 0,
      "target": "resting"
    },
    {
      "time": 19.5,
      "tracked_predator_slot": 0,
      "target": 7
    },
    {
      "time": 20.2,
      "tracked_predator_slot": 0,
      "target": null
    },
    {
      "time": 21.3,
      "tracked_predator_slot": 0,
      "target": 7
    },
    {
      "time": 21.6,
      "tracked_predator_slot": 0,
      "target": null
    },
    {
      "time": 21.8,
      "tracked_predator_slot": 0,
      "target": 7
    },
    {
      "time": 22.8,
      "tracked_predator_slot": 0,
      "target": 0
    },
    {
      "time": 35.7,
      "tracked_predator_slot": 0,
      "target": "resting"
    },
    {
      "time": 39.2,
      "tracked_predator_slot": 0,
      "target": 0
    },
    {
      "time": 48.4,
      "tracked_predator_slot": 0,
      "target": "resting"
    },
    {
      "time": 51.9,
      "tracked_predator_slot": 0,
      "target": 0
    }
  ],
  "guide_role_trace": [
    {
      "time": 0,
      "active_guide_id": 1
    },
    {
      "time": 0.8,
      "active_guide_id": 4
    },
    {
      "time": 0.9,
      "active_guide_id": 1
    },
    {
      "time": 1.2,
      "active_guide_id": 7
    },
    {
      "time": 1.6,
      "active_guide_id": 9
    },
    {
      "time": 1.8,
      "active_guide_id": 6
    },
    {
      "time": 2.0,
      "active_guide_id": 5
    },
    {
      "time": 2.7,
      "active_guide_id": 6
    },
    {
      "time": 5.6,
      "active_guide_id": 5
    },
    {
      "time": 5.7,
      "active_guide_id": 6
    },
    {
      "time": 6.1,
      "active_guide_id": 5
    },
    {
      "time": 6.2,
      "active_guide_id": 1
    },
    {
      "time": 12.4,
      "active_guide_id": 7
    },
    {
      "time": 22.4,
      "active_guide_id": 9
    },
    {
      "time": 22.5,
      "active_guide_id": 7
    },
    {
      "time": 22.8,
      "active_guide_id": 9
    },
    {
      "time": 22.9,
      "active_guide_id": 6
    },
    {
      "time": 23.6,
      "active_guide_id": 5
    },
    {
      "time": 24.4,
      "active_guide_id": 1
    },
    {
      "time": 25.4,
      "active_guide_id": 6
    },
    {
      "time": 27.2,
      "active_guide_id": 1
    },
    {
      "time": 27.8,
      "active_guide_id": 5
    },
    {
      "time": 28.1,
      "active_guide_id": 1
    },
    {
      "time": 28.7,
      "active_guide_id": 5
    },
    {
      "time": 28.8,
      "active_guide_id": 1
    },
    {
      "time": 35.7,
      "active_guide_id": 5
    },
    {
      "time": 35.8,
      "active_guide_id": 1
    },
    {
      "time": 38.4,
      "active_guide_id": 5
    },
    {
      "time": 39.7,
      "active_guide_id": 1
    },
    {
      "time": 39.8,
      "active_guide_id": 4
    },
    {
      "time": 39.9,
      "active_guide_id": 6
    },
    {
      "time": 40.0,
      "active_guide_id": 4
    },
    {
      "time": 40.1,
      "active_guide_id": 6
    },
    {
      "time": 40.2,
      "active_guide_id": 4
    },
    {
      "time": 40.3,
      "active_guide_id": 6
    },
    {
      "time": 40.4,
      "active_guide_id": 4
    },
    {
      "time": 40.5,
      "active_guide_id": 6
    },
    {
      "time": 45.6,
      "active_guide_id": 4
    },
    {
      "time": 47.4,
      "active_guide_id": 6
    },
    {
      "time": 47.6,
      "active_guide_id": 8
    },
    {
      "time": 48.2,
      "active_guide_id": 4
    },
    {
      "time": 51.2,
      "active_guide_id": 8
    },
    {
      "time": 52.0,
      "active_guide_id": 4
    },
    {
      "time": 52.2,
      "active_guide_id": 5
    },
    {
      "time": 52.3,
      "active_guide_id": 1
    },
    {
      "time": 52.4,
      "active_guide_id": 6
    },
    {
      "time": 52.5,
      "active_guide_id": 4
    },
    {
      "time": 52.6,
      "active_guide_id": 9
    },
    {
      "time": 54.4,
      "active_guide_id": 8
    },
    {
      "time": 55.6,
      "active_guide_id": 5
    },
    {
      "time": 55.7,
      "active_guide_id": 1
    },
    {
      "time": 55.8,
      "active_guide_id": 6
    },
    {
      "time": 55.9,
      "active_guide_id": 8
    },
    {
      "time": 56.0,
      "active_guide_id": 4
    },
    {
      "time": 56.1,
      "active_guide_id": 5
    },
    {
      "time": 56.3,
      "active_guide_id": 9
    },
    {
      "time": 56.8,
      "active_guide_id": 1
    },
    {
      "time": 56.9,
      "active_guide_id": 9
    },
    {
      "time": 57.1,
      "active_guide_id": 6
    },
    {
      "time": 57.2,
      "active_guide_id": 9
    }
  ],
  "guide_follow_trace": [
    {
      "time": 0.1,
      "active_guide_id": 1,
      "tracked_predator_slot": 0
    },
    {
      "time": 1.3,
      "active_guide_id": 7,
      "tracked_predator_slot": 0
    },
    {
      "time": 1.7,
      "active_guide_id": 9,
      "tracked_predator_slot": 0
    },
    {
      "time": 1.9,
      "active_guide_id": 6,
      "tracked_predator_slot": 0
    },
    {
      "time": 2.1,
      "active_guide_id": 5,
      "tracked_predator_slot": 0
    },
    {
      "time": 2.8,
      "active_guide_id": 6,
      "tracked_predator_slot": 0
    },
    {
      "time": 5.8,
      "active_guide_id": 6,
      "tracked_predator_slot": 0
    },
    {
      "time": 8.8,
      "active_guide_id": 1,
      "tracked_predator_slot": 0
    },
    {
      "time": 12.5,
      "active_guide_id": 7,
      "tracked_predator_slot": 0
    },
    {
      "time": 22.6,
      "active_guide_id": 7,
      "tracked_predator_slot": 0
    }
  ],
  "guide_role": "child",
  "parent_role": "gather_evade",
  "child_role": "guide",
  "active_guide_id_final": 9,
  "active_guide_alive_final": true,
  "guide_role_ids": [
    1,
    4,
    5,
    6,
    7,
    8,
    9
  ],
  "bait_deployed_at": 0.1,
  "policy_bait_ready_final": false,
  "bait_left_after_deployment": null,
  "final_bait_distance_to_goal": 0.0,
  "first_guide_predator_observation": 0.1,
  "first_predator_following_guide": 0.1,
  "first_predator_following_active_guide": null,
  "tracked_seen_by_guide": 1,
  "tracked_followed_active_guide": 0,
  "physical_entered": 1,
  "guided_delivered": 0,
  "physical_losses_after_delivery": 0,
  "target_losses_after_delivery": 0,
  "physical_entry_times": [
    22.9
  ],
  "guided_delivery_times": [
    null
  ],
  "loss_times": [
    null
  ],
  "target_loss_times": [
    null
  ],
  "tail_seconds": 30.0,
  "tail_physical_min": 1,
  "tail_contained_min": 1,
  "final_distance_from_mouth": [
    12.4379
  ],
  "max_distance_after_delivery": [
    0.0
  ],
  "policy_events": [
    {
      "time": 0.1,
      "kind": "bounded_leader_reserve_birth",
      "parent_id": 1,
      "request_number": 1,
      "observed_distance": 55.0
    },
    {
      "time": 0.2,
      "kind": "bounded_leader_reserve_birth",
      "parent_id": 1,
      "request_number": 2,
      "observed_distance": 40.444
    },
    {
      "time": 0.3,
      "kind": "bounded_leader_reserve_birth",
      "parent_id": 1,
      "request_number": 3,
      "observed_distance": 33.287
    },
    {
      "time": 0.4,
      "kind": "native_leader_reserve_registered",
      "agent_id": 4
    },
    {
      "time": 0.4,
      "kind": "bounded_leader_reserve_birth",
      "parent_id": 4,
      "request_number": 4,
      "observed_distance": 45.5843
    },
    {
      "time": 0.5,
      "kind": "native_leader_reserve_registered",
      "agent_id": 5
    },
    {
      "time": 0.5,
      "kind": "bounded_leader_reserve_birth",
      "parent_id": 1,
      "request_number": 5,
      "observed_distance": 64.5441
    },
    {
      "time": 0.6,
      "kind": "native_leader_reserve_registered",
      "agent_id": 6
    },
    {
      "time": 0.8,
      "kind": "dto_closest_informed_leader_elected",
      "agent_id": 4,
      "previous_agent_id": 1
    },
    {
      "time": 0.9,
      "kind": "dto_closest_informed_leader_elected",
      "agent_id": 1,
      "previous_agent_id": 4
    },
    {
      "time": 1.1,
      "kind": "bounded_leader_reserve_birth",
      "parent_id": 1,
      "request_number": 6,
      "observed_distance": 74.714
    },
    {
      "time": 1.2,
      "kind": "native_leader_reserve_registered",
      "agent_id": 7
    },
    {
      "time": 1.2,
      "kind": "dto_closest_informed_leader_elected",
      "agent_id": 7,
      "previous_agent_id": 1
    },
    {
      "time": 1.2,
      "kind": "bounded_leader_reserve_birth",
      "parent_id": 1,
      "request_number": 7,
      "observed_distance": 61.8675
    },
    {
      "time": 1.3,
      "kind": "native_leader_reserve_registered",
      "agent_id": 8
    },
    {
      "time": 1.3,
      "kind": "bounded_leader_reserve_birth",
      "parent_id": 8,
      "request_number": 8,
      "observed_distance": 74.7942
    },
    {
      "time": 1.4,
      "kind": "native_leader_reserve_registered",
      "agent_id": 9
    },
    {
      "time": 1.6,
      "kind": "dto_closest_informed_leader_elected",
      "agent_id": 9,
      "previous_agent_id": 7
    },
    {
      "time": 1.8,
      "kind": "dto_closest_informed_leader_elected",
      "agent_id": 6,
      "previous_agent_id": 9
    },
    {
      "time": 2.0,
      "kind": "dto_closest_informed_leader_elected",
      "agent_id": 5,
      "previous_agent_id": 6
    },
    {
      "time": 2.7,
      "kind": "dto_closest_informed_leader_elected",
      "agent_id": 6,
      "previous_agent_id": 5
    },
    {
      "time": 5.6,
      "kind": "dto_closest_informed_leader_elected",
      "agent_id": 5,
      "previous_agent_id": 6
    },
    {
      "time": 5.7,
      "kind": "dto_closest_informed_leader_elected",
      "agent_id": 6,
      "previous_agent_id": 5
    },
    {
      "time": 6.1,
      "kind": "dto_closest_informed_leader_elected",
      "agent_id": 5,
      "previous_agent_id": 6
    },
    {
      "time": 6.2,
      "kind": "dto_closest_informed_leader_elected",
      "agent_id": 1,
      "previous_agent_id": 5
    },
    {
      "time": 12.4,
      "kind": "dto_closest_informed_leader_elected",
      "agent_id": 7,
      "previous_agent_id": 1
    },
    {
      "time": 22.4,
      "kind": "dto_closest_informed_leader_elected",
      "agent_id": 9,
      "previous_agent_id": 7
    },
    {
      "time": 22.5,
      "kind": "dto_closest_informed_leader_elected",
      "agent_id": 7,
      "previous_agent_id": 9
    },
    {
      "time": 22.8,
      "kind": "dto_closest_informed_leader_elected",
      "agent_id": 9,
      "previous_agent_id": 7
    },
    {
      "time": 22.9,
      "kind": "dto_closest_informed_leader_elected",
      "agent_id": 6,
      "previous_agent_id": 9
    },
    {
      "time": 23.6,
      "kind": "dto_closest_informed_leader_elected",
      "agent_id": 5,
      "previous_agent_id": 6
    },
    {
      "time": 24.4,
      "kind": "dto_closest_informed_leader_elected",
      "agent_id": 1,
      "previous_agent_id": 5
    },
    {
      "time": 25.4,
      "kind": "dto_closest_informed_leader_elected",
      "agent_id": 6,
      "previous_agent_id": 1
    },
    {
      "time": 27.2,
      "kind": "dto_closest_informed_leader_elected",
      "agent_id": 1,
      "previous_agent_id": 6
    },
    {
      "time": 27.8,
      "kind": "dto_closest_informed_leader_elected",
      "agent_id": 5,
      "previous_agent_id": 1
    },
    {
      "time": 28.1,
      "kind": "dto_closest_informed_leader_elected",
      "agent_id": 1,
      "previous_agent_id": 5
    },
    {
      "time": 28.7,
      "kind": "dto_closest_informed_leader_elected",
      "agent_id": 5,
      "previous_agent_id": 1
    },
    {
      "time": 28.8,
      "kind": "dto_closest_informed_leader_elected",
      "agent_id": 1,
      "previous_agent_id": 5
    },
    {
      "time": 35.7,
      "kind": "dto_closest_informed_leader_elected",
      "agent_id": 5,
      "previous_agent_id": 1
    },
    {
      "time": 35.8,
      "kind": "dto_closest_informed_leader_elected",
      "agent_id": 1,
      "previous_agent_id": 5
    },
    {
      "time": 38.4,
      "kind": "dto_closest_informed_leader_elected",
      "agent_id": 5,
      "previous_agent_id": 1
    },
    {
      "time": 39.7,
      "kind": "dto_closest_informed_leader_elected",
      "agent_id": 1,
      "previous_agent_id": 5
    },
    {
      "time": 39.8,
      "kind": "dto_closest_informed_leader_elected",
      "agent_id": 4,
      "previous_agent_id": 1
    },
    {
      "time": 39.9,
      "kind": "dto_closest_informed_leader_elected",
      "agent_id": 6,
      "previous_agent_id": 4
    },
    {
      "time": 40.0,
      "kind": "dto_closest_informed_leader_elected",
      "agent_id": 4,
      "previous_agent_id": 6
    },
    {
      "time": 40.1,
      "kind": "dto_closest_informed_leader_elected",
      "agent_id": 6,
      "previous_agent_id": 4
    },
    {
      "time": 40.2,
      "kind": "dto_closest_informed_leader_elected",
      "agent_id": 4,
      "previous_agent_id": 6
    },
    {
      "time": 40.3,
      "kind": "dto_closest_informed_leader_elected",
      "agent_id": 6,
      "previous_agent_id": 4
    },
    {
      "time": 40.4,
      "kind": "dto_closest_informed_leader_elected",
      "agent_id": 4,
      "previous_agent_id": 6
    },
    {
      "time": 40.5,
      "kind": "dto_closest_informed_leader_elected",
      "agent_id": 6,
      "previous_agent_id": 4
    },
    {
      "time": 45.6,
      "kind": "dto_closest_informed_leader_elected",
      "agent_id": 4,
      "previous_agent_id": 6
    },
    {
      "time": 47.4,
      "kind": "dto_closest_informed_leader_elected",
      "agent_id": 6,
      "previous_agent_id": 4
    },
    {
      "time": 47.6,
      "kind": "dto_closest_informed_leader_elected",
      "agent_id": 8,
      "previous_agent_id": 6
    },
    {
      "time": 48.2,
      "kind": "dto_closest_informed_leader_elected",
      "agent_id": 4,
      "previous_agent_id": 8
    },
    {
      "time": 51.2,
      "kind": "dto_closest_informed_leader_elected",
      "agent_id": 8,
      "previous_agent_id": 4
    },
    {
      "time": 52.0,
      "kind": "dto_closest_informed_leader_elected",
      "agent_id": 4,
      "previous_agent_id": 8
    },
    {
      "time": 52.2,
      "kind": "dto_closest_informed_leader_elected",
      "agent_id": 5,
      "previous_agent_id": 4
    },
    {
      "time": 52.3,
      "kind": "dto_closest_informed_leader_elected",
      "agent_id": 1,
      "previous_agent_id": 5
    },
    {
      "time": 52.4,
      "kind": "dto_closest_informed_leader_elected",
      "agent_id": 6,
      "previous_agent_id": 1
    },
    {
      "time": 52.5,
      "kind": "dto_closest_informed_leader_elected",
      "agent_id": 4,
      "previous_agent_id": 6
    },
    {
      "time": 52.6,
      "kind": "dto_closest_informed_leader_elected",
      "agent_id": 9,
      "previous_agent_id": 4
    },
    {
      "time": 54.4,
      "kind": "dto_closest_informed_leader_elected",
      "agent_id": 8,
      "previous_agent_id": 9
    },
    {
      "time": 55.6,
      "kind": "dto_closest_informed_leader_elected",
      "agent_id": 5,
      "previous_agent_id": 8
    },
    {
      "time": 55.7,
      "kind": "dto_closest_informed_leader_elected",
      "agent_id": 1,
      "previous_agent_id": 5
    },
    {
      "time": 55.8,
      "kind": "dto_closest_informed_leader_elected",
      "agent_id": 6,
      "previous_agent_id": 1
    },
    {
      "time": 55.9,
      "kind": "dto_closest_informed_leader_elected",
      "agent_id": 8,
      "previous_agent_id": 6
    },
    {
      "time": 56.0,
      "kind": "dto_closest_informed_leader_elected",
      "agent_id": 4,
      "previous_agent_id": 8
    },
    {
      "time": 56.1,
      "kind": "dto_closest_informed_leader_elected",
      "agent_id": 5,
      "previous_agent_id": 4
    },
    {
      "time": 56.3,
      "kind": "dto_closest_informed_leader_elected",
      "agent_id": 9,
      "previous_agent_id": 5
    },
    {
      "time": 56.8,
      "kind": "dto_closest_informed_leader_elected",
      "agent_id": 1,
      "previous_agent_id": 9
    },
    {
      "time": 56.9,
      "kind": "dto_closest_informed_leader_elected",
      "agent_id": 9,
      "previous_agent_id": 1
    },
    {
      "time": 57.1,
      "kind": "dto_closest_informed_leader_elected",
      "agent_id": 6,
      "previous_agent_id": 9
    },
    {
      "time": 57.2,
      "kind": "dto_closest_informed_leader_elected",
      "agent_id": 9,
      "previous_agent_id": 6
    }
  ],
  "success": false,
  "replay": "results/simple_chase/replays/real-map-LeaderReserves-m10383-f20383-p1-direct_guide-sitebait1-ac638ce9.json.gz"
}
/home/Ucals/projects/NordicCupAI-wall-funneling/survival-simulator/oscar-trap-research/survival/results/simple_chase/real-map-LeaderReserves-m10383-f20383-p1-direct_guide-sitebait1-ac638ce9.json
