Running as unit: run-p949746-i915408.scope; invocation ID: 3a82c5f845e5463999b38a5c4335cc12
{"progress": "real-map-LeaderReserves-m10382-f20382-p1-direct_guide-sitebait1-2a3aa61a", "time": 10.0, "bait_deployed": 0.1, "policy_bait_ready": false, "encounter": 0.1, "oracle_handoff": null, "children": 8, "active_guide_id": 3, "guide_alive": true, "active_guide_alive": true, "guided_delivered": 0}
{"progress": "real-map-LeaderReserves-m10382-f20382-p1-direct_guide-sitebait1-2a3aa61a", "time": 20.0, "bait_deployed": 0.1, "policy_bait_ready": false, "encounter": 0.1, "oracle_handoff": null, "children": 8, "active_guide_id": 3, "guide_alive": true, "active_guide_alive": true, "guided_delivered": 0}
{"progress": "real-map-LeaderReserves-m10382-f20382-p1-direct_guide-sitebait1-2a3aa61a", "time": 30.0, "bait_deployed": 0.1, "policy_bait_ready": false, "encounter": 0.1, "oracle_handoff": null, "children": 8, "active_guide_id": 3, "guide_alive": true, "active_guide_alive": true, "guided_delivered": 0}
{"progress": "real-map-LeaderReserves-m10382-f20382-p1-direct_guide-sitebait1-2a3aa61a", "time": 40.0, "bait_deployed": 0.1, "policy_bait_ready": false, "encounter": 0.1, "oracle_handoff": null, "children": 8, "active_guide_id": 3, "guide_alive": true, "active_guide_alive": true, "guided_delivered": 0}
{"progress": "real-map-LeaderReserves-m10382-f20382-p1-direct_guide-sitebait1-2a3aa61a", "time": 50.0, "bait_deployed": 0.1, "policy_bait_ready": false, "encounter": 0.1, "oracle_handoff": null, "children": 8, "active_guide_id": 3, "guide_alive": true, "active_guide_alive": true, "guided_delivered": 0}
{"progress": "real-map-LeaderReserves-m10382-f20382-p1-direct_guide-sitebait1-2a3aa61a", "time": 60.0, "bait_deployed": 0.1, "policy_bait_ready": false, "encounter": 0.1, "oracle_handoff": null, "children": 8, "active_guide_id": 3, "guide_alive": true, "active_guide_alive": true, "guided_delivered": 0}
{"progress": "real-map-LeaderReserves-m10382-f20382-p1-direct_guide-sitebait1-2a3aa61a", "time": 70.0, "bait_deployed": 0.1, "policy_bait_ready": false, "encounter": 0.1, "oracle_handoff": null, "children": 8, "active_guide_id": 3, "guide_alive": true, "active_guide_alive": true, "guided_delivered": 0}
{"viewer_manifest_refresh": {"status": "deferred", "reason": "bounded-memory runs defer full-replay viewer processing"}}
{
  "schema": "real-map-intake-result-v2",
  "policy": "multi_site.leader_reserves:LeaderReserves",
  "policy_hash": "9f6fddda34011cef982ec219944e1179c4f6f1e1772dc66616a8c11739d2f32f",
  "harness_hashes": {
    "research/simple_chase/run_streaming_v2.py": "837e02b05d1ba3af71df0949cb30beb18a8b2844f090f8b383c692192c52719a",
    "research/simple_chase/sampling.py": "1efb7d309c4cc79bc87916c1bea72a7845e78d0c2cdf0aeaf9e2a758ceed48ab",
    "research/simple_chase/static_map.py": "197b16cbe9dd2e3dd06b81fe9481986a97bd92d9c2a55f33597cc9b7280faf3c",
    "debugger/streaming_recorder_v2.py": "d5ecda6bb39ec74a9ad86fb20458df5de7f466d73052558af9e2877be3d99b19"
  },
  "mode": "direct_guide",
  "map_seed": 10382,
  "fixture_seed": 20382,
  "static_map_hash": "1eeb851e09b2e7c4ab597f374fd44fcb96565ee3cde9ee0862ec9124c4f0a785",
  "site": {
    "mouth": [
      1359.9847,
      382.9008
    ],
    "inward": [
      0.0,
      1.0
    ],
    "cross": [
      -1.0,
      0.0
    ],
    "goal": [
      1359.9847,
      387.9008
    ],
    "far": [
      1359.9847,
      257.9008
    ],
    "hold": [
      1359.9847,
      307.9008
    ],
    "gap": 13.7662,
    "overlap": 27.7055,
    "runup": [
      1359.9847,
      132.9008
    ],
    "approach_lane_offset": 0.0,
    "offset_approach": false,
    "obstacle_indices": [
      31,
      33
    ],
    "axis": 0,
    "other_mouth": [
      1359.9847,
      410.6062
    ],
    "replacement_entry": [
      1359.9847,
      430.6062
    ],
    "second_access_clear": true,
    "second_access_radius": 5.01,
    "bait_depth": 5.0,
    "boundary_indices": [],
    "geometric_replacement_access_only": true
  },
  "station_bait": true,
  "requested_seconds": 300.0,
  "seconds": 70.0,
  "reason": "stop sentinel",
  "native_render": true,
  "reproduction_of": null,
  "record_every_ticks": 1,
  "replay_frames": 701,
  "initial_predators": 1,
  "final_predators_total": 1,
  "tracked_predators_present_final": 1,
  "ambient_predators_spawned": 0,
  "ambient_predators_present_final": 0,
  "agent_energy_refilled": true,
  "predator_state_native": false,
  "predator_dynamics_native_after_setup": true,
  "arranged_adjacent_awake_start": true,
  "bait_id": 0,
  "guide_id": 1,
  "bait_alive": true,
  "guide_alive": true,
  "deaths": [],
  "spawn_requests": [
    {
      "time": 0.1,
      "parent_id": 1
    },
    {
      "time": 0.2,
      "parent_id": 1
    },
    {
      "time": 0.3,
      "parent_id": 3
    },
    {
      "time": 0.4,
      "parent_id": 3
    },
    {
      "time": 0.5,
      "parent_id": 3
    },
    {
      "time": 0.6,
      "parent_id": 3
    },
    {
      "time": 0.7,
      "parent_id": 3
    },
    {
      "time": 0.8,
      "parent_id": 1
    }
  ],
  "child_births": [
    {
      "time": 0.1,
      "child_id": 2,
      "x": 214.4003,
      "y": 843.7339,
      "requesting_parent_ids": [
        1
      ],
      "native_parent_proximity_spawn": true
    },
    {
      "time": 0.2,
      "child_id": 3,
      "x": 222.7385,
      "y": 843.0752,
      "requesting_parent_ids": [
        1
      ],
      "native_parent_proximity_spawn": true
    },
    {
      "time": 0.3,
      "child_id": 4,
      "x": 231.9588,
      "y": 852.2394,
      "requesting_parent_ids": [
        3
      ],
      "native_parent_proximity_spawn": true
    },
    {
      "time": 0.4,
      "child_id": 5,
      "x": 256.4606,
      "y": 862.7823,
      "requesting_parent_ids": [
        3
      ],
      "native_parent_proximity_spawn": true
    },
    {
      "time": 0.5,
      "child_id": 6,
      "x": 304.8589,
      "y": 848.7104,
      "requesting_parent_ids": [
        3
      ],
      "native_parent_proximity_spawn": true
    },
    {
      "time": 0.6,
      "child_id": 7,
      "x": 327.1792,
      "y": 825.1659,
      "requesting_parent_ids": [
        3
      ],
      "native_parent_proximity_spawn": true
    },
    {
      "time": 0.7,
      "child_id": 8,
      "x": 301.557,
      "y": 822.9499,
      "requesting_parent_ids": [
        3
      ],
      "native_parent_proximity_spawn": true
    },
    {
      "time": 0.8,
      "child_id": 9,
      "x": 332.4415,
      "y": 881.5851,
      "requesting_parent_ids": [
        1
      ],
      "native_parent_proximity_spawn": true
    }
  ],
  "fruit_consumptions": [
    {
      "time": 9.3,
      "agent_id": 7,
      "x": 860.8581,
      "y": 528.751
    },
    {
      "time": 43.7,
      "agent_id": 3,
      "x": 1275.7951,
      "y": 383.2392
    },
    {
      "time": 45.0,
      "agent_id": 3,
      "x": 1274.103,
      "y": 282.8571
    },
    {
      "time": 45.3,
      "agent_id": 3,
      "x": 1267.5611,
      "y": 274.0445
    },
    {
      "time": 45.7,
      "agent_id": 3,
      "x": 1291.9726,
      "y": 258.4504
    },
    {
      "time": 46.9,
      "agent_id": 3,
      "x": 1304.9059,
      "y": 184.1372
    },
    {
      "time": 47.4,
      "agent_id": 3,
      "x": 1321.276,
      "y": 183.1076
    },
    {
      "time": 49.6,
      "agent_id": 5,
      "x": 331.625,
      "y": 707.091
    },
    {
      "time": 50.6,
      "agent_id": 3,
      "x": 1454.5678,
      "y": 58.8063
    }
  ],
  "parent_fruit_consumed_before_tracked_encounter": 0,
  "tracked_encounter_times": [
    0.1
  ],
  "conditional_delivery_denominator": true,
  "conditional_delivery_status": "not_applicable",
  "setup_oracle": false,
  "setup_oracle_target": null,
  "setup_oracle_ticks": 0,
  "setup_oracle_routing": null,
  "setup_oracle_route_resets": 0,
  "setup_oracle_policy_reset_before_handoff_act": false,
  "setup_oracle_handoff_time": null,
  "dynamic_action_privilege_ended_at": null,
  "target_switches": [
    {
      "time": 0.1,
      "tracked_predator_slot": 0,
      "target": 1
    },
    {
      "time": 0.3,
      "tracked_predator_slot": 0,
      "target": 2
    },
    {
      "time": 0.4,
      "tracked_predator_slot": 0,
      "target": 4
    },
    {
      "time": 0.5,
      "tracked_predator_slot": 0,
      "target": 2
    },
    {
      "time": 0.6,
      "tracked_predator_slot": 0,
      "target": 5
    },
    {
      "time": 0.9,
      "tracked_predator_slot": 0,
      "target": 6
    },
    {
      "time": 1.1,
      "tracked_predator_slot": 0,
      "target": 7
    },
    {
      "time": 7.5,
      "tracked_predator_slot": 0,
      "target": null
    },
    {
      "time": 7.6,
      "tracked_predator_slot": 0,
      "target": 7
    },
    {
      "time": 7.7,
      "tracked_predator_slot": 0,
      "target": null
    },
    {
      "time": 8.1,
      "tracked_predator_slot": 0,
      "target": 3
    },
    {
      "time": 13.2,
      "tracked_predator_slot": 0,
      "target": "resting"
    },
    {
      "time": 16.7,
      "tracked_predator_slot": 0,
      "target": 3
    },
    {
      "time": 25.7,
      "tracked_predator_slot": 0,
      "target": "resting"
    },
    {
      "time": 29.2,
      "tracked_predator_slot": 0,
      "target": 3
    },
    {
      "time": 38.6,
      "tracked_predator_slot": 0,
      "target": "resting"
    },
    {
      "time": 42.1,
      "tracked_predator_slot": 0,
      "target": 3
    },
    {
      "time": 51.4,
      "tracked_predator_slot": 0,
      "target": "resting"
    },
    {
      "time": 54.9,
      "tracked_predator_slot": 0,
      "target": 3
    },
    {
      "time": 56.9,
      "tracked_predator_slot": 0,
      "target": null
    },
    {
      "time": 57.1,
      "tracked_predator_slot": 0,
      "target": 3
    },
    {
      "time": 64.2,
      "tracked_predator_slot": 0,
      "target": "resting"
    },
    {
      "time": 67.7,
      "tracked_predator_slot": 0,
      "target": 3
    }
  ],
  "guide_role_trace": [
    {
      "time": 0,
      "active_guide_id": 1
    },
    {
      "time": 0.3,
      "active_guide_id": 2
    },
    {
      "time": 0.6,
      "active_guide_id": 5
    },
    {
      "time": 0.9,
      "active_guide_id": 6
    },
    {
      "time": 1.1,
      "active_guide_id": 7
    },
    {
      "time": 9.9,
      "active_guide_id": 3
    }
  ],
  "guide_follow_trace": [
    {
      "time": 0.1,
      "active_guide_id": 1,
      "tracked_predator_slot": 0
    },
    {
      "time": 0.5,
      "active_guide_id": 2,
      "tracked_predator_slot": 0
    },
    {
      "time": 0.7,
      "active_guide_id": 5,
      "tracked_predator_slot": 0
    },
    {
      "time": 1.0,
      "active_guide_id": 6,
      "tracked_predator_slot": 0
    },
    {
      "time": 1.2,
      "active_guide_id": 7,
      "tracked_predator_slot": 0
    },
    {
      "time": 10.0,
      "active_guide_id": 3,
      "tracked_predator_slot": 0
    }
  ],
  "guide_role": "child",
  "parent_role": "gather_evade",
  "child_role": "guide",
  "active_guide_id_final": 3,
  "active_guide_alive_final": true,
  "guide_role_ids": [
    1,
    2,
    3,
    4,
    5,
    6,
    7,
    8,
    9
  ],
  "bait_deployed_at": 0.1,
  "policy_bait_ready_final": false,
  "bait_left_after_deployment": null,
  "final_bait_distance_to_goal": 0.0,
  "first_guide_predator_observation": 0.1,
  "first_predator_following_guide": 0.1,
  "first_predator_following_active_guide": 10.0,
  "tracked_seen_by_guide": 1,
  "tracked_followed_active_guide": 1,
  "physical_entered": 0,
  "guided_delivered": 0,
  "physical_losses_after_delivery": 0,
  "target_losses_after_delivery": 0,
  "physical_entry_times": [
    null
  ],
  "guided_delivery_times": [
    null
  ],
  "loss_times": [
    null
  ],
  "target_loss_times": [
    null
  ],
  "tail_seconds": 30.0,
  "tail_physical_min": 0,
  "tail_contained_min": 0,
  "final_distance_from_mouth": [
    361.1262
  ],
  "max_distance_after_delivery": [
    0.0
  ],
  "policy_events": [
    {
      "time": 0.1,
      "kind": "bounded_leader_reserve_birth",
      "parent_id": 1,
      "request_number": 1,
      "observed_distance": 55.0
    },
    {
      "time": 0.2,
      "kind": "native_leader_reserve_registered",
      "agent_id": 2
    },
    {
      "time": 0.2,
      "kind": "bounded_leader_reserve_birth",
      "parent_id": 1,
      "request_number": 2,
      "observed_distance": 40.0
    },
    {
      "time": 0.3,
      "kind": "native_leader_reserve_registered",
      "agent_id": 3
    },
    {
      "time": 0.3,
      "kind": "dto_closest_informed_leader_elected",
      "agent_id": 2,
      "previous_agent_id": 1
    },
    {
      "time": 0.3,
      "kind": "bounded_leader_reserve_birth",
      "parent_id": 3,
      "request_number": 3,
      "observed_distance": 45.0025
    },
    {
      "time": 0.4,
      "kind": "native_leader_reserve_registered",
      "agent_id": 4
    },
    {
      "time": 0.4,
      "kind": "bounded_leader_reserve_birth",
      "parent_id": 3,
      "request_number": 4,
      "observed_distance": 50.2571
    },
    {
      "time": 0.5,
      "kind": "native_leader_reserve_registered",
      "agent_id": 5
    },
    {
      "time": 0.5,
      "kind": "bounded_leader_reserve_birth",
      "parent_id": 3,
      "request_number": 5,
      "observed_distance": 55.6664
    },
    {
      "time": 0.6,
      "kind": "native_leader_reserve_registered",
      "agent_id": 6
    },
    {
      "time": 0.6,
      "kind": "dto_closest_informed_leader_elected",
      "agent_id": 5,
      "previous_agent_id": 2
    },
    {
      "time": 0.6,
      "kind": "bounded_leader_reserve_birth",
      "parent_id": 3,
      "request_number": 6,
      "observed_distance": 62.1366
    },
    {
      "time": 0.7,
      "kind": "native_leader_reserve_registered",
      "agent_id": 7
    },
    {
      "time": 0.7,
      "kind": "bounded_leader_reserve_birth",
      "parent_id": 3,
      "request_number": 7,
      "observed_distance": 68.9696
    },
    {
      "time": 0.8,
      "kind": "native_leader_reserve_registered",
      "agent_id": 8
    },
    {
      "time": 0.8,
      "kind": "bounded_leader_reserve_birth",
      "parent_id": 1,
      "request_number": 8,
      "observed_distance": 72.0942
    },
    {
      "time": 0.9,
      "kind": "native_leader_reserve_registered",
      "agent_id": 9
    },
    {
      "time": 0.9,
      "kind": "dto_closest_informed_leader_elected",
      "agent_id": 6,
      "previous_agent_id": 5
    },
    {
      "time": 1.1,
      "kind": "dto_closest_informed_leader_elected",
      "agent_id": 7,
      "previous_agent_id": 6
    },
    {
      "time": 9.9,
      "kind": "dto_closest_informed_leader_elected",
      "agent_id": 3,
      "previous_agent_id": 7
    }
  ],
  "success": false,
  "replay": "results/simple_chase/replays/real-map-LeaderReserves-m10382-f20382-p1-direct_guide-sitebait1-2a3aa61a.json.gz"
}
/home/Ucals/projects/NordicCupAI-wall-funneling/survival-simulator/oscar-trap-research/survival/results/simple_chase/real-map-LeaderReserves-m10382-f20382-p1-direct_guide-sitebait1-2a3aa61a.json
