Running as unit: run-p881252-i898309.scope; invocation ID: 279d3fe172804ef3b79ea6a1ebc0d4f8
{"progress": "real-map-Guide-m10244-f20244-p1-direct_guide-sitebait1-b9bf00eb", "time": 10.0, "bait_deployed": 0.1, "policy_bait_ready": false, "encounter": 0.1, "oracle_handoff": null, "children": 0, "active_guide_id": 1, "guide_alive": true, "active_guide_alive": true, "guided_delivered": 0}
{"progress": "real-map-Guide-m10244-f20244-p1-direct_guide-sitebait1-b9bf00eb", "time": 20.0, "bait_deployed": 0.1, "policy_bait_ready": false, "encounter": 0.1, "oracle_handoff": null, "children": 0, "active_guide_id": 1, "guide_alive": true, "active_guide_alive": true, "guided_delivered": 0}
{"progress": "real-map-Guide-m10244-f20244-p1-direct_guide-sitebait1-b9bf00eb", "time": 30.0, "bait_deployed": 0.1, "policy_bait_ready": false, "encounter": 0.1, "oracle_handoff": null, "children": 0, "active_guide_id": 1, "guide_alive": true, "active_guide_alive": true, "guided_delivered": 0}
{"progress": "real-map-Guide-m10244-f20244-p1-direct_guide-sitebait1-b9bf00eb", "time": 40.0, "bait_deployed": 0.1, "policy_bait_ready": false, "encounter": 0.1, "oracle_handoff": null, "children": 0, "active_guide_id": 1, "guide_alive": true, "active_guide_alive": true, "guided_delivered": 0}
{"progress": "real-map-Guide-m10244-f20244-p1-direct_guide-sitebait1-b9bf00eb", "time": 50.0, "bait_deployed": 0.1, "policy_bait_ready": false, "encounter": 0.1, "oracle_handoff": null, "children": 0, "active_guide_id": 1, "guide_alive": true, "active_guide_alive": true, "guided_delivered": 0}
{"progress": "real-map-Guide-m10244-f20244-p1-direct_guide-sitebait1-b9bf00eb", "time": 60.0, "bait_deployed": 0.1, "policy_bait_ready": false, "encounter": 0.1, "oracle_handoff": null, "children": 0, "active_guide_id": 1, "guide_alive": true, "active_guide_alive": true, "guided_delivered": 0}
{"progress": "real-map-Guide-m10244-f20244-p1-direct_guide-sitebait1-b9bf00eb", "time": 70.0, "bait_deployed": 0.1, "policy_bait_ready": false, "encounter": 0.1, "oracle_handoff": null, "children": 0, "active_guide_id": 1, "guide_alive": true, "active_guide_alive": true, "guided_delivered": 0}
{"progress": "real-map-Guide-m10244-f20244-p1-direct_guide-sitebait1-b9bf00eb", "time": 80.0, "bait_deployed": 0.1, "policy_bait_ready": false, "encounter": 0.1, "oracle_handoff": null, "children": 0, "active_guide_id": 1, "guide_alive": true, "active_guide_alive": true, "guided_delivered": 0}
{"progress": "real-map-Guide-m10244-f20244-p1-direct_guide-sitebait1-b9bf00eb", "time": 90.0, "bait_deployed": 0.1, "policy_bait_ready": false, "encounter": 0.1, "oracle_handoff": null, "children": 0, "active_guide_id": 1, "guide_alive": false, "active_guide_alive": false, "guided_delivered": 1}
{"progress": "real-map-Guide-m10244-f20244-p1-direct_guide-sitebait1-b9bf00eb", "time": 100.0, "bait_deployed": 0.1, "policy_bait_ready": false, "encounter": 0.1, "oracle_handoff": null, "children": 0, "active_guide_id": 1, "guide_alive": false, "active_guide_alive": false, "guided_delivered": 1}
{"progress": "real-map-Guide-m10244-f20244-p1-direct_guide-sitebait1-b9bf00eb", "time": 110.0, "bait_deployed": 0.1, "policy_bait_ready": false, "encounter": 0.1, "oracle_handoff": null, "children": 0, "active_guide_id": 1, "guide_alive": false, "active_guide_alive": false, "guided_delivered": 1}
{"progress": "real-map-Guide-m10244-f20244-p1-direct_guide-sitebait1-b9bf00eb", "time": 120.0, "bait_deployed": 0.1, "policy_bait_ready": false, "encounter": 0.1, "oracle_handoff": null, "children": 0, "active_guide_id": 1, "guide_alive": false, "active_guide_alive": false, "guided_delivered": 1}
{"progress": "real-map-Guide-m10244-f20244-p1-direct_guide-sitebait1-b9bf00eb", "time": 130.0, "bait_deployed": 0.1, "policy_bait_ready": false, "encounter": 0.1, "oracle_handoff": null, "children": 0, "active_guide_id": 1, "guide_alive": false, "active_guide_alive": false, "guided_delivered": 1}
{"progress": "real-map-Guide-m10244-f20244-p1-direct_guide-sitebait1-b9bf00eb", "time": 140.0, "bait_deployed": 0.1, "policy_bait_ready": false, "encounter": 0.1, "oracle_handoff": null, "children": 0, "active_guide_id": 1, "guide_alive": false, "active_guide_alive": false, "guided_delivered": 1}
{"progress": "real-map-Guide-m10244-f20244-p1-direct_guide-sitebait1-b9bf00eb", "time": 150.0, "bait_deployed": 0.1, "policy_bait_ready": false, "encounter": 0.1, "oracle_handoff": null, "children": 0, "active_guide_id": 1, "guide_alive": false, "active_guide_alive": false, "guided_delivered": 1}
{"progress": "real-map-Guide-m10244-f20244-p1-direct_guide-sitebait1-b9bf00eb", "time": 160.0, "bait_deployed": 0.1, "policy_bait_ready": false, "encounter": 0.1, "oracle_handoff": null, "children": 0, "active_guide_id": 1, "guide_alive": false, "active_guide_alive": false, "guided_delivered": 1}
{"progress": "real-map-Guide-m10244-f20244-p1-direct_guide-sitebait1-b9bf00eb", "time": 170.0, "bait_deployed": 0.1, "policy_bait_ready": false, "encounter": 0.1, "oracle_handoff": null, "children": 0, "active_guide_id": 1, "guide_alive": false, "active_guide_alive": false, "guided_delivered": 1}
{"progress": "real-map-Guide-m10244-f20244-p1-direct_guide-sitebait1-b9bf00eb", "time": 180.0, "bait_deployed": 0.1, "policy_bait_ready": false, "encounter": 0.1, "oracle_handoff": null, "children": 0, "active_guide_id": 1, "guide_alive": false, "active_guide_alive": false, "guided_delivered": 1}
{"progress": "real-map-Guide-m10244-f20244-p1-direct_guide-sitebait1-b9bf00eb", "time": 190.0, "bait_deployed": 0.1, "policy_bait_ready": false, "encounter": 0.1, "oracle_handoff": null, "children": 0, "active_guide_id": 1, "guide_alive": false, "active_guide_alive": false, "guided_delivered": 1}
{"progress": "real-map-Guide-m10244-f20244-p1-direct_guide-sitebait1-b9bf00eb", "time": 200.0, "bait_deployed": 0.1, "policy_bait_ready": false, "encounter": 0.1, "oracle_handoff": null, "children": 0, "active_guide_id": 1, "guide_alive": false, "active_guide_alive": false, "guided_delivered": 1}
{"progress": "real-map-Guide-m10244-f20244-p1-direct_guide-sitebait1-b9bf00eb", "time": 210.0, "bait_deployed": 0.1, "policy_bait_ready": false, "encounter": 0.1, "oracle_handoff": null, "children": 0, "active_guide_id": 1, "guide_alive": false, "active_guide_alive": false, "guided_delivered": 1}
{"progress": "real-map-Guide-m10244-f20244-p1-direct_guide-sitebait1-b9bf00eb", "time": 220.0, "bait_deployed": 0.1, "policy_bait_ready": false, "encounter": 0.1, "oracle_handoff": null, "children": 0, "active_guide_id": 1, "guide_alive": false, "active_guide_alive": false, "guided_delivered": 1}
{"progress": "real-map-Guide-m10244-f20244-p1-direct_guide-sitebait1-b9bf00eb", "time": 230.0, "bait_deployed": 0.1, "policy_bait_ready": false, "encounter": 0.1, "oracle_handoff": null, "children": 0, "active_guide_id": 1, "guide_alive": false, "active_guide_alive": false, "guided_delivered": 1}
{"progress": "real-map-Guide-m10244-f20244-p1-direct_guide-sitebait1-b9bf00eb", "time": 240.0, "bait_deployed": 0.1, "policy_bait_ready": false, "encounter": 0.1, "oracle_handoff": null, "children": 0, "active_guide_id": 1, "guide_alive": false, "active_guide_alive": false, "guided_delivered": 1}
{"progress": "real-map-Guide-m10244-f20244-p1-direct_guide-sitebait1-b9bf00eb", "time": 250.0, "bait_deployed": 0.1, "policy_bait_ready": false, "encounter": 0.1, "oracle_handoff": null, "children": 0, "active_guide_id": 1, "guide_alive": false, "active_guide_alive": false, "guided_delivered": 1}
{"progress": "real-map-Guide-m10244-f20244-p1-direct_guide-sitebait1-b9bf00eb", "time": 260.0, "bait_deployed": 0.1, "policy_bait_ready": false, "encounter": 0.1, "oracle_handoff": null, "children": 0, "active_guide_id": 1, "guide_alive": false, "active_guide_alive": false, "guided_delivered": 1}
{"progress": "real-map-Guide-m10244-f20244-p1-direct_guide-sitebait1-b9bf00eb", "time": 270.0, "bait_deployed": 0.1, "policy_bait_ready": false, "encounter": 0.1, "oracle_handoff": null, "children": 0, "active_guide_id": 1, "guide_alive": false, "active_guide_alive": false, "guided_delivered": 1}
{"progress": "real-map-Guide-m10244-f20244-p1-direct_guide-sitebait1-b9bf00eb", "time": 280.0, "bait_deployed": 0.1, "policy_bait_ready": false, "encounter": 0.1, "oracle_handoff": null, "children": 0, "active_guide_id": 1, "guide_alive": false, "active_guide_alive": false, "guided_delivered": 1}
{"progress": "real-map-Guide-m10244-f20244-p1-direct_guide-sitebait1-b9bf00eb", "time": 290.0, "bait_deployed": 0.1, "policy_bait_ready": false, "encounter": 0.1, "oracle_handoff": null, "children": 0, "active_guide_id": 1, "guide_alive": false, "active_guide_alive": false, "guided_delivered": 1}
{"progress": "real-map-Guide-m10244-f20244-p1-direct_guide-sitebait1-b9bf00eb", "time": 300.0, "bait_deployed": 0.1, "policy_bait_ready": false, "encounter": 0.1, "oracle_handoff": null, "children": 0, "active_guide_id": 1, "guide_alive": false, "active_guide_alive": false, "guided_delivered": 1}
{"viewer_manifest_refresh": {"status": "deferred", "reason": "bounded-memory runs defer full-replay viewer processing"}}
{
  "schema": "real-map-intake-result-v2",
  "policy": "integrated_guide.policy_v32_integrated:Guide",
  "policy_hash": "b71c4a0717b9e6573e85cd51b6cde8591b56fa88b1ceaea2e9581a0b95eb875c",
  "harness_hashes": {
    "research/simple_chase/run_streaming_v2.py": "837e02b05d1ba3af71df0949cb30beb18a8b2844f090f8b383c692192c52719a",
    "research/simple_chase/sampling.py": "1efb7d309c4cc79bc87916c1bea72a7845e78d0c2cdf0aeaf9e2a758ceed48ab",
    "research/simple_chase/static_map.py": "197b16cbe9dd2e3dd06b81fe9481986a97bd92d9c2a55f33597cc9b7280faf3c",
    "debugger/streaming_recorder_v2.py": "d5ecda6bb39ec74a9ad86fb20458df5de7f466d73052558af9e2877be3d99b19"
  },
  "mode": "direct_guide",
  "map_seed": 10244,
  "fixture_seed": 20244,
  "static_map_hash": "78a53bba2ebf5f95e79a709eae73ecb1f0f81583536a8de353e92445f223db2c",
  "site": {
    "mouth": [
      1504.0377,
      512.825
    ],
    "inward": [
      0.0,
      1.0
    ],
    "cross": [
      -1.0,
      0.0
    ],
    "goal": [
      1504.0377,
      517.825
    ],
    "far": [
      1504.0377,
      387.825
    ],
    "hold": [
      1504.0377,
      437.825
    ],
    "gap": 14.9218,
    "overlap": 67.2986,
    "runup": [
      1504.0377,
      262.825
    ],
    "approach_lane_offset": 0.0,
    "offset_approach": false,
    "obstacle_indices": [
      8,
      32
    ],
    "axis": 0,
    "other_mouth": [
      1504.0377,
      580.1236
    ],
    "replacement_entry": [
      1504.0377,
      600.1236
    ],
    "second_access_clear": true,
    "second_access_radius": 5.01,
    "bait_depth": 5.0,
    "boundary_indices": [],
    "geometric_replacement_access_only": true
  },
  "station_bait": true,
  "requested_seconds": 300.0,
  "seconds": 300.0,
  "reason": "horizon",
  "native_render": true,
  "reproduction_of": null,
  "record_every_ticks": 1,
  "replay_frames": 3001,
  "initial_predators": 1,
  "final_predators_total": 4,
  "tracked_predators_present_final": 1,
  "ambient_predators_spawned": 3,
  "ambient_predators_present_final": 3,
  "agent_energy_refilled": true,
  "predator_state_native": false,
  "predator_dynamics_native_after_setup": true,
  "arranged_adjacent_awake_start": true,
  "bait_id": 0,
  "guide_id": 1,
  "bait_alive": true,
  "guide_alive": false,
  "deaths": [
    {
      "time": 80.1,
      "agent_id": 1,
      "role": "parent_guide"
    }
  ],
  "spawn_requests": [],
  "child_births": [],
  "fruit_consumptions": [
    {
      "time": 18.5,
      "agent_id": 1,
      "x": 1082.0832,
      "y": 422.798
    },
    {
      "time": 18.7,
      "agent_id": 1,
      "x": 1118.7793,
      "y": 419.7972
    },
    {
      "time": 19.6,
      "agent_id": 1,
      "x": 1229.1122,
      "y": 326.1873
    },
    {
      "time": 23.9,
      "agent_id": 1,
      "x": 1299.6973,
      "y": 338.9401
    },
    {
      "time": 24.2,
      "agent_id": 1,
      "x": 1284.8229,
      "y": 363.4036
    },
    {
      "time": 32.6,
      "agent_id": 1,
      "x": 1259.1009,
      "y": 327.4536
    },
    {
      "time": 33.6,
      "agent_id": 1,
      "x": 1171.6227,
      "y": 238.2298
    },
    {
      "time": 35.7,
      "agent_id": 1,
      "x": 1105.3899,
      "y": 114.2052
    },
    {
      "time": 37.2,
      "agent_id": 1,
      "x": 1194.3557,
      "y": 202.614
    },
    {
      "time": 37.4,
      "agent_id": 1,
      "x": 1187.5222,
      "y": 155.8371
    },
    {
      "time": 47.1,
      "agent_id": 1,
      "x": 1102.111,
      "y": 144.4182
    },
    {
      "time": 49.6,
      "agent_id": 1,
      "x": 1193.002,
      "y": 171.1012
    },
    {
      "time": 50.1,
      "agent_id": 1,
      "x": 1156.0696,
      "y": 181.3848
    },
    {
      "time": 51.7,
      "agent_id": 1,
      "x": 1159.7752,
      "y": 243.511
    },
    {
      "time": 62.8,
      "agent_id": 1,
      "x": 1169.1582,
      "y": 244.8785
    },
    {
      "time": 63.4,
      "agent_id": 1,
      "x": 1233.9202,
      "y": 273.7261
    },
    {
      "time": 64.8,
      "agent_id": 1,
      "x": 1198.633,
      "y": 402.7226
    },
    {
      "time": 65.8,
      "agent_id": 1,
      "x": 1228.8439,
      "y": 457.7255
    },
    {
      "time": 66.3,
      "agent_id": 1,
      "x": 1185.6642,
      "y": 424.0565
    },
    {
      "time": 66.3,
      "agent_id": 1,
      "x": 1184.389,
      "y": 432.7367
    },
    {
      "time": 78.4,
      "agent_id": 1,
      "x": 1519.5226,
      "y": 434.6236
    },
    {
      "time": 78.9,
      "agent_id": 1,
      "x": 1494.6285,
      "y": 471.1646
    }
  ],
  "parent_fruit_consumed_before_tracked_encounter": 0,
  "tracked_encounter_times": [
    0.1
  ],
  "conditional_delivery_denominator": true,
  "conditional_delivery_status": "not_applicable",
  "setup_oracle": false,
  "setup_oracle_target": null,
  "setup_oracle_ticks": 0,
  "setup_oracle_routing": null,
  "setup_oracle_route_resets": 0,
  "setup_oracle_policy_reset_before_handoff_act": false,
  "setup_oracle_handoff_time": null,
  "dynamic_action_privilege_ended_at": null,
  "target_switches": [
    {
      "time": 0.1,
      "tracked_predator_slot": 0,
      "target": 1
    },
    {
      "time": 5.2,
      "tracked_predator_slot": 0,
      "target": null
    },
    {
      "time": 5.3,
      "tracked_predator_slot": 0,
      "target": 1
    },
    {
      "time": 5.9,
      "tracked_predator_slot": 0,
      "target": null
    },
    {
      "time": 6.6,
      "tracked_predator_slot": 0,
      "target": 1
    },
    {
      "time": 6.7,
      "tracked_predator_slot": 0,
      "target": null
    },
    {
      "time": 6.8,
      "tracked_predator_slot": 0,
      "target": 1
    },
    {
      "time": 7.1,
      "tracked_predator_slot": 0,
      "target": null
    },
    {
      "time": 7.3,
      "tracked_predator_slot": 0,
      "target": 1
    },
    {
      "time": 14.7,
      "tracked_predator_slot": 0,
      "target": "resting"
    },
    {
      "time": 18.2,
      "tracked_predator_slot": 0,
      "target": 1
    },
    {
      "time": 20.7,
      "tracked_predator_slot": 0,
      "target": null
    },
    {
      "time": 21.3,
      "tracked_predator_slot": 0,
      "target": 1
    },
    {
      "time": 21.4,
      "tracked_predator_slot": 0,
      "target": null
    },
    {
      "time": 21.8,
      "tracked_predator_slot": 0,
      "target": 1
    },
    {
      "time": 26.4,
      "tracked_predator_slot": 0,
      "target": null
    },
    {
      "time": 26.7,
      "tracked_predator_slot": 0,
      "target": 1
    },
    {
      "time": 27.1,
      "tracked_predator_slot": 0,
      "target": "resting"
    },
    {
      "time": 30.6,
      "tracked_predator_slot": 0,
      "target": null
    },
    {
      "time": 30.8,
      "tracked_predator_slot": 0,
      "target": 1
    },
    {
      "time": 32.4,
      "tracked_predator_slot": 0,
      "target": null
    },
    {
      "time": 33.9,
      "tracked_predator_slot": 0,
      "target": 1
    },
    {
      "time": 34.0,
      "tracked_predator_slot": 0,
      "target": null
    },
    {
      "time": 34.3,
      "tracked_predator_slot": 0,
      "target": 1
    },
    {
      "time": 34.4,
      "tracked_predator_slot": 0,
      "target": null
    },
    {
      "time": 34.8,
      "tracked_predator_slot": 0,
      "target": 1
    },
    {
      "time": 35.0,
      "tracked_predator_slot": 0,
      "target": null
    },
    {
      "time": 35.1,
      "tracked_predator_slot": 0,
      "target": 1
    },
    {
      "time": 35.2,
      "tracked_predator_slot": 0,
      "target": null
    },
    {
      "time": 35.4,
      "tracked_predator_slot": 0,
      "target": 1
    },
    {
      "time": 37.5,
      "tracked_predator_slot": 0,
      "target": null
    },
    {
      "time": 37.9,
      "tracked_predator_slot": 0,
      "target": 1
    },
    {
      "time": 38.0,
      "tracked_predator_slot": 0,
      "target": null
    },
    {
      "time": 38.1,
      "tracked_predator_slot": 0,
      "target": 1
    },
    {
      "time": 38.2,
      "tracked_predator_slot": 0,
      "target": null
    },
    {
      "time": 38.3,
      "tracked_predator_slot": 0,
      "target": 1
    },
    {
      "time": 40.2,
      "tracked_predator_slot": 0,
      "target": null
    },
    {
      "time": 40.3,
      "tracked_predator_slot": 0,
      "target": 1
    },
    {
      "time": 40.5,
      "tracked_predator_slot": 0,
      "target": null
    },
    {
      "time": 40.8,
      "tracked_predator_slot": 0,
      "target": "resting"
    },
    {
      "time": 44.3,
      "tracked_predator_slot": 0,
      "target": 1
    },
    {
      "time": 44.6,
      "tracked_predator_slot": 0,
      "target": null
    },
    {
      "time": 44.8,
      "tracked_predator_slot": 0,
      "target": 1
    },
    {
      "time": 45.9,
      "tracked_predator_slot": 0,
      "target": null
    },
    {
      "time": 46.8,
      "tracked_predator_slot": 0,
      "target": 1
    },
    {
      "time": 46.9,
      "tracked_predator_slot": 0,
      "target": null
    },
    {
      "time": 47.7,
      "tracked_predator_slot": 0,
      "target": 1
    },
    {
      "time": 47.8,
      "tracked_predator_slot": 0,
      "target": null
    },
    {
      "time": 48.1,
      "tracked_predator_slot": 0,
      "target": 1
    },
    {
      "time": 49.9,
      "tracked_predator_slot": 0,
      "target": null
    },
    {
      "time": 50.1,
      "tracked_predator_slot": 0,
      "target": 1
    },
    {
      "time": 50.2,
      "tracked_predator_slot": 0,
      "target": null
    },
    {
      "time": 50.5,
      "tracked_predator_slot": 0,
      "target": 1
    },
    {
      "time": 52.1,
      "tracked_predator_slot": 0,
      "target": null
    },
    {
      "time": 52.6,
      "tracked_predator_slot": 0,
      "target": 1
    },
    {
      "time": 52.7,
      "tracked_predator_slot": 0,
      "target": null
    },
    {
      "time": 52.8,
      "tracked_predator_slot": 0,
      "target": 1
    },
    {
      "time": 54.1,
      "tracked_predator_slot": 0,
      "target": "resting"
    },
    {
      "time": 57.6,
      "tracked_predator_slot": 0,
      "target": 1
    },
    {
      "time": 57.8,
      "tracked_predator_slot": 0,
      "target": null
    },
    {
      "time": 59.4,
      "tracked_predator_slot": 0,
      "target": 1
    },
    {
      "time": 59.7,
      "tracked_predator_slot": 0,
      "target": null
    },
    {
      "time": 60.0,
      "tracked_predator_slot": 0,
      "target": 1
    },
    {
      "time": 60.1,
      "tracked_predator_slot": 0,
      "target": null
    },
    {
      "time": 60.2,
      "tracked_predator_slot": 0,
      "target": 1
    },
    {
      "time": 60.4,
      "tracked_predator_slot": 0,
      "target": null
    },
    {
      "time": 60.5,
      "tracked_predator_slot": 0,
      "target": 1
    },
    {
      "time": 67.8,
      "tracked_predator_slot": 0,
      "target": "resting"
    },
    {
      "time": 71.3,
      "tracked_predator_slot": 0,
      "target": 1
    },
    {
      "time": 80.1,
      "tracked_predator_slot": 0,
      "target": 0
    },
    {
      "time": 93.2,
      "tracked_predator_slot": 0,
      "target": "resting"
    },
    {
      "time": 96.7,
      "tracked_predator_slot": 0,
      "target": 0
    },
    {
      "time": 105.8,
      "tracked_predator_slot": 0,
      "target": "resting"
    },
    {
      "time": 109.3,
      "tracked_predator_slot": 0,
      "target": 0
    },
    {
      "time": 118.7,
      "tracked_predator_slot": 0,
      "target": "resting"
    },
    {
      "time": 122.2,
      "tracked_predator_slot": 0,
      "target": 0
    },
    {
      "time": 131.6,
      "tracked_predator_slot": 0,
      "target": "resting"
    },
    {
      "time": 135.1,
      "tracked_predator_slot": 0,
      "target": 0
    },
    {
      "time": 144.2,
      "tracked_predator_slot": 0,
      "target": "resting"
    },
    {
      "time": 147.7,
      "tracked_predator_slot": 0,
      "target": 0
    },
    {
      "time": 157.1,
      "tracked_predator_slot": 0,
      "target": "resting"
    },
    {
      "time": 160.6,
      "tracked_predator_slot": 0,
      "target": 0
    },
    {
      "time": 170.0,
      "tracked_predator_slot": 0,
      "target": "resting"
    },
    {
      "time": 173.5,
      "tracked_predator_slot": 0,
      "target": 0
    },
    {
      "time": 182.9,
      "tracked_predator_slot": 0,
      "target": "resting"
    },
    {
      "time": 186.4,
      "tracked_predator_slot": 0,
      "target": 0
    },
    {
      "time": 195.5,
      "tracked_predator_slot": 0,
      "target": "resting"
    },
    {
      "time": 199.0,
      "tracked_predator_slot": 0,
      "target": 0
    },
    {
      "time": 208.4,
      "tracked_predator_slot": 0,
      "target": "resting"
    },
    {
      "time": 211.9,
      "tracked_predator_slot": 0,
      "target": 0
    },
    {
      "time": 221.0,
      "tracked_predator_slot": 0,
      "target": "resting"
    },
    {
      "time": 224.5,
      "tracked_predator_slot": 0,
      "target": 0
    },
    {
      "time": 233.6,
      "tracked_predator_slot": 0,
      "target": "resting"
    },
    {
      "time": 237.1,
      "tracked_predator_slot": 0,
      "target": 0
    },
    {
      "time": 246.5,
      "tracked_predator_slot": 0,
      "target": "resting"
    },
    {
      "time": 250.0,
      "tracked_predator_slot": 0,
      "target": 0
    },
    {
      "time": 259.4,
      "tracked_predator_slot": 0,
      "target": "resting"
    },
    {
      "time": 262.9,
      "tracked_predator_slot": 0,
      "target": 0
    },
    {
      "time": 272.0,
      "tracked_predator_slot": 0,
      "target": "resting"
    },
    {
      "time": 275.5,
      "tracked_predator_slot": 0,
      "target": 0
    },
    {
      "time": 284.9,
      "tracked_predator_slot": 0,
      "target": "resting"
    },
    {
      "time": 288.4,
      "tracked_predator_slot": 0,
      "target": 0
    },
    {
      "time": 297.8,
      "tracked_predator_slot": 0,
      "target": "resting"
    }
  ],
  "guide_role_trace": [
    {
      "time": 0,
      "active_guide_id": 1
    }
  ],
  "guide_follow_trace": [
    {
      "time": 0.1,
      "active_guide_id": 1,
      "tracked_predator_slot": 0
    }
  ],
  "guide_role": "parent",
  "parent_role": "guide",
  "child_role": "gather_evade",
  "active_guide_id_final": 1,
  "active_guide_alive_final": false,
  "guide_role_ids": [
    1
  ],
  "bait_deployed_at": 0.1,
  "policy_bait_ready_final": false,
  "bait_left_after_deployment": null,
  "final_bait_distance_to_goal": 0.0,
  "first_guide_predator_observation": 0.1,
  "first_predator_following_guide": 0.1,
  "first_predator_following_active_guide": 0.1,
  "tracked_seen_by_guide": 1,
  "tracked_followed_active_guide": 1,
  "physical_entered": 1,
  "guided_delivered": 1,
  "physical_losses_after_delivery": 0,
  "target_losses_after_delivery": 0,
  "physical_entry_times": [
    79.2
  ],
  "guided_delivery_times": [
    80.1
  ],
  "loss_times": [
    null
  ],
  "target_loss_times": [
    null
  ],
  "tail_seconds": 30.0,
  "tail_physical_min": 1,
  "tail_contained_min": 1,
  "final_distance_from_mouth": [
    14.0889
  ],
  "max_distance_after_delivery": [
    19.5551
  ],
  "policy_events": [],
  "success": true,
  "replay": "results/simple_chase/replays/real-map-Guide-m10244-f20244-p1-direct_guide-sitebait1-b9bf00eb.json.gz"
}
/home/Ucals/projects/NordicCupAI-wall-funneling/survival-simulator/oscar-trap-research/survival/results/simple_chase/real-map-Guide-m10244-f20244-p1-direct_guide-sitebait1-b9bf00eb.json
