Running as unit: run-p877983-i875402.scope; invocation ID: 08bbedb28f9a4e388d93b3055d8c347c
{"progress": "real-map-Guide-m10242-f20242-p1-direct_guide-sitebait1-ace21d47", "time": 10.0, "bait_deployed": 0.1, "policy_bait_ready": false, "encounter": 0.1, "oracle_handoff": null, "children": 0, "active_guide_id": 1, "guide_alive": true, "active_guide_alive": true, "guided_delivered": 0}
{"progress": "real-map-Guide-m10242-f20242-p1-direct_guide-sitebait1-ace21d47", "time": 20.0, "bait_deployed": 0.1, "policy_bait_ready": false, "encounter": 0.1, "oracle_handoff": null, "children": 0, "active_guide_id": 1, "guide_alive": true, "active_guide_alive": true, "guided_delivered": 0}
{"progress": "real-map-Guide-m10242-f20242-p1-direct_guide-sitebait1-ace21d47", "time": 30.0, "bait_deployed": 0.1, "policy_bait_ready": false, "encounter": 0.1, "oracle_handoff": null, "children": 0, "active_guide_id": 1, "guide_alive": true, "active_guide_alive": true, "guided_delivered": 0}
{"progress": "real-map-Guide-m10242-f20242-p1-direct_guide-sitebait1-ace21d47", "time": 40.0, "bait_deployed": 0.1, "policy_bait_ready": false, "encounter": 0.1, "oracle_handoff": null, "children": 0, "active_guide_id": 1, "guide_alive": true, "active_guide_alive": true, "guided_delivered": 0}
{"progress": "real-map-Guide-m10242-f20242-p1-direct_guide-sitebait1-ace21d47", "time": 50.0, "bait_deployed": 0.1, "policy_bait_ready": false, "encounter": 0.1, "oracle_handoff": null, "children": 0, "active_guide_id": 1, "guide_alive": true, "active_guide_alive": true, "guided_delivered": 1}
{"progress": "real-map-Guide-m10242-f20242-p1-direct_guide-sitebait1-ace21d47", "time": 60.0, "bait_deployed": 0.1, "policy_bait_ready": false, "encounter": 0.1, "oracle_handoff": null, "children": 0, "active_guide_id": 1, "guide_alive": false, "active_guide_alive": false, "guided_delivered": 1}
{"progress": "real-map-Guide-m10242-f20242-p1-direct_guide-sitebait1-ace21d47", "time": 70.0, "bait_deployed": 0.1, "policy_bait_ready": false, "encounter": 0.1, "oracle_handoff": null, "children": 0, "active_guide_id": 1, "guide_alive": false, "active_guide_alive": false, "guided_delivered": 1}
{"progress": "real-map-Guide-m10242-f20242-p1-direct_guide-sitebait1-ace21d47", "time": 80.0, "bait_deployed": 0.1, "policy_bait_ready": false, "encounter": 0.1, "oracle_handoff": null, "children": 0, "active_guide_id": 1, "guide_alive": false, "active_guide_alive": false, "guided_delivered": 1}
{"progress": "real-map-Guide-m10242-f20242-p1-direct_guide-sitebait1-ace21d47", "time": 90.0, "bait_deployed": 0.1, "policy_bait_ready": false, "encounter": 0.1, "oracle_handoff": null, "children": 0, "active_guide_id": 1, "guide_alive": false, "active_guide_alive": false, "guided_delivered": 1}
{"progress": "real-map-Guide-m10242-f20242-p1-direct_guide-sitebait1-ace21d47", "time": 100.0, "bait_deployed": 0.1, "policy_bait_ready": false, "encounter": 0.1, "oracle_handoff": null, "children": 0, "active_guide_id": 1, "guide_alive": false, "active_guide_alive": false, "guided_delivered": 1}
{"progress": "real-map-Guide-m10242-f20242-p1-direct_guide-sitebait1-ace21d47", "time": 110.0, "bait_deployed": 0.1, "policy_bait_ready": false, "encounter": 0.1, "oracle_handoff": null, "children": 0, "active_guide_id": 1, "guide_alive": false, "active_guide_alive": false, "guided_delivered": 1}
{"progress": "real-map-Guide-m10242-f20242-p1-direct_guide-sitebait1-ace21d47", "time": 120.0, "bait_deployed": 0.1, "policy_bait_ready": false, "encounter": 0.1, "oracle_handoff": null, "children": 0, "active_guide_id": 1, "guide_alive": false, "active_guide_alive": false, "guided_delivered": 1}
{"progress": "real-map-Guide-m10242-f20242-p1-direct_guide-sitebait1-ace21d47", "time": 130.0, "bait_deployed": 0.1, "policy_bait_ready": false, "encounter": 0.1, "oracle_handoff": null, "children": 0, "active_guide_id": 1, "guide_alive": false, "active_guide_alive": false, "guided_delivered": 1}
{"progress": "real-map-Guide-m10242-f20242-p1-direct_guide-sitebait1-ace21d47", "time": 140.0, "bait_deployed": 0.1, "policy_bait_ready": false, "encounter": 0.1, "oracle_handoff": null, "children": 0, "active_guide_id": 1, "guide_alive": false, "active_guide_alive": false, "guided_delivered": 1}
{"progress": "real-map-Guide-m10242-f20242-p1-direct_guide-sitebait1-ace21d47", "time": 150.0, "bait_deployed": 0.1, "policy_bait_ready": false, "encounter": 0.1, "oracle_handoff": null, "children": 0, "active_guide_id": 1, "guide_alive": false, "active_guide_alive": false, "guided_delivered": 1}
{"progress": "real-map-Guide-m10242-f20242-p1-direct_guide-sitebait1-ace21d47", "time": 160.0, "bait_deployed": 0.1, "policy_bait_ready": false, "encounter": 0.1, "oracle_handoff": null, "children": 0, "active_guide_id": 1, "guide_alive": false, "active_guide_alive": false, "guided_delivered": 1}
{"progress": "real-map-Guide-m10242-f20242-p1-direct_guide-sitebait1-ace21d47", "time": 170.0, "bait_deployed": 0.1, "policy_bait_ready": false, "encounter": 0.1, "oracle_handoff": null, "children": 0, "active_guide_id": 1, "guide_alive": false, "active_guide_alive": false, "guided_delivered": 1}
{"progress": "real-map-Guide-m10242-f20242-p1-direct_guide-sitebait1-ace21d47", "time": 180.0, "bait_deployed": 0.1, "policy_bait_ready": false, "encounter": 0.1, "oracle_handoff": null, "children": 0, "active_guide_id": 1, "guide_alive": false, "active_guide_alive": false, "guided_delivered": 1}
{"progress": "real-map-Guide-m10242-f20242-p1-direct_guide-sitebait1-ace21d47", "time": 190.0, "bait_deployed": 0.1, "policy_bait_ready": false, "encounter": 0.1, "oracle_handoff": null, "children": 0, "active_guide_id": 1, "guide_alive": false, "active_guide_alive": false, "guided_delivered": 1}
{"progress": "real-map-Guide-m10242-f20242-p1-direct_guide-sitebait1-ace21d47", "time": 200.0, "bait_deployed": 0.1, "policy_bait_ready": false, "encounter": 0.1, "oracle_handoff": null, "children": 0, "active_guide_id": 1, "guide_alive": false, "active_guide_alive": false, "guided_delivered": 1}
{"progress": "real-map-Guide-m10242-f20242-p1-direct_guide-sitebait1-ace21d47", "time": 210.0, "bait_deployed": 0.1, "policy_bait_ready": false, "encounter": 0.1, "oracle_handoff": null, "children": 0, "active_guide_id": 1, "guide_alive": false, "active_guide_alive": false, "guided_delivered": 1}
{"progress": "real-map-Guide-m10242-f20242-p1-direct_guide-sitebait1-ace21d47", "time": 220.0, "bait_deployed": 0.1, "policy_bait_ready": false, "encounter": 0.1, "oracle_handoff": null, "children": 0, "active_guide_id": 1, "guide_alive": false, "active_guide_alive": false, "guided_delivered": 1}
{"progress": "real-map-Guide-m10242-f20242-p1-direct_guide-sitebait1-ace21d47", "time": 230.0, "bait_deployed": 0.1, "policy_bait_ready": false, "encounter": 0.1, "oracle_handoff": null, "children": 0, "active_guide_id": 1, "guide_alive": false, "active_guide_alive": false, "guided_delivered": 1}
{"progress": "real-map-Guide-m10242-f20242-p1-direct_guide-sitebait1-ace21d47", "time": 240.0, "bait_deployed": 0.1, "policy_bait_ready": false, "encounter": 0.1, "oracle_handoff": null, "children": 0, "active_guide_id": 1, "guide_alive": false, "active_guide_alive": false, "guided_delivered": 1}
{"progress": "real-map-Guide-m10242-f20242-p1-direct_guide-sitebait1-ace21d47", "time": 250.0, "bait_deployed": 0.1, "policy_bait_ready": false, "encounter": 0.1, "oracle_handoff": null, "children": 0, "active_guide_id": 1, "guide_alive": false, "active_guide_alive": false, "guided_delivered": 1}
{"progress": "real-map-Guide-m10242-f20242-p1-direct_guide-sitebait1-ace21d47", "time": 260.0, "bait_deployed": 0.1, "policy_bait_ready": false, "encounter": 0.1, "oracle_handoff": null, "children": 0, "active_guide_id": 1, "guide_alive": false, "active_guide_alive": false, "guided_delivered": 1}
{"progress": "real-map-Guide-m10242-f20242-p1-direct_guide-sitebait1-ace21d47", "time": 270.0, "bait_deployed": 0.1, "policy_bait_ready": false, "encounter": 0.1, "oracle_handoff": null, "children": 0, "active_guide_id": 1, "guide_alive": false, "active_guide_alive": false, "guided_delivered": 1}
{"progress": "real-map-Guide-m10242-f20242-p1-direct_guide-sitebait1-ace21d47", "time": 280.0, "bait_deployed": 0.1, "policy_bait_ready": false, "encounter": 0.1, "oracle_handoff": null, "children": 0, "active_guide_id": 1, "guide_alive": false, "active_guide_alive": false, "guided_delivered": 1}
{"progress": "real-map-Guide-m10242-f20242-p1-direct_guide-sitebait1-ace21d47", "time": 290.0, "bait_deployed": 0.1, "policy_bait_ready": false, "encounter": 0.1, "oracle_handoff": null, "children": 0, "active_guide_id": 1, "guide_alive": false, "active_guide_alive": false, "guided_delivered": 1}
{"progress": "real-map-Guide-m10242-f20242-p1-direct_guide-sitebait1-ace21d47", "time": 300.0, "bait_deployed": 0.1, "policy_bait_ready": false, "encounter": 0.1, "oracle_handoff": null, "children": 0, "active_guide_id": 1, "guide_alive": false, "active_guide_alive": false, "guided_delivered": 1}
{"viewer_manifest_refresh": {"status": "deferred", "reason": "bounded-memory runs defer full-replay viewer processing"}}
{
  "schema": "real-map-intake-result-v2",
  "policy": "integrated_guide.policy_v32_integrated:Guide",
  "policy_hash": "b71c4a0717b9e6573e85cd51b6cde8591b56fa88b1ceaea2e9581a0b95eb875c",
  "harness_hashes": {
    "research/simple_chase/run_streaming_v2.py": "837e02b05d1ba3af71df0949cb30beb18a8b2844f090f8b383c692192c52719a",
    "research/simple_chase/sampling.py": "1efb7d309c4cc79bc87916c1bea72a7845e78d0c2cdf0aeaf9e2a758ceed48ab",
    "research/simple_chase/static_map.py": "197b16cbe9dd2e3dd06b81fe9481986a97bd92d9c2a55f33597cc9b7280faf3c",
    "debugger/streaming_recorder_v2.py": "d5ecda6bb39ec74a9ad86fb20458df5de7f466d73052558af9e2877be3d99b19"
  },
  "mode": "direct_guide",
  "map_seed": 10242,
  "fixture_seed": 20242,
  "static_map_hash": "6e509c91036ea3e2ecde72a65f22a56cf65136fabfe6556b397a6c0e4031c362",
  "site": {
    "mouth": [
      582.626,
      682.2634
    ],
    "inward": [
      -1.0,
      0.0
    ],
    "cross": [
      -0.0,
      -1.0
    ],
    "goal": [
      577.626,
      682.2634
    ],
    "far": [
      707.626,
      682.2634
    ],
    "hold": [
      657.626,
      682.2634
    ],
    "gap": 10.8257,
    "overlap": 31.6495,
    "runup": [
      832.626,
      682.2634
    ],
    "approach_lane_offset": 0.0,
    "offset_approach": false,
    "obstacle_indices": [
      73,
      69
    ],
    "axis": 1,
    "other_mouth": [
      550.9764,
      682.2634
    ],
    "replacement_entry": [
      530.9764,
      682.2634
    ],
    "second_access_clear": true,
    "second_access_radius": 5.01,
    "bait_depth": 5.0,
    "boundary_indices": [],
    "geometric_replacement_access_only": true
  },
  "station_bait": true,
  "requested_seconds": 300.0,
  "seconds": 300.0,
  "reason": "horizon",
  "native_render": true,
  "reproduction_of": null,
  "record_every_ticks": 1,
  "replay_frames": 3001,
  "initial_predators": 1,
  "final_predators_total": 2,
  "tracked_predators_present_final": 1,
  "ambient_predators_spawned": 1,
  "ambient_predators_present_final": 1,
  "agent_energy_refilled": true,
  "predator_state_native": false,
  "predator_dynamics_native_after_setup": true,
  "arranged_adjacent_awake_start": true,
  "bait_id": 0,
  "guide_id": 1,
  "bait_alive": true,
  "guide_alive": false,
  "deaths": [
    {
      "time": 58.4,
      "agent_id": 1,
      "role": "parent_guide"
    }
  ],
  "spawn_requests": [],
  "child_births": [],
  "fruit_consumptions": [
    {
      "time": 9.2,
      "agent_id": 1,
      "x": 1122.9255,
      "y": 731.9786
    },
    {
      "time": 32.6,
      "agent_id": 1,
      "x": 781.7269,
      "y": 568.7666
    },
    {
      "time": 35.0,
      "agent_id": 1,
      "x": 785.8434,
      "y": 638.5086
    },
    {
      "time": 36.9,
      "agent_id": 1,
      "x": 689.2785,
      "y": 693.316
    },
    {
      "time": 44.6,
      "agent_id": 1,
      "x": 747.5665,
      "y": 640.4559
    },
    {
      "time": 47.6,
      "agent_id": 1,
      "x": 752.0508,
      "y": 683.0146
    },
    {
      "time": 47.6,
      "agent_id": 1,
      "x": 752.541,
      "y": 683.6585
    },
    {
      "time": 48.3,
      "agent_id": 1,
      "x": 754.3335,
      "y": 638.5961
    },
    {
      "time": 50.2,
      "agent_id": 1,
      "x": 779.226,
      "y": 651.2913
    },
    {
      "time": 56.7,
      "agent_id": 1,
      "x": 687.7418,
      "y": 682.3549
    }
  ],
  "parent_fruit_consumed_before_tracked_encounter": 0,
  "tracked_encounter_times": [
    0.1
  ],
  "conditional_delivery_denominator": true,
  "conditional_delivery_status": "not_applicable",
  "setup_oracle": false,
  "setup_oracle_target": null,
  "setup_oracle_ticks": 0,
  "setup_oracle_routing": null,
  "setup_oracle_route_resets": 0,
  "setup_oracle_policy_reset_before_handoff_act": false,
  "setup_oracle_handoff_time": null,
  "dynamic_action_privilege_ended_at": null,
  "target_switches": [
    {
      "time": 0.1,
      "tracked_predator_slot": 0,
      "target": 1
    },
    {
      "time": 10.1,
      "tracked_predator_slot": 0,
      "target": null
    },
    {
      "time": 10.5,
      "tracked_predator_slot": 0,
      "target": 1
    },
    {
      "time": 10.7,
      "tracked_predator_slot": 0,
      "target": null
    },
    {
      "time": 10.9,
      "tracked_predator_slot": 0,
      "target": 1
    },
    {
      "time": 11.3,
      "tracked_predator_slot": 0,
      "target": null
    },
    {
      "time": 11.6,
      "tracked_predator_slot": 0,
      "target": 1
    },
    {
      "time": 13.0,
      "tracked_predator_slot": 0,
      "target": "resting"
    },
    {
      "time": 16.5,
      "tracked_predator_slot": 0,
      "target": 1
    },
    {
      "time": 18.6,
      "tracked_predator_slot": 0,
      "target": null
    },
    {
      "time": 19.5,
      "tracked_predator_slot": 0,
      "target": 1
    },
    {
      "time": 19.8,
      "tracked_predator_slot": 0,
      "target": null
    },
    {
      "time": 20.5,
      "tracked_predator_slot": 0,
      "target": 1
    },
    {
      "time": 20.9,
      "tracked_predator_slot": 0,
      "target": null
    },
    {
      "time": 21.0,
      "tracked_predator_slot": 0,
      "target": 1
    },
    {
      "time": 26.4,
      "tracked_predator_slot": 0,
      "target": "resting"
    },
    {
      "time": 29.9,
      "tracked_predator_slot": 0,
      "target": null
    },
    {
      "time": 30.0,
      "tracked_predator_slot": 0,
      "target": 1
    },
    {
      "time": 31.7,
      "tracked_predator_slot": 0,
      "target": null
    },
    {
      "time": 32.4,
      "tracked_predator_slot": 0,
      "target": 1
    },
    {
      "time": 32.5,
      "tracked_predator_slot": 0,
      "target": null
    },
    {
      "time": 33.0,
      "tracked_predator_slot": 0,
      "target": 1
    },
    {
      "time": 34.8,
      "tracked_predator_slot": 0,
      "target": null
    },
    {
      "time": 35.0,
      "tracked_predator_slot": 0,
      "target": 1
    },
    {
      "time": 35.4,
      "tracked_predator_slot": 0,
      "target": null
    },
    {
      "time": 35.5,
      "tracked_predator_slot": 0,
      "target": 1
    },
    {
      "time": 39.8,
      "tracked_predator_slot": 0,
      "target": "resting"
    },
    {
      "time": 43.3,
      "tracked_predator_slot": 0,
      "target": 1
    },
    {
      "time": 46.1,
      "tracked_predator_slot": 0,
      "target": null
    },
    {
      "time": 46.4,
      "tracked_predator_slot": 0,
      "target": 1
    },
    {
      "time": 46.5,
      "tracked_predator_slot": 0,
      "target": null
    },
    {
      "time": 46.6,
      "tracked_predator_slot": 0,
      "target": 1
    },
    {
      "time": 48.3,
      "tracked_predator_slot": 0,
      "target": null
    },
    {
      "time": 48.4,
      "tracked_predator_slot": 0,
      "target": 1
    },
    {
      "time": 48.9,
      "tracked_predator_slot": 0,
      "target": null
    },
    {
      "time": 49.0,
      "tracked_predator_slot": 0,
      "target": 1
    },
    {
      "time": 49.6,
      "tracked_predator_slot": 0,
      "target": null
    },
    {
      "time": 49.7,
      "tracked_predator_slot": 0,
      "target": 1
    },
    {
      "time": 49.8,
      "tracked_predator_slot": 0,
      "target": null
    },
    {
      "time": 49.9,
      "tracked_predator_slot": 0,
      "target": 1
    },
    {
      "time": 50.0,
      "tracked_predator_slot": 0,
      "target": null
    },
    {
      "time": 50.1,
      "tracked_predator_slot": 0,
      "target": 1
    },
    {
      "time": 50.6,
      "tracked_predator_slot": 0,
      "target": null
    },
    {
      "time": 50.8,
      "tracked_predator_slot": 0,
      "target": 1
    },
    {
      "time": 50.9,
      "tracked_predator_slot": 0,
      "target": null
    },
    {
      "time": 51.4,
      "tracked_predator_slot": 0,
      "target": 1
    },
    {
      "time": 51.7,
      "tracked_predator_slot": 0,
      "target": null
    },
    {
      "time": 51.8,
      "tracked_predator_slot": 0,
      "target": 1
    },
    {
      "time": 52.0,
      "tracked_predator_slot": 0,
      "target": null
    },
    {
      "time": 52.1,
      "tracked_predator_slot": 0,
      "target": 1
    },
    {
      "time": 52.2,
      "tracked_predator_slot": 0,
      "target": "resting"
    },
    {
      "time": 55.7,
      "tracked_predator_slot": 0,
      "target": null
    },
    {
      "time": 55.9,
      "tracked_predator_slot": 0,
      "target": 1
    },
    {
      "time": 58.4,
      "tracked_predator_slot": 0,
      "target": 0
    },
    {
      "time": 71.5,
      "tracked_predator_slot": 0,
      "target": "resting"
    },
    {
      "time": 75.0,
      "tracked_predator_slot": 0,
      "target": 0
    },
    {
      "time": 84.1,
      "tracked_predator_slot": 0,
      "target": "resting"
    },
    {
      "time": 87.6,
      "tracked_predator_slot": 0,
      "target": 0
    },
    {
      "time": 97.0,
      "tracked_predator_slot": 0,
      "target": "resting"
    },
    {
      "time": 100.5,
      "tracked_predator_slot": 0,
      "target": 0
    },
    {
      "time": 109.6,
      "tracked_predator_slot": 0,
      "target": "resting"
    },
    {
      "time": 113.1,
      "tracked_predator_slot": 0,
      "target": 0
    },
    {
      "time": 122.5,
      "tracked_predator_slot": 0,
      "target": "resting"
    },
    {
      "time": 126.0,
      "tracked_predator_slot": 0,
      "target": 0
    },
    {
      "time": 135.1,
      "tracked_predator_slot": 0,
      "target": "resting"
    },
    {
      "time": 138.6,
      "tracked_predator_slot": 0,
      "target": 0
    },
    {
      "time": 147.7,
      "tracked_predator_slot": 0,
      "target": "resting"
    },
    {
      "time": 151.2,
      "tracked_predator_slot": 0,
      "target": 0
    },
    {
      "time": 160.3,
      "tracked_predator_slot": 0,
      "target": "resting"
    },
    {
      "time": 163.8,
      "tracked_predator_slot": 0,
      "target": 0
    },
    {
      "time": 172.9,
      "tracked_predator_slot": 0,
      "target": "resting"
    },
    {
      "time": 176.4,
      "tracked_predator_slot": 0,
      "target": 0
    },
    {
      "time": 185.5,
      "tracked_predator_slot": 0,
      "target": "resting"
    },
    {
      "time": 189.0,
      "tracked_predator_slot": 0,
      "target": 0
    },
    {
      "time": 198.1,
      "tracked_predator_slot": 0,
      "target": "resting"
    },
    {
      "time": 201.6,
      "tracked_predator_slot": 0,
      "target": 0
    },
    {
      "time": 211.0,
      "tracked_predator_slot": 0,
      "target": "resting"
    },
    {
      "time": 214.5,
      "tracked_predator_slot": 0,
      "target": 0
    },
    {
      "time": 223.7,
      "tracked_predator_slot": 0,
      "target": "resting"
    },
    {
      "time": 227.2,
      "tracked_predator_slot": 0,
      "target": 0
    },
    {
      "time": 236.6,
      "tracked_predator_slot": 0,
      "target": "resting"
    },
    {
      "time": 240.1,
      "tracked_predator_slot": 0,
      "target": 0
    },
    {
      "time": 249.2,
      "tracked_predator_slot": 0,
      "target": "resting"
    },
    {
      "time": 252.7,
      "tracked_predator_slot": 0,
      "target": 0
    },
    {
      "time": 261.8,
      "tracked_predator_slot": 0,
      "target": "resting"
    },
    {
      "time": 265.3,
      "tracked_predator_slot": 0,
      "target": 0
    },
    {
      "time": 274.4,
      "tracked_predator_slot": 0,
      "target": "resting"
    },
    {
      "time": 277.9,
      "tracked_predator_slot": 0,
      "target": 0
    },
    {
      "time": 287.3,
      "tracked_predator_slot": 0,
      "target": "resting"
    },
    {
      "time": 290.8,
      "tracked_predator_slot": 0,
      "target": 0
    },
    {
      "time": 299.9,
      "tracked_predator_slot": 0,
      "target": "resting"
    }
  ],
  "guide_role_trace": [
    {
      "time": 0,
      "active_guide_id": 1
    }
  ],
  "guide_follow_trace": [
    {
      "time": 0.1,
      "active_guide_id": 1,
      "tracked_predator_slot": 0
    }
  ],
  "guide_role": "parent",
  "parent_role": "guide",
  "child_role": "gather_evade",
  "active_guide_id_final": 1,
  "active_guide_alive_final": false,
  "guide_role_ids": [
    1
  ],
  "bait_deployed_at": 0.1,
  "policy_bait_ready_final": false,
  "bait_left_after_deployment": null,
  "final_bait_distance_to_goal": 0.0,
  "first_guide_predator_observation": 0.1,
  "first_predator_following_guide": 0.1,
  "first_predator_following_active_guide": 0.1,
  "tracked_seen_by_guide": 1,
  "tracked_followed_active_guide": 1,
  "physical_entered": 1,
  "guided_delivered": 1,
  "physical_losses_after_delivery": 1,
  "target_losses_after_delivery": 1,
  "physical_entry_times": [
    38.2
  ],
  "guided_delivery_times": [
    39.8
  ],
  "loss_times": [
    43.4
  ],
  "target_loss_times": [
    43.3
  ],
  "tail_seconds": 30.0,
  "tail_physical_min": 1,
  "tail_contained_min": 1,
  "final_distance_from_mouth": [
    12.0001
  ],
  "max_distance_after_delivery": [
    267.4454
  ],
  "policy_events": [],
  "success": false,
  "replay": "results/simple_chase/replays/real-map-Guide-m10242-f20242-p1-direct_guide-sitebait1-ace21d47.json.gz"
}
/home/Ucals/projects/NordicCupAI-wall-funneling/survival-simulator/oscar-trap-research/survival/results/simple_chase/real-map-Guide-m10242-f20242-p1-direct_guide-sitebait1-ace21d47.json
