Running as unit: run-p875088-i886462.scope; invocation ID: c550670491f14a36b04d6a98d6b2c5a5
{"progress": "real-map-Guide-m10241-f20241-p1-direct_guide-sitebait1-48dc332c", "time": 10.0, "bait_deployed": 0.1, "policy_bait_ready": false, "encounter": 0.1, "oracle_handoff": null, "children": 0, "active_guide_id": 1, "guide_alive": true, "active_guide_alive": true, "guided_delivered": 0}
{"progress": "real-map-Guide-m10241-f20241-p1-direct_guide-sitebait1-48dc332c", "time": 20.0, "bait_deployed": 0.1, "policy_bait_ready": false, "encounter": 0.1, "oracle_handoff": null, "children": 0, "active_guide_id": 1, "guide_alive": true, "active_guide_alive": true, "guided_delivered": 0}
{"progress": "real-map-Guide-m10241-f20241-p1-direct_guide-sitebait1-48dc332c", "time": 30.0, "bait_deployed": 0.1, "policy_bait_ready": false, "encounter": 0.1, "oracle_handoff": null, "children": 0, "active_guide_id": 1, "guide_alive": false, "active_guide_alive": false, "guided_delivered": 0}
{"progress": "real-map-Guide-m10241-f20241-p1-direct_guide-sitebait1-48dc332c", "time": 40.0, "bait_deployed": 0.1, "policy_bait_ready": false, "encounter": 0.1, "oracle_handoff": null, "children": 0, "active_guide_id": 1, "guide_alive": false, "active_guide_alive": false, "guided_delivered": 0}
{"progress": "real-map-Guide-m10241-f20241-p1-direct_guide-sitebait1-48dc332c", "time": 50.0, "bait_deployed": 0.1, "policy_bait_ready": false, "encounter": 0.1, "oracle_handoff": null, "children": 0, "active_guide_id": 1, "guide_alive": false, "active_guide_alive": false, "guided_delivered": 0}
{"progress": "real-map-Guide-m10241-f20241-p1-direct_guide-sitebait1-48dc332c", "time": 60.0, "bait_deployed": 0.1, "policy_bait_ready": false, "encounter": 0.1, "oracle_handoff": null, "children": 0, "active_guide_id": 1, "guide_alive": false, "active_guide_alive": false, "guided_delivered": 0}
{"progress": "real-map-Guide-m10241-f20241-p1-direct_guide-sitebait1-48dc332c", "time": 70.0, "bait_deployed": 0.1, "policy_bait_ready": false, "encounter": 0.1, "oracle_handoff": null, "children": 0, "active_guide_id": 1, "guide_alive": false, "active_guide_alive": false, "guided_delivered": 0}
{"progress": "real-map-Guide-m10241-f20241-p1-direct_guide-sitebait1-48dc332c", "time": 80.0, "bait_deployed": 0.1, "policy_bait_ready": false, "encounter": 0.1, "oracle_handoff": null, "children": 0, "active_guide_id": 1, "guide_alive": false, "active_guide_alive": false, "guided_delivered": 0}
{"progress": "real-map-Guide-m10241-f20241-p1-direct_guide-sitebait1-48dc332c", "time": 90.0, "bait_deployed": 0.1, "policy_bait_ready": false, "encounter": 0.1, "oracle_handoff": null, "children": 0, "active_guide_id": 1, "guide_alive": false, "active_guide_alive": false, "guided_delivered": 0}
{"progress": "real-map-Guide-m10241-f20241-p1-direct_guide-sitebait1-48dc332c", "time": 100.0, "bait_deployed": 0.1, "policy_bait_ready": false, "encounter": 0.1, "oracle_handoff": null, "children": 0, "active_guide_id": 1, "guide_alive": false, "active_guide_alive": false, "guided_delivered": 0}
{"progress": "real-map-Guide-m10241-f20241-p1-direct_guide-sitebait1-48dc332c", "time": 110.0, "bait_deployed": 0.1, "policy_bait_ready": false, "encounter": 0.1, "oracle_handoff": null, "children": 0, "active_guide_id": 1, "guide_alive": false, "active_guide_alive": false, "guided_delivered": 0}
{"progress": "real-map-Guide-m10241-f20241-p1-direct_guide-sitebait1-48dc332c", "time": 120.0, "bait_deployed": 0.1, "policy_bait_ready": false, "encounter": 0.1, "oracle_handoff": null, "children": 0, "active_guide_id": 1, "guide_alive": false, "active_guide_alive": false, "guided_delivered": 0}
{"progress": "real-map-Guide-m10241-f20241-p1-direct_guide-sitebait1-48dc332c", "time": 130.0, "bait_deployed": 0.1, "policy_bait_ready": false, "encounter": 0.1, "oracle_handoff": null, "children": 0, "active_guide_id": 1, "guide_alive": false, "active_guide_alive": false, "guided_delivered": 0}
{"progress": "real-map-Guide-m10241-f20241-p1-direct_guide-sitebait1-48dc332c", "time": 140.0, "bait_deployed": 0.1, "policy_bait_ready": false, "encounter": 0.1, "oracle_handoff": null, "children": 0, "active_guide_id": 1, "guide_alive": false, "active_guide_alive": false, "guided_delivered": 0}
{"progress": "real-map-Guide-m10241-f20241-p1-direct_guide-sitebait1-48dc332c", "time": 150.0, "bait_deployed": 0.1, "policy_bait_ready": false, "encounter": 0.1, "oracle_handoff": null, "children": 0, "active_guide_id": 1, "guide_alive": false, "active_guide_alive": false, "guided_delivered": 0}
{"progress": "real-map-Guide-m10241-f20241-p1-direct_guide-sitebait1-48dc332c", "time": 160.0, "bait_deployed": 0.1, "policy_bait_ready": false, "encounter": 0.1, "oracle_handoff": null, "children": 0, "active_guide_id": 1, "guide_alive": false, "active_guide_alive": false, "guided_delivered": 0}
{"progress": "real-map-Guide-m10241-f20241-p1-direct_guide-sitebait1-48dc332c", "time": 170.0, "bait_deployed": 0.1, "policy_bait_ready": false, "encounter": 0.1, "oracle_handoff": null, "children": 0, "active_guide_id": 1, "guide_alive": false, "active_guide_alive": false, "guided_delivered": 0}
{"progress": "real-map-Guide-m10241-f20241-p1-direct_guide-sitebait1-48dc332c", "time": 180.0, "bait_deployed": 0.1, "policy_bait_ready": false, "encounter": 0.1, "oracle_handoff": null, "children": 0, "active_guide_id": 1, "guide_alive": false, "active_guide_alive": false, "guided_delivered": 0}
{"progress": "real-map-Guide-m10241-f20241-p1-direct_guide-sitebait1-48dc332c", "time": 190.0, "bait_deployed": 0.1, "policy_bait_ready": false, "encounter": 0.1, "oracle_handoff": null, "children": 0, "active_guide_id": 1, "guide_alive": false, "active_guide_alive": false, "guided_delivered": 0}
{"progress": "real-map-Guide-m10241-f20241-p1-direct_guide-sitebait1-48dc332c", "time": 200.0, "bait_deployed": 0.1, "policy_bait_ready": false, "encounter": 0.1, "oracle_handoff": null, "children": 0, "active_guide_id": 1, "guide_alive": false, "active_guide_alive": false, "guided_delivered": 0}
{"progress": "real-map-Guide-m10241-f20241-p1-direct_guide-sitebait1-48dc332c", "time": 210.0, "bait_deployed": 0.1, "policy_bait_ready": false, "encounter": 0.1, "oracle_handoff": null, "children": 0, "active_guide_id": 1, "guide_alive": false, "active_guide_alive": false, "guided_delivered": 0}
{"progress": "real-map-Guide-m10241-f20241-p1-direct_guide-sitebait1-48dc332c", "time": 220.0, "bait_deployed": 0.1, "policy_bait_ready": false, "encounter": 0.1, "oracle_handoff": null, "children": 0, "active_guide_id": 1, "guide_alive": false, "active_guide_alive": false, "guided_delivered": 0}
{"progress": "real-map-Guide-m10241-f20241-p1-direct_guide-sitebait1-48dc332c", "time": 230.0, "bait_deployed": 0.1, "policy_bait_ready": false, "encounter": 0.1, "oracle_handoff": null, "children": 0, "active_guide_id": 1, "guide_alive": false, "active_guide_alive": false, "guided_delivered": 0}
{"progress": "real-map-Guide-m10241-f20241-p1-direct_guide-sitebait1-48dc332c", "time": 240.0, "bait_deployed": 0.1, "policy_bait_ready": false, "encounter": 0.1, "oracle_handoff": null, "children": 0, "active_guide_id": 1, "guide_alive": false, "active_guide_alive": false, "guided_delivered": 0}
{"progress": "real-map-Guide-m10241-f20241-p1-direct_guide-sitebait1-48dc332c", "time": 250.0, "bait_deployed": 0.1, "policy_bait_ready": false, "encounter": 0.1, "oracle_handoff": null, "children": 0, "active_guide_id": 1, "guide_alive": false, "active_guide_alive": false, "guided_delivered": 0}
{"progress": "real-map-Guide-m10241-f20241-p1-direct_guide-sitebait1-48dc332c", "time": 260.0, "bait_deployed": 0.1, "policy_bait_ready": false, "encounter": 0.1, "oracle_handoff": null, "children": 0, "active_guide_id": 1, "guide_alive": false, "active_guide_alive": false, "guided_delivered": 0}
{"progress": "real-map-Guide-m10241-f20241-p1-direct_guide-sitebait1-48dc332c", "time": 270.0, "bait_deployed": 0.1, "policy_bait_ready": false, "encounter": 0.1, "oracle_handoff": null, "children": 0, "active_guide_id": 1, "guide_alive": false, "active_guide_alive": false, "guided_delivered": 0}
{"progress": "real-map-Guide-m10241-f20241-p1-direct_guide-sitebait1-48dc332c", "time": 280.0, "bait_deployed": 0.1, "policy_bait_ready": false, "encounter": 0.1, "oracle_handoff": null, "children": 0, "active_guide_id": 1, "guide_alive": false, "active_guide_alive": false, "guided_delivered": 0}
{"progress": "real-map-Guide-m10241-f20241-p1-direct_guide-sitebait1-48dc332c", "time": 290.0, "bait_deployed": 0.1, "policy_bait_ready": false, "encounter": 0.1, "oracle_handoff": null, "children": 0, "active_guide_id": 1, "guide_alive": false, "active_guide_alive": false, "guided_delivered": 0}
{"progress": "real-map-Guide-m10241-f20241-p1-direct_guide-sitebait1-48dc332c", "time": 300.0, "bait_deployed": 0.1, "policy_bait_ready": false, "encounter": 0.1, "oracle_handoff": null, "children": 0, "active_guide_id": 1, "guide_alive": false, "active_guide_alive": false, "guided_delivered": 0}
{"viewer_manifest_refresh": {"status": "deferred", "reason": "bounded-memory runs defer full-replay viewer processing"}}
{
  "schema": "real-map-intake-result-v2",
  "policy": "integrated_guide.policy_v32_integrated:Guide",
  "policy_hash": "b71c4a0717b9e6573e85cd51b6cde8591b56fa88b1ceaea2e9581a0b95eb875c",
  "harness_hashes": {
    "research/simple_chase/run_streaming_v2.py": "837e02b05d1ba3af71df0949cb30beb18a8b2844f090f8b383c692192c52719a",
    "research/simple_chase/sampling.py": "1efb7d309c4cc79bc87916c1bea72a7845e78d0c2cdf0aeaf9e2a758ceed48ab",
    "research/simple_chase/static_map.py": "197b16cbe9dd2e3dd06b81fe9481986a97bd92d9c2a55f33597cc9b7280faf3c",
    "debugger/streaming_recorder_v2.py": "d5ecda6bb39ec74a9ad86fb20458df5de7f466d73052558af9e2877be3d99b19"
  },
  "mode": "direct_guide",
  "map_seed": 10241,
  "fixture_seed": 20241,
  "static_map_hash": "5ff3983935bf89944378dfbbc298997545d357f84afcdbc3330bcf88371c84ff",
  "site": {
    "mouth": [
      1275.2669,
      201.065
    ],
    "inward": [
      0.0,
      1.0
    ],
    "cross": [
      -1.0,
      0.0
    ],
    "goal": [
      1275.2669,
      206.065
    ],
    "far": [
      1275.2669,
      76.065
    ],
    "hold": [
      1275.2669,
      126.065
    ],
    "gap": 18.1846,
    "overlap": 64.3367,
    "runup": [
      1275.2669,
      41.065
    ],
    "approach_lane_offset": 0.0,
    "offset_approach": false,
    "obstacle_indices": [
      68,
      69
    ],
    "axis": 0,
    "other_mouth": [
      1275.2669,
      265.4017
    ],
    "replacement_entry": [
      1275.2669,
      285.4017
    ],
    "second_access_clear": true,
    "second_access_radius": 5.01,
    "bait_depth": 5.0,
    "boundary_indices": [],
    "geometric_replacement_access_only": true
  },
  "station_bait": true,
  "requested_seconds": 300.0,
  "seconds": 300.0,
  "reason": "horizon",
  "native_render": true,
  "reproduction_of": null,
  "record_every_ticks": 1,
  "replay_frames": 3001,
  "initial_predators": 1,
  "final_predators_total": 4,
  "tracked_predators_present_final": 1,
  "ambient_predators_spawned": 3,
  "ambient_predators_present_final": 3,
  "agent_energy_refilled": true,
  "predator_state_native": false,
  "predator_dynamics_native_after_setup": true,
  "arranged_adjacent_awake_start": true,
  "bait_id": 0,
  "guide_id": 1,
  "bait_alive": true,
  "guide_alive": false,
  "deaths": [
    {
      "time": 22.9,
      "agent_id": 1,
      "role": "parent_guide"
    }
  ],
  "spawn_requests": [],
  "child_births": [],
  "fruit_consumptions": [
    {
      "time": 15.3,
      "agent_id": 1,
      "x": 684.641,
      "y": 716.4208
    },
    {
      "time": 48.9,
      "agent_id": 0,
      "x": 1275.1362,
      "y": 213.3062
    }
  ],
  "parent_fruit_consumed_before_tracked_encounter": 0,
  "tracked_encounter_times": [
    0.1
  ],
  "conditional_delivery_denominator": true,
  "conditional_delivery_status": "not_applicable",
  "setup_oracle": false,
  "setup_oracle_target": null,
  "setup_oracle_ticks": 0,
  "setup_oracle_routing": null,
  "setup_oracle_route_resets": 0,
  "setup_oracle_policy_reset_before_handoff_act": false,
  "setup_oracle_handoff_time": null,
  "dynamic_action_privilege_ended_at": null,
  "target_switches": [
    {
      "time": 0.1,
      "tracked_predator_slot": 0,
      "target": 1
    },
    {
      "time": 2.8,
      "tracked_predator_slot": 0,
      "target": null
    },
    {
      "time": 2.9,
      "tracked_predator_slot": 0,
      "target": 1
    },
    {
      "time": 4.3,
      "tracked_predator_slot": 0,
      "target": null
    },
    {
      "time": 8.6,
      "tracked_predator_slot": 0,
      "target": 1
    },
    {
      "time": 8.7,
      "tracked_predator_slot": 0,
      "target": null
    },
    {
      "time": 8.9,
      "tracked_predator_slot": 0,
      "target": 1
    },
    {
      "time": 9.0,
      "tracked_predator_slot": 0,
      "target": null
    },
    {
      "time": 9.1,
      "tracked_predator_slot": 0,
      "target": 1
    },
    {
      "time": 9.3,
      "tracked_predator_slot": 0,
      "target": null
    },
    {
      "time": 9.4,
      "tracked_predator_slot": 0,
      "target": 1
    },
    {
      "time": 9.5,
      "tracked_predator_slot": 0,
      "target": null
    },
    {
      "time": 9.6,
      "tracked_predator_slot": 0,
      "target": 1
    },
    {
      "time": 16.3,
      "tracked_predator_slot": 0,
      "target": null
    },
    {
      "time": 16.7,
      "tracked_predator_slot": 0,
      "target": 1
    },
    {
      "time": 16.8,
      "tracked_predator_slot": 0,
      "target": "resting"
    },
    {
      "time": 20.3,
      "tracked_predator_slot": 0,
      "target": null
    },
    {
      "time": 20.4,
      "tracked_predator_slot": 0,
      "target": 1
    },
    {
      "time": 20.5,
      "tracked_predator_slot": 0,
      "target": null
    },
    {
      "time": 20.6,
      "tracked_predator_slot": 0,
      "target": 1
    },
    {
      "time": 22.9,
      "tracked_predator_slot": 0,
      "target": null
    },
    {
      "time": 58.7,
      "tracked_predator_slot": 0,
      "target": "resting"
    },
    {
      "time": 62.2,
      "tracked_predator_slot": 0,
      "target": null
    },
    {
      "time": 80.2,
      "tracked_predator_slot": 0,
      "target": "resting"
    },
    {
      "time": 83.7,
      "tracked_predator_slot": 0,
      "target": null
    },
    {
      "time": 102.0,
      "tracked_predator_slot": 0,
      "target": "resting"
    },
    {
      "time": 105.5,
      "tracked_predator_slot": 0,
      "target": null
    },
    {
      "time": 123.6,
      "tracked_predator_slot": 0,
      "target": "resting"
    },
    {
      "time": 127.1,
      "tracked_predator_slot": 0,
      "target": null
    },
    {
      "time": 145.1,
      "tracked_predator_slot": 0,
      "target": "resting"
    },
    {
      "time": 148.6,
      "tracked_predator_slot": 0,
      "target": null
    },
    {
      "time": 166.6,
      "tracked_predator_slot": 0,
      "target": "resting"
    },
    {
      "time": 170.1,
      "tracked_predator_slot": 0,
      "target": null
    },
    {
      "time": 188.1,
      "tracked_predator_slot": 0,
      "target": "resting"
    },
    {
      "time": 191.6,
      "tracked_predator_slot": 0,
      "target": null
    },
    {
      "time": 206.6,
      "tracked_predator_slot": 0,
      "target": "resting"
    },
    {
      "time": 210.1,
      "tracked_predator_slot": 0,
      "target": null
    },
    {
      "time": 222.7,
      "tracked_predator_slot": 0,
      "target": "resting"
    },
    {
      "time": 226.2,
      "tracked_predator_slot": 0,
      "target": null
    },
    {
      "time": 238.9,
      "tracked_predator_slot": 0,
      "target": "resting"
    },
    {
      "time": 242.4,
      "tracked_predator_slot": 0,
      "target": null
    },
    {
      "time": 255.0,
      "tracked_predator_slot": 0,
      "target": "resting"
    },
    {
      "time": 258.5,
      "tracked_predator_slot": 0,
      "target": null
    },
    {
      "time": 271.2,
      "tracked_predator_slot": 0,
      "target": "resting"
    },
    {
      "time": 274.7,
      "tracked_predator_slot": 0,
      "target": null
    },
    {
      "time": 287.3,
      "tracked_predator_slot": 0,
      "target": "resting"
    },
    {
      "time": 290.8,
      "tracked_predator_slot": 0,
      "target": null
    }
  ],
  "guide_role_trace": [
    {
      "time": 0,
      "active_guide_id": 1
    }
  ],
  "guide_follow_trace": [
    {
      "time": 0.1,
      "active_guide_id": 1,
      "tracked_predator_slot": 0
    }
  ],
  "guide_role": "parent",
  "parent_role": "guide",
  "child_role": "gather_evade",
  "active_guide_id_final": 1,
  "active_guide_alive_final": false,
  "guide_role_ids": [
    1
  ],
  "bait_deployed_at": 0.1,
  "policy_bait_ready_final": false,
  "bait_left_after_deployment": null,
  "final_bait_distance_to_goal": 0.0,
  "first_guide_predator_observation": 0.1,
  "first_predator_following_guide": 0.1,
  "first_predator_following_active_guide": 0.1,
  "tracked_seen_by_guide": 1,
  "tracked_followed_active_guide": 1,
  "physical_entered": 0,
  "guided_delivered": 0,
  "physical_losses_after_delivery": 0,
  "target_losses_after_delivery": 0,
  "physical_entry_times": [
    null
  ],
  "guided_delivery_times": [
    null
  ],
  "loss_times": [
    null
  ],
  "target_loss_times": [
    null
  ],
  "tail_seconds": 30.0,
  "tail_physical_min": 0,
  "tail_contained_min": 0,
  "final_distance_from_mouth": [
    625.5564
  ],
  "max_distance_after_delivery": [
    0.0
  ],
  "policy_events": [],
  "success": false,
  "replay": "results/simple_chase/replays/real-map-Guide-m10241-f20241-p1-direct_guide-sitebait1-48dc332c.json.gz"
}
/home/Ucals/projects/NordicCupAI-wall-funneling/survival-simulator/oscar-trap-research/survival/results/simple_chase/real-map-Guide-m10241-f20241-p1-direct_guide-sitebait1-48dc332c.json
