Running as unit: run-p884155-i905666.scope; invocation ID: 5993f131da6d4bbf979c9b3ea9b7145a
{"progress": "real-map-Guide-m10247-f20247-p1-direct_guide-sitebait1-895c0784", "time": 10.0, "bait_deployed": 0.1, "policy_bait_ready": false, "encounter": 0.1, "oracle_handoff": null, "children": 0, "active_guide_id": 1, "guide_alive": false, "active_guide_alive": false, "guided_delivered": 0}
{"progress": "real-map-Guide-m10247-f20247-p1-direct_guide-sitebait1-895c0784", "time": 20.0, "bait_deployed": 0.1, "policy_bait_ready": false, "encounter": 0.1, "oracle_handoff": null, "children": 0, "active_guide_id": 1, "guide_alive": false, "active_guide_alive": false, "guided_delivered": 0}
{"progress": "real-map-Guide-m10247-f20247-p1-direct_guide-sitebait1-895c0784", "time": 30.0, "bait_deployed": 0.1, "policy_bait_ready": false, "encounter": 0.1, "oracle_handoff": null, "children": 0, "active_guide_id": 1, "guide_alive": false, "active_guide_alive": false, "guided_delivered": 0}
{"progress": "real-map-Guide-m10247-f20247-p1-direct_guide-sitebait1-895c0784", "time": 40.0, "bait_deployed": 0.1, "policy_bait_ready": false, "encounter": 0.1, "oracle_handoff": null, "children": 0, "active_guide_id": 1, "guide_alive": false, "active_guide_alive": false, "guided_delivered": 0}
{"progress": "real-map-Guide-m10247-f20247-p1-direct_guide-sitebait1-895c0784", "time": 50.0, "bait_deployed": 0.1, "policy_bait_ready": false, "encounter": 0.1, "oracle_handoff": null, "children": 0, "active_guide_id": 1, "guide_alive": false, "active_guide_alive": false, "guided_delivered": 0}
{"progress": "real-map-Guide-m10247-f20247-p1-direct_guide-sitebait1-895c0784", "time": 60.0, "bait_deployed": 0.1, "policy_bait_ready": false, "encounter": 0.1, "oracle_handoff": null, "children": 0, "active_guide_id": 1, "guide_alive": false, "active_guide_alive": false, "guided_delivered": 0}
{"progress": "real-map-Guide-m10247-f20247-p1-direct_guide-sitebait1-895c0784", "time": 70.0, "bait_deployed": 0.1, "policy_bait_ready": false, "encounter": 0.1, "oracle_handoff": null, "children": 0, "active_guide_id": 1, "guide_alive": false, "active_guide_alive": false, "guided_delivered": 1}
{"progress": "real-map-Guide-m10247-f20247-p1-direct_guide-sitebait1-895c0784", "time": 80.0, "bait_deployed": 0.1, "policy_bait_ready": false, "encounter": 0.1, "oracle_handoff": null, "children": 0, "active_guide_id": 1, "guide_alive": false, "active_guide_alive": false, "guided_delivered": 1}
{"progress": "real-map-Guide-m10247-f20247-p1-direct_guide-sitebait1-895c0784", "time": 90.0, "bait_deployed": 0.1, "policy_bait_ready": false, "encounter": 0.1, "oracle_handoff": null, "children": 0, "active_guide_id": 1, "guide_alive": false, "active_guide_alive": false, "guided_delivered": 1}
{"progress": "real-map-Guide-m10247-f20247-p1-direct_guide-sitebait1-895c0784", "time": 100.0, "bait_deployed": 0.1, "policy_bait_ready": false, "encounter": 0.1, "oracle_handoff": null, "children": 0, "active_guide_id": 1, "guide_alive": false, "active_guide_alive": false, "guided_delivered": 1}
{"progress": "real-map-Guide-m10247-f20247-p1-direct_guide-sitebait1-895c0784", "time": 110.0, "bait_deployed": 0.1, "policy_bait_ready": false, "encounter": 0.1, "oracle_handoff": null, "children": 0, "active_guide_id": 1, "guide_alive": false, "active_guide_alive": false, "guided_delivered": 1}
{"progress": "real-map-Guide-m10247-f20247-p1-direct_guide-sitebait1-895c0784", "time": 120.0, "bait_deployed": 0.1, "policy_bait_ready": false, "encounter": 0.1, "oracle_handoff": null, "children": 0, "active_guide_id": 1, "guide_alive": false, "active_guide_alive": false, "guided_delivered": 1}
{"progress": "real-map-Guide-m10247-f20247-p1-direct_guide-sitebait1-895c0784", "time": 130.0, "bait_deployed": 0.1, "policy_bait_ready": false, "encounter": 0.1, "oracle_handoff": null, "children": 0, "active_guide_id": 1, "guide_alive": false, "active_guide_alive": false, "guided_delivered": 1}
{"progress": "real-map-Guide-m10247-f20247-p1-direct_guide-sitebait1-895c0784", "time": 140.0, "bait_deployed": 0.1, "policy_bait_ready": false, "encounter": 0.1, "oracle_handoff": null, "children": 0, "active_guide_id": 1, "guide_alive": false, "active_guide_alive": false, "guided_delivered": 1}
{"progress": "real-map-Guide-m10247-f20247-p1-direct_guide-sitebait1-895c0784", "time": 150.0, "bait_deployed": 0.1, "policy_bait_ready": false, "encounter": 0.1, "oracle_handoff": null, "children": 0, "active_guide_id": 1, "guide_alive": false, "active_guide_alive": false, "guided_delivered": 1}
{"progress": "real-map-Guide-m10247-f20247-p1-direct_guide-sitebait1-895c0784", "time": 160.0, "bait_deployed": 0.1, "policy_bait_ready": false, "encounter": 0.1, "oracle_handoff": null, "children": 0, "active_guide_id": 1, "guide_alive": false, "active_guide_alive": false, "guided_delivered": 1}
{"progress": "real-map-Guide-m10247-f20247-p1-direct_guide-sitebait1-895c0784", "time": 170.0, "bait_deployed": 0.1, "policy_bait_ready": false, "encounter": 0.1, "oracle_handoff": null, "children": 0, "active_guide_id": 1, "guide_alive": false, "active_guide_alive": false, "guided_delivered": 1}
{"progress": "real-map-Guide-m10247-f20247-p1-direct_guide-sitebait1-895c0784", "time": 180.0, "bait_deployed": 0.1, "policy_bait_ready": false, "encounter": 0.1, "oracle_handoff": null, "children": 0, "active_guide_id": 1, "guide_alive": false, "active_guide_alive": false, "guided_delivered": 1}
{"progress": "real-map-Guide-m10247-f20247-p1-direct_guide-sitebait1-895c0784", "time": 190.0, "bait_deployed": 0.1, "policy_bait_ready": false, "encounter": 0.1, "oracle_handoff": null, "children": 0, "active_guide_id": 1, "guide_alive": false, "active_guide_alive": false, "guided_delivered": 1}
{"progress": "real-map-Guide-m10247-f20247-p1-direct_guide-sitebait1-895c0784", "time": 200.0, "bait_deployed": 0.1, "policy_bait_ready": false, "encounter": 0.1, "oracle_handoff": null, "children": 0, "active_guide_id": 1, "guide_alive": false, "active_guide_alive": false, "guided_delivered": 1}
{"progress": "real-map-Guide-m10247-f20247-p1-direct_guide-sitebait1-895c0784", "time": 210.0, "bait_deployed": 0.1, "policy_bait_ready": false, "encounter": 0.1, "oracle_handoff": null, "children": 0, "active_guide_id": 1, "guide_alive": false, "active_guide_alive": false, "guided_delivered": 1}
{"progress": "real-map-Guide-m10247-f20247-p1-direct_guide-sitebait1-895c0784", "time": 220.0, "bait_deployed": 0.1, "policy_bait_ready": false, "encounter": 0.1, "oracle_handoff": null, "children": 0, "active_guide_id": 1, "guide_alive": false, "active_guide_alive": false, "guided_delivered": 1}
{"progress": "real-map-Guide-m10247-f20247-p1-direct_guide-sitebait1-895c0784", "time": 230.0, "bait_deployed": 0.1, "policy_bait_ready": false, "encounter": 0.1, "oracle_handoff": null, "children": 0, "active_guide_id": 1, "guide_alive": false, "active_guide_alive": false, "guided_delivered": 1}
{"progress": "real-map-Guide-m10247-f20247-p1-direct_guide-sitebait1-895c0784", "time": 240.0, "bait_deployed": 0.1, "policy_bait_ready": false, "encounter": 0.1, "oracle_handoff": null, "children": 0, "active_guide_id": 1, "guide_alive": false, "active_guide_alive": false, "guided_delivered": 1}
{"progress": "real-map-Guide-m10247-f20247-p1-direct_guide-sitebait1-895c0784", "time": 250.0, "bait_deployed": 0.1, "policy_bait_ready": false, "encounter": 0.1, "oracle_handoff": null, "children": 0, "active_guide_id": 1, "guide_alive": false, "active_guide_alive": false, "guided_delivered": 1}
{"progress": "real-map-Guide-m10247-f20247-p1-direct_guide-sitebait1-895c0784", "time": 260.0, "bait_deployed": 0.1, "policy_bait_ready": false, "encounter": 0.1, "oracle_handoff": null, "children": 0, "active_guide_id": 1, "guide_alive": false, "active_guide_alive": false, "guided_delivered": 1}
{"progress": "real-map-Guide-m10247-f20247-p1-direct_guide-sitebait1-895c0784", "time": 270.0, "bait_deployed": 0.1, "policy_bait_ready": false, "encounter": 0.1, "oracle_handoff": null, "children": 0, "active_guide_id": 1, "guide_alive": false, "active_guide_alive": false, "guided_delivered": 1}
{"progress": "real-map-Guide-m10247-f20247-p1-direct_guide-sitebait1-895c0784", "time": 280.0, "bait_deployed": 0.1, "policy_bait_ready": false, "encounter": 0.1, "oracle_handoff": null, "children": 0, "active_guide_id": 1, "guide_alive": false, "active_guide_alive": false, "guided_delivered": 1}
{"progress": "real-map-Guide-m10247-f20247-p1-direct_guide-sitebait1-895c0784", "time": 290.0, "bait_deployed": 0.1, "policy_bait_ready": false, "encounter": 0.1, "oracle_handoff": null, "children": 0, "active_guide_id": 1, "guide_alive": false, "active_guide_alive": false, "guided_delivered": 1}
{"progress": "real-map-Guide-m10247-f20247-p1-direct_guide-sitebait1-895c0784", "time": 300.0, "bait_deployed": 0.1, "policy_bait_ready": false, "encounter": 0.1, "oracle_handoff": null, "children": 0, "active_guide_id": 1, "guide_alive": false, "active_guide_alive": false, "guided_delivered": 1}
{"viewer_manifest_refresh": {"status": "deferred", "reason": "bounded-memory runs defer full-replay viewer processing"}}
{
  "schema": "real-map-intake-result-v2",
  "policy": "integrated_guide.policy_v32_integrated:Guide",
  "policy_hash": "b71c4a0717b9e6573e85cd51b6cde8591b56fa88b1ceaea2e9581a0b95eb875c",
  "harness_hashes": {
    "research/simple_chase/run_streaming_v2.py": "837e02b05d1ba3af71df0949cb30beb18a8b2844f090f8b383c692192c52719a",
    "research/simple_chase/sampling.py": "1efb7d309c4cc79bc87916c1bea72a7845e78d0c2cdf0aeaf9e2a758ceed48ab",
    "research/simple_chase/static_map.py": "197b16cbe9dd2e3dd06b81fe9481986a97bd92d9c2a55f33597cc9b7280faf3c",
    "debugger/streaming_recorder_v2.py": "d5ecda6bb39ec74a9ad86fb20458df5de7f466d73052558af9e2877be3d99b19"
  },
  "mode": "direct_guide",
  "map_seed": 10247,
  "fixture_seed": 20247,
  "static_map_hash": "452a093f2da530004658a97a58c09b878ed072e998f25bb3bd4a790ce0d7ad08",
  "site": {
    "mouth": [
      1248.7285,
      1037.8467
    ],
    "inward": [
      1.0,
      0.0
    ],
    "cross": [
      -0.0,
      1.0
    ],
    "goal": [
      1253.7285,
      1037.8467
    ],
    "far": [
      1123.7285,
      1037.8467
    ],
    "hold": [
      1173.7285,
      1037.8467
    ],
    "gap": 11.4774,
    "overlap": 36.2169,
    "runup": [
      1068.7285,
      1037.8467
    ],
    "approach_lane_offset": 0.0,
    "offset_approach": false,
    "obstacle_indices": [
      69,
      58
    ],
    "axis": 1,
    "other_mouth": [
      1284.9454,
      1037.8467
    ],
    "replacement_entry": [
      1304.9454,
      1037.8467
    ],
    "second_access_clear": true,
    "second_access_radius": 5.01,
    "bait_depth": 5.0,
    "boundary_indices": [],
    "geometric_replacement_access_only": true
  },
  "station_bait": true,
  "requested_seconds": 300.0,
  "seconds": 300.0,
  "reason": "horizon",
  "native_render": true,
  "reproduction_of": null,
  "record_every_ticks": 1,
  "replay_frames": 3001,
  "initial_predators": 1,
  "final_predators_total": 2,
  "tracked_predators_present_final": 1,
  "ambient_predators_spawned": 1,
  "ambient_predators_present_final": 1,
  "agent_energy_refilled": true,
  "predator_state_native": false,
  "predator_dynamics_native_after_setup": true,
  "arranged_adjacent_awake_start": true,
  "bait_id": 0,
  "guide_id": 1,
  "bait_alive": true,
  "guide_alive": false,
  "deaths": [
    {
      "time": 2.4,
      "agent_id": 1,
      "role": "parent_guide"
    }
  ],
  "spawn_requests": [],
  "child_births": [],
  "fruit_consumptions": [],
  "parent_fruit_consumed_before_tracked_encounter": 0,
  "tracked_encounter_times": [
    0.1
  ],
  "conditional_delivery_denominator": true,
  "conditional_delivery_status": "not_applicable",
  "setup_oracle": false,
  "setup_oracle_target": null,
  "setup_oracle_ticks": 0,
  "setup_oracle_routing": null,
  "setup_oracle_route_resets": 0,
  "setup_oracle_policy_reset_before_handoff_act": false,
  "setup_oracle_handoff_time": null,
  "dynamic_action_privilege_ended_at": null,
  "target_switches": [
    {
      "time": 0.1,
      "tracked_predator_slot": 0,
      "target": 1
    },
    {
      "time": 2.4,
      "tracked_predator_slot": 0,
      "target": null
    },
    {
      "time": 37.5,
      "tracked_predator_slot": 0,
      "target": "resting"
    },
    {
      "time": 41.0,
      "tracked_predator_slot": 0,
      "target": null
    },
    {
      "time": 55.0,
      "tracked_predator_slot": 0,
      "target": 0
    },
    {
      "time": 59.1,
      "tracked_predator_slot": 0,
      "target": "resting"
    },
    {
      "time": 62.6,
      "tracked_predator_slot": 0,
      "target": 0
    },
    {
      "time": 71.7,
      "tracked_predator_slot": 0,
      "target": "resting"
    },
    {
      "time": 75.2,
      "tracked_predator_slot": 0,
      "target": 0
    },
    {
      "time": 84.4,
      "tracked_predator_slot": 0,
      "target": "resting"
    },
    {
      "time": 87.9,
      "tracked_predator_slot": 0,
      "target": 0
    },
    {
      "time": 97.1,
      "tracked_predator_slot": 0,
      "target": "resting"
    },
    {
      "time": 100.6,
      "tracked_predator_slot": 0,
      "target": 0
    },
    {
      "time": 109.8,
      "tracked_predator_slot": 0,
      "target": "resting"
    },
    {
      "time": 113.3,
      "tracked_predator_slot": 0,
      "target": 0
    },
    {
      "time": 122.5,
      "tracked_predator_slot": 0,
      "target": "resting"
    },
    {
      "time": 126.0,
      "tracked_predator_slot": 0,
      "target": 0
    },
    {
      "time": 135.2,
      "tracked_predator_slot": 0,
      "target": "resting"
    },
    {
      "time": 138.7,
      "tracked_predator_slot": 0,
      "target": 0
    },
    {
      "time": 147.8,
      "tracked_predator_slot": 0,
      "target": "resting"
    },
    {
      "time": 151.3,
      "tracked_predator_slot": 0,
      "target": 0
    },
    {
      "time": 160.5,
      "tracked_predator_slot": 0,
      "target": "resting"
    },
    {
      "time": 164.0,
      "tracked_predator_slot": 0,
      "target": 0
    },
    {
      "time": 173.2,
      "tracked_predator_slot": 0,
      "target": "resting"
    },
    {
      "time": 176.7,
      "tracked_predator_slot": 0,
      "target": 0
    },
    {
      "time": 185.9,
      "tracked_predator_slot": 0,
      "target": "resting"
    },
    {
      "time": 189.4,
      "tracked_predator_slot": 0,
      "target": 0
    },
    {
      "time": 198.6,
      "tracked_predator_slot": 0,
      "target": "resting"
    },
    {
      "time": 202.1,
      "tracked_predator_slot": 0,
      "target": 0
    },
    {
      "time": 211.6,
      "tracked_predator_slot": 0,
      "target": "resting"
    },
    {
      "time": 215.1,
      "tracked_predator_slot": 0,
      "target": 0
    },
    {
      "time": 224.3,
      "tracked_predator_slot": 0,
      "target": "resting"
    },
    {
      "time": 227.8,
      "tracked_predator_slot": 0,
      "target": 0
    },
    {
      "time": 237.0,
      "tracked_predator_slot": 0,
      "target": "resting"
    },
    {
      "time": 240.5,
      "tracked_predator_slot": 0,
      "target": 0
    },
    {
      "time": 249.6,
      "tracked_predator_slot": 0,
      "target": "resting"
    },
    {
      "time": 253.1,
      "tracked_predator_slot": 0,
      "target": 0
    },
    {
      "time": 262.3,
      "tracked_predator_slot": 0,
      "target": "resting"
    },
    {
      "time": 265.8,
      "tracked_predator_slot": 0,
      "target": 0
    },
    {
      "time": 275.0,
      "tracked_predator_slot": 0,
      "target": "resting"
    },
    {
      "time": 278.5,
      "tracked_predator_slot": 0,
      "target": 0
    },
    {
      "time": 287.7,
      "tracked_predator_slot": 0,
      "target": "resting"
    },
    {
      "time": 291.2,
      "tracked_predator_slot": 0,
      "target": 0
    }
  ],
  "guide_role_trace": [
    {
      "time": 0,
      "active_guide_id": 1
    }
  ],
  "guide_follow_trace": [
    {
      "time": 0.1,
      "active_guide_id": 1,
      "tracked_predator_slot": 0
    }
  ],
  "guide_role": "parent",
  "parent_role": "guide",
  "child_role": "gather_evade",
  "active_guide_id_final": 1,
  "active_guide_alive_final": false,
  "guide_role_ids": [
    1
  ],
  "bait_deployed_at": 0.1,
  "policy_bait_ready_final": false,
  "bait_left_after_deployment": null,
  "final_bait_distance_to_goal": 0.0,
  "first_guide_predator_observation": 0.1,
  "first_predator_following_guide": 0.1,
  "first_predator_following_active_guide": 0.1,
  "tracked_seen_by_guide": 1,
  "tracked_followed_active_guide": 1,
  "physical_entered": 1,
  "guided_delivered": 1,
  "physical_losses_after_delivery": 0,
  "target_losses_after_delivery": 0,
  "physical_entry_times": [
    58.5
  ],
  "guided_delivery_times": [
    58.5
  ],
  "loss_times": [
    null
  ],
  "target_loss_times": [
    null
  ],
  "tail_seconds": 30.0,
  "tail_physical_min": 1,
  "tail_contained_min": 1,
  "final_distance_from_mouth": [
    12.5941
  ],
  "max_distance_after_delivery": [
    54.287
  ],
  "policy_events": [],
  "success": true,
  "replay": "results/simple_chase/replays/real-map-Guide-m10247-f20247-p1-direct_guide-sitebait1-895c0784.json.gz"
}
/home/Ucals/projects/NordicCupAI-wall-funneling/survival-simulator/oscar-trap-research/survival/results/simple_chase/real-map-Guide-m10247-f20247-p1-direct_guide-sitebait1-895c0784.json
