Running as unit: run-p884003-i834475.scope; invocation ID: 73fc8c1f1254426bb5bd840be56f254e
{"progress": "real-map-Guide-m10246-f20246-p1-direct_guide-sitebait1-01762c52", "time": 10.0, "bait_deployed": 0.1, "policy_bait_ready": false, "encounter": 0.1, "oracle_handoff": null, "children": 0, "active_guide_id": 1, "guide_alive": false, "active_guide_alive": false, "guided_delivered": 1}
{"progress": "real-map-Guide-m10246-f20246-p1-direct_guide-sitebait1-01762c52", "time": 20.0, "bait_deployed": 0.1, "policy_bait_ready": false, "encounter": 0.1, "oracle_handoff": null, "children": 0, "active_guide_id": 1, "guide_alive": false, "active_guide_alive": false, "guided_delivered": 1}
{"progress": "real-map-Guide-m10246-f20246-p1-direct_guide-sitebait1-01762c52", "time": 30.0, "bait_deployed": 0.1, "policy_bait_ready": false, "encounter": 0.1, "oracle_handoff": null, "children": 0, "active_guide_id": 1, "guide_alive": false, "active_guide_alive": false, "guided_delivered": 1}
{"progress": "real-map-Guide-m10246-f20246-p1-direct_guide-sitebait1-01762c52", "time": 40.0, "bait_deployed": 0.1, "policy_bait_ready": false, "encounter": 0.1, "oracle_handoff": null, "children": 0, "active_guide_id": 1, "guide_alive": false, "active_guide_alive": false, "guided_delivered": 1}
{"progress": "real-map-Guide-m10246-f20246-p1-direct_guide-sitebait1-01762c52", "time": 50.0, "bait_deployed": 0.1, "policy_bait_ready": false, "encounter": 0.1, "oracle_handoff": null, "children": 0, "active_guide_id": 1, "guide_alive": false, "active_guide_alive": false, "guided_delivered": 1}
{"progress": "real-map-Guide-m10246-f20246-p1-direct_guide-sitebait1-01762c52", "time": 60.0, "bait_deployed": 0.1, "policy_bait_ready": false, "encounter": 0.1, "oracle_handoff": null, "children": 0, "active_guide_id": 1, "guide_alive": false, "active_guide_alive": false, "guided_delivered": 1}
{"progress": "real-map-Guide-m10246-f20246-p1-direct_guide-sitebait1-01762c52", "time": 70.0, "bait_deployed": 0.1, "policy_bait_ready": false, "encounter": 0.1, "oracle_handoff": null, "children": 0, "active_guide_id": 1, "guide_alive": false, "active_guide_alive": false, "guided_delivered": 1}
{"progress": "real-map-Guide-m10246-f20246-p1-direct_guide-sitebait1-01762c52", "time": 80.0, "bait_deployed": 0.1, "policy_bait_ready": false, "encounter": 0.1, "oracle_handoff": null, "children": 0, "active_guide_id": 1, "guide_alive": false, "active_guide_alive": false, "guided_delivered": 1}
{"progress": "real-map-Guide-m10246-f20246-p1-direct_guide-sitebait1-01762c52", "time": 90.0, "bait_deployed": 0.1, "policy_bait_ready": false, "encounter": 0.1, "oracle_handoff": null, "children": 0, "active_guide_id": 1, "guide_alive": false, "active_guide_alive": false, "guided_delivered": 1}
{"progress": "real-map-Guide-m10246-f20246-p1-direct_guide-sitebait1-01762c52", "time": 100.0, "bait_deployed": 0.1, "policy_bait_ready": false, "encounter": 0.1, "oracle_handoff": null, "children": 0, "active_guide_id": 1, "guide_alive": false, "active_guide_alive": false, "guided_delivered": 1}
{"progress": "real-map-Guide-m10246-f20246-p1-direct_guide-sitebait1-01762c52", "time": 110.0, "bait_deployed": 0.1, "policy_bait_ready": false, "encounter": 0.1, "oracle_handoff": null, "children": 0, "active_guide_id": 1, "guide_alive": false, "active_guide_alive": false, "guided_delivered": 1}
{"progress": "real-map-Guide-m10246-f20246-p1-direct_guide-sitebait1-01762c52", "time": 120.0, "bait_deployed": 0.1, "policy_bait_ready": false, "encounter": 0.1, "oracle_handoff": null, "children": 0, "active_guide_id": 1, "guide_alive": false, "active_guide_alive": false, "guided_delivered": 1}
{"progress": "real-map-Guide-m10246-f20246-p1-direct_guide-sitebait1-01762c52", "time": 130.0, "bait_deployed": 0.1, "policy_bait_ready": false, "encounter": 0.1, "oracle_handoff": null, "children": 0, "active_guide_id": 1, "guide_alive": false, "active_guide_alive": false, "guided_delivered": 1}
{"progress": "real-map-Guide-m10246-f20246-p1-direct_guide-sitebait1-01762c52", "time": 140.0, "bait_deployed": 0.1, "policy_bait_ready": false, "encounter": 0.1, "oracle_handoff": null, "children": 0, "active_guide_id": 1, "guide_alive": false, "active_guide_alive": false, "guided_delivered": 1}
{"progress": "real-map-Guide-m10246-f20246-p1-direct_guide-sitebait1-01762c52", "time": 150.0, "bait_deployed": 0.1, "policy_bait_ready": false, "encounter": 0.1, "oracle_handoff": null, "children": 0, "active_guide_id": 1, "guide_alive": false, "active_guide_alive": false, "guided_delivered": 1}
{"progress": "real-map-Guide-m10246-f20246-p1-direct_guide-sitebait1-01762c52", "time": 160.0, "bait_deployed": 0.1, "policy_bait_ready": false, "encounter": 0.1, "oracle_handoff": null, "children": 0, "active_guide_id": 1, "guide_alive": false, "active_guide_alive": false, "guided_delivered": 1}
{"progress": "real-map-Guide-m10246-f20246-p1-direct_guide-sitebait1-01762c52", "time": 170.0, "bait_deployed": 0.1, "policy_bait_ready": false, "encounter": 0.1, "oracle_handoff": null, "children": 0, "active_guide_id": 1, "guide_alive": false, "active_guide_alive": false, "guided_delivered": 1}
{"progress": "real-map-Guide-m10246-f20246-p1-direct_guide-sitebait1-01762c52", "time": 180.0, "bait_deployed": 0.1, "policy_bait_ready": false, "encounter": 0.1, "oracle_handoff": null, "children": 0, "active_guide_id": 1, "guide_alive": false, "active_guide_alive": false, "guided_delivered": 1}
{"progress": "real-map-Guide-m10246-f20246-p1-direct_guide-sitebait1-01762c52", "time": 190.0, "bait_deployed": 0.1, "policy_bait_ready": false, "encounter": 0.1, "oracle_handoff": null, "children": 0, "active_guide_id": 1, "guide_alive": false, "active_guide_alive": false, "guided_delivered": 1}
{"progress": "real-map-Guide-m10246-f20246-p1-direct_guide-sitebait1-01762c52", "time": 200.0, "bait_deployed": 0.1, "policy_bait_ready": false, "encounter": 0.1, "oracle_handoff": null, "children": 0, "active_guide_id": 1, "guide_alive": false, "active_guide_alive": false, "guided_delivered": 1}
{"progress": "real-map-Guide-m10246-f20246-p1-direct_guide-sitebait1-01762c52", "time": 210.0, "bait_deployed": 0.1, "policy_bait_ready": false, "encounter": 0.1, "oracle_handoff": null, "children": 0, "active_guide_id": 1, "guide_alive": false, "active_guide_alive": false, "guided_delivered": 1}
{"progress": "real-map-Guide-m10246-f20246-p1-direct_guide-sitebait1-01762c52", "time": 220.0, "bait_deployed": 0.1, "policy_bait_ready": false, "encounter": 0.1, "oracle_handoff": null, "children": 0, "active_guide_id": 1, "guide_alive": false, "active_guide_alive": false, "guided_delivered": 1}
{"progress": "real-map-Guide-m10246-f20246-p1-direct_guide-sitebait1-01762c52", "time": 230.0, "bait_deployed": 0.1, "policy_bait_ready": false, "encounter": 0.1, "oracle_handoff": null, "children": 0, "active_guide_id": 1, "guide_alive": false, "active_guide_alive": false, "guided_delivered": 1}
{"progress": "real-map-Guide-m10246-f20246-p1-direct_guide-sitebait1-01762c52", "time": 240.0, "bait_deployed": 0.1, "policy_bait_ready": false, "encounter": 0.1, "oracle_handoff": null, "children": 0, "active_guide_id": 1, "guide_alive": false, "active_guide_alive": false, "guided_delivered": 1}
{"progress": "real-map-Guide-m10246-f20246-p1-direct_guide-sitebait1-01762c52", "time": 250.0, "bait_deployed": 0.1, "policy_bait_ready": false, "encounter": 0.1, "oracle_handoff": null, "children": 0, "active_guide_id": 1, "guide_alive": false, "active_guide_alive": false, "guided_delivered": 1}
{"progress": "real-map-Guide-m10246-f20246-p1-direct_guide-sitebait1-01762c52", "time": 260.0, "bait_deployed": 0.1, "policy_bait_ready": false, "encounter": 0.1, "oracle_handoff": null, "children": 0, "active_guide_id": 1, "guide_alive": false, "active_guide_alive": false, "guided_delivered": 1}
{"progress": "real-map-Guide-m10246-f20246-p1-direct_guide-sitebait1-01762c52", "time": 270.0, "bait_deployed": 0.1, "policy_bait_ready": false, "encounter": 0.1, "oracle_handoff": null, "children": 0, "active_guide_id": 1, "guide_alive": false, "active_guide_alive": false, "guided_delivered": 1}
{"progress": "real-map-Guide-m10246-f20246-p1-direct_guide-sitebait1-01762c52", "time": 280.0, "bait_deployed": 0.1, "policy_bait_ready": false, "encounter": 0.1, "oracle_handoff": null, "children": 0, "active_guide_id": 1, "guide_alive": false, "active_guide_alive": false, "guided_delivered": 1}
{"progress": "real-map-Guide-m10246-f20246-p1-direct_guide-sitebait1-01762c52", "time": 290.0, "bait_deployed": 0.1, "policy_bait_ready": false, "encounter": 0.1, "oracle_handoff": null, "children": 0, "active_guide_id": 1, "guide_alive": false, "active_guide_alive": false, "guided_delivered": 1}
{"progress": "real-map-Guide-m10246-f20246-p1-direct_guide-sitebait1-01762c52", "time": 300.0, "bait_deployed": 0.1, "policy_bait_ready": false, "encounter": 0.1, "oracle_handoff": null, "children": 0, "active_guide_id": 1, "guide_alive": false, "active_guide_alive": false, "guided_delivered": 1}
{"viewer_manifest_refresh": {"status": "deferred", "reason": "bounded-memory runs defer full-replay viewer processing"}}
{
  "schema": "real-map-intake-result-v2",
  "policy": "integrated_guide.policy_v32_integrated:Guide",
  "policy_hash": "b71c4a0717b9e6573e85cd51b6cde8591b56fa88b1ceaea2e9581a0b95eb875c",
  "harness_hashes": {
    "research/simple_chase/run_streaming_v2.py": "837e02b05d1ba3af71df0949cb30beb18a8b2844f090f8b383c692192c52719a",
    "research/simple_chase/sampling.py": "1efb7d309c4cc79bc87916c1bea72a7845e78d0c2cdf0aeaf9e2a758ceed48ab",
    "research/simple_chase/static_map.py": "197b16cbe9dd2e3dd06b81fe9481986a97bd92d9c2a55f33597cc9b7280faf3c",
    "debugger/streaming_recorder_v2.py": "d5ecda6bb39ec74a9ad86fb20458df5de7f466d73052558af9e2877be3d99b19"
  },
  "mode": "direct_guide",
  "map_seed": 10246,
  "fixture_seed": 20246,
  "static_map_hash": "560de18b5d80f54e0d886b3b51eb0c7217c5938886c10fd29faf079bcc40297e",
  "site": {
    "mouth": [
      1171.1834,
      909.7896
    ],
    "inward": [
      0.0,
      1.0
    ],
    "cross": [
      -1.0,
      0.0
    ],
    "goal": [
      1171.1834,
      914.7896
    ],
    "far": [
      1171.1834,
      784.7896
    ],
    "hold": [
      1171.1834,
      834.7896
    ],
    "gap": 18.8683,
    "overlap": 67.6081,
    "runup": [
      1171.1834,
      659.7896
    ],
    "approach_lane_offset": 0.0,
    "offset_approach": false,
    "obstacle_indices": [
      9,
      24
    ],
    "axis": 0,
    "other_mouth": [
      1171.1834,
      977.3976
    ],
    "replacement_entry": [
      1171.1834,
      997.3976
    ],
    "second_access_clear": true,
    "second_access_radius": 5.01,
    "bait_depth": 5.0,
    "boundary_indices": [],
    "geometric_replacement_access_only": true
  },
  "station_bait": true,
  "requested_seconds": 300.0,
  "seconds": 300.0,
  "reason": "horizon",
  "native_render": true,
  "reproduction_of": null,
  "record_every_ticks": 1,
  "replay_frames": 3001,
  "initial_predators": 1,
  "final_predators_total": 4,
  "tracked_predators_present_final": 1,
  "ambient_predators_spawned": 3,
  "ambient_predators_present_final": 3,
  "agent_energy_refilled": true,
  "predator_state_native": false,
  "predator_dynamics_native_after_setup": true,
  "arranged_adjacent_awake_start": true,
  "bait_id": 0,
  "guide_id": 1,
  "bait_alive": true,
  "guide_alive": false,
  "deaths": [
    {
      "time": 6.0,
      "agent_id": 1,
      "role": "parent_guide"
    }
  ],
  "spawn_requests": [],
  "child_births": [],
  "fruit_consumptions": [
    {
      "time": 4.1,
      "agent_id": 1,
      "x": 1216.106,
      "y": 616.6643
    }
  ],
  "parent_fruit_consumed_before_tracked_encounter": 0,
  "tracked_encounter_times": [
    0.1
  ],
  "conditional_delivery_denominator": true,
  "conditional_delivery_status": "not_applicable",
  "setup_oracle": false,
  "setup_oracle_target": null,
  "setup_oracle_ticks": 0,
  "setup_oracle_routing": null,
  "setup_oracle_route_resets": 0,
  "setup_oracle_policy_reset_before_handoff_act": false,
  "setup_oracle_handoff_time": null,
  "dynamic_action_privilege_ended_at": null,
  "target_switches": [
    {
      "time": 0.1,
      "tracked_predator_slot": 0,
      "target": 1
    },
    {
      "time": 6.0,
      "tracked_predator_slot": 0,
      "target": 0
    },
    {
      "time": 18.8,
      "tracked_predator_slot": 0,
      "target": "resting"
    },
    {
      "time": 22.3,
      "tracked_predator_slot": 0,
      "target": 0
    },
    {
      "time": 31.4,
      "tracked_predator_slot": 0,
      "target": "resting"
    },
    {
      "time": 34.9,
      "tracked_predator_slot": 0,
      "target": 0
    },
    {
      "time": 44.1,
      "tracked_predator_slot": 0,
      "target": "resting"
    },
    {
      "time": 47.6,
      "tracked_predator_slot": 0,
      "target": 0
    },
    {
      "time": 56.8,
      "tracked_predator_slot": 0,
      "target": "resting"
    },
    {
      "time": 60.3,
      "tracked_predator_slot": 0,
      "target": 0
    },
    {
      "time": 69.4,
      "tracked_predator_slot": 0,
      "target": "resting"
    },
    {
      "time": 72.9,
      "tracked_predator_slot": 0,
      "target": 0
    },
    {
      "time": 82.1,
      "tracked_predator_slot": 0,
      "target": "resting"
    },
    {
      "time": 85.6,
      "tracked_predator_slot": 0,
      "target": 0
    },
    {
      "time": 94.8,
      "tracked_predator_slot": 0,
      "target": "resting"
    },
    {
      "time": 98.3,
      "tracked_predator_slot": 0,
      "target": 0
    },
    {
      "time": 107.4,
      "tracked_predator_slot": 0,
      "target": "resting"
    },
    {
      "time": 110.9,
      "tracked_predator_slot": 0,
      "target": 0
    },
    {
      "time": 120.1,
      "tracked_predator_slot": 0,
      "target": "resting"
    },
    {
      "time": 123.6,
      "tracked_predator_slot": 0,
      "target": 0
    },
    {
      "time": 132.7,
      "tracked_predator_slot": 0,
      "target": "resting"
    },
    {
      "time": 136.2,
      "tracked_predator_slot": 0,
      "target": 0
    },
    {
      "time": 145.4,
      "tracked_predator_slot": 0,
      "target": "resting"
    },
    {
      "time": 148.9,
      "tracked_predator_slot": 0,
      "target": 0
    },
    {
      "time": 158.0,
      "tracked_predator_slot": 0,
      "target": "resting"
    },
    {
      "time": 161.5,
      "tracked_predator_slot": 0,
      "target": 0
    },
    {
      "time": 170.7,
      "tracked_predator_slot": 0,
      "target": "resting"
    },
    {
      "time": 174.2,
      "tracked_predator_slot": 0,
      "target": 0
    },
    {
      "time": 183.3,
      "tracked_predator_slot": 0,
      "target": "resting"
    },
    {
      "time": 186.8,
      "tracked_predator_slot": 0,
      "target": 0
    },
    {
      "time": 196.0,
      "tracked_predator_slot": 0,
      "target": "resting"
    },
    {
      "time": 199.5,
      "tracked_predator_slot": 0,
      "target": 0
    },
    {
      "time": 208.6,
      "tracked_predator_slot": 0,
      "target": "resting"
    },
    {
      "time": 212.1,
      "tracked_predator_slot": 0,
      "target": 0
    },
    {
      "time": 221.3,
      "tracked_predator_slot": 0,
      "target": "resting"
    },
    {
      "time": 224.8,
      "tracked_predator_slot": 0,
      "target": 0
    },
    {
      "time": 233.9,
      "tracked_predator_slot": 0,
      "target": "resting"
    },
    {
      "time": 237.4,
      "tracked_predator_slot": 0,
      "target": 0
    },
    {
      "time": 246.6,
      "tracked_predator_slot": 0,
      "target": "resting"
    },
    {
      "time": 250.1,
      "tracked_predator_slot": 0,
      "target": 0
    },
    {
      "time": 259.3,
      "tracked_predator_slot": 0,
      "target": "resting"
    },
    {
      "time": 262.8,
      "tracked_predator_slot": 0,
      "target": 0
    },
    {
      "time": 271.9,
      "tracked_predator_slot": 0,
      "target": "resting"
    },
    {
      "time": 275.4,
      "tracked_predator_slot": 0,
      "target": 0
    },
    {
      "time": 284.5,
      "tracked_predator_slot": 0,
      "target": "resting"
    },
    {
      "time": 288.0,
      "tracked_predator_slot": 0,
      "target": 0
    },
    {
      "time": 297.2,
      "tracked_predator_slot": 0,
      "target": "resting"
    }
  ],
  "guide_role_trace": [
    {
      "time": 0,
      "active_guide_id": 1
    }
  ],
  "guide_follow_trace": [
    {
      "time": 0.1,
      "active_guide_id": 1,
      "tracked_predator_slot": 0
    }
  ],
  "guide_role": "parent",
  "parent_role": "guide",
  "child_role": "gather_evade",
  "active_guide_id_final": 1,
  "active_guide_alive_final": false,
  "guide_role_ids": [
    1
  ],
  "bait_deployed_at": 0.1,
  "policy_bait_ready_final": false,
  "bait_left_after_deployment": null,
  "final_bait_distance_to_goal": 0.0,
  "first_guide_predator_observation": 0.1,
  "first_predator_following_guide": 0.1,
  "first_predator_following_active_guide": 0.1,
  "tracked_seen_by_guide": 1,
  "tracked_followed_active_guide": 1,
  "physical_entered": 1,
  "guided_delivered": 1,
  "physical_losses_after_delivery": 0,
  "target_losses_after_delivery": 0,
  "physical_entry_times": [
    5.9
  ],
  "guided_delivery_times": [
    6.0
  ],
  "loss_times": [
    null
  ],
  "target_loss_times": [
    null
  ],
  "tail_seconds": 30.0,
  "tail_physical_min": 1,
  "tail_contained_min": 1,
  "final_distance_from_mouth": [
    13.8672
  ],
  "max_distance_after_delivery": [
    28.3817
  ],
  "policy_events": [],
  "success": true,
  "replay": "results/simple_chase/replays/real-map-Guide-m10246-f20246-p1-direct_guide-sitebait1-01762c52.json.gz"
}
/home/Ucals/projects/NordicCupAI-wall-funneling/survival-simulator/oscar-trap-research/survival/results/simple_chase/real-map-Guide-m10246-f20246-p1-direct_guide-sitebait1-01762c52.json
