Running as unit: run-p878099-i905294.scope; invocation ID: c442668f47834c50befeb5e94a568864
{"progress": "real-map-Guide-m10243-f20243-p1-direct_guide-sitebait1-9e725238", "time": 10.0, "bait_deployed": 0.1, "policy_bait_ready": false, "encounter": 0.1, "oracle_handoff": null, "children": 0, "active_guide_id": 1, "guide_alive": false, "active_guide_alive": false, "guided_delivered": 1}
{"progress": "real-map-Guide-m10243-f20243-p1-direct_guide-sitebait1-9e725238", "time": 20.0, "bait_deployed": 0.1, "policy_bait_ready": false, "encounter": 0.1, "oracle_handoff": null, "children": 0, "active_guide_id": 1, "guide_alive": false, "active_guide_alive": false, "guided_delivered": 1}
{"progress": "real-map-Guide-m10243-f20243-p1-direct_guide-sitebait1-9e725238", "time": 30.0, "bait_deployed": 0.1, "policy_bait_ready": false, "encounter": 0.1, "oracle_handoff": null, "children": 0, "active_guide_id": 1, "guide_alive": false, "active_guide_alive": false, "guided_delivered": 1}
{"progress": "real-map-Guide-m10243-f20243-p1-direct_guide-sitebait1-9e725238", "time": 40.0, "bait_deployed": 0.1, "policy_bait_ready": false, "encounter": 0.1, "oracle_handoff": null, "children": 0, "active_guide_id": 1, "guide_alive": false, "active_guide_alive": false, "guided_delivered": 1}
{"progress": "real-map-Guide-m10243-f20243-p1-direct_guide-sitebait1-9e725238", "time": 50.0, "bait_deployed": 0.1, "policy_bait_ready": false, "encounter": 0.1, "oracle_handoff": null, "children": 0, "active_guide_id": 1, "guide_alive": false, "active_guide_alive": false, "guided_delivered": 1}
{"progress": "real-map-Guide-m10243-f20243-p1-direct_guide-sitebait1-9e725238", "time": 60.0, "bait_deployed": 0.1, "policy_bait_ready": false, "encounter": 0.1, "oracle_handoff": null, "children": 0, "active_guide_id": 1, "guide_alive": false, "active_guide_alive": false, "guided_delivered": 1}
{"progress": "real-map-Guide-m10243-f20243-p1-direct_guide-sitebait1-9e725238", "time": 70.0, "bait_deployed": 0.1, "policy_bait_ready": false, "encounter": 0.1, "oracle_handoff": null, "children": 0, "active_guide_id": 1, "guide_alive": false, "active_guide_alive": false, "guided_delivered": 1}
{"progress": "real-map-Guide-m10243-f20243-p1-direct_guide-sitebait1-9e725238", "time": 80.0, "bait_deployed": 0.1, "policy_bait_ready": false, "encounter": 0.1, "oracle_handoff": null, "children": 0, "active_guide_id": 1, "guide_alive": false, "active_guide_alive": false, "guided_delivered": 1}
{"progress": "real-map-Guide-m10243-f20243-p1-direct_guide-sitebait1-9e725238", "time": 90.0, "bait_deployed": 0.1, "policy_bait_ready": false, "encounter": 0.1, "oracle_handoff": null, "children": 0, "active_guide_id": 1, "guide_alive": false, "active_guide_alive": false, "guided_delivered": 1}
{"progress": "real-map-Guide-m10243-f20243-p1-direct_guide-sitebait1-9e725238", "time": 100.0, "bait_deployed": 0.1, "policy_bait_ready": false, "encounter": 0.1, "oracle_handoff": null, "children": 0, "active_guide_id": 1, "guide_alive": false, "active_guide_alive": false, "guided_delivered": 1}
{"progress": "real-map-Guide-m10243-f20243-p1-direct_guide-sitebait1-9e725238", "time": 110.0, "bait_deployed": 0.1, "policy_bait_ready": false, "encounter": 0.1, "oracle_handoff": null, "children": 0, "active_guide_id": 1, "guide_alive": false, "active_guide_alive": false, "guided_delivered": 1}
{"progress": "real-map-Guide-m10243-f20243-p1-direct_guide-sitebait1-9e725238", "time": 120.0, "bait_deployed": 0.1, "policy_bait_ready": false, "encounter": 0.1, "oracle_handoff": null, "children": 0, "active_guide_id": 1, "guide_alive": false, "active_guide_alive": false, "guided_delivered": 1}
{"progress": "real-map-Guide-m10243-f20243-p1-direct_guide-sitebait1-9e725238", "time": 130.0, "bait_deployed": 0.1, "policy_bait_ready": false, "encounter": 0.1, "oracle_handoff": null, "children": 0, "active_guide_id": 1, "guide_alive": false, "active_guide_alive": false, "guided_delivered": 1}
{"progress": "real-map-Guide-m10243-f20243-p1-direct_guide-sitebait1-9e725238", "time": 140.0, "bait_deployed": 0.1, "policy_bait_ready": false, "encounter": 0.1, "oracle_handoff": null, "children": 0, "active_guide_id": 1, "guide_alive": false, "active_guide_alive": false, "guided_delivered": 1}
{"progress": "real-map-Guide-m10243-f20243-p1-direct_guide-sitebait1-9e725238", "time": 150.0, "bait_deployed": 0.1, "policy_bait_ready": false, "encounter": 0.1, "oracle_handoff": null, "children": 0, "active_guide_id": 1, "guide_alive": false, "active_guide_alive": false, "guided_delivered": 1}
{"progress": "real-map-Guide-m10243-f20243-p1-direct_guide-sitebait1-9e725238", "time": 160.0, "bait_deployed": 0.1, "policy_bait_ready": false, "encounter": 0.1, "oracle_handoff": null, "children": 0, "active_guide_id": 1, "guide_alive": false, "active_guide_alive": false, "guided_delivered": 1}
{"progress": "real-map-Guide-m10243-f20243-p1-direct_guide-sitebait1-9e725238", "time": 170.0, "bait_deployed": 0.1, "policy_bait_ready": false, "encounter": 0.1, "oracle_handoff": null, "children": 0, "active_guide_id": 1, "guide_alive": false, "active_guide_alive": false, "guided_delivered": 1}
{"progress": "real-map-Guide-m10243-f20243-p1-direct_guide-sitebait1-9e725238", "time": 180.0, "bait_deployed": 0.1, "policy_bait_ready": false, "encounter": 0.1, "oracle_handoff": null, "children": 0, "active_guide_id": 1, "guide_alive": false, "active_guide_alive": false, "guided_delivered": 1}
{"progress": "real-map-Guide-m10243-f20243-p1-direct_guide-sitebait1-9e725238", "time": 190.0, "bait_deployed": 0.1, "policy_bait_ready": false, "encounter": 0.1, "oracle_handoff": null, "children": 0, "active_guide_id": 1, "guide_alive": false, "active_guide_alive": false, "guided_delivered": 1}
{"progress": "real-map-Guide-m10243-f20243-p1-direct_guide-sitebait1-9e725238", "time": 200.0, "bait_deployed": 0.1, "policy_bait_ready": false, "encounter": 0.1, "oracle_handoff": null, "children": 0, "active_guide_id": 1, "guide_alive": false, "active_guide_alive": false, "guided_delivered": 1}
{"progress": "real-map-Guide-m10243-f20243-p1-direct_guide-sitebait1-9e725238", "time": 210.0, "bait_deployed": 0.1, "policy_bait_ready": false, "encounter": 0.1, "oracle_handoff": null, "children": 0, "active_guide_id": 1, "guide_alive": false, "active_guide_alive": false, "guided_delivered": 1}
{"progress": "real-map-Guide-m10243-f20243-p1-direct_guide-sitebait1-9e725238", "time": 220.0, "bait_deployed": 0.1, "policy_bait_ready": false, "encounter": 0.1, "oracle_handoff": null, "children": 0, "active_guide_id": 1, "guide_alive": false, "active_guide_alive": false, "guided_delivered": 1}
{"progress": "real-map-Guide-m10243-f20243-p1-direct_guide-sitebait1-9e725238", "time": 230.0, "bait_deployed": 0.1, "policy_bait_ready": false, "encounter": 0.1, "oracle_handoff": null, "children": 0, "active_guide_id": 1, "guide_alive": false, "active_guide_alive": false, "guided_delivered": 1}
{"progress": "real-map-Guide-m10243-f20243-p1-direct_guide-sitebait1-9e725238", "time": 240.0, "bait_deployed": 0.1, "policy_bait_ready": false, "encounter": 0.1, "oracle_handoff": null, "children": 0, "active_guide_id": 1, "guide_alive": false, "active_guide_alive": false, "guided_delivered": 1}
{"progress": "real-map-Guide-m10243-f20243-p1-direct_guide-sitebait1-9e725238", "time": 250.0, "bait_deployed": 0.1, "policy_bait_ready": false, "encounter": 0.1, "oracle_handoff": null, "children": 0, "active_guide_id": 1, "guide_alive": false, "active_guide_alive": false, "guided_delivered": 1}
{"progress": "real-map-Guide-m10243-f20243-p1-direct_guide-sitebait1-9e725238", "time": 260.0, "bait_deployed": 0.1, "policy_bait_ready": false, "encounter": 0.1, "oracle_handoff": null, "children": 0, "active_guide_id": 1, "guide_alive": false, "active_guide_alive": false, "guided_delivered": 1}
{"progress": "real-map-Guide-m10243-f20243-p1-direct_guide-sitebait1-9e725238", "time": 270.0, "bait_deployed": 0.1, "policy_bait_ready": false, "encounter": 0.1, "oracle_handoff": null, "children": 0, "active_guide_id": 1, "guide_alive": false, "active_guide_alive": false, "guided_delivered": 1}
{"progress": "real-map-Guide-m10243-f20243-p1-direct_guide-sitebait1-9e725238", "time": 280.0, "bait_deployed": 0.1, "policy_bait_ready": false, "encounter": 0.1, "oracle_handoff": null, "children": 0, "active_guide_id": 1, "guide_alive": false, "active_guide_alive": false, "guided_delivered": 1}
{"progress": "real-map-Guide-m10243-f20243-p1-direct_guide-sitebait1-9e725238", "time": 290.0, "bait_deployed": 0.1, "policy_bait_ready": false, "encounter": 0.1, "oracle_handoff": null, "children": 0, "active_guide_id": 1, "guide_alive": false, "active_guide_alive": false, "guided_delivered": 1}
{"progress": "real-map-Guide-m10243-f20243-p1-direct_guide-sitebait1-9e725238", "time": 300.0, "bait_deployed": 0.1, "policy_bait_ready": false, "encounter": 0.1, "oracle_handoff": null, "children": 0, "active_guide_id": 1, "guide_alive": false, "active_guide_alive": false, "guided_delivered": 1}
{"viewer_manifest_refresh": {"status": "deferred", "reason": "bounded-memory runs defer full-replay viewer processing"}}
{
  "schema": "real-map-intake-result-v2",
  "policy": "integrated_guide.policy_v32_integrated:Guide",
  "policy_hash": "b71c4a0717b9e6573e85cd51b6cde8591b56fa88b1ceaea2e9581a0b95eb875c",
  "harness_hashes": {
    "research/simple_chase/run_streaming_v2.py": "837e02b05d1ba3af71df0949cb30beb18a8b2844f090f8b383c692192c52719a",
    "research/simple_chase/sampling.py": "1efb7d309c4cc79bc87916c1bea72a7845e78d0c2cdf0aeaf9e2a758ceed48ab",
    "research/simple_chase/static_map.py": "197b16cbe9dd2e3dd06b81fe9481986a97bd92d9c2a55f33597cc9b7280faf3c",
    "debugger/streaming_recorder_v2.py": "d5ecda6bb39ec74a9ad86fb20458df5de7f466d73052558af9e2877be3d99b19"
  },
  "mode": "direct_guide",
  "map_seed": 10243,
  "fixture_seed": 20243,
  "static_map_hash": "7c9864b4ebaf1922a6f39308816772a13f81b42fe0fdb065e0d1cf9f049ddf30",
  "site": {
    "mouth": [
      1128.1827,
      1163.37
    ],
    "inward": [
      1.0,
      0.0
    ],
    "cross": [
      -0.0,
      1.0
    ],
    "goal": [
      1133.1827,
      1163.37
    ],
    "far": [
      1003.1827,
      1157.37
    ],
    "hold": [
      1053.1827,
      1157.37
    ],
    "gap": 13.2599,
    "overlap": 57.246,
    "runup": [
      968.1827,
      1157.37
    ],
    "approach_lane_offset": -6.0,
    "offset_approach": true,
    "obstacle_indices": [
      59,
      1
    ],
    "axis": 1,
    "other_mouth": [
      1185.4287,
      1163.37
    ],
    "replacement_entry": [
      1205.4287,
      1163.37
    ],
    "second_access_clear": true,
    "second_access_radius": 5.01,
    "bait_depth": 5.0,
    "boundary_indices": [
      1
    ],
    "geometric_replacement_access_only": true
  },
  "station_bait": true,
  "requested_seconds": 300.0,
  "seconds": 300.0,
  "reason": "horizon",
  "native_render": true,
  "reproduction_of": null,
  "record_every_ticks": 1,
  "replay_frames": 3001,
  "initial_predators": 1,
  "final_predators_total": 3,
  "tracked_predators_present_final": 1,
  "ambient_predators_spawned": 2,
  "ambient_predators_present_final": 2,
  "agent_energy_refilled": true,
  "predator_state_native": false,
  "predator_dynamics_native_after_setup": true,
  "arranged_adjacent_awake_start": true,
  "bait_id": 0,
  "guide_id": 1,
  "bait_alive": true,
  "guide_alive": false,
  "deaths": [
    {
      "time": 3.3,
      "agent_id": 1,
      "role": "parent_guide"
    }
  ],
  "spawn_requests": [],
  "child_births": [],
  "fruit_consumptions": [],
  "parent_fruit_consumed_before_tracked_encounter": 0,
  "tracked_encounter_times": [
    0.1
  ],
  "conditional_delivery_denominator": true,
  "conditional_delivery_status": "not_applicable",
  "setup_oracle": false,
  "setup_oracle_target": null,
  "setup_oracle_ticks": 0,
  "setup_oracle_routing": null,
  "setup_oracle_route_resets": 0,
  "setup_oracle_policy_reset_before_handoff_act": false,
  "setup_oracle_handoff_time": null,
  "dynamic_action_privilege_ended_at": null,
  "target_switches": [
    {
      "time": 0.1,
      "tracked_predator_slot": 0,
      "target": 1
    },
    {
      "time": 3.3,
      "tracked_predator_slot": 0,
      "target": 0
    },
    {
      "time": 16.2,
      "tracked_predator_slot": 0,
      "target": "resting"
    },
    {
      "time": 19.7,
      "tracked_predator_slot": 0,
      "target": 0
    },
    {
      "time": 29.0,
      "tracked_predator_slot": 0,
      "target": "resting"
    },
    {
      "time": 32.5,
      "tracked_predator_slot": 0,
      "target": 0
    },
    {
      "time": 41.5,
      "tracked_predator_slot": 0,
      "target": "resting"
    },
    {
      "time": 45.0,
      "tracked_predator_slot": 0,
      "target": 0
    },
    {
      "time": 54.3,
      "tracked_predator_slot": 0,
      "target": "resting"
    },
    {
      "time": 57.8,
      "tracked_predator_slot": 0,
      "target": 0
    },
    {
      "time": 66.8,
      "tracked_predator_slot": 0,
      "target": "resting"
    },
    {
      "time": 70.3,
      "tracked_predator_slot": 0,
      "target": 0
    },
    {
      "time": 79.6,
      "tracked_predator_slot": 0,
      "target": "resting"
    },
    {
      "time": 83.1,
      "tracked_predator_slot": 0,
      "target": 0
    },
    {
      "time": 92.4,
      "tracked_predator_slot": 0,
      "target": "resting"
    },
    {
      "time": 95.9,
      "tracked_predator_slot": 0,
      "target": 0
    },
    {
      "time": 105.2,
      "tracked_predator_slot": 0,
      "target": "resting"
    },
    {
      "time": 108.7,
      "tracked_predator_slot": 0,
      "target": 0
    },
    {
      "time": 117.7,
      "tracked_predator_slot": 0,
      "target": "resting"
    },
    {
      "time": 121.2,
      "tracked_predator_slot": 0,
      "target": 0
    },
    {
      "time": 130.5,
      "tracked_predator_slot": 0,
      "target": "resting"
    },
    {
      "time": 134.0,
      "tracked_predator_slot": 0,
      "target": 0
    },
    {
      "time": 143.3,
      "tracked_predator_slot": 0,
      "target": "resting"
    },
    {
      "time": 146.8,
      "tracked_predator_slot": 0,
      "target": 0
    },
    {
      "time": 156.1,
      "tracked_predator_slot": 0,
      "target": "resting"
    },
    {
      "time": 159.6,
      "tracked_predator_slot": 0,
      "target": 0
    },
    {
      "time": 168.9,
      "tracked_predator_slot": 0,
      "target": "resting"
    },
    {
      "time": 172.4,
      "tracked_predator_slot": 0,
      "target": 0
    },
    {
      "time": 181.7,
      "tracked_predator_slot": 0,
      "target": "resting"
    },
    {
      "time": 185.2,
      "tracked_predator_slot": 0,
      "target": 0
    },
    {
      "time": 194.5,
      "tracked_predator_slot": 0,
      "target": "resting"
    },
    {
      "time": 198.0,
      "tracked_predator_slot": 0,
      "target": 0
    },
    {
      "time": 207.2,
      "tracked_predator_slot": 0,
      "target": "resting"
    },
    {
      "time": 210.7,
      "tracked_predator_slot": 0,
      "target": 0
    },
    {
      "time": 219.7,
      "tracked_predator_slot": 0,
      "target": "resting"
    },
    {
      "time": 223.2,
      "tracked_predator_slot": 0,
      "target": 0
    },
    {
      "time": 232.5,
      "tracked_predator_slot": 0,
      "target": "resting"
    },
    {
      "time": 236.0,
      "tracked_predator_slot": 0,
      "target": 0
    },
    {
      "time": 245.0,
      "tracked_predator_slot": 0,
      "target": "resting"
    },
    {
      "time": 248.5,
      "tracked_predator_slot": 0,
      "target": 0
    },
    {
      "time": 257.5,
      "tracked_predator_slot": 0,
      "target": "resting"
    },
    {
      "time": 261.0,
      "tracked_predator_slot": 0,
      "target": 0
    },
    {
      "time": 270.3,
      "tracked_predator_slot": 0,
      "target": "resting"
    },
    {
      "time": 273.8,
      "tracked_predator_slot": 0,
      "target": 0
    },
    {
      "time": 283.1,
      "tracked_predator_slot": 0,
      "target": "resting"
    },
    {
      "time": 286.6,
      "tracked_predator_slot": 0,
      "target": 0
    },
    {
      "time": 296.0,
      "tracked_predator_slot": 0,
      "target": "resting"
    },
    {
      "time": 299.5,
      "tracked_predator_slot": 0,
      "target": 0
    }
  ],
  "guide_role_trace": [
    {
      "time": 0,
      "active_guide_id": 1
    }
  ],
  "guide_follow_trace": [
    {
      "time": 0.1,
      "active_guide_id": 1,
      "tracked_predator_slot": 0
    }
  ],
  "guide_role": "parent",
  "parent_role": "guide",
  "child_role": "gather_evade",
  "active_guide_id_final": 1,
  "active_guide_alive_final": false,
  "guide_role_ids": [
    1
  ],
  "bait_deployed_at": 0.1,
  "policy_bait_ready_final": false,
  "bait_left_after_deployment": null,
  "final_bait_distance_to_goal": 0.0,
  "first_guide_predator_observation": 0.1,
  "first_predator_following_guide": 0.1,
  "first_predator_following_active_guide": 0.1,
  "tracked_seen_by_guide": 1,
  "tracked_followed_active_guide": 1,
  "physical_entered": 1,
  "guided_delivered": 1,
  "physical_losses_after_delivery": 0,
  "target_losses_after_delivery": 0,
  "physical_entry_times": [
    2.8
  ],
  "guided_delivery_times": [
    3.3
  ],
  "loss_times": [
    null
  ],
  "target_loss_times": [
    null
  ],
  "tail_seconds": 30.0,
  "tail_physical_min": 1,
  "tail_contained_min": 1,
  "final_distance_from_mouth": [
    19.3359
  ],
  "max_distance_after_delivery": [
    25.2322
  ],
  "policy_events": [],
  "success": true,
  "replay": "results/simple_chase/replays/real-map-Guide-m10243-f20243-p1-direct_guide-sitebait1-9e725238.json.gz"
}
/home/Ucals/projects/NordicCupAI-wall-funneling/survival-simulator/oscar-trap-research/survival/results/simple_chase/real-map-Guide-m10243-f20243-p1-direct_guide-sitebait1-9e725238.json
