Running as unit: run-p881347-i883986.scope; invocation ID: ce237d6bd36b4d01930dfe28b5456a4f
{"progress": "real-map-Guide-m10245-f20245-p1-direct_guide-sitebait1-e48ac2b5", "time": 10.0, "bait_deployed": 0.1, "policy_bait_ready": false, "encounter": 0.1, "oracle_handoff": null, "children": 0, "active_guide_id": 1, "guide_alive": true, "active_guide_alive": true, "guided_delivered": 0}
{"progress": "real-map-Guide-m10245-f20245-p1-direct_guide-sitebait1-e48ac2b5", "time": 20.0, "bait_deployed": 0.1, "policy_bait_ready": false, "encounter": 0.1, "oracle_handoff": null, "children": 0, "active_guide_id": 1, "guide_alive": true, "active_guide_alive": true, "guided_delivered": 0}
{"progress": "real-map-Guide-m10245-f20245-p1-direct_guide-sitebait1-e48ac2b5", "time": 30.0, "bait_deployed": 0.1, "policy_bait_ready": false, "encounter": 0.1, "oracle_handoff": null, "children": 0, "active_guide_id": 1, "guide_alive": false, "active_guide_alive": false, "guided_delivered": 1}
{"progress": "real-map-Guide-m10245-f20245-p1-direct_guide-sitebait1-e48ac2b5", "time": 40.0, "bait_deployed": 0.1, "policy_bait_ready": false, "encounter": 0.1, "oracle_handoff": null, "children": 0, "active_guide_id": 1, "guide_alive": false, "active_guide_alive": false, "guided_delivered": 1}
{"progress": "real-map-Guide-m10245-f20245-p1-direct_guide-sitebait1-e48ac2b5", "time": 50.0, "bait_deployed": 0.1, "policy_bait_ready": false, "encounter": 0.1, "oracle_handoff": null, "children": 0, "active_guide_id": 1, "guide_alive": false, "active_guide_alive": false, "guided_delivered": 1}
{"progress": "real-map-Guide-m10245-f20245-p1-direct_guide-sitebait1-e48ac2b5", "time": 60.0, "bait_deployed": 0.1, "policy_bait_ready": false, "encounter": 0.1, "oracle_handoff": null, "children": 0, "active_guide_id": 1, "guide_alive": false, "active_guide_alive": false, "guided_delivered": 1}
{"progress": "real-map-Guide-m10245-f20245-p1-direct_guide-sitebait1-e48ac2b5", "time": 70.0, "bait_deployed": 0.1, "policy_bait_ready": false, "encounter": 0.1, "oracle_handoff": null, "children": 0, "active_guide_id": 1, "guide_alive": false, "active_guide_alive": false, "guided_delivered": 1}
{"progress": "real-map-Guide-m10245-f20245-p1-direct_guide-sitebait1-e48ac2b5", "time": 80.0, "bait_deployed": 0.1, "policy_bait_ready": false, "encounter": 0.1, "oracle_handoff": null, "children": 0, "active_guide_id": 1, "guide_alive": false, "active_guide_alive": false, "guided_delivered": 1}
{"progress": "real-map-Guide-m10245-f20245-p1-direct_guide-sitebait1-e48ac2b5", "time": 90.0, "bait_deployed": 0.1, "policy_bait_ready": false, "encounter": 0.1, "oracle_handoff": null, "children": 0, "active_guide_id": 1, "guide_alive": false, "active_guide_alive": false, "guided_delivered": 1}
{"progress": "real-map-Guide-m10245-f20245-p1-direct_guide-sitebait1-e48ac2b5", "time": 100.0, "bait_deployed": 0.1, "policy_bait_ready": false, "encounter": 0.1, "oracle_handoff": null, "children": 0, "active_guide_id": 1, "guide_alive": false, "active_guide_alive": false, "guided_delivered": 1}
{"progress": "real-map-Guide-m10245-f20245-p1-direct_guide-sitebait1-e48ac2b5", "time": 110.0, "bait_deployed": 0.1, "policy_bait_ready": false, "encounter": 0.1, "oracle_handoff": null, "children": 0, "active_guide_id": 1, "guide_alive": false, "active_guide_alive": false, "guided_delivered": 1}
{"progress": "real-map-Guide-m10245-f20245-p1-direct_guide-sitebait1-e48ac2b5", "time": 120.0, "bait_deployed": 0.1, "policy_bait_ready": false, "encounter": 0.1, "oracle_handoff": null, "children": 0, "active_guide_id": 1, "guide_alive": false, "active_guide_alive": false, "guided_delivered": 1}
{"progress": "real-map-Guide-m10245-f20245-p1-direct_guide-sitebait1-e48ac2b5", "time": 130.0, "bait_deployed": 0.1, "policy_bait_ready": false, "encounter": 0.1, "oracle_handoff": null, "children": 0, "active_guide_id": 1, "guide_alive": false, "active_guide_alive": false, "guided_delivered": 1}
{"progress": "real-map-Guide-m10245-f20245-p1-direct_guide-sitebait1-e48ac2b5", "time": 140.0, "bait_deployed": 0.1, "policy_bait_ready": false, "encounter": 0.1, "oracle_handoff": null, "children": 0, "active_guide_id": 1, "guide_alive": false, "active_guide_alive": false, "guided_delivered": 1}
{"progress": "real-map-Guide-m10245-f20245-p1-direct_guide-sitebait1-e48ac2b5", "time": 150.0, "bait_deployed": 0.1, "policy_bait_ready": false, "encounter": 0.1, "oracle_handoff": null, "children": 0, "active_guide_id": 1, "guide_alive": false, "active_guide_alive": false, "guided_delivered": 1}
{"progress": "real-map-Guide-m10245-f20245-p1-direct_guide-sitebait1-e48ac2b5", "time": 160.0, "bait_deployed": 0.1, "policy_bait_ready": false, "encounter": 0.1, "oracle_handoff": null, "children": 0, "active_guide_id": 1, "guide_alive": false, "active_guide_alive": false, "guided_delivered": 1}
{"progress": "real-map-Guide-m10245-f20245-p1-direct_guide-sitebait1-e48ac2b5", "time": 170.0, "bait_deployed": 0.1, "policy_bait_ready": false, "encounter": 0.1, "oracle_handoff": null, "children": 0, "active_guide_id": 1, "guide_alive": false, "active_guide_alive": false, "guided_delivered": 1}
{"progress": "real-map-Guide-m10245-f20245-p1-direct_guide-sitebait1-e48ac2b5", "time": 180.0, "bait_deployed": 0.1, "policy_bait_ready": false, "encounter": 0.1, "oracle_handoff": null, "children": 0, "active_guide_id": 1, "guide_alive": false, "active_guide_alive": false, "guided_delivered": 1}
{"progress": "real-map-Guide-m10245-f20245-p1-direct_guide-sitebait1-e48ac2b5", "time": 190.0, "bait_deployed": 0.1, "policy_bait_ready": false, "encounter": 0.1, "oracle_handoff": null, "children": 0, "active_guide_id": 1, "guide_alive": false, "active_guide_alive": false, "guided_delivered": 1}
{"progress": "real-map-Guide-m10245-f20245-p1-direct_guide-sitebait1-e48ac2b5", "time": 200.0, "bait_deployed": 0.1, "policy_bait_ready": false, "encounter": 0.1, "oracle_handoff": null, "children": 0, "active_guide_id": 1, "guide_alive": false, "active_guide_alive": false, "guided_delivered": 1}
{"progress": "real-map-Guide-m10245-f20245-p1-direct_guide-sitebait1-e48ac2b5", "time": 210.0, "bait_deployed": 0.1, "policy_bait_ready": false, "encounter": 0.1, "oracle_handoff": null, "children": 0, "active_guide_id": 1, "guide_alive": false, "active_guide_alive": false, "guided_delivered": 1}
{"progress": "real-map-Guide-m10245-f20245-p1-direct_guide-sitebait1-e48ac2b5", "time": 220.0, "bait_deployed": 0.1, "policy_bait_ready": false, "encounter": 0.1, "oracle_handoff": null, "children": 0, "active_guide_id": 1, "guide_alive": false, "active_guide_alive": false, "guided_delivered": 1}
{"progress": "real-map-Guide-m10245-f20245-p1-direct_guide-sitebait1-e48ac2b5", "time": 230.0, "bait_deployed": 0.1, "policy_bait_ready": false, "encounter": 0.1, "oracle_handoff": null, "children": 0, "active_guide_id": 1, "guide_alive": false, "active_guide_alive": false, "guided_delivered": 1}
{"progress": "real-map-Guide-m10245-f20245-p1-direct_guide-sitebait1-e48ac2b5", "time": 240.0, "bait_deployed": 0.1, "policy_bait_ready": false, "encounter": 0.1, "oracle_handoff": null, "children": 0, "active_guide_id": 1, "guide_alive": false, "active_guide_alive": false, "guided_delivered": 1}
{"progress": "real-map-Guide-m10245-f20245-p1-direct_guide-sitebait1-e48ac2b5", "time": 250.0, "bait_deployed": 0.1, "policy_bait_ready": false, "encounter": 0.1, "oracle_handoff": null, "children": 0, "active_guide_id": 1, "guide_alive": false, "active_guide_alive": false, "guided_delivered": 1}
{"progress": "real-map-Guide-m10245-f20245-p1-direct_guide-sitebait1-e48ac2b5", "time": 260.0, "bait_deployed": 0.1, "policy_bait_ready": false, "encounter": 0.1, "oracle_handoff": null, "children": 0, "active_guide_id": 1, "guide_alive": false, "active_guide_alive": false, "guided_delivered": 1}
{"progress": "real-map-Guide-m10245-f20245-p1-direct_guide-sitebait1-e48ac2b5", "time": 270.0, "bait_deployed": 0.1, "policy_bait_ready": false, "encounter": 0.1, "oracle_handoff": null, "children": 0, "active_guide_id": 1, "guide_alive": false, "active_guide_alive": false, "guided_delivered": 1}
{"progress": "real-map-Guide-m10245-f20245-p1-direct_guide-sitebait1-e48ac2b5", "time": 280.0, "bait_deployed": 0.1, "policy_bait_ready": false, "encounter": 0.1, "oracle_handoff": null, "children": 0, "active_guide_id": 1, "guide_alive": false, "active_guide_alive": false, "guided_delivered": 1}
{"progress": "real-map-Guide-m10245-f20245-p1-direct_guide-sitebait1-e48ac2b5", "time": 290.0, "bait_deployed": 0.1, "policy_bait_ready": false, "encounter": 0.1, "oracle_handoff": null, "children": 0, "active_guide_id": 1, "guide_alive": false, "active_guide_alive": false, "guided_delivered": 1}
{"progress": "real-map-Guide-m10245-f20245-p1-direct_guide-sitebait1-e48ac2b5", "time": 300.0, "bait_deployed": 0.1, "policy_bait_ready": false, "encounter": 0.1, "oracle_handoff": null, "children": 0, "active_guide_id": 1, "guide_alive": false, "active_guide_alive": false, "guided_delivered": 1}
{"viewer_manifest_refresh": {"status": "deferred", "reason": "bounded-memory runs defer full-replay viewer processing"}}
{
  "schema": "real-map-intake-result-v2",
  "policy": "integrated_guide.policy_v32_integrated:Guide",
  "policy_hash": "b71c4a0717b9e6573e85cd51b6cde8591b56fa88b1ceaea2e9581a0b95eb875c",
  "harness_hashes": {
    "research/simple_chase/run_streaming_v2.py": "837e02b05d1ba3af71df0949cb30beb18a8b2844f090f8b383c692192c52719a",
    "research/simple_chase/sampling.py": "1efb7d309c4cc79bc87916c1bea72a7845e78d0c2cdf0aeaf9e2a758ceed48ab",
    "research/simple_chase/static_map.py": "197b16cbe9dd2e3dd06b81fe9481986a97bd92d9c2a55f33597cc9b7280faf3c",
    "debugger/streaming_recorder_v2.py": "d5ecda6bb39ec74a9ad86fb20458df5de7f466d73052558af9e2877be3d99b19"
  },
  "mode": "direct_guide",
  "map_seed": 10245,
  "fixture_seed": 20245,
  "static_map_hash": "894d364d46392bcc6faddce24b8da2a8043695090db593238061d2075c74abd2",
  "site": {
    "mouth": [
      982.0846,
      904.714
    ],
    "inward": [
      0.0,
      1.0
    ],
    "cross": [
      -1.0,
      0.0
    ],
    "goal": [
      982.0846,
      909.714
    ],
    "far": [
      982.0846,
      779.714
    ],
    "hold": [
      982.0846,
      829.714
    ],
    "gap": 11.8447,
    "overlap": 38.6639,
    "runup": [
      982.0846,
      654.714
    ],
    "approach_lane_offset": 0.0,
    "offset_approach": false,
    "obstacle_indices": [
      22,
      13
    ],
    "axis": 0,
    "other_mouth": [
      982.0846,
      943.3779
    ],
    "replacement_entry": [
      982.0846,
      963.3779
    ],
    "second_access_clear": true,
    "second_access_radius": 5.01,
    "bait_depth": 5.0,
    "boundary_indices": [],
    "geometric_replacement_access_only": true
  },
  "station_bait": true,
  "requested_seconds": 300.0,
  "seconds": 300.0,
  "reason": "horizon",
  "native_render": true,
  "reproduction_of": null,
  "record_every_ticks": 1,
  "replay_frames": 3001,
  "initial_predators": 1,
  "final_predators_total": 1,
  "tracked_predators_present_final": 1,
  "ambient_predators_spawned": 0,
  "ambient_predators_present_final": 0,
  "agent_energy_refilled": true,
  "predator_state_native": false,
  "predator_dynamics_native_after_setup": true,
  "arranged_adjacent_awake_start": true,
  "bait_id": 0,
  "guide_id": 1,
  "bait_alive": true,
  "guide_alive": false,
  "deaths": [
    {
      "time": 23.4,
      "agent_id": 1,
      "role": "parent_guide"
    }
  ],
  "spawn_requests": [],
  "child_births": [],
  "fruit_consumptions": [
    {
      "time": 19.6,
      "agent_id": 1,
      "x": 921.6258,
      "y": 713.2101
    }
  ],
  "parent_fruit_consumed_before_tracked_encounter": 0,
  "tracked_encounter_times": [
    0.1
  ],
  "conditional_delivery_denominator": true,
  "conditional_delivery_status": "not_applicable",
  "setup_oracle": false,
  "setup_oracle_target": null,
  "setup_oracle_ticks": 0,
  "setup_oracle_routing": null,
  "setup_oracle_route_resets": 0,
  "setup_oracle_policy_reset_before_handoff_act": false,
  "setup_oracle_handoff_time": null,
  "dynamic_action_privilege_ended_at": null,
  "target_switches": [
    {
      "time": 0.1,
      "tracked_predator_slot": 0,
      "target": 1
    },
    {
      "time": 2.0,
      "tracked_predator_slot": 0,
      "target": null
    },
    {
      "time": 2.1,
      "tracked_predator_slot": 0,
      "target": 1
    },
    {
      "time": 2.3,
      "tracked_predator_slot": 0,
      "target": null
    },
    {
      "time": 2.4,
      "tracked_predator_slot": 0,
      "target": 1
    },
    {
      "time": 3.3,
      "tracked_predator_slot": 0,
      "target": null
    },
    {
      "time": 3.4,
      "tracked_predator_slot": 0,
      "target": 1
    },
    {
      "time": 3.5,
      "tracked_predator_slot": 0,
      "target": null
    },
    {
      "time": 3.6,
      "tracked_predator_slot": 0,
      "target": 1
    },
    {
      "time": 3.9,
      "tracked_predator_slot": 0,
      "target": null
    },
    {
      "time": 4.0,
      "tracked_predator_slot": 0,
      "target": 1
    },
    {
      "time": 8.5,
      "tracked_predator_slot": 0,
      "target": null
    },
    {
      "time": 9.5,
      "tracked_predator_slot": 0,
      "target": 1
    },
    {
      "time": 9.9,
      "tracked_predator_slot": 0,
      "target": null
    },
    {
      "time": 10.5,
      "tracked_predator_slot": 0,
      "target": 1
    },
    {
      "time": 10.9,
      "tracked_predator_slot": 0,
      "target": null
    },
    {
      "time": 11.0,
      "tracked_predator_slot": 0,
      "target": 1
    },
    {
      "time": 11.1,
      "tracked_predator_slot": 0,
      "target": null
    },
    {
      "time": 11.2,
      "tracked_predator_slot": 0,
      "target": 1
    },
    {
      "time": 13.2,
      "tracked_predator_slot": 0,
      "target": "resting"
    },
    {
      "time": 16.7,
      "tracked_predator_slot": 0,
      "target": 1
    },
    {
      "time": 23.4,
      "tracked_predator_slot": 0,
      "target": 0
    },
    {
      "time": 36.3,
      "tracked_predator_slot": 0,
      "target": "resting"
    },
    {
      "time": 39.8,
      "tracked_predator_slot": 0,
      "target": 0
    },
    {
      "time": 48.8,
      "tracked_predator_slot": 0,
      "target": "resting"
    },
    {
      "time": 52.3,
      "tracked_predator_slot": 0,
      "target": 0
    },
    {
      "time": 61.6,
      "tracked_predator_slot": 0,
      "target": "resting"
    },
    {
      "time": 65.1,
      "tracked_predator_slot": 0,
      "target": 0
    },
    {
      "time": 74.2,
      "tracked_predator_slot": 0,
      "target": "resting"
    },
    {
      "time": 77.7,
      "tracked_predator_slot": 0,
      "target": 0
    },
    {
      "time": 87.0,
      "tracked_predator_slot": 0,
      "target": "resting"
    },
    {
      "time": 90.5,
      "tracked_predator_slot": 0,
      "target": 0
    },
    {
      "time": 99.5,
      "tracked_predator_slot": 0,
      "target": "resting"
    },
    {
      "time": 103.0,
      "tracked_predator_slot": 0,
      "target": 0
    },
    {
      "time": 112.3,
      "tracked_predator_slot": 0,
      "target": "resting"
    },
    {
      "time": 115.8,
      "tracked_predator_slot": 0,
      "target": 0
    },
    {
      "time": 124.8,
      "tracked_predator_slot": 0,
      "target": "resting"
    },
    {
      "time": 128.3,
      "tracked_predator_slot": 0,
      "target": 0
    },
    {
      "time": 137.6,
      "tracked_predator_slot": 0,
      "target": "resting"
    },
    {
      "time": 141.1,
      "tracked_predator_slot": 0,
      "target": 0
    },
    {
      "time": 150.1,
      "tracked_predator_slot": 0,
      "target": "resting"
    },
    {
      "time": 153.6,
      "tracked_predator_slot": 0,
      "target": 0
    },
    {
      "time": 162.9,
      "tracked_predator_slot": 0,
      "target": "resting"
    },
    {
      "time": 166.4,
      "tracked_predator_slot": 0,
      "target": 0
    },
    {
      "time": 175.4,
      "tracked_predator_slot": 0,
      "target": "resting"
    },
    {
      "time": 178.9,
      "tracked_predator_slot": 0,
      "target": 0
    },
    {
      "time": 187.9,
      "tracked_predator_slot": 0,
      "target": "resting"
    },
    {
      "time": 191.4,
      "tracked_predator_slot": 0,
      "target": 0
    },
    {
      "time": 200.4,
      "tracked_predator_slot": 0,
      "target": "resting"
    },
    {
      "time": 203.9,
      "tracked_predator_slot": 0,
      "target": 0
    },
    {
      "time": 212.9,
      "tracked_predator_slot": 0,
      "target": "resting"
    },
    {
      "time": 216.4,
      "tracked_predator_slot": 0,
      "target": 0
    },
    {
      "time": 225.7,
      "tracked_predator_slot": 0,
      "target": "resting"
    },
    {
      "time": 229.2,
      "tracked_predator_slot": 0,
      "target": 0
    },
    {
      "time": 238.5,
      "tracked_predator_slot": 0,
      "target": "resting"
    },
    {
      "time": 242.0,
      "tracked_predator_slot": 0,
      "target": 0
    },
    {
      "time": 251.0,
      "tracked_predator_slot": 0,
      "target": "resting"
    },
    {
      "time": 254.5,
      "tracked_predator_slot": 0,
      "target": 0
    },
    {
      "time": 263.5,
      "tracked_predator_slot": 0,
      "target": "resting"
    },
    {
      "time": 267.0,
      "tracked_predator_slot": 0,
      "target": 0
    },
    {
      "time": 276.0,
      "tracked_predator_slot": 0,
      "target": "resting"
    },
    {
      "time": 279.5,
      "tracked_predator_slot": 0,
      "target": 0
    },
    {
      "time": 288.8,
      "tracked_predator_slot": 0,
      "target": "resting"
    },
    {
      "time": 292.3,
      "tracked_predator_slot": 0,
      "target": 0
    }
  ],
  "guide_role_trace": [
    {
      "time": 0,
      "active_guide_id": 1
    }
  ],
  "guide_follow_trace": [
    {
      "time": 0.1,
      "active_guide_id": 1,
      "tracked_predator_slot": 0
    }
  ],
  "guide_role": "parent",
  "parent_role": "guide",
  "child_role": "gather_evade",
  "active_guide_id_final": 1,
  "active_guide_alive_final": false,
  "guide_role_ids": [
    1
  ],
  "bait_deployed_at": 0.1,
  "policy_bait_ready_final": false,
  "bait_left_after_deployment": null,
  "final_bait_distance_to_goal": 0.0,
  "first_guide_predator_observation": 0.1,
  "first_predator_following_guide": 0.1,
  "first_predator_following_active_guide": 0.1,
  "tracked_seen_by_guide": 1,
  "tracked_followed_active_guide": 1,
  "physical_entered": 1,
  "guided_delivered": 1,
  "physical_losses_after_delivery": 0,
  "target_losses_after_delivery": 0,
  "physical_entry_times": [
    22.6
  ],
  "guided_delivery_times": [
    23.4
  ],
  "loss_times": [
    null
  ],
  "target_loss_times": [
    null
  ],
  "tail_seconds": 30.0,
  "tail_physical_min": 1,
  "tail_contained_min": 1,
  "final_distance_from_mouth": [
    14.9443
  ],
  "max_distance_after_delivery": [
    25.3138
  ],
  "policy_events": [],
  "success": true,
  "replay": "results/simple_chase/replays/real-map-Guide-m10245-f20245-p1-direct_guide-sitebait1-e48ac2b5.json.gz"
}
/home/Ucals/projects/NordicCupAI-wall-funneling/survival-simulator/oscar-trap-research/survival/results/simple_chase/real-map-Guide-m10245-f20245-p1-direct_guide-sitebait1-e48ac2b5.json
