Running as unit: run-p758801-i736601.scope; invocation ID: 1217d0d741044b579f85ea586c7f8857
{"progress": "real-map-BoundaryGuide-m10000-f9204-p1-direct_guide-sitebait1-c18d1c7b", "time": 10.0, "bait_deployed": 0.1, "policy_bait_ready": false, "encounter": 0.1, "oracle_handoff": null, "children": 0, "active_guide_id": 1, "guide_alive": false, "active_guide_alive": false, "guided_delivered": 0}
{"progress": "real-map-BoundaryGuide-m10000-f9204-p1-direct_guide-sitebait1-c18d1c7b", "time": 20.0, "bait_deployed": 0.1, "policy_bait_ready": false, "encounter": 0.1, "oracle_handoff": null, "children": 0, "active_guide_id": 1, "guide_alive": false, "active_guide_alive": false, "guided_delivered": 0}
{"progress": "real-map-BoundaryGuide-m10000-f9204-p1-direct_guide-sitebait1-c18d1c7b", "time": 30.0, "bait_deployed": 0.1, "policy_bait_ready": false, "encounter": 0.1, "oracle_handoff": null, "children": 0, "active_guide_id": 1, "guide_alive": false, "active_guide_alive": false, "guided_delivered": 0}
{"progress": "real-map-BoundaryGuide-m10000-f9204-p1-direct_guide-sitebait1-c18d1c7b", "time": 40.0, "bait_deployed": 0.1, "policy_bait_ready": false, "encounter": 0.1, "oracle_handoff": null, "children": 0, "active_guide_id": 1, "guide_alive": false, "active_guide_alive": false, "guided_delivered": 0}
{"progress": "real-map-BoundaryGuide-m10000-f9204-p1-direct_guide-sitebait1-c18d1c7b", "time": 50.0, "bait_deployed": 0.1, "policy_bait_ready": false, "encounter": 0.1, "oracle_handoff": null, "children": 0, "active_guide_id": 1, "guide_alive": false, "active_guide_alive": false, "guided_delivered": 0}
{"progress": "real-map-BoundaryGuide-m10000-f9204-p1-direct_guide-sitebait1-c18d1c7b", "time": 60.0, "bait_deployed": 0.1, "policy_bait_ready": false, "encounter": 0.1, "oracle_handoff": null, "children": 0, "active_guide_id": 1, "guide_alive": false, "active_guide_alive": false, "guided_delivered": 0}
{"progress": "real-map-BoundaryGuide-m10000-f9204-p1-direct_guide-sitebait1-c18d1c7b", "time": 70.0, "bait_deployed": 0.1, "policy_bait_ready": false, "encounter": 0.1, "oracle_handoff": null, "children": 0, "active_guide_id": 1, "guide_alive": false, "active_guide_alive": false, "guided_delivered": 0}
{"progress": "real-map-BoundaryGuide-m10000-f9204-p1-direct_guide-sitebait1-c18d1c7b", "time": 80.0, "bait_deployed": 0.1, "policy_bait_ready": false, "encounter": 0.1, "oracle_handoff": null, "children": 0, "active_guide_id": 1, "guide_alive": false, "active_guide_alive": false, "guided_delivered": 0}
{"progress": "real-map-BoundaryGuide-m10000-f9204-p1-direct_guide-sitebait1-c18d1c7b", "time": 90.0, "bait_deployed": 0.1, "policy_bait_ready": false, "encounter": 0.1, "oracle_handoff": null, "children": 0, "active_guide_id": 1, "guide_alive": false, "active_guide_alive": false, "guided_delivered": 0}
{"progress": "real-map-BoundaryGuide-m10000-f9204-p1-direct_guide-sitebait1-c18d1c7b", "time": 100.0, "bait_deployed": 0.1, "policy_bait_ready": false, "encounter": 0.1, "oracle_handoff": null, "children": 0, "active_guide_id": 1, "guide_alive": false, "active_guide_alive": false, "guided_delivered": 0}
{"progress": "real-map-BoundaryGuide-m10000-f9204-p1-direct_guide-sitebait1-c18d1c7b", "time": 110.0, "bait_deployed": 0.1, "policy_bait_ready": false, "encounter": 0.1, "oracle_handoff": null, "children": 0, "active_guide_id": 1, "guide_alive": false, "active_guide_alive": false, "guided_delivered": 0}
{"progress": "real-map-BoundaryGuide-m10000-f9204-p1-direct_guide-sitebait1-c18d1c7b", "time": 120.0, "bait_deployed": 0.1, "policy_bait_ready": false, "encounter": 0.1, "oracle_handoff": null, "children": 0, "active_guide_id": 1, "guide_alive": false, "active_guide_alive": false, "guided_delivered": 0}
{"progress": "real-map-BoundaryGuide-m10000-f9204-p1-direct_guide-sitebait1-c18d1c7b", "time": 130.0, "bait_deployed": 0.1, "policy_bait_ready": false, "encounter": 0.1, "oracle_handoff": null, "children": 0, "active_guide_id": 1, "guide_alive": false, "active_guide_alive": false, "guided_delivered": 0}
{"progress": "real-map-BoundaryGuide-m10000-f9204-p1-direct_guide-sitebait1-c18d1c7b", "time": 140.0, "bait_deployed": 0.1, "policy_bait_ready": false, "encounter": 0.1, "oracle_handoff": null, "children": 0, "active_guide_id": 1, "guide_alive": false, "active_guide_alive": false, "guided_delivered": 0}
{"progress": "real-map-BoundaryGuide-m10000-f9204-p1-direct_guide-sitebait1-c18d1c7b", "time": 150.0, "bait_deployed": 0.1, "policy_bait_ready": false, "encounter": 0.1, "oracle_handoff": null, "children": 0, "active_guide_id": 1, "guide_alive": false, "active_guide_alive": false, "guided_delivered": 0}
{"progress": "real-map-BoundaryGuide-m10000-f9204-p1-direct_guide-sitebait1-c18d1c7b", "time": 160.0, "bait_deployed": 0.1, "policy_bait_ready": false, "encounter": 0.1, "oracle_handoff": null, "children": 0, "active_guide_id": 1, "guide_alive": false, "active_guide_alive": false, "guided_delivered": 0}
{"progress": "real-map-BoundaryGuide-m10000-f9204-p1-direct_guide-sitebait1-c18d1c7b", "time": 170.0, "bait_deployed": 0.1, "policy_bait_ready": false, "encounter": 0.1, "oracle_handoff": null, "children": 0, "active_guide_id": 1, "guide_alive": false, "active_guide_alive": false, "guided_delivered": 0}
{"progress": "real-map-BoundaryGuide-m10000-f9204-p1-direct_guide-sitebait1-c18d1c7b", "time": 180.0, "bait_deployed": 0.1, "policy_bait_ready": false, "encounter": 0.1, "oracle_handoff": null, "children": 0, "active_guide_id": 1, "guide_alive": false, "active_guide_alive": false, "guided_delivered": 0}
{"progress": "real-map-BoundaryGuide-m10000-f9204-p1-direct_guide-sitebait1-c18d1c7b", "time": 190.0, "bait_deployed": 0.1, "policy_bait_ready": false, "encounter": 0.1, "oracle_handoff": null, "children": 0, "active_guide_id": 1, "guide_alive": false, "active_guide_alive": false, "guided_delivered": 0}
{"progress": "real-map-BoundaryGuide-m10000-f9204-p1-direct_guide-sitebait1-c18d1c7b", "time": 200.0, "bait_deployed": 0.1, "policy_bait_ready": false, "encounter": 0.1, "oracle_handoff": null, "children": 0, "active_guide_id": 1, "guide_alive": false, "active_guide_alive": false, "guided_delivered": 0}
{"progress": "real-map-BoundaryGuide-m10000-f9204-p1-direct_guide-sitebait1-c18d1c7b", "time": 210.0, "bait_deployed": 0.1, "policy_bait_ready": false, "encounter": 0.1, "oracle_handoff": null, "children": 0, "active_guide_id": 1, "guide_alive": false, "active_guide_alive": false, "guided_delivered": 0}
{"progress": "real-map-BoundaryGuide-m10000-f9204-p1-direct_guide-sitebait1-c18d1c7b", "time": 220.0, "bait_deployed": 0.1, "policy_bait_ready": false, "encounter": 0.1, "oracle_handoff": null, "children": 0, "active_guide_id": 1, "guide_alive": false, "active_guide_alive": false, "guided_delivered": 0}
{"progress": "real-map-BoundaryGuide-m10000-f9204-p1-direct_guide-sitebait1-c18d1c7b", "time": 230.0, "bait_deployed": 0.1, "policy_bait_ready": false, "encounter": 0.1, "oracle_handoff": null, "children": 0, "active_guide_id": 1, "guide_alive": false, "active_guide_alive": false, "guided_delivered": 0}
{"progress": "real-map-BoundaryGuide-m10000-f9204-p1-direct_guide-sitebait1-c18d1c7b", "time": 240.0, "bait_deployed": 0.1, "policy_bait_ready": false, "encounter": 0.1, "oracle_handoff": null, "children": 0, "active_guide_id": 1, "guide_alive": false, "active_guide_alive": false, "guided_delivered": 0}
{"progress": "real-map-BoundaryGuide-m10000-f9204-p1-direct_guide-sitebait1-c18d1c7b", "time": 250.0, "bait_deployed": 0.1, "policy_bait_ready": false, "encounter": 0.1, "oracle_handoff": null, "children": 0, "active_guide_id": 1, "guide_alive": false, "active_guide_alive": false, "guided_delivered": 0}
{"progress": "real-map-BoundaryGuide-m10000-f9204-p1-direct_guide-sitebait1-c18d1c7b", "time": 260.0, "bait_deployed": 0.1, "policy_bait_ready": false, "encounter": 0.1, "oracle_handoff": null, "children": 0, "active_guide_id": 1, "guide_alive": false, "active_guide_alive": false, "guided_delivered": 0}
{"progress": "real-map-BoundaryGuide-m10000-f9204-p1-direct_guide-sitebait1-c18d1c7b", "time": 270.0, "bait_deployed": 0.1, "policy_bait_ready": false, "encounter": 0.1, "oracle_handoff": null, "children": 0, "active_guide_id": 1, "guide_alive": false, "active_guide_alive": false, "guided_delivered": 0}
{"progress": "real-map-BoundaryGuide-m10000-f9204-p1-direct_guide-sitebait1-c18d1c7b", "time": 280.0, "bait_deployed": 0.1, "policy_bait_ready": false, "encounter": 0.1, "oracle_handoff": null, "children": 0, "active_guide_id": 1, "guide_alive": false, "active_guide_alive": false, "guided_delivered": 0}
{"progress": "real-map-BoundaryGuide-m10000-f9204-p1-direct_guide-sitebait1-c18d1c7b", "time": 290.0, "bait_deployed": 0.1, "policy_bait_ready": false, "encounter": 0.1, "oracle_handoff": null, "children": 0, "active_guide_id": 1, "guide_alive": false, "active_guide_alive": false, "guided_delivered": 0}
{"progress": "real-map-BoundaryGuide-m10000-f9204-p1-direct_guide-sitebait1-c18d1c7b", "time": 300.0, "bait_deployed": 0.1, "policy_bait_ready": false, "encounter": 0.1, "oracle_handoff": null, "children": 0, "active_guide_id": 1, "guide_alive": false, "active_guide_alive": false, "guided_delivered": 0}
{"viewer_manifest_refresh": {"status": "deferred", "reason": "bounded-memory runs defer full-replay viewer processing"}}
{
  "schema": "real-map-intake-result-v2",
  "policy": "simple_chase.policy_v21_boundary:BoundaryGuide",
  "policy_hash": "c7f62f466a23ec038b40c4accd66bc107c002f6d2ea5555c91a7471fc81e3afd",
  "harness_hashes": {
    "research/simple_chase/run_streaming_v2.py": "837e02b05d1ba3af71df0949cb30beb18a8b2844f090f8b383c692192c52719a",
    "research/simple_chase/sampling.py": "1efb7d309c4cc79bc87916c1bea72a7845e78d0c2cdf0aeaf9e2a758ceed48ab",
    "research/simple_chase/static_map.py": "197b16cbe9dd2e3dd06b81fe9481986a97bd92d9c2a55f33597cc9b7280faf3c",
    "debugger/streaming_recorder_v2.py": "d5ecda6bb39ec74a9ad86fb20458df5de7f466d73052558af9e2877be3d99b19"
  },
  "mode": "direct_guide",
  "map_seed": 10000,
  "fixture_seed": 9204,
  "static_map_hash": "f8857bd0455953f88d114ef2f56c9b7dd4c529b077c19c40feadf456769c1485",
  "site": {
    "mouth": [
      195.8581,
      1161.1903
    ],
    "inward": [
      1.0,
      0.0
    ],
    "cross": [
      -0.0,
      1.0
    ],
    "goal": [
      200.8581,
      1161.1903
    ],
    "far": [
      70.8581,
      1157.1903
    ],
    "hold": [
      120.8581,
      1157.1903
    ],
    "gap": 17.6195,
    "overlap": 78.2714,
    "runup": [
      50.8581,
      1157.1903
    ],
    "approach_lane_offset": -4.0,
    "offset_approach": true,
    "obstacle_indices": [
      72,
      1
    ],
    "axis": 1,
    "other_mouth": [
      274.1295,
      1161.1903
    ],
    "replacement_entry": [
      294.1295,
      1161.1903
    ],
    "second_access_clear": true,
    "second_access_radius": 5.01,
    "bait_depth": 5.0,
    "boundary_indices": [
      1
    ],
    "geometric_replacement_access_only": true
  },
  "station_bait": true,
  "requested_seconds": 300.0,
  "seconds": 300.0,
  "reason": "horizon",
  "native_render": true,
  "reproduction_of": null,
  "record_every_ticks": 1,
  "replay_frames": 3001,
  "initial_predators": 1,
  "final_predators_total": 2,
  "tracked_predators_present_final": 1,
  "ambient_predators_spawned": 1,
  "ambient_predators_present_final": 1,
  "agent_energy_refilled": true,
  "predator_state_native": false,
  "predator_dynamics_native_after_setup": true,
  "arranged_adjacent_awake_start": true,
  "bait_id": 0,
  "guide_id": 1,
  "bait_alive": true,
  "guide_alive": false,
  "deaths": [
    {
      "time": 3.3,
      "agent_id": 1,
      "role": "parent_guide"
    }
  ],
  "spawn_requests": [],
  "child_births": [],
  "fruit_consumptions": [],
  "parent_fruit_consumed_before_tracked_encounter": 0,
  "tracked_encounter_times": [
    0.1
  ],
  "conditional_delivery_denominator": true,
  "conditional_delivery_status": "not_applicable",
  "setup_oracle": false,
  "setup_oracle_target": null,
  "setup_oracle_ticks": 0,
  "setup_oracle_routing": null,
  "setup_oracle_route_resets": 0,
  "setup_oracle_policy_reset_before_handoff_act": false,
  "setup_oracle_handoff_time": null,
  "dynamic_action_privilege_ended_at": null,
  "target_switches": [
    {
      "time": 0.1,
      "tracked_predator_slot": 0,
      "target": 1
    },
    {
      "time": 3.3,
      "tracked_predator_slot": 0,
      "target": null
    },
    {
      "time": 39.2,
      "tracked_predator_slot": 0,
      "target": "resting"
    },
    {
      "time": 42.7,
      "tracked_predator_slot": 0,
      "target": null
    },
    {
      "time": 60.7,
      "tracked_predator_slot": 0,
      "target": "resting"
    },
    {
      "time": 64.2,
      "tracked_predator_slot": 0,
      "target": null
    },
    {
      "time": 82.3,
      "tracked_predator_slot": 0,
      "target": "resting"
    },
    {
      "time": 85.8,
      "tracked_predator_slot": 0,
      "target": null
    },
    {
      "time": 103.9,
      "tracked_predator_slot": 0,
      "target": "resting"
    },
    {
      "time": 107.4,
      "tracked_predator_slot": 0,
      "target": null
    },
    {
      "time": 125.5,
      "tracked_predator_slot": 0,
      "target": "resting"
    },
    {
      "time": 129.0,
      "tracked_predator_slot": 0,
      "target": null
    },
    {
      "time": 147.2,
      "tracked_predator_slot": 0,
      "target": "resting"
    },
    {
      "time": 150.7,
      "tracked_predator_slot": 0,
      "target": null
    },
    {
      "time": 168.7,
      "tracked_predator_slot": 0,
      "target": "resting"
    },
    {
      "time": 172.2,
      "tracked_predator_slot": 0,
      "target": null
    },
    {
      "time": 190.4,
      "tracked_predator_slot": 0,
      "target": "resting"
    },
    {
      "time": 193.9,
      "tracked_predator_slot": 0,
      "target": null
    },
    {
      "time": 212.1,
      "tracked_predator_slot": 0,
      "target": "resting"
    },
    {
      "time": 215.6,
      "tracked_predator_slot": 0,
      "target": null
    },
    {
      "time": 233.8,
      "tracked_predator_slot": 0,
      "target": "resting"
    },
    {
      "time": 237.3,
      "tracked_predator_slot": 0,
      "target": null
    },
    {
      "time": 255.4,
      "tracked_predator_slot": 0,
      "target": "resting"
    },
    {
      "time": 258.9,
      "tracked_predator_slot": 0,
      "target": null
    },
    {
      "time": 277.2,
      "tracked_predator_slot": 0,
      "target": "resting"
    },
    {
      "time": 280.7,
      "tracked_predator_slot": 0,
      "target": null
    },
    {
      "time": 298.9,
      "tracked_predator_slot": 0,
      "target": "resting"
    }
  ],
  "guide_role_trace": [
    {
      "time": 0,
      "active_guide_id": 1
    }
  ],
  "guide_follow_trace": [
    {
      "time": 0.1,
      "active_guide_id": 1,
      "tracked_predator_slot": 0
    }
  ],
  "guide_role": "parent",
  "parent_role": "guide",
  "child_role": "gather_evade",
  "active_guide_id_final": 1,
  "active_guide_alive_final": false,
  "guide_role_ids": [
    1
  ],
  "bait_deployed_at": 0.1,
  "policy_bait_ready_final": false,
  "bait_left_after_deployment": null,
  "final_bait_distance_to_goal": 0.0,
  "first_guide_predator_observation": 0.1,
  "first_predator_following_guide": 0.1,
  "first_predator_following_active_guide": 0.1,
  "tracked_seen_by_guide": 1,
  "tracked_followed_active_guide": 1,
  "physical_entered": 0,
  "guided_delivered": 0,
  "physical_losses_after_delivery": 0,
  "target_losses_after_delivery": 0,
  "physical_entry_times": [
    null
  ],
  "guided_delivery_times": [
    null
  ],
  "loss_times": [
    null
  ],
  "target_loss_times": [
    null
  ],
  "tail_seconds": 30.0,
  "tail_physical_min": 0,
  "tail_contained_min": 0,
  "final_distance_from_mouth": [
    638.583
  ],
  "max_distance_after_delivery": [
    0.0
  ],
  "policy_events": [],
  "success": false,
  "replay": "results/simple_chase/replays/real-map-BoundaryGuide-m10000-f9204-p1-direct_guide-sitebait1-c18d1c7b.json.gz"
}
/home/Ucals/projects/NordicCupAI-wall-funneling/survival-simulator/oscar-trap-research/survival/results/simple_chase/real-map-BoundaryGuide-m10000-f9204-p1-direct_guide-sitebait1-c18d1c7b.json
