{"progress": "real-map-LeaderReserves-m10138-f20138-p1-direct_guide-sitebait1-ded791f0", "time": 10.0, "bait_deployed": 0.1, "policy_bait_ready": false, "encounter": 0.1, "oracle_handoff": null, "children": 8, "active_guide_id": 1, "guide_alive": true, "active_guide_alive": true, "guided_delivered": 0}
{"progress": "real-map-LeaderReserves-m10138-f20138-p1-direct_guide-sitebait1-ded791f0", "time": 20.0, "bait_deployed": 0.1, "policy_bait_ready": false, "encounter": 0.1, "oracle_handoff": null, "children": 8, "active_guide_id": 1, "guide_alive": true, "active_guide_alive": true, "guided_delivered": 0}
{"progress": "real-map-LeaderReserves-m10138-f20138-p1-direct_guide-sitebait1-ded791f0", "time": 30.0, "bait_deployed": 0.1, "policy_bait_ready": false, "encounter": 0.1, "oracle_handoff": null, "children": 8, "active_guide_id": 1, "guide_alive": true, "active_guide_alive": true, "guided_delivered": 0}
{"progress": "real-map-LeaderReserves-m10138-f20138-p1-direct_guide-sitebait1-ded791f0", "time": 40.0, "bait_deployed": 0.1, "policy_bait_ready": false, "encounter": 0.1, "oracle_handoff": null, "children": 8, "active_guide_id": 1, "guide_alive": true, "active_guide_alive": true, "guided_delivered": 0}
{"progress": "real-map-LeaderReserves-m10138-f20138-p1-direct_guide-sitebait1-ded791f0", "time": 50.0, "bait_deployed": 0.1, "policy_bait_ready": false, "encounter": 0.1, "oracle_handoff": null, "children": 8, "active_guide_id": 1, "guide_alive": true, "active_guide_alive": true, "guided_delivered": 0}
{"progress": "real-map-LeaderReserves-m10138-f20138-p1-direct_guide-sitebait1-ded791f0", "time": 60.0, "bait_deployed": 0.1, "policy_bait_ready": false, "encounter": 0.1, "oracle_handoff": null, "children": 8, "active_guide_id": 1, "guide_alive": true, "active_guide_alive": true, "guided_delivered": 0}
{"progress": "real-map-LeaderReserves-m10138-f20138-p1-direct_guide-sitebait1-ded791f0", "time": 70.0, "bait_deployed": 0.1, "policy_bait_ready": false, "encounter": 0.1, "oracle_handoff": null, "children": 8, "active_guide_id": 1, "guide_alive": true, "active_guide_alive": true, "guided_delivered": 0}
{"progress": "real-map-LeaderReserves-m10138-f20138-p1-direct_guide-sitebait1-ded791f0", "time": 80.0, "bait_deployed": 0.1, "policy_bait_ready": false, "encounter": 0.1, "oracle_handoff": null, "children": 8, "active_guide_id": 2, "guide_alive": false, "active_guide_alive": true, "guided_delivered": 0}
{"progress": "real-map-LeaderReserves-m10138-f20138-p1-direct_guide-sitebait1-ded791f0", "time": 90.0, "bait_deployed": 0.1, "policy_bait_ready": false, "encounter": 0.1, "oracle_handoff": null, "children": 8, "active_guide_id": 2, "guide_alive": false, "active_guide_alive": true, "guided_delivered": 0}
{"progress": "real-map-LeaderReserves-m10138-f20138-p1-direct_guide-sitebait1-ded791f0", "time": 100.0, "bait_deployed": 0.1, "policy_bait_ready": false, "encounter": 0.1, "oracle_handoff": null, "children": 8, "active_guide_id": 2, "guide_alive": false, "active_guide_alive": true, "guided_delivered": 0}
{"progress": "real-map-LeaderReserves-m10138-f20138-p1-direct_guide-sitebait1-ded791f0", "time": 110.0, "bait_deployed": 0.1, "policy_bait_ready": false, "encounter": 0.1, "oracle_handoff": null, "children": 8, "active_guide_id": 2, "guide_alive": false, "active_guide_alive": true, "guided_delivered": 0}
{"progress": "real-map-LeaderReserves-m10138-f20138-p1-direct_guide-sitebait1-ded791f0", "time": 120.0, "bait_deployed": 0.1, "policy_bait_ready": false, "encounter": 0.1, "oracle_handoff": null, "children": 8, "active_guide_id": 2, "guide_alive": false, "active_guide_alive": true, "guided_delivered": 0}
{"progress": "real-map-LeaderReserves-m10138-f20138-p1-direct_guide-sitebait1-ded791f0", "time": 130.0, "bait_deployed": 0.1, "policy_bait_ready": false, "encounter": 0.1, "oracle_handoff": null, "children": 8, "active_guide_id": 2, "guide_alive": false, "active_guide_alive": true, "guided_delivered": 0}
{"progress": "real-map-LeaderReserves-m10138-f20138-p1-direct_guide-sitebait1-ded791f0", "time": 140.0, "bait_deployed": 0.1, "policy_bait_ready": false, "encounter": 0.1, "oracle_handoff": null, "children": 8, "active_guide_id": 2, "guide_alive": false, "active_guide_alive": true, "guided_delivered": 0}
{"progress": "real-map-LeaderReserves-m10138-f20138-p1-direct_guide-sitebait1-ded791f0", "time": 150.0, "bait_deployed": 0.1, "policy_bait_ready": false, "encounter": 0.1, "oracle_handoff": null, "children": 8, "active_guide_id": 2, "guide_alive": false, "active_guide_alive": true, "guided_delivered": 0}
{"progress": "real-map-LeaderReserves-m10138-f20138-p1-direct_guide-sitebait1-ded791f0", "time": 160.0, "bait_deployed": 0.1, "policy_bait_ready": false, "encounter": 0.1, "oracle_handoff": null, "children": 8, "active_guide_id": 4, "guide_alive": false, "active_guide_alive": true, "guided_delivered": 0}
{"progress": "real-map-LeaderReserves-m10138-f20138-p1-direct_guide-sitebait1-ded791f0", "time": 170.0, "bait_deployed": 0.1, "policy_bait_ready": false, "encounter": 0.1, "oracle_handoff": null, "children": 8, "active_guide_id": 4, "guide_alive": false, "active_guide_alive": true, "guided_delivered": 0}
{"progress": "real-map-LeaderReserves-m10138-f20138-p1-direct_guide-sitebait1-ded791f0", "time": 180.0, "bait_deployed": 0.1, "policy_bait_ready": false, "encounter": 0.1, "oracle_handoff": null, "children": 8, "active_guide_id": 4, "guide_alive": false, "active_guide_alive": true, "guided_delivered": 0}
{"progress": "real-map-LeaderReserves-m10138-f20138-p1-direct_guide-sitebait1-ded791f0", "time": 190.0, "bait_deployed": 0.1, "policy_bait_ready": false, "encounter": 0.1, "oracle_handoff": null, "children": 8, "active_guide_id": 4, "guide_alive": false, "active_guide_alive": true, "guided_delivered": 0}
{"progress": "real-map-LeaderReserves-m10138-f20138-p1-direct_guide-sitebait1-ded791f0", "time": 200.0, "bait_deployed": 0.1, "policy_bait_ready": false, "encounter": 0.1, "oracle_handoff": null, "children": 8, "active_guide_id": 4, "guide_alive": false, "active_guide_alive": true, "guided_delivered": 0}
{"progress": "real-map-LeaderReserves-m10138-f20138-p1-direct_guide-sitebait1-ded791f0", "time": 210.0, "bait_deployed": 0.1, "policy_bait_ready": false, "encounter": 0.1, "oracle_handoff": null, "children": 8, "active_guide_id": 4, "guide_alive": false, "active_guide_alive": true, "guided_delivered": 0}
{"progress": "real-map-LeaderReserves-m10138-f20138-p1-direct_guide-sitebait1-ded791f0", "time": 220.0, "bait_deployed": 0.1, "policy_bait_ready": false, "encounter": 0.1, "oracle_handoff": null, "children": 8, "active_guide_id": 4, "guide_alive": false, "active_guide_alive": true, "guided_delivered": 0}
{"progress": "real-map-LeaderReserves-m10138-f20138-p1-direct_guide-sitebait1-ded791f0", "time": 230.0, "bait_deployed": 0.1, "policy_bait_ready": false, "encounter": 0.1, "oracle_handoff": null, "children": 8, "active_guide_id": 4, "guide_alive": false, "active_guide_alive": true, "guided_delivered": 0}
{"progress": "real-map-LeaderReserves-m10138-f20138-p1-direct_guide-sitebait1-ded791f0", "time": 240.0, "bait_deployed": 0.1, "policy_bait_ready": false, "encounter": 0.1, "oracle_handoff": null, "children": 8, "active_guide_id": 4, "guide_alive": false, "active_guide_alive": true, "guided_delivered": 0}
{"progress": "real-map-LeaderReserves-m10138-f20138-p1-direct_guide-sitebait1-ded791f0", "time": 250.0, "bait_deployed": 0.1, "policy_bait_ready": false, "encounter": 0.1, "oracle_handoff": null, "children": 8, "active_guide_id": 4, "guide_alive": false, "active_guide_alive": true, "guided_delivered": 0}
{"progress": "real-map-LeaderReserves-m10138-f20138-p1-direct_guide-sitebait1-ded791f0", "time": 260.0, "bait_deployed": 0.1, "policy_bait_ready": false, "encounter": 0.1, "oracle_handoff": null, "children": 8, "active_guide_id": 4, "guide_alive": false, "active_guide_alive": true, "guided_delivered": 0}
{"progress": "real-map-LeaderReserves-m10138-f20138-p1-direct_guide-sitebait1-ded791f0", "time": 270.0, "bait_deployed": 0.1, "policy_bait_ready": false, "encounter": 0.1, "oracle_handoff": null, "children": 8, "active_guide_id": 4, "guide_alive": false, "active_guide_alive": true, "guided_delivered": 0}
{"progress": "real-map-LeaderReserves-m10138-f20138-p1-direct_guide-sitebait1-ded791f0", "time": 280.0, "bait_deployed": 0.1, "policy_bait_ready": false, "encounter": 0.1, "oracle_handoff": null, "children": 8, "active_guide_id": 4, "guide_alive": false, "active_guide_alive": true, "guided_delivered": 0}
{"progress": "real-map-LeaderReserves-m10138-f20138-p1-direct_guide-sitebait1-ded791f0", "time": 290.0, "bait_deployed": 0.1, "policy_bait_ready": false, "encounter": 0.1, "oracle_handoff": null, "children": 8, "active_guide_id": 4, "guide_alive": false, "active_guide_alive": true, "guided_delivered": 0}
{"progress": "real-map-LeaderReserves-m10138-f20138-p1-direct_guide-sitebait1-ded791f0", "time": 300.0, "bait_deployed": 0.1, "policy_bait_ready": false, "encounter": 0.1, "oracle_handoff": null, "children": 8, "active_guide_id": 4, "guide_alive": false, "active_guide_alive": true, "guided_delivered": 0}
{"viewer_manifest_refresh": {"status": "deferred", "reason": "bounded-memory runs defer full-replay viewer processing"}}
{
  "schema": "real-map-intake-result-v2",
  "policy": "multi_site.leader_reserves:LeaderReserves",
  "policy_hash": "9f6fddda34011cef982ec219944e1179c4f6f1e1772dc66616a8c11739d2f32f",
  "harness_hashes": {
    "research/simple_chase/run_streaming_v2.py": "837e02b05d1ba3af71df0949cb30beb18a8b2844f090f8b383c692192c52719a",
    "research/simple_chase/sampling.py": "1efb7d309c4cc79bc87916c1bea72a7845e78d0c2cdf0aeaf9e2a758ceed48ab",
    "research/simple_chase/static_map.py": "197b16cbe9dd2e3dd06b81fe9481986a97bd92d9c2a55f33597cc9b7280faf3c",
    "debugger/streaming_recorder_v2.py": "d5ecda6bb39ec74a9ad86fb20458df5de7f466d73052558af9e2877be3d99b19"
  },
  "mode": "direct_guide",
  "map_seed": 10138,
  "fixture_seed": 20138,
  "static_map_hash": "44f3d7e7d1d31906c91c9599be41df40172dba23bc143ea1ab8257cae3e212e1",
  "site": {
    "mouth": [
      572.7432,
      723.6997
    ],
    "inward": [
      -1.0,
      0.0
    ],
    "cross": [
      -0.0,
      -1.0
    ],
    "goal": [
      567.7432,
      723.6997
    ],
    "far": [
      697.7432,
      723.6997
    ],
    "hold": [
      647.7432,
      723.6997
    ],
    "gap": 12.5589,
    "overlap": 85.5955,
    "runup": [
      822.7432,
      723.6997
    ],
    "approach_lane_offset": 0.0,
    "offset_approach": false,
    "obstacle_indices": [
      60,
      13
    ],
    "axis": 1,
    "other_mouth": [
      487.1477,
      723.6997
    ],
    "replacement_entry": [
      467.1477,
      723.6997
    ],
    "second_access_clear": true,
    "second_access_radius": 5.01,
    "bait_depth": 5.0,
    "boundary_indices": [],
    "geometric_replacement_access_only": true
  },
  "station_bait": true,
  "requested_seconds": 300.0,
  "seconds": 300.0,
  "reason": "horizon",
  "native_render": true,
  "reproduction_of": null,
  "record_every_ticks": 1,
  "replay_frames": 3001,
  "initial_predators": 1,
  "final_predators_total": 2,
  "tracked_predators_present_final": 1,
  "ambient_predators_spawned": 1,
  "ambient_predators_present_final": 1,
  "agent_energy_refilled": true,
  "predator_state_native": false,
  "predator_dynamics_native_after_setup": true,
  "arranged_adjacent_awake_start": true,
  "bait_id": 0,
  "guide_id": 1,
  "bait_alive": true,
  "guide_alive": false,
  "deaths": [
    {
      "time": 0.8,
      "agent_id": 8,
      "role": "native_child"
    },
    {
      "time": 1.2,
      "agent_id": 7,
      "role": "native_child"
    },
    {
      "time": 1.3,
      "agent_id": 3,
      "role": "native_child"
    },
    {
      "time": 1.3,
      "agent_id": 5,
      "role": "native_child"
    },
    {
      "time": 71.3,
      "agent_id": 1,
      "role": "parent_guide"
    },
    {
      "time": 151.3,
      "agent_id": 2,
      "role": "native_child"
    }
  ],
  "spawn_requests": [
    {
      "time": 0.1,
      "parent_id": 1
    },
    {
      "time": 0.2,
      "parent_id": 2
    },
    {
      "time": 0.3,
      "parent_id": 2
    },
    {
      "time": 0.4,
      "parent_id": 3
    },
    {
      "time": 0.5,
      "parent_id": 4
    },
    {
      "time": 0.6,
      "parent_id": 5
    },
    {
      "time": 0.7,
      "parent_id": 7
    },
    {
      "time": 0.8,
      "parent_id": 5
    }
  ],
  "child_births": [
    {
      "time": 0.1,
      "child_id": 2,
      "x": 1439.8235,
      "y": 52.3841,
      "requesting_parent_ids": [
        1
      ],
      "native_parent_proximity_spawn": true
    },
    {
      "time": 0.2,
      "child_id": 3,
      "x": 1448.6145,
      "y": 38.3079,
      "requesting_parent_ids": [
        2
      ],
      "native_parent_proximity_spawn": true
    },
    {
      "time": 0.3,
      "child_id": 4,
      "x": 1443.1267,
      "y": 35.3373,
      "requesting_parent_ids": [
        2
      ],
      "native_parent_proximity_spawn": true
    },
    {
      "time": 0.4,
      "child_id": 5,
      "x": 1439.2991,
      "y": 44.5247,
      "requesting_parent_ids": [
        3
      ],
      "native_parent_proximity_spawn": true
    },
    {
      "time": 0.5,
      "child_id": 6,
      "x": 1442.9515,
      "y": 35.2491,
      "requesting_parent_ids": [
        4
      ],
      "native_parent_proximity_spawn": true
    },
    {
      "time": 0.6,
      "child_id": 7,
      "x": 1438.6345,
      "y": 44.4452,
      "requesting_parent_ids": [
        5
      ],
      "native_parent_proximity_spawn": true
    },
    {
      "time": 0.7,
      "child_id": 8,
      "x": 1458.6445,
      "y": 47.3356,
      "requesting_parent_ids": [
        7
      ],
      "native_parent_proximity_spawn": true
    },
    {
      "time": 0.8,
      "child_id": 9,
      "x": 1438.6032,
      "y": 44.4402,
      "requesting_parent_ids": [
        5
      ],
      "native_parent_proximity_spawn": true
    }
  ],
  "fruit_consumptions": [
    {
      "time": 26.2,
      "agent_id": 1,
      "x": 588.9081,
      "y": 898.2855
    },
    {
      "time": 33.6,
      "agent_id": 1,
      "x": 677.3251,
      "y": 852.7578
    },
    {
      "time": 42.2,
      "agent_id": 1,
      "x": 435.4207,
      "y": 247.2412
    },
    {
      "time": 57.5,
      "agent_id": 1,
      "x": 636.834,
      "y": 619.8159
    },
    {
      "time": 58.4,
      "agent_id": 1,
      "x": 703.1403,
      "y": 666.0206
    },
    {
      "time": 58.6,
      "agent_id": 1,
      "x": 712.0377,
      "y": 696.7028
    },
    {
      "time": 59.3,
      "agent_id": 1,
      "x": 764.9365,
      "y": 741.4831
    },
    {
      "time": 60.3,
      "agent_id": 1,
      "x": 820.1827,
      "y": 828.545
    },
    {
      "time": 66.5,
      "agent_id": 1,
      "x": 965.158,
      "y": 790.2875
    },
    {
      "time": 66.9,
      "agent_id": 1,
      "x": 967.5818,
      "y": 722.1111
    },
    {
      "time": 67.0,
      "agent_id": 1,
      "x": 979.5071,
      "y": 718.2449
    },
    {
      "time": 67.7,
      "agent_id": 1,
      "x": 991.6386,
      "y": 748.0112
    },
    {
      "time": 82.4,
      "agent_id": 2,
      "x": 602.5302,
      "y": 444.2144
    },
    {
      "time": 84.8,
      "agent_id": 2,
      "x": 1186.512,
      "y": 439.6651
    },
    {
      "time": 87.5,
      "agent_id": 2,
      "x": 1004.7437,
      "y": 694.9872
    },
    {
      "time": 87.7,
      "agent_id": 2,
      "x": 962.4292,
      "y": 642.8304
    },
    {
      "time": 89.1,
      "agent_id": 2,
      "x": 587.7371,
      "y": 590.5564
    },
    {
      "time": 91.0,
      "agent_id": 2,
      "x": 183.7234,
      "y": 650.8135
    },
    {
      "time": 94.2,
      "agent_id": 2,
      "x": 722.9061,
      "y": 749.9993
    },
    {
      "time": 94.8,
      "agent_id": 2,
      "x": 886.9271,
      "y": 746.4421
    },
    {
      "time": 96.2,
      "agent_id": 2,
      "x": 1296.7875,
      "y": 703.7427
    },
    {
      "time": 96.3,
      "agent_id": 2,
      "x": 1320.4599,
      "y": 716.8541
    },
    {
      "time": 97.0,
      "agent_id": 2,
      "x": 1386.1492,
      "y": 895.3954
    },
    {
      "time": 97.2,
      "agent_id": 2,
      "x": 1317.0387,
      "y": 904.9179
    },
    {
      "time": 97.2,
      "agent_id": 2,
      "x": 1321.9405,
      "y": 890.4623
    },
    {
      "time": 97.2,
      "agent_id": 2,
      "x": 1309.8015,
      "y": 899.2274
    },
    {
      "time": 97.5,
      "agent_id": 2,
      "x": 1240.4964,
      "y": 891.8413
    },
    {
      "time": 97.9,
      "agent_id": 2,
      "x": 1108.9619,
      "y": 895.4669
    },
    {
      "time": 98.9,
      "agent_id": 2,
      "x": 809.0473,
      "y": 899.9668
    },
    {
      "time": 99.5,
      "agent_id": 2,
      "x": 646.5934,
      "y": 905.9243
    },
    {
      "time": 102.3,
      "agent_id": 2,
      "x": 250.361,
      "y": 1059.4319
    },
    {
      "time": 102.5,
      "agent_id": 2,
      "x": 307.5258,
      "y": 1076.8742
    },
    {
      "time": 103.2,
      "agent_id": 2,
      "x": 519.6535,
      "y": 1080.2998
    },
    {
      "time": 103.5,
      "agent_id": 2,
      "x": 607.3773,
      "y": 1050.8627
    },
    {
      "time": 103.9,
      "agent_id": 2,
      "x": 722.1872,
      "y": 1064.0129
    },
    {
      "time": 104.2,
      "agent_id": 2,
      "x": 688.3277,
      "y": 969.9233
    },
    {
      "time": 109.8,
      "agent_id": 2,
      "x": 653.0975,
      "y": 794.8278
    },
    {
      "time": 110.3,
      "agent_id": 2,
      "x": 696.8042,
      "y": 781.9934
    },
    {
      "time": 110.4,
      "agent_id": 2,
      "x": 713.127,
      "y": 768.7794
    },
    {
      "time": 266.7,
      "agent_id": 0,
      "x": 568.5407,
      "y": 720.4686
    }
  ],
  "parent_fruit_consumed_before_tracked_encounter": 0,
  "tracked_encounter_times": [
    0.1
  ],
  "conditional_delivery_denominator": true,
  "conditional_delivery_status": "not_applicable",
  "setup_oracle": false,
  "setup_oracle_target": null,
  "setup_oracle_ticks": 0,
  "setup_oracle_routing": null,
  "setup_oracle_route_resets": 0,
  "setup_oracle_policy_reset_before_handoff_act": false,
  "setup_oracle_handoff_time": null,
  "dynamic_action_privilege_ended_at": null,
  "target_switches": [
    {
      "time": 0.1,
      "tracked_predator_slot": 0,
      "target": 1
    },
    {
      "time": 0.3,
      "tracked_predator_slot": 0,
      "target": 3
    },
    {
      "time": 0.4,
      "tracked_predator_slot": 0,
      "target": 1
    },
    {
      "time": 0.9,
      "tracked_predator_slot": 0,
      "target": 3
    },
    {
      "time": 1.0,
      "tracked_predator_slot": 0,
      "target": 1
    },
    {
      "time": 1.1,
      "tracked_predator_slot": 0,
      "target": 7
    },
    {
      "time": 1.2,
      "tracked_predator_slot": 0,
      "target": 3
    },
    {
      "time": 1.3,
      "tracked_predator_slot": 0,
      "target": 6
    },
    {
      "time": 1.4,
      "tracked_predator_slot": 0,
      "target": 2
    },
    {
      "time": 1.5,
      "tracked_predator_slot": 0,
      "target": 1
    },
    {
      "time": 14.4,
      "tracked_predator_slot": 0,
      "target": "resting"
    },
    {
      "time": 17.9,
      "tracked_predator_slot": 0,
      "target": 1
    },
    {
      "time": 18.2,
      "tracked_predator_slot": 0,
      "target": null
    },
    {
      "time": 19.0,
      "tracked_predator_slot": 0,
      "target": 1
    },
    {
      "time": 19.1,
      "tracked_predator_slot": 0,
      "target": null
    },
    {
      "time": 19.2,
      "tracked_predator_slot": 0,
      "target": 1
    },
    {
      "time": 19.3,
      "tracked_predator_slot": 0,
      "target": null
    },
    {
      "time": 32.1,
      "tracked_predator_slot": 0,
      "target": "resting"
    },
    {
      "time": 35.6,
      "tracked_predator_slot": 0,
      "target": null
    },
    {
      "time": 38.0,
      "tracked_predator_slot": 0,
      "target": 1
    },
    {
      "time": 38.1,
      "tracked_predator_slot": 0,
      "target": null
    },
    {
      "time": 38.6,
      "tracked_predator_slot": 0,
      "target": 1
    },
    {
      "time": 38.7,
      "tracked_predator_slot": 0,
      "target": null
    },
    {
      "time": 39.5,
      "tracked_predator_slot": 0,
      "target": 1
    },
    {
      "time": 39.6,
      "tracked_predator_slot": 0,
      "target": null
    },
    {
      "time": 40.0,
      "tracked_predator_slot": 0,
      "target": 1
    },
    {
      "time": 40.1,
      "tracked_predator_slot": 0,
      "target": null
    },
    {
      "time": 40.3,
      "tracked_predator_slot": 0,
      "target": 1
    },
    {
      "time": 40.4,
      "tracked_predator_slot": 0,
      "target": null
    },
    {
      "time": 40.5,
      "tracked_predator_slot": 0,
      "target": 1
    },
    {
      "time": 40.6,
      "tracked_predator_slot": 0,
      "target": null
    },
    {
      "time": 40.8,
      "tracked_predator_slot": 0,
      "target": 1
    },
    {
      "time": 42.8,
      "tracked_predator_slot": 0,
      "target": null
    },
    {
      "time": 43.0,
      "tracked_predator_slot": 0,
      "target": 1
    },
    {
      "time": 43.2,
      "tracked_predator_slot": 0,
      "target": null
    },
    {
      "time": 43.6,
      "tracked_predator_slot": 0,
      "target": 1
    },
    {
      "time": 43.8,
      "tracked_predator_slot": 0,
      "target": null
    },
    {
      "time": 44.9,
      "tracked_predator_slot": 0,
      "target": 1
    },
    {
      "time": 45.1,
      "tracked_predator_slot": 0,
      "target": null
    },
    {
      "time": 45.2,
      "tracked_predator_slot": 0,
      "target": 1
    },
    {
      "time": 45.4,
      "tracked_predator_slot": 0,
      "target": null
    },
    {
      "time": 45.5,
      "tracked_predator_slot": 0,
      "target": 1
    },
    {
      "time": 45.6,
      "tracked_predator_slot": 0,
      "target": null
    },
    {
      "time": 46.0,
      "tracked_predator_slot": 0,
      "target": 1
    },
    {
      "time": 47.9,
      "tracked_predator_slot": 0,
      "target": "resting"
    },
    {
      "time": 51.4,
      "tracked_predator_slot": 0,
      "target": 1
    },
    {
      "time": 51.5,
      "tracked_predator_slot": 0,
      "target": null
    },
    {
      "time": 51.6,
      "tracked_predator_slot": 0,
      "target": 1
    },
    {
      "time": 51.9,
      "tracked_predator_slot": 0,
      "target": null
    },
    {
      "time": 52.0,
      "tracked_predator_slot": 0,
      "target": 1
    },
    {
      "time": 52.6,
      "tracked_predator_slot": 0,
      "target": null
    },
    {
      "time": 53.2,
      "tracked_predator_slot": 0,
      "target": 1
    },
    {
      "time": 54.4,
      "tracked_predator_slot": 0,
      "target": null
    },
    {
      "time": 61.1,
      "tracked_predator_slot": 0,
      "target": "resting"
    },
    {
      "time": 64.6,
      "tracked_predator_slot": 0,
      "target": 1
    },
    {
      "time": 64.7,
      "tracked_predator_slot": 0,
      "target": null
    },
    {
      "time": 64.9,
      "tracked_predator_slot": 0,
      "target": 1
    },
    {
      "time": 65.0,
      "tracked_predator_slot": 0,
      "target": null
    },
    {
      "time": 65.1,
      "tracked_predator_slot": 0,
      "target": 1
    },
    {
      "time": 65.2,
      "tracked_predator_slot": 0,
      "target": null
    },
    {
      "time": 65.6,
      "tracked_predator_slot": 0,
      "target": 1
    },
    {
      "time": 65.7,
      "tracked_predator_slot": 0,
      "target": null
    },
    {
      "time": 65.8,
      "tracked_predator_slot": 0,
      "target": 1
    },
    {
      "time": 67.5,
      "tracked_predator_slot": 0,
      "target": null
    },
    {
      "time": 67.6,
      "tracked_predator_slot": 0,
      "target": 1
    },
    {
      "time": 67.8,
      "tracked_predator_slot": 0,
      "target": null
    },
    {
      "time": 67.9,
      "tracked_predator_slot": 0,
      "target": 1
    },
    {
      "time": 71.3,
      "tracked_predator_slot": 0,
      "target": 0
    },
    {
      "time": 84.1,
      "tracked_predator_slot": 0,
      "target": "resting"
    },
    {
      "time": 87.6,
      "tracked_predator_slot": 0,
      "target": 0
    },
    {
      "time": 96.7,
      "tracked_predator_slot": 0,
      "target": "resting"
    },
    {
      "time": 100.2,
      "tracked_predator_slot": 0,
      "target": 0
    },
    {
      "time": 109.4,
      "tracked_predator_slot": 0,
      "target": "resting"
    },
    {
      "time": 112.9,
      "tracked_predator_slot": 0,
      "target": 0
    },
    {
      "time": 122.1,
      "tracked_predator_slot": 0,
      "target": "resting"
    },
    {
      "time": 125.6,
      "tracked_predator_slot": 0,
      "target": 0
    },
    {
      "time": 134.8,
      "tracked_predator_slot": 0,
      "target": "resting"
    },
    {
      "time": 138.3,
      "tracked_predator_slot": 0,
      "target": 0
    },
    {
      "time": 147.5,
      "tracked_predator_slot": 0,
      "target": "resting"
    },
    {
      "time": 151.0,
      "tracked_predator_slot": 0,
      "target": 0
    },
    {
      "time": 160.1,
      "tracked_predator_slot": 0,
      "target": "resting"
    },
    {
      "time": 163.6,
      "tracked_predator_slot": 0,
      "target": 0
    },
    {
      "time": 172.8,
      "tracked_predator_slot": 0,
      "target": "resting"
    },
    {
      "time": 176.3,
      "tracked_predator_slot": 0,
      "target": 0
    },
    {
      "time": 185.5,
      "tracked_predator_slot": 0,
      "target": "resting"
    },
    {
      "time": 189.0,
      "tracked_predator_slot": 0,
      "target": 0
    },
    {
      "time": 198.2,
      "tracked_predator_slot": 0,
      "target": "resting"
    },
    {
      "time": 201.7,
      "tracked_predator_slot": 0,
      "target": 0
    },
    {
      "time": 210.8,
      "tracked_predator_slot": 0,
      "target": "resting"
    },
    {
      "time": 214.3,
      "tracked_predator_slot": 0,
      "target": 0
    },
    {
      "time": 223.5,
      "tracked_predator_slot": 0,
      "target": "resting"
    },
    {
      "time": 227.0,
      "tracked_predator_slot": 0,
      "target": 0
    },
    {
      "time": 236.2,
      "tracked_predator_slot": 0,
      "target": "resting"
    },
    {
      "time": 239.7,
      "tracked_predator_slot": 0,
      "target": 0
    },
    {
      "time": 248.8,
      "tracked_predator_slot": 0,
      "target": "resting"
    },
    {
      "time": 252.3,
      "tracked_predator_slot": 0,
      "target": 0
    },
    {
      "time": 261.2,
      "tracked_predator_slot": 0,
      "target": "resting"
    },
    {
      "time": 264.7,
      "tracked_predator_slot": 0,
      "target": 0
    },
    {
      "time": 273.9,
      "tracked_predator_slot": 0,
      "target": "resting"
    },
    {
      "time": 277.4,
      "tracked_predator_slot": 0,
      "target": 0
    },
    {
      "time": 286.6,
      "tracked_predator_slot": 0,
      "target": "resting"
    },
    {
      "time": 290.1,
      "tracked_predator_slot": 0,
      "target": 0
    },
    {
      "time": 299.2,
      "tracked_predator_slot": 0,
      "target": "resting"
    }
  ],
  "guide_role_trace": [
    {
      "time": 0,
      "active_guide_id": 1
    },
    {
      "time": 2.3,
      "active_guide_id": 2
    },
    {
      "time": 2.6,
      "active_guide_id": 1
    },
    {
      "time": 71.3,
      "active_guide_id": 2
    },
    {
      "time": 151.3,
      "active_guide_id": 4
    }
  ],
  "guide_follow_trace": [
    {
      "time": 0.1,
      "active_guide_id": 1,
      "tracked_predator_slot": 0
    },
    {
      "time": 2.7,
      "active_guide_id": 1,
      "tracked_predator_slot": 0
    }
  ],
  "guide_role": "child",
  "parent_role": "gather_evade",
  "child_role": "guide",
  "active_guide_id_final": 4,
  "active_guide_alive_final": true,
  "guide_role_ids": [
    1,
    2,
    3,
    4,
    5,
    6,
    7,
    9
  ],
  "bait_deployed_at": 0.1,
  "policy_bait_ready_final": false,
  "bait_left_after_deployment": null,
  "final_bait_distance_to_goal": 0.0,
  "first_guide_predator_observation": 0.1,
  "first_predator_following_guide": 0.1,
  "first_predator_following_active_guide": null,
  "tracked_seen_by_guide": 1,
  "tracked_followed_active_guide": 0,
  "physical_entered": 1,
  "guided_delivered": 0,
  "physical_losses_after_delivery": 0,
  "target_losses_after_delivery": 0,
  "physical_entry_times": [
    71.4
  ],
  "guided_delivery_times": [
    null
  ],
  "loss_times": [
    null
  ],
  "target_loss_times": [
    null
  ],
  "tail_seconds": 30.0,
  "tail_physical_min": 1,
  "tail_contained_min": 1,
  "final_distance_from_mouth": [
    12.2857
  ],
  "max_distance_after_delivery": [
    0.0
  ],
  "policy_events": [
    {
      "time": 0.1,
      "kind": "bounded_leader_reserve_birth",
      "parent_id": 1,
      "request_number": 1,
      "observed_distance": 55.0
    },
    {
      "time": 0.2,
      "kind": "native_leader_reserve_registered",
      "agent_id": 2
    },
    {
      "time": 0.2,
      "kind": "bounded_leader_reserve_birth",
      "parent_id": 2,
      "request_number": 2,
      "observed_distance": 48.5123
    },
    {
      "time": 0.3,
      "kind": "native_leader_reserve_registered",
      "agent_id": 3
    },
    {
      "time": 0.3,
      "kind": "bounded_leader_reserve_birth",
      "parent_id": 2,
      "request_number": 3,
      "observed_distance": 47.799
    },
    {
      "time": 0.4,
      "kind": "native_leader_reserve_registered",
      "agent_id": 4
    },
    {
      "time": 0.4,
      "kind": "bounded_leader_reserve_birth",
      "parent_id": 3,
      "request_number": 4,
      "observed_distance": 46.5285
    },
    {
      "time": 0.5,
      "kind": "native_leader_reserve_registered",
      "agent_id": 5
    },
    {
      "time": 0.5,
      "kind": "bounded_leader_reserve_birth",
      "parent_id": 4,
      "request_number": 5,
      "observed_distance": 39.0463
    },
    {
      "time": 0.6,
      "kind": "native_leader_reserve_registered",
      "agent_id": 6
    },
    {
      "time": 0.6,
      "kind": "bounded_leader_reserve_birth",
      "parent_id": 5,
      "request_number": 6,
      "observed_distance": 38.1062
    },
    {
      "time": 0.7,
      "kind": "native_leader_reserve_registered",
      "agent_id": 7
    },
    {
      "time": 0.7,
      "kind": "bounded_leader_reserve_birth",
      "parent_id": 7,
      "request_number": 7,
      "observed_distance": 30.345
    },
    {
      "time": 0.8,
      "kind": "bounded_leader_reserve_birth",
      "parent_id": 5,
      "request_number": 8,
      "observed_distance": 31.5999
    },
    {
      "time": 0.9,
      "kind": "native_leader_reserve_registered",
      "agent_id": 9
    },
    {
      "time": 2.3,
      "kind": "dto_closest_informed_leader_elected",
      "agent_id": 2,
      "previous_agent_id": 1
    },
    {
      "time": 2.6,
      "kind": "dto_closest_informed_leader_elected",
      "agent_id": 1,
      "previous_agent_id": 2
    },
    {
      "time": 71.3,
      "kind": "dto_closest_informed_leader_elected",
      "agent_id": 2,
      "previous_agent_id": 1
    },
    {
      "time": 151.3,
      "kind": "dto_closest_informed_leader_elected",
      "agent_id": 4,
      "previous_agent_id": 2
    }
  ],
  "success": false,
  "replay": "results/simple_chase/replays/real-map-LeaderReserves-m10138-f20138-p1-direct_guide-sitebait1-ded791f0.json.gz"
}
/home/Ucals/projects/NordicCupAI-wall-funneling/survival-simulator/oscar-trap-research/survival/results/simple_chase/real-map-LeaderReserves-m10138-f20138-p1-direct_guide-sitebait1-ded791f0.json
