{"progress": "real-map-LeaderReserves-m10224-f20224-p1-direct_guide-sitebait1-fbf64ae9", "time": 10.0, "bait_deployed": 0.1, "policy_bait_ready": false, "encounter": 0.1, "oracle_handoff": null, "children": 8, "active_guide_id": 4, "guide_alive": true, "active_guide_alive": true, "guided_delivered": 0}
{"progress": "real-map-LeaderReserves-m10224-f20224-p1-direct_guide-sitebait1-fbf64ae9", "time": 20.0, "bait_deployed": 0.1, "policy_bait_ready": false, "encounter": 0.1, "oracle_handoff": null, "children": 8, "active_guide_id": 4, "guide_alive": true, "active_guide_alive": true, "guided_delivered": 0}
{"progress": "real-map-LeaderReserves-m10224-f20224-p1-direct_guide-sitebait1-fbf64ae9", "time": 30.0, "bait_deployed": 0.1, "policy_bait_ready": false, "encounter": 0.1, "oracle_handoff": null, "children": 8, "active_guide_id": 1, "guide_alive": true, "active_guide_alive": true, "guided_delivered": 0}
{"progress": "real-map-LeaderReserves-m10224-f20224-p1-direct_guide-sitebait1-fbf64ae9", "time": 40.0, "bait_deployed": 0.1, "policy_bait_ready": false, "encounter": 0.1, "oracle_handoff": null, "children": 8, "active_guide_id": 1, "guide_alive": true, "active_guide_alive": true, "guided_delivered": 0}
{"progress": "real-map-LeaderReserves-m10224-f20224-p1-direct_guide-sitebait1-fbf64ae9", "time": 50.0, "bait_deployed": 0.1, "policy_bait_ready": false, "encounter": 0.1, "oracle_handoff": null, "children": 8, "active_guide_id": 1, "guide_alive": true, "active_guide_alive": true, "guided_delivered": 0}
{"progress": "real-map-LeaderReserves-m10224-f20224-p1-direct_guide-sitebait1-fbf64ae9", "time": 60.0, "bait_deployed": 0.1, "policy_bait_ready": false, "encounter": 0.1, "oracle_handoff": null, "children": 8, "active_guide_id": 1, "guide_alive": true, "active_guide_alive": true, "guided_delivered": 0}
{"progress": "real-map-LeaderReserves-m10224-f20224-p1-direct_guide-sitebait1-fbf64ae9", "time": 70.0, "bait_deployed": 0.1, "policy_bait_ready": false, "encounter": 0.1, "oracle_handoff": null, "children": 8, "active_guide_id": 1, "guide_alive": true, "active_guide_alive": true, "guided_delivered": 0}
{"progress": "real-map-LeaderReserves-m10224-f20224-p1-direct_guide-sitebait1-fbf64ae9", "time": 80.0, "bait_deployed": 0.1, "policy_bait_ready": false, "encounter": 0.1, "oracle_handoff": null, "children": 8, "active_guide_id": 1, "guide_alive": true, "active_guide_alive": true, "guided_delivered": 0}
{"progress": "real-map-LeaderReserves-m10224-f20224-p1-direct_guide-sitebait1-fbf64ae9", "time": 90.0, "bait_deployed": 0.1, "policy_bait_ready": false, "encounter": 0.1, "oracle_handoff": null, "children": 8, "active_guide_id": 1, "guide_alive": true, "active_guide_alive": true, "guided_delivered": 0}
{"progress": "real-map-LeaderReserves-m10224-f20224-p1-direct_guide-sitebait1-fbf64ae9", "time": 100.0, "bait_deployed": 0.1, "policy_bait_ready": false, "encounter": 0.1, "oracle_handoff": null, "children": 8, "active_guide_id": 1, "guide_alive": true, "active_guide_alive": true, "guided_delivered": 0}
{"progress": "real-map-LeaderReserves-m10224-f20224-p1-direct_guide-sitebait1-fbf64ae9", "time": 110.0, "bait_deployed": 0.1, "policy_bait_ready": false, "encounter": 0.1, "oracle_handoff": null, "children": 8, "active_guide_id": 1, "guide_alive": true, "active_guide_alive": true, "guided_delivered": 0}
{"progress": "real-map-LeaderReserves-m10224-f20224-p1-direct_guide-sitebait1-fbf64ae9", "time": 120.0, "bait_deployed": 0.1, "policy_bait_ready": false, "encounter": 0.1, "oracle_handoff": null, "children": 8, "active_guide_id": 1, "guide_alive": true, "active_guide_alive": true, "guided_delivered": 0}
{"progress": "real-map-LeaderReserves-m10224-f20224-p1-direct_guide-sitebait1-fbf64ae9", "time": 130.0, "bait_deployed": 0.1, "policy_bait_ready": false, "encounter": 0.1, "oracle_handoff": null, "children": 8, "active_guide_id": 1, "guide_alive": true, "active_guide_alive": true, "guided_delivered": 0}
{"progress": "real-map-LeaderReserves-m10224-f20224-p1-direct_guide-sitebait1-fbf64ae9", "time": 140.0, "bait_deployed": 0.1, "policy_bait_ready": false, "encounter": 0.1, "oracle_handoff": null, "children": 8, "active_guide_id": 2, "guide_alive": false, "active_guide_alive": true, "guided_delivered": 0}
{"progress": "real-map-LeaderReserves-m10224-f20224-p1-direct_guide-sitebait1-fbf64ae9", "time": 150.0, "bait_deployed": 0.1, "policy_bait_ready": false, "encounter": 0.1, "oracle_handoff": null, "children": 8, "active_guide_id": 2, "guide_alive": false, "active_guide_alive": true, "guided_delivered": 0}
{"progress": "real-map-LeaderReserves-m10224-f20224-p1-direct_guide-sitebait1-fbf64ae9", "time": 160.0, "bait_deployed": 0.1, "policy_bait_ready": false, "encounter": 0.1, "oracle_handoff": null, "children": 8, "active_guide_id": 2, "guide_alive": false, "active_guide_alive": true, "guided_delivered": 0}
{"progress": "real-map-LeaderReserves-m10224-f20224-p1-direct_guide-sitebait1-fbf64ae9", "time": 170.0, "bait_deployed": 0.1, "policy_bait_ready": false, "encounter": 0.1, "oracle_handoff": null, "children": 8, "active_guide_id": 2, "guide_alive": false, "active_guide_alive": true, "guided_delivered": 0}
{"progress": "real-map-LeaderReserves-m10224-f20224-p1-direct_guide-sitebait1-fbf64ae9", "time": 180.0, "bait_deployed": 0.1, "policy_bait_ready": false, "encounter": 0.1, "oracle_handoff": null, "children": 8, "active_guide_id": 2, "guide_alive": false, "active_guide_alive": true, "guided_delivered": 0}
{"progress": "real-map-LeaderReserves-m10224-f20224-p1-direct_guide-sitebait1-fbf64ae9", "time": 190.0, "bait_deployed": 0.1, "policy_bait_ready": false, "encounter": 0.1, "oracle_handoff": null, "children": 8, "active_guide_id": 2, "guide_alive": false, "active_guide_alive": true, "guided_delivered": 0}
{"progress": "real-map-LeaderReserves-m10224-f20224-p1-direct_guide-sitebait1-fbf64ae9", "time": 200.0, "bait_deployed": 0.1, "policy_bait_ready": false, "encounter": 0.1, "oracle_handoff": null, "children": 8, "active_guide_id": 2, "guide_alive": false, "active_guide_alive": true, "guided_delivered": 0}
{"progress": "real-map-LeaderReserves-m10224-f20224-p1-direct_guide-sitebait1-fbf64ae9", "time": 210.0, "bait_deployed": 0.1, "policy_bait_ready": false, "encounter": 0.1, "oracle_handoff": null, "children": 8, "active_guide_id": 2, "guide_alive": false, "active_guide_alive": true, "guided_delivered": 0}
{"progress": "real-map-LeaderReserves-m10224-f20224-p1-direct_guide-sitebait1-fbf64ae9", "time": 220.0, "bait_deployed": 0.1, "policy_bait_ready": false, "encounter": 0.1, "oracle_handoff": null, "children": 8, "active_guide_id": 2, "guide_alive": false, "active_guide_alive": true, "guided_delivered": 0}
{"progress": "real-map-LeaderReserves-m10224-f20224-p1-direct_guide-sitebait1-fbf64ae9", "time": 230.0, "bait_deployed": 0.1, "policy_bait_ready": false, "encounter": 0.1, "oracle_handoff": null, "children": 8, "active_guide_id": 2, "guide_alive": false, "active_guide_alive": true, "guided_delivered": 0}
{"progress": "real-map-LeaderReserves-m10224-f20224-p1-direct_guide-sitebait1-fbf64ae9", "time": 240.0, "bait_deployed": 0.1, "policy_bait_ready": false, "encounter": 0.1, "oracle_handoff": null, "children": 8, "active_guide_id": 8, "guide_alive": false, "active_guide_alive": true, "guided_delivered": 0}
{"progress": "real-map-LeaderReserves-m10224-f20224-p1-direct_guide-sitebait1-fbf64ae9", "time": 250.0, "bait_deployed": 0.1, "policy_bait_ready": false, "encounter": 0.1, "oracle_handoff": null, "children": 8, "active_guide_id": 8, "guide_alive": false, "active_guide_alive": true, "guided_delivered": 0}
{"progress": "real-map-LeaderReserves-m10224-f20224-p1-direct_guide-sitebait1-fbf64ae9", "time": 260.0, "bait_deployed": 0.1, "policy_bait_ready": false, "encounter": 0.1, "oracle_handoff": null, "children": 8, "active_guide_id": 8, "guide_alive": false, "active_guide_alive": true, "guided_delivered": 0}
{"progress": "real-map-LeaderReserves-m10224-f20224-p1-direct_guide-sitebait1-fbf64ae9", "time": 270.0, "bait_deployed": 0.1, "policy_bait_ready": false, "encounter": 0.1, "oracle_handoff": null, "children": 8, "active_guide_id": 8, "guide_alive": false, "active_guide_alive": true, "guided_delivered": 0}
{"progress": "real-map-LeaderReserves-m10224-f20224-p1-direct_guide-sitebait1-fbf64ae9", "time": 280.0, "bait_deployed": 0.1, "policy_bait_ready": false, "encounter": 0.1, "oracle_handoff": null, "children": 8, "active_guide_id": 8, "guide_alive": false, "active_guide_alive": true, "guided_delivered": 0}
{"progress": "real-map-LeaderReserves-m10224-f20224-p1-direct_guide-sitebait1-fbf64ae9", "time": 290.0, "bait_deployed": 0.1, "policy_bait_ready": false, "encounter": 0.1, "oracle_handoff": null, "children": 8, "active_guide_id": 8, "guide_alive": false, "active_guide_alive": true, "guided_delivered": 0}
{"progress": "real-map-LeaderReserves-m10224-f20224-p1-direct_guide-sitebait1-fbf64ae9", "time": 300.0, "bait_deployed": 0.1, "policy_bait_ready": false, "encounter": 0.1, "oracle_handoff": null, "children": 8, "active_guide_id": 8, "guide_alive": false, "active_guide_alive": true, "guided_delivered": 0}
{"viewer_manifest_refresh": {"status": "deferred", "reason": "bounded-memory runs defer full-replay viewer processing"}}
{
  "schema": "real-map-intake-result-v2",
  "policy": "multi_site.leader_reserves:LeaderReserves",
  "policy_hash": "9f6fddda34011cef982ec219944e1179c4f6f1e1772dc66616a8c11739d2f32f",
  "harness_hashes": {
    "research/simple_chase/run_streaming_v2.py": "837e02b05d1ba3af71df0949cb30beb18a8b2844f090f8b383c692192c52719a",
    "research/simple_chase/sampling.py": "1efb7d309c4cc79bc87916c1bea72a7845e78d0c2cdf0aeaf9e2a758ceed48ab",
    "research/simple_chase/static_map.py": "197b16cbe9dd2e3dd06b81fe9481986a97bd92d9c2a55f33597cc9b7280faf3c",
    "debugger/streaming_recorder_v2.py": "d5ecda6bb39ec74a9ad86fb20458df5de7f466d73052558af9e2877be3d99b19"
  },
  "mode": "direct_guide",
  "map_seed": 10224,
  "fixture_seed": 20224,
  "static_map_hash": "0c5900404748b8114e1d237f68a442fd827ade972ffaafd668a95ce109436837",
  "site": {
    "mouth": [
      497.3656,
      967.1247
    ],
    "inward": [
      1.0,
      0.0
    ],
    "cross": [
      -0.0,
      1.0
    ],
    "goal": [
      502.3656,
      967.1247
    ],
    "far": [
      372.3656,
      967.1247
    ],
    "hold": [
      422.3656,
      967.1247
    ],
    "gap": 11.7133,
    "overlap": 22.0593,
    "runup": [
      247.3656,
      967.1247
    ],
    "approach_lane_offset": 0.0,
    "offset_approach": false,
    "obstacle_indices": [
      72,
      45
    ],
    "axis": 1,
    "other_mouth": [
      519.4249,
      967.1247
    ],
    "replacement_entry": [
      539.4249,
      967.1247
    ],
    "second_access_clear": true,
    "second_access_radius": 5.01,
    "bait_depth": 5.0,
    "boundary_indices": [],
    "geometric_replacement_access_only": true
  },
  "station_bait": true,
  "requested_seconds": 300.0,
  "seconds": 300.0,
  "reason": "horizon",
  "native_render": true,
  "reproduction_of": null,
  "record_every_ticks": 1,
  "replay_frames": 3001,
  "initial_predators": 1,
  "final_predators_total": 3,
  "tracked_predators_present_final": 1,
  "ambient_predators_spawned": 2,
  "ambient_predators_present_final": 2,
  "agent_energy_refilled": true,
  "predator_state_native": false,
  "predator_dynamics_native_after_setup": true,
  "arranged_adjacent_awake_start": true,
  "bait_id": 0,
  "guide_id": 1,
  "bait_alive": true,
  "guide_alive": false,
  "deaths": [
    {
      "time": 27.3,
      "agent_id": 4,
      "role": "native_child"
    },
    {
      "time": 59.8,
      "agent_id": 3,
      "role": "native_child"
    },
    {
      "time": 138.5,
      "agent_id": 1,
      "role": "parent_guide"
    }
  ],
  "spawn_requests": [
    {
      "time": 0.1,
      "parent_id": 1
    },
    {
      "time": 0.2,
      "parent_id": 1
    },
    {
      "time": 0.3,
      "parent_id": 1
    },
    {
      "time": 0.4,
      "parent_id": 4
    },
    {
      "time": 0.5,
      "parent_id": 4
    },
    {
      "time": 0.6,
      "parent_id": 2
    },
    {
      "time": 0.7,
      "parent_id": 2
    },
    {
      "time": 0.8,
      "parent_id": 3
    }
  ],
  "child_births": [
    {
      "time": 0.1,
      "child_id": 2,
      "x": 820.2714,
      "y": 1126.7648,
      "requesting_parent_ids": [
        1
      ],
      "native_parent_proximity_spawn": true
    },
    {
      "time": 0.2,
      "child_id": 3,
      "x": 794.0886,
      "y": 1122.2127,
      "requesting_parent_ids": [
        1
      ],
      "native_parent_proximity_spawn": true
    },
    {
      "time": 0.3,
      "child_id": 4,
      "x": 795.96,
      "y": 1074.0421,
      "requesting_parent_ids": [
        1
      ],
      "native_parent_proximity_spawn": true
    },
    {
      "time": 0.4,
      "child_id": 5,
      "x": 795.4807,
      "y": 1058.0493,
      "requesting_parent_ids": [
        4
      ],
      "native_parent_proximity_spawn": true
    },
    {
      "time": 0.5,
      "child_id": 6,
      "x": 820.011,
      "y": 1054.8938,
      "requesting_parent_ids": [
        4
      ],
      "native_parent_proximity_spawn": true
    },
    {
      "time": 0.6,
      "child_id": 7,
      "x": 741.1687,
      "y": 1140.6937,
      "requesting_parent_ids": [
        2
      ],
      "native_parent_proximity_spawn": true
    },
    {
      "time": 0.7,
      "child_id": 8,
      "x": 778.7861,
      "y": 1148.5405,
      "requesting_parent_ids": [
        2
      ],
      "native_parent_proximity_spawn": true
    },
    {
      "time": 0.8,
      "child_id": 9,
      "x": 736.1075,
      "y": 1106.0018,
      "requesting_parent_ids": [
        3
      ],
      "native_parent_proximity_spawn": true
    }
  ],
  "fruit_consumptions": [
    {
      "time": 3.3,
      "agent_id": 8,
      "x": 912.5882,
      "y": 1022.6602
    },
    {
      "time": 5.1,
      "agent_id": 6,
      "x": 768.527,
      "y": 1012.3783
    },
    {
      "time": 12.5,
      "agent_id": 4,
      "x": 685.0266,
      "y": 717.2288
    },
    {
      "time": 12.9,
      "agent_id": 4,
      "x": 660.3105,
      "y": 690.4281
    },
    {
      "time": 17.7,
      "agent_id": 4,
      "x": 682.6931,
      "y": 613.0896
    },
    {
      "time": 22.4,
      "agent_id": 4,
      "x": 838.5227,
      "y": 395.4389
    },
    {
      "time": 102.9,
      "agent_id": 1,
      "x": 262.8735,
      "y": 393.3112
    },
    {
      "time": 103.1,
      "agent_id": 1,
      "x": 260.8221,
      "y": 374.8942
    },
    {
      "time": 103.4,
      "agent_id": 1,
      "x": 280.3863,
      "y": 337.5052
    },
    {
      "time": 103.4,
      "agent_id": 1,
      "x": 277.1563,
      "y": 332.1451
    },
    {
      "time": 103.5,
      "agent_id": 1,
      "x": 278.8914,
      "y": 324.3388
    },
    {
      "time": 103.6,
      "agent_id": 1,
      "x": 283.1429,
      "y": 305.2709
    },
    {
      "time": 104.4,
      "agent_id": 1,
      "x": 223.1191,
      "y": 294.7504
    },
    {
      "time": 104.4,
      "agent_id": 1,
      "x": 223.1373,
      "y": 297.7532
    },
    {
      "time": 104.6,
      "agent_id": 1,
      "x": 214.3105,
      "y": 327.0508
    },
    {
      "time": 105.2,
      "agent_id": 1,
      "x": 231.1981,
      "y": 403.6907
    },
    {
      "time": 105.2,
      "agent_id": 1,
      "x": 221.2468,
      "y": 398.7391
    },
    {
      "time": 105.4,
      "agent_id": 1,
      "x": 235.374,
      "y": 401.297
    },
    {
      "time": 105.4,
      "agent_id": 1,
      "x": 249.2229,
      "y": 382.4033
    },
    {
      "time": 110.1,
      "agent_id": 1,
      "x": 178.1493,
      "y": 543.9058
    },
    {
      "time": 111.6,
      "agent_id": 1,
      "x": 91.3364,
      "y": 493.0993
    },
    {
      "time": 112.0,
      "agent_id": 1,
      "x": 110.8257,
      "y": 472.9102
    },
    {
      "time": 112.3,
      "agent_id": 1,
      "x": 136.3451,
      "y": 462.4468
    },
    {
      "time": 112.4,
      "agent_id": 1,
      "x": 146.7553,
      "y": 471.9501
    },
    {
      "time": 114.5,
      "agent_id": 1,
      "x": 255.0472,
      "y": 381.0902
    },
    {
      "time": 114.6,
      "agent_id": 1,
      "x": 244.3591,
      "y": 376.013
    },
    {
      "time": 116.0,
      "agent_id": 1,
      "x": 213.1338,
      "y": 365.7254
    },
    {
      "time": 118.0,
      "agent_id": 1,
      "x": 85.7236,
      "y": 419.2825
    },
    {
      "time": 118.5,
      "agent_id": 1,
      "x": 122.6446,
      "y": 485.2554
    }
  ],
  "parent_fruit_consumed_before_tracked_encounter": 0,
  "tracked_encounter_times": [
    0.1
  ],
  "conditional_delivery_denominator": true,
  "conditional_delivery_status": "not_applicable",
  "setup_oracle": false,
  "setup_oracle_target": null,
  "setup_oracle_ticks": 0,
  "setup_oracle_routing": null,
  "setup_oracle_route_resets": 0,
  "setup_oracle_policy_reset_before_handoff_act": false,
  "setup_oracle_handoff_time": null,
  "dynamic_action_privilege_ended_at": null,
  "target_switches": [
    {
      "time": 0.1,
      "tracked_predator_slot": 0,
      "target": 1
    },
    {
      "time": 0.2,
      "tracked_predator_slot": 0,
      "target": 2
    },
    {
      "time": 0.4,
      "tracked_predator_slot": 0,
      "target": 3
    },
    {
      "time": 0.8,
      "tracked_predator_slot": 0,
      "target": 8
    },
    {
      "time": 4.7,
      "tracked_predator_slot": 0,
      "target": 6
    },
    {
      "time": 4.8,
      "tracked_predator_slot": 0,
      "target": 8
    },
    {
      "time": 5.0,
      "tracked_predator_slot": 0,
      "target": null
    },
    {
      "time": 5.1,
      "tracked_predator_slot": 0,
      "target": 4
    },
    {
      "time": 5.4,
      "tracked_predator_slot": 0,
      "target": 5
    },
    {
      "time": 5.7,
      "tracked_predator_slot": 0,
      "target": 4
    },
    {
      "time": 6.1,
      "tracked_predator_slot": 0,
      "target": null
    },
    {
      "time": 6.9,
      "tracked_predator_slot": 0,
      "target": 4
    },
    {
      "time": 13.7,
      "tracked_predator_slot": 0,
      "target": "resting"
    },
    {
      "time": 17.2,
      "tracked_predator_slot": 0,
      "target": 4
    },
    {
      "time": 18.0,
      "tracked_predator_slot": 0,
      "target": null
    },
    {
      "time": 18.1,
      "tracked_predator_slot": 0,
      "target": 4
    },
    {
      "time": 18.3,
      "tracked_predator_slot": 0,
      "target": null
    },
    {
      "time": 20.1,
      "tracked_predator_slot": 0,
      "target": 4
    },
    {
      "time": 20.2,
      "tracked_predator_slot": 0,
      "target": null
    },
    {
      "time": 20.7,
      "tracked_predator_slot": 0,
      "target": 4
    },
    {
      "time": 20.8,
      "tracked_predator_slot": 0,
      "target": null
    },
    {
      "time": 20.9,
      "tracked_predator_slot": 0,
      "target": 4
    },
    {
      "time": 23.9,
      "tracked_predator_slot": 0,
      "target": null
    },
    {
      "time": 24.0,
      "tracked_predator_slot": 0,
      "target": 4
    },
    {
      "time": 24.2,
      "tracked_predator_slot": 0,
      "target": null
    },
    {
      "time": 24.4,
      "tracked_predator_slot": 0,
      "target": 4
    },
    {
      "time": 27.3,
      "tracked_predator_slot": 0,
      "target": null
    },
    {
      "time": 55.8,
      "tracked_predator_slot": 0,
      "target": 9
    },
    {
      "time": 55.9,
      "tracked_predator_slot": 0,
      "target": 3
    },
    {
      "time": 56.4,
      "tracked_predator_slot": 0,
      "target": 9
    },
    {
      "time": 56.6,
      "tracked_predator_slot": 0,
      "target": 3
    },
    {
      "time": 59.8,
      "tracked_predator_slot": 0,
      "target": null
    },
    {
      "time": 68.1,
      "tracked_predator_slot": 0,
      "target": 1
    },
    {
      "time": 79.4,
      "tracked_predator_slot": 0,
      "target": "resting"
    },
    {
      "time": 82.9,
      "tracked_predator_slot": 0,
      "target": null
    },
    {
      "time": 83.0,
      "tracked_predator_slot": 0,
      "target": 1
    },
    {
      "time": 85.3,
      "tracked_predator_slot": 0,
      "target": null
    },
    {
      "time": 85.9,
      "tracked_predator_slot": 0,
      "target": 1
    },
    {
      "time": 86.0,
      "tracked_predator_slot": 0,
      "target": null
    },
    {
      "time": 86.1,
      "tracked_predator_slot": 0,
      "target": 1
    },
    {
      "time": 86.7,
      "tracked_predator_slot": 0,
      "target": null
    },
    {
      "time": 86.9,
      "tracked_predator_slot": 0,
      "target": 1
    },
    {
      "time": 92.4,
      "tracked_predator_slot": 0,
      "target": "resting"
    },
    {
      "time": 95.9,
      "tracked_predator_slot": 0,
      "target": 1
    },
    {
      "time": 101.5,
      "tracked_predator_slot": 0,
      "target": null
    },
    {
      "time": 101.7,
      "tracked_predator_slot": 0,
      "target": 1
    },
    {
      "time": 101.9,
      "tracked_predator_slot": 0,
      "target": null
    },
    {
      "time": 102.0,
      "tracked_predator_slot": 0,
      "target": 1
    },
    {
      "time": 102.2,
      "tracked_predator_slot": 0,
      "target": null
    },
    {
      "time": 102.3,
      "tracked_predator_slot": 0,
      "target": 1
    },
    {
      "time": 104.9,
      "tracked_predator_slot": 0,
      "target": "resting"
    },
    {
      "time": 108.4,
      "tracked_predator_slot": 0,
      "target": null
    },
    {
      "time": 108.6,
      "tracked_predator_slot": 0,
      "target": 1
    },
    {
      "time": 110.4,
      "tracked_predator_slot": 0,
      "target": null
    },
    {
      "time": 111.6,
      "tracked_predator_slot": 0,
      "target": 1
    },
    {
      "time": 111.8,
      "tracked_predator_slot": 0,
      "target": null
    },
    {
      "time": 111.9,
      "tracked_predator_slot": 0,
      "target": 1
    },
    {
      "time": 115.1,
      "tracked_predator_slot": 0,
      "target": null
    },
    {
      "time": 116.3,
      "tracked_predator_slot": 0,
      "target": 1
    },
    {
      "time": 116.5,
      "tracked_predator_slot": 0,
      "target": null
    },
    {
      "time": 116.6,
      "tracked_predator_slot": 0,
      "target": 1
    },
    {
      "time": 116.8,
      "tracked_predator_slot": 0,
      "target": null
    },
    {
      "time": 118.2,
      "tracked_predator_slot": 0,
      "target": 1
    },
    {
      "time": 118.7,
      "tracked_predator_slot": 0,
      "target": "resting"
    },
    {
      "time": 122.2,
      "tracked_predator_slot": 0,
      "target": null
    },
    {
      "time": 122.3,
      "tracked_predator_slot": 0,
      "target": 1
    },
    {
      "time": 123.4,
      "tracked_predator_slot": 0,
      "target": null
    },
    {
      "time": 125.7,
      "tracked_predator_slot": 0,
      "target": 1
    },
    {
      "time": 126.0,
      "tracked_predator_slot": 0,
      "target": null
    },
    {
      "time": 126.1,
      "tracked_predator_slot": 0,
      "target": 1
    },
    {
      "time": 126.3,
      "tracked_predator_slot": 0,
      "target": null
    },
    {
      "time": 128.8,
      "tracked_predator_slot": 0,
      "target": 1
    },
    {
      "time": 134.2,
      "tracked_predator_slot": 0,
      "target": "resting"
    },
    {
      "time": 137.7,
      "tracked_predator_slot": 0,
      "target": 1
    },
    {
      "time": 138.5,
      "tracked_predator_slot": 0,
      "target": 0
    },
    {
      "time": 151.4,
      "tracked_predator_slot": 0,
      "target": "resting"
    },
    {
      "time": 154.9,
      "tracked_predator_slot": 0,
      "target": 0
    },
    {
      "time": 163.9,
      "tracked_predator_slot": 0,
      "target": "resting"
    },
    {
      "time": 167.4,
      "tracked_predator_slot": 0,
      "target": 0
    },
    {
      "time": 176.4,
      "tracked_predator_slot": 0,
      "target": "resting"
    },
    {
      "time": 179.9,
      "tracked_predator_slot": 0,
      "target": 0
    },
    {
      "time": 189.2,
      "tracked_predator_slot": 0,
      "target": "resting"
    },
    {
      "time": 192.7,
      "tracked_predator_slot": 0,
      "target": 0
    },
    {
      "time": 201.7,
      "tracked_predator_slot": 0,
      "target": "resting"
    },
    {
      "time": 205.2,
      "tracked_predator_slot": 0,
      "target": 0
    },
    {
      "time": 214.2,
      "tracked_predator_slot": 0,
      "target": "resting"
    },
    {
      "time": 217.7,
      "tracked_predator_slot": 0,
      "target": 0
    },
    {
      "time": 227.0,
      "tracked_predator_slot": 0,
      "target": "resting"
    },
    {
      "time": 230.5,
      "tracked_predator_slot": 0,
      "target": 0
    },
    {
      "time": 239.8,
      "tracked_predator_slot": 0,
      "target": "resting"
    },
    {
      "time": 243.3,
      "tracked_predator_slot": 0,
      "target": 0
    },
    {
      "time": 252.6,
      "tracked_predator_slot": 0,
      "target": "resting"
    },
    {
      "time": 256.1,
      "tracked_predator_slot": 0,
      "target": 0
    },
    {
      "time": 265.4,
      "tracked_predator_slot": 0,
      "target": "resting"
    },
    {
      "time": 268.9,
      "tracked_predator_slot": 0,
      "target": 0
    },
    {
      "time": 278.2,
      "tracked_predator_slot": 0,
      "target": "resting"
    },
    {
      "time": 281.7,
      "tracked_predator_slot": 0,
      "target": 0
    },
    {
      "time": 291.0,
      "tracked_predator_slot": 0,
      "target": "resting"
    },
    {
      "time": 294.5,
      "tracked_predator_slot": 0,
      "target": 0
    }
  ],
  "guide_role_trace": [
    {
      "time": 0,
      "active_guide_id": 1
    },
    {
      "time": 0.5,
      "active_guide_id": 3
    },
    {
      "time": 0.8,
      "active_guide_id": 8
    },
    {
      "time": 5.4,
      "active_guide_id": 4
    },
    {
      "time": 27.3,
      "active_guide_id": 1
    },
    {
      "time": 56.2,
      "active_guide_id": 3
    },
    {
      "time": 56.8,
      "active_guide_id": 9
    },
    {
      "time": 56.9,
      "active_guide_id": 3
    },
    {
      "time": 59.8,
      "active_guide_id": 1
    },
    {
      "time": 138.5,
      "active_guide_id": 2
    },
    {
      "time": 235.0,
      "active_guide_id": 8
    }
  ],
  "guide_follow_trace": [
    {
      "time": 0.1,
      "active_guide_id": 1,
      "tracked_predator_slot": 0
    },
    {
      "time": 0.6,
      "active_guide_id": 3,
      "tracked_predator_slot": 0
    },
    {
      "time": 0.9,
      "active_guide_id": 8,
      "tracked_predator_slot": 0
    },
    {
      "time": 5.7,
      "active_guide_id": 4,
      "tracked_predator_slot": 0
    },
    {
      "time": 57.0,
      "active_guide_id": 3,
      "tracked_predator_slot": 0
    },
    {
      "time": 68.4,
      "active_guide_id": 1,
      "tracked_predator_slot": 0
    }
  ],
  "guide_role": "child",
  "parent_role": "gather_evade",
  "child_role": "guide",
  "active_guide_id_final": 8,
  "active_guide_alive_final": true,
  "guide_role_ids": [
    1,
    2,
    3,
    4,
    5,
    6,
    7,
    8,
    9
  ],
  "bait_deployed_at": 0.1,
  "policy_bait_ready_final": false,
  "bait_left_after_deployment": null,
  "final_bait_distance_to_goal": 0.0,
  "first_guide_predator_observation": 0.1,
  "first_predator_following_guide": 0.1,
  "first_predator_following_active_guide": null,
  "tracked_seen_by_guide": 1,
  "tracked_followed_active_guide": 0,
  "physical_entered": 1,
  "guided_delivered": 0,
  "physical_losses_after_delivery": 0,
  "target_losses_after_delivery": 0,
  "physical_entry_times": [
    138.6
  ],
  "guided_delivery_times": [
    null
  ],
  "loss_times": [
    null
  ],
  "target_loss_times": [
    null
  ],
  "tail_seconds": 30.0,
  "tail_physical_min": 1,
  "tail_contained_min": 1,
  "final_distance_from_mouth": [
    14.3175
  ],
  "max_distance_after_delivery": [
    0.0
  ],
  "policy_events": [
    {
      "time": 0.1,
      "kind": "bounded_leader_reserve_birth",
      "parent_id": 1,
      "request_number": 1,
      "observed_distance": 55.0
    },
    {
      "time": 0.2,
      "kind": "native_leader_reserve_registered",
      "agent_id": 2
    },
    {
      "time": 0.2,
      "kind": "bounded_leader_reserve_birth",
      "parent_id": 1,
      "request_number": 2,
      "observed_distance": 57.9777
    },
    {
      "time": 0.3,
      "kind": "native_leader_reserve_registered",
      "agent_id": 3
    },
    {
      "time": 0.3,
      "kind": "bounded_leader_reserve_birth",
      "parent_id": 1,
      "request_number": 3,
      "observed_distance": 61.401
    },
    {
      "time": 0.4,
      "kind": "native_leader_reserve_registered",
      "agent_id": 4
    },
    {
      "time": 0.4,
      "kind": "bounded_leader_reserve_birth",
      "parent_id": 4,
      "request_number": 4,
      "observed_distance": 69.6557
    },
    {
      "time": 0.5,
      "kind": "native_leader_reserve_registered",
      "agent_id": 5
    },
    {
      "time": 0.5,
      "kind": "dto_closest_informed_leader_elected",
      "agent_id": 3,
      "previous_agent_id": 1
    },
    {
      "time": 0.5,
      "kind": "bounded_leader_reserve_birth",
      "parent_id": 4,
      "request_number": 5,
      "observed_distance": 74.9153
    },
    {
      "time": 0.6,
      "kind": "native_leader_reserve_registered",
      "agent_id": 6
    },
    {
      "time": 0.6,
      "kind": "bounded_leader_reserve_birth",
      "parent_id": 2,
      "request_number": 6,
      "observed_distance": 62.214
    },
    {
      "time": 0.7,
      "kind": "native_leader_reserve_registered",
      "agent_id": 7
    },
    {
      "time": 0.7,
      "kind": "bounded_leader_reserve_birth",
      "parent_id": 2,
      "request_number": 7,
      "observed_distance": 57.0055
    },
    {
      "time": 0.8,
      "kind": "native_leader_reserve_registered",
      "agent_id": 8
    },
    {
      "time": 0.8,
      "kind": "dto_closest_informed_leader_elected",
      "agent_id": 8,
      "previous_agent_id": 3
    },
    {
      "time": 0.8,
      "kind": "bounded_leader_reserve_birth",
      "parent_id": 3,
      "request_number": 8,
      "observed_distance": 54.5141
    },
    {
      "time": 0.9,
      "kind": "native_leader_reserve_registered",
      "agent_id": 9
    },
    {
      "time": 5.4,
      "kind": "dto_closest_informed_leader_elected",
      "agent_id": 4,
      "previous_agent_id": 8
    },
    {
      "time": 27.3,
      "kind": "dto_closest_informed_leader_elected",
      "agent_id": 1,
      "previous_agent_id": 4
    },
    {
      "time": 56.2,
      "kind": "dto_closest_informed_leader_elected",
      "agent_id": 3,
      "previous_agent_id": 1
    },
    {
      "time": 56.8,
      "kind": "dto_closest_informed_leader_elected",
      "agent_id": 9,
      "previous_agent_id": 3
    },
    {
      "time": 56.9,
      "kind": "dto_closest_informed_leader_elected",
      "agent_id": 3,
      "previous_agent_id": 9
    },
    {
      "time": 59.8,
      "kind": "dto_closest_informed_leader_elected",
      "agent_id": 1,
      "previous_agent_id": 3
    },
    {
      "time": 138.5,
      "kind": "dto_closest_informed_leader_elected",
      "agent_id": 2,
      "previous_agent_id": 1
    },
    {
      "time": 235.0,
      "kind": "dto_closest_informed_leader_elected",
      "agent_id": 8,
      "previous_agent_id": 2
    }
  ],
  "success": false,
  "replay": "results/simple_chase/replays/real-map-LeaderReserves-m10224-f20224-p1-direct_guide-sitebait1-fbf64ae9.json.gz"
}
/home/Ucals/projects/NordicCupAI-wall-funneling/survival-simulator/oscar-trap-research/survival/results/simple_chase/real-map-LeaderReserves-m10224-f20224-p1-direct_guide-sitebait1-fbf64ae9.json
