heldout
{'energy': 150, 'policy': 'none', 'n': 6, 'retention': 0.0, 'worker_seconds': 174.3, 'worker_captures': 4, 'bait_captures': 0, 'bait_food': 0.0, 'worker_food': 377.1, 'movement_turn_bait': 0.0, 'longest_gap': 103.0, 'births': 0, 'prepared_newborns': 0, 'actual_switches': 0}
{'energy': 150, 'policy': 'orbit_single', 'n': 6, 'retention': 0.671, 'worker_seconds': 157.1, 'worker_captures': 3, 'bait_captures': 0, 'bait_food': 37.4, 'worker_food': 321.9, 'movement_turn_bait': 76.2, 'longest_gap': 68.6, 'births': 0, 'prepared_newborns': 0, 'actual_switches': 0}
{'energy': 150, 'policy': 'orbit', 'n': 6, 'retention': 0.777, 'worker_seconds': 159.3, 'worker_captures': 3, 'bait_captures': 1, 'bait_food': 483.0, 'worker_food': 323.2, 'movement_turn_bait': 448.0, 'longest_gap': 22.5, 'births': 2, 'prepared_newborns': 0, 'actual_switches': 8}
{'energy': 500, 'policy': 'none', 'n': 6, 'retention': 0.0, 'worker_seconds': 174.3, 'worker_captures': 4, 'bait_captures': 0, 'bait_food': 0.0, 'worker_food': 377.1, 'movement_turn_bait': 0.0, 'longest_gap': 103.0, 'births': 0, 'prepared_newborns': 0, 'actual_switches': 0}
{'energy': 500, 'policy': 'orbit_single', 'n': 6, 'retention': 0.974, 'worker_seconds': 161.683, 'worker_captures': 2, 'bait_captures': 0, 'bait_food': 40.2, 'worker_food': 321.9, 'movement_turn_bait': 111.8, 'longest_gap': 6.5, 'births': 0, 'prepared_newborns': 0, 'actual_switches': 0}
{'energy': 500, 'policy': 'orbit', 'n': 6, 'retention': 0.997, 'worker_seconds': 142.417, 'worker_captures': 0, 'bait_captures': 0, 'bait_food': 590.1, 'worker_food': 407.1, 'movement_turn_bait': 573.4, 'longest_gap': 0.4, 'births': 6, 'prepared_newborns': 4, 'actual_switches': 4}
workers
{'energy': 150, 'policy': 'none', 'n': 3, 'retention': 0.0, 'worker_seconds': 306.667, 'worker_captures': 5, 'bait_captures': 0, 'bait_food': 0.0, 'worker_food': 1080.3, 'movement_turn_bait': 0.0, 'longest_gap': 103.0, 'births': 0, 'prepared_newborns': 0, 'actual_switches': 0}
{'energy': 150, 'policy': 'orbit_single', 'n': 3, 'retention': 0.509, 'worker_seconds': 258.233, 'worker_captures': 3, 'bait_captures': 0, 'bait_food': 19.6, 'worker_food': 859.7, 'movement_turn_bait': 93.0, 'longest_gap': 92.3, 'births': 0, 'prepared_newborns': 0, 'actual_switches': 0}
{'energy': 150, 'policy': 'orbit', 'n': 3, 'retention': 0.851, 'worker_seconds': 194.4, 'worker_captures': 0, 'bait_captures': 0, 'bait_food': 844.7, 'worker_food': 156.5, 'movement_turn_bait': 688.3, 'longest_gap': 14.3, 'births': 2, 'prepared_newborns': 0, 'actual_switches': 9}
multiple
{'energy': 150, 'policy': 'none', 'n': 3, 'retention': 0.0, 'worker_seconds': 100.1, 'worker_captures': 5, 'bait_captures': 0, 'bait_food': 0.0, 'worker_food': 515.3, 'movement_turn_bait': 0.0, 'longest_gap': 103.0, 'births': 0, 'prepared_newborns': 0, 'actual_switches': 0}
{'energy': 150, 'policy': 'orbit_single', 'n': 3, 'retention': 0.697, 'worker_seconds': 152.567, 'worker_captures': 0, 'bait_captures': 0, 'bait_food': 15.0, 'worker_food': 473.3, 'movement_turn_bait': 132.4, 'longest_gap': 29.5, 'births': 0, 'prepared_newborns': 0, 'actual_switches': 0}
{'energy': 150, 'policy': 'orbit', 'n': 3, 'retention': 0.855, 'worker_seconds': 151.1, 'worker_captures': 1, 'bait_captures': 1, 'bait_food': 1371.5, 'worker_food': 289.2, 'movement_turn_bait': 1138.1, 'longest_gap': 21.9, 'births': 2, 'prepared_newborns': 1, 'actual_switches': 16}
{'energy': 500, 'policy': 'none', 'n': 3, 'retention': 0.0, 'worker_seconds': 100.1, 'worker_captures': 5, 'bait_captures': 0, 'bait_food': 0.0, 'worker_food': 515.3, 'movement_turn_bait': 0.0, 'longest_gap': 103.0, 'births': 0, 'prepared_newborns': 0, 'actual_switches': 0}
{'energy': 500, 'policy': 'orbit_single', 'n': 3, 'retention': 0.975, 'worker_seconds': 152.633, 'worker_captures': 0, 'bait_captures': 0, 'bait_food': 15.0, 'worker_food': 473.3, 'movement_turn_bait': 199.7, 'longest_gap': 2.9, 'births': 0, 'prepared_newborns': 0, 'actual_switches': 0}
{'energy': 500, 'policy': 'orbit', 'n': 3, 'retention': 0.969, 'worker_seconds': 166.033, 'worker_captures': 1, 'bait_captures': 5, 'bait_food': 1609.0, 'worker_food': 486.5, 'movement_turn_bait': 1597.6, 'longest_gap': 8.8, 'births': 7, 'prepared_newborns': 6, 'actual_switches': 21}
renewal-screen
{'energy': 150, 'policy': 'orbit', 'n': 2, 'retention': 0.685, 'worker_seconds': 0.0, 'worker_captures': 0, 'bait_captures': 0, 'bait_food': 3377.6, 'worker_food': 0.0, 'movement_turn_bait': 1327.9, 'longest_gap': 63.5, 'births': 1, 'prepared_newborns': 1, 'actual_switches': 13}
{'energy': 500, 'policy': 'orbit', 'n': 2, 'retention': 0.864, 'worker_seconds': 0.0, 'worker_captures': 0, 'bait_captures': 0, 'bait_food': 3006.5, 'worker_food': 0.0, 'movement_turn_bait': 1416.8, 'longest_gap': 36.3, 'births': 3, 'prepared_newborns': 3, 'actual_switches': 15}
replays
{'energy': 150, 'policy': 'orbit', 'n': 2, 'retention': 0.818, 'worker_seconds': 154.15, 'worker_captures': 0, 'bait_captures': 0, 'bait_food': 506.0, 'worker_food': 397.5, 'movement_turn_bait': 488.2, 'longest_gap': 18.3, 'births': 1, 'prepared_newborns': 0, 'actual_switches': 2}
{'energy': 500, 'policy': 'orbit', 'n': 2, 'retention': 0.993, 'worker_seconds': 128.55, 'worker_captures': 1, 'bait_captures': 0, 'bait_food': 1418.6, 'worker_food': 707.3, 'movement_turn_bait': 1177.3, 'longest_gap': 1.3, 'births': 3, 'prepared_newborns': 3, 'actual_switches': 8}
