{
  "turning_circle_radius": 50.18799335788677,
  "geometry_gap_min": 50.18799335788666,
  "geometry_gap_max": 50.187993357887116,
  "geometry_ticks": 25,
  "observation_contract_ticks": 50,
  "replays": [
    {
      "file": "ordinary150-food-exhaustion.json.gz",
      "frames": 610,
      "duration": 120.0
    },
    {
      "file": "ordinary150-handoff-starvation.json.gz",
      "frames": 612,
      "duration": 120.0
    },
    {
      "file": "prepared500-newborn-handoff.json.gz",
      "frames": 611,
      "duration": 120.0
    },
    {
      "file": "relay-150-trees.json.gz",
      "frames": 610,
      "duration": 120.0
    },
    {
      "file": "relay-500-trees.json.gz",
      "frames": 613,
      "duration": 120.0
    },
    {
      "file": "two-predator-pairs.json.gz",
      "frames": 622,
      "duration": 120.0
    }
  ]
}
